
[1m[46m RUN [49m[22m [36mv4.0.15 [39m[90mC:/Users/mooya/develop/test[39m

[90mstdout[2m | src/tests/AIUnification.test.js[2m > [22m[2mAI Unification & Tooltip Format[2m > [22m[2mshould show Moving action for both Human and Goblin when isMoving is true
[22m[39m[Entity 0] Calling registerEntity...
[Entity 0] registerEntity returned.
[Entity 0] Calling updatePosition...
[Entity 0] updatePosition returned.
[ActorCore] Actor Created. Type: unit Pos: 10,10
[UnitCore.js] Unit Created ID:0 Role:worker Pos:10,10 Special:false
[Unit 0] State Change: None -> UnitWanderState
[UnitCore.js] Unit Created ID:0 Role:worker Pos:10,10
Goblin constructor: calling super...
[Entity 1] Calling registerEntity...
[Entity 1] registerEntity returned.
[Entity 1] Calling updatePosition...
[Entity 1] updatePosition returned.
[ActorCore] Actor Created. Type: goblin Pos: 20,20
Goblin constructor: super returned.
Goblin constructor: checking scene...
Goblin constructor: setting ID...
[Actor 0] CHANGE STATE: None -> GoblinWanderState Request:null

[90mstdout[2m | src/tests/AIUnification.test.js[2m > [22m[2mAI Unification & Tooltip Format[2m > [22m[2mshould show Building action for both Human and Goblin in Build state
[22m[39m[Entity 2] Calling registerEntity...
[Entity 2] registerEntity returned.
[Entity 2] Calling updatePosition...
[Entity 2] updatePosition returned.
[ActorCore] Actor Created. Type: unit Pos: 10,10
[UnitCore.js] Unit Created ID:0 Role:worker Pos:10,10 Special:false
[Unit 0] State Change: None -> UnitWanderState
[UnitCore.js] Unit Created ID:0 Role:worker Pos:10,10
Goblin constructor: calling super...
[Entity 3] Calling registerEntity...
[Entity 3] registerEntity returned.
[Entity 3] Calling updatePosition...
[Entity 3] updatePosition returned.
[ActorCore] Actor Created. Type: goblin Pos: 20,20
Goblin constructor: super returned.
Goblin constructor: checking scene...
Goblin constructor: setting ID...
[Actor 0] CHANGE STATE: None -> GoblinWanderState Request:null

[90mstdout[2m | src/tests/AIUnification.test.js[2m > [22m[2mAI Unification & Tooltip Format[2m > [22m[2mshould have consistent tooltip data structure (id, name, action, hp, level)
[22m[39m[Entity 4] Calling registerEntity...
[Entity 4] registerEntity returned.
[Entity 4] Calling updatePosition...
[Entity 4] updatePosition returned.
[ActorCore] Actor Created. Type: unit Pos: 10,10
[UnitCore.js] Unit Created ID:0 Role:worker Pos:10,10 Special:false
[Unit 0] State Change: None -> UnitWanderState
[UnitCore.js] Unit Created ID:0 Role:worker Pos:10,10

 [32m笨・[39m src/tests/AIUnification.test.js[2m > [22mAI Unification & Tooltip Format[2m > [22mshould show Moving action for both Human and Goblin when isMoving is true[32m 16[2mms[22m[39m
 [31mﾃ・[39m src/tests/AIUnification.test.js[2m > [22mAI Unification & Tooltip Format[2m > [22mshould show Building action for both Human and Goblin in Build state[32m 8[2mms[22m[39m
[31m   竊・__vi_import_3__.Wander is not a constructor[39m
 [32m笨・[39m src/tests/AIUnification.test.js[2m > [22mAI Unification & Tooltip Format[2m > [22mshould have consistent tooltip data structure (id, name, action, hp, level)[32m 3[2mms[22m[39m
[90mstdout[2m | src/tests/MarkerEndToEnd.test.js[2m > [22m[2mMarker End-to-End: Persistence and Wrap Support[2m > [22m[2mshould calculate shortest distance across map boundaries (Wrap Support)
[22m[39m[Entity 0] Calling registerEntity...
[Entity 0] registerEntity returned.
[Entity 0] Calling updatePosition...
[Entity 0] updatePosition returned.
[ActorCore] Actor Created. Type: unit Pos: 5,5
[UnitCore.js] Unit Created ID:0 Role:worker Pos:5,5 Special:false
[Unit 0] State Change: None -> UnitWanderState
[UnitCore.js] Unit Created ID:0 Role:worker Pos:5,5

[90mstdout[2m | src/tests/MarkerEndToEnd.test.js[2m > [22m[2mMarker End-to-End: Persistence and Wrap Support[2m > [22m[2mshould persist through pathfinding delays for manual jobs
[22m[39m[Entity 1] Calling registerEntity...
[Entity 1] registerEntity returned.
[Entity 1] Calling updatePosition...
[Entity 1] updatePosition returned.
[ActorCore] Actor Created. Type: unit Pos: 5,5
[UnitCore.js] Unit Created ID:0 Role:worker Pos:5,5 Special:false
[Unit 0] State Change: None -> UnitWanderState
[UnitCore.js] Unit Created ID:0 Role:worker Pos:5,5

[90mstdout[2m | src/tests/MarkerEndToEnd.test.js[2m > [22m[2mMarker End-to-End: Persistence and Wrap Support[2m > [22m[2mshould persist through pathfinding delays for manual jobs
[22m[39m[Job 1] Entering. Target: 50,50
[Actor 1] smartMove: triggers pathfinding. Dist: 63.6 Time:100.0 Last:-100.0 Throttle:1.10 Action:Approaching Job
[Test] Loop Start
[Test] Iter 0: State=JobState Target=Yes
[Test] Iter 10: State=JobState Target=Yes
[Test] Iter 20: State=JobState Target=Yes
[Test] Loop End
[Test] Unit TargetReq: req_manual

[90mstdout[2m | src/tests/MarkerEndToEnd.test.js[2m > [22m[2mMarker End-to-End: Persistence and Wrap Support[2m > [22m[2mshould handle sequential manual instructions with efficient preemption
[22m[39m[Entity 2] Calling registerEntity...
[Entity 2] registerEntity returned.
[Entity 2] Calling updatePosition...
[Entity 2] updatePosition returned.
[ActorCore] Actor Created. Type: unit Pos: 5,5
[UnitCore.js] Unit Created ID:0 Role:worker Pos:5,5 Special:false
[Unit 0] State Change: None -> UnitWanderState
[UnitCore.js] Unit Created ID:0 Role:worker Pos:5,5

[90mstdout[2m | src/tests/MarkerEndToEnd.test.js[2m > [22m[2mMarker End-to-End: Persistence and Wrap Support[2m > [22m[2mshould handle sequential manual instructions with efficient preemption
[22m[39m[MockGame] Assigning req_0 to Unit 1 (DistSq: 11250)
[MockGame] Claiming req_0 for Unit 1
[Job 1] Entering. Target: 80,80
[Actor 1] smartMove: triggers pathfinding. Dist: 106.1 Time:100.0 Last:-100.0 Throttle:1.10 Action:Approaching Job
[MockGame] No unit found for req_1
[MockGame] No unit found for req_1
[MockGame] Assigning req_2 to Unit 1 (DistSq: 2)
[MockGame] Claiming req_2 for Unit 1
[Job 1] Entering. Target: 6,6
[Actor 1] SmartMove Depth:1 Node:5,5 My:5,5 d:0,0
[Actor 1] Reached Node. Shifting.
[Actor 1] SmartMove Depth:2 Node:80,80 My:5,5 d:75,75
[Entity 1] startMove -> isMoving:true. Target:80,80 StartTime:-100.0000

[90mstdout[2m | src/tests/MarkerEndToEnd.test.js[2m > [22m[2mMarker End-to-End: Persistence and Wrap Support[2m > [22m[2mshould assign pending jobs to newly spawned workers
[22m[39m[Entity 3] Calling registerEntity...
[Entity 3] registerEntity returned.
[Entity 3] Calling updatePosition...
[Entity 3] updatePosition returned.
[ActorCore] Actor Created. Type: unit Pos: 5,5
[UnitCore.js] Unit Created ID:0 Role:worker Pos:5,5 Special:false
[Unit 0] State Change: None -> UnitWanderState
[UnitCore.js] Unit Created ID:0 Role:worker Pos:5,5

[90mstdout[2m | src/tests/MarkerEndToEnd.test.js[2m > [22m[2mMarker End-to-End: Persistence and Wrap Support[2m > [22m[2mshould assign pending jobs to newly spawned workers
[22m[39m[MockGame] Assigning req_0 to Unit 1 (DistSq: 11250)
[MockGame] Claiming req_0 for Unit 1
[Job 1] Entering. Target: 80,80
[Actor 1] smartMove: triggers pathfinding. Dist: 106.1 Time:100.0 Last:-100.0 Throttle:1.10 Action:Approaching Job
[MockGame] No unit found for req_1
[Entity 4] Calling registerEntity...
[Entity 4] registerEntity returned.
[Entity 4] Calling updatePosition...
[Entity 4] updatePosition returned.
[ActorCore] Actor Created. Type: unit Pos: 50,50
[UnitCore.js] Unit Created ID:1 Role:worker Pos:50,50 Special:false
[UnitCore.js] Unit Created ID:1 Role:worker Pos:50,50
[MockGame] Assigning req_1 to Unit 101 (DistSq: 5000)
[MockGame] Claiming req_1 for Unit 101
[Job 101] Entering. Target: 100,100
[Actor 101] smartMove: triggers pathfinding. Dist: 70.7 Time:0.0 Last:-100.0 Throttle:1.10 Action:Approaching Job
[Actor 1] SmartMove Depth:1 Node:5,5 My:5,5 d:0,0
[Actor 1] Reached Node. Shifting.
[Actor 1] SmartMove Depth:2 Node:80,80 My:5,5 d:75,75
[Entity 1] startMove -> isMoving:true. Target:80,80 StartTime:100.0000
[Actor 101] SmartMove Depth:1 Node:50,50 My:50,50 d:0,0
[Actor 101] Reached Node. Shifting.
[Actor 101] SmartMove Depth:2 Node:100,100 My:50,50 d:50,50
[Entity 101] startMove -> isMoving:true. Target:100,100 StartTime:0.0000

[90mstdout[2m | src/tests/MarkerEndToEnd.test.js[2m > [22m[2mMarker End-to-End: Persistence and Wrap Support[2m > [22m[2mshould handle job cancellation and release worker
[22m[39m[Entity 5] Calling registerEntity...
[Entity 5] registerEntity returned.
[Entity 5] Calling updatePosition...
[Entity 5] updatePosition returned.
[ActorCore] Actor Created. Type: unit Pos: 5,5
[UnitCore.js] Unit Created ID:0 Role:worker Pos:5,5 Special:false
[Unit 0] State Change: None -> UnitWanderState
[UnitCore.js] Unit Created ID:0 Role:worker Pos:5,5

[90mstdout[2m | src/tests/MarkerEndToEnd.test.js[2m > [22m[2mMarker End-to-End: Persistence and Wrap Support[2m > [22m[2mshould handle job cancellation and release worker
[22m[39m[MockGame] Assigning req_0 to Unit 1 (DistSq: 2450)
[MockGame] Claiming req_0 for Unit 1
[Job 1] Entering. Target: 40,40
[Actor 1] smartMove: triggers pathfinding. Dist: 49.5 Time:100.0 Last:-100.0 Throttle:1.10 Action:Approaching Job

[90mstdout[2m | src/tests/MarkerEndToEnd.test.js[2m > [22m[2mMarker End-to-End: Persistence and Wrap Support[2m > [22m[2mshould handle job cancellation and release worker
[22m[39m[Actor 1] SmartMove Depth:1 Node:5,5 My:5,5 d:0,0
[Actor 1] Reached Node. Shifting.
[Actor 1] SmartMove Depth:2 Node:40,40 My:5,5 d:35,35
[Entity 1] startMove -> isMoving:true. Target:40,40 StartTime:100.0000

 [32m笨・[39m src/tests/MarkerEndToEnd.test.js[2m > [22mMarker End-to-End: Persistence and Wrap Support[2m > [22mshould calculate shortest distance across map boundaries (Wrap Support)[32m 8[2mms[22m[39m
 [32m笨・[39m src/tests/MarkerEndToEnd.test.js[2m > [22mMarker End-to-End: Persistence and Wrap Support[2m > [22mshould persist through pathfinding delays for manual jobs[32m 7[2mms[22m[39m
 [32m笨・[39m src/tests/MarkerEndToEnd.test.js[2m > [22mMarker End-to-End: Persistence and Wrap Support[2m > [22mshould handle sequential manual instructions with efficient preemption[32m 4[2mms[22m[39m
 [32m笨・[39m src/tests/MarkerEndToEnd.test.js[2m > [22mMarker End-to-End: Persistence and Wrap Support[2m > [22mshould assign pending jobs to newly spawned workers[32m 3[2mms[22m[39m
 [32m笨・[39m src/tests/MarkerEndToEnd.test.js[2m > [22mMarker End-to-End: Persistence and Wrap Support[2m > [22mshould handle job cancellation and release worker[32m 2[2mms[22m[39m
[90mstdout[2m | src/tests/LoadUpdateLoop.test.js[2m > [22m[2mLoad Update Loop Integration[2m > [22m[2mshould maintain JobState after first update loop post-load
[22m[39m[Entity 0] Calling registerEntity...
[Entity 0] registerEntity returned.
[Entity 0] Calling updatePosition...
[Entity 0] updatePosition returned.
[ActorCore] Actor Created. Type: unit Pos: 10,10
[UnitCore.js] Unit Created ID:0 Role:worker Pos:10,10 Special:false
[Unit 0] State Change: None -> UnitWanderState
[UnitCore.js] Unit Created ID:0 Role:worker Pos:10,10
Setup Unit updateLogic type: function
[Game] Request Added: raise at (15,15) ID:req_0
[Game] No worker in radius 80 for Manual Req req_0. Trying Global Scan...
Game SaveManager present: [33mtrue[39m
Game SaveManager save method: function
saveGame result: [33mtrue[39m
localStorage setItem calls: [33m1[39m
Load Started...

[90mstdout[2m | src/tests/StuckAndMarker.test.js[2m > [22m[2mStuck and Marker Debugging[2m > [22m[2mshould move IMMEDIATELY when assigned a job (no 3s delay)
[22m[39m[Game] Initializing Full Three.js components...

[90mstdout[2m | src/tests/StuckAndMarker.test.js[2m > [22m[2mStuck and Marker Debugging[2m > [22m[2mshould move IMMEDIATELY when assigned a job (no 3s delay)
[22m[39m[Entity 0] Calling updatePosition...
[Entity 0] updatePosition returned.
[ActorCore] Actor Created. Type: unit Pos: 10,10
[UnitCore.js] Unit Created ID:0 Role:worker Pos:10,10 Special:false
[Unit 0] State Change: None -> UnitWanderState
[UnitCore.js] Unit Created ID:0 Role:worker Pos:10,10
[Game] Request Added: move at (50,50) ID:req_0
[Game] No worker in radius 80 for Manual Req req_0. Trying Global Scan...
[Unit 0] State Change: UnitWanderState -> JobState
[Job 0] Entering. Target: 50,50
[Actor 0] smartMove to 50,50 (H:1). Reachable:true Dist:56.57 Moving:false Path:0
[Actor 0] smartMove: triggers pathfinding. Dist: 56.6 Time:0.0 Last:-100.0 Throttle:1.00 Action:Approaching Job
[Test Debug] Calling assignRequestSync...
[Actor 0] smartMove to 50,50 (H:1). Reachable:true Dist:56.57 Moving:false Path:0
[Test Debug] isMoving: false, PathLen: null, State: JobState
[Actor 0] smartMove to 50,50 (H:1). Reachable:true Dist:56.57 Moving:false Path:2
[Actor 0] SmartMove Depth:1 Node:11,11 My:10,10 d:1,1
[Entity 0] startMove -> isMoving:true. Target:11,11 StartTime:0.0000

[90mstdout[2m | src/tests/StuckAndMarker.test.js[2m > [22m[2mStuck and Marker Debugging[2m > [22m[2mshould move IMMEDIATELY when assigned a job (no 3s delay)
[22m[39m[Test Debug] isMoving: true, PathLen: 2, State: JobState

[90mstdout[2m | src/tests/MovingFlicker.test.js[2m > [22m[2mMoving Flicker Check[2m > [22m[2mshould NOT flicker to Idle while moving to a distant job
[22m[39m[GoblinManager] 5蛟九・豢樒ｪ溘ｒ逕滓・荳ｭ...
[GoblinManager] DETERMINISM: generateCaves start. rngState=undefined
[GoblinManager] DETERMINISM: Attempt 1: Rnd(0.331968, 0.978146) -> Grid(53, 156) rngState=undefined
[GoblinManager] DETERMINISM: Attempt 2: Rnd(0.680207, 0.349672) -> Grid(108, 55) rngState=undefined
[GoblinManager] DETERMINISM: Attempt 3: Rnd(0.846770, 0.093372) -> Grid(135, 14) rngState=undefined
[GoblinManager] 豢樒ｪ溽函謌仙ｮ御ｺ・ 0/5 (隧ｦ陦悟屓謨ｰ: 5000)

[90mstdout[2m | src/tests/SaveLoadIntegration.test.js[2m > [22m[2mComprehensive Save/Load Integration[2m > [22m[2mshould maintain game continuity across save/load
[22m[39m[GoblinManager] 5蛟九・豢樒ｪ溘ｒ逕滓・荳ｭ...
[GoblinManager] DETERMINISM: generateCaves start. rngState=undefined
[GoblinManager] DETERMINISM: Attempt 1: Rnd(0.131371, 0.363007) -> Grid(21, 58) rngState=undefined
[GoblinManager] DETERMINISM: Attempt 2: Rnd(0.411000, 0.697113) -> Grid(65, 111) rngState=undefined
[GoblinManager] DETERMINISM: Attempt 3: Rnd(0.813022, 0.174660) -> Grid(130, 27) rngState=undefined
[GoblinManager] 豢樒ｪ溽函謌仙ｮ御ｺ・ 0/5 (隧ｦ陦悟屓謨ｰ: 5000)

[90mstdout[2m | src/tests/JobIdempotency.test.js[2m > [22m[2mJob Assignment Idempotency[2m > [22m[2mshould NOT reset movement if claiming the same job twice
[22m[39m[Entity 0] Calling updatePosition...
[Entity 0] updatePosition returned.
[ActorCore] Actor Created. Type: unit Pos: 0,0
[UnitCore.js] Unit Created ID:0 Role:worker Pos:0,0 Special:false
[Unit 0] State Change: None -> UnitWanderState
[UnitCore.js] Unit Created ID:0 Role:worker Pos:0,0
[GoblinManager] 5蛟九・豢樒ｪ溘ｒ逕滓・荳ｭ...
[GoblinManager] DETERMINISM: generateCaves start. rngState=undefined
[GoblinManager] DETERMINISM: Attempt 1: Rnd(0.336531, 0.423819) -> Grid(33, 42) rngState=undefined
GoblinManager: Cave registered at 33,42 
[GoblinManager] DETERMINISM: Attempt 2: Rnd(0.216914, 0.783496) -> Grid(21, 78) rngState=undefined
GoblinManager: Cave registered at 21,78 
[GoblinManager] DETERMINISM: Attempt 3: Rnd(0.876787, 0.526996) -> Grid(87, 52) rngState=undefined
GoblinManager: Cave registered at 87,52 
GoblinManager: Cave registered at 35,84 
GoblinManager: Cave registered at 46,96 
[GoblinManager] 豢樒ｪ溽函謌仙ｮ御ｺ・ 5/5 (隧ｦ陦悟屓謨ｰ: 5)
GoblinManager: Force spawning Debug Goblin
[GoblinManager] Cave at 33,42 has insufficient pop: 0.00

[90mstdout[2m | src/tests/StuckAndMarker.test.js[2m > [22m[2mStuck and Marker Debugging[2m > [22m[2mshould move IMMEDIATELY when assigned a job (no 3s delay)
[22m[39m[Job 0] TRACE: Status:assigned isMoving:true dist:56.57 pos:10.0,10.0
[Entity 0] updateMovement ARRIVAL -> isMoving:false. Time:0.8040 StartTime:0.0000 Dur:0.8000 PrevGrid:10,10 Target:11,11
[Actor 0] SmartMove Depth:0 Node:11,11 My:11,11 d:0,0
[Actor 0] Reached Node. Shifting.
[Actor 0] SmartMove Depth:1 Node:50,50 My:11,11 d:39,39
[Entity 0] startMove -> isMoving:true. Target:50,50 StartTime:0.8040
[Job 0] TRACE: Status:assigned isMoving:true dist:55.15 pos:11.0,11.0
[Job 0] TRACE: Status:assigned isMoving:true dist:55.15 pos:11.0,11.0

 [32m笨・[39m src/tests/StuckAndMarker.test.js[2m > [22mStuck and Marker Debugging[2m > [22mshould move IMMEDIATELY when assigned a job (no 3s delay)[32m 61[2mms[22m[39m
[90mstdout[2m | src/tests/JobIdempotency.test.js[2m > [22m[2mJob Assignment Idempotency[2m > [22m[2mshould NOT reset movement if claiming the same job twice
[22m[39m[Job 1] Entering. Target: 20,0
[Actor 1] smartMove: triggers pathfinding. Dist: 20.0 Time:0.0 Last:-100.0 Throttle:1.10 Action:Approaching Job

[90mstdout[2m | src/tests/JobIdempotency.test.js[2m > [22m[2mJob Assignment Idempotency[2m > [22m[2mshould NOT reset movement if claiming the same job twice
[22m[39m[Actor 1] SmartMove Depth:1 Node:20,0 My:0,0 d:20,0
[Unit 1] Moving onto Rock at 20,0 H:10 (Speed Penalty)
[Entity 1] startMove -> isMoving:true. Target:20,0 StartTime:0.0000

[90mstdout[2m | src/tests/UnitStress.test.js[2m > [22m[2mUnit AI Stress Testing[2m > [22m[2mshould handle 100 units starting distant jobs simultaneously without dropping tasks
[22m[39m[GoblinManager] 5蛟九・豢樒ｪ溘ｒ逕滓・荳ｭ...
[GoblinManager] DETERMINISM: generateCaves start. rngState=undefined
[GoblinManager] DETERMINISM: Attempt 1: Rnd(0.470746, 0.267812) -> Grid(75, 42) rngState=undefined
[GoblinManager] DETERMINISM: Attempt 2: Rnd(0.579401, 0.957697) -> Grid(92, 153) rngState=undefined
[GoblinManager] DETERMINISM: Attempt 3: Rnd(0.946312, 0.415629) -> Grid(151, 66) rngState=undefined
[GoblinManager] 豢樒ｪ溽函謌仙ｮ御ｺ・ 0/5 (隧ｦ陦悟屓謨ｰ: 5000)

[90mstdout[2m | src/tests/LoadUpdateLoop.test.js[2m > [22m[2mLoad Update Loop Integration[2m > [22m[2mshould maintain JobState after first update loop post-load
[22m[39mLoad Game: Data found {
  slotId: [33m1[39m,
  timestamp: [33m1769770259444[39m,
  resources: { grain: [33m0[39m, fish: [33m0[39m, meat: [33m0[39m },
  gameTime: [33m6[39m,
  gameTotalTime: [33m0[39m,
  currentSeasonIndex: [33m0[39m,
  daysPassed: [33m0[39m,
  terrain: {
    h: [],
    n: [],
    b: [],
    logicalWidth: [33m160[39m,
    logicalDepth: [33m160[39m,
    version: [33m2[39m
  },
  units: [
    {
      id: [33m100[39m,
      gridX: [33m10[39m,
      gridZ: [33m10[39m,
      age: [33m20[39m,
      raidTargetX: [1mnull[22m,
      raidTargetY: [1mnull[22m,
      raidTargetZ: [1mnull[22m,
      raidTargetTS: [1mnull[22m,
      lifespan: [33m93.77613699435119[39m,
      isDead: [33mfalse[39m,
      isFinished: [33mfalse[39m,
      isMoving: [33mfalse[39m,
      targetX: [33m0[39m,
      targetZ: [33m0[39m,
      moveStartTime: [33m0[39m,
      moveDuration: [33m0.8[39m,
      startGridX: [33m0[39m,
      startGridZ: [33m0[39m,
      targetGridX: [33m0[39m,
      targetGridZ: [33m0[39m,
      isSpecial: [33mfalse[39m,
      role: [32m'worker'[39m,
      type: [32m'worker'[39m,
      hp: [33m63[39m,
      maxHp: [33m63[39m,
      damage: [33m12[39m,
      xp: [33m0[39m,
      level: [33m1[39m,
      name: [32m'Unit'[39m,
      squadId: [1mnull[22m,
      targetRequestId: [32m'req_manual_persistent'[39m,
      action: [32m'Approaching Job'[39m,
      ignoredTargets: []
    }
  ],
  requests: [
    {
      id: [32m'req_manual_persistent'[39m,
      type: [32m'raise'[39m,
      x: [33m15[39m,
      z: [33m15[39m,
      status: [32m'assigned'[39m,
      assignedTo: [33m100[39m,
      assignedAt: [33m0[39m,
      createdAt: [33m0[39m,
      isManual: [33mtrue[39m
    }
  ],
  goblinManager: {},
  camera: { position: { x: [33m0[39m, y: [33m0[39m, z: [33m0[39m }, target: { x: [33m0[39m, y: [33m0[39m, z: [33m0[39m } }
}

[90mstdout[2m | src/tests/NightLoadJob.test.js[2m > [22m[2mNight Loading Job Assignment[2m > [22m[2mshould correctly resume manual job when loaded at night
[22m[39m[GoblinManager] 5蛟九・豢樒ｪ溘ｒ逕滓・荳ｭ...
[GoblinManager] DETERMINISM: generateCaves start. rngState=undefined
[GoblinManager] DETERMINISM: Attempt 1: Rnd(0.458522, 0.743369) -> Grid(73, 118) rngState=undefined
[GoblinManager] DETERMINISM: Attempt 2: Rnd(0.215855, 0.866418) -> Grid(34, 138) rngState=undefined
[GoblinManager] DETERMINISM: Attempt 3: Rnd(0.605818, 0.196818) -> Grid(96, 31) rngState=undefined
[GoblinManager] 豢樒ｪ溽函謌仙ｮ御ｺ・ 0/5 (隧ｦ陦悟屓謨ｰ: 5000)

 [32m笨・[39m src/tests/JobIdempotency.test.js[2m > [22mJob Assignment Idempotency[2m > [22mshould NOT reset movement if claiming the same job twice[32m 71[2mms[22m[39m
[90mstdout[2m | src/tests/CombatBalance.test.js[2m > [22m[2mCombat Balance Verification[2m > [22m[2mWorker vs Normal Goblin (Expected: Goblin Win due to stats buff)
[22m[39m[GoblinManager] 5蛟九・豢樒ｪ溘ｒ逕滓・荳ｭ...
[GoblinManager] DETERMINISM: generateCaves start. rngState=undefined
[GoblinManager] DETERMINISM: Attempt 1: Rnd(0.356501, 0.089776) -> Grid(57, 14) rngState=undefined
[GoblinManager] DETERMINISM: Attempt 2: Rnd(0.495054, 0.073579) -> Grid(79, 11) rngState=undefined
[GoblinManager] DETERMINISM: Attempt 3: Rnd(0.878423, 0.946446) -> Grid(140, 151) rngState=undefined
[GoblinManager] 豢樒ｪ溽函謌仙ｮ御ｺ・ 0/5 (隧ｦ陦悟屓謨ｰ: 5000)
[GoblinManager] 5蛟九・豢樒ｪ溘ｒ逕滓・荳ｭ...
[GoblinManager] DETERMINISM: generateCaves start. rngState=undefined
[GoblinManager] DETERMINISM: Attempt 1: Rnd(0.708455, 0.384004) -> Grid(113, 61) rngState=undefined
[GoblinManager] DETERMINISM: Attempt 2: Rnd(0.238249, 0.800588) -> Grid(38, 128) rngState=undefined
[GoblinManager] DETERMINISM: Attempt 3: Rnd(0.052289, 0.905623) -> Grid(8, 144) rngState=undefined
[GoblinManager] 豢樒ｪ溽函謌仙ｮ御ｺ・ 0/5 (隧ｦ陦悟屓謨ｰ: 5000)

[90mstdout[2m | src/tests/SaveLoadIntegration.test.js[2m > [22m[2mComprehensive Save/Load Integration[2m > [22m[2mshould maintain game continuity across save/load
[22m[39m[Entity 0] Calling registerEntity...
[Entity 0] registerEntity returned.
[Entity 0] Calling updatePosition...
[Entity 0] updatePosition returned.
[ActorCore] Actor Created. Type: unit Pos: 10,10
[UnitCore.js] Unit Created ID:0 Role:worker Pos:10,10 Special:false
[Unit 0] State Change: None -> UnitWanderState
[UnitCore.js] Unit Created ID:0 Role:worker Pos:10,10
[Entity 1] Calling registerEntity...
[Entity 1] registerEntity returned.
[Entity 1] Calling updatePosition...
[Entity 1] updatePosition returned.
[ActorCore] Actor Created. Type: unit Pos: 15,15
[UnitCore.js] Unit Created ID:1 Role:knight Pos:15,15 Special:false
[UnitCore.js] Unit Created ID:1 Role:knight Pos:15,15
[Entity 2] Calling registerEntity...
[Entity 2] registerEntity returned.
[Entity 2] Calling updatePosition...
[Entity 2] updatePosition returned.
[ActorCore] Actor Created. Type: unit Pos: 18,18
[UnitCore.js] Unit Created ID:2 Role:worker Pos:18,18 Special:true
[UnitCore.js] Unit Created ID:2 Role:worker Pos:18,18
[Game] Request Added: raise at (20,20) ID:req_0
[Game] No worker in radius 80 for Manual Req req_0. Trying Global Scan...
[Job 12] Entering. Target: 20,20
[Actor 12] smartMove: triggers pathfinding. Dist: 2.8 Time:0.0 Last:-100.0 Throttle:2.20 Action:Approaching Job
[Job 10] Entering. Target: 20,20
[Actor 10] smartMove: triggers pathfinding. Dist: 14.1 Time:0.0 Last:-100.0 Throttle:2.00 Action:Approaching Job
Goblin constructor: calling super...
[Entity 3] Calling registerEntity...
[Entity 3] registerEntity returned.
[Entity 3] Calling updatePosition...
[Entity 3] updatePosition returned.
[ActorCore] Actor Created. Type: goblin Pos: 80,80
Goblin constructor: super returned.
Goblin constructor: checking scene...
Goblin constructor: setting ID...
[Actor 0] CHANGE STATE: None -> GoblinWanderState Request:null
Saving Game...
Saved to slot 1 (Compressed). Size: 653 chars (Original: 2300)
Resetting Game...
Loading Game...
Load Started...

[90mstdout[2m | src/tests/RealTerrainRestoration.test.js[2m > [22m[2mReal Terrain Restoration Logic[2m > [22m[2mshould successfully restore Terrain regions and Unit pathfinding
[22m[39m[Entity 0] Calling registerEntity...
[Entity 0] registerEntity returned.
[Entity 0] Calling updatePosition...
[Entity 0] updatePosition returned.
[ActorCore] Actor Created. Type: unit Pos: 10,10
[UnitCore.js] Unit Created ID:0 Role:worker Pos:10,10 Special:false
[Unit 0] State Change: None -> UnitWanderState
[UnitCore.js] Unit Created ID:0 Role:worker Pos:10,10
[Game] Request Added: raise at (15,15) ID:req_0
[Game] No worker in radius 80 for Manual Req req_0. Trying Global Scan...
[Job 100] Entering. Target: 15,15
[Actor 100] smartMove: triggers pathfinding. Dist: 7.1 Time:0.0 Last:-100.0 Throttle:1.00 Action:Approaching Job
[Job 100] Entering. Target: 15,15
[Actor 100] SmartMove Depth:1 Node:15,15 My:10,10 d:5,5
[Unit 100] Moving onto Rock at 15,15 H:10 (Speed Penalty)
[Entity 100] startMove -> isMoving:true. Target:15,15 StartTime:-100.0000

[90mstdout[2m | src/tests/MovingFlicker.test.js[2m > [22m[2mMoving Flicker Check[2m > [22m[2mshould NOT flicker to Idle while moving to a distant job
[22m[39m[Entity 0] Calling updatePosition...
[Entity 0] updatePosition returned.
[ActorCore] Actor Created. Type: unit Pos: 10,10
[UnitCore.js] Unit Created ID:0 Role:worker Pos:10,10 Special:false
[Unit 0] State Change: None -> UnitWanderState
[UnitCore.js] Unit Created ID:0 Role:worker Pos:10,10
[Game] Request Added: raise at (50,50) ID:req_0
[Game] No worker in radius 80 for Manual Req req_0. Trying Global Scan...
[Unit 0] State Change: UnitWanderState -> JobState
[Job 0] Entering. Target: 50,50
[Actor 0] smartMove to 50,50 (H:1). Reachable:true Dist:56.57 Moving:false Path:0
[Actor 0] smartMove: triggers pathfinding. Dist: 56.6 Time:0.0 Last:-100.0 Throttle:1.00 Action:Approaching Job
[Actor 0] smartMove to 50,50 (H:1). Reachable:true Dist:56.57 Moving:false Path:0
[Actor 0] smartMove to 50,50 (H:1). Reachable:true Dist:56.57 Moving:false Path:40
[Actor 0] SmartMove Depth:1 Node:11,11 My:10,10 d:1,1
[Entity 0] startMove -> isMoving:true. Target:11,11 StartTime:0.0000

[90mstdout[2m | src/tests/RealTerrainRestoration.test.js[2m > [22m[2mReal Terrain Restoration Logic[2m > [22m[2mshould successfully restore Terrain regions and Unit pathfinding
[22m[39mLoad Started...

[90mstdout[2m | src/tests/LoadUpdateLoop.test.js[2m > [22m[2mLoad Update Loop Integration[2m > [22m[2mshould maintain JobState after first update loop post-load
[22m[39mClearing 0 projectiles...
[Game] Deserializing terrain...

[90mstdout[2m | src/tests/LoadUpdateLoop.test.js[2m > [22m[2mLoad Update Loop Integration[2m > [22m[2mshould maintain JobState after first update loop post-load
[22m[39m[Game] Terrain deserialized.

[90mstdout[2m | src/tests/LoadUpdateLoop.test.js[2m > [22m[2mLoad Update Loop Integration[2m > [22m[2mshould maintain JobState after first update loop post-load
[22m[39m[Game] Loading resources/time...
[Game] Updating environment...

[90mstdout[2m | src/tests/LoadUpdateLoop.test.js[2m > [22m[2mLoad Update Loop Integration[2m > [22m[2mshould maintain JobState after first update loop post-load
[22m[39m[Game] Restoring 1 units...

[90mstdout[2m | src/tests/LoadUpdateLoop.test.js[2m > [22m[2mLoad Update Loop Integration[2m > [22m[2mshould maintain JobState after first update loop post-load
[22m[39m[Entity 1] Calling registerEntity...
[Entity 1] registerEntity returned.
[Entity 1] Calling updatePosition...
[Entity 1] updatePosition returned.
[ActorCore] Actor Created. Type: unit Pos: 10,10
[UnitCore.js] Unit Created ID:1 Role:worker Pos:10,10 Special:false
[UnitCore.js] Unit Created ID:1 Role:worker Pos:10,10
[Game] Successfully restored 1 units.
[Game] Restoring 1 requests...

[90mstdout[2m | src/tests/LoadUpdateLoop.test.js[2m > [22m[2mLoad Update Loop Integration[2m > [22m[2mshould maintain JobState after first update loop post-load
[22m[39m[Game] Checking unit 100 for targetRequestId: req_manual_persistent
[Game] Re-linked Unit 100 to Request req_manual_persistent
[Game] Restored Camera Zoom: 1

[90mstdout[2m | src/tests/GroupCombat.test.js[2m > [22m[2mGroup Combat Simulations[2m > [22m[2mScenario: 5 Goblins vs 3 Workers (Close Match / Goblin Edge)
[22m[39m
[Scenario 1] 5 Goblins vs 3 Workers
[Entity 0] Calling registerEntity...
[Entity 0] registerEntity returned.
[Entity 0] Calling updatePosition...
[Entity 0] updatePosition returned.
[ActorCore] Actor Created. Type: unit Pos: 10,10
[UnitCore.js] Unit Created ID:0 Role:worker Pos:10,10 Special:false
[Unit 0] State Change: None -> UnitWanderState
[UnitCore.js] Unit Created ID:0 Role:worker Pos:10,10
[Entity 1] Calling registerEntity...
[Entity 1] registerEntity returned.
[Entity 1] Calling updatePosition...
[Entity 1] updatePosition returned.
[ActorCore] Actor Created. Type: unit Pos: 11,10
[UnitCore.js] Unit Created ID:1 Role:worker Pos:11,10 Special:false
[UnitCore.js] Unit Created ID:1 Role:worker Pos:11,10
[Entity 2] Calling registerEntity...
[Entity 2] registerEntity returned.
[Entity 2] Calling updatePosition...
[Entity 2] updatePosition returned.
[ActorCore] Actor Created. Type: unit Pos: 12,10
[UnitCore.js] Unit Created ID:2 Role:worker Pos:12,10 Special:false
[UnitCore.js] Unit Created ID:2 Role:worker Pos:12,10
Goblin constructor: calling super...
[Entity 3] Calling registerEntity...
[Entity 3] registerEntity returned.
[Entity 3] Calling updatePosition...
[Entity 3] updatePosition returned.
[ActorCore] Actor Created. Type: goblin Pos: 15,15
Goblin constructor: super returned.
Goblin constructor: checking scene...
Goblin constructor: setting ID...
[Actor 0] CHANGE STATE: None -> GoblinWanderState Request:null
Goblin constructor: calling super...
[Entity 4] Calling registerEntity...
[Entity 4] registerEntity returned.
[Entity 4] Calling updatePosition...
[Entity 4] updatePosition returned.
[ActorCore] Actor Created. Type: goblin Pos: 16,15
Goblin constructor: super returned.
Goblin constructor: checking scene...
Goblin constructor: setting ID...
Goblin constructor: calling super...
[Entity 5] Calling registerEntity...
[Entity 5] registerEntity returned.
[Entity 5] Calling updatePosition...
[Entity 5] updatePosition returned.
[ActorCore] Actor Created. Type: goblin Pos: 17,15
Goblin constructor: super returned.
Goblin constructor: checking scene...
Goblin constructor: setting ID...
Goblin constructor: calling super...
[Entity 6] Calling registerEntity...
[Entity 6] registerEntity returned.
[Entity 6] Calling updatePosition...
[Entity 6] updatePosition returned.
[ActorCore] Actor Created. Type: goblin Pos: 18,15
Goblin constructor: super returned.
Goblin constructor: checking scene...
Goblin constructor: setting ID...
Goblin constructor: calling super...
[Entity 7] Calling registerEntity...
[Entity 7] registerEntity returned.
[Entity 7] Calling updatePosition...
[Entity 7] updatePosition returned.
[ActorCore] Actor Created. Type: goblin Pos: 19,15
Goblin constructor: super returned.
Goblin constructor: checking scene...
Goblin constructor: setting ID...
[Actor 0] smartMove to 12.3,10.5 (H:10). Reachable:true Dist:5.25 Moving:false Path:0
[Actor 0] smartMove: triggers pathfinding. Dist: 5.2 Time:0.0 Last:0.0 Throttle:1.00 Action:Idle
[Actor 1] smartMove: triggers pathfinding. Dist: 5.8 Time:0.0 Last:0.0 Throttle:1.10 Action:Idle
[Actor 2] smartMove: triggers pathfinding. Dist: 6.5 Time:0.0 Last:0.0 Throttle:1.20 Action:Idle
[Actor 3] smartMove: triggers pathfinding. Dist: 7.3 Time:0.0 Last:0.0 Throttle:1.30 Action:Idle
[Actor 4] smartMove: triggers pathfinding. Dist: 8.1 Time:0.0 Last:0.0 Throttle:1.40 Action:Idle
Goblin hit Unit! Dmg: 15 UnitHP: 35 
Unit hit Goblin! Dmg: 12 GoblinHP: 38
Unit hit Goblin! Dmg: 12 GoblinHP: 26.001666666666665
Unit hit Goblin! Dmg: 12 GoblinHP: 14.001666666666665
Goblin hit Unit! Dmg: 15 UnitHP: 20 
Unit hit Goblin! Dmg: 12 GoblinHP: 2.0183333333333344
Unit hit Goblin! Dmg: 12 GoblinHP: -9.979999999999999
Goblin hit Unit! Dmg: 15 UnitHP: 5 
Unit hit Goblin! Dmg: 12 GoblinHP: 38
Unit hit Goblin! Dmg: 12 GoblinHP: 26.011666666666656
Unit hit Goblin! Dmg: 12 GoblinHP: 14.013333333333321
[Unit 2] Death Counter! Hitting 1
Unit 2 (worker) DIED. R.I.P.
Goblin hit Unit! Dmg: 15 UnitHP: 0 
Unit hit Goblin! Dmg: 12 GoblinHP: -3.981666666666678
Unit hit Goblin! Dmg: 12 GoblinHP: 38
Unit hit Goblin! Dmg: 12 GoblinHP: 26.004999999999995
Unit hit Goblin! Dmg: 12 GoblinHP: 14.018333333333317
Unit hit Goblin! Dmg: 12 GoblinHP: 2.0233333333333174
Unit hit Goblin! Dmg: 12 GoblinHP: -9.96333333333335
Unit hit Goblin! Dmg: 12 GoblinHP: 38
Unit hit Goblin! Dmg: 12 GoblinHP: 26.011666666666656
Unit hit Goblin! Dmg: 12 GoblinHP: 14.018333333333317
Unit hit Goblin! Dmg: 12 GoblinHP: 2.029999999999985
Unit hit Goblin! Dmg: 12 GoblinHP: -9.963333333333349
Unit hit Goblin! Dmg: 12 GoblinHP: 38
Unit hit Goblin! Dmg: 12 GoblinHP: 26.00666666666666
Unit hit Goblin! Dmg: 12 GoblinHP: 14.018333333333317
Unit hit Goblin! Dmg: 12 GoblinHP: 2.0249999999999844
Unit hit Goblin! Dmg: 12 GoblinHP: -9.96333333333335
Survivors -> Units: 2, Goblins: 0
[Actor 0] smartMove to 12.3,10.5 (H:10). Reachable:true Dist:5.25 Moving:false Path:1
[Actor 0] SmartMove Depth:1 Node:12.3,10.5 My:15,15 d:2.6999999999999993,4.5
[Entity 0] startMove -> isMoving:true. Target:12.3,10.5 StartTime:0.0000
[Actor 1] SmartMove Depth:1 Node:12.3,10.5 My:16,15 d:3.6999999999999993,4.5
[Entity 1] startMove -> isMoving:true. Target:12.3,10.5 StartTime:0.0000
[Actor 2] SmartMove Depth:1 Node:12.3,10.5 My:17,15 d:4.699999999999999,4.5
[Entity 2] startMove -> isMoving:true. Target:12.3,10.5 StartTime:0.0000
[Actor 3] SmartMove Depth:1 Node:12.3,10.5 My:18,15 d:5.699999999999999,4.5
[Entity 3] startMove -> isMoving:true. Target:12.3,10.5 StartTime:0.0000
[Actor 4] SmartMove Depth:1 Node:12.3,10.5 My:19,15 d:6.699999999999999,4.5
[Entity 4] startMove -> isMoving:true. Target:12.3,10.5 StartTime:0.0000

[90mstdout[2m | src/tests/MovingFlicker.test.js[2m > [22m[2mMoving Flicker Check[2m > [22m[2mshould NOT flicker to Idle while moving to a distant job
[22m[39m[Job 0] TRACE: Status:assigned isMoving:true dist:56.57 pos:10.0,10.0

[90mstdout[2m | src/tests/CombatBalance.test.js[2m > [22m[2mCombat Balance Verification[2m > [22m[2mWorker vs Normal Goblin (Expected: Goblin Win due to stats buff)
[22m[39m[Entity 0] Calling registerEntity...
[Entity 0] registerEntity returned.
[Entity 0] Calling updatePosition...
[Entity 0] updatePosition returned.
[ActorCore] Actor Created. Type: unit Pos: 10,10
[UnitCore.js] Unit Created ID:0 Role:worker Pos:10,10 Special:false
[Unit 0] State Change: None -> UnitWanderState
[UnitCore.js] Unit Created ID:0 Role:worker Pos:10,10
Goblin constructor: calling super...
[Entity 1] Calling registerEntity...
[Entity 1] registerEntity returned.
[Entity 1] Calling updatePosition...
[Entity 1] updatePosition returned.
[ActorCore] Actor Created. Type: goblin Pos: 10,10
Goblin constructor: super returned.
Goblin constructor: checking scene...
Goblin constructor: setting ID...
[Actor 0] CHANGE STATE: None -> GoblinWanderState Request:null
[Unit 0] State Change: UnitWanderState -> CombatState
[Combat] Entering. Saved Context: {"action":"Idle","target":null,"migrationTarget":null}
[Game] New Battle Hotspot at 10,10 (Region:[object Object])
[Unit Debug] ATTACKING Goblin 0
[GoblinWander Debug] ID:0 State:Wander Update. Timer:0.08 dt:0.0160 findTarget:function
[GoblinWander Debug] ID:0 State:Wander Update. Timer:0.46 dt:0.0160 findTarget:function
[GoblinState Debug] ID:0 Calling scanForTargets...
[Actor 0] CHANGE STATE: GoblinWanderState -> GoblinCombatState Request:null
Goblin hit Unit! Dmg: 15 UnitHP: 39 
[Unit Debug] ATTACKING Goblin 0
Goblin hit Unit! Dmg: 15 UnitHP: 24.03360000000022 
[Unit Debug] ATTACKING Goblin 0
Goblin hit Unit! Dmg: 15 UnitHP: 9.06720000000044 
[Unit Debug] ATTACKING Goblin 0
[Unit 0] Death Counter! Hitting 0
Goblin(normal) died.ID:0 
Unit 0 (worker) DIED. R.I.P.
Goblin hit Unit! Dmg: 15 UnitHP: 0 
[Worker vs Normal]
 Start: Unit(worker HP:54/54 Dmg:12) vs Goblin(normal HP:50/50 Dmg:15)
End: Winner=Goblin Frames=222
Final: Unit HP:0.0 Goblin HP:0.0

[90mstdout[2m | src/tests/GroupCombat.test.js[2m > [22m[2mGroup Combat Simulations[2m > [22m[2mScenario: 3 Knights vs 10 Goblins (Knights Stomp)
[22m[39m
[Scenario 2] 3 Knights vs 10 Goblins
[Entity 8] Calling registerEntity...
[Entity 8] registerEntity returned.
[Entity 8] Calling updatePosition...
[Entity 8] updatePosition returned.
[ActorCore] Actor Created. Type: unit Pos: 10,10
[UnitCore.js] Unit Created ID:0 Role:knight Pos:10,10 Special:false
[Unit 0] State Change: None -> UnitWanderState
[UnitCore.js] Unit Created ID:0 Role:knight Pos:10,10
[Entity 9] Calling registerEntity...
[Entity 9] registerEntity returned.
[Entity 9] Calling updatePosition...
[Entity 9] updatePosition returned.
[ActorCore] Actor Created. Type: unit Pos: 11,10
[UnitCore.js] Unit Created ID:1 Role:knight Pos:11,10 Special:false
[UnitCore.js] Unit Created ID:1 Role:knight Pos:11,10
[Entity 10] Calling registerEntity...
[Entity 10] registerEntity returned.
[Entity 10] Calling updatePosition...
[Entity 10] updatePosition returned.
[ActorCore] Actor Created. Type: unit Pos: 12,10
[UnitCore.js] Unit Created ID:2 Role:knight Pos:12,10 Special:false
[UnitCore.js] Unit Created ID:2 Role:knight Pos:12,10
Goblin constructor: calling super...
[Entity 11] Calling registerEntity...
[Entity 11] registerEntity returned.
[Entity 11] Calling updatePosition...
[Entity 11] updatePosition returned.
[ActorCore] Actor Created. Type: goblin Pos: 12,12
Goblin constructor: super returned.
Goblin constructor: checking scene...
Goblin constructor: setting ID...
[Actor 0] CHANGE STATE: None -> GoblinWanderState Request:null
Goblin constructor: calling super...
[Entity 12] Calling registerEntity...
[Entity 12] registerEntity returned.
[Entity 12] Calling updatePosition...
[Entity 12] updatePosition returned.
[ActorCore] Actor Created. Type: goblin Pos: 12,12
Goblin constructor: super returned.
Goblin constructor: checking scene...
Goblin constructor: setting ID...
Goblin constructor: calling super...
[Entity 13] Calling registerEntity...
[Entity 13] registerEntity returned.
[Entity 13] Calling updatePosition...
[Entity 13] updatePosition returned.
[ActorCore] Actor Created. Type: goblin Pos: 12,12
Goblin constructor: super returned.
Goblin constructor: checking scene...
Goblin constructor: setting ID...
Goblin constructor: calling super...
[Entity 14] Calling registerEntity...
[Entity 14] registerEntity returned.
[Entity 14] Calling updatePosition...
[Entity 14] updatePosition returned.
[ActorCore] Actor Created. Type: goblin Pos: 12,12
Goblin constructor: super returned.
Goblin constructor: checking scene...
Goblin constructor: setting ID...
Goblin constructor: calling super...
[Entity 15] Calling registerEntity...
[Entity 15] registerEntity returned.
[Entity 15] Calling updatePosition...
[Entity 15] updatePosition returned.
[ActorCore] Actor Created. Type: goblin Pos: 12,12
Goblin constructor: super returned.
Goblin constructor: checking scene...
Goblin constructor: setting ID...
Goblin constructor: calling super...
[Entity 16] Calling registerEntity...
[Entity 16] registerEntity returned.
[Entity 16] Calling updatePosition...
[Entity 16] updatePosition returned.
[ActorCore] Actor Created. Type: goblin Pos: 12,12
Goblin constructor: super returned.
Goblin constructor: checking scene...
Goblin constructor: setting ID...
Goblin constructor: calling super...
[Entity 17] Calling registerEntity...
[Entity 17] registerEntity returned.
[Entity 17] Calling updatePosition...
[Entity 17] updatePosition returned.
[ActorCore] Actor Created. Type: goblin Pos: 12,12
Goblin constructor: super returned.
Goblin constructor: checking scene...
Goblin constructor: setting ID...
Goblin constructor: calling super...
[Entity 18] Calling registerEntity...
[Entity 18] registerEntity returned.
[Entity 18] Calling updatePosition...
[Entity 18] updatePosition returned.
[ActorCore] Actor Created. Type: goblin Pos: 12,12
Goblin constructor: super returned.
Goblin constructor: checking scene...
Goblin constructor: setting ID...
Goblin constructor: calling super...
[Entity 19] Calling registerEntity...
[Entity 19] registerEntity returned.
[Entity 19] Calling updatePosition...
[Entity 19] updatePosition returned.
[ActorCore] Actor Created. Type: goblin Pos: 12,12
Goblin constructor: super returned.
Goblin constructor: checking scene...
Goblin constructor: setting ID...
Goblin constructor: calling super...
[Entity 20] Calling registerEntity...
[Entity 20] registerEntity returned.
[Entity 20] Calling updatePosition...
[Entity 20] updatePosition returned.
[ActorCore] Actor Created. Type: goblin Pos: 12,12
Goblin constructor: super returned.
Goblin constructor: checking scene...
Goblin constructor: setting ID...
Unit hit Goblin! Dmg: 300 GoblinHP: -250
Goblin hit Unit! Dmg: 15 UnitHP: 996 
Goblin hit Unit! Dmg: 15 UnitHP: 981 
Goblin hit Unit! Dmg: 15 UnitHP: 966 
Goblin hit Unit! Dmg: 15 UnitHP: 951 
Goblin hit Unit! Dmg: 15 UnitHP: 936 
Goblin hit Unit! Dmg: 15 UnitHP: 921 
Goblin hit Unit! Dmg: 15 UnitHP: 906 
Goblin hit Unit! Dmg: 15 UnitHP: 891 
Goblin hit Unit! Dmg: 15 UnitHP: 876 
Unit hit Goblin! Dmg: 300 GoblinHP: -250
Unit hit Goblin! Dmg: 300 GoblinHP: -250
Unit hit Goblin! Dmg: 300 GoblinHP: -250
Goblin hit Unit! Dmg: 15 UnitHP: 861 
Goblin hit Unit! Dmg: 15 UnitHP: 846 
Goblin hit Unit! Dmg: 15 UnitHP: 831 
Goblin hit Unit! Dmg: 15 UnitHP: 816 
Goblin hit Unit! Dmg: 15 UnitHP: 801 
Goblin hit Unit! Dmg: 15 UnitHP: 786 
Unit hit Goblin! Dmg: 300 GoblinHP: -250
Unit hit Goblin! Dmg: 300 GoblinHP: -250
Unit hit Goblin! Dmg: 300 GoblinHP: -250
Goblin hit Unit! Dmg: 15 UnitHP: 771 
Goblin hit Unit! Dmg: 15 UnitHP: 756 
Goblin hit Unit! Dmg: 15 UnitHP: 741 
Unit hit Goblin! Dmg: 300 GoblinHP: -250
Unit hit Goblin! Dmg: 300 GoblinHP: -250
Unit hit Goblin! Dmg: 300 GoblinHP: -250
Survivors -> Knights: 3, Goblins: 0

 [32m笨・[39m src/tests/GroupCombat.test.js[2m > [22mGroup Combat Simulations[2m > [22mScenario: 5 Goblins vs 3 Workers (Close Match / Goblin Edge)[32m 96[2mms[22m[39m
[90mstdout[2m | src/tests/CombatBalance.test.js[2m > [22m[2mCombat Balance Verification[2m > [22m[2mWorker vs Normal Goblin (Expected: Goblin Win due to stats buff)
[22m[39m[Game] Dispose called for Game Instance.

[90mstdout[2m | src/tests/SaveLoadIntegration.test.js[2m > [22m[2mComprehensive Save/Load Integration[2m > [22m[2mshould maintain game continuity across save/load
[22m[39mLoading slot 1, Raw length: 653
Load: Decompressed successfully.
Parsed Data for slot 1: {
  timestamp: [33m1769770259507[39m,
  data: {
    slotId: [33m1[39m,
    timestamp: [33m1769770259506[39m,
    resources: { grain: [33m500[39m, fish: [33m200[39m, meat: [33m100[39m },
    gameTime: [33m12[39m,
    gameTotalTime: [33m0[39m,
    currentSeasonIndex: [33m0[39m,
    daysPassed: [33m0[39m,
    terrain: {
      h: [],
      n: [],
      b: [],
      logicalWidth: [33m100[39m,
      logicalDepth: [33m100[39m,
      version: [33m2[39m
    },
    units: [ [36m[Object][39m, [36m[Object][39m, [36m[Object][39m ],
    requests: [ [36m[Object][39m ],
    goblinManager: { clans: [36m[Object][39m, goblins: [36m[Array][39m },
    camera: { position: [36m[Object][39m, target: [36m[Object][39m }
  }
}
Load Game: Data found {
  slotId: [33m1[39m,
  timestamp: [33m1769770259506[39m,
  resources: { grain: [33m500[39m, fish: [33m200[39m, meat: [33m100[39m },
  gameTime: [33m12[39m,
  gameTotalTime: [33m0[39m,
  currentSeasonIndex: [33m0[39m,
  daysPassed: [33m0[39m,
  terrain: {
    h: [],
    n: [],
    b: [],
    logicalWidth: [33m100[39m,
    logicalDepth: [33m100[39m,
    version: [33m2[39m
  },
  units: [
    {
      id: [33m10[39m,
      gridX: [33m12[39m,
      gridZ: [33m12[39m,
      age: [33m20[39m,
      raidTargetX: [1mnull[22m,
      raidTargetY: [1mnull[22m,
      raidTargetZ: [1mnull[22m,
      raidTargetTS: [1mnull[22m,
      lifespan: [33m91.73829840717295[39m,
      isDead: [33mfalse[39m,
      isFinished: [33mfalse[39m,
      isMoving: [33mtrue[39m,
      targetX: [33m0[39m,
      targetZ: [33m0[39m,
      moveStartTime: [33m0[39m,
      moveDuration: [33m0.8[39m,
      startGridX: [33m0[39m,
      startGridZ: [33m0[39m,
      targetGridX: [33m20[39m,
      targetGridZ: [33m20[39m,
      isSpecial: [33mfalse[39m,
      role: [32m'worker'[39m,
      type: [32m'worker'[39m,
      hp: [33m63[39m,
      maxHp: [33m63[39m,
      damage: [33m12[39m,
      xp: [33m0[39m,
      level: [33m1[39m,
      name: [32m'Unit'[39m,
      squadId: [1mnull[22m,
      targetRequestId: [32m'req_integrity_1'[39m,
      action: [32m'Approaching Job'[39m,
      ignoredTargets: []
    },
    {
      id: [33m11[39m,
      gridX: [33m15[39m,
      gridZ: [33m15[39m,
      age: [33m20[39m,
      raidTargetX: [1mnull[22m,
      raidTargetY: [1mnull[22m,
      raidTargetZ: [1mnull[22m,
      raidTargetTS: [1mnull[22m,
      lifespan: [33m87.33384727037952[39m,
      isDead: [33mfalse[39m,
      isFinished: [33mfalse[39m,
      isMoving: [33mfalse[39m,
      targetX: [33m0[39m,
      targetZ: [33m0[39m,
      moveStartTime: [33m0[39m,
      moveDuration: [33m0.8[39m,
      startGridX: [33m0[39m,
      startGridZ: [33m0[39m,
      targetGridX: [33m0[39m,
      targetGridZ: [33m0[39m,
      isSpecial: [33mfalse[39m,
      role: [32m'knight'[39m,
      type: [32m'knight'[39m,
      hp: [33m1012[39m,
      maxHp: [33m1012[39m,
      damage: [33m300[39m,
      xp: [33m0[39m,
      level: [33m1[39m,
      name: [32m'Unit'[39m,
      squadId: [1mnull[22m,
      targetRequestId: [1mnull[22m,
      action: [32m'Idle'[39m,
      ignoredTargets: []
    },
    {
      id: [33m12[39m,
      gridX: [33m18[39m,
      gridZ: [33m18[39m,
      age: [33m20[39m,
      raidTargetX: [1mnull[22m,
      raidTargetY: [1mnull[22m,
      raidTargetZ: [1mnull[22m,
      raidTargetTS: [1mnull[22m,
      lifespan: [33m370.01350840415574[39m,
      isDead: [33mfalse[39m,
      isFinished: [33mfalse[39m,
      isMoving: [33mfalse[39m,
      targetX: [33m0[39m,
      targetZ: [33m0[39m,
      moveStartTime: [33m0[39m,
      moveDuration: [33m0.8[39m,
      startGridX: [33m0[39m,
      startGridZ: [33m0[39m,
      targetGridX: [33m0[39m,
      targetGridZ: [33m0[39m,
      isSpecial: [33mtrue[39m,
      role: [32m'worker'[39m,
      type: [32m'worker'[39m,
      hp: [33m78[39m,
      maxHp: [33m78[39m,
      damage: [33m24[39m,
      xp: [33m0[39m,
      level: [33m1[39m,
      name: [32m'Unit'[39m,
      squadId: [1mnull[22m,
      targetRequestId: [32m'req_integrity_1'[39m,
      action: [32m'Approaching Job'[39m,
      ignoredTargets: []
    }
  ],
  requests: [
    {
      id: [32m'req_integrity_1'[39m,
      type: [32m'raise'[39m,
      x: [33m20[39m,
      z: [33m20[39m,
      status: [32m'assigned'[39m,
      assignedTo: [33m10[39m,
      assignedAt: [33m0[39m,
      createdAt: [33m0[39m,
      isManual: [33mtrue[39m
    }
  ],
  goblinManager: { clans: { clan_A: [36m[Object][39m }, goblins: [ [36m[Object][39m ] },
  camera: { position: { x: [33m0[39m, y: [33m0[39m, z: [33m0[39m }, target: { x: [33m0[39m, y: [33m0[39m, z: [33m0[39m } }
}

[90mstdout[2m | src/tests/NightLoadJob.test.js[2m > [22m[2mNight Loading Job Assignment[2m > [22m[2mshould correctly resume manual job when loaded at night
[22m[39m[Entity 0] Calling registerEntity...
[Entity 0] registerEntity returned.
[Entity 0] Calling updatePosition...
[Entity 0] updatePosition returned.
[ActorCore] Actor Created. Type: unit Pos: 10,10
[UnitCore.js] Unit Created ID:0 Role:worker Pos:10,10 Special:false
[Unit 0] State Change: None -> UnitWanderState
[UnitCore.js] Unit Created ID:0 Role:worker Pos:10,10
[Game] Request Added: raise at (15,15) ID:req_0
[Game] No worker in radius 80 for Manual Req req_0. Trying Global Scan...
[Unit 0] State Change: UnitWanderState -> JobState
[Job 0] Entering. Target: 15,15
[Actor 0] smartMove to 15,15 (H:1). Reachable:true Dist:7.07 Moving:false Path:0
[Actor 0] smartMove: triggers pathfinding. Dist: 7.1 Time:0.0 Last:-100.0 Throttle:1.00 Action:Approaching Job
Saved to slot 1 (Compressed). Size: 342 chars (Original: 993)
[Game] Dispose called for Game Instance.
[GoblinManager] 5蛟九・豢樒ｪ溘ｒ逕滓・荳ｭ...
[GoblinManager] DETERMINISM: generateCaves start. rngState=undefined
[GoblinManager] DETERMINISM: Attempt 1: Rnd(0.401804, 0.150171) -> Grid(64, 24) rngState=undefined
[GoblinManager] DETERMINISM: Attempt 2: Rnd(0.687351, 0.075207) -> Grid(109, 12) rngState=undefined
[GoblinManager] DETERMINISM: Attempt 3: Rnd(0.788240, 0.979492) -> Grid(126, 156) rngState=undefined
[GoblinManager] 豢樒ｪ溽函謌仙ｮ御ｺ・ 0/5 (隧ｦ陦悟屓謨ｰ: 5000)
Load Started for slot 1...
Load Started...
[Actor 0] smartMove to 15,15 (H:1). Reachable:true Dist:7.07 Moving:false Path:1
[Actor 0] SmartMove Depth:1 Node:20,20 My:10,10 d:10,10
[Entity 0] startMove -> isMoving:true. Target:20,20 StartTime:0.0000

[90mstdout[2m | src/tests/GroupCombat.test.js[2m > [22m[2mGroup Combat Simulations[2m > [22m[2mScenario: 3 Goblins vs 1 House (House Defends)
[22m[39m
[Scenario 3] 3 Goblins vs 1 House
Goblin constructor: calling super...
[Entity 21] Calling registerEntity...
[Entity 21] registerEntity returned.
[Entity 21] Calling updatePosition...
[Entity 21] updatePosition returned.
[ActorCore] Actor Created. Type: goblin Pos: 11,11
Goblin constructor: super returned.
Goblin constructor: checking scene...
Goblin constructor: setting ID...
[Actor 0] CHANGE STATE: None -> GoblinWanderState Request:null
Goblin constructor: calling super...
[Entity 22] Calling registerEntity...
[Entity 22] registerEntity returned.
[Entity 22] Calling updatePosition...
[Entity 22] updatePosition returned.
[ActorCore] Actor Created. Type: goblin Pos: 11,11
Goblin constructor: super returned.
Goblin constructor: checking scene...
Goblin constructor: setting ID...
Goblin constructor: calling super...
[Entity 23] Calling registerEntity...
[Entity 23] registerEntity returned.
[Entity 23] Calling updatePosition...
[Entity 23] updatePosition returned.
[ActorCore] Actor Created. Type: goblin Pos: 11,11
Goblin constructor: super returned.
Goblin constructor: checking scene...
Goblin constructor: setting ID...
Goblin Raid: House population reduced.Rem: 9 
Goblin Raid: House population reduced.Rem: 8 
Goblin Raid: House population reduced.Rem: 7 
Goblin Raid: House population reduced.Rem: 6 
Goblin(normal) died.ID:0 
Goblin Raid: House population reduced.Rem: 5 
Goblin(normal) died.ID:1 
Goblin Raid: House population reduced.Rem: 4 
Goblin Raid: House population reduced.Rem: 3 
Goblin(normal) died.ID:2 
Survivors -> Goblins: 0, House Pop: 3

[90mstdout[2m | src/tests/CombatBalance.test.js[2m > [22m[2mCombat Balance Verification[2m > [22m[2mNormal Goblin vs House (Expected: Mutually Assured Destruction or House Defense)
[22m[39m[GoblinManager] 5蛟九・豢樒ｪ溘ｒ逕滓・荳ｭ...
[GoblinManager] DETERMINISM: generateCaves start. rngState=undefined
[GoblinManager] DETERMINISM: Attempt 1: Rnd(0.264947, 0.874207) -> Grid(42, 139) rngState=undefined
[GoblinManager] DETERMINISM: Attempt 2: Rnd(0.314417, 0.462351) -> Grid(50, 73) rngState=undefined
[GoblinManager] DETERMINISM: Attempt 3: Rnd(0.666210, 0.639876) -> Grid(106, 102) rngState=undefined
[GoblinManager] 豢樒ｪ溽函謌仙ｮ御ｺ・ 0/5 (隧ｦ陦悟屓謨ｰ: 5000)
[GoblinManager] 5蛟九・豢樒ｪ溘ｒ逕滓・荳ｭ...
[GoblinManager] DETERMINISM: generateCaves start. rngState=undefined
[GoblinManager] DETERMINISM: Attempt 1: Rnd(0.168814, 0.130062) -> Grid(27, 20) rngState=undefined
[GoblinManager] DETERMINISM: Attempt 2: Rnd(0.220123, 0.530416) -> Grid(35, 84) rngState=undefined
[GoblinManager] DETERMINISM: Attempt 3: Rnd(0.652978, 0.510659) -> Grid(104, 81) rngState=undefined
[GoblinManager] 豢樒ｪ溽函謌仙ｮ御ｺ・ 0/5 (隧ｦ陦悟屓謨ｰ: 5000)

[90mstdout[2m | src/tests/SaveLoadIntegration.test.js[2m > [22m[2mComprehensive Save/Load Integration[2m > [22m[2mshould maintain game continuity across save/load
[22m[39mResetting GoblinManager...
Clearing 0 projectiles...
[Game] Deserializing terrain...

[90mstdout[2m | src/tests/SaveLoadIntegration.test.js[2m > [22m[2mComprehensive Save/Load Integration[2m > [22m[2mshould maintain game continuity across save/load
[22m[39m[Game] Terrain deserialized.

[90mstdout[2m | src/tests/CombatBalance.test.js[2m > [22m[2mCombat Balance Verification[2m > [22m[2mNormal Goblin vs House (Expected: Mutually Assured Destruction or House Defense)
[22m[39mGoblin constructor: calling super...
[Entity 2] Calling registerEntity...
[Entity 2] registerEntity returned.
[Entity 2] Calling updatePosition...
[Entity 2] updatePosition returned.
[ActorCore] Actor Created. Type: goblin Pos: 10,10
Goblin constructor: super returned.
Goblin constructor: checking scene...
Goblin constructor: setting ID...
[Actor 0] CHANGE STATE: None -> GoblinWanderState Request:null
Check updateCombatLogic: function
Goblin Raid: House population reduced.Rem: 9 
Goblin Raid: House population reduced.Rem: 8 
Goblin(normal) died.ID:0 
[Goblin vs House]
 Start: Goblin vs House (Pop:10)
End: Goblin Dead=true House Pop=8 Frames=64

[90mstdout[2m | src/tests/SaveLoadIntegration.test.js[2m > [22m[2mComprehensive Save/Load Integration[2m > [22m[2mshould maintain game continuity across save/load
[22m[39m[Game] Loading resources/time...
[Game] Updating environment...

[90mstdout[2m | src/tests/SaveLoadIntegration.test.js[2m > [22m[2mComprehensive Save/Load Integration[2m > [22m[2mshould maintain game continuity across save/load
[22m[39m[Game] Restoring 3 units...

[90mstdout[2m | src/tests/CombatBalance.test.js[2m > [22m[2mCombat Balance Verification[2m > [22m[2mNormal Goblin vs House (Expected: Mutually Assured Destruction or House Defense)
[22m[39m[Game] Dispose called for Game Instance.

[90mstdout[2m | src/tests/SaveLoadIntegration.test.js[2m > [22m[2mComprehensive Save/Load Integration[2m > [22m[2mshould maintain game continuity across save/load
[22m[39m[Entity 4] Calling registerEntity...
[Entity 4] registerEntity returned.
[Entity 4] Calling updatePosition...
[Entity 4] updatePosition returned.
[ActorCore] Actor Created. Type: unit Pos: 12,12
[UnitCore.js] Unit Created ID:0 Role:worker Pos:12,12 Special:false
[Unit 0] State Change: None -> UnitWanderState
[UnitCore.js] Unit Created ID:0 Role:worker Pos:12,12
[Job 10] Entering. NO TARGET REQUEST

[90mstdout[2m | src/tests/SaveLoadIntegration.test.js[2m > [22m[2mComprehensive Save/Load Integration[2m > [22m[2mshould maintain game continuity across save/load
[22m[39m[Entity 5] Calling registerEntity...
[Entity 5] registerEntity returned.
[Entity 5] Calling updatePosition...
[Entity 5] updatePosition returned.
[ActorCore] Actor Created. Type: unit Pos: 15,15
[UnitCore.js] Unit Created ID:1 Role:knight Pos:15,15 Special:false
[UnitCore.js] Unit Created ID:1 Role:knight Pos:15,15

[90mstdout[2m | src/tests/SaveLoadIntegration.test.js[2m > [22m[2mComprehensive Save/Load Integration[2m > [22m[2mshould maintain game continuity across save/load
[22m[39m[Entity 6] Calling registerEntity...
[Entity 6] registerEntity returned.
[Entity 6] Calling updatePosition...
[Entity 6] updatePosition returned.
[ActorCore] Actor Created. Type: unit Pos: 18,18
[UnitCore.js] Unit Created ID:2 Role:worker Pos:18,18 Special:true
[UnitCore.js] Unit Created ID:2 Role:worker Pos:18,18
[Job 12] Entering. NO TARGET REQUEST
[Game] Successfully restored 3 units.
Goblin constructor: calling super...
[Entity 7] Calling registerEntity...
[Entity 7] registerEntity returned.
[Entity 7] Calling updatePosition...
[Entity 7] updatePosition returned.
[ActorCore] Actor Created. Type: goblin Pos: 80,80
Goblin constructor: super returned.
Goblin constructor: checking scene...
Goblin constructor: setting ID...
[Game] Restoring 1 requests...

[90mstdout[2m | src/tests/SaveLoadIntegration.test.js[2m > [22m[2mComprehensive Save/Load Integration[2m > [22m[2mshould maintain game continuity across save/load
[22m[39m[Game] Checking unit 10 for targetRequestId: req_integrity_1
[Game] Re-linked Unit 10 to Request req_integrity_1
[Job 10] Entering. Target: 20,20
[Actor 10] smartMove: triggers pathfinding. Dist: 11.3 Time:0.0 Last:-100.0 Throttle:2.00 Action:Approaching Job
[Game] Checking unit 11 for targetRequestId: null
[Game] Checking unit 12 for targetRequestId: req_integrity_1
[Game] Restored Camera Zoom: 1

[90mstdout[2m | src/tests/GroupCombat.test.js[2m > [22m[2mGroup Combat Simulations[2m > [22m[2mScenario: 5 Goblins vs 1 House (House Destroyed)
[22m[39m
[Scenario 4] 5 Goblins vs 1 House (Pop 5)
Goblin constructor: calling super...
[Entity 24] Calling registerEntity...
[Entity 24] registerEntity returned.
[Entity 24] Calling updatePosition...
[Entity 24] updatePosition returned.
[ActorCore] Actor Created. Type: goblin Pos: 11,11
Goblin constructor: super returned.
Goblin constructor: checking scene...
Goblin constructor: setting ID...
[Actor 0] CHANGE STATE: None -> GoblinWanderState Request:null
Goblin constructor: calling super...
[Entity 25] Calling registerEntity...
[Entity 25] registerEntity returned.
[Entity 25] Calling updatePosition...
[Entity 25] updatePosition returned.
[ActorCore] Actor Created. Type: goblin Pos: 11,11
Goblin constructor: super returned.
Goblin constructor: checking scene...
Goblin constructor: setting ID...
Goblin constructor: calling super...
[Entity 26] Calling registerEntity...
[Entity 26] registerEntity returned.
[Entity 26] Calling updatePosition...
[Entity 26] updatePosition returned.
[ActorCore] Actor Created. Type: goblin Pos: 11,11
Goblin constructor: super returned.
Goblin constructor: checking scene...
Goblin constructor: setting ID...
Goblin constructor: calling super...
[Entity 27] Calling registerEntity...
[Entity 27] registerEntity returned.
[Entity 27] Calling updatePosition...
[Entity 27] updatePosition returned.
[ActorCore] Actor Created. Type: goblin Pos: 11,11
Goblin constructor: super returned.
Goblin constructor: checking scene...
Goblin constructor: setting ID...
Goblin constructor: calling super...
[Entity 28] Calling registerEntity...
[Entity 28] registerEntity returned.
[Entity 28] Calling updatePosition...
[Entity 28] updatePosition returned.
[ActorCore] Actor Created. Type: goblin Pos: 11,11
Goblin constructor: super returned.
Goblin constructor: checking scene...
Goblin constructor: setting ID...
Goblin Raid: House population reduced.Rem: 4 
Goblin Raid: House population reduced.Rem: 3 
Goblin Raid: House population reduced.Rem: 2 
Goblin Raid: House population reduced.Rem: 1 
Goblin Raid: House population reduced.Rem: 0 
Goblin destroyed Building house (Legacy) !
Goblin 0 destroyed house !
Survivors -> Goblins: 5, House Pop: 0

[90mstdout[2m | src/tests/RealTerrainRestoration.test.js[2m > [22m[2mReal Terrain Restoration Logic[2m > [22m[2mshould successfully restore Terrain regions and Unit pathfinding
[22m[39mLoad Game: Data found {
  slotId: [33m1[39m,
  timestamp: [33m1769770259523[39m,
  resources: { grain: [33m0[39m, fish: [33m0[39m, meat: [33m0[39m },
  gameTime: [33m6[39m,
  gameTotalTime: [33m0[39m,
  currentSeasonIndex: [33m0[39m,
  daysPassed: [33m0[39m,
  terrain: {
    h: [],
    n: [],
    b: [],
    logicalWidth: [33m160[39m,
    logicalDepth: [33m160[39m,
    version: [33m2[39m
  },
  units: [
    {
      id: [33m100[39m,
      gridX: [33m10[39m,
      gridZ: [33m10[39m,
      age: [33m20.0032[39m,
      raidTargetX: [1mnull[22m,
      raidTargetY: [1mnull[22m,
      raidTargetZ: [1mnull[22m,
      raidTargetTS: [1mnull[22m,
      lifespan: [33m80.02315790507309[39m,
      isDead: [33mfalse[39m,
      isFinished: [33mfalse[39m,
      isMoving: [33mtrue[39m,
      targetX: [33m0[39m,
      targetZ: [33m0[39m,
      moveStartTime: [33m-100[39m,
      moveDuration: [33m6[39m,
      startGridX: [33m10[39m,
      startGridZ: [33m10[39m,
      targetGridX: [33m15[39m,
      targetGridZ: [33m15[39m,
      isSpecial: [33mfalse[39m,
      role: [32m'worker'[39m,
      type: [32m'worker'[39m,
      hp: [33m52[39m,
      maxHp: [33m52[39m,
      damage: [33m12[39m,
      xp: [33m0[39m,
      level: [33m1[39m,
      name: [32m'Unit'[39m,
      squadId: [1mnull[22m,
      targetRequestId: [32m'req_manual_persistent'[39m,
      action: [32m'Approaching Job'[39m,
      ignoredTargets: []
    }
  ],
  requests: [
    {
      id: [32m'req_manual_persistent'[39m,
      type: [32m'raise'[39m,
      x: [33m15[39m,
      z: [33m15[39m,
      status: [32m'assigned'[39m,
      assignedTo: [33m100[39m,
      assignedAt: [33m0[39m,
      createdAt: [33m0[39m,
      isManual: [33mtrue[39m
    }
  ],
  goblinManager: {},
  camera: { position: { x: [33m0[39m, y: [33m0[39m, z: [33m0[39m }, target: { x: [33m0[39m, y: [33m0[39m, z: [33m0[39m } }
}

[90mstdout[2m | src/tests/CombatBalance.test.js[2m > [22m[2mCombat Balance Verification[2m > [22m[2mKnight vs Normal Goblin (Expected: Knight Stomp)
[22m[39m[GoblinManager] 5蛟九・豢樒ｪ溘ｒ逕滓・荳ｭ...
[GoblinManager] DETERMINISM: generateCaves start. rngState=undefined
[GoblinManager] DETERMINISM: Attempt 1: Rnd(0.775151, 0.354112) -> Grid(124, 56) rngState=undefined
[GoblinManager] DETERMINISM: Attempt 2: Rnd(0.099968, 0.678447) -> Grid(15, 108) rngState=undefined
[GoblinManager] DETERMINISM: Attempt 3: Rnd(0.047320, 0.322809) -> Grid(7, 51) rngState=undefined
[GoblinManager] 豢樒ｪ溽函謌仙ｮ御ｺ・ 0/5 (隧ｦ陦悟屓謨ｰ: 5000)
[GoblinManager] 5蛟九・豢樒ｪ溘ｒ逕滓・荳ｭ...
[GoblinManager] DETERMINISM: generateCaves start. rngState=undefined
[GoblinManager] DETERMINISM: Attempt 1: Rnd(0.273952, 0.994849) -> Grid(43, 159) rngState=undefined
[GoblinManager] DETERMINISM: Attempt 2: Rnd(0.338136, 0.024731) -> Grid(54, 3) rngState=undefined
[GoblinManager] DETERMINISM: Attempt 3: Rnd(0.823317, 0.607562) -> Grid(131, 97) rngState=undefined
[GoblinManager] 豢樒ｪ溽函謌仙ｮ御ｺ・ 0/5 (隧ｦ陦悟屓謨ｰ: 5000)

[90mstdout[2m | src/tests/GroupCombat.test.js[2m > [22m[2mGroup Combat Simulations[2m > [22m[2mScenario 5: King vs 1 Knight (Knight Wins)
[22m[39m
[Scenario 5] King vs 1 Knight
[Entity 29] Calling registerEntity...
[Entity 29] registerEntity returned.
[Entity 29] Calling updatePosition...
[Entity 29] updatePosition returned.
[ActorCore] Actor Created. Type: unit Pos: 10,10
[UnitCore.js] Unit Created ID:0 Role:knight Pos:10,10 Special:false
[Unit 0] State Change: None -> UnitWanderState
[UnitCore.js] Unit Created ID:0 Role:knight Pos:10,10
Goblin constructor: calling super...
[Entity 30] Calling registerEntity...
[Entity 30] registerEntity returned.
[Entity 30] Calling updatePosition...
[Entity 30] updatePosition returned.
[ActorCore] Actor Created. Type: goblin Pos: 15,15
Goblin constructor: super returned.
Goblin constructor: checking scene...
Goblin constructor: setting ID...
[Actor 0] CHANGE STATE: None -> GoblinWanderState Request:null
[Actor 0] smartMove to 10.5,10.5 (H:10). Reachable:true Dist:6.36 Moving:false Path:0
[Actor 0] smartMove: triggers pathfinding. Dist: 6.4 Time:0.0 Last:0.0 Throttle:1.00 Action:Idle
Goblin hit Unit! Dmg: 80 UnitHP: 929 
Unit hit Goblin! Dmg: 300 GoblinHP: 1220
Goblin hit Unit! Dmg: 80 UnitHP: 849 
Unit hit Goblin! Dmg: 300 GoblinHP: 920.0183333333346
Goblin hit Unit! Dmg: 80 UnitHP: 769 
Unit hit Goblin! Dmg: 300 GoblinHP: 620.0366666666679
Goblin hit Unit! Dmg: 80 UnitHP: 689 
Unit hit Goblin! Dmg: 300 GoblinHP: 320.0550000000012
Unit hit Goblin! Dmg: 300 GoblinHP: 20.073333333334517
Goblin hit Unit! Dmg: 80 UnitHP: 609 
Unit hit Goblin! Dmg: 300 GoblinHP: -279.90833333333217
Survivor: Knight (HP 609) vs King (Dead)
[Actor 0] smartMove to 10.5,10.5 (H:10). Reachable:true Dist:6.36 Moving:false Path:1
[Actor 0] SmartMove Depth:1 Node:10.5,10.5 My:15,15 d:4.5,4.5
[Entity 0] startMove -> isMoving:true. Target:10.5,10.5 StartTime:0.0000

[90mstdout[2m | src/tests/CombatBalance.test.js[2m > [22m[2mCombat Balance Verification[2m > [22m[2mKnight vs Normal Goblin (Expected: Knight Stomp)
[22m[39m[Entity 3] Calling registerEntity...
[Entity 3] registerEntity returned.
[Entity 3] Calling updatePosition...
[Entity 3] updatePosition returned.
[ActorCore] Actor Created. Type: unit Pos: 10,10
[UnitCore.js] Unit Created ID:0 Role:knight Pos:10,10 Special:false
[Unit 0] State Change: None -> UnitWanderState
[UnitCore.js] Unit Created ID:0 Role:knight Pos:10,10
Goblin constructor: calling super...
[Entity 4] Calling registerEntity...
[Entity 4] registerEntity returned.
[Entity 4] Calling updatePosition...
[Entity 4] updatePosition returned.
[ActorCore] Actor Created. Type: goblin Pos: 10,10
Goblin constructor: super returned.
Goblin constructor: checking scene...
Goblin constructor: setting ID...
[Actor 0] CHANGE STATE: None -> GoblinWanderState Request:null
[Unit 0] State Change: UnitWanderState -> CombatState
[Combat] Entering. Saved Context: {"action":"Idle","target":null,"migrationTarget":null}
[Game] New Battle Hotspot at 10,10 (Region:[object Object])
[Unit Debug] ATTACKING Goblin 0
[Goblin 0] Death Counter! Hitting 0
Goblin(normal) died.ID:0 
[Knight vs Normal]
 Start: Unit(knight HP:1013/1013 Dmg:300) vs Goblin(normal HP:50/50 Dmg:15)
End: Winner=Unit Frames=1
Final: Unit HP:1005.5 Goblin HP:0.0

[90mstdout[2m | src/tests/CombatBalance.test.js[2m > [22m[2mCombat Balance Verification[2m > [22m[2mKnight vs Normal Goblin (Expected: Knight Stomp)
[22m[39m[Game] Dispose called for Game Instance.

[90mstdout[2m | src/tests/CombatBalance.test.js[2m > [22m[2mCombat Balance Verification[2m > [22m[2mKnight vs King Goblin (Expected: Close or King Advantage)
[22m[39m[GoblinManager] 5蛟九・豢樒ｪ溘ｒ逕滓・荳ｭ...
[GoblinManager] DETERMINISM: generateCaves start. rngState=undefined
[GoblinManager] DETERMINISM: Attempt 1: Rnd(0.485409, 0.761965) -> Grid(77, 121) rngState=undefined
[GoblinManager] DETERMINISM: Attempt 2: Rnd(0.778629, 0.495302) -> Grid(124, 79) rngState=undefined
[GoblinManager] DETERMINISM: Attempt 3: Rnd(0.326039, 0.161196) -> Grid(52, 25) rngState=undefined
[GoblinManager] 豢樒ｪ溽函謌仙ｮ御ｺ・ 0/5 (隧ｦ陦悟屓謨ｰ: 5000)
[GoblinManager] 5蛟九・豢樒ｪ溘ｒ逕滓・荳ｭ...
[GoblinManager] DETERMINISM: generateCaves start. rngState=undefined
[GoblinManager] DETERMINISM: Attempt 1: Rnd(0.794102, 0.078864) -> Grid(127, 12) rngState=undefined
[GoblinManager] DETERMINISM: Attempt 2: Rnd(0.150145, 0.447020) -> Grid(24, 71) rngState=undefined
[GoblinManager] DETERMINISM: Attempt 3: Rnd(0.773915, 0.041312) -> Grid(123, 6) rngState=undefined
[GoblinManager] 豢樒ｪ溽函謌仙ｮ御ｺ・ 0/5 (隧ｦ陦悟屓謨ｰ: 5000)

[90mstdout[2m | src/tests/CombatBalance.test.js[2m > [22m[2mCombat Balance Verification[2m > [22m[2mKnight vs King Goblin (Expected: Close or King Advantage)
[22m[39m[Entity 5] Calling registerEntity...
[Entity 5] registerEntity returned.
[Entity 5] Calling updatePosition...
[Entity 5] updatePosition returned.
[ActorCore] Actor Created. Type: unit Pos: 10,10
[UnitCore.js] Unit Created ID:0 Role:knight Pos:10,10 Special:false
[Unit 0] State Change: None -> UnitWanderState
[UnitCore.js] Unit Created ID:0 Role:knight Pos:10,10
Goblin constructor: calling super...
[Entity 6] Calling registerEntity...
[Entity 6] registerEntity returned.
[Entity 6] Calling updatePosition...
[Entity 6] updatePosition returned.
[ActorCore] Actor Created. Type: goblin Pos: 10,10
Goblin constructor: super returned.
Goblin constructor: checking scene...
Goblin constructor: setting ID...
[Actor 0] CHANGE STATE: None -> GoblinWanderState Request:null
[Unit 0] State Change: UnitWanderState -> CombatState
[Combat] Entering. Saved Context: {"action":"Idle","target":null,"migrationTarget":null}
[Game] New Battle Hotspot at 10,10 (Region:[object Object])
[Unit Debug] ATTACKING Goblin 0
[GoblinWander Debug] ID:0 State:Wander Update. Timer:0.05 dt:0.0160 findTarget:function
[GoblinWander Debug] ID:0 State:Wander Update. Timer:0.35 dt:0.0160 findTarget:function
[GoblinState Debug] ID:0 Calling scanForTargets...
[Actor 0] CHANGE STATE: GoblinWanderState -> GoblinCombatState Request:null
Goblin hit Unit! Dmg: 80 UnitHP: 933 
[Unit Debug] ATTACKING Goblin 0
Goblin hit Unit! Dmg: 80 UnitHP: 853.0400000000013 
[Unit Debug] ATTACKING Goblin 0
Goblin hit Unit! Dmg: 80 UnitHP: 773.0800000000027 
[Unit Debug] ATTACKING Goblin 0
[Unit Debug] ATTACKING Goblin 0
Goblin hit Unit! Dmg: 80 UnitHP: 693.120000000004 
[Unit Debug] ATTACKING Goblin 0
[Goblin 0] Death Counter! Hitting 0
Goblin(king) died.ID:0 
King Defeated! +500 Mana
[Knight vs King]
 Start: Unit(knight HP:1013/1013 Dmg:300) vs Goblin(king HP:1566/1566 Dmg:80)
End: Winner=Unit Frames=321
Final: Unit HP:653.2 Goblin HP:0.0

[90mstdout[2m | src/tests/CombatBalance.test.js[2m > [22m[2mCombat Balance Verification[2m > [22m[2mKnight vs King Goblin (Expected: Close or King Advantage)
[22m[39m[Game] Dispose called for Game Instance.

[90mstdout[2m | src/tests/GroupCombat.test.js[2m > [22m[2mGroup Combat Simulations[2m > [22m[2mScenario 6: King vs 20 Workers (Workers Swarm)
[22m[39m
[Scenario 6] King vs 20 Workers
Goblin constructor: calling super...
[Entity 31] Calling registerEntity...
[Entity 31] registerEntity returned.
[Entity 31] Calling updatePosition...
[Entity 31] updatePosition returned.
[ActorCore] Actor Created. Type: goblin Pos: 15,15
Goblin constructor: super returned.
Goblin constructor: checking scene...
Goblin constructor: setting ID...
[Actor 0] CHANGE STATE: None -> GoblinWanderState Request:null
[Entity 32] Calling registerEntity...
[Entity 32] registerEntity returned.
[Entity 32] Calling updatePosition...
[Entity 32] updatePosition returned.
[ActorCore] Actor Created. Type: unit Pos: 12,12
[UnitCore.js] Unit Created ID:0 Role:worker Pos:12,12 Special:false
[Unit 0] State Change: None -> UnitWanderState
[UnitCore.js] Unit Created ID:0 Role:worker Pos:12,12
[Entity 33] Calling registerEntity...
[Entity 33] registerEntity returned.
[Entity 33] Calling updatePosition...
[Entity 33] updatePosition returned.
[ActorCore] Actor Created. Type: unit Pos: 12,12
[UnitCore.js] Unit Created ID:1 Role:worker Pos:12,12 Special:false
[UnitCore.js] Unit Created ID:1 Role:worker Pos:12,12
[Entity 34] Calling registerEntity...
[Entity 34] registerEntity returned.
[Entity 34] Calling updatePosition...
[Entity 34] updatePosition returned.
[ActorCore] Actor Created. Type: unit Pos: 12,12
[UnitCore.js] Unit Created ID:2 Role:worker Pos:12,12 Special:false
[UnitCore.js] Unit Created ID:2 Role:worker Pos:12,12
[Entity 35] Calling registerEntity...
[Entity 35] registerEntity returned.
[Entity 35] Calling updatePosition...
[Entity 35] updatePosition returned.
[ActorCore] Actor Created. Type: unit Pos: 12,12
[UnitCore.js] Unit Created ID:3 Role:worker Pos:12,12 Special:false
[UnitCore.js] Unit Created ID:3 Role:worker Pos:12,12
[Entity 36] Calling registerEntity...
[Entity 36] registerEntity returned.
[Entity 36] Calling updatePosition...
[Entity 36] updatePosition returned.
[ActorCore] Actor Created. Type: unit Pos: 12,12
[UnitCore.js] Unit Created ID:4 Role:worker Pos:12,12 Special:false
[UnitCore.js] Unit Created ID:4 Role:worker Pos:12,12
[Entity 37] Calling registerEntity...
[Entity 37] registerEntity returned.
[Entity 37] Calling updatePosition...
[Entity 37] updatePosition returned.
[ActorCore] Actor Created. Type: unit Pos: 12,12
[UnitCore.js] Unit Created ID:5 Role:worker Pos:12,12 Special:false
[UnitCore.js] Unit Created ID:5 Role:worker Pos:12,12
[Entity 38] Calling registerEntity...
[Entity 38] registerEntity returned.
[Entity 38] Calling updatePosition...
[Entity 38] updatePosition returned.
[ActorCore] Actor Created. Type: unit Pos: 12,12
[UnitCore.js] Unit Created ID:6 Role:worker Pos:12,12 Special:false
[UnitCore.js] Unit Created ID:6 Role:worker Pos:12,12
[Entity 39] Calling registerEntity...
[Entity 39] registerEntity returned.
[Entity 39] Calling updatePosition...
[Entity 39] updatePosition returned.
[ActorCore] Actor Created. Type: unit Pos: 12,12
[UnitCore.js] Unit Created ID:7 Role:worker Pos:12,12 Special:false
[UnitCore.js] Unit Created ID:7 Role:worker Pos:12,12
[Entity 40] Calling registerEntity...
[Entity 40] registerEntity returned.
[Entity 40] Calling updatePosition...
[Entity 40] updatePosition returned.
[ActorCore] Actor Created. Type: unit Pos: 12,12
[UnitCore.js] Unit Created ID:8 Role:worker Pos:12,12 Special:false
[UnitCore.js] Unit Created ID:8 Role:worker Pos:12,12
[Entity 41] Calling registerEntity...
[Entity 41] registerEntity returned.
[Entity 41] Calling updatePosition...
[Entity 41] updatePosition returned.
[ActorCore] Actor Created. Type: unit Pos: 12,12
[UnitCore.js] Unit Created ID:9 Role:worker Pos:12,12 Special:false
[UnitCore.js] Unit Created ID:9 Role:worker Pos:12,12
[Entity 42] Calling registerEntity...
[Entity 42] registerEntity returned.
[Entity 42] Calling updatePosition...
[Entity 42] updatePosition returned.
[ActorCore] Actor Created. Type: unit Pos: 12,12
[UnitCore.js] Unit Created ID:10 Role:worker Pos:12,12 Special:false
[UnitCore.js] Unit Created ID:10 Role:worker Pos:12,12
[Entity 43] Calling registerEntity...
[Entity 43] registerEntity returned.
[Entity 43] Calling updatePosition...
[Entity 43] updatePosition returned.
[ActorCore] Actor Created. Type: unit Pos: 12,12
[UnitCore.js] Unit Created ID:11 Role:worker Pos:12,12 Special:false
[UnitCore.js] Unit Created ID:11 Role:worker Pos:12,12
[Entity 44] Calling registerEntity...
[Entity 44] registerEntity returned.
[Entity 44] Calling updatePosition...
[Entity 44] updatePosition returned.
[ActorCore] Actor Created. Type: unit Pos: 12,12
[UnitCore.js] Unit Created ID:12 Role:worker Pos:12,12 Special:false
[UnitCore.js] Unit Created ID:12 Role:worker Pos:12,12
[Entity 45] Calling registerEntity...
[Entity 45] registerEntity returned.
[Entity 45] Calling updatePosition...
[Entity 45] updatePosition returned.
[ActorCore] Actor Created. Type: unit Pos: 12,12
[UnitCore.js] Unit Created ID:13 Role:worker Pos:12,12 Special:false
[UnitCore.js] Unit Created ID:13 Role:worker Pos:12,12
[Entity 46] Calling registerEntity...
[Entity 46] registerEntity returned.
[Entity 46] Calling updatePosition...
[Entity 46] updatePosition returned.
[ActorCore] Actor Created. Type: unit Pos: 12,12
[UnitCore.js] Unit Created ID:14 Role:worker Pos:12,12 Special:false
[UnitCore.js] Unit Created ID:14 Role:worker Pos:12,12
[Entity 47] Calling registerEntity...
[Entity 47] registerEntity returned.
[Entity 47] Calling updatePosition...
[Entity 47] updatePosition returned.
[ActorCore] Actor Created. Type: unit Pos: 12,12
[UnitCore.js] Unit Created ID:15 Role:worker Pos:12,12 Special:false
[UnitCore.js] Unit Created ID:15 Role:worker Pos:12,12
[Entity 48] Calling registerEntity...
[Entity 48] registerEntity returned.
[Entity 48] Calling updatePosition...
[Entity 48] updatePosition returned.
[ActorCore] Actor Created. Type: unit Pos: 12,12
[UnitCore.js] Unit Created ID:16 Role:worker Pos:12,12 Special:false
[UnitCore.js] Unit Created ID:16 Role:worker Pos:12,12
[Entity 49] Calling registerEntity...
[Entity 49] registerEntity returned.
[Entity 49] Calling updatePosition...
[Entity 49] updatePosition returned.
[ActorCore] Actor Created. Type: unit Pos: 12,12
[UnitCore.js] Unit Created ID:17 Role:worker Pos:12,12 Special:false
[UnitCore.js] Unit Created ID:17 Role:worker Pos:12,12
[Entity 50] Calling registerEntity...
[Entity 50] registerEntity returned.
[Entity 50] Calling updatePosition...
[Entity 50] updatePosition returned.
[ActorCore] Actor Created. Type: unit Pos: 12,12
[UnitCore.js] Unit Created ID:18 Role:worker Pos:12,12 Special:false
[UnitCore.js] Unit Created ID:18 Role:worker Pos:12,12
[Entity 51] Calling registerEntity...
[Entity 51] registerEntity returned.
[Entity 51] Calling updatePosition...
[Entity 51] updatePosition returned.
[ActorCore] Actor Created. Type: unit Pos: 12,12
[UnitCore.js] Unit Created ID:19 Role:worker Pos:12,12 Special:false
[UnitCore.js] Unit Created ID:19 Role:worker Pos:12,12
Unit 0 (worker) DIED. R.I.P.
Goblin hit Unit! Dmg: 80 UnitHP: 0 
Unit hit Goblin! Dmg: 12 GoblinHP: 1496
Unit hit Goblin! Dmg: 12 GoblinHP: 1484
Unit hit Goblin! Dmg: 12 GoblinHP: 1472
Unit hit Goblin! Dmg: 12 GoblinHP: 1460
Unit hit Goblin! Dmg: 12 GoblinHP: 1448
Unit hit Goblin! Dmg: 12 GoblinHP: 1436
Unit hit Goblin! Dmg: 12 GoblinHP: 1424
Unit hit Goblin! Dmg: 12 GoblinHP: 1412
Unit hit Goblin! Dmg: 12 GoblinHP: 1400
Unit hit Goblin! Dmg: 12 GoblinHP: 1388
Unit hit Goblin! Dmg: 12 GoblinHP: 1376
Unit hit Goblin! Dmg: 12 GoblinHP: 1364
Unit hit Goblin! Dmg: 12 GoblinHP: 1352
Unit hit Goblin! Dmg: 12 GoblinHP: 1340
Unit hit Goblin! Dmg: 12 GoblinHP: 1328
Unit hit Goblin! Dmg: 12 GoblinHP: 1316
Unit hit Goblin! Dmg: 12 GoblinHP: 1304
Unit hit Goblin! Dmg: 12 GoblinHP: 1292
Unit hit Goblin! Dmg: 12 GoblinHP: 1280
[Unit 1] Death Counter! Hitting 0
Unit 1 (worker) DIED. R.I.P.
Goblin hit Unit! Dmg: 80 UnitHP: 0 
Unit hit Goblin! Dmg: 12 GoblinHP: 1262.0183333333346
Unit hit Goblin! Dmg: 12 GoblinHP: 1250.0183333333346
Unit hit Goblin! Dmg: 12 GoblinHP: 1238.0183333333346
Unit hit Goblin! Dmg: 12 GoblinHP: 1226.0183333333346
Unit hit Goblin! Dmg: 12 GoblinHP: 1214.0183333333346
Unit hit Goblin! Dmg: 12 GoblinHP: 1202.0183333333346
Unit hit Goblin! Dmg: 12 GoblinHP: 1190.0183333333346
Unit hit Goblin! Dmg: 12 GoblinHP: 1178.0183333333346
Unit hit Goblin! Dmg: 12 GoblinHP: 1166.0183333333346
Unit hit Goblin! Dmg: 12 GoblinHP: 1154.0183333333346
Unit hit Goblin! Dmg: 12 GoblinHP: 1142.0183333333346
Unit hit Goblin! Dmg: 12 GoblinHP: 1130.0183333333346
Unit hit Goblin! Dmg: 12 GoblinHP: 1118.0183333333346
Unit hit Goblin! Dmg: 12 GoblinHP: 1106.0183333333346
Unit hit Goblin! Dmg: 12 GoblinHP: 1094.0183333333346
Unit hit Goblin! Dmg: 12 GoblinHP: 1082.0183333333346
Unit hit Goblin! Dmg: 12 GoblinHP: 1070.0183333333346
Unit hit Goblin! Dmg: 12 GoblinHP: 1058.0183333333346
[Unit 2] Death Counter! Hitting 0
Unit 2 (worker) DIED. R.I.P.
Goblin hit Unit! Dmg: 80 UnitHP: 0 
Unit hit Goblin! Dmg: 12 GoblinHP: 1040.0366666666691
Unit hit Goblin! Dmg: 12 GoblinHP: 1028.0366666666691
Unit hit Goblin! Dmg: 12 GoblinHP: 1016.0366666666691
Unit hit Goblin! Dmg: 12 GoblinHP: 1004.0366666666691
Unit hit Goblin! Dmg: 12 GoblinHP: 992.0366666666691
Unit hit Goblin! Dmg: 12 GoblinHP: 980.0366666666691
Unit hit Goblin! Dmg: 12 GoblinHP: 968.0366666666691
Unit hit Goblin! Dmg: 12 GoblinHP: 956.0366666666691
Unit hit Goblin! Dmg: 12 GoblinHP: 944.0366666666691
Unit hit Goblin! Dmg: 12 GoblinHP: 932.0366666666691
Unit hit Goblin! Dmg: 12 GoblinHP: 920.0366666666691
Unit hit Goblin! Dmg: 12 GoblinHP: 908.0366666666691
Unit hit Goblin! Dmg: 12 GoblinHP: 896.0366666666691
Unit hit Goblin! Dmg: 12 GoblinHP: 884.0366666666691
Unit hit Goblin! Dmg: 12 GoblinHP: 872.0366666666691
Unit hit Goblin! Dmg: 12 GoblinHP: 860.0366666666691
Unit hit Goblin! Dmg: 12 GoblinHP: 848.0366666666691
[Unit 3] Death Counter! Hitting 0
Unit 3 (worker) DIED. R.I.P.
Goblin hit Unit! Dmg: 80 UnitHP: 0 
Unit hit Goblin! Dmg: 12 GoblinHP: 830.0550000000025
Unit hit Goblin! Dmg: 12 GoblinHP: 818.0550000000025
Unit hit Goblin! Dmg: 12 GoblinHP: 806.0550000000025
Unit hit Goblin! Dmg: 12 GoblinHP: 794.0550000000025
Unit hit Goblin! Dmg: 12 GoblinHP: 782.0550000000025
Unit hit Goblin! Dmg: 12 GoblinHP: 770.0550000000025
Unit hit Goblin! Dmg: 12 GoblinHP: 758.0550000000025
Unit hit Goblin! Dmg: 12 GoblinHP: 746.0550000000025
Unit hit Goblin! Dmg: 12 GoblinHP: 734.0550000000025
Unit hit Goblin! Dmg: 12 GoblinHP: 722.0550000000025
Unit hit Goblin! Dmg: 12 GoblinHP: 710.0550000000025
Unit hit Goblin! Dmg: 12 GoblinHP: 698.0550000000025
Unit hit Goblin! Dmg: 12 GoblinHP: 686.0550000000025
Unit hit Goblin! Dmg: 12 GoblinHP: 674.0550000000025
Unit hit Goblin! Dmg: 12 GoblinHP: 662.0550000000025
Unit hit Goblin! Dmg: 12 GoblinHP: 650.0550000000025
Unit hit Goblin! Dmg: 12 GoblinHP: 638.0733333333358
Unit hit Goblin! Dmg: 12 GoblinHP: 626.0733333333358
Unit hit Goblin! Dmg: 12 GoblinHP: 614.0733333333358
Unit hit Goblin! Dmg: 12 GoblinHP: 602.0733333333358
Unit hit Goblin! Dmg: 12 GoblinHP: 590.0733333333358
Unit hit Goblin! Dmg: 12 GoblinHP: 578.0733333333358
Unit hit Goblin! Dmg: 12 GoblinHP: 566.0733333333358
Unit hit Goblin! Dmg: 12 GoblinHP: 554.0733333333358
Unit hit Goblin! Dmg: 12 GoblinHP: 542.0733333333358
Unit hit Goblin! Dmg: 12 GoblinHP: 530.0733333333358
Unit hit Goblin! Dmg: 12 GoblinHP: 518.0733333333358
Unit hit Goblin! Dmg: 12 GoblinHP: 506.07333333333577
Unit hit Goblin! Dmg: 12 GoblinHP: 494.07333333333577
Unit hit Goblin! Dmg: 12 GoblinHP: 482.07333333333577
Unit hit Goblin! Dmg: 12 GoblinHP: 470.07333333333577
Unit hit Goblin! Dmg: 12 GoblinHP: 458.07333333333577
[Unit 4] Death Counter! Hitting 0
Unit 4 (worker) DIED. R.I.P.
Goblin hit Unit! Dmg: 80 UnitHP: 0 
Unit hit Goblin! Dmg: 12 GoblinHP: 440.0916666666691
Unit hit Goblin! Dmg: 12 GoblinHP: 428.0916666666691
Unit hit Goblin! Dmg: 12 GoblinHP: 416.0916666666691
Unit hit Goblin! Dmg: 12 GoblinHP: 404.0916666666691
Unit hit Goblin! Dmg: 12 GoblinHP: 392.0916666666691
Unit hit Goblin! Dmg: 12 GoblinHP: 380.0916666666691
Unit hit Goblin! Dmg: 12 GoblinHP: 368.0916666666691
Unit hit Goblin! Dmg: 12 GoblinHP: 356.0916666666691
Unit hit Goblin! Dmg: 12 GoblinHP: 344.0916666666691
Unit hit Goblin! Dmg: 12 GoblinHP: 332.0916666666691
Unit hit Goblin! Dmg: 12 GoblinHP: 320.0916666666691
Unit hit Goblin! Dmg: 12 GoblinHP: 308.0916666666691
Unit hit Goblin! Dmg: 12 GoblinHP: 296.0916666666691
Unit hit Goblin! Dmg: 12 GoblinHP: 284.0916666666691
Unit hit Goblin! Dmg: 12 GoblinHP: 272.0916666666691
[Unit 5] Death Counter! Hitting 0
Unit 5 (worker) DIED. R.I.P.
Goblin hit Unit! Dmg: 80 UnitHP: 0 
Unit hit Goblin! Dmg: 12 GoblinHP: 254.1100000000024
Unit hit Goblin! Dmg: 12 GoblinHP: 242.1100000000024
Unit hit Goblin! Dmg: 12 GoblinHP: 230.1100000000024
Unit hit Goblin! Dmg: 12 GoblinHP: 218.1100000000024
Unit hit Goblin! Dmg: 12 GoblinHP: 206.1100000000024
Unit hit Goblin! Dmg: 12 GoblinHP: 194.1100000000024
Unit hit Goblin! Dmg: 12 GoblinHP: 182.1100000000024
Unit hit Goblin! Dmg: 12 GoblinHP: 170.1100000000024
Unit hit Goblin! Dmg: 12 GoblinHP: 158.1100000000024
Unit hit Goblin! Dmg: 12 GoblinHP: 146.1100000000024
Unit hit Goblin! Dmg: 12 GoblinHP: 134.1100000000024
Unit hit Goblin! Dmg: 12 GoblinHP: 122.1100000000024
Unit hit Goblin! Dmg: 12 GoblinHP: 110.1100000000024
Unit hit Goblin! Dmg: 12 GoblinHP: 98.1100000000024
[Unit 6] Death Counter! Hitting 0
[Actor 0] CHANGE STATE: GoblinWanderState -> GoblinCombatState Request:null
Unit 6 (worker) DIED. R.I.P.
Goblin hit Unit! Dmg: 80 UnitHP: 0 
[GoblinCombat 0] Target Unit Dead. Switching to Raid.
[Actor 0] CHANGE STATE: GoblinCombatState -> GoblinRaidState Request:null
Unit hit Goblin! Dmg: 12 GoblinHP: 80.12833333333572
Unit hit Goblin! Dmg: 12 GoblinHP: 68.12833333333572
Unit hit Goblin! Dmg: 12 GoblinHP: 56.12833333333572
Unit hit Goblin! Dmg: 12 GoblinHP: 44.12833333333572
Unit hit Goblin! Dmg: 12 GoblinHP: 32.12833333333572
Unit hit Goblin! Dmg: 12 GoblinHP: 20.128333333335718
Unit hit Goblin! Dmg: 12 GoblinHP: 8.128333333335718
Unit hit Goblin! Dmg: 12 GoblinHP: -3.8716666666642823
Survivors -> Workers: 13, King: Dead

[90mstdout[2m | src/tests/RealTerrainRestoration.test.js[2m > [22m[2mReal Terrain Restoration Logic[2m > [22m[2mshould successfully restore Terrain regions and Unit pathfinding
[22m[39mClearing 0 projectiles...
[Game] Deserializing terrain...

[90mstdout[2m | src/tests/RealTerrainRestoration.test.js[2m > [22m[2mReal Terrain Restoration Logic[2m > [22m[2mshould successfully restore Terrain regions and Unit pathfinding
[22m[39m[Game] Terrain deserialized.

[90mstdout[2m | src/tests/GroupCombat.test.js[2m > [22m[2mGroup Combat Simulations[2m > [22m[2mScenario 7: Shaman vs 1 Worker (Shaman Snipes)
[22m[39m
[Scenario 7] Shaman vs 1 Worker
[Entity 52] Calling registerEntity...
[Entity 52] registerEntity returned.
[Entity 52] Calling updatePosition...
[Entity 52] updatePosition returned.
[ActorCore] Actor Created. Type: unit Pos: 10,10
[UnitCore.js] Unit Created ID:0 Role:worker Pos:10,10 Special:false
[Unit 0] State Change: None -> UnitWanderState
[UnitCore.js] Unit Created ID:0 Role:worker Pos:10,10
Goblin constructor: calling super...
[Entity 53] Calling registerEntity...
[Entity 53] registerEntity returned.
[Entity 53] Calling updatePosition...
[Entity 53] updatePosition returned.
[ActorCore] Actor Created. Type: goblin Pos: 18,18
Goblin constructor: super returned.
Goblin constructor: checking scene...
Goblin constructor: setting ID...
[Actor 0] CHANGE STATE: None -> GoblinWanderState Request:null
[Actor 0] smartMove to 10.8,10.8 (H:10). Reachable:true Dist:10.18 Moving:false Path:0
[Actor 0] smartMove: triggers pathfinding. Dist: 10.2 Time:0.0 Last:0.0 Throttle:1.00 Action:Idle
Goblin hit Unit! Dmg: 35 UnitHP: 21 
Unit hit Goblin! Dmg: 12 GoblinHP: 68
[Unit 0] Death Counter! Hitting 0
Unit 0 (worker) DIED. R.I.P.
Goblin hit Unit! Dmg: 35 UnitHP: 0 
Survivor: Shaman
[Actor 0] smartMove to 10.8,10.8 (H:10). Reachable:true Dist:10.18 Moving:false Path:1
[Actor 0] SmartMove Depth:1 Node:10.8,10.8 My:18,18 d:7.199999999999999,7.199999999999999
[Entity 0] startMove -> isMoving:true. Target:10.8,10.8 StartTime:0.0000

[90mstdout[2m | src/tests/RealTerrainRestoration.test.js[2m > [22m[2mReal Terrain Restoration Logic[2m > [22m[2mshould successfully restore Terrain regions and Unit pathfinding
[22m[39m[Game] Loading resources/time...
[Game] Updating environment...

[90mstdout[2m | src/tests/RealTerrainRestoration.test.js[2m > [22m[2mReal Terrain Restoration Logic[2m > [22m[2mshould successfully restore Terrain regions and Unit pathfinding
[22m[39m[Game] Restoring 1 units...

[90mstdout[2m | src/tests/CombatBalance.test.js[2m > [22m[2mCombat Balance Verification[2m > [22m[2mWizard vs Hobgoblin (Expected: Wizard High DPS but Fragile)
[22m[39m[GoblinManager] 5蛟九・豢樒ｪ溘ｒ逕滓・荳ｭ...
[GoblinManager] DETERMINISM: generateCaves start. rngState=undefined
[GoblinManager] DETERMINISM: Attempt 1: Rnd(0.802980, 0.544959) -> Grid(128, 87) rngState=undefined
[GoblinManager] DETERMINISM: Attempt 2: Rnd(0.823507, 0.813721) -> Grid(131, 130) rngState=undefined
[GoblinManager] DETERMINISM: Attempt 3: Rnd(0.204592, 0.788228) -> Grid(32, 126) rngState=undefined
[GoblinManager] 豢樒ｪ溽函謌仙ｮ御ｺ・ 0/5 (隧ｦ陦悟屓謨ｰ: 5000)
[GoblinManager] 5蛟九・豢樒ｪ溘ｒ逕滓・荳ｭ...
[GoblinManager] DETERMINISM: generateCaves start. rngState=undefined
[GoblinManager] DETERMINISM: Attempt 1: Rnd(0.883749, 0.666651) -> Grid(141, 106) rngState=undefined
[GoblinManager] DETERMINISM: Attempt 2: Rnd(0.329225, 0.228118) -> Grid(52, 36) rngState=undefined
[GoblinManager] DETERMINISM: Attempt 3: Rnd(0.671231, 0.601283) -> Grid(107, 96) rngState=undefined
[GoblinManager] 豢樒ｪ溽函謌仙ｮ御ｺ・ 0/5 (隧ｦ陦悟屓謨ｰ: 5000)

[90mstdout[2m | src/tests/RealTerrainRestoration.test.js[2m > [22m[2mReal Terrain Restoration Logic[2m > [22m[2mshould successfully restore Terrain regions and Unit pathfinding
[22m[39m[Entity 1] Calling registerEntity...
[Entity 1] registerEntity returned.
[Entity 1] Calling updatePosition...
[Entity 1] updatePosition returned.
[ActorCore] Actor Created. Type: unit Pos: 10,10
[UnitCore.js] Unit Created ID:1 Role:worker Pos:10,10 Special:false
[UnitCore.js] Unit Created ID:1 Role:worker Pos:10,10
[Job 100] Entering. NO TARGET REQUEST
[Game] Successfully restored 1 units.
[Game] Restoring 1 requests...

[90mstdout[2m | src/tests/GroupCombat.test.js[2m > [22m[2mGroup Combat Simulations[2m > [22m[2mScenario 8: King vs House (King Smashes)
[22m[39m
[Scenario 8] King vs House
Goblin constructor: calling super...
[Entity 54] Calling registerEntity...
[Entity 54] registerEntity returned.
[Entity 54] Calling updatePosition...
[Entity 54] updatePosition returned.
[ActorCore] Actor Created. Type: goblin Pos: 12,12
Goblin constructor: super returned.
Goblin constructor: checking scene...
Goblin constructor: setting ID...
[Actor 0] CHANGE STATE: None -> GoblinWanderState Request:null
[GoblinWander Debug] ID:0 State:Wander Update. Timer:0.00 dt:0.1000 findTarget:function
Goblin Raid: House population reduced.Rem: 2 
Goblin Raid: House population reduced.Rem: -6 
Goblin destroyed Building house (Legacy) !
Goblin 0 destroyed house !
King Status: HP 1613.0816666666722, House Destroyed

[90mstdout[2m | src/tests/RealTerrainRestoration.test.js[2m > [22m[2mReal Terrain Restoration Logic[2m > [22m[2mshould successfully restore Terrain regions and Unit pathfinding
[22m[39m[Game] Checking unit 100 for targetRequestId: req_manual_persistent
[Game] Re-linked Unit 100 to Request req_manual_persistent
[Job 100] Entering. Target: 15,15
[Actor 100] smartMove: triggers pathfinding. Dist: 7.1 Time:0.0 Last:-100.0 Throttle:1.00 Action:Approaching Job
[Game] Restored Camera Zoom: 1
[Actor 100] SmartMove Depth:1 Node:15,15 My:10,10 d:5,5
[Unit 100] Moving onto Rock at 15,15 H:10 (Speed Penalty)
[Entity 100] startMove -> isMoving:true. Target:15,15 StartTime:0.0000

[90mstdout[2m | src/tests/CombatBalance.test.js[2m > [22m[2mCombat Balance Verification[2m > [22m[2mWizard vs Hobgoblin (Expected: Wizard High DPS but Fragile)
[22m[39m[Entity 7] Calling registerEntity...
[Entity 7] registerEntity returned.
[Entity 7] Calling updatePosition...
[Entity 7] updatePosition returned.
[ActorCore] Actor Created. Type: unit Pos: 10,10
[UnitCore.js] Unit Created ID:0 Role:wizard Pos:10,10 Special:false
[Unit 0] State Change: None -> UnitWanderState
[UnitCore.js] Unit Created ID:0 Role:wizard Pos:10,10
Goblin constructor: calling super...
[Entity 8] Calling registerEntity...
[Entity 8] registerEntity returned.
[Entity 8] Calling updatePosition...
[Entity 8] updatePosition returned.
[ActorCore] Actor Created. Type: goblin Pos: 10,10
Goblin constructor: super returned.
Goblin constructor: checking scene...
Goblin constructor: setting ID...
[Actor 0] CHANGE STATE: None -> GoblinWanderState Request:null
[Unit 0] State Change: UnitWanderState -> CombatState
[Combat] Entering. Saved Context: {"action":"Idle","target":null,"migrationTarget":null}
[Game] New Battle Hotspot at 10,10 (Region:[object Object])
[Unit Debug] ATTACKING Goblin 0
[Goblin 0] Death Counter! Hitting 0
Goblin(hobgoblin) died.ID:0 
[Wizard vs Hobgoblin]
 Start: Unit(wizard HP:154/154 Dmg:240) vs Goblin(hobgoblin HP:150/150 Dmg:30)
End: Winner=Unit Frames=1
Final: Unit HP:139.0 Goblin HP:0.0

[90mstdout[2m | src/tests/CombatBalance.test.js[2m > [22m[2mCombat Balance Verification[2m > [22m[2mWizard vs Hobgoblin (Expected: Wizard High DPS but Fragile)
[22m[39m[Game] Dispose called for Game Instance.

[90mstdout[2m | src/tests/GroupCombat.test.js[2m > [22m[2mGroup Combat Simulations[2m > [22m[2mScenario 9: 3 Goblins vs Building Class House (House Defends)
[22m[39m
[Scenario 9] 3 Goblins vs Building Class (Defense Check)
[Entity 55] Calling registerEntity...
[Entity 55] registerEntity returned.
[Entity 55] Calling updatePosition...
[Entity 55] updatePosition returned.
Goblin constructor: calling super...
[Entity 56] Calling registerEntity...
[Entity 56] registerEntity returned.
[Entity 56] Calling updatePosition...
[Entity 56] updatePosition returned.
[ActorCore] Actor Created. Type: goblin Pos: 11,11
Goblin constructor: super returned.
Goblin constructor: checking scene...
Goblin constructor: setting ID...
[Actor 0] CHANGE STATE: None -> GoblinWanderState Request:null
Goblin constructor: calling super...
[Entity 57] Calling registerEntity...
[Entity 57] registerEntity returned.
[Entity 57] Calling updatePosition...
[Entity 57] updatePosition returned.
[ActorCore] Actor Created. Type: goblin Pos: 11,11
Goblin constructor: super returned.
Goblin constructor: checking scene...
Goblin constructor: setting ID...
Goblin constructor: calling super...
[Entity 58] Calling registerEntity...
[Entity 58] registerEntity returned.
[Entity 58] Calling updatePosition...
[Entity 58] updatePosition returned.
[ActorCore] Actor Created. Type: goblin Pos: 11,11
Goblin constructor: super returned.
Goblin constructor: checking scene...
Goblin constructor: setting ID...
Goblin(normal) died.ID:0 
[Building] house(55) took 15 dmg. Pop: 9. Retaliation: 36
Goblin(normal) died.ID:1 
[Building] house(55) took 15 dmg. Pop: 8. Retaliation: 32
Goblin(normal) died.ID:2 
[Building] house(55) took 15 dmg. Pop: 7. Retaliation: 28
[Scenario 9] Survivors -> Goblins: 0, House Pop: 7

[90mstdout[2m | src/tests/CombatBalance.test.js[2m > [22m[2mCombat Balance Verification[2m > [22m[2mGoblin King should crush Worker
[22m[39m[GoblinManager] 5蛟九・豢樒ｪ溘ｒ逕滓・荳ｭ...
[GoblinManager] DETERMINISM: generateCaves start. rngState=undefined
[GoblinManager] DETERMINISM: Attempt 1: Rnd(0.618687, 0.925047) -> Grid(98, 148) rngState=undefined
[GoblinManager] DETERMINISM: Attempt 2: Rnd(0.353096, 0.220225) -> Grid(56, 35) rngState=undefined
[GoblinManager] DETERMINISM: Attempt 3: Rnd(0.418738, 0.343222) -> Grid(66, 54) rngState=undefined
[GoblinManager] 豢樒ｪ溽函謌仙ｮ御ｺ・ 0/5 (隧ｦ陦悟屓謨ｰ: 5000)
[GoblinManager] 5蛟九・豢樒ｪ溘ｒ逕滓・荳ｭ...
[GoblinManager] DETERMINISM: generateCaves start. rngState=undefined
[GoblinManager] DETERMINISM: Attempt 1: Rnd(0.612997, 0.525068) -> Grid(98, 84) rngState=undefined
[GoblinManager] DETERMINISM: Attempt 2: Rnd(0.462967, 0.865474) -> Grid(74, 138) rngState=undefined
[GoblinManager] DETERMINISM: Attempt 3: Rnd(0.304490, 0.384419) -> Grid(48, 61) rngState=undefined
[GoblinManager] 豢樒ｪ溽函謌仙ｮ御ｺ・ 0/5 (隧ｦ陦悟屓謨ｰ: 5000)

[90mstdout[2m | src/tests/NightLoadJob.test.js[2m > [22m[2mNight Loading Job Assignment[2m > [22m[2mshould correctly resume manual job when loaded at night
[22m[39mLoading slot 1, Raw length: 342
Load: Decompressed successfully.
Parsed Data for slot 1: {
  timestamp: [33m1769770259542[39m,
  data: {
    slotId: [33m1[39m,
    timestamp: [33m1769770259541[39m,
    resources: { grain: [33m0[39m, fish: [33m0[39m, meat: [33m0[39m },
    gameTime: [33m20[39m,
    gameTotalTime: [33m0[39m,
    currentSeasonIndex: [33m0[39m,
    daysPassed: [33m0[39m,
    units: [ [36m[Object][39m ],
    requests: [ [36m[Object][39m ],
    goblinManager: { plunderCount: [33m0[39m, goblins: [], clans: [], caves: [] },
    camera: { position: [36m[Object][39m, target: [36m[Object][39m }
  }
}
Load Game: Data found {
  slotId: [33m1[39m,
  timestamp: [33m1769770259541[39m,
  resources: { grain: [33m0[39m, fish: [33m0[39m, meat: [33m0[39m },
  gameTime: [33m20[39m,
  gameTotalTime: [33m0[39m,
  currentSeasonIndex: [33m0[39m,
  daysPassed: [33m0[39m,
  units: [
    {
      id: [33m0[39m,
      gridX: [33m10[39m,
      gridZ: [33m10[39m,
      age: [33m20[39m,
      raidTargetX: [1mnull[22m,
      raidTargetY: [1mnull[22m,
      raidTargetZ: [1mnull[22m,
      raidTargetTS: [1mnull[22m,
      lifespan: [33m96.66844724959341[39m,
      isDead: [33mfalse[39m,
      isFinished: [33mfalse[39m,
      isMoving: [33mfalse[39m,
      targetX: [33m0[39m,
      targetZ: [33m0[39m,
      moveStartTime: [33m0[39m,
      moveDuration: [33m0.8[39m,
      startGridX: [33m0[39m,
      startGridZ: [33m0[39m,
      targetGridX: [33m0[39m,
      targetGridZ: [33m0[39m,
      isSpecial: [33mfalse[39m,
      role: [32m'worker'[39m,
      type: [32m'worker'[39m,
      hp: [33m55[39m,
      maxHp: [33m55[39m,
      damage: [33m12[39m,
      xp: [33m0[39m,
      level: [33m1[39m,
      name: [32m'Unit'[39m,
      squadId: [1mnull[22m,
      targetRequestId: [32m'req_0'[39m,
      action: [32m'Approaching Job'[39m,
      ignoredTargets: []
    }
  ],
  requests: [
    {
      id: [32m'req_0'[39m,
      type: [32m'raise'[39m,
      x: [33m15[39m,
      z: [33m15[39m,
      status: [32m'assigned'[39m,
      assignedTo: [33m0[39m,
      assignedAt: [33m0[39m,
      createdAt: [33m0[39m,
      isManual: [33mtrue[39m
    }
  ],
  goblinManager: { plunderCount: [33m0[39m, goblins: [], clans: [], caves: [] },
  camera: { position: { x: [33m0[39m, y: [33m0[39m, z: [33m0[39m }, target: { x: [33m0[39m, y: [33m0[39m, z: [33m0[39m } }
}

 [32m笨・[39m src/tests/GroupCombat.test.js[2m > [22mGroup Combat Simulations[2m > [22mScenario: 3 Knights vs 10 Goblins (Knights Stomp)[32m 26[2mms[22m[39m
 [32m笨・[39m src/tests/GroupCombat.test.js[2m > [22mGroup Combat Simulations[2m > [22mScenario: 3 Goblins vs 1 House (House Defends)[32m 9[2mms[22m[39m
 [32m笨・[39m src/tests/GroupCombat.test.js[2m > [22mGroup Combat Simulations[2m > [22mScenario: 5 Goblins vs 1 House (House Destroyed)[32m 23[2mms[22m[39m
 [32m笨・[39m src/tests/GroupCombat.test.js[2m > [22mGroup Combat Simulations[2m > [22mScenario 5: King vs 1 Knight (Knight Wins)[32m 4[2mms[22m[39m
 [32m笨・[39m src/tests/GroupCombat.test.js[2m > [22mGroup Combat Simulations[2m > [22mScenario 6: King vs 20 Workers (Workers Swarm)[32m 14[2mms[22m[39m
 [32m笨・[39m src/tests/GroupCombat.test.js[2m > [22mGroup Combat Simulations[2m > [22mScenario 7: Shaman vs 1 Worker (Shaman Snipes)[32m 6[2mms[22m[39m
 [32m笨・[39m src/tests/GroupCombat.test.js[2m > [22mGroup Combat Simulations[2m > [22mScenario 8: King vs House (King Smashes)[32m 3[2mms[22m[39m
 [32m笨・[39m src/tests/GroupCombat.test.js[2m > [22mGroup Combat Simulations[2m > [22mScenario 9: 3 Goblins vs Building Class House (House Defends)[32m 5[2mms[22m[39m
[90mstdout[2m | src/tests/CombatBalance.test.js[2m > [22m[2mCombat Balance Verification[2m > [22m[2mGoblin King should crush Worker
[22m[39m[Entity 9] Calling registerEntity...
[Entity 9] registerEntity returned.
[Entity 9] Calling updatePosition...
[Entity 9] updatePosition returned.
[ActorCore] Actor Created. Type: unit Pos: 10,10
[UnitCore.js] Unit Created ID:0 Role:worker Pos:10,10 Special:false
[Unit 0] State Change: None -> UnitWanderState
[UnitCore.js] Unit Created ID:0 Role:worker Pos:10,10
Goblin constructor: calling super...
[Entity 10] Calling registerEntity...
[Entity 10] registerEntity returned.
[Entity 10] Calling updatePosition...
[Entity 10] updatePosition returned.
[ActorCore] Actor Created. Type: goblin Pos: 10,10
Goblin constructor: super returned.
Goblin constructor: checking scene...
Goblin constructor: setting ID...
[Actor 0] CHANGE STATE: None -> GoblinWanderState Request:null
Worker HP: 56, Dmg: 12
King HP: 1665, Dmg: 80
[Unit 0] State Change: UnitWanderState -> CombatState
[Combat] Entering. Saved Context: {"action":"Idle","target":null,"migrationTarget":null}
[Game] New Battle Hotspot at 10,10 (Region:[object Object])
[Unit Debug] ATTACKING Goblin 0
[GoblinWander Debug] ID:0 State:Wander Update. Timer:0.48 dt:0.0160 findTarget:function
[GoblinState Debug] ID:0 Calling scanForTargets...
[Actor 0] CHANGE STATE: GoblinWanderState -> GoblinCombatState Request:null
[Unit 0] Death Counter! Hitting 0
Unit 0 (worker) DIED. R.I.P.
Goblin hit Unit! Dmg: 80 UnitHP: 0 
[Worker vs King]
 Start: Unit(worker HP:56/56 Dmg:12) vs Goblin(king HP:1665/1665 Dmg:80)
End: Winner=Goblin Frames=33
Final: Unit HP:0.0 Goblin HP:1647.0

[90mstdout[2m | src/tests/CombatBalance.test.js[2m > [22m[2mCombat Balance Verification[2m > [22m[2mGoblin King should crush Worker
[22m[39m[Game] Dispose called for Game Instance.

 [32m笨・[39m src/tests/CombatBalance.test.js[2m > [22mCombat Balance Verification[2m > [22mWorker vs Normal Goblin (Expected: Goblin Win due to stats buff)[32m 125[2mms[22m[39m
 [32m笨・[39m src/tests/CombatBalance.test.js[2m > [22mCombat Balance Verification[2m > [22mNormal Goblin vs House (Expected: Mutually Assured Destruction or House Defense)[32m 24[2mms[22m[39m
 [32m笨・[39m src/tests/CombatBalance.test.js[2m > [22mCombat Balance Verification[2m > [22mKnight vs Normal Goblin (Expected: Knight Stomp)[32m 11[2mms[22m[39m
 [32m笨・[39m src/tests/CombatBalance.test.js[2m > [22mCombat Balance Verification[2m > [22mKnight vs King Goblin (Expected: Close or King Advantage)[32m 11[2mms[22m[39m
 [32m笨・[39m src/tests/CombatBalance.test.js[2m > [22mCombat Balance Verification[2m > [22mWizard vs Hobgoblin (Expected: Wizard High DPS but Fragile)[32m 17[2mms[22m[39m
 [32m笨・[39m src/tests/CombatBalance.test.js[2m > [22mCombat Balance Verification[2m > [22mGoblin King should crush Worker[32m 26[2mms[22m[39m
[90mstdout[2m | src/tests/NightLoadJob.test.js[2m > [22m[2mNight Loading Job Assignment[2m > [22m[2mshould correctly resume manual job when loaded at night
[22m[39mResetting GoblinManager...
Clearing 0 projectiles...
[Game] Deserializing terrain...

[90mstdout[2m | src/tests/NightLoadJob.test.js[2m > [22m[2mNight Loading Job Assignment[2m > [22m[2mshould correctly resume manual job when loaded at night
[22m[39m[Game] Terrain deserialized.

[90mstdout[2m | src/tests/UnitStress.test.js[2m > [22m[2mUnit AI Stress Testing[2m > [22m[2mshould handle 100 units starting distant jobs simultaneously without dropping tasks
[22m[39m[Entity 0] Calling updatePosition...
[Entity 0] updatePosition returned.
[ActorCore] Actor Created. Type: unit Pos: 2,2
[UnitCore.js] Unit Created ID:0 Role:worker Pos:2,2 Special:false
[Unit 0] State Change: None -> UnitWanderState
[UnitCore.js] Unit Created ID:0 Role:worker Pos:2,2
[Game] Request Added: raise at (100,100) ID:req_0
[Game] No worker in radius 80 for Manual Req req_0. Trying Global Scan...
[Unit 0] State Change: UnitWanderState -> JobState
[Job 0] Entering. Target: 100,100
[Actor 0] smartMove to 100,100 (H:1). Reachable:true Dist:87.68 Moving:false Path:0
[Actor 0] smartMove: triggers pathfinding. Dist: 87.7 Time:0.0 Last:-100.0 Throttle:1.00 Action:Approaching Job
[Entity 1] Calling updatePosition...
[Entity 1] updatePosition returned.
[ActorCore] Actor Created. Type: unit Pos: 2,2
[UnitCore.js] Unit Created ID:1 Role:worker Pos:2,2 Special:false
[UnitCore.js] Unit Created ID:1 Role:worker Pos:2,2
[Game] Request Added: raise at (100,100) ID:req_1
[Game] No worker in radius 80 for Manual Req req_1. Trying Global Scan...
[Job 1] Entering. Target: 100,100
[Actor 1] smartMove: triggers pathfinding. Dist: 87.7 Time:0.0 Last:-100.0 Throttle:1.10 Action:Approaching Job
[Entity 2] Calling updatePosition...
[Entity 2] updatePosition returned.
[ActorCore] Actor Created. Type: unit Pos: 2,2
[UnitCore.js] Unit Created ID:2 Role:worker Pos:2,2 Special:false
[UnitCore.js] Unit Created ID:2 Role:worker Pos:2,2
[Game] Request Added: raise at (100,100) ID:req_2
[Game] No worker in radius 80 for Manual Req req_2. Trying Global Scan...
[Job 2] Entering. Target: 100,100
[Actor 2] smartMove: triggers pathfinding. Dist: 87.7 Time:0.0 Last:-100.0 Throttle:1.20 Action:Approaching Job
[Entity 3] Calling updatePosition...
[Entity 3] updatePosition returned.
[ActorCore] Actor Created. Type: unit Pos: 2,2
[UnitCore.js] Unit Created ID:3 Role:worker Pos:2,2 Special:false
[UnitCore.js] Unit Created ID:3 Role:worker Pos:2,2
[Game] Request Added: raise at (100,100) ID:req_3
[Game] No worker in radius 80 for Manual Req req_3. Trying Global Scan...
[Job 3] Entering. Target: 100,100
[Actor 3] smartMove: triggers pathfinding. Dist: 87.7 Time:0.0 Last:-100.0 Throttle:1.30 Action:Approaching Job
[Entity 4] Calling updatePosition...
[Entity 4] updatePosition returned.
[ActorCore] Actor Created. Type: unit Pos: 2,2
[UnitCore.js] Unit Created ID:4 Role:worker Pos:2,2 Special:false
[UnitCore.js] Unit Created ID:4 Role:worker Pos:2,2
[Game] Request Added: raise at (100,100) ID:req_4
[Game] No worker in radius 80 for Manual Req req_4. Trying Global Scan...
[Job 4] Entering. Target: 100,100
[Actor 4] smartMove: triggers pathfinding. Dist: 87.7 Time:0.0 Last:-100.0 Throttle:1.40 Action:Approaching Job
[Entity 5] Calling updatePosition...
[Entity 5] updatePosition returned.
[ActorCore] Actor Created. Type: unit Pos: 2,2
[UnitCore.js] Unit Created ID:5 Role:worker Pos:2,2 Special:false
[UnitCore.js] Unit Created ID:5 Role:worker Pos:2,2
[Game] Request Added: raise at (100,100) ID:req_5
[Game] No worker in radius 80 for Manual Req req_5. Trying Global Scan...
[Job 5] Entering. Target: 100,100
[Actor 5] smartMove: triggers pathfinding. Dist: 87.7 Time:0.0 Last:-100.0 Throttle:1.50 Action:Approaching Job
[Entity 6] Calling updatePosition...
[Entity 6] updatePosition returned.
[ActorCore] Actor Created. Type: unit Pos: 2,2
[UnitCore.js] Unit Created ID:6 Role:worker Pos:2,2 Special:false
[UnitCore.js] Unit Created ID:6 Role:worker Pos:2,2
[Game] Request Added: raise at (100,100) ID:req_6
[Game] No worker in radius 80 for Manual Req req_6. Trying Global Scan...
[Job 6] Entering. Target: 100,100
[Actor 6] smartMove: triggers pathfinding. Dist: 87.7 Time:0.0 Last:-100.0 Throttle:1.60 Action:Approaching Job
[Entity 7] Calling updatePosition...
[Entity 7] updatePosition returned.
[ActorCore] Actor Created. Type: unit Pos: 2,2
[UnitCore.js] Unit Created ID:7 Role:worker Pos:2,2 Special:false
[UnitCore.js] Unit Created ID:7 Role:worker Pos:2,2
[Game] Request Added: raise at (100,100) ID:req_7
[Game] No worker in radius 80 for Manual Req req_7. Trying Global Scan...
[Job 7] Entering. Target: 100,100
[Actor 7] smartMove: triggers pathfinding. Dist: 87.7 Time:0.0 Last:-100.0 Throttle:1.70 Action:Approaching Job
[Entity 8] Calling updatePosition...
[Entity 8] updatePosition returned.
[ActorCore] Actor Created. Type: unit Pos: 2,2
[UnitCore.js] Unit Created ID:8 Role:worker Pos:2,2 Special:false
[UnitCore.js] Unit Created ID:8 Role:worker Pos:2,2
[Game] Request Added: raise at (100,100) ID:req_8
[Game] No worker in radius 80 for Manual Req req_8. Trying Global Scan...
[Job 8] Entering. Target: 100,100
[Actor 8] smartMove: triggers pathfinding. Dist: 87.7 Time:0.0 Last:-100.0 Throttle:1.80 Action:Approaching Job
[Entity 9] Calling updatePosition...
[Entity 9] updatePosition returned.
[ActorCore] Actor Created. Type: unit Pos: 2,2
[UnitCore.js] Unit Created ID:9 Role:worker Pos:2,2 Special:false
[UnitCore.js] Unit Created ID:9 Role:worker Pos:2,2
[Game] Request Added: raise at (100,100) ID:req_9
[Game] No worker in radius 80 for Manual Req req_9. Trying Global Scan...
[Job 9] Entering. Target: 100,100
[Actor 9] smartMove: triggers pathfinding. Dist: 87.7 Time:0.0 Last:-100.0 Throttle:1.90 Action:Approaching Job
[Entity 10] Calling updatePosition...
[Entity 10] updatePosition returned.
[ActorCore] Actor Created. Type: unit Pos: 2,2
[UnitCore.js] Unit Created ID:10 Role:worker Pos:2,2 Special:false
[UnitCore.js] Unit Created ID:10 Role:worker Pos:2,2
[Game] Request Added: raise at (100,100) ID:req_10
[Game] No worker in radius 80 for Manual Req req_10. Trying Global Scan...
[Job 10] Entering. Target: 100,100
[Actor 10] smartMove: triggers pathfinding. Dist: 87.7 Time:0.0 Last:-100.0 Throttle:2.00 Action:Approaching Job
[Entity 11] Calling updatePosition...
[Entity 11] updatePosition returned.
[ActorCore] Actor Created. Type: unit Pos: 2,2
[UnitCore.js] Unit Created ID:11 Role:worker Pos:2,2 Special:false
[UnitCore.js] Unit Created ID:11 Role:worker Pos:2,2
[Game] Request Added: raise at (100,100) ID:req_11
[Game] No worker in radius 80 for Manual Req req_11. Trying Global Scan...
[Job 11] Entering. Target: 100,100
[Actor 11] smartMove: triggers pathfinding. Dist: 87.7 Time:0.0 Last:-100.0 Throttle:2.10 Action:Approaching Job
[Entity 12] Calling updatePosition...
[Entity 12] updatePosition returned.
[ActorCore] Actor Created. Type: unit Pos: 2,2
[UnitCore.js] Unit Created ID:12 Role:worker Pos:2,2 Special:false
[UnitCore.js] Unit Created ID:12 Role:worker Pos:2,2
[Game] Request Added: raise at (100,100) ID:req_12
[Game] No worker in radius 80 for Manual Req req_12. Trying Global Scan...
[Job 12] Entering. Target: 100,100
[Actor 12] smartMove: triggers pathfinding. Dist: 87.7 Time:0.0 Last:-100.0 Throttle:2.20 Action:Approaching Job
[Entity 13] Calling updatePosition...
[Entity 13] updatePosition returned.
[ActorCore] Actor Created. Type: unit Pos: 2,2
[UnitCore.js] Unit Created ID:13 Role:worker Pos:2,2 Special:false
[UnitCore.js] Unit Created ID:13 Role:worker Pos:2,2
[Game] Request Added: raise at (100,100) ID:req_13
[Game] No worker in radius 80 for Manual Req req_13. Trying Global Scan...
[Job 13] Entering. Target: 100,100
[Actor 13] smartMove: triggers pathfinding. Dist: 87.7 Time:0.0 Last:-100.0 Throttle:2.30 Action:Approaching Job
[Entity 14] Calling updatePosition...
[Entity 14] updatePosition returned.
[ActorCore] Actor Created. Type: unit Pos: 2,2
[UnitCore.js] Unit Created ID:14 Role:worker Pos:2,2 Special:false
[UnitCore.js] Unit Created ID:14 Role:worker Pos:2,2
[Game] Request Added: raise at (100,100) ID:req_14
[Game] No worker in radius 80 for Manual Req req_14. Trying Global Scan...
[Job 14] Entering. Target: 100,100
[Actor 14] smartMove: triggers pathfinding. Dist: 87.7 Time:0.0 Last:-100.0 Throttle:2.40 Action:Approaching Job
[Entity 15] Calling updatePosition...
[Entity 15] updatePosition returned.
[ActorCore] Actor Created. Type: unit Pos: 2,2
[UnitCore.js] Unit Created ID:15 Role:worker Pos:2,2 Special:false
[UnitCore.js] Unit Created ID:15 Role:worker Pos:2,2
[Game] Request Added: raise at (100,100) ID:req_15
[Game] No worker in radius 80 for Manual Req req_15. Trying Global Scan...
[Job 15] Entering. Target: 100,100
[Actor 15] smartMove: triggers pathfinding. Dist: 87.7 Time:0.0 Last:-100.0 Throttle:2.50 Action:Approaching Job
[Entity 16] Calling updatePosition...
[Entity 16] updatePosition returned.
[ActorCore] Actor Created. Type: unit Pos: 2,2
[UnitCore.js] Unit Created ID:16 Role:worker Pos:2,2 Special:false
[UnitCore.js] Unit Created ID:16 Role:worker Pos:2,2
[Game] Request Added: raise at (100,100) ID:req_16
[Game] No worker in radius 80 for Manual Req req_16. Trying Global Scan...
[Job 16] Entering. Target: 100,100
[Actor 16] smartMove: triggers pathfinding. Dist: 87.7 Time:0.0 Last:-100.0 Throttle:2.60 Action:Approaching Job
[Entity 17] Calling updatePosition...
[Entity 17] updatePosition returned.
[ActorCore] Actor Created. Type: unit Pos: 2,2
[UnitCore.js] Unit Created ID:17 Role:worker Pos:2,2 Special:false
[UnitCore.js] Unit Created ID:17 Role:worker Pos:2,2
[Game] Request Added: raise at (100,100) ID:req_17
[Game] No worker in radius 80 for Manual Req req_17. Trying Global Scan...
[Job 17] Entering. Target: 100,100
[Actor 17] smartMove: triggers pathfinding. Dist: 87.7 Time:0.0 Last:-100.0 Throttle:2.70 Action:Approaching Job
[Entity 18] Calling updatePosition...
[Entity 18] updatePosition returned.
[ActorCore] Actor Created. Type: unit Pos: 2,2
[UnitCore.js] Unit Created ID:18 Role:worker Pos:2,2 Special:false
[UnitCore.js] Unit Created ID:18 Role:worker Pos:2,2
[Game] Request Added: raise at (100,100) ID:req_18
[Game] No worker in radius 80 for Manual Req req_18. Trying Global Scan...
[Job 18] Entering. Target: 100,100
[Actor 18] smartMove: triggers pathfinding. Dist: 87.7 Time:0.0 Last:-100.0 Throttle:2.80 Action:Approaching Job
[Entity 19] Calling updatePosition...
[Entity 19] updatePosition returned.
[ActorCore] Actor Created. Type: unit Pos: 2,2
[UnitCore.js] Unit Created ID:19 Role:worker Pos:2,2 Special:false
[UnitCore.js] Unit Created ID:19 Role:worker Pos:2,2
[Game] Request Added: raise at (100,100) ID:req_19
[Game] No worker in radius 80 for Manual Req req_19. Trying Global Scan...
[Job 19] Entering. Target: 100,100
[Actor 19] smartMove: triggers pathfinding. Dist: 87.7 Time:0.0 Last:-100.0 Throttle:2.90 Action:Approaching Job
[Entity 20] Calling updatePosition...
[Entity 20] updatePosition returned.
[ActorCore] Actor Created. Type: unit Pos: 2,2
[UnitCore.js] Unit Created ID:20 Role:worker Pos:2,2 Special:false
[UnitCore.js] Unit Created ID:20 Role:worker Pos:2,2
[Game] Request Added: raise at (100,100) ID:req_20
[Game] No worker in radius 80 for Manual Req req_20. Trying Global Scan...
[Job 20] Entering. Target: 100,100
[Actor 20] smartMove: triggers pathfinding. Dist: 87.7 Time:0.0 Last:-100.0 Throttle:1.00 Action:Approaching Job
[Entity 21] Calling updatePosition...
[Entity 21] updatePosition returned.
[ActorCore] Actor Created. Type: unit Pos: 2,2
[UnitCore.js] Unit Created ID:21 Role:worker Pos:2,2 Special:false
[UnitCore.js] Unit Created ID:21 Role:worker Pos:2,2
[Game] Request Added: raise at (100,100) ID:req_21
[Game] No worker in radius 80 for Manual Req req_21. Trying Global Scan...
[Job 21] Entering. Target: 100,100
[Actor 21] smartMove: triggers pathfinding. Dist: 87.7 Time:0.0 Last:-100.0 Throttle:1.10 Action:Approaching Job
[Entity 22] Calling updatePosition...
[Entity 22] updatePosition returned.
[ActorCore] Actor Created. Type: unit Pos: 2,2
[UnitCore.js] Unit Created ID:22 Role:worker Pos:2,2 Special:false
[UnitCore.js] Unit Created ID:22 Role:worker Pos:2,2
[Game] Request Added: raise at (100,100) ID:req_22
[Game] No worker in radius 80 for Manual Req req_22. Trying Global Scan...
[Job 22] Entering. Target: 100,100
[Actor 22] smartMove: triggers pathfinding. Dist: 87.7 Time:0.0 Last:-100.0 Throttle:1.20 Action:Approaching Job
[Entity 23] Calling updatePosition...
[Entity 23] updatePosition returned.
[ActorCore] Actor Created. Type: unit Pos: 2,2
[UnitCore.js] Unit Created ID:23 Role:worker Pos:2,2 Special:false
[UnitCore.js] Unit Created ID:23 Role:worker Pos:2,2
[Game] Request Added: raise at (100,100) ID:req_23
[Game] No worker in radius 80 for Manual Req req_23. Trying Global Scan...
[Job 23] Entering. Target: 100,100
[Actor 23] smartMove: triggers pathfinding. Dist: 87.7 Time:0.0 Last:-100.0 Throttle:1.30 Action:Approaching Job
[Entity 24] Calling updatePosition...
[Entity 24] updatePosition returned.
[ActorCore] Actor Created. Type: unit Pos: 2,2
[UnitCore.js] Unit Created ID:24 Role:worker Pos:2,2 Special:false
[UnitCore.js] Unit Created ID:24 Role:worker Pos:2,2
[Game] Request Added: raise at (100,100) ID:req_24
[Game] No worker in radius 80 for Manual Req req_24. Trying Global Scan...
[Job 24] Entering. Target: 100,100
[Actor 24] smartMove: triggers pathfinding. Dist: 87.7 Time:0.0 Last:-100.0 Throttle:1.40 Action:Approaching Job
[Entity 25] Calling updatePosition...
[Entity 25] updatePosition returned.
[ActorCore] Actor Created. Type: unit Pos: 2,2
[UnitCore.js] Unit Created ID:25 Role:worker Pos:2,2 Special:false
[UnitCore.js] Unit Created ID:25 Role:worker Pos:2,2
[Game] Request Added: raise at (100,100) ID:req_25
[Game] No worker in radius 80 for Manual Req req_25. Trying Global Scan...
[Job 25] Entering. Target: 100,100
[Actor 25] smartMove: triggers pathfinding. Dist: 87.7 Time:0.0 Last:-100.0 Throttle:1.50 Action:Approaching Job
[Entity 26] Calling updatePosition...
[Entity 26] updatePosition returned.
[ActorCore] Actor Created. Type: unit Pos: 2,2
[UnitCore.js] Unit Created ID:26 Role:worker Pos:2,2 Special:false
[UnitCore.js] Unit Created ID:26 Role:worker Pos:2,2
[Game] Request Added: raise at (100,100) ID:req_26
[Game] No worker in radius 80 for Manual Req req_26. Trying Global Scan...
[Job 26] Entering. Target: 100,100
[Actor 26] smartMove: triggers pathfinding. Dist: 87.7 Time:0.0 Last:-100.0 Throttle:1.60 Action:Approaching Job
[Entity 27] Calling updatePosition...
[Entity 27] updatePosition returned.
[ActorCore] Actor Created. Type: unit Pos: 2,2
[UnitCore.js] Unit Created ID:27 Role:worker Pos:2,2 Special:false
[UnitCore.js] Unit Created ID:27 Role:worker Pos:2,2
[Game] Request Added: raise at (100,100) ID:req_27
[Game] No worker in radius 80 for Manual Req req_27. Trying Global Scan...
[Job 27] Entering. Target: 100,100
[Actor 27] smartMove: triggers pathfinding. Dist: 87.7 Time:0.0 Last:-100.0 Throttle:1.70 Action:Approaching Job
[Entity 28] Calling updatePosition...
[Entity 28] updatePosition returned.
[ActorCore] Actor Created. Type: unit Pos: 2,2
[UnitCore.js] Unit Created ID:28 Role:worker Pos:2,2 Special:false
[UnitCore.js] Unit Created ID:28 Role:worker Pos:2,2
[Game] Request Added: raise at (100,100) ID:req_28
[Game] No worker in radius 80 for Manual Req req_28. Trying Global Scan...
[Job 28] Entering. Target: 100,100
[Actor 28] smartMove: triggers pathfinding. Dist: 87.7 Time:0.0 Last:-100.0 Throttle:1.80 Action:Approaching Job
[Entity 29] Calling updatePosition...
[Entity 29] updatePosition returned.
[ActorCore] Actor Created. Type: unit Pos: 2,2
[UnitCore.js] Unit Created ID:29 Role:worker Pos:2,2 Special:false
[UnitCore.js] Unit Created ID:29 Role:worker Pos:2,2
[Game] Request Added: raise at (100,100) ID:req_29
[Game] No worker in radius 80 for Manual Req req_29. Trying Global Scan...
[Job 29] Entering. Target: 100,100
[Actor 29] smartMove: triggers pathfinding. Dist: 87.7 Time:0.0 Last:-100.0 Throttle:1.90 Action:Approaching Job
[Entity 30] Calling updatePosition...
[Entity 30] updatePosition returned.
[ActorCore] Actor Created. Type: unit Pos: 2,2
[UnitCore.js] Unit Created ID:30 Role:worker Pos:2,2 Special:false
[UnitCore.js] Unit Created ID:30 Role:worker Pos:2,2
[Game] Request Added: raise at (100,100) ID:req_30
[Game] No worker in radius 80 for Manual Req req_30. Trying Global Scan...
[Job 30] Entering. Target: 100,100
[Actor 30] smartMove: triggers pathfinding. Dist: 87.7 Time:0.0 Last:-100.0 Throttle:2.00 Action:Approaching Job
[Entity 31] Calling updatePosition...
[Entity 31] updatePosition returned.
[ActorCore] Actor Created. Type: unit Pos: 2,2
[UnitCore.js] Unit Created ID:31 Role:worker Pos:2,2 Special:false
[UnitCore.js] Unit Created ID:31 Role:worker Pos:2,2
[Game] Request Added: raise at (100,100) ID:req_31
[Game] No worker in radius 80 for Manual Req req_31. Trying Global Scan...
[Job 31] Entering. Target: 100,100
[Actor 31] smartMove: triggers pathfinding. Dist: 87.7 Time:0.0 Last:-100.0 Throttle:2.10 Action:Approaching Job
[Entity 32] Calling updatePosition...
[Entity 32] updatePosition returned.
[ActorCore] Actor Created. Type: unit Pos: 2,2
[UnitCore.js] Unit Created ID:32 Role:worker Pos:2,2 Special:false
[UnitCore.js] Unit Created ID:32 Role:worker Pos:2,2
[Game] Request Added: raise at (100,100) ID:req_32
[Game] No worker in radius 80 for Manual Req req_32. Trying Global Scan...
[Job 32] Entering. Target: 100,100
[Actor 32] smartMove: triggers pathfinding. Dist: 87.7 Time:0.0 Last:-100.0 Throttle:2.20 Action:Approaching Job
[Entity 33] Calling updatePosition...
[Entity 33] updatePosition returned.
[ActorCore] Actor Created. Type: unit Pos: 2,2
[UnitCore.js] Unit Created ID:33 Role:worker Pos:2,2 Special:false
[UnitCore.js] Unit Created ID:33 Role:worker Pos:2,2
[Game] Request Added: raise at (100,100) ID:req_33
[Game] No worker in radius 80 for Manual Req req_33. Trying Global Scan...
[Job 33] Entering. Target: 100,100
[Actor 33] smartMove: triggers pathfinding. Dist: 87.7 Time:0.0 Last:-100.0 Throttle:2.30 Action:Approaching Job
[Entity 34] Calling updatePosition...
[Entity 34] updatePosition returned.
[ActorCore] Actor Created. Type: unit Pos: 2,2
[UnitCore.js] Unit Created ID:34 Role:worker Pos:2,2 Special:false
[UnitCore.js] Unit Created ID:34 Role:worker Pos:2,2
[Game] Request Added: raise at (100,100) ID:req_34
[Game] No worker in radius 80 for Manual Req req_34. Trying Global Scan...
[Job 34] Entering. Target: 100,100
[Actor 34] smartMove: triggers pathfinding. Dist: 87.7 Time:0.0 Last:-100.0 Throttle:2.40 Action:Approaching Job
[Entity 35] Calling updatePosition...
[Entity 35] updatePosition returned.
[ActorCore] Actor Created. Type: unit Pos: 2,2
[UnitCore.js] Unit Created ID:35 Role:worker Pos:2,2 Special:false
[UnitCore.js] Unit Created ID:35 Role:worker Pos:2,2
[Game] Request Added: raise at (100,100) ID:req_35
[Game] No worker in radius 80 for Manual Req req_35. Trying Global Scan...
[Job 35] Entering. Target: 100,100
[Actor 35] smartMove: triggers pathfinding. Dist: 87.7 Time:0.0 Last:-100.0 Throttle:2.50 Action:Approaching Job
[Entity 36] Calling updatePosition...
[Entity 36] updatePosition returned.
[ActorCore] Actor Created. Type: unit Pos: 2,2
[UnitCore.js] Unit Created ID:36 Role:worker Pos:2,2 Special:false
[UnitCore.js] Unit Created ID:36 Role:worker Pos:2,2
[Game] Request Added: raise at (100,100) ID:req_36
[Game] No worker in radius 80 for Manual Req req_36. Trying Global Scan...
[Job 36] Entering. Target: 100,100
[Actor 36] smartMove: triggers pathfinding. Dist: 87.7 Time:0.0 Last:-100.0 Throttle:2.60 Action:Approaching Job
[Entity 37] Calling updatePosition...
[Entity 37] updatePosition returned.
[ActorCore] Actor Created. Type: unit Pos: 2,2
[UnitCore.js] Unit Created ID:37 Role:worker Pos:2,2 Special:false
[UnitCore.js] Unit Created ID:37 Role:worker Pos:2,2
[Game] Request Added: raise at (100,100) ID:req_37
[Game] No worker in radius 80 for Manual Req req_37. Trying Global Scan...
[Job 37] Entering. Target: 100,100
[Actor 37] smartMove: triggers pathfinding. Dist: 87.7 Time:0.0 Last:-100.0 Throttle:2.70 Action:Approaching Job
[Entity 38] Calling updatePosition...
[Entity 38] updatePosition returned.
[ActorCore] Actor Created. Type: unit Pos: 2,2
[UnitCore.js] Unit Created ID:38 Role:worker Pos:2,2 Special:false
[UnitCore.js] Unit Created ID:38 Role:worker Pos:2,2
[Game] Request Added: raise at (100,100) ID:req_38
[Game] No worker in radius 80 for Manual Req req_38. Trying Global Scan...
[Job 38] Entering. Target: 100,100
[Actor 38] smartMove: triggers pathfinding. Dist: 87.7 Time:0.0 Last:-100.0 Throttle:2.80 Action:Approaching Job
[Entity 39] Calling updatePosition...
[Entity 39] updatePosition returned.
[ActorCore] Actor Created. Type: unit Pos: 2,2
[UnitCore.js] Unit Created ID:39 Role:worker Pos:2,2 Special:false
[UnitCore.js] Unit Created ID:39 Role:worker Pos:2,2
[Game] Request Added: raise at (100,100) ID:req_39
[Game] No worker in radius 80 for Manual Req req_39. Trying Global Scan...
[Job 39] Entering. Target: 100,100
[Actor 39] smartMove: triggers pathfinding. Dist: 87.7 Time:0.0 Last:-100.0 Throttle:2.90 Action:Approaching Job
[Entity 40] Calling updatePosition...
[Entity 40] updatePosition returned.
[ActorCore] Actor Created. Type: unit Pos: 2,2
[UnitCore.js] Unit Created ID:40 Role:worker Pos:2,2 Special:false
[UnitCore.js] Unit Created ID:40 Role:worker Pos:2,2
[Game] Request Added: raise at (100,100) ID:req_40
[Game] No worker in radius 80 for Manual Req req_40. Trying Global Scan...
[Job 40] Entering. Target: 100,100
[Actor 40] smartMove: triggers pathfinding. Dist: 87.7 Time:0.0 Last:-100.0 Throttle:1.00 Action:Approaching Job
[Entity 41] Calling updatePosition...
[Entity 41] updatePosition returned.
[ActorCore] Actor Created. Type: unit Pos: 2,2
[UnitCore.js] Unit Created ID:41 Role:worker Pos:2,2 Special:false
[UnitCore.js] Unit Created ID:41 Role:worker Pos:2,2
[Game] Request Added: raise at (100,100) ID:req_41
[Game] No worker in radius 80 for Manual Req req_41. Trying Global Scan...
[Job 41] Entering. Target: 100,100
[Actor 41] smartMove: triggers pathfinding. Dist: 87.7 Time:0.0 Last:-100.0 Throttle:1.10 Action:Approaching Job
[Entity 42] Calling updatePosition...
[Entity 42] updatePosition returned.
[ActorCore] Actor Created. Type: unit Pos: 2,2
[UnitCore.js] Unit Created ID:42 Role:worker Pos:2,2 Special:false
[UnitCore.js] Unit Created ID:42 Role:worker Pos:2,2
[Game] Request Added: raise at (100,100) ID:req_42
[Game] No worker in radius 80 for Manual Req req_42. Trying Global Scan...
[Job 42] Entering. Target: 100,100
[Actor 42] smartMove: triggers pathfinding. Dist: 87.7 Time:0.0 Last:-100.0 Throttle:1.20 Action:Approaching Job
[Entity 43] Calling updatePosition...
[Entity 43] updatePosition returned.
[ActorCore] Actor Created. Type: unit Pos: 2,2
[UnitCore.js] Unit Created ID:43 Role:worker Pos:2,2 Special:false
[UnitCore.js] Unit Created ID:43 Role:worker Pos:2,2
[Game] Request Added: raise at (100,100) ID:req_43
[Game] No worker in radius 80 for Manual Req req_43. Trying Global Scan...
[Job 43] Entering. Target: 100,100
[Actor 43] smartMove: triggers pathfinding. Dist: 87.7 Time:0.0 Last:-100.0 Throttle:1.30 Action:Approaching Job
[Entity 44] Calling updatePosition...
[Entity 44] updatePosition returned.
[ActorCore] Actor Created. Type: unit Pos: 2,2
[UnitCore.js] Unit Created ID:44 Role:worker Pos:2,2 Special:false
[UnitCore.js] Unit Created ID:44 Role:worker Pos:2,2
[Game] Request Added: raise at (100,100) ID:req_44
[Game] No worker in radius 80 for Manual Req req_44. Trying Global Scan...
[Job 44] Entering. Target: 100,100
[Actor 44] smartMove: triggers pathfinding. Dist: 87.7 Time:0.0 Last:-100.0 Throttle:1.40 Action:Approaching Job
[Entity 45] Calling updatePosition...
[Entity 45] updatePosition returned.
[ActorCore] Actor Created. Type: unit Pos: 2,2
[UnitCore.js] Unit Created ID:45 Role:worker Pos:2,2 Special:false
[UnitCore.js] Unit Created ID:45 Role:worker Pos:2,2
[Game] Request Added: raise at (100,100) ID:req_45
[Game] No worker in radius 80 for Manual Req req_45. Trying Global Scan...
[Job 45] Entering. Target: 100,100
[Actor 45] smartMove: triggers pathfinding. Dist: 87.7 Time:0.0 Last:-100.0 Throttle:1.50 Action:Approaching Job
[Entity 46] Calling updatePosition...
[Entity 46] updatePosition returned.
[ActorCore] Actor Created. Type: unit Pos: 2,2
[UnitCore.js] Unit Created ID:46 Role:worker Pos:2,2 Special:false
[UnitCore.js] Unit Created ID:46 Role:worker Pos:2,2
[Game] Request Added: raise at (100,100) ID:req_46
[Game] No worker in radius 80 for Manual Req req_46. Trying Global Scan...
[Job 46] Entering. Target: 100,100
[Actor 46] smartMove: triggers pathfinding. Dist: 87.7 Time:0.0 Last:-100.0 Throttle:1.60 Action:Approaching Job
[Entity 47] Calling updatePosition...
[Entity 47] updatePosition returned.
[ActorCore] Actor Created. Type: unit Pos: 2,2
[UnitCore.js] Unit Created ID:47 Role:worker Pos:2,2 Special:false
[UnitCore.js] Unit Created ID:47 Role:worker Pos:2,2
[Game] Request Added: raise at (100,100) ID:req_47
[Game] No worker in radius 80 for Manual Req req_47. Trying Global Scan...
[Job 47] Entering. Target: 100,100
[Actor 47] smartMove: triggers pathfinding. Dist: 87.7 Time:0.0 Last:-100.0 Throttle:1.70 Action:Approaching Job
[Entity 48] Calling updatePosition...
[Entity 48] updatePosition returned.
[ActorCore] Actor Created. Type: unit Pos: 2,2
[UnitCore.js] Unit Created ID:48 Role:worker Pos:2,2 Special:false
[UnitCore.js] Unit Created ID:48 Role:worker Pos:2,2
[Game] Request Added: raise at (100,100) ID:req_48
[Game] No worker in radius 80 for Manual Req req_48. Trying Global Scan...
[Job 48] Entering. Target: 100,100
[Actor 48] smartMove: triggers pathfinding. Dist: 87.7 Time:0.0 Last:-100.0 Throttle:1.80 Action:Approaching Job
[Entity 49] Calling updatePosition...
[Entity 49] updatePosition returned.
[ActorCore] Actor Created. Type: unit Pos: 2,2
[UnitCore.js] Unit Created ID:49 Role:worker Pos:2,2 Special:false
[UnitCore.js] Unit Created ID:49 Role:worker Pos:2,2
[Game] Request Added: raise at (100,100) ID:req_49
[Game] No worker in radius 80 for Manual Req req_49. Trying Global Scan...
[Job 49] Entering. Target: 100,100
[Actor 49] smartMove: triggers pathfinding. Dist: 87.7 Time:0.0 Last:-100.0 Throttle:1.90 Action:Approaching Job
[Entity 50] Calling updatePosition...
[Entity 50] updatePosition returned.
[ActorCore] Actor Created. Type: unit Pos: 2,2
[UnitCore.js] Unit Created ID:50 Role:worker Pos:2,2 Special:false
[UnitCore.js] Unit Created ID:50 Role:worker Pos:2,2
[Game] Request Added: raise at (100,100) ID:req_50
[Game] No worker in radius 80 for Manual Req req_50. Trying Global Scan...
[Job 50] Entering. Target: 100,100
[Actor 50] smartMove: triggers pathfinding. Dist: 87.7 Time:0.0 Last:-100.0 Throttle:2.00 Action:Approaching Job
[Entity 51] Calling updatePosition...
[Entity 51] updatePosition returned.
[ActorCore] Actor Created. Type: unit Pos: 2,2
[UnitCore.js] Unit Created ID:51 Role:worker Pos:2,2 Special:false
[UnitCore.js] Unit Created ID:51 Role:worker Pos:2,2
[Game] Request Added: raise at (100,100) ID:req_51
[Game] No worker in radius 80 for Manual Req req_51. Trying Global Scan...
[Job 51] Entering. Target: 100,100
[Actor 51] smartMove: triggers pathfinding. Dist: 87.7 Time:0.0 Last:-100.0 Throttle:2.10 Action:Approaching Job
[Entity 52] Calling updatePosition...
[Entity 52] updatePosition returned.
[ActorCore] Actor Created. Type: unit Pos: 2,2
[UnitCore.js] Unit Created ID:52 Role:worker Pos:2,2 Special:false
[UnitCore.js] Unit Created ID:52 Role:worker Pos:2,2
[Game] Request Added: raise at (100,100) ID:req_52
[Game] No worker in radius 80 for Manual Req req_52. Trying Global Scan...
[Job 52] Entering. Target: 100,100
[Actor 52] smartMove: triggers pathfinding. Dist: 87.7 Time:0.0 Last:-100.0 Throttle:2.20 Action:Approaching Job
[Entity 53] Calling updatePosition...
[Entity 53] updatePosition returned.
[ActorCore] Actor Created. Type: unit Pos: 2,2
[UnitCore.js] Unit Created ID:53 Role:worker Pos:2,2 Special:false
[UnitCore.js] Unit Created ID:53 Role:worker Pos:2,2
[Game] Request Added: raise at (100,100) ID:req_53
[Game] No worker in radius 80 for Manual Req req_53. Trying Global Scan...
[Job 53] Entering. Target: 100,100
[Actor 53] smartMove: triggers pathfinding. Dist: 87.7 Time:0.0 Last:-100.0 Throttle:2.30 Action:Approaching Job
[Entity 54] Calling updatePosition...
[Entity 54] updatePosition returned.
[ActorCore] Actor Created. Type: unit Pos: 2,2
[UnitCore.js] Unit Created ID:54 Role:worker Pos:2,2 Special:false
[UnitCore.js] Unit Created ID:54 Role:worker Pos:2,2
[Game] Request Added: raise at (100,100) ID:req_54
[Game] No worker in radius 80 for Manual Req req_54. Trying Global Scan...
[Job 54] Entering. Target: 100,100
[Actor 54] smartMove: triggers pathfinding. Dist: 87.7 Time:0.0 Last:-100.0 Throttle:2.40 Action:Approaching Job
[Entity 55] Calling updatePosition...
[Entity 55] updatePosition returned.
[ActorCore] Actor Created. Type: unit Pos: 2,2
[UnitCore.js] Unit Created ID:55 Role:worker Pos:2,2 Special:false
[UnitCore.js] Unit Created ID:55 Role:worker Pos:2,2
[Game] Request Added: raise at (100,100) ID:req_55
[Game] No worker in radius 80 for Manual Req req_55. Trying Global Scan...
[Job 55] Entering. Target: 100,100
[Actor 55] smartMove: triggers pathfinding. Dist: 87.7 Time:0.0 Last:-100.0 Throttle:2.50 Action:Approaching Job
[Entity 56] Calling updatePosition...
[Entity 56] updatePosition returned.
[ActorCore] Actor Created. Type: unit Pos: 2,2
[UnitCore.js] Unit Created ID:56 Role:worker Pos:2,2 Special:false
[UnitCore.js] Unit Created ID:56 Role:worker Pos:2,2
[Game] Request Added: raise at (100,100) ID:req_56
[Game] No worker in radius 80 for Manual Req req_56. Trying Global Scan...
[Job 56] Entering. Target: 100,100
[Actor 56] smartMove: triggers pathfinding. Dist: 87.7 Time:0.0 Last:-100.0 Throttle:2.60 Action:Approaching Job
[Entity 57] Calling updatePosition...
[Entity 57] updatePosition returned.
[ActorCore] Actor Created. Type: unit Pos: 2,2
[UnitCore.js] Unit Created ID:57 Role:worker Pos:2,2 Special:false
[UnitCore.js] Unit Created ID:57 Role:worker Pos:2,2
[Game] Request Added: raise at (100,100) ID:req_57
[Game] No worker in radius 80 for Manual Req req_57. Trying Global Scan...
[Job 57] Entering. Target: 100,100
[Actor 57] smartMove: triggers pathfinding. Dist: 87.7 Time:0.0 Last:-100.0 Throttle:2.70 Action:Approaching Job
[Entity 58] Calling updatePosition...
[Entity 58] updatePosition returned.
[ActorCore] Actor Created. Type: unit Pos: 2,2
[UnitCore.js] Unit Created ID:58 Role:worker Pos:2,2 Special:false
[UnitCore.js] Unit Created ID:58 Role:worker Pos:2,2
[Game] Request Added: raise at (100,100) ID:req_58
[Game] No worker in radius 80 for Manual Req req_58. Trying Global Scan...
[Job 58] Entering. Target: 100,100
[Actor 58] smartMove: triggers pathfinding. Dist: 87.7 Time:0.0 Last:-100.0 Throttle:2.80 Action:Approaching Job
[Entity 59] Calling updatePosition...
[Entity 59] updatePosition returned.
[ActorCore] Actor Created. Type: unit Pos: 2,2
[UnitCore.js] Unit Created ID:59 Role:worker Pos:2,2 Special:false
[UnitCore.js] Unit Created ID:59 Role:worker Pos:2,2
[Game] Request Added: raise at (100,100) ID:req_59
[Game] No worker in radius 80 for Manual Req req_59. Trying Global Scan...
[Job 59] Entering. Target: 100,100
[Actor 59] smartMove: triggers pathfinding. Dist: 87.7 Time:0.0 Last:-100.0 Throttle:2.90 Action:Approaching Job
[Entity 60] Calling updatePosition...
[Entity 60] updatePosition returned.
[ActorCore] Actor Created. Type: unit Pos: 2,2
[UnitCore.js] Unit Created ID:60 Role:worker Pos:2,2 Special:false
[UnitCore.js] Unit Created ID:60 Role:worker Pos:2,2
[Game] Request Added: raise at (100,100) ID:req_60
[Game] No worker in radius 80 for Manual Req req_60. Trying Global Scan...
[Job 60] Entering. Target: 100,100
[Actor 60] smartMove: triggers pathfinding. Dist: 87.7 Time:0.0 Last:-100.0 Throttle:1.00 Action:Approaching Job
[Entity 61] Calling updatePosition...
[Entity 61] updatePosition returned.
[ActorCore] Actor Created. Type: unit Pos: 2,2
[UnitCore.js] Unit Created ID:61 Role:worker Pos:2,2 Special:false
[UnitCore.js] Unit Created ID:61 Role:worker Pos:2,2
[Game] Request Added: raise at (100,100) ID:req_61
[Game] No worker in radius 80 for Manual Req req_61. Trying Global Scan...
[Job 61] Entering. Target: 100,100
[Actor 61] smartMove: triggers pathfinding. Dist: 87.7 Time:0.0 Last:-100.0 Throttle:1.10 Action:Approaching Job
[Entity 62] Calling updatePosition...
[Entity 62] updatePosition returned.
[ActorCore] Actor Created. Type: unit Pos: 2,2
[UnitCore.js] Unit Created ID:62 Role:worker Pos:2,2 Special:false
[UnitCore.js] Unit Created ID:62 Role:worker Pos:2,2
[Game] Request Added: raise at (100,100) ID:req_62
[Game] No worker in radius 80 for Manual Req req_62. Trying Global Scan...
[Job 62] Entering. Target: 100,100
[Actor 62] smartMove: triggers pathfinding. Dist: 87.7 Time:0.0 Last:-100.0 Throttle:1.20 Action:Approaching Job
[Entity 63] Calling updatePosition...
[Entity 63] updatePosition returned.
[ActorCore] Actor Created. Type: unit Pos: 2,2
[UnitCore.js] Unit Created ID:63 Role:worker Pos:2,2 Special:false
[UnitCore.js] Unit Created ID:63 Role:worker Pos:2,2
[Game] Request Added: raise at (100,100) ID:req_63
[Game] No worker in radius 80 for Manual Req req_63. Trying Global Scan...
[Job 63] Entering. Target: 100,100
[Actor 63] smartMove: triggers pathfinding. Dist: 87.7 Time:0.0 Last:-100.0 Throttle:1.30 Action:Approaching Job
[Entity 64] Calling updatePosition...
[Entity 64] updatePosition returned.
[ActorCore] Actor Created. Type: unit Pos: 2,2
[UnitCore.js] Unit Created ID:64 Role:worker Pos:2,2 Special:false
[UnitCore.js] Unit Created ID:64 Role:worker Pos:2,2
[Game] Request Added: raise at (100,100) ID:req_64
[Game] No worker in radius 80 for Manual Req req_64. Trying Global Scan...
[Job 64] Entering. Target: 100,100
[Actor 64] smartMove: triggers pathfinding. Dist: 87.7 Time:0.0 Last:-100.0 Throttle:1.40 Action:Approaching Job
[Entity 65] Calling updatePosition...
[Entity 65] updatePosition returned.
[ActorCore] Actor Created. Type: unit Pos: 2,2
[UnitCore.js] Unit Created ID:65 Role:worker Pos:2,2 Special:false
[UnitCore.js] Unit Created ID:65 Role:worker Pos:2,2
[Game] Request Added: raise at (100,100) ID:req_65
[Game] No worker in radius 80 for Manual Req req_65. Trying Global Scan...
[Job 65] Entering. Target: 100,100
[Actor 65] smartMove: triggers pathfinding. Dist: 87.7 Time:0.0 Last:-100.0 Throttle:1.50 Action:Approaching Job
[Entity 66] Calling updatePosition...
[Entity 66] updatePosition returned.
[ActorCore] Actor Created. Type: unit Pos: 2,2
[UnitCore.js] Unit Created ID:66 Role:worker Pos:2,2 Special:false
[UnitCore.js] Unit Created ID:66 Role:worker Pos:2,2
[Game] Request Added: raise at (100,100) ID:req_66
[Game] No worker in radius 80 for Manual Req req_66. Trying Global Scan...
[Job 66] Entering. Target: 100,100
[Actor 66] smartMove: triggers pathfinding. Dist: 87.7 Time:0.0 Last:-100.0 Throttle:1.60 Action:Approaching Job
[Entity 67] Calling updatePosition...
[Entity 67] updatePosition returned.
[ActorCore] Actor Created. Type: unit Pos: 2,2
[UnitCore.js] Unit Created ID:67 Role:worker Pos:2,2 Special:false
[UnitCore.js] Unit Created ID:67 Role:worker Pos:2,2
[Game] Request Added: raise at (100,100) ID:req_67
[Game] No worker in radius 80 for Manual Req req_67. Trying Global Scan...
[Job 67] Entering. Target: 100,100
[Actor 67] smartMove: triggers pathfinding. Dist: 87.7 Time:0.0 Last:-100.0 Throttle:1.70 Action:Approaching Job
[Entity 68] Calling updatePosition...
[Entity 68] updatePosition returned.
[ActorCore] Actor Created. Type: unit Pos: 2,2
[UnitCore.js] Unit Created ID:68 Role:worker Pos:2,2 Special:false
[UnitCore.js] Unit Created ID:68 Role:worker Pos:2,2
[Game] Request Added: raise at (100,100) ID:req_68
[Game] No worker in radius 80 for Manual Req req_68. Trying Global Scan...
[Job 68] Entering. Target: 100,100
[Actor 68] smartMove: triggers pathfinding. Dist: 87.7 Time:0.0 Last:-100.0 Throttle:1.80 Action:Approaching Job
[Entity 69] Calling updatePosition...
[Entity 69] updatePosition returned.
[ActorCore] Actor Created. Type: unit Pos: 2,2
[UnitCore.js] Unit Created ID:69 Role:worker Pos:2,2 Special:false
[UnitCore.js] Unit Created ID:69 Role:worker Pos:2,2
[Game] Request Added: raise at (100,100) ID:req_69
[Game] No worker in radius 80 for Manual Req req_69. Trying Global Scan...
[Job 69] Entering. Target: 100,100
[Actor 69] smartMove: triggers pathfinding. Dist: 87.7 Time:0.0 Last:-100.0 Throttle:1.90 Action:Approaching Job
[Entity 70] Calling updatePosition...
[Entity 70] updatePosition returned.
[ActorCore] Actor Created. Type: unit Pos: 2,2
[UnitCore.js] Unit Created ID:70 Role:worker Pos:2,2 Special:false
[UnitCore.js] Unit Created ID:70 Role:worker Pos:2,2
[Game] Request Added: raise at (100,100) ID:req_70
[Game] No worker in radius 80 for Manual Req req_70. Trying Global Scan...
[Job 70] Entering. Target: 100,100
[Actor 70] smartMove: triggers pathfinding. Dist: 87.7 Time:0.0 Last:-100.0 Throttle:2.00 Action:Approaching Job
[Entity 71] Calling updatePosition...
[Entity 71] updatePosition returned.
[ActorCore] Actor Created. Type: unit Pos: 2,2
[UnitCore.js] Unit Created ID:71 Role:worker Pos:2,2 Special:false
[UnitCore.js] Unit Created ID:71 Role:worker Pos:2,2
[Game] Request Added: raise at (100,100) ID:req_71
[Game] No worker in radius 80 for Manual Req req_71. Trying Global Scan...
[Job 71] Entering. Target: 100,100
[Actor 71] smartMove: triggers pathfinding. Dist: 87.7 Time:0.0 Last:-100.0 Throttle:2.10 Action:Approaching Job
[Entity 72] Calling updatePosition...
[Entity 72] updatePosition returned.
[ActorCore] Actor Created. Type: unit Pos: 2,2
[UnitCore.js] Unit Created ID:72 Role:worker Pos:2,2 Special:false
[UnitCore.js] Unit Created ID:72 Role:worker Pos:2,2
[Game] Request Added: raise at (100,100) ID:req_72
[Game] No worker in radius 80 for Manual Req req_72. Trying Global Scan...
[Job 72] Entering. Target: 100,100
[Actor 72] smartMove: triggers pathfinding. Dist: 87.7 Time:0.0 Last:-100.0 Throttle:2.20 Action:Approaching Job
[Entity 73] Calling updatePosition...
[Entity 73] updatePosition returned.
[ActorCore] Actor Created. Type: unit Pos: 2,2
[UnitCore.js] Unit Created ID:73 Role:worker Pos:2,2 Special:false
[UnitCore.js] Unit Created ID:73 Role:worker Pos:2,2
[Game] Request Added: raise at (100,100) ID:req_73
[Game] No worker in radius 80 for Manual Req req_73. Trying Global Scan...
[Job 73] Entering. Target: 100,100
[Actor 73] smartMove: triggers pathfinding. Dist: 87.7 Time:0.0 Last:-100.0 Throttle:2.30 Action:Approaching Job
[Entity 74] Calling updatePosition...
[Entity 74] updatePosition returned.
[ActorCore] Actor Created. Type: unit Pos: 2,2
[UnitCore.js] Unit Created ID:74 Role:worker Pos:2,2 Special:false
[UnitCore.js] Unit Created ID:74 Role:worker Pos:2,2
[Game] Request Added: raise at (100,100) ID:req_74
[Game] No worker in radius 80 for Manual Req req_74. Trying Global Scan...
[Job 74] Entering. Target: 100,100
[Actor 74] smartMove: triggers pathfinding. Dist: 87.7 Time:0.0 Last:-100.0 Throttle:2.40 Action:Approaching Job
[Entity 75] Calling updatePosition...
[Entity 75] updatePosition returned.
[ActorCore] Actor Created. Type: unit Pos: 2,2
[UnitCore.js] Unit Created ID:75 Role:worker Pos:2,2 Special:false
[UnitCore.js] Unit Created ID:75 Role:worker Pos:2,2
[Game] Request Added: raise at (100,100) ID:req_75
[Game] No worker in radius 80 for Manual Req req_75. Trying Global Scan...
[Job 75] Entering. Target: 100,100
[Actor 75] smartMove: triggers pathfinding. Dist: 87.7 Time:0.0 Last:-100.0 Throttle:2.50 Action:Approaching Job
[Entity 76] Calling updatePosition...
[Entity 76] updatePosition returned.
[ActorCore] Actor Created. Type: unit Pos: 2,2
[UnitCore.js] Unit Created ID:76 Role:worker Pos:2,2 Special:false
[UnitCore.js] Unit Created ID:76 Role:worker Pos:2,2
[Game] Request Added: raise at (100,100) ID:req_76
[Game] No worker in radius 80 for Manual Req req_76. Trying Global Scan...
[Job 76] Entering. Target: 100,100
[Actor 76] smartMove: triggers pathfinding. Dist: 87.7 Time:0.0 Last:-100.0 Throttle:2.60 Action:Approaching Job
[Entity 77] Calling updatePosition...
[Entity 77] updatePosition returned.
[ActorCore] Actor Created. Type: unit Pos: 2,2
[UnitCore.js] Unit Created ID:77 Role:worker Pos:2,2 Special:false
[UnitCore.js] Unit Created ID:77 Role:worker Pos:2,2
[Game] Request Added: raise at (100,100) ID:req_77
[Game] No worker in radius 80 for Manual Req req_77. Trying Global Scan...
[Job 77] Entering. Target: 100,100
[Actor 77] smartMove: triggers pathfinding. Dist: 87.7 Time:0.0 Last:-100.0 Throttle:2.70 Action:Approaching Job
[Entity 78] Calling updatePosition...
[Entity 78] updatePosition returned.
[ActorCore] Actor Created. Type: unit Pos: 2,2
[UnitCore.js] Unit Created ID:78 Role:worker Pos:2,2 Special:false
[UnitCore.js] Unit Created ID:78 Role:worker Pos:2,2
[Game] Request Added: raise at (100,100) ID:req_78
[Game] No worker in radius 80 for Manual Req req_78. Trying Global Scan...
[Job 78] Entering. Target: 100,100
[Actor 78] smartMove: triggers pathfinding. Dist: 87.7 Time:0.0 Last:-100.0 Throttle:2.80 Action:Approaching Job
[Entity 79] Calling updatePosition...
[Entity 79] updatePosition returned.
[ActorCore] Actor Created. Type: unit Pos: 2,2
[UnitCore.js] Unit Created ID:79 Role:worker Pos:2,2 Special:false
[UnitCore.js] Unit Created ID:79 Role:worker Pos:2,2
[Game] Request Added: raise at (100,100) ID:req_79
[Game] No worker in radius 80 for Manual Req req_79. Trying Global Scan...
[Job 79] Entering. Target: 100,100
[Actor 79] smartMove: triggers pathfinding. Dist: 87.7 Time:0.0 Last:-100.0 Throttle:2.90 Action:Approaching Job
[Entity 80] Calling updatePosition...
[Entity 80] updatePosition returned.
[ActorCore] Actor Created. Type: unit Pos: 2,2
[UnitCore.js] Unit Created ID:80 Role:worker Pos:2,2 Special:false
[UnitCore.js] Unit Created ID:80 Role:worker Pos:2,2
[Game] Request Added: raise at (100,100) ID:req_80
[Game] No worker in radius 80 for Manual Req req_80. Trying Global Scan...
[Job 80] Entering. Target: 100,100
[Actor 80] smartMove: triggers pathfinding. Dist: 87.7 Time:0.0 Last:-100.0 Throttle:1.00 Action:Approaching Job
[Entity 81] Calling updatePosition...
[Entity 81] updatePosition returned.
[ActorCore] Actor Created. Type: unit Pos: 2,2
[UnitCore.js] Unit Created ID:81 Role:worker Pos:2,2 Special:false
[UnitCore.js] Unit Created ID:81 Role:worker Pos:2,2
[Game] Request Added: raise at (100,100) ID:req_81
[Game] No worker in radius 80 for Manual Req req_81. Trying Global Scan...
[Job 81] Entering. Target: 100,100
[Actor 81] smartMove: triggers pathfinding. Dist: 87.7 Time:0.0 Last:-100.0 Throttle:1.10 Action:Approaching Job
[Entity 82] Calling updatePosition...
[Entity 82] updatePosition returned.
[ActorCore] Actor Created. Type: unit Pos: 2,2
[UnitCore.js] Unit Created ID:82 Role:worker Pos:2,2 Special:false
[UnitCore.js] Unit Created ID:82 Role:worker Pos:2,2
[Game] Request Added: raise at (100,100) ID:req_82
[Game] No worker in radius 80 for Manual Req req_82. Trying Global Scan...
[Job 82] Entering. Target: 100,100
[Actor 82] smartMove: triggers pathfinding. Dist: 87.7 Time:0.0 Last:-100.0 Throttle:1.20 Action:Approaching Job
[Entity 83] Calling updatePosition...
[Entity 83] updatePosition returned.
[ActorCore] Actor Created. Type: unit Pos: 2,2
[UnitCore.js] Unit Created ID:83 Role:worker Pos:2,2 Special:false
[UnitCore.js] Unit Created ID:83 Role:worker Pos:2,2
[Game] Request Added: raise at (100,100) ID:req_83
[Game] No worker in radius 80 for Manual Req req_83. Trying Global Scan...
[Job 83] Entering. Target: 100,100
[Actor 83] smartMove: triggers pathfinding. Dist: 87.7 Time:0.0 Last:-100.0 Throttle:1.30 Action:Approaching Job
[Entity 84] Calling updatePosition...
[Entity 84] updatePosition returned.
[ActorCore] Actor Created. Type: unit Pos: 2,2
[UnitCore.js] Unit Created ID:84 Role:worker Pos:2,2 Special:false
[UnitCore.js] Unit Created ID:84 Role:worker Pos:2,2
[Game] Request Added: raise at (100,100) ID:req_84
[Game] No worker in radius 80 for Manual Req req_84. Trying Global Scan...
[Job 84] Entering. Target: 100,100
[Actor 84] smartMove: triggers pathfinding. Dist: 87.7 Time:0.0 Last:-100.0 Throttle:1.40 Action:Approaching Job
[Entity 85] Calling updatePosition...
[Entity 85] updatePosition returned.
[ActorCore] Actor Created. Type: unit Pos: 2,2
[UnitCore.js] Unit Created ID:85 Role:worker Pos:2,2 Special:false
[UnitCore.js] Unit Created ID:85 Role:worker Pos:2,2
[Game] Request Added: raise at (100,100) ID:req_85
[Game] No worker in radius 80 for Manual Req req_85. Trying Global Scan...
[Job 85] Entering. Target: 100,100
[Actor 85] smartMove: triggers pathfinding. Dist: 87.7 Time:0.0 Last:-100.0 Throttle:1.50 Action:Approaching Job
[Entity 86] Calling updatePosition...
[Entity 86] updatePosition returned.
[ActorCore] Actor Created. Type: unit Pos: 2,2
[UnitCore.js] Unit Created ID:86 Role:worker Pos:2,2 Special:false
[UnitCore.js] Unit Created ID:86 Role:worker Pos:2,2
[Game] Request Added: raise at (100,100) ID:req_86
[Game] No worker in radius 80 for Manual Req req_86. Trying Global Scan...
[Job 86] Entering. Target: 100,100
[Actor 86] smartMove: triggers pathfinding. Dist: 87.7 Time:0.0 Last:-100.0 Throttle:1.60 Action:Approaching Job
[Entity 87] Calling updatePosition...
[Entity 87] updatePosition returned.
[ActorCore] Actor Created. Type: unit Pos: 2,2
[UnitCore.js] Unit Created ID:87 Role:worker Pos:2,2 Special:false
[UnitCore.js] Unit Created ID:87 Role:worker Pos:2,2
[Game] Request Added: raise at (100,100) ID:req_87
[Game] No worker in radius 80 for Manual Req req_87. Trying Global Scan...
[Job 87] Entering. Target: 100,100
[Actor 87] smartMove: triggers pathfinding. Dist: 87.7 Time:0.0 Last:-100.0 Throttle:1.70 Action:Approaching Job
[Entity 88] Calling updatePosition...
[Entity 88] updatePosition returned.
[ActorCore] Actor Created. Type: unit Pos: 2,2
[UnitCore.js] Unit Created ID:88 Role:worker Pos:2,2 Special:false
[UnitCore.js] Unit Created ID:88 Role:worker Pos:2,2
[Game] Request Added: raise at (100,100) ID:req_88
[Game] No worker in radius 80 for Manual Req req_88. Trying Global Scan...
[Job 88] Entering. Target: 100,100
[Actor 88] smartMove: triggers pathfinding. Dist: 87.7 Time:0.0 Last:-100.0 Throttle:1.80 Action:Approaching Job
[Entity 89] Calling updatePosition...
[Entity 89] updatePosition returned.
[ActorCore] Actor Created. Type: unit Pos: 2,2
[UnitCore.js] Unit Created ID:89 Role:worker Pos:2,2 Special:false
[UnitCore.js] Unit Created ID:89 Role:worker Pos:2,2
[Game] Request Added: raise at (100,100) ID:req_89
[Game] No worker in radius 80 for Manual Req req_89. Trying Global Scan...
[Job 89] Entering. Target: 100,100
[Actor 89] smartMove: triggers pathfinding. Dist: 87.7 Time:0.0 Last:-100.0 Throttle:1.90 Action:Approaching Job
[Entity 90] Calling updatePosition...
[Entity 90] updatePosition returned.
[ActorCore] Actor Created. Type: unit Pos: 2,2
[UnitCore.js] Unit Created ID:90 Role:worker Pos:2,2 Special:false
[UnitCore.js] Unit Created ID:90 Role:worker Pos:2,2
[Game] Request Added: raise at (100,100) ID:req_90
[Game] No worker in radius 80 for Manual Req req_90. Trying Global Scan...
[Job 90] Entering. Target: 100,100
[Actor 90] smartMove: triggers pathfinding. Dist: 87.7 Time:0.0 Last:-100.0 Throttle:2.00 Action:Approaching Job
[Entity 91] Calling updatePosition...
[Entity 91] updatePosition returned.
[ActorCore] Actor Created. Type: unit Pos: 2,2
[UnitCore.js] Unit Created ID:91 Role:worker Pos:2,2 Special:false
[UnitCore.js] Unit Created ID:91 Role:worker Pos:2,2
[Game] Request Added: raise at (100,100) ID:req_91
[Game] No worker in radius 80 for Manual Req req_91. Trying Global Scan...
[Job 91] Entering. Target: 100,100
[Actor 91] smartMove: triggers pathfinding. Dist: 87.7 Time:0.0 Last:-100.0 Throttle:2.10 Action:Approaching Job
[Entity 92] Calling updatePosition...
[Entity 92] updatePosition returned.
[ActorCore] Actor Created. Type: unit Pos: 2,2
[UnitCore.js] Unit Created ID:92 Role:worker Pos:2,2 Special:false
[UnitCore.js] Unit Created ID:92 Role:worker Pos:2,2
[Game] Request Added: raise at (100,100) ID:req_92
[Game] No worker in radius 80 for Manual Req req_92. Trying Global Scan...
[Job 92] Entering. Target: 100,100
[Actor 92] smartMove: triggers pathfinding. Dist: 87.7 Time:0.0 Last:-100.0 Throttle:2.20 Action:Approaching Job
[Entity 93] Calling updatePosition...
[Entity 93] updatePosition returned.
[ActorCore] Actor Created. Type: unit Pos: 2,2
[UnitCore.js] Unit Created ID:93 Role:worker Pos:2,2 Special:false
[UnitCore.js] Unit Created ID:93 Role:worker Pos:2,2
[Game] Request Added: raise at (100,100) ID:req_93
[Game] No worker in radius 80 for Manual Req req_93. Trying Global Scan...
[Job 93] Entering. Target: 100,100
[Actor 93] smartMove: triggers pathfinding. Dist: 87.7 Time:0.0 Last:-100.0 Throttle:2.30 Action:Approaching Job
[Entity 94] Calling updatePosition...
[Entity 94] updatePosition returned.
[ActorCore] Actor Created. Type: unit Pos: 2,2
[UnitCore.js] Unit Created ID:94 Role:worker Pos:2,2 Special:false
[UnitCore.js] Unit Created ID:94 Role:worker Pos:2,2
[Game] Request Added: raise at (100,100) ID:req_94
[Game] No worker in radius 80 for Manual Req req_94. Trying Global Scan...
[Job 94] Entering. Target: 100,100
[Actor 94] smartMove: triggers pathfinding. Dist: 87.7 Time:0.0 Last:-100.0 Throttle:2.40 Action:Approaching Job
[Entity 95] Calling updatePosition...
[Entity 95] updatePosition returned.
[ActorCore] Actor Created. Type: unit Pos: 2,2
[UnitCore.js] Unit Created ID:95 Role:worker Pos:2,2 Special:false
[UnitCore.js] Unit Created ID:95 Role:worker Pos:2,2
[Game] Request Added: raise at (100,100) ID:req_95
[Game] No worker in radius 80 for Manual Req req_95. Trying Global Scan...
[Job 95] Entering. Target: 100,100
[Actor 95] smartMove: triggers pathfinding. Dist: 87.7 Time:0.0 Last:-100.0 Throttle:2.50 Action:Approaching Job
[Entity 96] Calling updatePosition...
[Entity 96] updatePosition returned.
[ActorCore] Actor Created. Type: unit Pos: 2,2
[UnitCore.js] Unit Created ID:96 Role:worker Pos:2,2 Special:false
[UnitCore.js] Unit Created ID:96 Role:worker Pos:2,2
[Game] Request Added: raise at (100,100) ID:req_96
[Game] No worker in radius 80 for Manual Req req_96. Trying Global Scan...
[Job 96] Entering. Target: 100,100
[Actor 96] smartMove: triggers pathfinding. Dist: 87.7 Time:0.0 Last:-100.0 Throttle:2.60 Action:Approaching Job
[Entity 97] Calling updatePosition...
[Entity 97] updatePosition returned.
[ActorCore] Actor Created. Type: unit Pos: 2,2
[UnitCore.js] Unit Created ID:97 Role:worker Pos:2,2 Special:false
[UnitCore.js] Unit Created ID:97 Role:worker Pos:2,2
[Game] Request Added: raise at (100,100) ID:req_97
[Game] No worker in radius 80 for Manual Req req_97. Trying Global Scan...
[Job 97] Entering. Target: 100,100
[Actor 97] smartMove: triggers pathfinding. Dist: 87.7 Time:0.0 Last:-100.0 Throttle:2.70 Action:Approaching Job
[Entity 98] Calling updatePosition...
[Entity 98] updatePosition returned.
[ActorCore] Actor Created. Type: unit Pos: 2,2
[UnitCore.js] Unit Created ID:98 Role:worker Pos:2,2 Special:false
[UnitCore.js] Unit Created ID:98 Role:worker Pos:2,2
[Game] Request Added: raise at (100,100) ID:req_98
[Game] No worker in radius 80 for Manual Req req_98. Trying Global Scan...
[Job 98] Entering. Target: 100,100
[Actor 98] smartMove: triggers pathfinding. Dist: 87.7 Time:0.0 Last:-100.0 Throttle:2.80 Action:Approaching Job
[Entity 99] Calling updatePosition...
[Entity 99] updatePosition returned.
[ActorCore] Actor Created. Type: unit Pos: 2,2
[UnitCore.js] Unit Created ID:99 Role:worker Pos:2,2 Special:false
[UnitCore.js] Unit Created ID:99 Role:worker Pos:2,2
[Game] Request Added: raise at (100,100) ID:req_99
[Game] No worker in radius 80 for Manual Req req_99. Trying Global Scan...
[Job 99] Entering. Target: 100,100
[Actor 99] smartMove: triggers pathfinding. Dist: 87.7 Time:0.0 Last:-100.0 Throttle:2.90 Action:Approaching Job
[Actor 25] smartMove: triggers pathfinding. Dist: 87.7 Time:0.1 Last:0.0 Throttle:1.50 Action:Approaching Job
[Actor 26] smartMove: triggers pathfinding. Dist: 87.7 Time:0.1 Last:0.0 Throttle:1.60 Action:Approaching Job
[Actor 27] smartMove: triggers pathfinding. Dist: 87.7 Time:0.1 Last:0.0 Throttle:1.70 Action:Approaching Job
[Actor 28] smartMove: triggers pathfinding. Dist: 87.7 Time:0.1 Last:0.0 Throttle:1.80 Action:Approaching Job
[Actor 29] smartMove: triggers pathfinding. Dist: 87.7 Time:0.1 Last:0.0 Throttle:1.90 Action:Approaching Job
[Actor 30] smartMove: triggers pathfinding. Dist: 87.7 Time:0.1 Last:0.0 Throttle:2.00 Action:Approaching Job
[Actor 31] smartMove: triggers pathfinding. Dist: 87.7 Time:0.1 Last:0.0 Throttle:2.10 Action:Approaching Job
[Actor 32] smartMove: triggers pathfinding. Dist: 87.7 Time:0.1 Last:0.0 Throttle:2.20 Action:Approaching Job
[Actor 33] smartMove: triggers pathfinding. Dist: 87.7 Time:0.1 Last:0.0 Throttle:2.30 Action:Approaching Job
[Actor 34] smartMove: triggers pathfinding. Dist: 87.7 Time:0.1 Last:0.0 Throttle:2.40 Action:Approaching Job
[Actor 35] smartMove: triggers pathfinding. Dist: 87.7 Time:0.1 Last:0.0 Throttle:2.50 Action:Approaching Job
[Actor 36] smartMove: triggers pathfinding. Dist: 87.7 Time:0.1 Last:0.0 Throttle:2.60 Action:Approaching Job
[Actor 37] smartMove: triggers pathfinding. Dist: 87.7 Time:0.1 Last:0.0 Throttle:2.70 Action:Approaching Job
[Actor 38] smartMove: triggers pathfinding. Dist: 87.7 Time:0.1 Last:0.0 Throttle:2.80 Action:Approaching Job
[Actor 39] smartMove: triggers pathfinding. Dist: 87.7 Time:0.1 Last:0.0 Throttle:2.90 Action:Approaching Job
[Actor 40] smartMove: triggers pathfinding. Dist: 87.7 Time:0.1 Last:0.0 Throttle:1.00 Action:Approaching Job
[Actor 41] smartMove: triggers pathfinding. Dist: 87.7 Time:0.1 Last:0.0 Throttle:1.10 Action:Approaching Job
[Actor 42] smartMove: triggers pathfinding. Dist: 87.7 Time:0.1 Last:0.0 Throttle:1.20 Action:Approaching Job
[Actor 43] smartMove: triggers pathfinding. Dist: 87.7 Time:0.1 Last:0.0 Throttle:1.30 Action:Approaching Job
[Actor 44] smartMove: triggers pathfinding. Dist: 87.7 Time:0.1 Last:0.0 Throttle:1.40 Action:Approaching Job
[Actor 45] smartMove: triggers pathfinding. Dist: 87.7 Time:0.1 Last:0.0 Throttle:1.50 Action:Approaching Job
[Actor 46] smartMove: triggers pathfinding. Dist: 87.7 Time:0.1 Last:0.0 Throttle:1.60 Action:Approaching Job
[Actor 47] smartMove: triggers pathfinding. Dist: 87.7 Time:0.1 Last:0.0 Throttle:1.70 Action:Approaching Job
[Actor 48] smartMove: triggers pathfinding. Dist: 87.7 Time:0.1 Last:0.0 Throttle:1.80 Action:Approaching Job
[Actor 49] smartMove: triggers pathfinding. Dist: 87.7 Time:0.1 Last:0.0 Throttle:1.90 Action:Approaching Job
[Actor 50] smartMove: triggers pathfinding. Dist: 87.7 Time:0.1 Last:0.0 Throttle:2.00 Action:Approaching Job
[Actor 51] smartMove: triggers pathfinding. Dist: 87.7 Time:0.1 Last:0.0 Throttle:2.10 Action:Approaching Job
[Actor 52] smartMove: triggers pathfinding. Dist: 87.7 Time:0.1 Last:0.0 Throttle:2.20 Action:Approaching Job
[Actor 53] smartMove: triggers pathfinding. Dist: 87.7 Time:0.1 Last:0.0 Throttle:2.30 Action:Approaching Job
[Actor 54] smartMove: triggers pathfinding. Dist: 87.7 Time:0.1 Last:0.0 Throttle:2.40 Action:Approaching Job
[Actor 55] smartMove: triggers pathfinding. Dist: 87.7 Time:0.1 Last:0.0 Throttle:2.50 Action:Approaching Job
[Actor 56] smartMove: triggers pathfinding. Dist: 87.7 Time:0.1 Last:0.0 Throttle:2.60 Action:Approaching Job
[Actor 57] smartMove: triggers pathfinding. Dist: 87.7 Time:0.1 Last:0.0 Throttle:2.70 Action:Approaching Job
[Actor 58] smartMove: triggers pathfinding. Dist: 87.7 Time:0.1 Last:0.0 Throttle:2.80 Action:Approaching Job
[Actor 59] smartMove: triggers pathfinding. Dist: 87.7 Time:0.1 Last:0.0 Throttle:2.90 Action:Approaching Job
[Actor 60] smartMove: triggers pathfinding. Dist: 87.7 Time:0.1 Last:0.0 Throttle:1.00 Action:Approaching Job
[Actor 61] smartMove: triggers pathfinding. Dist: 87.7 Time:0.1 Last:0.0 Throttle:1.10 Action:Approaching Job
[Actor 62] smartMove: triggers pathfinding. Dist: 87.7 Time:0.1 Last:0.0 Throttle:1.20 Action:Approaching Job
[Actor 63] smartMove: triggers pathfinding. Dist: 87.7 Time:0.1 Last:0.0 Throttle:1.30 Action:Approaching Job
[Actor 64] smartMove: triggers pathfinding. Dist: 87.7 Time:0.1 Last:0.0 Throttle:1.40 Action:Approaching Job
[Actor 65] smartMove: triggers pathfinding. Dist: 87.7 Time:0.1 Last:0.0 Throttle:1.50 Action:Approaching Job
[Actor 66] smartMove: triggers pathfinding. Dist: 87.7 Time:0.1 Last:0.0 Throttle:1.60 Action:Approaching Job
[Actor 67] smartMove: triggers pathfinding. Dist: 87.7 Time:0.1 Last:0.0 Throttle:1.70 Action:Approaching Job
[Actor 68] smartMove: triggers pathfinding. Dist: 87.7 Time:0.1 Last:0.0 Throttle:1.80 Action:Approaching Job
[Actor 69] smartMove: triggers pathfinding. Dist: 87.7 Time:0.1 Last:0.0 Throttle:1.90 Action:Approaching Job
[Actor 70] smartMove: triggers pathfinding. Dist: 87.7 Time:0.1 Last:0.0 Throttle:2.00 Action:Approaching Job
[Actor 71] smartMove: triggers pathfinding. Dist: 87.7 Time:0.1 Last:0.0 Throttle:2.10 Action:Approaching Job
[Actor 72] smartMove: triggers pathfinding. Dist: 87.7 Time:0.1 Last:0.0 Throttle:2.20 Action:Approaching Job
[Actor 73] smartMove: triggers pathfinding. Dist: 87.7 Time:0.1 Last:0.0 Throttle:2.30 Action:Approaching Job
[Actor 74] smartMove: triggers pathfinding. Dist: 87.7 Time:0.1 Last:0.0 Throttle:2.40 Action:Approaching Job
[Actor 75] smartMove: triggers pathfinding. Dist: 87.7 Time:0.1 Last:0.0 Throttle:2.50 Action:Approaching Job
[Actor 76] smartMove: triggers pathfinding. Dist: 87.7 Time:0.1 Last:0.0 Throttle:2.60 Action:Approaching Job
[Actor 77] smartMove: triggers pathfinding. Dist: 87.7 Time:0.1 Last:0.0 Throttle:2.70 Action:Approaching Job
[Actor 78] smartMove: triggers pathfinding. Dist: 87.7 Time:0.1 Last:0.0 Throttle:2.80 Action:Approaching Job
[Actor 79] smartMove: triggers pathfinding. Dist: 87.7 Time:0.1 Last:0.0 Throttle:2.90 Action:Approaching Job
[Actor 80] smartMove: triggers pathfinding. Dist: 87.7 Time:0.1 Last:0.0 Throttle:1.00 Action:Approaching Job
[Actor 81] smartMove: triggers pathfinding. Dist: 87.7 Time:0.1 Last:0.0 Throttle:1.10 Action:Approaching Job
[Actor 82] smartMove: triggers pathfinding. Dist: 87.7 Time:0.1 Last:0.0 Throttle:1.20 Action:Approaching Job
[Actor 83] smartMove: triggers pathfinding. Dist: 87.7 Time:0.1 Last:0.0 Throttle:1.30 Action:Approaching Job
[Actor 84] smartMove: triggers pathfinding. Dist: 87.7 Time:0.1 Last:0.0 Throttle:1.40 Action:Approaching Job
[Actor 85] smartMove: triggers pathfinding. Dist: 87.7 Time:0.1 Last:0.0 Throttle:1.50 Action:Approaching Job
[Actor 86] smartMove: triggers pathfinding. Dist: 87.7 Time:0.1 Last:0.0 Throttle:1.60 Action:Approaching Job
[Actor 87] smartMove: triggers pathfinding. Dist: 87.7 Time:0.1 Last:0.0 Throttle:1.70 Action:Approaching Job
[Actor 88] smartMove: triggers pathfinding. Dist: 87.7 Time:0.1 Last:0.0 Throttle:1.80 Action:Approaching Job
[Actor 89] smartMove: triggers pathfinding. Dist: 87.7 Time:0.1 Last:0.0 Throttle:1.90 Action:Approaching Job
[Actor 90] smartMove: triggers pathfinding. Dist: 87.7 Time:0.1 Last:0.0 Throttle:2.00 Action:Approaching Job
[Actor 91] smartMove: triggers pathfinding. Dist: 87.7 Time:0.1 Last:0.0 Throttle:2.10 Action:Approaching Job
[Actor 92] smartMove: triggers pathfinding. Dist: 87.7 Time:0.1 Last:0.0 Throttle:2.20 Action:Approaching Job
[Actor 93] smartMove: triggers pathfinding. Dist: 87.7 Time:0.1 Last:0.0 Throttle:2.30 Action:Approaching Job
[Actor 94] smartMove: triggers pathfinding. Dist: 87.7 Time:0.1 Last:0.0 Throttle:2.40 Action:Approaching Job
[Actor 95] smartMove: triggers pathfinding. Dist: 87.7 Time:0.1 Last:0.0 Throttle:2.50 Action:Approaching Job
[Actor 96] smartMove: triggers pathfinding. Dist: 87.7 Time:0.1 Last:0.0 Throttle:2.60 Action:Approaching Job
[Actor 97] smartMove: triggers pathfinding. Dist: 87.7 Time:0.1 Last:0.0 Throttle:2.70 Action:Approaching Job
[Actor 98] smartMove: triggers pathfinding. Dist: 87.7 Time:0.1 Last:0.0 Throttle:2.80 Action:Approaching Job
[Actor 99] smartMove: triggers pathfinding. Dist: 87.7 Time:0.1 Last:0.0 Throttle:2.90 Action:Approaching Job
[Actor 0] smartMove to 100,100 (H:1). Reachable:true Dist:87.68 Moving:false Path:0
[Job 0] TRACE: Status:assigned isMoving:false dist:87.68 pos:2.0,2.0
[Actor 0] smartMove to 100,100 (H:1). Reachable:true Dist:87.68 Moving:false Path:1
[Actor 0] SmartMove Depth:1 Node:100,100 My:2,2 d:98,98
[Entity 0] startMove -> isMoving:true. Target:100,100 StartTime:0.0000
[Actor 1] SmartMove Depth:1 Node:100,100 My:2,2 d:98,98
[Entity 1] startMove -> isMoving:true. Target:100,100 StartTime:0.0000
[Actor 2] SmartMove Depth:1 Node:100,100 My:2,2 d:98,98
[Entity 2] startMove -> isMoving:true. Target:100,100 StartTime:0.0000
[Actor 3] SmartMove Depth:1 Node:100,100 My:2,2 d:98,98
[Entity 3] startMove -> isMoving:true. Target:100,100 StartTime:0.0000
[Actor 4] SmartMove Depth:1 Node:100,100 My:2,2 d:98,98
[Entity 4] startMove -> isMoving:true. Target:100,100 StartTime:0.0000
[Actor 5] SmartMove Depth:1 Node:100,100 My:2,2 d:98,98
[Entity 5] startMove -> isMoving:true. Target:100,100 StartTime:0.0000
[Actor 6] SmartMove Depth:1 Node:100,100 My:2,2 d:98,98
[Entity 6] startMove -> isMoving:true. Target:100,100 StartTime:0.0000
[Actor 7] SmartMove Depth:1 Node:100,100 My:2,2 d:98,98
[Entity 7] startMove -> isMoving:true. Target:100,100 StartTime:0.0000
[Actor 8] SmartMove Depth:1 Node:100,100 My:2,2 d:98,98
[Entity 8] startMove -> isMoving:true. Target:100,100 StartTime:0.0000
[Actor 9] SmartMove Depth:1 Node:100,100 My:2,2 d:98,98
[Entity 9] startMove -> isMoving:true. Target:100,100 StartTime:0.0000
[Actor 10] SmartMove Depth:1 Node:100,100 My:2,2 d:98,98
[Entity 10] startMove -> isMoving:true. Target:100,100 StartTime:0.0000
[Actor 11] SmartMove Depth:1 Node:100,100 My:2,2 d:98,98
[Entity 11] startMove -> isMoving:true. Target:100,100 StartTime:0.0000
[Actor 12] SmartMove Depth:1 Node:100,100 My:2,2 d:98,98
[Entity 12] startMove -> isMoving:true. Target:100,100 StartTime:0.0000
[Actor 13] SmartMove Depth:1 Node:100,100 My:2,2 d:98,98
[Entity 13] startMove -> isMoving:true. Target:100,100 StartTime:0.0000
[Actor 14] SmartMove Depth:1 Node:100,100 My:2,2 d:98,98
[Entity 14] startMove -> isMoving:true. Target:100,100 StartTime:0.0000
[Actor 15] SmartMove Depth:1 Node:100,100 My:2,2 d:98,98
[Entity 15] startMove -> isMoving:true. Target:100,100 StartTime:0.0000
[Actor 16] SmartMove Depth:1 Node:100,100 My:2,2 d:98,98
[Entity 16] startMove -> isMoving:true. Target:100,100 StartTime:0.0000
[Actor 17] SmartMove Depth:1 Node:100,100 My:2,2 d:98,98
[Entity 17] startMove -> isMoving:true. Target:100,100 StartTime:0.0000
[Actor 18] SmartMove Depth:1 Node:100,100 My:2,2 d:98,98
[Entity 18] startMove -> isMoving:true. Target:100,100 StartTime:0.0000
[Actor 19] SmartMove Depth:1 Node:100,100 My:2,2 d:98,98
[Entity 19] startMove -> isMoving:true. Target:100,100 StartTime:0.0000
[Actor 20] SmartMove Depth:1 Node:100,100 My:2,2 d:98,98
[Entity 20] startMove -> isMoving:true. Target:100,100 StartTime:0.0000
[Actor 21] SmartMove Depth:1 Node:100,100 My:2,2 d:98,98
[Entity 21] startMove -> isMoving:true. Target:100,100 StartTime:0.0000
[Actor 22] SmartMove Depth:1 Node:100,100 My:2,2 d:98,98
[Entity 22] startMove -> isMoving:true. Target:100,100 StartTime:0.0000
[Actor 23] SmartMove Depth:1 Node:100,100 My:2,2 d:98,98
[Entity 23] startMove -> isMoving:true. Target:100,100 StartTime:0.0000
[Actor 24] SmartMove Depth:1 Node:100,100 My:2,2 d:98,98
[Entity 24] startMove -> isMoving:true. Target:100,100 StartTime:0.0000
[Actor 25] SmartMove Depth:1 Node:100,100 My:2,2 d:98,98
[Entity 25] startMove -> isMoving:true. Target:100,100 StartTime:0.1000
[Actor 26] SmartMove Depth:1 Node:100,100 My:2,2 d:98,98
[Entity 26] startMove -> isMoving:true. Target:100,100 StartTime:0.1000
[Actor 27] SmartMove Depth:1 Node:100,100 My:2,2 d:98,98
[Entity 27] startMove -> isMoving:true. Target:100,100 StartTime:0.1000
[Actor 28] SmartMove Depth:1 Node:100,100 My:2,2 d:98,98
[Entity 28] startMove -> isMoving:true. Target:100,100 StartTime:0.1000
[Actor 29] SmartMove Depth:1 Node:100,100 My:2,2 d:98,98
[Entity 29] startMove -> isMoving:true. Target:100,100 StartTime:0.1000
[Actor 30] SmartMove Depth:1 Node:100,100 My:2,2 d:98,98
[Entity 30] startMove -> isMoving:true. Target:100,100 StartTime:0.1000
[Actor 31] SmartMove Depth:1 Node:100,100 My:2,2 d:98,98
[Entity 31] startMove -> isMoving:true. Target:100,100 StartTime:0.1000
[Actor 32] SmartMove Depth:1 Node:100,100 My:2,2 d:98,98
[Entity 32] startMove -> isMoving:true. Target:100,100 StartTime:0.1000
[Actor 33] SmartMove Depth:1 Node:100,100 My:2,2 d:98,98
[Entity 33] startMove -> isMoving:true. Target:100,100 StartTime:0.1000
[Actor 34] SmartMove Depth:1 Node:100,100 My:2,2 d:98,98
[Entity 34] startMove -> isMoving:true. Target:100,100 StartTime:0.1000
[Actor 35] SmartMove Depth:1 Node:100,100 My:2,2 d:98,98
[Entity 35] startMove -> isMoving:true. Target:100,100 StartTime:0.1000
[Actor 36] SmartMove Depth:1 Node:100,100 My:2,2 d:98,98
[Entity 36] startMove -> isMoving:true. Target:100,100 StartTime:0.1000
[Actor 37] SmartMove Depth:1 Node:100,100 My:2,2 d:98,98
[Entity 37] startMove -> isMoving:true. Target:100,100 StartTime:0.1000
[Actor 38] SmartMove Depth:1 Node:100,100 My:2,2 d:98,98
[Entity 38] startMove -> isMoving:true. Target:100,100 StartTime:0.1000
[Actor 39] SmartMove Depth:1 Node:100,100 My:2,2 d:98,98
[Entity 39] startMove -> isMoving:true. Target:100,100 StartTime:0.1000
[Actor 40] SmartMove Depth:1 Node:100,100 My:2,2 d:98,98
[Entity 40] startMove -> isMoving:true. Target:100,100 StartTime:0.1000
[Actor 41] SmartMove Depth:1 Node:100,100 My:2,2 d:98,98
[Entity 41] startMove -> isMoving:true. Target:100,100 StartTime:0.1000
[Actor 42] SmartMove Depth:1 Node:100,100 My:2,2 d:98,98
[Entity 42] startMove -> isMoving:true. Target:100,100 StartTime:0.1000
[Actor 43] SmartMove Depth:1 Node:100,100 My:2,2 d:98,98
[Entity 43] startMove -> isMoving:true. Target:100,100 StartTime:0.1000
[Actor 44] SmartMove Depth:1 Node:100,100 My:2,2 d:98,98
[Entity 44] startMove -> isMoving:true. Target:100,100 StartTime:0.1000
[Actor 45] SmartMove Depth:1 Node:100,100 My:2,2 d:98,98
[Entity 45] startMove -> isMoving:true. Target:100,100 StartTime:0.1000
[Actor 46] SmartMove Depth:1 Node:100,100 My:2,2 d:98,98
[Entity 46] startMove -> isMoving:true. Target:100,100 StartTime:0.1000
[Actor 47] SmartMove Depth:1 Node:100,100 My:2,2 d:98,98
[Entity 47] startMove -> isMoving:true. Target:100,100 StartTime:0.1000
[Actor 48] SmartMove Depth:1 Node:100,100 My:2,2 d:98,98
[Entity 48] startMove -> isMoving:true. Target:100,100 StartTime:0.1000
[Actor 49] SmartMove Depth:1 Node:100,100 My:2,2 d:98,98
[Entity 49] startMove -> isMoving:true. Target:100,100 StartTime:0.1000

[90mstdout[2m | src/tests/UnitStress.test.js[2m > [22m[2mUnit AI Stress Testing[2m > [22m[2mshould handle 100 units starting distant jobs simultaneously without dropping tasks
[22m[39m[Game] Dispose called for Game Instance.

[90mstdout[2m | src/tests/NightLoadJob.test.js[2m > [22m[2mNight Loading Job Assignment[2m > [22m[2mshould correctly resume manual job when loaded at night
[22m[39m[Game] Loading resources/time...
[Game] Updating environment...

[90mstdout[2m | src/tests/NightLoadJob.test.js[2m > [22m[2mNight Loading Job Assignment[2m > [22m[2mshould correctly resume manual job when loaded at night
[22m[39m[Game] Restoring 1 units...

[90mstdout[2m | src/tests/NightLoadJob.test.js[2m > [22m[2mNight Loading Job Assignment[2m > [22m[2mshould correctly resume manual job when loaded at night
[22m[39m[Entity 1] Calling registerEntity...
[Entity 1] registerEntity returned.
[Entity 1] Calling updatePosition...
[Entity 1] updatePosition returned.
[ActorCore] Actor Created. Type: unit Pos: 10,10
[UnitCore.js] Unit Created ID:1 Role:worker Pos:10,10 Special:false
[UnitCore.js] Unit Created ID:1 Role:worker Pos:10,10
[Unit 0] State Change: UnitWanderState -> JobState
[Job 0] Entering. NO TARGET REQUEST
[Game] Successfully restored 1 units.
GoblinManager: Deserializing... { plunderCount: [33m0[39m, goblins: [], clans: [], caves: [] }
GoblinManager: Restored 0 goblins.
[Game] Restoring 1 requests...

[90mstdout[2m | src/tests/NightLoadJob.test.js[2m > [22m[2mNight Loading Job Assignment[2m > [22m[2mshould correctly resume manual job when loaded at night
[22m[39m[Game] Checking unit 0 for targetRequestId: req_0
[Game] Re-linked Unit 0 to Request req_0
[Unit 0] State Change: JobState -> JobState
[Job 0] Entering. Target: 15,15
[Actor 0] smartMove to 15,15 (H:0). Reachable:true Dist:7.07 Moving:false Path:0
[Actor 0] smartMove: triggers pathfinding. Dist: 7.1 Time:0.0 Last:-100.0 Throttle:1.00 Action:Approaching Job
[Game] Restored Camera Zoom: 1

[90mstdout[2m | src/tests/UnitStress.test.js[2m > [22m[2mUnit AI Stress Testing[2m > [22m[2mshould eventually reach target even with extreme congestion (low budget)
[22m[39m[GoblinManager] 5蛟九・豢樒ｪ溘ｒ逕滓・荳ｭ...
[GoblinManager] DETERMINISM: generateCaves start. rngState=undefined
[GoblinManager] DETERMINISM: Attempt 1: Rnd(0.947788, 0.809137) -> Grid(151, 129) rngState=undefined
[GoblinManager] DETERMINISM: Attempt 2: Rnd(0.717154, 0.627537) -> Grid(114, 100) rngState=undefined
[GoblinManager] DETERMINISM: Attempt 3: Rnd(0.525909, 0.480845) -> Grid(84, 76) rngState=undefined
[GoblinManager] 豢樒ｪ溽函謌仙ｮ御ｺ・ 0/5 (隧ｦ陦悟屓謨ｰ: 5000)

[90mstdout[2m | src/tests/UnitStress.test.js[2m > [22m[2mUnit AI Stress Testing[2m > [22m[2mshould eventually reach target even with extreme congestion (low budget)
[22m[39m[Entity 100] Calling updatePosition...
[Entity 100] updatePosition returned.
[ActorCore] Actor Created. Type: unit Pos: 2,2
[UnitCore.js] Unit Created ID:0 Role:worker Pos:2,2 Special:false
[Unit 0] State Change: None -> UnitWanderState
[UnitCore.js] Unit Created ID:0 Role:worker Pos:2,2
[Game] Request Added: raise at (10,10) ID:req_0
[Game] No worker in radius 80 for Manual Req req_0. Trying Global Scan...
[Unit 0] State Change: UnitWanderState -> JobState
[Job 0] Entering. Target: 10,10
[Actor 0] smartMove to 10,10 (H:1). Reachable:true Dist:11.31 Moving:false Path:0
[Actor 0] smartMove: triggers pathfinding. Dist: 11.3 Time:0.0 Last:-100.0 Throttle:1.00 Action:Approaching Job
[Entity 101] Calling updatePosition...
[Entity 101] updatePosition returned.
[ActorCore] Actor Created. Type: unit Pos: 2,2
[UnitCore.js] Unit Created ID:1 Role:worker Pos:2,2 Special:false
[UnitCore.js] Unit Created ID:1 Role:worker Pos:2,2
[Game] Request Added: raise at (10,10) ID:req_1
[Game] No worker in radius 80 for Manual Req req_1. Trying Global Scan...
[Job 1] Entering. Target: 10,10
[Actor 1] smartMove: triggers pathfinding. Dist: 11.3 Time:0.0 Last:-100.0 Throttle:1.10 Action:Approaching Job
[Entity 102] Calling updatePosition...
[Entity 102] updatePosition returned.
[ActorCore] Actor Created. Type: unit Pos: 2,2
[UnitCore.js] Unit Created ID:2 Role:worker Pos:2,2 Special:false
[UnitCore.js] Unit Created ID:2 Role:worker Pos:2,2
[Game] Request Added: raise at (10,10) ID:req_2
[Game] No worker in radius 80 for Manual Req req_2. Trying Global Scan...
[Job 2] Entering. Target: 10,10
[Actor 2] smartMove: triggers pathfinding. Dist: 11.3 Time:0.0 Last:-100.0 Throttle:1.20 Action:Approaching Job
[Entity 103] Calling updatePosition...
[Entity 103] updatePosition returned.
[ActorCore] Actor Created. Type: unit Pos: 2,2
[UnitCore.js] Unit Created ID:3 Role:worker Pos:2,2 Special:false
[UnitCore.js] Unit Created ID:3 Role:worker Pos:2,2
[Game] Request Added: raise at (10,10) ID:req_3
[Game] No worker in radius 80 for Manual Req req_3. Trying Global Scan...
[Job 3] Entering. Target: 10,10
[Actor 3] smartMove: triggers pathfinding. Dist: 11.3 Time:0.0 Last:-100.0 Throttle:1.30 Action:Approaching Job
[Entity 104] Calling updatePosition...
[Entity 104] updatePosition returned.
[ActorCore] Actor Created. Type: unit Pos: 2,2
[UnitCore.js] Unit Created ID:4 Role:worker Pos:2,2 Special:false
[UnitCore.js] Unit Created ID:4 Role:worker Pos:2,2
[Game] Request Added: raise at (10,10) ID:req_4
[Game] No worker in radius 80 for Manual Req req_4. Trying Global Scan...
[Job 4] Entering. Target: 10,10
[Actor 4] smartMove: triggers pathfinding. Dist: 11.3 Time:0.0 Last:-100.0 Throttle:1.40 Action:Approaching Job
[Actor 0] smartMove to 10,10 (H:1). Reachable:true Dist:11.31 Moving:false Path:1
[Actor 0] SmartMove Depth:1 Node:10,10 My:2,2 d:8,8
[Entity 0] startMove -> isMoving:true. Target:10,10 StartTime:0.0000
[Actor 1] SmartMove Depth:1 Node:10,10 My:2,2 d:8,8
[Entity 1] startMove -> isMoving:true. Target:10,10 StartTime:0.0000
[Actor 2] SmartMove Depth:1 Node:10,10 My:2,2 d:8,8
[Entity 2] startMove -> isMoving:true. Target:10,10 StartTime:0.0000
[Actor 3] SmartMove Depth:1 Node:10,10 My:2,2 d:8,8
[Entity 3] startMove -> isMoving:true. Target:10,10 StartTime:0.0000
[Actor 4] SmartMove Depth:1 Node:10,10 My:2,2 d:8,8
[Entity 4] startMove -> isMoving:true. Target:10,10 StartTime:0.0000

[90mstdout[2m | src/tests/UnitStress.test.js[2m > [22m[2mUnit AI Stress Testing[2m > [22m[2mshould eventually reach target even with extreme congestion (low budget)
[22m[39m[Entity 0] updateMovement ARRIVAL -> isMoving:false. Time:0.0500 StartTime:0.0000 Dur:0.0100 PrevGrid:2,2 Target:10,10
[Actor 0] smartMove to 10,10 (H:1). Reachable:true Dist:0.00 Moving:false Path:1
[Actor 0] SmartMove Depth:0 Node:10,10 My:10,10 d:0,0
[Actor 0] Reached Node. Shifting.
[Entity 1] updateMovement ARRIVAL -> isMoving:false. Time:0.0500 StartTime:0.0000 Dur:0.0100 PrevGrid:2,2 Target:10,10
[Actor 1] SmartMove Depth:0 Node:10,10 My:10,10 d:0,0
[Actor 1] Reached Node. Shifting.
[Entity 2] updateMovement ARRIVAL -> isMoving:false. Time:0.0500 StartTime:0.0000 Dur:0.0100 PrevGrid:2,2 Target:10,10
[Actor 2] SmartMove Depth:0 Node:10,10 My:10,10 d:0,0
[Actor 2] Reached Node. Shifting.
[Entity 3] updateMovement ARRIVAL -> isMoving:false. Time:0.0500 StartTime:0.0000 Dur:0.0100 PrevGrid:2,2 Target:10,10
[Actor 3] SmartMove Depth:0 Node:10,10 My:10,10 d:0,0
[Actor 3] Reached Node. Shifting.
[Entity 4] updateMovement ARRIVAL -> isMoving:false. Time:0.0500 StartTime:0.0000 Dur:0.0100 PrevGrid:2,2 Target:10,10
[Actor 4] SmartMove Depth:0 Node:10,10 My:10,10 d:0,0
[Actor 4] Reached Node. Shifting.
[Stress Test] Frame 0. Moved: 0/5. BudgetCalls: 0

[90mstdout[2m | src/tests/SaveLoad.test.js[2m > [22m[2mSave/Load System[2m > [22m[2mshould save game data correctly
[22m[39m[Game] Initializing Full Three.js components...
[Game] Generating Preview Terrain...
[Terrain] DETERMINISM: generateRandomTerrain seed=0.770404 intSeed=1654428928 rngState=1654428928

[90mstdout[2m | src/tests/UnitStress.test.js[2m > [22m[2mUnit AI Stress Testing[2m > [22m[2mshould eventually reach target even with extreme congestion (low budget)
[22m[39m[Job 0] Arrived at Job. Dist: 0.00
[Game] Unit 0 completing Request raise at 10,10
[Unit 0] State Change: JobState -> UnitWanderState
[Job 1] Arrived at Job. Dist: 0.00
[Job 2] Arrived at Job. Dist: 0.00
[Job 3] Arrived at Job. Dist: 0.00
[Job 4] Arrived at Job. Dist: 0.00

[90mstdout[2m | src/tests/MovingFlicker.test.js[2m > [22m[2mMoving Flicker Check[2m > [22m[2mshould NOT flicker to Idle while moving to a distant job
[22m[39m[Job 0] TRACE: Status:assigned isMoving:true dist:56.57 pos:10.0,10.0

[90mstdout[2m | src/tests/MovingFlicker.test.js[2m > [22m[2mMoving Flicker Check[2m > [22m[2mshould NOT flicker to Idle while moving to a distant job
[22m[39m[Job 0] TRACE: Status:assigned isMoving:true dist:56.57 pos:10.0,10.0

[90mstdout[2m | src/tests/UnitStress.test.js[2m > [22m[2mUnit AI Stress Testing[2m > [22m[2mshould eventually reach target even with extreme congestion (low budget)
[22m[39m[Actor 1] smartMove: triggers pathfinding. Dist: 7.1 Time:0.4 Last:0.0 Throttle:1.10 Action:Idle

[90mstdout[2m | src/tests/UnitStress.test.js[2m > [22m[2mUnit AI Stress Testing[2m > [22m[2mshould eventually reach target even with extreme congestion (low budget)
[22m[39m[Actor 1] SmartMove Depth:1 Node:5,5 My:10,10 d:5,5
[Entity 1] startMove -> isMoving:true. Target:5,5 StartTime:0.4000

[90mstdout[2m | src/tests/UnitStress.test.js[2m > [22m[2mUnit AI Stress Testing[2m > [22m[2mshould eventually reach target even with extreme congestion (low budget)
[22m[39m[Entity 1] updateMovement ARRIVAL -> isMoving:false. Time:0.5500 StartTime:0.4000 Dur:0.0100 PrevGrid:10,10 Target:5,5
[Actor 1] SmartMove Depth:0 Node:5,5 My:5,5 d:0,0
[Actor 1] Reached Node. Shifting.

[90mstdout[2m | src/tests/LoadUpdateLoop.test.js[2m > [22m[2mLoad Update Loop Integration[2m > [22m[2mshould maintain JobState after first update loop post-load
[22m[39mRestored Unit Keys: [
  [32m'id'[39m,                     [32m'scene'[39m,            [32m'terrain'[39m,
  [32m'game'[39m,                   [32m'frameCount'[39m,       [32m'gridX'[39m,
  [32m'gridZ'[39m,                  [32m'type'[39m,             [32m'spatialType'[39m,
  [32m'position'[39m,               [32m'rotationY'[39m,        [32m'userData'[39m,
  [32m'isMoving'[39m,               [32m'moveTimer'[39m,        [32m'moveDuration'[39m,
  [32m'moveStartTime'[39m,          [32m'startGridX'[39m,       [32m'startGridZ'[39m,
  [32m'targetGridX'[39m,            [32m'targetGridZ'[39m,      [32m'walkAnimTimer'[39m,
  [32m'isDead'[39m,                 [32m'age'[39m,              [32m'limbs'[39m,
  [32m'path'[39m,                   [32m'pathIndex'[39m,        [32m'stuckCount'[39m,
  [32m'stuckTimer'[39m,             [32m'lastPos'[39m,          [32m'pathFailCount'[39m,
  [32m'action'[39m,                 [32m'lastMoveLog'[39m,      [32m'raidGoal'[39m,
  [32m'lifespan'[39m,               [32m'isFinished'[39m,       [32m'mesh'[39m,
  [32m'targetRequest'[39m,          [32m'targetItem'[39m,       [32m'heldItem'[39m,
  [32m'targetEntity'[39m,           [32m'targetBuilding'[39m,   [32m'hp'[39m,
  [32m'maxHp'[39m,                  [32m'damage'[39m,           [32m'attackRate'[39m,
  [32m'attackCooldown'[39m,         [32m'combatRange'[39m,      [32m'isRanged'[39m,
  [32m'baseMoveDuration'[39m,       [32m'lastPathTime'[39m,     [32m'isPathfinding'[39m,
  [32m'isPathfindingThrottled'[39m, [32m'isUnreachable'[39m,    [32m'isWaitingForPath'[39m,
  [32m'minDistToTarget'[39m,        [32m'pathStagnation'[39m,   [32m'state'[39m,
  [32m'simTime'[39m,                [32m'role'[39m,             [32m'isSpecial'[39m,
  [32m'squadId'[39m,                [32m'faction'[39m,          [32m'lastJobResult'[39m,
  [32m'lastGridX'[39m,              [32m'lastGridZ'[39m,        [32m'stagnationTimer'[39m,
  [32m'buildStagnationCount'[39m,   [32m'lastTime'[39m,         [32m'lastGatherTime'[39m,
  [32m'lastHitTime'[39m,            [32m'moveInterval'[39m,     [32m'huntingCooldown'[39m,
  [32m'target'[39m,                 [32m'targetX'[39m,          [32m'targetZ'[39m,
  [32m'wanderCount'[39m,            [32m'migrationTarget'[39m,  [32m'patrolTarget'[39m,
  [32m'patrolTimer'[39m,            [32m'ignoredTargets'[39m,   [32m'debugFrame'[39m,
  [32m'isSleeping'[39m,             [32m'targetGoblin'[39m,     [32m'targetUnit'[39m,
  [32m'targetRaidPoint'[39m,        [32m'lastWaterLogTime'[39m, [32m'scanTimer'[39m,
  [32m'homeBase'[39m,               [32m'residence'[39m,        [32m'xp'[39m,
  [32m'crossMesh'[39m,              [32m'level'[39m,            [32m'name'[39m,
  [32m'lastPathAttempt'[39m,        [32m'savedHomeBaseX'[39m,   [32m'savedHomeBaseZ'[39m,
  [32m'savedTargetRequestId'[39m,   [32m'migrationTimer'[39m,   [32m'moisture'[39m,
  [32m'deathTimer'[39m
]
Unit maintained JobState.

 [32m笨・[39m src/tests/LoadUpdateLoop.test.js[2m > [22mLoad Update Loop Integration[2m > [22mshould maintain JobState after first update loop post-load[33m 585[2mms[22m[39m
[90mstdout[2m | src/tests/UnitStress.test.js[2m > [22m[2mUnit AI Stress Testing[2m > [22m[2mshould eventually reach target even with extreme congestion (low budget)
[22m[39m[Actor 4] smartMove: triggers pathfinding. Dist: 7.1 Time:0.8 Last:0.0 Throttle:1.40 Action:Idle

[90mstdout[2m | src/tests/UnitStress.test.js[2m > [22m[2mUnit AI Stress Testing[2m > [22m[2mshould eventually reach target even with extreme congestion (low budget)
[22m[39m[Actor 4] SmartMove Depth:1 Node:5,5 My:10,10 d:5,5
[Entity 4] startMove -> isMoving:true. Target:5,5 StartTime:0.8000

[90mstdout[2m | src/tests/UnitStress.test.js[2m > [22m[2mUnit AI Stress Testing[2m > [22m[2mshould eventually reach target even with extreme congestion (low budget)
[22m[39m[Actor 3] smartMove: triggers pathfinding. Dist: 7.1 Time:0.9 Last:0.0 Throttle:1.30 Action:Idle
[Entity 4] updateMovement ARRIVAL -> isMoving:false. Time:0.9500 StartTime:0.8000 Dur:0.0100 PrevGrid:10,10 Target:5,5
[Actor 4] SmartMove Depth:0 Node:5,5 My:5,5 d:0,0
[Actor 4] Reached Node. Shifting.
[Actor 3] SmartMove Depth:1 Node:5,5 My:10,10 d:5,5
[Entity 3] startMove -> isMoving:true. Target:5,5 StartTime:0.9000

[90mstdout[2m | src/tests/UnitStress.test.js[2m > [22m[2mUnit AI Stress Testing[2m > [22m[2mshould eventually reach target even with extreme congestion (low budget)
[22m[39m[Entity 3] updateMovement ARRIVAL -> isMoving:false. Time:1.0500 StartTime:0.9000 Dur:0.0100 PrevGrid:10,10 Target:5,5
[Actor 3] SmartMove Depth:0 Node:5,5 My:5,5 d:0,0
[Actor 3] Reached Node. Shifting.
[Stress Test] Frame 10. Moved: 0/5. BudgetCalls: 0

[90mstdout[2m | src/tests/UnitStress.test.js[2m > [22m[2mUnit AI Stress Testing[2m > [22m[2mshould eventually reach target even with extreme congestion (low budget)
[22m[39m[Unit 0] State Change: UnitWanderState -> BuildState

 [32m笨・[39m src/tests/UnitStress.test.js[2m > [22mUnit AI Stress Testing[2m > [22mshould handle 100 units starting distant jobs simultaneously without dropping tasks[32m 228[2mms[22m[39m
[90mstdout[2m | src/tests/UnitStress.test.js[2m > [22m[2mUnit AI Stress Testing[2m > [22m[2mshould eventually reach target even with extreme congestion (low budget)
[22m[39m[Stress Test] Frame 20. Moved: 0/5. BudgetCalls: 0

[90mstdout[2m | src/tests/UnitStress.test.js[2m > [22m[2mUnit AI Stress Testing[2m > [22m[2mshould eventually reach target even with extreme congestion (low budget)
[22m[39m[Actor 0] smartMove: triggers pathfinding. Dist: 7.1 Time:2.3 Last:0.0 Throttle:1.00 Action:Building
[Unit 0] State Change: BuildState -> UnitWanderState
[Actor 2] smartMove: triggers pathfinding. Dist: 7.1 Time:2.3 Last:0.0 Throttle:1.20 Action:Building
[Actor 0] SmartMove Depth:1 Node:5,5 My:10,10 d:5,5
[Entity 0] startMove -> isMoving:true. Target:5,5 StartTime:2.3000
[Actor 2] SmartMove Depth:1 Node:5,5 My:10,10 d:5,5
[Entity 2] startMove -> isMoving:true. Target:5,5 StartTime:2.3000

[90mstdout[2m | src/tests/UnitStress.test.js[2m > [22m[2mUnit AI Stress Testing[2m > [22m[2mshould eventually reach target even with extreme congestion (low budget)
[22m[39m[Entity 0] updateMovement ARRIVAL -> isMoving:false. Time:2.4500 StartTime:2.3000 Dur:0.0100 PrevGrid:10,10 Target:5,5
[Actor 0] SmartMove Depth:0 Node:5,5 My:5,5 d:0,0
[Actor 0] Reached Node. Shifting.
[Entity 2] updateMovement ARRIVAL -> isMoving:false. Time:2.4500 StartTime:2.3000 Dur:0.0100 PrevGrid:10,10 Target:5,5
[Actor 2] SmartMove Depth:0 Node:5,5 My:5,5 d:0,0
[Actor 2] Reached Node. Shifting.

[90mstdout[2m | src/tests/UnitStress.test.js[2m > [22m[2mUnit AI Stress Testing[2m > [22m[2mshould eventually reach target even with extreme congestion (low budget)
[22m[39m[Stress Test] Frame 30. Moved: 0/5. BudgetCalls: 0

[90mstdout[2m | src/tests/UnitStress.test.js[2m > [22m[2mUnit AI Stress Testing[2m > [22m[2mshould eventually reach target even with extreme congestion (low budget)
[22m[39m[Unit 0] State Change: UnitWanderState -> BuildState

[90mstdout[2m | src/tests/UnitStress.test.js[2m > [22m[2mUnit AI Stress Testing[2m > [22m[2mshould eventually reach target even with extreme congestion (low budget)
[22m[39m[Stress Test] Frame 40. Moved: 0/5. BudgetCalls: 0

[90mstdout[2m | src/tests/SaveLoadIntegration.test.js[2m > [22m[2mComprehensive Save/Load Integration[2m > [22m[2mshould maintain game continuity across save/load
[22m[39m[Game] Dispose called for Game Instance.

[90mstdout[2m | src/tests/RealTerrainRestoration.test.js[2m > [22m[2mReal Terrain Restoration Logic[2m > [22m[2mshould successfully restore Terrain regions and Unit pathfinding
[22m[39mTest Success: Unit is ID 100 State: JobState PathLen: 1

[90mstdout[2m | src/tests/RealTerrainRestoration.test.js[2m > [22m[2mReal Terrain Restoration Logic[2m > [22m[2mshould successfully restore Terrain regions and Unit pathfinding
[22m[39m[Game] Dispose called for Game Instance.

 [32m笨・[39m src/tests/RealTerrainRestoration.test.js[2m > [22mReal Terrain Restoration Logic[2m > [22mshould successfully restore Terrain regions and Unit pathfinding[33m 394[2mms[22m[39m
[90mstdout[2m | src/tests/UnitStress.test.js[2m > [22m[2mUnit AI Stress Testing[2m > [22m[2mshould eventually reach target even with extreme congestion (low budget)
[22m[39m[Unit 0] State Change: BuildState -> UnitWanderState

[90mstdout[2m | src/tests/SaveLoadIntegration.test.js[2m > [22m[2mComprehensive Save/Load Integration[2m > [22m[2mshould ignore unreachable jobs after load (IgnoredTarget Persistence)
[22m[39m[GoblinManager] 5蛟九・豢樒ｪ溘ｒ逕滓・荳ｭ...
[GoblinManager] DETERMINISM: generateCaves start. rngState=undefined
[GoblinManager] DETERMINISM: Attempt 1: Rnd(0.492071, 0.837348) -> Grid(78, 133) rngState=undefined
[GoblinManager] DETERMINISM: Attempt 2: Rnd(0.910895, 0.611862) -> Grid(145, 97) rngState=undefined
[GoblinManager] DETERMINISM: Attempt 3: Rnd(0.422949, 0.488348) -> Grid(67, 78) rngState=undefined
[GoblinManager] 豢樒ｪ溽函謌仙ｮ御ｺ・ 0/5 (隧ｦ陦悟屓謨ｰ: 5000)

[90mstdout[2m | src/tests/SaveLoadIntegration.test.js[2m > [22m[2mComprehensive Save/Load Integration[2m > [22m[2mshould ignore unreachable jobs after load (IgnoredTarget Persistence)
[22m[39m[Entity 8] Calling registerEntity...
[Entity 8] registerEntity returned.
[Entity 8] Calling updatePosition...
[Entity 8] updatePosition returned.
[ActorCore] Actor Created. Type: unit Pos: 10,10
[UnitCore.js] Unit Created ID:0 Role:worker Pos:10,10 Special:false
[Unit 0] State Change: None -> UnitWanderState
[UnitCore.js] Unit Created ID:0 Role:worker Pos:10,10
[Test] Pre-save ignoredTargets size: 1
Saved to slot 2 (Compressed). Size: 321 chars (Original: 930)
Load Started...

[90mstdout[2m | src/tests/UnitStress.test.js[2m > [22m[2mUnit AI Stress Testing[2m > [22m[2mshould eventually reach target even with extreme congestion (low budget)
[22m[39m[Game] Dispose called for Game Instance.

 [31mﾃ・[39m src/tests/UnitStress.test.js[2m > [22mUnit AI Stress Testing[2m > [22mshould eventually reach target even with extreme congestion (low budget)[32m 226[2mms[22m[39m
[31m   竊・expected +0 to be 5 // Object.is equality[39m
 [32m笨・[39m src/tests/NightLoadJob.test.js[2m > [22mNight Loading Job Assignment[2m > [22mshould correctly resume manual job when loaded at night[33m 464[2mms[22m[39m
[90mstdout[2m | src/tests/NightLoadJob.test.js[2m > [22m[2mNight Loading Job Assignment[2m > [22m[2mshould wake up unit if they were saved while sleeping but had a job assigned (manual)
[22m[39m[Game] Dispose called for Game Instance.
[GoblinManager] 5蛟九・豢樒ｪ溘ｒ逕滓・荳ｭ...
[GoblinManager] DETERMINISM: generateCaves start. rngState=undefined
[GoblinManager] DETERMINISM: Attempt 1: Rnd(0.654705, 0.612603) -> Grid(104, 98) rngState=undefined
[GoblinManager] DETERMINISM: Attempt 2: Rnd(0.009666, 0.795876) -> Grid(1, 127) rngState=undefined
[GoblinManager] DETERMINISM: Attempt 3: Rnd(0.403090, 0.918909) -> Grid(64, 147) rngState=undefined
[GoblinManager] 豢樒ｪ溽函謌仙ｮ御ｺ・ 0/5 (隧ｦ陦悟屓謨ｰ: 5000)

[90mstdout[2m | src/tests/MovingFlicker.test.js[2m > [22m[2mMoving Flicker Check[2m > [22m[2mshould NOT flicker to Idle while moving to a distant job
[22m[39m[Job 0] TRACE: Status:assigned isMoving:true dist:56.57 pos:10.0,10.0

[90mstdout[2m | src/tests/SaveLoadIntegration.test.js[2m > [22m[2mComprehensive Save/Load Integration[2m > [22m[2mshould ignore unreachable jobs after load (IgnoredTarget Persistence)
[22m[39mLoading slot 2, Raw length: 321
Load: Decompressed successfully.
Parsed Data for slot 2: {
  timestamp: [33m1769770259872[39m,
  data: {
    slotId: [33m2[39m,
    timestamp: [33m1769770259872[39m,
    resources: { grain: [33m0[39m, fish: [33m0[39m, meat: [33m0[39m },
    gameTime: [33m6[39m,
    gameTotalTime: [33m0[39m,
    currentSeasonIndex: [33m0[39m,
    daysPassed: [33m0[39m,
    terrain: {
      h: [],
      n: [],
      b: [],
      logicalWidth: [33m100[39m,
      logicalDepth: [33m100[39m,
      version: [33m2[39m
    },
    units: [ [36m[Object][39m ],
    requests: [],
    goblinManager: { clans: {}, goblins: [] },
    camera: { position: [36m[Object][39m, target: [36m[Object][39m }
  }
}
Load Game: Data found {
  slotId: [33m2[39m,
  timestamp: [33m1769770259872[39m,
  resources: { grain: [33m0[39m, fish: [33m0[39m, meat: [33m0[39m },
  gameTime: [33m6[39m,
  gameTotalTime: [33m0[39m,
  currentSeasonIndex: [33m0[39m,
  daysPassed: [33m0[39m,
  terrain: {
    h: [],
    n: [],
    b: [],
    logicalWidth: [33m100[39m,
    logicalDepth: [33m100[39m,
    version: [33m2[39m
  },
  units: [
    {
      id: [33m11[39m,
      gridX: [33m10[39m,
      gridZ: [33m10[39m,
      age: [33m20[39m,
      raidTargetX: [1mnull[22m,
      raidTargetY: [1mnull[22m,
      raidTargetZ: [1mnull[22m,
      raidTargetTS: [1mnull[22m,
      lifespan: [33m92.52980433295015[39m,
      isDead: [33mfalse[39m,
      isFinished: [33mfalse[39m,
      isMoving: [33mfalse[39m,
      targetX: [33m0[39m,
      targetZ: [33m0[39m,
      moveStartTime: [33m0[39m,
      moveDuration: [33m0.8[39m,
      startGridX: [33m0[39m,
      startGridZ: [33m0[39m,
      targetGridX: [33m0[39m,
      targetGridZ: [33m0[39m,
      isSpecial: [33mfalse[39m,
      role: [32m'worker'[39m,
      type: [32m'worker'[39m,
      hp: [33m58[39m,
      maxHp: [33m58[39m,
      damage: [33m12[39m,
      xp: [33m0[39m,
      level: [33m1[39m,
      name: [32m'Unit'[39m,
      squadId: [1mnull[22m,
      targetRequestId: [1mnull[22m,
      action: [32m'Idle'[39m,
      ignoredTargets: [36m[Array][39m
    }
  ],
  requests: [],
  goblinManager: { clans: {}, goblins: [] },
  camera: { position: { x: [33m0[39m, y: [33m0[39m, z: [33m0[39m }, target: { x: [33m0[39m, y: [33m0[39m, z: [33m0[39m } }
}

 [31mﾃ・[39m src/tests/SaveLoadIntegration.test.js[2m > [22mComprehensive Save/Load Integration[2m > [22mshould maintain game continuity across save/load[33m 398[2mms[22m[39m
[31m   竊・expected 'GoblinRaidState' to be 'Raid' // Object.is equality[39m
[90mstdout[2m | src/tests/SaveLoadIntegration.test.js[2m > [22m[2mComprehensive Save/Load Integration[2m > [22m[2mshould ignore unreachable jobs after load (IgnoredTarget Persistence)
[22m[39mResetting GoblinManager...
Clearing 0 projectiles...
[Game] Deserializing terrain...

[90mstdout[2m | src/tests/SaveLoadIntegration.test.js[2m > [22m[2mComprehensive Save/Load Integration[2m > [22m[2mshould ignore unreachable jobs after load (IgnoredTarget Persistence)
[22m[39m[Game] Terrain deserialized.

[90mstdout[2m | src/tests/NightLoadJob.test.js[2m > [22m[2mNight Loading Job Assignment[2m > [22m[2mshould wake up unit if they were saved while sleeping but had a job assigned (manual)
[22m[39m[Entity 2] Calling registerEntity...
[Entity 2] registerEntity returned.
[Entity 2] Calling updatePosition...
[Entity 2] updatePosition returned.
[ActorCore] Actor Created. Type: unit Pos: 10,10
[UnitCore.js] Unit Created ID:0 Role:worker Pos:10,10 Special:false
[Unit 0] State Change: None -> UnitWanderState
[UnitCore.js] Unit Created ID:0 Role:worker Pos:10,10
[Unit 0] State Change: UnitWanderState -> SleepState
[Sleep] Entering Sleep logic.
[Unit 0] State Change: SleepState -> UnitWanderState
[Game] Request Added: raise at (15,15) ID:req_0
[Game] No worker in radius 80 for Manual Req req_0. Trying Global Scan...
[Unit 0] State Change: UnitWanderState -> JobState
[Job 0] Entering. Target: 15,15
[Actor 0] smartMove to 15,15 (H:1). Reachable:true Dist:7.07 Moving:false Path:0
[Actor 0] smartMove: triggers pathfinding. Dist: 7.1 Time:0.0 Last:-100.0 Throttle:1.00 Action:Approaching Job
Saved to slot 2 (Compressed). Size: 341 chars (Original: 993)
[Game] Dispose called for Game Instance.
[GoblinManager] 5蛟九・豢樒ｪ溘ｒ逕滓・荳ｭ...
[GoblinManager] DETERMINISM: generateCaves start. rngState=undefined
[GoblinManager] DETERMINISM: Attempt 1: Rnd(0.197029, 0.199152) -> Grid(31, 31) rngState=undefined
[GoblinManager] DETERMINISM: Attempt 2: Rnd(0.798686, 0.549998) -> Grid(127, 87) rngState=undefined
[GoblinManager] DETERMINISM: Attempt 3: Rnd(0.010218, 0.045251) -> Grid(1, 7) rngState=undefined
[GoblinManager] 豢樒ｪ溽函謌仙ｮ御ｺ・ 0/5 (隧ｦ陦悟屓謨ｰ: 5000)
Load Started...
[Actor 0] smartMove to 15,15 (H:1). Reachable:true Dist:7.07 Moving:false Path:1
[Actor 0] SmartMove Depth:1 Node:20,20 My:10,10 d:10,10
[Entity 0] startMove -> isMoving:true. Target:20,20 StartTime:0.0000

[90mstdout[2m | src/tests/SaveLoad.test.js[2m > [22m[2mSave/Load System[2m > [22m[2mshould save game data correctly
[22m[39mSaved to slot 1 (Compressed). Size: 4700 chars (Original: 127740)

[90mstdout[2m | src/tests/SaveLoad.test.js[2m > [22m[2mSave/Load System[2m > [22m[2mshould save game data correctly
[22m[39m[Game] Dispose called for Game Instance.
[Terrain] Dispose called.

[90mstdout[2m | src/tests/SaveLoadIntegration.test.js[2m > [22m[2mComprehensive Save/Load Integration[2m > [22m[2mshould ignore unreachable jobs after load (IgnoredTarget Persistence)
[22m[39m[Game] Loading resources/time...
[Game] Updating environment...

[90mstdout[2m | src/tests/SaveLoadIntegration.test.js[2m > [22m[2mComprehensive Save/Load Integration[2m > [22m[2mshould ignore unreachable jobs after load (IgnoredTarget Persistence)
[22m[39m[Game] Restoring 1 units...

[90mstdout[2m | src/tests/SaveLoadIntegration.test.js[2m > [22m[2mComprehensive Save/Load Integration[2m > [22m[2mshould ignore unreachable jobs after load (IgnoredTarget Persistence)
[22m[39m[Entity 9] Calling registerEntity...
[Entity 9] registerEntity returned.
[Entity 9] Calling updatePosition...
[Entity 9] updatePosition returned.
[ActorCore] Actor Created. Type: unit Pos: 10,10
[UnitCore.js] Unit Created ID:1 Role:worker Pos:10,10 Special:false
[UnitCore.js] Unit Created ID:1 Role:worker Pos:10,10
[Game] Successfully restored 1 units.
[Game] Restoring 0 requests...
[Game] Checking unit 11 for targetRequestId: null
[Game] Restored Camera Zoom: 1

 [32m笨・[39m src/tests/Terrain.test.js[2m > [22mTerrain Logic[2m > [22mPopulation Update[2m > [22mshould correctly sum housing population excluding farms[33m 507[2mms[22m[39m
[90mstdout[2m | src/tests/NightLoadJob.test.js[2m > [22m[2mNight Loading Job Assignment[2m > [22m[2mshould wake up unit if they were saved while sleeping but had a job assigned (manual)
[22m[39mLoading slot 2, Raw length: 341
Load: Decompressed successfully.
Parsed Data for slot 2: {
  timestamp: [33m1769770259934[39m,
  data: {
    slotId: [33m2[39m,
    timestamp: [33m1769770259934[39m,
    resources: { grain: [33m0[39m, fish: [33m0[39m, meat: [33m0[39m },
    gameTime: [33m20[39m,
    gameTotalTime: [33m0[39m,
    currentSeasonIndex: [33m0[39m,
    daysPassed: [33m0[39m,
    units: [ [36m[Object][39m ],
    requests: [ [36m[Object][39m ],
    goblinManager: { plunderCount: [33m0[39m, goblins: [], clans: [], caves: [] },
    camera: { position: [36m[Object][39m, target: [36m[Object][39m }
  }
}
Load Game: Data found {
  slotId: [33m2[39m,
  timestamp: [33m1769770259934[39m,
  resources: { grain: [33m0[39m, fish: [33m0[39m, meat: [33m0[39m },
  gameTime: [33m20[39m,
  gameTotalTime: [33m0[39m,
  currentSeasonIndex: [33m0[39m,
  daysPassed: [33m0[39m,
  units: [
    {
      id: [33m0[39m,
      gridX: [33m10[39m,
      gridZ: [33m10[39m,
      age: [33m20[39m,
      raidTargetX: [1mnull[22m,
      raidTargetY: [1mnull[22m,
      raidTargetZ: [1mnull[22m,
      raidTargetTS: [1mnull[22m,
      lifespan: [33m80.99258514307792[39m,
      isDead: [33mfalse[39m,
      isFinished: [33mfalse[39m,
      isMoving: [33mfalse[39m,
      targetX: [33m0[39m,
      targetZ: [33m0[39m,
      moveStartTime: [33m0[39m,
      moveDuration: [33m0.8[39m,
      startGridX: [33m0[39m,
      startGridZ: [33m0[39m,
      targetGridX: [33m0[39m,
      targetGridZ: [33m0[39m,
      isSpecial: [33mfalse[39m,
      role: [32m'worker'[39m,
      type: [32m'worker'[39m,
      hp: [33m55[39m,
      maxHp: [33m55[39m,
      damage: [33m12[39m,
      xp: [33m0[39m,
      level: [33m1[39m,
      name: [32m'Unit'[39m,
      squadId: [1mnull[22m,
      targetRequestId: [32m'req_0'[39m,
      action: [32m'Approaching Job'[39m,
      ignoredTargets: []
    }
  ],
  requests: [
    {
      id: [32m'req_0'[39m,
      type: [32m'raise'[39m,
      x: [33m15[39m,
      z: [33m15[39m,
      status: [32m'assigned'[39m,
      assignedTo: [33m0[39m,
      assignedAt: [33m0[39m,
      createdAt: [33m0[39m,
      isManual: [33mtrue[39m
    }
  ],
  goblinManager: { plunderCount: [33m0[39m, goblins: [], clans: [], caves: [] },
  camera: { position: { x: [33m0[39m, y: [33m0[39m, z: [33m0[39m }, target: { x: [33m0[39m, y: [33m0[39m, z: [33m0[39m } }
}

[90mstdout[2m | src/tests/NightLoadJob.test.js[2m > [22m[2mNight Loading Job Assignment[2m > [22m[2mshould wake up unit if they were saved while sleeping but had a job assigned (manual)
[22m[39mResetting GoblinManager...
Clearing 0 projectiles...
[Game] Deserializing terrain...

[90mstdout[2m | src/tests/NightLoadJob.test.js[2m > [22m[2mNight Loading Job Assignment[2m > [22m[2mshould wake up unit if they were saved while sleeping but had a job assigned (manual)
[22m[39m[Game] Terrain deserialized.

[90mstdout[2m | src/tests/NightLoadJob.test.js[2m > [22m[2mNight Loading Job Assignment[2m > [22m[2mshould wake up unit if they were saved while sleeping but had a job assigned (manual)
[22m[39m[Game] Loading resources/time...
[Game] Updating environment...

[90mstdout[2m | src/tests/NightLoadJob.test.js[2m > [22m[2mNight Loading Job Assignment[2m > [22m[2mshould wake up unit if they were saved while sleeping but had a job assigned (manual)
[22m[39m[Game] Restoring 1 units...

[90mstdout[2m | src/tests/NightLoadJob.test.js[2m > [22m[2mNight Loading Job Assignment[2m > [22m[2mshould wake up unit if they were saved while sleeping but had a job assigned (manual)
[22m[39m[Entity 3] Calling registerEntity...
[Entity 3] registerEntity returned.
[Entity 3] Calling updatePosition...
[Entity 3] updatePosition returned.
[ActorCore] Actor Created. Type: unit Pos: 10,10
[UnitCore.js] Unit Created ID:1 Role:worker Pos:10,10 Special:false
[UnitCore.js] Unit Created ID:1 Role:worker Pos:10,10
[Unit 0] State Change: UnitWanderState -> JobState
[Job 0] Entering. NO TARGET REQUEST
[Game] Successfully restored 1 units.
GoblinManager: Deserializing... { plunderCount: [33m0[39m, goblins: [], clans: [], caves: [] }
GoblinManager: Restored 0 goblins.
[Game] Restoring 1 requests...

[90mstdout[2m | src/tests/NightLoadJob.test.js[2m > [22m[2mNight Loading Job Assignment[2m > [22m[2mshould wake up unit if they were saved while sleeping but had a job assigned (manual)
[22m[39m[Game] Checking unit 0 for targetRequestId: req_0
[Game] Re-linked Unit 0 to Request req_0
[Unit 0] State Change: JobState -> JobState
[Job 0] Entering. Target: 15,15
[Actor 0] smartMove to 15,15 (H:0). Reachable:true Dist:7.07 Moving:false Path:0
[Actor 0] smartMove: triggers pathfinding. Dist: 7.1 Time:0.0 Last:-100.0 Throttle:1.00 Action:Approaching Job
[Game] Restored Camera Zoom: 1

[90mstdout[2m | src/tests/MovingFlicker.test.js[2m > [22m[2mMoving Flicker Check[2m > [22m[2mshould NOT flicker to Idle while moving to a distant job
[22m[39m[Job 0] TRACE: Status:assigned isMoving:true dist:56.57 pos:10.0,10.0

[90mstdout[2m | src/tests/MovingFlicker.test.js[2m > [22m[2mMoving Flicker Check[2m > [22m[2mshould NOT flicker to Idle while moving to a distant job
[22m[39m[Job 0] TRACE: Status:assigned isMoving:true dist:56.57 pos:10.0,10.0

[90mstdout[2m | src/tests/SaveLoadIntegration.test.js[2m > [22m[2mComprehensive Save/Load Integration[2m > [22m[2mshould ignore unreachable jobs after load (IgnoredTarget Persistence)
[22m[39m[Game] Dispose called for Game Instance.

[90mstdout[2m | src/tests/SaveLoadIntegration.test.js[2m > [22m[2mComprehensive Save/Load Integration[2m > [22m[2mshould expire goblin raid after load (Aggression Persistence)
[22m[39m[GoblinManager] 5蛟九・豢樒ｪ溘ｒ逕滓・荳ｭ...
[GoblinManager] DETERMINISM: generateCaves start. rngState=undefined
[GoblinManager] DETERMINISM: Attempt 1: Rnd(0.061375, 0.964896) -> Grid(9, 154) rngState=undefined
[GoblinManager] DETERMINISM: Attempt 2: Rnd(0.982016, 0.870034) -> Grid(157, 139) rngState=undefined
[GoblinManager] DETERMINISM: Attempt 3: Rnd(0.326378, 0.386603) -> Grid(52, 61) rngState=undefined
[GoblinManager] 豢樒ｪ溽函謌仙ｮ御ｺ・ 0/5 (隧ｦ陦悟屓謨ｰ: 5000)

[90mstdout[2m | src/tests/SaveLoadIntegration.test.js[2m > [22m[2mComprehensive Save/Load Integration[2m > [22m[2mshould expire goblin raid after load (Aggression Persistence)
[22m[39mSaved to slot 3 (Compressed). Size: 174 chars (Original: 474)
Load Started...

[90mstdout[2m | src/tests/MovingFlicker.test.js[2m > [22m[2mMoving Flicker Check[2m > [22m[2mshould NOT flicker to Idle while moving to a distant job
[22m[39m[Job 0] TRACE: Status:assigned isMoving:true dist:56.57 pos:10.0,10.0

 [32m笨・[39m src/tests/NightLoadJob.test.js[2m > [22mNight Loading Job Assignment[2m > [22mshould wake up unit if they were saved while sleeping but had a job assigned (manual)[33m 372[2mms[22m[39m
[90mstdout[2m | src/tests/NightLoadJob.test.js[2m > [22m[2mNight Loading Job Assignment[2m > [22m[2mshould treat legacy requests (missing isManual) as manual for specific types
[22m[39m[Game] Dispose called for Game Instance.
[GoblinManager] 5蛟九・豢樒ｪ溘ｒ逕滓・荳ｭ...
[GoblinManager] DETERMINISM: generateCaves start. rngState=undefined
[GoblinManager] DETERMINISM: Attempt 1: Rnd(0.140765, 0.495216) -> Grid(22, 79) rngState=undefined
[GoblinManager] DETERMINISM: Attempt 2: Rnd(0.996291, 0.820385) -> Grid(159, 131) rngState=undefined
[GoblinManager] DETERMINISM: Attempt 3: Rnd(0.289513, 0.992133) -> Grid(46, 158) rngState=undefined
[GoblinManager] 豢樒ｪ溽函謌仙ｮ御ｺ・ 0/5 (隧ｦ陦悟屓謨ｰ: 5000)

[90mstdout[2m | src/tests/NightLoadJob.test.js[2m > [22m[2mNight Loading Job Assignment[2m > [22m[2mshould treat legacy requests (missing isManual) as manual for specific types
[22m[39m[Game] Dispose called for Game Instance.
[GoblinManager] 5蛟九・豢樒ｪ溘ｒ逕滓・荳ｭ...
[GoblinManager] DETERMINISM: generateCaves start. rngState=undefined
[GoblinManager] DETERMINISM: Attempt 1: Rnd(0.509383, 0.148443) -> Grid(81, 23) rngState=undefined
[GoblinManager] DETERMINISM: Attempt 2: Rnd(0.480154, 0.648654) -> Grid(76, 103) rngState=undefined
[GoblinManager] DETERMINISM: Attempt 3: Rnd(0.009959, 0.483448) -> Grid(1, 77) rngState=undefined
[GoblinManager] 豢樒ｪ溽函謌仙ｮ御ｺ・ 0/5 (隧ｦ陦悟屓謨ｰ: 5000)
Load Started...

 [32m笨・[39m src/tests/SaveLoadIntegration.test.js[2m > [22mComprehensive Save/Load Integration[2m > [22mshould ignore unreachable jobs after load (IgnoredTarget Persistence)[33m 353[2mms[22m[39m
[90mstdout[2m | src/tests/SaveLoadIntegration.test.js[2m > [22m[2mComprehensive Save/Load Integration[2m > [22m[2mshould expire goblin raid after load (Aggression Persistence)
[22m[39mLoading slot 3, Raw length: 174
Load: Decompressed successfully.
Parsed Data for slot 3: {
  timestamp: [33m1769770260244[39m,
  data: {
    slotId: [33m3[39m,
    timestamp: [33m1769770260244[39m,
    resources: { grain: [33m0[39m, fish: [33m0[39m, meat: [33m0[39m },
    gameTime: [33m6[39m,
    gameTotalTime: [33m0[39m,
    currentSeasonIndex: [33m0[39m,
    daysPassed: [33m0[39m,
    terrain: {
      h: [],
      n: [],
      b: [],
      logicalWidth: [33m100[39m,
      logicalDepth: [33m100[39m,
      version: [33m2[39m
    },
    units: [],
    requests: [],
    goblinManager: { clans: [36m[Object][39m, goblins: [] },
    camera: { position: [36m[Object][39m, target: [36m[Object][39m }
  }
}
Load Game: Data found {
  slotId: [33m3[39m,
  timestamp: [33m1769770260244[39m,
  resources: { grain: [33m0[39m, fish: [33m0[39m, meat: [33m0[39m },
  gameTime: [33m6[39m,
  gameTotalTime: [33m0[39m,
  currentSeasonIndex: [33m0[39m,
  daysPassed: [33m0[39m,
  terrain: {
    h: [],
    n: [],
    b: [],
    logicalWidth: [33m100[39m,
    logicalDepth: [33m100[39m,
    version: [33m2[39m
  },
  units: [],
  requests: [],
  goblinManager: { clans: { clan_raid_test: [36m[Object][39m }, goblins: [] },
  camera: { position: { x: [33m0[39m, y: [33m0[39m, z: [33m0[39m }, target: { x: [33m0[39m, y: [33m0[39m, z: [33m0[39m } }
}

[90mstdout[2m | src/tests/SaveLoadIntegration.test.js[2m > [22m[2mComprehensive Save/Load Integration[2m > [22m[2mshould expire goblin raid after load (Aggression Persistence)
[22m[39mResetting GoblinManager...
Clearing 0 projectiles...
[Game] Deserializing terrain...

[90mstdout[2m | src/tests/SaveLoadIntegration.test.js[2m > [22m[2mComprehensive Save/Load Integration[2m > [22m[2mshould expire goblin raid after load (Aggression Persistence)
[22m[39m[Game] Terrain deserialized.

[90mstdout[2m | src/tests/SaveLoadIntegration.test.js[2m > [22m[2mComprehensive Save/Load Integration[2m > [22m[2mshould expire goblin raid after load (Aggression Persistence)
[22m[39m[Game] Loading resources/time...
[Game] Updating environment...

[90mstdout[2m | src/tests/SaveLoadIntegration.test.js[2m > [22m[2mComprehensive Save/Load Integration[2m > [22m[2mshould expire goblin raid after load (Aggression Persistence)
[22m[39m[Game] Restoring 0 units...
[Game] Successfully restored 0 units.
[Game] Restoring 0 requests...
[Game] Restored Camera Zoom: 1

[90mstdout[2m | src/tests/SaveLoad.test.js[2m > [22m[2mSave/Load System[2m > [22m[2mshould load game data correctly
[22m[39m[Game] Initializing Full Three.js components...
[Game] Generating Preview Terrain...
[Terrain] DETERMINISM: generateRandomTerrain seed=0.905904 intSeed=1945413187 rngState=1945413187

 [32m笨・[39m src/tests/SaveLoad.test.js[2m > [22mSave/Load System[2m > [22mshould save game data correctly[33m 521[2mms[22m[39m
[90mstdout[2m | src/tests/SaveLoad.test.js[2m > [22m[2mSave/Load System[2m > [22m[2mshould load game data correctly
[22m[39mLoad Started...

[90mstdout[2m | src/tests/NightLoadJob.test.js[2m > [22m[2mNight Loading Job Assignment[2m > [22m[2mshould treat legacy requests (missing isManual) as manual for specific types
[22m[39mLoad Game: Data found {
  gameTime: [33m20[39m,
  terrain: {
    serialize: [36m[Function: serialize][39m,
    findBestTarget: [Function: Mock] {
      _isMockFunction: [33mtrue[39m,
      getMockImplementation: [36m[Function (anonymous)][39m,
      mock: [36m[Object][39m,
      mockImplementation: [36m[Function: mockImplementation][39m,
      mockImplementationOnce: [36m[Function: mockImplementationOnce][39m,
      withImplementation: [36m[Function: withImplementation][39m,
      mockReturnThis: [36m[Function: mockReturnThis][39m,
      mockReturnValue: [36m[Function: mockReturnValue][39m,
      mockReturnValueOnce: [36m[Function: mockReturnValueOnce][39m,
      mockResolvedValue: [36m[Function: mockResolvedValue][39m,
      mockResolvedValueOnce: [36m[Function: mockResolvedValueOnce][39m,
      mockRejectedValue: [36m[Function: mockRejectedValue][39m,
      mockRejectedValueOnce: [36m[Function: mockRejectedValueOnce][39m,
      mockClear: [36m[Function: mockClear][39m,
      mockReset: [36m[Function: mockReset][39m,
      mockRestore: [36m[Function: mockRestore][39m,
      mockName: [36m[Function: mockName][39m,
      getMockName: [36m[Function: getMockName][39m,
      [[32mSymbol(nodejs.dispose)[39m]: [36m[Function (anonymous)][39m
    },
    getTileHeight: [36m[Function: getTileHeight][39m
  },
  units: [
    {
      id: [33m0[39m,
      role: [32m'worker'[39m,
      gridX: [33m10[39m,
      gridZ: [33m10[39m,
      targetRequestId: [32m'req_legacy'[39m
    }
  ],
  requests: [
    {
      id: [32m'req_legacy'[39m,
      type: [32m'raise'[39m,
      x: [33m15[39m,
      z: [33m15[39m,
      status: [32m'assigned'[39m,
      assignedTo: [33m0[39m
    }
  ],
  camera: { position: { x: [33m0[39m, y: [33m0[39m, z: [33m0[39m }, target: { x: [33m0[39m, y: [33m0[39m, z: [33m0[39m } }
}

 [32m笨・[39m src/tests/Terrain.test.js[2m > [22mTerrain Logic[2m > [22mPopulation Update[2m > [22mshould handle massive population overflow loop correctly[33m 356[2mms[22m[39m
[90mstdout[2m | src/tests/NightLoadJob.test.js[2m > [22m[2mNight Loading Job Assignment[2m > [22m[2mshould treat legacy requests (missing isManual) as manual for specific types
[22m[39mResetting GoblinManager...
Clearing 0 projectiles...
[Game] Deserializing terrain...

[90mstdout[2m | src/tests/NightLoadJob.test.js[2m > [22m[2mNight Loading Job Assignment[2m > [22m[2mshould treat legacy requests (missing isManual) as manual for specific types
[22m[39m[Game] Terrain deserialized.

[90mstdout[2m | src/tests/NightLoadJob.test.js[2m > [22m[2mNight Loading Job Assignment[2m > [22m[2mshould treat legacy requests (missing isManual) as manual for specific types
[22m[39m[Game] Loading resources/time...
[Game] Updating environment...

[90mstdout[2m | src/tests/NightLoadJob.test.js[2m > [22m[2mNight Loading Job Assignment[2m > [22m[2mshould treat legacy requests (missing isManual) as manual for specific types
[22m[39m[Game] Restoring 1 units...

[90mstdout[2m | src/tests/NightLoadJob.test.js[2m > [22m[2mNight Loading Job Assignment[2m > [22m[2mshould treat legacy requests (missing isManual) as manual for specific types
[22m[39m[Entity 4] Calling registerEntity...
[Entity 4] registerEntity returned.
[Entity 4] Calling updatePosition...
[Entity 4] updatePosition returned.
[ActorCore] Actor Created. Type: unit Pos: 10,10
[UnitCore.js] Unit Created ID:0 Role:worker Pos:10,10 Special:false
[Unit 0] State Change: None -> UnitWanderState
[UnitCore.js] Unit Created ID:0 Role:worker Pos:10,10
[Unit 0] State Change: UnitWanderState -> JobState
[Job 0] Entering. NO TARGET REQUEST
[Game] Successfully restored 1 units.
[Game] Restoring 1 requests...

[90mstdout[2m | src/tests/NightLoadJob.test.js[2m > [22m[2mNight Loading Job Assignment[2m > [22m[2mshould treat legacy requests (missing isManual) as manual for specific types
[22m[39m[Game] Checking unit 0 for targetRequestId: req_legacy
[Game] Re-linked Unit 0 to Request req_legacy
[Unit 0] State Change: JobState -> JobState
[Job 0] Entering. Target: 15,15
[Actor 0] smartMove to 15,15 (H:0). Reachable:true Dist:7.07 Moving:false Path:0
[Actor 0] smartMove: triggers pathfinding. Dist: 7.1 Time:0.0 Last:-100.0 Throttle:1.00 Action:Approaching Job
[Game] Restored Camera Zoom: 1
[Actor 0] smartMove to 15,15 (H:0). Reachable:true Dist:7.07 Moving:false Path:1
[Actor 0] SmartMove Depth:1 Node:15,15 My:10,10 d:5,5
[Actor 0] Path Blocked at 15,15
[Actor 0] smartMove: triggers pathfinding. Dist: 7.1 Time:0.0 Last:0.0 Throttle:1.00 Action:Approaching Job

[90mstdout[2m | src/tests/NightLoadJob.test.js[2m > [22m[2mNight Loading Job Assignment[2m > [22m[2mshould treat legacy requests (missing isManual) as manual for specific types
[22m[39m[Actor 0] smartMove to 15,15 (H:0). Reachable:true Dist:7.07 Moving:false Path:1
[Actor 0] SmartMove Depth:2 Node:15,15 My:10,10 d:5,5
[Actor 0] Path Blocked at 15,15
[Actor 0] smartMove: triggers pathfinding. Dist: 7.1 Time:0.0 Last:0.0 Throttle:1.00 Action:Approaching Job

[90mstdout[2m | src/tests/NightLoadJob.test.js[2m > [22m[2mNight Loading Job Assignment[2m > [22m[2mshould treat legacy requests (missing isManual) as manual for specific types
[22m[39m[Actor 0] smartMove to 15,15 (H:0). Reachable:true Dist:7.07 Moving:false Path:1
[Actor 0] SmartMove Depth:3 Node:15,15 My:10,10 d:5,5
[Actor 0] Path Blocked at 15,15
[Actor 0] smartMove: triggers pathfinding. Dist: 7.1 Time:0.0 Last:0.0 Throttle:1.00 Action:Approaching Job

[90mstdout[2m | src/tests/NightLoadJob.test.js[2m > [22m[2mNight Loading Job Assignment[2m > [22m[2mshould treat legacy requests (missing isManual) as manual for specific types
[22m[39m[Actor 0] smartMove to 15,15 (H:0). Reachable:true Dist:7.07 Moving:false Path:1
[Actor 0] SmartMove Depth:4 Node:15,15 My:10,10 d:5,5
[Actor 0] Path Blocked at 15,15
[Actor 0] smartMove: triggers pathfinding. Dist: 7.1 Time:0.0 Last:0.0 Throttle:1.00 Action:Approaching Job

[90mstdout[2m | src/tests/NightLoadJob.test.js[2m > [22m[2mNight Loading Job Assignment[2m > [22m[2mshould treat legacy requests (missing isManual) as manual for specific types
[22m[39m[Actor 0] smartMove to 15,15 (H:0). Reachable:true Dist:7.07 Moving:false Path:1
[Actor 0] SmartMove Depth:5 Node:15,15 My:10,10 d:5,5
[Actor 0] Path Blocked at 15,15
[Actor 0] smartMove: triggers pathfinding. Dist: 7.1 Time:0.0 Last:0.0 Throttle:1.00 Action:Approaching Job

[90mstdout[2m | src/tests/NightLoadJob.test.js[2m > [22m[2mNight Loading Job Assignment[2m > [22m[2mshould treat legacy requests (missing isManual) as manual for specific types
[22m[39m[Actor 0] smartMove to 15,15 (H:0). Reachable:true Dist:7.07 Moving:false Path:1

[90mstdout[2m | src/tests/MovingFlicker.test.js[2m > [22m[2mMoving Flicker Check[2m > [22m[2mshould NOT flicker to Idle while moving to a distant job
[22m[39m[Game] Dispose called for Game Instance.

[90mstdout[2m | src/tests/SaveLoad.test.js[2m > [22m[2mSave/Load System[2m > [22m[2mshould load game data correctly
[22m[39mLoading slot 1, Raw length: 100
Load: Decompressed successfully.
Parsed Data for slot 1: {
  timestamp: [33m1769770260316[39m,
  data: {
    resources: { grain: [33m999[39m, fish: [33m888[39m },
    gameTime: [33m6[39m,
    terrain: { logicalWidth: [33m10[39m, logicalDepth: [33m10[39m, grid: [], buildings: [] },
    units: [],
    camera: { position: [36m[Object][39m, target: [36m[Object][39m }
  }
}
Load Game: Data found {
  resources: { grain: [33m999[39m, fish: [33m888[39m },
  gameTime: [33m6[39m,
  terrain: { logicalWidth: [33m10[39m, logicalDepth: [33m10[39m, grid: [], buildings: [] },
  units: [],
  camera: { position: { x: [33m0[39m, y: [33m0[39m, z: [33m0[39m }, target: { x: [33m0[39m, y: [33m0[39m, z: [33m0[39m } }
}

[90mstdout[2m | src/tests/MovingFlicker.test.js[2m > [22m[2mMoving Flicker Check[2m > [22m[2mshould reproduce flicker when pathfinding budget is exhausted
[22m[39m[GoblinManager] 5蛟九・豢樒ｪ溘ｒ逕滓・荳ｭ...
[GoblinManager] DETERMINISM: generateCaves start. rngState=undefined
[GoblinManager] DETERMINISM: Attempt 1: Rnd(0.984804, 0.362663) -> Grid(157, 58) rngState=undefined
[GoblinManager] DETERMINISM: Attempt 2: Rnd(0.674643, 0.154170) -> Grid(107, 24) rngState=undefined
[GoblinManager] DETERMINISM: Attempt 3: Rnd(0.789600, 0.187946) -> Grid(126, 30) rngState=undefined
[GoblinManager] 豢樒ｪ溽函謌仙ｮ御ｺ・ 0/5 (隧ｦ陦悟屓謨ｰ: 5000)

[90mstdout[2m | src/tests/MovingFlicker.test.js[2m > [22m[2mMoving Flicker Check[2m > [22m[2mshould reproduce flicker when pathfinding budget is exhausted
[22m[39m[Entity 1] Calling updatePosition...
[Entity 1] updatePosition returned.
[ActorCore] Actor Created. Type: unit Pos: 10,10
[UnitCore.js] Unit Created ID:0 Role:worker Pos:10,10 Special:false
[Unit 0] State Change: None -> UnitWanderState
[UnitCore.js] Unit Created ID:0 Role:worker Pos:10,10
[Game] Request Added: raise at (50,50) ID:req_0
[Unit 0] State Change: UnitWanderState -> JobState
[Job 0] Entering. Target: 50,50
[Actor 0] smartMove to 50,50 (H:1). Reachable:true Dist:56.57 Moving:false Path:0
[Actor 0] smartMove: triggers pathfinding. Dist: 56.6 Time:0.0 Last:-100.0 Throttle:1.00 Action:Approaching Job
[Actor 0] smartMove to 50,50 (H:1). Reachable:true Dist:56.57 Moving:false Path:0
[Actor 0] smartMove: triggers pathfinding. Dist: 56.6 Time:0.0 Last:0.0 Throttle:1.00 Action:Approaching Job

[90mstdout[2m | src/tests/MovingFlicker.test.js[2m > [22m[2mMoving Flicker Check[2m > [22m[2mshould reproduce flicker when pathfinding budget is exhausted
[22m[39m[Actor 0] smartMove: triggers pathfinding. Dist: 56.6 Time:0.1 Last:0.0 Throttle:1.00 Action:Approaching Job

[90mstdout[2m | src/tests/SaveLoad.test.js[2m > [22m[2mSave/Load System[2m > [22m[2mshould load game data correctly
[22m[39mClearing 0 projectiles...
[Game] Deserializing terrain...

[90mstdout[2m | src/tests/SaveLoad.test.js[2m > [22m[2mSave/Load System[2m > [22m[2mshould load game data correctly
[22m[39m[Game] Terrain deserialized.

[90mstdout[2m | src/tests/SaveLoad.test.js[2m > [22m[2mSave/Load System[2m > [22m[2mshould load game data correctly
[22m[39m[Terrain] Generated 235 trees (Preview=true, Density=0.2).

[90mstdout[2m | src/tests/SaveLoad.test.js[2m > [22m[2mSave/Load System[2m > [22m[2mshould load game data correctly
[22m[39m[Game] Loading resources/time...
[Game] Updating environment...

[90mstdout[2m | src/tests/SaveLoad.test.js[2m > [22m[2mSave/Load System[2m > [22m[2mshould load game data correctly
[22m[39m[Game] Restoring 0 units...
[Game] Successfully restored 0 units.
[Game] Restored Camera Zoom: 1

[90mstdout[2m | src/tests/MovingFlicker.test.js[2m > [22m[2mMoving Flicker Check[2m > [22m[2mshould reproduce flicker when pathfinding budget is exhausted
[22m[39m[Game] Dispose called for Game Instance.

 [32m笨・[39m src/tests/MovingFlicker.test.js[2m > [22mMoving Flicker Check[2m > [22mshould NOT flicker to Idle while moving to a distant job[33m 953[2mms[22m[39m
 [32m笨・[39m src/tests/MovingFlicker.test.js[2m > [22mMoving Flicker Check[2m > [22mshould reproduce flicker when pathfinding budget is exhausted[32m 97[2mms[22m[39m
[90mstdout[2m | src/tests/RefuseDistraction.test.js[2m > [22m[2mRefuse Distraction[2m > [22m[2mshould prioritize MANUAL move marker over autonomous HOUSE BUILDING
[22m[39m[Game] Initializing Full Three.js components...
[GoblinManager] 5蛟九・豢樒ｪ溘ｒ逕滓・荳ｭ...
[GoblinManager] DETERMINISM: generateCaves start. rngState=undefined
[GoblinManager] DETERMINISM: Attempt 1: Rnd(0.549016, 0.772209) -> Grid(54, 77) rngState=undefined
[GoblinManager] DETERMINISM: Attempt 2: Rnd(0.815573, 0.675977) -> Grid(81, 67) rngState=undefined
[GoblinManager] DETERMINISM: Attempt 3: Rnd(0.835353, 0.025024) -> Grid(83, 2) rngState=undefined
[GoblinManager] 豢樒ｪ溽函謌仙ｮ御ｺ・ 0/5 (隧ｦ陦悟屓謨ｰ: 5000)
[Entity 0] Calling updatePosition...
[Entity 0] updatePosition returned.
[ActorCore] Actor Created. Type: unit Pos: 10,10
[UnitCore.js] Unit Created ID:0 Role:worker Pos:10,10 Special:false
[Unit 0] State Change: None -> UnitWanderState
[UnitCore.js] Unit Created ID:0 Role:worker Pos:10,10

[90mstdout[2m | src/tests/MovingFlicker.test.js[2m > [22m[2mMoving Flicker Check[2m > [22m[2mshould NOT drop manual job if temporarily blocked mid-move
[22m[39m[GoblinManager] 5蛟九・豢樒ｪ溘ｒ逕滓・荳ｭ...
[GoblinManager] DETERMINISM: generateCaves start. rngState=undefined
[GoblinManager] DETERMINISM: Attempt 1: Rnd(0.664305, 0.633549) -> Grid(106, 101) rngState=undefined
[GoblinManager] DETERMINISM: Attempt 2: Rnd(0.404096, 0.409005) -> Grid(64, 65) rngState=undefined
[GoblinManager] DETERMINISM: Attempt 3: Rnd(0.269227, 0.154527) -> Grid(43, 24) rngState=undefined
[GoblinManager] 豢樒ｪ溽函謌仙ｮ御ｺ・ 0/5 (隧ｦ陦悟屓謨ｰ: 5000)

[90mstdout[2m | src/tests/MovingFlicker.test.js[2m > [22m[2mMoving Flicker Check[2m > [22m[2mshould NOT drop manual job if temporarily blocked mid-move
[22m[39m[Entity 2] Calling updatePosition...
[Entity 2] updatePosition returned.
[ActorCore] Actor Created. Type: unit Pos: 10,10
[UnitCore.js] Unit Created ID:0 Role:worker Pos:10,10 Special:false
[Unit 0] State Change: None -> UnitWanderState
[UnitCore.js] Unit Created ID:0 Role:worker Pos:10,10
[Game] Request Added: raise at (50,50) ID:req_0
[Game] No worker in radius 80 for Manual Req req_0. Trying Global Scan...
[Unit 0] State Change: UnitWanderState -> JobState
[Job 0] Entering. Target: 50,50
[Actor 0] smartMove to 50,50 (H:1). Reachable:true Dist:56.57 Moving:false Path:0
[Actor 0] smartMove: triggers pathfinding. Dist: 56.6 Time:0.0 Last:-100.0 Throttle:1.00 Action:Approaching Job
[Actor 0] smartMove to 50,50 (H:1). Reachable:true Dist:56.57 Moving:false Path:0
[Actor 0] smartMove to 50,50 (H:1). Reachable:true Dist:56.57 Moving:false Path:40
[Actor 0] SmartMove Depth:1 Node:11,11 My:10,10 d:1,1
[Entity 0] startMove -> isMoving:true. Target:11,11 StartTime:0.0000

[90mstdout[2m | src/tests/RefuseDistraction.test.js[2m > [22m[2mRefuse Distraction[2m > [22m[2mshould prioritize MANUAL move marker over autonomous HOUSE BUILDING
[22m[39m[Game] Request Added: move at (30,30) ID:req_0
[Game] No worker in radius 80 for Manual Req req_0. Trying Global Scan...
[Job 1] Entering. Target: 30,30
[Actor 1] smartMove: triggers pathfinding. Dist: 28.3 Time:0.0 Last:-100.0 Throttle:1.10 Action:Approaching Job
[Job 1] Entering. Target: 30,30
[Test] Unit assigned Manual Move to 30,30.
[Test] tryBuildStructure returned: false
[SUCCESS] Unit refused to build.
[Actor 1] SmartMove Depth:1 Node:30,30 My:10,10 d:20,20
[Unit 1] Moving onto Rock at 30,30 H:10 (Speed Penalty)
[Entity 1] startMove -> isMoving:true. Target:30,30 StartTime:-100.0000

[90mstdout[2m | src/tests/SaveLoadIntegration.test.js[2m > [22m[2mComprehensive Save/Load Integration[2m > [22m[2mshould expire goblin raid after load (Aggression Persistence)
[22m[39m[Game] Dispose called for Game Instance.

 [32m笨・[39m src/tests/SaveLoadIntegration.test.js[2m > [22mComprehensive Save/Load Integration[2m > [22mshould expire goblin raid after load (Aggression Persistence)[33m 358[2mms[22m[39m
[90mstdout[2m | src/tests/NightLoadJob.test.js[2m > [22m[2mNight Loading Job Assignment[2m > [22m[2mshould treat legacy requests (missing isManual) as manual for specific types
[22m[39m[Actor 0] smartMove to 15,15 (H:0). Reachable:true Dist:7.07 Moving:false Path:1
[Actor 0] SmartMove Depth:0 Node:15,15 My:10,10 d:5,5
[Actor 0] Path Blocked at 15,15

 [31mﾃ・[39m src/tests/NightLoadJob.test.js[2m > [22mNight Loading Job Assignment[2m > [22mshould treat legacy requests (missing isManual) as manual for specific types[33m 331[2mms[22m[39m
[31m   竊・expected 'JobState' to be 'Job' // Object.is equality[39m
[90mstdout[2m | src/tests/MovingFlicker.test.js[2m > [22m[2mMoving Flicker Check[2m > [22m[2mshould NOT drop manual job if temporarily blocked mid-move
[22m[39m[Game] Dispose called for Game Instance.

[90mstdout[2m | src/tests/MovingFlicker.test.js[2m > [22m[2mMoving Flicker Check[2m > [22m[2mshould resume job after combat interruption
[22m[39m[GoblinManager] 5蛟九・豢樒ｪ溘ｒ逕滓・荳ｭ...
[GoblinManager] DETERMINISM: generateCaves start. rngState=undefined
[GoblinManager] DETERMINISM: Attempt 1: Rnd(0.701935, 0.111401) -> Grid(112, 17) rngState=undefined
[GoblinManager] DETERMINISM: Attempt 2: Rnd(0.524471, 0.542085) -> Grid(83, 86) rngState=undefined
[GoblinManager] DETERMINISM: Attempt 3: Rnd(0.590197, 0.720055) -> Grid(94, 115) rngState=undefined
[GoblinManager] 豢樒ｪ溽函謌仙ｮ御ｺ・ 0/5 (隧ｦ陦悟屓謨ｰ: 5000)

[90mstdout[2m | src/tests/MovingFlicker.test.js[2m > [22m[2mMoving Flicker Check[2m > [22m[2mshould resume job after combat interruption
[22m[39m[Entity 3] Calling updatePosition...
[Entity 3] updatePosition returned.
[ActorCore] Actor Created. Type: unit Pos: 10,10
[UnitCore.js] Unit Created ID:0 Role:worker Pos:10,10 Special:false
[Unit 0] State Change: None -> UnitWanderState
[UnitCore.js] Unit Created ID:0 Role:worker Pos:10,10
[Game] Request Added: raise at (50,50) ID:req_0
[Game] No worker in radius 80 for Manual Req req_0. Trying Global Scan...
[Unit 0] State Change: UnitWanderState -> JobState
[Job 0] Entering. Target: 50,50
[Actor 0] smartMove to 50,50 (H:1). Reachable:true Dist:56.57 Moving:false Path:0
[Actor 0] smartMove: triggers pathfinding. Dist: 56.6 Time:0.0 Last:-100.0 Throttle:1.00 Action:Approaching Job
[Unit 0] State Change: JobState -> CombatState
[Unit 0] State Change: CombatState -> JobState
[Job 0] Entering. Target: 50,50
[Actor 0] smartMove to 50,50 (H:1). Reachable:true Dist:56.57 Moving:false Path:40
[Actor 0] SmartMove Depth:1 Node:11,11 My:10,10 d:1,1
[Entity 0] startMove -> isMoving:true. Target:11,11 StartTime:-100.0000

[90mstdout[2m | src/tests/MovingFlicker.test.js[2m > [22m[2mMoving Flicker Check[2m > [22m[2mshould resume job after combat interruption
[22m[39m[Game] Dispose called for Game Instance.

[90mstdout[2m | src/tests/SaveLoad.test.js[2m > [22m[2mSave/Load System[2m > [22m[2mshould load game data correctly
[22m[39m[Game] Dispose called for Game Instance.
[Terrain] Dispose called.

 [32m笨・[39m src/tests/Terrain.test.js[2m > [22mTerrain Logic[2m > [22mFarm Logic[2m > [22mshould grow crops using simDeltaTime (Not raw deltaTime)[33m 370[2mms[22m[39m
 [32m笨・[39m src/tests/MovingFlicker.test.js[2m > [22mMoving Flicker Check[2m > [22mshould NOT drop manual job if temporarily blocked mid-move[32m 156[2mms[22m[39m
 [32m笨・[39m src/tests/MovingFlicker.test.js[2m > [22mMoving Flicker Check[2m > [22mshould resume job after combat interruption[32m 21[2mms[22m[39m
[90mstdout[2m | src/tests/SaveLoad.test.js[2m > [22m[2mSave/Load System[2m > [22m[2mshould restore request markers with correct renderOrder
[22m[39m[Game] Initializing Full Three.js components...
[Game] Generating Preview Terrain...
[Terrain] DETERMINISM: generateRandomTerrain seed=0.564514 intSeed=1212284345 rngState=1212284345

 [32m笨・[39m src/tests/SaveLoad.test.js[2m > [22mSave/Load System[2m > [22mshould load game data correctly[33m 735[2mms[22m[39m
[90mstdout[2m | src/tests/SaveLoad.test.js[2m > [22m[2mSave/Load System[2m > [22m[2mshould restore request markers with correct renderOrder
[22m[39mLoad Started...

[90mstdout[2m | src/tests/SaveLoad.test.js[2m > [22m[2mSave/Load System[2m > [22m[2mshould restore request markers with correct renderOrder
[22m[39mLoading slot 1, Raw length: 111
Load: Decompressed successfully.
Parsed Data for slot 1: {
  timestamp: [33m1769770260915[39m,
  data: {
    resources: {},
    gameTime: [33m10[39m,
    terrain: { logicalWidth: [33m80[39m, grid: [], buildings: [] },
    units: [],
    requests: [ [36m[Object][39m, [36m[Object][39m ]
  }
}
Load Game: Data found {
  resources: {},
  gameTime: [33m10[39m,
  terrain: { logicalWidth: [33m80[39m, grid: [], buildings: [] },
  units: [],
  requests: [
    { id: [32m'req_1'[39m, type: [32m'raise'[39m, x: [33m5[39m, z: [33m5[39m, status: [32m'pending'[39m },
    { id: [32m'req_2'[39m, type: [32m'lower'[39m, x: [33m10[39m, z: [33m10[39m, status: [32m'completed'[39m }
  ]
}

[90mstdout[2m | src/tests/SaveLoad.test.js[2m > [22m[2mSave/Load System[2m > [22m[2mshould restore request markers with correct renderOrder
[22m[39m[Terrain] Generated 553 trees (Preview=true, Density=0.2).

[90mstdout[2m | src/tests/SaveLoad.test.js[2m > [22m[2mSave/Load System[2m > [22m[2mshould restore request markers with correct renderOrder
[22m[39mClearing 0 projectiles...
[Game] Deserializing terrain...
[Terrain] deserialize: Start
[Terrain] deserialize: Clearing Buildings...
[Terrain] deserialize: Resize detected! 120x120 -> 80xundefined 
[Terrain] deserialize: Restoring Grid Data...
[Terrain] Deserializing Legacy Format...

[90mstdout[2m | src/tests/SaveLoad.test.js[2m > [22m[2mSave/Load System[2m > [22m[2mshould restore request markers with correct renderOrder
[22m[39m[Game] Terrain deserialized.

[90mstdout[2m | src/tests/SaveLoad.test.js[2m > [22m[2mSave/Load System[2m > [22m[2mshould restore request markers with correct renderOrder
[22m[39m[Game] Loading resources/time...
[Game] Updating environment...

[90mstdout[2m | src/tests/SaveLoad.test.js[2m > [22m[2mSave/Load System[2m > [22m[2mshould restore request markers with correct renderOrder
[22m[39m[Game] Restoring 0 units...
[Game] Successfully restored 0 units.
[Game] Restoring 2 requests...

[90mstdout[2m | src/tests/SaveLoad.test.js[2m > [22m[2mSave/Load System[2m > [22m[2mshould restore request markers with correct renderOrder
[22m[39m[Game] No camera data found in saveData.

 [32m笨・[39m src/tests/Terrain.test.js[2m > [22mTerrain Logic[2m > [22mFarm Logic[2m > [22mshould preserve overflow when harvesting[33m 340[2mms[22m[39m
[90mstdout[2m | src/tests/SaveLoad.test.js[2m > [22m[2mSave/Load System[2m > [22m[2mshould restore request markers with correct renderOrder
[22m[39m[Game] Dispose called for Game Instance.
[Terrain] Dispose called.

 [32m笨・[39m src/tests/SaveLoad.test.js[2m > [22mSave/Load System[2m > [22mshould restore request markers with correct renderOrder[33m 621[2mms[22m[39m
[90mstdout[2m | src/tests/EncounterCombat.test.js[2m > [22m[2mEncounter Combat Logic[2m > [22m[2mUnit should switch target to nearby Goblin while moving to distant Building
[22m[39m[TestDebug] beforeEach finished. game.scene exists? [33mtrue[39m

[90mstdout[2m | src/tests/EncounterCombat.test.js[2m > [22m[2mEncounter Combat Logic[2m > [22m[2mUnit should switch target to nearby Goblin while moving to distant Building
[22m[39m[Entity 0] Calling registerEntity...
[Entity 0] registerEntity returned.
[Entity 0] Calling updatePosition...
[Entity 0] updatePosition returned.
[ActorCore] Actor Created. Type: unit Pos: 10,10
[UnitCore.js] Unit Created ID:0 Role:soldier Pos:10,10 Special:false
[Unit 0] State Change: None -> UnitWanderState
[UnitCore.js] Unit Created ID:0 Role:soldier Pos:10,10
Goblin constructor: calling super...
[Entity 1] Calling registerEntity...
[Entity 1] registerEntity returned.
[Entity 1] Calling updatePosition...
[Entity 1] updatePosition returned.
[ActorCore] Actor Created. Type: goblin Pos: 20,20
Goblin constructor: super returned.
Goblin constructor: checking scene...
Goblin constructor: setting ID...
[Actor 0] CHANGE STATE: None -> GoblinWanderState Request:null
[Combat] Entering. Saved Context: {"action":"Idle","target":null,"migrationTarget":null}
[Actor 1] smartMove: triggers pathfinding. Dist: 56.6 Time:0.0 Last:0.0 Throttle:1.10 Action:Fighting
[Combat 1] Encounter! Switching target to nearby Goblin 2!

[90mstdout[2m | src/tests/EncounterCombat.test.js[2m > [22m[2mEncounter Combat Logic[2m > [22m[2mGoblin should switch target to nearby Unit while moving to distant Building
[22m[39m[TestDebug] beforeEach finished. game.scene exists? [33mtrue[39m

[90mstdout[2m | src/tests/EncounterCombat.test.js[2m > [22m[2mEncounter Combat Logic[2m > [22m[2mGoblin should switch target to nearby Unit while moving to distant Building
[22m[39mGoblin constructor: calling super...
[Entity 2] Calling registerEntity...
[Entity 2] registerEntity returned.
[Entity 2] Calling updatePosition...
[Entity 2] updatePosition returned.
[ActorCore] Actor Created. Type: goblin Pos: 10,10
Goblin constructor: super returned.
Goblin constructor: checking scene...
Goblin constructor: setting ID...
[Actor 0] CHANGE STATE: None -> GoblinWanderState Request:null
[Entity 3] Calling registerEntity...
[Entity 3] registerEntity returned.
[Entity 3] Calling updatePosition...
[Entity 3] updatePosition returned.
[ActorCore] Actor Created. Type: unit Pos: 20,20
[UnitCore.js] Unit Created ID:0 Role:soldier Pos:20,20 Special:false
[Unit 0] State Change: None -> UnitWanderState
[UnitCore.js] Unit Created ID:0 Role:soldier Pos:20,20
[GoblinState 3] Encounter! Switching from Building to Nearby Unit 4

[90mstdout[2m | src/tests/EncounterCombat.test.js[2m > [22m[2mEncounter Combat Logic[2m > [22m[2mWorker should reduce scan range (Worker Aggression Fix)
[22m[39m[TestDebug] beforeEach finished. game.scene exists? [33mtrue[39m

[90mstdout[2m | src/tests/EncounterCombat.test.js[2m > [22m[2mEncounter Combat Logic[2m > [22m[2mWorker should reduce scan range (Worker Aggression Fix)
[22m[39m[Entity 4] Calling registerEntity...
[Entity 4] registerEntity returned.
[Entity 4] Calling updatePosition...
[Entity 4] updatePosition returned.
[ActorCore] Actor Created. Type: unit Pos: 10,10
[UnitCore.js] Unit Created ID:0 Role:worker Pos:10,10 Special:false
[Unit 0] State Change: None -> UnitWanderState
[UnitCore.js] Unit Created ID:0 Role:worker Pos:10,10

 [32m笨・[39m src/tests/EncounterCombat.test.js[2m > [22mEncounter Combat Logic[2m > [22mUnit should switch target to nearby Goblin while moving to distant Building[32m 26[2mms[22m[39m
 [32m笨・[39m src/tests/EncounterCombat.test.js[2m > [22mEncounter Combat Logic[2m > [22mGoblin should switch target to nearby Unit while moving to distant Building[32m 6[2mms[22m[39m
 [32m笨・[39m src/tests/EncounterCombat.test.js[2m > [22mEncounter Combat Logic[2m > [22mWorker should reduce scan range (Worker Aggression Fix)[32m 5[2mms[22m[39m
 [32m笨・[39m src/tests/Terrain.test.js[2m > [22mTerrain Logic[2m > [22mAdvanced Mechanics[2m > [22mshould scale farm yield based on moisture[33m 496[2mms[22m[39m
[90mstdout[2m | src/tests/RefuseDistraction.test.js[2m > [22m[2mRefuse Distraction[2m > [22m[2mshould NOT Switch to a better Auto-Job if Manual Job is active
[22m[39m[Game] Initializing Full Three.js components...
[GoblinManager] 5蛟九・豢樒ｪ溘ｒ逕滓・荳ｭ...
[GoblinManager] DETERMINISM: generateCaves start. rngState=undefined
[GoblinManager] DETERMINISM: Attempt 1: Rnd(0.726653, 0.667644) -> Grid(72, 66) rngState=undefined
[GoblinManager] DETERMINISM: Attempt 2: Rnd(0.120421, 0.583337) -> Grid(12, 58) rngState=undefined
[GoblinManager] DETERMINISM: Attempt 3: Rnd(0.454640, 0.721648) -> Grid(45, 72) rngState=undefined
[GoblinManager] 豢樒ｪ溽函謌仙ｮ御ｺ・ 0/5 (隧ｦ陦悟屓謨ｰ: 5000)
[Entity 1] Calling updatePosition...
[Entity 1] updatePosition returned.
[ActorCore] Actor Created. Type: unit Pos: 10,10
[UnitCore.js] Unit Created ID:0 Role:worker Pos:10,10 Special:false
[Unit 0] State Change: None -> UnitWanderState
[UnitCore.js] Unit Created ID:0 Role:worker Pos:10,10

 [32m笨・[39m src/tests/RefuseDistraction.test.js[2m > [22mRefuse Distraction[2m > [22mshould prioritize MANUAL move marker over autonomous HOUSE BUILDING[33m 1088[2mms[22m[39m
[90mstdout[2m | src/tests/RefuseDistraction.test.js[2m > [22m[2mRefuse Distraction[2m > [22m[2mshould NOT Switch to a better Auto-Job if Manual Job is active
[22m[39m[Game] Request Added: move at (30,30) ID:req_0
[Game] No worker in radius 80 for Manual Req req_0. Trying Global Scan...
[Job 1] Entering. Target: 30,30
[Actor 1] smartMove: triggers pathfinding. Dist: 28.3 Time:0.0 Last:-100.0 Throttle:1.10 Action:Approaching Job
[Game] Request Added: flatten at (11,11) ID:req_1
[Test] Picked request type: move, isManual: true
[Actor 1] SmartMove Depth:1 Node:30,30 My:10,10 d:20,20
[Unit 1] Moving onto Rock at 30,30 H:10 (Speed Penalty)
[Entity 1] startMove -> isMoving:true. Target:30,30 StartTime:0.0000

[90mstdout[2m | src/tests/RefuseDistraction.test.js
[22m[39m[Camera] Controls enabled: undefined, Pos: 0.0,0.0,0.0

[90mstdout[2m | src/tests/RefuseDistraction.test.js
[22m[39m[Camera] Controls enabled: undefined, Pos: 0.0,0.0,0.0

[90mstdout[2m | src/tests/RefuseDistraction.test.js
[22m[39m[Camera] Controls enabled: undefined, Pos: 0.0,0.0,0.0

[90mstdout[2m | src/tests/RefuseDistraction.test.js
[22m[39m[Camera] Controls enabled: undefined, Pos: 0.0,0.0,0.0

[90mstdout[2m | src/tests/RefuseDistraction.test.js
[22m[39m[Camera] Controls enabled: undefined, Pos: 0.0,0.0,0.0

[90mstdout[2m | src/tests/RefuseDistraction.test.js
[22m[39m[Camera] Controls enabled: undefined, Pos: 0.0,0.0,0.0

[90mstdout[2m | src/tests/RefuseDistraction.test.js
[22m[39m[Camera] Controls enabled: undefined, Pos: 0.0,0.0,0.0

[90mstdout[2m | src/tests/RefuseDistraction.test.js
[22m[39m[Camera] Controls enabled: undefined, Pos: 0.0,0.0,0.0

[90mstdout[2m | src/tests/RefuseDistraction.test.js
[22m[39m[Camera] Controls enabled: undefined, Pos: 0.0,0.0,0.0

[90mstdout[2m | src/tests/RefuseDistraction.test.js
[22m[39m[Camera] Controls enabled: undefined, Pos: 0.0,0.0,0.0

[90mstdout[2m | src/tests/RefuseDistraction.test.js
[22m[39m[Camera] Controls enabled: undefined, Pos: 0.0,0.0,0.0

[90mstdout[2m | src/tests/RefuseDistraction.test.js
[22m[39m[Camera] Controls enabled: undefined, Pos: 0.0,0.0,0.0

[90mstdout[2m | src/tests/RefuseDistraction.test.js
[22m[39m[Camera] Controls enabled: undefined, Pos: 0.0,0.0,0.0

[90mstdout[2m | src/tests/RefuseDistraction.test.js
[22m[39m[Camera] Controls enabled: undefined, Pos: 0.0,0.0,0.0

[90mstdout[2m | src/tests/RefuseDistraction.test.js
[22m[39m[Camera] Controls enabled: undefined, Pos: 0.0,0.0,0.0

[90mstdout[2m | src/tests/RefuseDistraction.test.js
[22m[39m[Camera] Controls enabled: undefined, Pos: 0.0,0.0,0.0

[90mstdout[2m | src/tests/RefuseDistraction.test.js
[22m[39m[Camera] Controls enabled: undefined, Pos: 0.0,0.0,0.0

[90mstdout[2m | src/tests/RefuseDistraction.test.js
[22m[39m[Camera] Controls enabled: undefined, Pos: 0.0,0.0,0.0

[90mstdout[2m | src/tests/RefuseDistraction.test.js
[22m[39m[Camera] Controls enabled: undefined, Pos: 0.0,0.0,0.0

[90mstdout[2m | src/tests/RefuseDistraction.test.js
[22m[39m[Camera] Controls enabled: undefined, Pos: 0.0,0.0,0.0

[90mstdout[2m | src/tests/RefuseDistraction.test.js
[22m[39m[Camera] Controls enabled: undefined, Pos: 0.0,0.0,0.0

[90mstdout[2m | src/tests/RefuseDistraction.test.js
[22m[39m[Camera] Controls enabled: undefined, Pos: 0.0,0.0,0.0

[90mstdout[2m | src/tests/RefuseDistraction.test.js
[22m[39m[Camera] Controls enabled: undefined, Pos: 0.0,0.0,0.0

[90mstdout[2m | src/tests/RefuseDistraction.test.js
[22m[39m[Camera] Controls enabled: undefined, Pos: 0.0,0.0,0.0

[90mstdout[2m | src/tests/RefuseDistraction.test.js
[22m[39m[Camera] Controls enabled: undefined, Pos: 0.0,0.0,0.0

[90mstdout[2m | src/tests/RefuseDistraction.test.js
[22m[39m[Camera] Controls enabled: undefined, Pos: 0.0,0.0,0.0

[90mstdout[2m | src/tests/RefuseDistraction.test.js
[22m[39m[Camera] Controls enabled: undefined, Pos: 0.0,0.0,0.0

[90mstdout[2m | src/tests/RefuseDistraction.test.js
[22m[39m[Camera] Controls enabled: undefined, Pos: 0.0,0.0,0.0

[90mstdout[2m | src/tests/RefuseDistraction.test.js
[22m[39m[Camera] Controls enabled: undefined, Pos: 0.0,0.0,0.0

[90mstdout[2m | src/tests/RefuseDistraction.test.js
[22m[39m[Camera] Controls enabled: undefined, Pos: 0.0,0.0,0.0

[90mstdout[2m | src/tests/RefuseDistraction.test.js
[22m[39m[Camera] Controls enabled: undefined, Pos: 0.0,0.0,0.0

[90mstdout[2m | src/tests/RefuseDistraction.test.js
[22m[39m[Camera] Controls enabled: undefined, Pos: 0.0,0.0,0.0

 [32m笨・[39m src/tests/RefuseDistraction.test.js[2m > [22mRefuse Distraction[2m > [22mshould NOT Switch to a better Auto-Job if Manual Job is active[33m 1036[2mms[22m[39m
[90mstdout[2m | src/tests/RefuseDistraction.test.js
[22m[39m[Camera] Controls enabled: undefined, Pos: 0.0,0.0,0.0

[90mstdout[2m | src/tests/RefuseDistraction.test.js
[22m[39m[Camera] Controls enabled: undefined, Pos: 0.0,0.0,0.0

[90mstdout[2m | src/tests/RefuseDistraction.test.js
[22m[39m[Camera] Controls enabled: undefined, Pos: 0.0,0.0,0.0

[90mstdout[2m | src/tests/RefuseDistraction.test.js
[22m[39m[Camera] Controls enabled: undefined, Pos: 0.0,0.0,0.0

[90mstdout[2m | src/tests/RefuseDistraction.test.js
[22m[39m[Camera] Controls enabled: undefined, Pos: 0.0,0.0,0.0

[90mstdout[2m | src/tests/RefuseDistraction.test.js
[22m[39m[Camera] Controls enabled: undefined, Pos: 0.0,0.0,0.0

[90mstdout[2m | src/tests/RefuseDistraction.test.js
[22m[39m[Camera] Controls enabled: undefined, Pos: 0.0,0.0,0.0

[90mstdout[2m | src/tests/RefuseDistraction.test.js
[22m[39m[Camera] Controls enabled: undefined, Pos: 0.0,0.0,0.0

[90mstdout[2m | src/tests/RefuseDistraction.test.js
[22m[39m[Camera] Controls enabled: undefined, Pos: 0.0,0.0,0.0

[90mstdout[2m | src/tests/RefuseDistraction.test.js
[22m[39m[Camera] Controls enabled: undefined, Pos: 0.0,0.0,0.0

[90mstdout[2m | src/tests/RefuseDistraction.test.js
[22m[39m[Camera] Controls enabled: undefined, Pos: 0.0,0.0,0.0

[90mstdout[2m | src/tests/RefuseDistraction.test.js
[22m[39m[Camera] Controls enabled: undefined, Pos: 0.0,0.0,0.0

[90mstdout[2m | src/tests/RefuseDistraction.test.js
[22m[39m[Camera] Controls enabled: undefined, Pos: 0.0,0.0,0.0

[90mstdout[2m | src/tests/RefuseDistraction.test.js
[22m[39m[Camera] Controls enabled: undefined, Pos: 0.0,0.0,0.0

[90mstdout[2m | src/tests/RefuseDistraction.test.js
[22m[39m[Camera] Controls enabled: undefined, Pos: 0.0,0.0,0.0

[90mstdout[2m | src/tests/RefuseDistraction.test.js
[22m[39m[Camera] Controls enabled: undefined, Pos: 0.0,0.0,0.0

[90mstdout[2m | src/tests/RefuseDistraction.test.js
[22m[39m[Camera] Controls enabled: undefined, Pos: 0.0,0.0,0.0

[90mstdout[2m | src/tests/RefuseDistraction.test.js
[22m[39m[Camera] Controls enabled: undefined, Pos: 0.0,0.0,0.0

[90mstdout[2m | src/tests/RefuseDistraction.test.js
[22m[39m[Camera] Controls enabled: undefined, Pos: 0.0,0.0,0.0

[90mstdout[2m | src/tests/RefuseDistraction.test.js
[22m[39m[Camera] Controls enabled: undefined, Pos: 0.0,0.0,0.0

[90mstdout[2m | src/tests/RefuseDistraction.test.js
[22m[39m[Camera] Controls enabled: undefined, Pos: 0.0,0.0,0.0

[90mstdout[2m | src/tests/RefuseDistraction.test.js
[22m[39m[Camera] Controls enabled: undefined, Pos: 0.0,0.0,0.0

[90mstdout[2m | src/tests/RefuseDistraction.test.js
[22m[39m[Camera] Controls enabled: undefined, Pos: 0.0,0.0,0.0

[90mstdout[2m | src/tests/RefuseDistraction.test.js
[22m[39m[Camera] Controls enabled: undefined, Pos: 0.0,0.0,0.0

[90mstdout[2m | src/tests/RefuseDistraction.test.js
[22m[39m[Camera] Controls enabled: undefined, Pos: 0.0,0.0,0.0

[90mstdout[2m | src/tests/RefuseDistraction.test.js
[22m[39m[Camera] Controls enabled: undefined, Pos: 0.0,0.0,0.0

[90mstdout[2m | src/tests/RefuseDistraction.test.js
[22m[39m[Camera] Controls enabled: undefined, Pos: 0.0,0.0,0.0

[90mstdout[2m | src/tests/RefuseDistraction.test.js
[22m[39m[Camera] Controls enabled: undefined, Pos: 0.0,0.0,0.0

[90mstdout[2m | src/tests/RefuseDistraction.test.js
[22m[39m[Camera] Controls enabled: undefined, Pos: 0.0,0.0,0.0

[90mstdout[2m | src/tests/RefuseDistraction.test.js
[22m[39m[Camera] Controls enabled: undefined, Pos: 0.0,0.0,0.0

[90mstdout[2m | src/tests/RefuseDistraction.test.js
[22m[39m[Camera] Controls enabled: undefined, Pos: 0.0,0.0,0.0

[90mstdout[2m | src/tests/RefuseDistraction.test.js
[22m[39m[Camera] Controls enabled: undefined, Pos: 0.0,0.0,0.0

[90mstdout[2m | src/tests/RefuseDistraction.test.js
[22m[39m[Camera] Controls enabled: undefined, Pos: 0.0,0.0,0.0

[90mstdout[2m | src/tests/RefuseDistraction.test.js
[22m[39m[Camera] Controls enabled: undefined, Pos: 0.0,0.0,0.0

[90mstdout[2m | src/tests/RefuseDistraction.test.js
[22m[39m[Camera] Controls enabled: undefined, Pos: 0.0,0.0,0.0

[90mstdout[2m | src/tests/RefuseDistraction.test.js
[22m[39m[Camera] Controls enabled: undefined, Pos: 0.0,0.0,0.0

[90mstdout[2m | src/tests/RefuseDistraction.test.js
[22m[39m[Camera] Controls enabled: undefined, Pos: 0.0,0.0,0.0

[90mstdout[2m | src/tests/RefuseDistraction.test.js
[22m[39m[Camera] Controls enabled: undefined, Pos: 0.0,0.0,0.0

[90mstdout[2m | src/tests/RefuseDistraction.test.js
[22m[39m[Camera] Controls enabled: undefined, Pos: 0.0,0.0,0.0

[90mstdout[2m | src/tests/RefuseDistraction.test.js
[22m[39m[Camera] Controls enabled: undefined, Pos: 0.0,0.0,0.0

[90mstdout[2m | src/tests/RefuseDistraction.test.js
[22m[39m[Camera] Controls enabled: undefined, Pos: 0.0,0.0,0.0

[90mstdout[2m | src/tests/RefuseDistraction.test.js
[22m[39m[Camera] Controls enabled: undefined, Pos: 0.0,0.0,0.0

[90mstdout[2m | src/tests/RefuseDistraction.test.js
[22m[39m[Camera] Controls enabled: undefined, Pos: 0.0,0.0,0.0

[90mstdout[2m | src/tests/RefuseDistraction.test.js
[22m[39m[Camera] Controls enabled: undefined, Pos: 0.0,0.0,0.0

[90mstdout[2m | src/tests/RefuseDistraction.test.js
[22m[39m[Camera] Controls enabled: undefined, Pos: 0.0,0.0,0.0

[90mstdout[2m | src/tests/RefuseDistraction.test.js
[22m[39m[Camera] Controls enabled: undefined, Pos: 0.0,0.0,0.0

[90mstdout[2m | src/tests/RefuseDistraction.test.js
[22m[39m[Camera] Controls enabled: undefined, Pos: 0.0,0.0,0.0

[90mstdout[2m | src/tests/RefuseDistraction.test.js
[22m[39m[Camera] Controls enabled: undefined, Pos: 0.0,0.0,0.0

[90mstdout[2m | src/tests/RefuseDistraction.test.js
[22m[39m[Camera] Controls enabled: undefined, Pos: 0.0,0.0,0.0

[90mstdout[2m | src/tests/RefuseDistraction.test.js
[22m[39m[Camera] Controls enabled: undefined, Pos: 0.0,0.0,0.0

[90mstdout[2m | src/tests/RefuseDistraction.test.js
[22m[39m[Camera] Controls enabled: undefined, Pos: 0.0,0.0,0.0

[90mstdout[2m | src/tests/RefuseDistraction.test.js
[22m[39m[Camera] Controls enabled: undefined, Pos: 0.0,0.0,0.0

[90mstdout[2m | src/tests/RefuseDistraction.test.js
[22m[39m[Camera] Controls enabled: undefined, Pos: 0.0,0.0,0.0

[90mstdout[2m | src/tests/RefuseDistraction.test.js
[22m[39m[Camera] Controls enabled: undefined, Pos: 0.0,0.0,0.0

[90mstdout[2m | src/tests/RefuseDistraction.test.js
[22m[39m[Camera] Controls enabled: undefined, Pos: 0.0,0.0,0.0

[90mstdout[2m | src/tests/RefuseDistraction.test.js
[22m[39m[Camera] Controls enabled: undefined, Pos: 0.0,0.0,0.0

[90mstdout[2m | src/tests/RefuseDistraction.test.js
[22m[39m[Camera] Controls enabled: undefined, Pos: 0.0,0.0,0.0

[90mstdout[2m | src/tests/RefuseDistraction.test.js
[22m[39m[Camera] Controls enabled: undefined, Pos: 0.0,0.0,0.0

[90mstdout[2m | src/tests/RefuseDistraction.test.js
[22m[39m[Camera] Controls enabled: undefined, Pos: 0.0,0.0,0.0

[90mstdout[2m | src/tests/RefuseDistraction.test.js
[22m[39m[Camera] Controls enabled: undefined, Pos: 0.0,0.0,0.0

[90mstdout[2m | src/tests/RefuseDistraction.test.js
[22m[39m[Camera] Controls enabled: undefined, Pos: 0.0,0.0,0.0

[90mstdout[2m | src/tests/RefuseDistraction.test.js
[22m[39m[Camera] Controls enabled: undefined, Pos: 0.0,0.0,0.0

[90mstdout[2m | src/tests/RefuseDistraction.test.js
[22m[39m[Camera] Controls enabled: undefined, Pos: 0.0,0.0,0.0

[90mstdout[2m | src/tests/RefuseDistraction.test.js
[22m[39m[Camera] Controls enabled: undefined, Pos: 0.0,0.0,0.0

[90mstdout[2m | src/tests/RefuseDistraction.test.js
[22m[39m[Camera] Controls enabled: undefined, Pos: 0.0,0.0,0.0

[90mstdout[2m | src/tests/RefuseDistraction.test.js
[22m[39m[Camera] Controls enabled: undefined, Pos: 0.0,0.0,0.0

[90mstdout[2m | src/tests/RefuseDistraction.test.js
[22m[39m[Camera] Controls enabled: undefined, Pos: 0.0,0.0,0.0

[90mstdout[2m | src/tests/RefuseDistraction.test.js
[22m[39m[Camera] Controls enabled: undefined, Pos: 0.0,0.0,0.0

[90mstdout[2m | src/tests/RefuseDistraction.test.js
[22m[39m[Camera] Controls enabled: undefined, Pos: 0.0,0.0,0.0

[90mstdout[2m | src/tests/RefuseDistraction.test.js
[22m[39m[Camera] Controls enabled: undefined, Pos: 0.0,0.0,0.0

[90mstdout[2m | src/tests/RefuseDistraction.test.js
[22m[39m[Camera] Controls enabled: undefined, Pos: 0.0,0.0,0.0

[90mstdout[2m | src/tests/RefuseDistraction.test.js
[22m[39m[Camera] Controls enabled: undefined, Pos: 0.0,0.0,0.0

[90mstdout[2m | src/tests/RefuseDistraction.test.js
[22m[39m[Camera] Controls enabled: undefined, Pos: 0.0,0.0,0.0

[90mstdout[2m | src/tests/RefuseDistraction.test.js
[22m[39m[Camera] Controls enabled: undefined, Pos: 0.0,0.0,0.0

[90mstdout[2m | src/tests/RefuseDistraction.test.js
[22m[39m[Camera] Controls enabled: undefined, Pos: 0.0,0.0,0.0

[90mstdout[2m | src/tests/RefuseDistraction.test.js
[22m[39m[Camera] Controls enabled: undefined, Pos: 0.0,0.0,0.0

[90mstdout[2m | src/tests/RefuseDistraction.test.js
[22m[39m[Camera] Controls enabled: undefined, Pos: 0.0,0.0,0.0

[90mstdout[2m | src/tests/RefuseDistraction.test.js
[22m[39m[Camera] Controls enabled: undefined, Pos: 0.0,0.0,0.0

[90mstdout[2m | src/tests/RefuseDistraction.test.js
[22m[39m[Camera] Controls enabled: undefined, Pos: 0.0,0.0,0.0

[90mstdout[2m | src/tests/RefuseDistraction.test.js
[22m[39m[Camera] Controls enabled: undefined, Pos: 0.0,0.0,0.0

[90mstdout[2m | src/tests/RefuseDistraction.test.js
[22m[39m[Camera] Controls enabled: undefined, Pos: 0.0,0.0,0.0

[90mstdout[2m | src/tests/RefuseDistraction.test.js
[22m[39m[Camera] Controls enabled: undefined, Pos: 0.0,0.0,0.0

[90mstdout[2m | src/tests/RefuseDistraction.test.js
[22m[39m[Camera] Controls enabled: undefined, Pos: 0.0,0.0,0.0

[90mstdout[2m | src/tests/RefuseDistraction.test.js
[22m[39m[Camera] Controls enabled: undefined, Pos: 0.0,0.0,0.0

[90mstdout[2m | src/tests/RefuseDistraction.test.js
[22m[39m[Camera] Controls enabled: undefined, Pos: 0.0,0.0,0.0

[90mstdout[2m | src/tests/RefuseDistraction.test.js
[22m[39m[Camera] Controls enabled: undefined, Pos: 0.0,0.0,0.0

[90mstdout[2m | src/tests/RefuseDistraction.test.js
[22m[39m[Camera] Controls enabled: undefined, Pos: 0.0,0.0,0.0

[90mstdout[2m | src/tests/RefuseDistraction.test.js
[22m[39m[Camera] Controls enabled: undefined, Pos: 0.0,0.0,0.0

[90mstdout[2m | src/tests/RefuseDistraction.test.js
[22m[39m[Camera] Controls enabled: undefined, Pos: 0.0,0.0,0.0

[90mstdout[2m | src/tests/RefuseDistraction.test.js
[22m[39m[Camera] Controls enabled: undefined, Pos: 0.0,0.0,0.0

[90mstdout[2m | src/tests/RefuseDistraction.test.js
[22m[39m[Camera] Controls enabled: undefined, Pos: 0.0,0.0,0.0

[90mstdout[2m | src/tests/RefuseDistraction.test.js
[22m[39m[Camera] Controls enabled: undefined, Pos: 0.0,0.0,0.0

[90mstdout[2m | src/tests/RefuseDistraction.test.js
[22m[39m[Camera] Controls enabled: undefined, Pos: 0.0,0.0,0.0

[90mstdout[2m | src/tests/RefuseDistraction.test.js
[22m[39m[Camera] Controls enabled: undefined, Pos: 0.0,0.0,0.0

[90mstdout[2m | src/tests/RefuseDistraction.test.js
[22m[39m[Camera] Controls enabled: undefined, Pos: 0.0,0.0,0.0

[90mstdout[2m | src/tests/RefuseDistraction.test.js
[22m[39m[Camera] Controls enabled: undefined, Pos: 0.0,0.0,0.0

[90mstdout[2m | src/tests/RefuseDistraction.test.js
[22m[39m[Camera] Controls enabled: undefined, Pos: 0.0,0.0,0.0

[90mstdout[2m | src/tests/RefuseDistraction.test.js
[22m[39m[Camera] Controls enabled: undefined, Pos: 0.0,0.0,0.0

[90mstdout[2m | src/tests/RefuseDistraction.test.js
[22m[39m[Camera] Controls enabled: undefined, Pos: 0.0,0.0,0.0

[90mstdout[2m | src/tests/RefuseDistraction.test.js
[22m[39m[Camera] Controls enabled: undefined, Pos: 0.0,0.0,0.0

[90mstdout[2m | src/tests/RefuseDistraction.test.js
[22m[39m[Camera] Controls enabled: undefined, Pos: 0.0,0.0,0.0

[90mstdout[2m | src/tests/RefuseDistraction.test.js
[22m[39m[Camera] Controls enabled: undefined, Pos: 0.0,0.0,0.0

[90mstdout[2m | src/tests/RefuseDistraction.test.js
[22m[39m[Camera] Controls enabled: undefined, Pos: 0.0,0.0,0.0

[90mstdout[2m | src/tests/RefuseDistraction.test.js
[22m[39m[Camera] Controls enabled: undefined, Pos: 0.0,0.0,0.0

[90mstdout[2m | src/tests/RefuseDistraction.test.js
[22m[39m[Camera] Controls enabled: undefined, Pos: 0.0,0.0,0.0

[90mstdout[2m | src/tests/RefuseDistraction.test.js
[22m[39m[Camera] Controls enabled: undefined, Pos: 0.0,0.0,0.0

[90mstdout[2m | src/tests/RefuseDistraction.test.js
[22m[39m[Camera] Controls enabled: undefined, Pos: 0.0,0.0,0.0

[90mstdout[2m | src/tests/RefuseDistraction.test.js
[22m[39m[Camera] Controls enabled: undefined, Pos: 0.0,0.0,0.0

[90mstdout[2m | src/tests/RefuseDistraction.test.js
[22m[39m[Camera] Controls enabled: undefined, Pos: 0.0,0.0,0.0

[90mstdout[2m | src/tests/RefuseDistraction.test.js
[22m[39m[Camera] Controls enabled: undefined, Pos: 0.0,0.0,0.0

[90mstdout[2m | src/tests/RefuseDistraction.test.js
[22m[39m[Camera] Controls enabled: undefined, Pos: 0.0,0.0,0.0

[90mstdout[2m | src/tests/RefuseDistraction.test.js
[22m[39m[Camera] Controls enabled: undefined, Pos: 0.0,0.0,0.0

[90mstdout[2m | src/tests/RefuseDistraction.test.js
[22m[39m[Camera] Controls enabled: undefined, Pos: 0.0,0.0,0.0

[90mstdout[2m | src/tests/RefuseDistraction.test.js
[22m[39m[Camera] Controls enabled: undefined, Pos: 0.0,0.0,0.0

[90mstdout[2m | src/tests/RefuseDistraction.test.js
[22m[39m[Camera] Controls enabled: undefined, Pos: 0.0,0.0,0.0

[90mstdout[2m | src/tests/RefuseDistraction.test.js
[22m[39m[Camera] Controls enabled: undefined, Pos: 0.0,0.0,0.0

[90mstdout[2m | src/tests/RefuseDistraction.test.js
[22m[39m[Camera] Controls enabled: undefined, Pos: 0.0,0.0,0.0

[90mstdout[2m | src/tests/RefuseDistraction.test.js
[22m[39m[Camera] Controls enabled: undefined, Pos: 0.0,0.0,0.0

[90mstdout[2m | src/tests/RefuseDistraction.test.js
[22m[39m[Camera] Controls enabled: undefined, Pos: 0.0,0.0,0.0

[90mstdout[2m | src/tests/RefuseDistraction.test.js
[22m[39m[Camera] Controls enabled: undefined, Pos: 0.0,0.0,0.0

[90mstdout[2m | src/tests/RefuseDistraction.test.js
[22m[39m[Camera] Controls enabled: undefined, Pos: 0.0,0.0,0.0

[90mstdout[2m | src/tests/RefuseDistraction.test.js
[22m[39m[Camera] Controls enabled: undefined, Pos: 0.0,0.0,0.0

[90mstdout[2m | src/tests/RefuseDistraction.test.js
[22m[39m[Camera] Controls enabled: undefined, Pos: 0.0,0.0,0.0

[90mstdout[2m | src/tests/RefuseDistraction.test.js
[22m[39m[Camera] Controls enabled: undefined, Pos: 0.0,0.0,0.0

[90mstdout[2m | src/tests/RefuseDistraction.test.js
[22m[39m[Camera] Controls enabled: undefined, Pos: 0.0,0.0,0.0

[90mstdout[2m | src/tests/RefuseDistraction.test.js
[22m[39m[Camera] Controls enabled: undefined, Pos: 0.0,0.0,0.0

[90mstdout[2m | src/tests/RefuseDistraction.test.js
[22m[39m[Camera] Controls enabled: undefined, Pos: 0.0,0.0,0.0

[90mstdout[2m | src/tests/RefuseDistraction.test.js
[22m[39m[Camera] Controls enabled: undefined, Pos: 0.0,0.0,0.0

[90mstdout[2m | src/tests/RefuseDistraction.test.js
[22m[39m[Camera] Controls enabled: undefined, Pos: 0.0,0.0,0.0

[90mstdout[2m | src/tests/RefuseDistraction.test.js
[22m[39m[Camera] Controls enabled: undefined, Pos: 0.0,0.0,0.0

[90mstdout[2m | src/tests/RefuseDistraction.test.js
[22m[39m[Camera] Controls enabled: undefined, Pos: 0.0,0.0,0.0

[90mstdout[2m | src/tests/RefuseDistraction.test.js
[22m[39m[Camera] Controls enabled: undefined, Pos: 0.0,0.0,0.0

[90mstdout[2m | src/tests/RefuseDistraction.test.js
[22m[39m[Camera] Controls enabled: undefined, Pos: 0.0,0.0,0.0

[90mstdout[2m | src/tests/RefuseDistraction.test.js
[22m[39m[Camera] Controls enabled: undefined, Pos: 0.0,0.0,0.0

[90mstdout[2m | src/tests/RefuseDistraction.test.js
[22m[39m[Camera] Controls enabled: undefined, Pos: 0.0,0.0,0.0

[90mstdout[2m | src/tests/RefuseDistraction.test.js
[22m[39m[Camera] Controls enabled: undefined, Pos: 0.0,0.0,0.0

[90mstdout[2m | src/tests/RefuseDistraction.test.js
[22m[39m[Camera] Controls enabled: undefined, Pos: 0.0,0.0,0.0

[90mstdout[2m | src/tests/RefuseDistraction.test.js
[22m[39m[Camera] Controls enabled: undefined, Pos: 0.0,0.0,0.0

[90mstdout[2m | src/tests/RefuseDistraction.test.js
[22m[39m[Camera] Controls enabled: undefined, Pos: 0.0,0.0,0.0

[90mstdout[2m | src/tests/RefuseDistraction.test.js
[22m[39m[Camera] Controls enabled: undefined, Pos: 0.0,0.0,0.0

[90mstdout[2m | src/tests/RefuseDistraction.test.js
[22m[39m[Camera] Controls enabled: undefined, Pos: 0.0,0.0,0.0

[90mstdout[2m | src/tests/RefuseDistraction.test.js
[22m[39m[Camera] Controls enabled: undefined, Pos: 0.0,0.0,0.0

[90mstdout[2m | src/tests/RefuseDistraction.test.js
[22m[39m[Camera] Controls enabled: undefined, Pos: 0.0,0.0,0.0

[90mstdout[2m | src/tests/RefuseDistraction.test.js
[22m[39m[Camera] Controls enabled: undefined, Pos: 0.0,0.0,0.0

[90mstdout[2m | src/tests/RefuseDistraction.test.js
[22m[39m[Camera] Controls enabled: undefined, Pos: 0.0,0.0,0.0

[90mstdout[2m | src/tests/RefuseDistraction.test.js
[22m[39m[Camera] Controls enabled: undefined, Pos: 0.0,0.0,0.0

[90mstdout[2m | src/tests/RefuseDistraction.test.js
[22m[39m[Camera] Controls enabled: undefined, Pos: 0.0,0.0,0.0

[90mstdout[2m | src/tests/RefuseDistraction.test.js
[22m[39m[Camera] Controls enabled: undefined, Pos: 0.0,0.0,0.0

[90mstdout[2m | src/tests/RefuseDistraction.test.js
[22m[39m[Camera] Controls enabled: undefined, Pos: 0.0,0.0,0.0

[90mstdout[2m | src/tests/RefuseDistraction.test.js
[22m[39m[Camera] Controls enabled: undefined, Pos: 0.0,0.0,0.0

[90mstdout[2m | src/tests/RefuseDistraction.test.js
[22m[39m[Camera] Controls enabled: undefined, Pos: 0.0,0.0,0.0

[90mstdout[2m | src/tests/RefuseDistraction.test.js
[22m[39m[Camera] Controls enabled: undefined, Pos: 0.0,0.0,0.0

[90mstdout[2m | src/tests/RefuseDistraction.test.js
[22m[39m[Camera] Controls enabled: undefined, Pos: 0.0,0.0,0.0

[90mstdout[2m | src/tests/RefuseDistraction.test.js
[22m[39m[Camera] Controls enabled: undefined, Pos: 0.0,0.0,0.0

[90mstdout[2m | src/tests/RefuseDistraction.test.js
[22m[39m[Camera] Controls enabled: undefined, Pos: 0.0,0.0,0.0

[90mstdout[2m | src/tests/RefuseDistraction.test.js
[22m[39m[Camera] Controls enabled: undefined, Pos: 0.0,0.0,0.0

[90mstdout[2m | src/tests/RefuseDistraction.test.js
[22m[39m[Camera] Controls enabled: undefined, Pos: 0.0,0.0,0.0

[90mstdout[2m | src/tests/RefuseDistraction.test.js
[22m[39m[Camera] Controls enabled: undefined, Pos: 0.0,0.0,0.0

[90mstdout[2m | src/tests/RefuseDistraction.test.js
[22m[39m[Camera] Controls enabled: undefined, Pos: 0.0,0.0,0.0

[90mstdout[2m | src/tests/RefuseDistraction.test.js
[22m[39m[Camera] Controls enabled: undefined, Pos: 0.0,0.0,0.0

[90mstdout[2m | src/tests/RefuseDistraction.test.js
[22m[39m[Camera] Controls enabled: undefined, Pos: 0.0,0.0,0.0

[90mstdout[2m | src/tests/RefuseDistraction.test.js
[22m[39m[Camera] Controls enabled: undefined, Pos: 0.0,0.0,0.0

[90mstdout[2m | src/tests/RefuseDistraction.test.js
[22m[39m[Camera] Controls enabled: undefined, Pos: 0.0,0.0,0.0

[90mstdout[2m | src/tests/RefuseDistraction.test.js
[22m[39m[Camera] Controls enabled: undefined, Pos: 0.0,0.0,0.0

[90mstdout[2m | src/tests/RefuseDistraction.test.js
[22m[39m[Camera] Controls enabled: undefined, Pos: 0.0,0.0,0.0

[90mstdout[2m | src/tests/RefuseDistraction.test.js
[22m[39m[Camera] Controls enabled: undefined, Pos: 0.0,0.0,0.0

[90mstdout[2m | src/tests/RefuseDistraction.test.js
[22m[39m[Camera] Controls enabled: undefined, Pos: 0.0,0.0,0.0

[90mstdout[2m | src/tests/RefuseDistraction.test.js
[22m[39m[Camera] Controls enabled: undefined, Pos: 0.0,0.0,0.0

[90mstdout[2m | src/tests/RefuseDistraction.test.js
[22m[39m[Camera] Controls enabled: undefined, Pos: 0.0,0.0,0.0

[90mstdout[2m | src/tests/RefuseDistraction.test.js
[22m[39m[Camera] Controls enabled: undefined, Pos: 0.0,0.0,0.0

[90mstdout[2m | src/tests/RefuseDistraction.test.js
[22m[39m[Camera] Controls enabled: undefined, Pos: 0.0,0.0,0.0

[90mstdout[2m | src/tests/RefuseDistraction.test.js
[22m[39m[Camera] Controls enabled: undefined, Pos: 0.0,0.0,0.0

[90mstdout[2m | src/tests/RefuseDistraction.test.js
[22m[39m[Camera] Controls enabled: undefined, Pos: 0.0,0.0,0.0

[90mstdout[2m | src/tests/RefuseDistraction.test.js
[22m[39m[Camera] Controls enabled: undefined, Pos: 0.0,0.0,0.0

[90mstdout[2m | src/tests/RefuseDistraction.test.js
[22m[39m[Camera] Controls enabled: undefined, Pos: 0.0,0.0,0.0

[90mstdout[2m | src/tests/RefuseDistraction.test.js
[22m[39m[Camera] Controls enabled: undefined, Pos: 0.0,0.0,0.0

[90mstdout[2m | src/tests/RefuseDistraction.test.js
[22m[39m[Camera] Controls enabled: undefined, Pos: 0.0,0.0,0.0

[90mstdout[2m | src/tests/RefuseDistraction.test.js
[22m[39m[Camera] Controls enabled: undefined, Pos: 0.0,0.0,0.0

[90mstdout[2m | src/tests/RefuseDistraction.test.js
[22m[39m[Camera] Controls enabled: undefined, Pos: 0.0,0.0,0.0

[90mstdout[2m | src/tests/RefuseDistraction.test.js
[22m[39m[Camera] Controls enabled: undefined, Pos: 0.0,0.0,0.0

[90mstdout[2m | src/tests/RefuseDistraction.test.js
[22m[39m[Camera] Controls enabled: undefined, Pos: 0.0,0.0,0.0

[90mstdout[2m | src/tests/RefuseDistraction.test.js
[22m[39m[Camera] Controls enabled: undefined, Pos: 0.0,0.0,0.0

[90mstdout[2m | src/tests/RefuseDistraction.test.js
[22m[39m[Camera] Controls enabled: undefined, Pos: 0.0,0.0,0.0

[90mstdout[2m | src/tests/RefuseDistraction.test.js
[22m[39m[Camera] Controls enabled: undefined, Pos: 0.0,0.0,0.0

[90mstdout[2m | src/tests/RefuseDistraction.test.js
[22m[39m[Camera] Controls enabled: undefined, Pos: 0.0,0.0,0.0

[90mstdout[2m | src/tests/RefuseDistraction.test.js
[22m[39m[Camera] Controls enabled: undefined, Pos: 0.0,0.0,0.0

[90mstdout[2m | src/tests/RefuseDistraction.test.js
[22m[39m[Camera] Controls enabled: undefined, Pos: 0.0,0.0,0.0

[90mstdout[2m | src/tests/RefuseDistraction.test.js
[22m[39m[Camera] Controls enabled: undefined, Pos: 0.0,0.0,0.0

[90mstdout[2m | src/tests/RefuseDistraction.test.js
[22m[39m[Camera] Controls enabled: undefined, Pos: 0.0,0.0,0.0

[90mstdout[2m | src/tests/RefuseDistraction.test.js
[22m[39m[Camera] Controls enabled: undefined, Pos: 0.0,0.0,0.0

[90mstdout[2m | src/tests/RefuseDistraction.test.js
[22m[39m[Camera] Controls enabled: undefined, Pos: 0.0,0.0,0.0

[90mstdout[2m | src/tests/RefuseDistraction.test.js
[22m[39m[Camera] Controls enabled: undefined, Pos: 0.0,0.0,0.0

[90mstdout[2m | src/tests/RefuseDistraction.test.js
[22m[39m[Camera] Controls enabled: undefined, Pos: 0.0,0.0,0.0

[90mstdout[2m | src/tests/RefuseDistraction.test.js
[22m[39m[Camera] Controls enabled: undefined, Pos: 0.0,0.0,0.0

[90mstdout[2m | src/tests/RefuseDistraction.test.js
[22m[39m[Camera] Controls enabled: undefined, Pos: 0.0,0.0,0.0

[90mstdout[2m | src/tests/RefuseDistraction.test.js
[22m[39m[Camera] Controls enabled: undefined, Pos: 0.0,0.0,0.0

[90mstdout[2m | src/tests/RefuseDistraction.test.js
[22m[39m[Camera] Controls enabled: undefined, Pos: 0.0,0.0,0.0

[90mstdout[2m | src/tests/RefuseDistraction.test.js
[22m[39m[Camera] Controls enabled: undefined, Pos: 0.0,0.0,0.0

[90mstdout[2m | src/tests/RefuseDistraction.test.js
[22m[39m[Camera] Controls enabled: undefined, Pos: 0.0,0.0,0.0

[90mstdout[2m | src/tests/RefuseDistraction.test.js
[22m[39m[Camera] Controls enabled: undefined, Pos: 0.0,0.0,0.0

[90mstdout[2m | src/tests/RefuseDistraction.test.js
[22m[39m[Camera] Controls enabled: undefined, Pos: 0.0,0.0,0.0

[90mstdout[2m | src/tests/RefuseDistraction.test.js
[22m[39m[Camera] Controls enabled: undefined, Pos: 0.0,0.0,0.0

[90mstdout[2m | src/tests/RefuseDistraction.test.js
[22m[39m[Camera] Controls enabled: undefined, Pos: 0.0,0.0,0.0

[90mstdout[2m | src/tests/RefuseDistraction.test.js
[22m[39m[Camera] Controls enabled: undefined, Pos: 0.0,0.0,0.0

[90mstdout[2m | src/tests/RefuseDistraction.test.js
[22m[39m[Camera] Controls enabled: undefined, Pos: 0.0,0.0,0.0

[90mstdout[2m | src/tests/RefuseDistraction.test.js
[22m[39m[Camera] Controls enabled: undefined, Pos: 0.0,0.0,0.0

[90mstdout[2m | src/tests/RefuseDistraction.test.js
[22m[39m[Camera] Controls enabled: undefined, Pos: 0.0,0.0,0.0

[90mstdout[2m | src/tests/RefuseDistraction.test.js
[22m[39m[Camera] Controls enabled: undefined, Pos: 0.0,0.0,0.0

[90mstdout[2m | src/tests/RefuseDistraction.test.js
[22m[39m[Camera] Controls enabled: undefined, Pos: 0.0,0.0,0.0

[90mstdout[2m | src/tests/RefuseDistraction.test.js
[22m[39m[Camera] Controls enabled: undefined, Pos: 0.0,0.0,0.0

[90mstdout[2m | src/tests/RefuseDistraction.test.js
[22m[39m[Camera] Controls enabled: undefined, Pos: 0.0,0.0,0.0

[90mstdout[2m | src/tests/RefuseDistraction.test.js
[22m[39m[Camera] Controls enabled: undefined, Pos: 0.0,0.0,0.0

[90mstdout[2m | src/tests/RefuseDistraction.test.js
[22m[39m[Camera] Controls enabled: undefined, Pos: 0.0,0.0,0.0

[90mstdout[2m | src/tests/RefuseDistraction.test.js
[22m[39m[Camera] Controls enabled: undefined, Pos: 0.0,0.0,0.0

[90mstdout[2m | src/tests/RefuseDistraction.test.js
[22m[39m[Camera] Controls enabled: undefined, Pos: 0.0,0.0,0.0

[90mstdout[2m | src/tests/RefuseDistraction.test.js
[22m[39m[Camera] Controls enabled: undefined, Pos: 0.0,0.0,0.0

[90mstdout[2m | src/tests/RefuseDistraction.test.js
[22m[39m[Camera] Controls enabled: undefined, Pos: 0.0,0.0,0.0

[90mstdout[2m | src/tests/RefuseDistraction.test.js
[22m[39m[Camera] Controls enabled: undefined, Pos: 0.0,0.0,0.0

[90mstdout[2m | src/tests/RefuseDistraction.test.js
[22m[39m[Camera] Controls enabled: undefined, Pos: 0.0,0.0,0.0

[90mstdout[2m | src/tests/RefuseDistraction.test.js
[22m[39m[Camera] Controls enabled: undefined, Pos: 0.0,0.0,0.0

[90mstdout[2m | src/tests/RefuseDistraction.test.js
[22m[39m[Camera] Controls enabled: undefined, Pos: 0.0,0.0,0.0

[90mstdout[2m | src/tests/RefuseDistraction.test.js
[22m[39m[Camera] Controls enabled: undefined, Pos: 0.0,0.0,0.0

[90mstdout[2m | src/tests/RefuseDistraction.test.js
[22m[39m[Camera] Controls enabled: undefined, Pos: 0.0,0.0,0.0

[90mstdout[2m | src/tests/RefuseDistraction.test.js
[22m[39m[Camera] Controls enabled: undefined, Pos: 0.0,0.0,0.0

[90mstdout[2m | src/tests/RefuseDistraction.test.js
[22m[39m[Camera] Controls enabled: undefined, Pos: 0.0,0.0,0.0

[90mstdout[2m | src/tests/RefuseDistraction.test.js
[22m[39m[Camera] Controls enabled: undefined, Pos: 0.0,0.0,0.0

[90mstdout[2m | src/tests/RefuseDistraction.test.js
[22m[39m[Camera] Controls enabled: undefined, Pos: 0.0,0.0,0.0

[90mstdout[2m | src/tests/RefuseDistraction.test.js
[22m[39m[Camera] Controls enabled: undefined, Pos: 0.0,0.0,0.0

[90mstdout[2m | src/tests/RefuseDistraction.test.js
[22m[39m[Camera] Controls enabled: undefined, Pos: 0.0,0.0,0.0

[90mstdout[2m | src/tests/RefuseDistraction.test.js
[22m[39m[Camera] Controls enabled: undefined, Pos: 0.0,0.0,0.0

[90mstdout[2m | src/tests/RefuseDistraction.test.js
[22m[39m[Camera] Controls enabled: undefined, Pos: 0.0,0.0,0.0

[90mstdout[2m | src/tests/RefuseDistraction.test.js
[22m[39m[Camera] Controls enabled: undefined, Pos: 0.0,0.0,0.0

[90mstdout[2m | src/tests/RefuseDistraction.test.js
[22m[39m[Camera] Controls enabled: undefined, Pos: 0.0,0.0,0.0

[90mstdout[2m | src/tests/RefuseDistraction.test.js
[22m[39m[Camera] Controls enabled: undefined, Pos: 0.0,0.0,0.0

[90mstdout[2m | src/tests/RefuseDistraction.test.js
[22m[39m[Camera] Controls enabled: undefined, Pos: 0.0,0.0,0.0

[90mstdout[2m | src/tests/RefuseDistraction.test.js
[22m[39m[Camera] Controls enabled: undefined, Pos: 0.0,0.0,0.0

[90mstdout[2m | src/tests/RefuseDistraction.test.js
[22m[39m[Camera] Controls enabled: undefined, Pos: 0.0,0.0,0.0

[90mstdout[2m | src/tests/RefuseDistraction.test.js
[22m[39m[Camera] Controls enabled: undefined, Pos: 0.0,0.0,0.0

[90mstdout[2m | src/tests/RefuseDistraction.test.js
[22m[39m[Camera] Controls enabled: undefined, Pos: 0.0,0.0,0.0

[90mstdout[2m | src/tests/RefuseDistraction.test.js
[22m[39m[Camera] Controls enabled: undefined, Pos: 0.0,0.0,0.0

[90mstdout[2m | src/tests/RefuseDistraction.test.js
[22m[39m[Camera] Controls enabled: undefined, Pos: 0.0,0.0,0.0

[90mstdout[2m | src/tests/RefuseDistraction.test.js
[22m[39m[Camera] Controls enabled: undefined, Pos: 0.0,0.0,0.0

[90mstdout[2m | src/tests/RefuseDistraction.test.js
[22m[39m[Camera] Controls enabled: undefined, Pos: 0.0,0.0,0.0

[90mstdout[2m | src/tests/RefuseDistraction.test.js
[22m[39m[Camera] Controls enabled: undefined, Pos: 0.0,0.0,0.0

[90mstdout[2m | src/tests/RefuseDistraction.test.js
[22m[39m[Camera] Controls enabled: undefined, Pos: 0.0,0.0,0.0

[90mstdout[2m | src/tests/RefuseDistraction.test.js
[22m[39m[Camera] Controls enabled: undefined, Pos: 0.0,0.0,0.0

[90mstdout[2m | src/tests/RefuseDistraction.test.js
[22m[39m[Camera] Controls enabled: undefined, Pos: 0.0,0.0,0.0

[90mstdout[2m | src/tests/RefuseDistraction.test.js
[22m[39m[Camera] Controls enabled: undefined, Pos: 0.0,0.0,0.0

[90mstdout[2m | src/tests/RefuseDistraction.test.js
[22m[39m[Camera] Controls enabled: undefined, Pos: 0.0,0.0,0.0

[90mstdout[2m | src/tests/RefuseDistraction.test.js
[22m[39m[Camera] Controls enabled: undefined, Pos: 0.0,0.0,0.0

[90mstdout[2m | src/tests/RefuseDistraction.test.js
[22m[39m[Camera] Controls enabled: undefined, Pos: 0.0,0.0,0.0

[90mstdout[2m | src/tests/RefuseDistraction.test.js
[22m[39m[Camera] Controls enabled: undefined, Pos: 0.0,0.0,0.0

[90mstdout[2m | src/tests/RefuseDistraction.test.js
[22m[39m[Camera] Controls enabled: undefined, Pos: 0.0,0.0,0.0

[90mstdout[2m | src/tests/RefuseDistraction.test.js
[22m[39m[Camera] Controls enabled: undefined, Pos: 0.0,0.0,0.0

[90mstdout[2m | src/tests/RefuseDistraction.test.js
[22m[39m[Camera] Controls enabled: undefined, Pos: 0.0,0.0,0.0

[90mstdout[2m | src/tests/RefuseDistraction.test.js
[22m[39m[Camera] Controls enabled: undefined, Pos: 0.0,0.0,0.0

[90mstdout[2m | src/tests/RefuseDistraction.test.js
[22m[39m[Camera] Controls enabled: undefined, Pos: 0.0,0.0,0.0

[90mstdout[2m | src/tests/RefuseDistraction.test.js
[22m[39m[Camera] Controls enabled: undefined, Pos: 0.0,0.0,0.0

[90mstdout[2m | src/tests/RefuseDistraction.test.js
[22m[39m[Camera] Controls enabled: undefined, Pos: 0.0,0.0,0.0

[90mstdout[2m | src/tests/RefuseDistraction.test.js
[22m[39m[Camera] Controls enabled: undefined, Pos: 0.0,0.0,0.0

[90mstdout[2m | src/tests/RefuseDistraction.test.js
[22m[39m[Camera] Controls enabled: undefined, Pos: 0.0,0.0,0.0

[90mstdout[2m | src/tests/RefuseDistraction.test.js
[22m[39m[Camera] Controls enabled: undefined, Pos: 0.0,0.0,0.0

[90mstdout[2m | src/tests/RefuseDistraction.test.js
[22m[39m[Camera] Controls enabled: undefined, Pos: 0.0,0.0,0.0

[90mstdout[2m | src/tests/RefuseDistraction.test.js
[22m[39m[Camera] Controls enabled: undefined, Pos: 0.0,0.0,0.0

[90mstdout[2m | src/tests/RefuseDistraction.test.js
[22m[39m[Camera] Controls enabled: undefined, Pos: 0.0,0.0,0.0

[90mstdout[2m | src/tests/RefuseDistraction.test.js
[22m[39m[Camera] Controls enabled: undefined, Pos: 0.0,0.0,0.0

[90mstdout[2m | src/tests/RefuseDistraction.test.js
[22m[39m[Camera] Controls enabled: undefined, Pos: 0.0,0.0,0.0

[90mstdout[2m | src/tests/RefuseDistraction.test.js
[22m[39m[Camera] Controls enabled: undefined, Pos: 0.0,0.0,0.0

[90mstdout[2m | src/tests/RefuseDistraction.test.js
[22m[39m[Camera] Controls enabled: undefined, Pos: 0.0,0.0,0.0

[90mstdout[2m | src/tests/RefuseDistraction.test.js
[22m[39m[Camera] Controls enabled: undefined, Pos: 0.0,0.0,0.0

[90mstdout[2m | src/tests/RefuseDistraction.test.js
[22m[39m[Camera] Controls enabled: undefined, Pos: 0.0,0.0,0.0

[90mstdout[2m | src/tests/RefuseDistraction.test.js
[22m[39m[Camera] Controls enabled: undefined, Pos: 0.0,0.0,0.0

[90mstdout[2m | src/tests/RefuseDistraction.test.js
[22m[39m[Camera] Controls enabled: undefined, Pos: 0.0,0.0,0.0

[90mstdout[2m | src/tests/RefuseDistraction.test.js
[22m[39m[Camera] Controls enabled: undefined, Pos: 0.0,0.0,0.0

[90mstdout[2m | src/tests/RefuseDistraction.test.js
[22m[39m[Camera] Controls enabled: undefined, Pos: 0.0,0.0,0.0

[90mstdout[2m | src/tests/RefuseDistraction.test.js
[22m[39m[Camera] Controls enabled: undefined, Pos: 0.0,0.0,0.0

[90mstdout[2m | src/tests/RefuseDistraction.test.js
[22m[39m[Camera] Controls enabled: undefined, Pos: 0.0,0.0,0.0

[90mstdout[2m | src/tests/RefuseDistraction.test.js
[22m[39m[Camera] Controls enabled: undefined, Pos: 0.0,0.0,0.0

[90mstdout[2m | src/tests/RefuseDistraction.test.js
[22m[39m[Camera] Controls enabled: undefined, Pos: 0.0,0.0,0.0

[90mstdout[2m | src/tests/RefuseDistraction.test.js
[22m[39m[Camera] Controls enabled: undefined, Pos: 0.0,0.0,0.0

[90mstdout[2m | src/tests/RefuseDistraction.test.js
[22m[39m[Camera] Controls enabled: undefined, Pos: 0.0,0.0,0.0

[90mstdout[2m | src/tests/RefuseDistraction.test.js
[22m[39m[Camera] Controls enabled: undefined, Pos: 0.0,0.0,0.0

[90mstdout[2m | src/tests/RefuseDistraction.test.js
[22m[39m[Camera] Controls enabled: undefined, Pos: 0.0,0.0,0.0

[90mstdout[2m | src/tests/RefuseDistraction.test.js
[22m[39m[Camera] Controls enabled: undefined, Pos: 0.0,0.0,0.0

[90mstdout[2m | src/tests/RefuseDistraction.test.js
[22m[39m[Camera] Controls enabled: undefined, Pos: 0.0,0.0,0.0

[90mstdout[2m | src/tests/RefuseDistraction.test.js
[22m[39m[Camera] Controls enabled: undefined, Pos: 0.0,0.0,0.0

[90mstdout[2m | src/tests/RefuseDistraction.test.js
[22m[39m[Camera] Controls enabled: undefined, Pos: 0.0,0.0,0.0

[90mstdout[2m | src/tests/RefuseDistraction.test.js
[22m[39m[Camera] Controls enabled: undefined, Pos: 0.0,0.0,0.0

[90mstdout[2m | src/tests/RefuseDistraction.test.js
[22m[39m[Camera] Controls enabled: undefined, Pos: 0.0,0.0,0.0

[90mstdout[2m | src/tests/RefuseDistraction.test.js
[22m[39m[Camera] Controls enabled: undefined, Pos: 0.0,0.0,0.0

[90mstdout[2m | src/tests/RefuseDistraction.test.js
[22m[39m[Camera] Controls enabled: undefined, Pos: 0.0,0.0,0.0

[90mstdout[2m | src/tests/RefuseDistraction.test.js
[22m[39m[Camera] Controls enabled: undefined, Pos: 0.0,0.0,0.0

[90mstdout[2m | src/tests/RefuseDistraction.test.js
[22m[39m[Camera] Controls enabled: undefined, Pos: 0.0,0.0,0.0

[90mstdout[2m | src/tests/RefuseDistraction.test.js
[22m[39m[Camera] Controls enabled: undefined, Pos: 0.0,0.0,0.0

[90mstdout[2m | src/tests/RefuseDistraction.test.js
[22m[39m[Camera] Controls enabled: undefined, Pos: 0.0,0.0,0.0

[90mstdout[2m | src/tests/RefuseDistraction.test.js
[22m[39m[Camera] Controls enabled: undefined, Pos: 0.0,0.0,0.0

[90mstdout[2m | src/tests/RefuseDistraction.test.js
[22m[39m[Camera] Controls enabled: undefined, Pos: 0.0,0.0,0.0

[90mstdout[2m | src/tests/RefuseDistraction.test.js
[22m[39m[Camera] Controls enabled: undefined, Pos: 0.0,0.0,0.0

[90mstdout[2m | src/tests/RefuseDistraction.test.js
[22m[39m[Camera] Controls enabled: undefined, Pos: 0.0,0.0,0.0

[90mstdout[2m | src/tests/RefuseDistraction.test.js
[22m[39m[Camera] Controls enabled: undefined, Pos: 0.0,0.0,0.0

[90mstdout[2m | src/tests/RefuseDistraction.test.js
[22m[39m[Camera] Controls enabled: undefined, Pos: 0.0,0.0,0.0

[90mstdout[2m | src/tests/RefuseDistraction.test.js
[22m[39m[Camera] Controls enabled: undefined, Pos: 0.0,0.0,0.0

[90mstdout[2m | src/tests/RefuseDistraction.test.js
[22m[39m[Camera] Controls enabled: undefined, Pos: 0.0,0.0,0.0

[90mstdout[2m | src/tests/RefuseDistraction.test.js
[22m[39m[Camera] Controls enabled: undefined, Pos: 0.0,0.0,0.0

[90mstdout[2m | src/tests/RefuseDistraction.test.js
[22m[39m[Camera] Controls enabled: undefined, Pos: 0.0,0.0,0.0

[90mstdout[2m | src/tests/RefuseDistraction.test.js
[22m[39m[Camera] Controls enabled: undefined, Pos: 0.0,0.0,0.0

[90mstdout[2m | src/tests/RefuseDistraction.test.js
[22m[39m[Camera] Controls enabled: undefined, Pos: 0.0,0.0,0.0

[90mstdout[2m | src/tests/RefuseDistraction.test.js
[22m[39m[Camera] Controls enabled: undefined, Pos: 0.0,0.0,0.0

[90mstdout[2m | src/tests/RefuseDistraction.test.js
[22m[39m[Camera] Controls enabled: undefined, Pos: 0.0,0.0,0.0

[90mstdout[2m | src/tests/RefuseDistraction.test.js
[22m[39m[Camera] Controls enabled: undefined, Pos: 0.0,0.0,0.0

[90mstdout[2m | src/tests/RefuseDistraction.test.js
[22m[39m[Camera] Controls enabled: undefined, Pos: 0.0,0.0,0.0

[90mstdout[2m | src/tests/RefuseDistraction.test.js
[22m[39m[Camera] Controls enabled: undefined, Pos: 0.0,0.0,0.0

[90mstdout[2m | src/tests/RefuseDistraction.test.js
[22m[39m[Camera] Controls enabled: undefined, Pos: 0.0,0.0,0.0

[90mstdout[2m | src/tests/RefuseDistraction.test.js
[22m[39m[Camera] Controls enabled: undefined, Pos: 0.0,0.0,0.0

[90mstdout[2m | src/tests/RefuseDistraction.test.js
[22m[39m[Camera] Controls enabled: undefined, Pos: 0.0,0.0,0.0

[90mstdout[2m | src/tests/RefuseDistraction.test.js
[22m[39m[Camera] Controls enabled: undefined, Pos: 0.0,0.0,0.0

[90mstdout[2m | src/tests/RefuseDistraction.test.js
[22m[39m[Camera] Controls enabled: undefined, Pos: 0.0,0.0,0.0

[90mstdout[2m | src/tests/RefuseDistraction.test.js
[22m[39m[Camera] Controls enabled: undefined, Pos: 0.0,0.0,0.0

[90mstdout[2m | src/tests/RefuseDistraction.test.js
[22m[39m[Camera] Controls enabled: undefined, Pos: 0.0,0.0,0.0

[90mstdout[2m | src/tests/RefuseDistraction.test.js
[22m[39m[Camera] Controls enabled: undefined, Pos: 0.0,0.0,0.0

[90mstdout[2m | src/tests/RefuseDistraction.test.js
[22m[39m[Camera] Controls enabled: undefined, Pos: 0.0,0.0,0.0

[90mstdout[2m | src/tests/RefuseDistraction.test.js
[22m[39m[Camera] Controls enabled: undefined, Pos: 0.0,0.0,0.0

[90mstdout[2m | src/tests/RefuseDistraction.test.js
[22m[39m[Camera] Controls enabled: undefined, Pos: 0.0,0.0,0.0

[90mstdout[2m | src/tests/RefuseDistraction.test.js
[22m[39m[Camera] Controls enabled: undefined, Pos: 0.0,0.0,0.0

[90mstdout[2m | src/tests/RefuseDistraction.test.js
[22m[39m[Camera] Controls enabled: undefined, Pos: 0.0,0.0,0.0

[90mstdout[2m | src/tests/RefuseDistraction.test.js
[22m[39m[Camera] Controls enabled: undefined, Pos: 0.0,0.0,0.0

[90mstdout[2m | src/tests/RefuseDistraction.test.js
[22m[39m[Camera] Controls enabled: undefined, Pos: 0.0,0.0,0.0

[90mstdout[2m | src/tests/RefuseDistraction.test.js
[22m[39m[Camera] Controls enabled: undefined, Pos: 0.0,0.0,0.0

[90mstdout[2m | src/tests/RefuseDistraction.test.js
[22m[39m[Camera] Controls enabled: undefined, Pos: 0.0,0.0,0.0

[90mstdout[2m | src/tests/RefuseDistraction.test.js
[22m[39m[Camera] Controls enabled: undefined, Pos: 0.0,0.0,0.0

[90mstdout[2m | src/tests/RefuseDistraction.test.js
[22m[39m[Camera] Controls enabled: undefined, Pos: 0.0,0.0,0.0

[90mstdout[2m | src/tests/RefuseDistraction.test.js
[22m[39m[Camera] Controls enabled: undefined, Pos: 0.0,0.0,0.0

[90mstdout[2m | src/tests/RefuseDistraction.test.js
[22m[39m[Camera] Controls enabled: undefined, Pos: 0.0,0.0,0.0

[90mstdout[2m | src/tests/RefuseDistraction.test.js
[22m[39m[Camera] Controls enabled: undefined, Pos: 0.0,0.0,0.0

[90mstdout[2m | src/tests/RefuseDistraction.test.js
[22m[39m[Camera] Controls enabled: undefined, Pos: 0.0,0.0,0.0

[90mstdout[2m | src/tests/RefuseDistraction.test.js
[22m[39m[Camera] Controls enabled: undefined, Pos: 0.0,0.0,0.0

[90mstdout[2m | src/tests/RefuseDistraction.test.js
[22m[39m[Camera] Controls enabled: undefined, Pos: 0.0,0.0,0.0

[90mstdout[2m | src/tests/RefuseDistraction.test.js
[22m[39m[Camera] Controls enabled: undefined, Pos: 0.0,0.0,0.0

[90mstdout[2m | src/tests/RefuseDistraction.test.js
[22m[39m[Camera] Controls enabled: undefined, Pos: 0.0,0.0,0.0

[90mstdout[2m | src/tests/RefuseDistraction.test.js
[22m[39m[Camera] Controls enabled: undefined, Pos: 0.0,0.0,0.0

[90mstdout[2m | src/tests/RefuseDistraction.test.js
[22m[39m[Camera] Controls enabled: undefined, Pos: 0.0,0.0,0.0

[90mstdout[2m | src/tests/RefuseDistraction.test.js
[22m[39m[Camera] Controls enabled: undefined, Pos: 0.0,0.0,0.0

[90mstdout[2m | src/tests/RefuseDistraction.test.js
[22m[39m[Camera] Controls enabled: undefined, Pos: 0.0,0.0,0.0

[90mstdout[2m | src/tests/RefuseDistraction.test.js
[22m[39m[Camera] Controls enabled: undefined, Pos: 0.0,0.0,0.0

[90mstdout[2m | src/tests/RefuseDistraction.test.js
[22m[39m[Camera] Controls enabled: undefined, Pos: 0.0,0.0,0.0

[90mstdout[2m | src/tests/RefuseDistraction.test.js
[22m[39m[Camera] Controls enabled: undefined, Pos: 0.0,0.0,0.0

[90mstdout[2m | src/tests/RefuseDistraction.test.js
[22m[39m[Camera] Controls enabled: undefined, Pos: 0.0,0.0,0.0

[90mstdout[2m | src/tests/RefuseDistraction.test.js
[22m[39m[Camera] Controls enabled: undefined, Pos: 0.0,0.0,0.0

[90mstdout[2m | src/tests/RefuseDistraction.test.js
[22m[39m[Camera] Controls enabled: undefined, Pos: 0.0,0.0,0.0

[90mstdout[2m | src/tests/RefuseDistraction.test.js
[22m[39m[Camera] Controls enabled: undefined, Pos: 0.0,0.0,0.0

[90mstdout[2m | src/tests/RefuseDistraction.test.js
[22m[39m[Camera] Controls enabled: undefined, Pos: 0.0,0.0,0.0

[90mstdout[2m | src/tests/RefuseDistraction.test.js
[22m[39m[Camera] Controls enabled: undefined, Pos: 0.0,0.0,0.0

[90mstdout[2m | src/tests/RefuseDistraction.test.js
[22m[39m[Camera] Controls enabled: undefined, Pos: 0.0,0.0,0.0

[90mstdout[2m | src/tests/RefuseDistraction.test.js
[22m[39m[Camera] Controls enabled: undefined, Pos: 0.0,0.0,0.0

[90mstdout[2m | src/tests/RefuseDistraction.test.js
[22m[39m[Camera] Controls enabled: undefined, Pos: 0.0,0.0,0.0

[90mstdout[2m | src/tests/RefuseDistraction.test.js
[22m[39m[Camera] Controls enabled: undefined, Pos: 0.0,0.0,0.0

[90mstdout[2m | src/tests/RefuseDistraction.test.js
[22m[39m[Camera] Controls enabled: undefined, Pos: 0.0,0.0,0.0

[90mstdout[2m | src/tests/RefuseDistraction.test.js
[22m[39m[Camera] Controls enabled: undefined, Pos: 0.0,0.0,0.0

[90mstdout[2m | src/tests/RefuseDistraction.test.js
[22m[39m[Camera] Controls enabled: undefined, Pos: 0.0,0.0,0.0

[90mstdout[2m | src/tests/RefuseDistraction.test.js
[22m[39m[Camera] Controls enabled: undefined, Pos: 0.0,0.0,0.0

[90mstdout[2m | src/tests/RefuseDistraction.test.js
[22m[39m[Camera] Controls enabled: undefined, Pos: 0.0,0.0,0.0

[90mstdout[2m | src/tests/RefuseDistraction.test.js
[22m[39m[Camera] Controls enabled: undefined, Pos: 0.0,0.0,0.0

[90mstdout[2m | src/tests/RefuseDistraction.test.js
[22m[39m[Camera] Controls enabled: undefined, Pos: 0.0,0.0,0.0

[90mstdout[2m | src/tests/RefuseDistraction.test.js
[22m[39m[Camera] Controls enabled: undefined, Pos: 0.0,0.0,0.0

[90mstdout[2m | src/tests/RefuseDistraction.test.js
[22m[39m[Camera] Controls enabled: undefined, Pos: 0.0,0.0,0.0

[90mstdout[2m | src/tests/RefuseDistraction.test.js
[22m[39m[Camera] Controls enabled: undefined, Pos: 0.0,0.0,0.0

[90mstdout[2m | src/tests/RefuseDistraction.test.js
[22m[39m[Camera] Controls enabled: undefined, Pos: 0.0,0.0,0.0

[90mstdout[2m | src/tests/RefuseDistraction.test.js
[22m[39m[Camera] Controls enabled: undefined, Pos: 0.0,0.0,0.0

[90mstdout[2m | src/tests/RefuseDistraction.test.js
[22m[39m[Camera] Controls enabled: undefined, Pos: 0.0,0.0,0.0

[90mstdout[2m | src/tests/RefuseDistraction.test.js
[22m[39m[Camera] Controls enabled: undefined, Pos: 0.0,0.0,0.0

[90mstdout[2m | src/tests/RefuseDistraction.test.js
[22m[39m[Camera] Controls enabled: undefined, Pos: 0.0,0.0,0.0

[90mstdout[2m | src/tests/RefuseDistraction.test.js
[22m[39m[Camera] Controls enabled: undefined, Pos: 0.0,0.0,0.0

[90mstdout[2m | src/tests/RefuseDistraction.test.js
[22m[39m[Camera] Controls enabled: undefined, Pos: 0.0,0.0,0.0

[90mstdout[2m | src/tests/RefuseDistraction.test.js
[22m[39m[Camera] Controls enabled: undefined, Pos: 0.0,0.0,0.0

[90mstdout[2m | src/tests/RefuseDistraction.test.js
[22m[39m[Camera] Controls enabled: undefined, Pos: 0.0,0.0,0.0

[90mstdout[2m | src/tests/RefuseDistraction.test.js
[22m[39m[Camera] Controls enabled: undefined, Pos: 0.0,0.0,0.0

[90mstdout[2m | src/tests/RefuseDistraction.test.js
[22m[39m[Camera] Controls enabled: undefined, Pos: 0.0,0.0,0.0

[90mstdout[2m | src/tests/RefuseDistraction.test.js
[22m[39m[Camera] Controls enabled: undefined, Pos: 0.0,0.0,0.0

[90mstdout[2m | src/tests/RefuseDistraction.test.js
[22m[39m[Camera] Controls enabled: undefined, Pos: 0.0,0.0,0.0

[90mstdout[2m | src/tests/RefuseDistraction.test.js
[22m[39m[Camera] Controls enabled: undefined, Pos: 0.0,0.0,0.0

[90mstdout[2m | src/tests/RefuseDistraction.test.js
[22m[39m[Camera] Controls enabled: undefined, Pos: 0.0,0.0,0.0

[90mstdout[2m | src/tests/RefuseDistraction.test.js
[22m[39m[Camera] Controls enabled: undefined, Pos: 0.0,0.0,0.0

[90mstdout[2m | src/tests/RefuseDistraction.test.js
[22m[39m[Camera] Controls enabled: undefined, Pos: 0.0,0.0,0.0

[90mstdout[2m | src/tests/RefuseDistraction.test.js
[22m[39m[Camera] Controls enabled: undefined, Pos: 0.0,0.0,0.0

[90mstdout[2m | src/tests/RefuseDistraction.test.js
[22m[39m[Camera] Controls enabled: undefined, Pos: 0.0,0.0,0.0

[90mstdout[2m | src/tests/RefuseDistraction.test.js
[22m[39m[Camera] Controls enabled: undefined, Pos: 0.0,0.0,0.0

[90mstdout[2m | src/tests/RefuseDistraction.test.js
[22m[39m[Camera] Controls enabled: undefined, Pos: 0.0,0.0,0.0

[90mstdout[2m | src/tests/RefuseDistraction.test.js
[22m[39m[Camera] Controls enabled: undefined, Pos: 0.0,0.0,0.0

[90mstdout[2m | src/tests/RefuseDistraction.test.js
[22m[39m[Camera] Controls enabled: undefined, Pos: 0.0,0.0,0.0

[90mstdout[2m | src/tests/RefuseDistraction.test.js
[22m[39m[Camera] Controls enabled: undefined, Pos: 0.0,0.0,0.0

[90mstdout[2m | src/tests/RefuseDistraction.test.js
[22m[39m[Camera] Controls enabled: undefined, Pos: 0.0,0.0,0.0

[90mstdout[2m | src/tests/RefuseDistraction.test.js
[22m[39m[Camera] Controls enabled: undefined, Pos: 0.0,0.0,0.0

[90mstdout[2m | src/tests/RefuseDistraction.test.js
[22m[39m[Camera] Controls enabled: undefined, Pos: 0.0,0.0,0.0

[90mstdout[2m | src/tests/RefuseDistraction.test.js
[22m[39m[Camera] Controls enabled: undefined, Pos: 0.0,0.0,0.0

[90mstdout[2m | src/tests/RefuseDistraction.test.js
[22m[39m[Camera] Controls enabled: undefined, Pos: 0.0,0.0,0.0

[90mstdout[2m | src/tests/RefuseDistraction.test.js
[22m[39m[Camera] Controls enabled: undefined, Pos: 0.0,0.0,0.0

[90mstdout[2m | src/tests/RefuseDistraction.test.js
[22m[39m[Camera] Controls enabled: undefined, Pos: 0.0,0.0,0.0

[90mstdout[2m | src/tests/RefuseDistraction.test.js
[22m[39m[Camera] Controls enabled: undefined, Pos: 0.0,0.0,0.0

[90mstdout[2m | src/tests/RefuseDistraction.test.js
[22m[39m[Camera] Controls enabled: undefined, Pos: 0.0,0.0,0.0

[90mstdout[2m | src/tests/RefuseDistraction.test.js
[22m[39m[Camera] Controls enabled: undefined, Pos: 0.0,0.0,0.0

[90mstdout[2m | src/tests/RefuseDistraction.test.js
[22m[39m[Camera] Controls enabled: undefined, Pos: 0.0,0.0,0.0

[90mstdout[2m | src/tests/RefuseDistraction.test.js
[22m[39m[Camera] Controls enabled: undefined, Pos: 0.0,0.0,0.0

[90mstdout[2m | src/tests/RefuseDistraction.test.js
[22m[39m[Camera] Controls enabled: undefined, Pos: 0.0,0.0,0.0

[90mstdout[2m | src/tests/RefuseDistraction.test.js
[22m[39m[Camera] Controls enabled: undefined, Pos: 0.0,0.0,0.0

[90mstdout[2m | src/tests/RefuseDistraction.test.js
[22m[39m[Camera] Controls enabled: undefined, Pos: 0.0,0.0,0.0

[90mstdout[2m | src/tests/RefuseDistraction.test.js
[22m[39m[Camera] Controls enabled: undefined, Pos: 0.0,0.0,0.0

[90mstdout[2m | src/tests/RefuseDistraction.test.js
[22m[39m[Camera] Controls enabled: undefined, Pos: 0.0,0.0,0.0

[90mstdout[2m | src/tests/RefuseDistraction.test.js
[22m[39m[Camera] Controls enabled: undefined, Pos: 0.0,0.0,0.0

[90mstdout[2m | src/tests/RefuseDistraction.test.js
[22m[39m[Camera] Controls enabled: undefined, Pos: 0.0,0.0,0.0

[90mstdout[2m | src/tests/RefuseDistraction.test.js
[22m[39m[Camera] Controls enabled: undefined, Pos: 0.0,0.0,0.0

[90mstdout[2m | src/tests/RefuseDistraction.test.js
[22m[39m[Camera] Controls enabled: undefined, Pos: 0.0,0.0,0.0

[90mstdout[2m | src/tests/RefuseDistraction.test.js
[22m[39m[Camera] Controls enabled: undefined, Pos: 0.0,0.0,0.0

[90mstdout[2m | src/tests/RefuseDistraction.test.js
[22m[39m[Camera] Controls enabled: undefined, Pos: 0.0,0.0,0.0

[90mstdout[2m | src/tests/RefuseDistraction.test.js
[22m[39m[Camera] Controls enabled: undefined, Pos: 0.0,0.0,0.0

[90mstdout[2m | src/tests/RefuseDistraction.test.js
[22m[39m[Camera] Controls enabled: undefined, Pos: 0.0,0.0,0.0

[90mstdout[2m | src/tests/RefuseDistraction.test.js
[22m[39m[Camera] Controls enabled: undefined, Pos: 0.0,0.0,0.0

[90mstdout[2m | src/tests/RefuseDistraction.test.js
[22m[39m[Camera] Controls enabled: undefined, Pos: 0.0,0.0,0.0

[90mstdout[2m | src/tests/RefuseDistraction.test.js
[22m[39m[Camera] Controls enabled: undefined, Pos: 0.0,0.0,0.0

[90mstdout[2m | src/tests/RefuseDistraction.test.js
[22m[39m[Camera] Controls enabled: undefined, Pos: 0.0,0.0,0.0

[90mstdout[2m | src/tests/RefuseDistraction.test.js
[22m[39m[Camera] Controls enabled: undefined, Pos: 0.0,0.0,0.0

[90mstdout[2m | src/tests/RefuseDistraction.test.js
[22m[39m[Camera] Controls enabled: undefined, Pos: 0.0,0.0,0.0

[90mstdout[2m | src/tests/RefuseDistraction.test.js
[22m[39m[Camera] Controls enabled: undefined, Pos: 0.0,0.0,0.0

[90mstdout[2m | src/tests/RefuseDistraction.test.js
[22m[39m[Camera] Controls enabled: undefined, Pos: 0.0,0.0,0.0

[90mstdout[2m | src/tests/RefuseDistraction.test.js
[22m[39m[Camera] Controls enabled: undefined, Pos: 0.0,0.0,0.0

[90mstdout[2m | src/tests/RefuseDistraction.test.js
[22m[39m[Camera] Controls enabled: undefined, Pos: 0.0,0.0,0.0

[90mstdout[2m | src/tests/RefuseDistraction.test.js
[22m[39m[Camera] Controls enabled: undefined, Pos: 0.0,0.0,0.0

[90mstdout[2m | src/tests/RefuseDistraction.test.js
[22m[39m[Camera] Controls enabled: undefined, Pos: 0.0,0.0,0.0

[90mstdout[2m | src/tests/RefuseDistraction.test.js
[22m[39m[Camera] Controls enabled: undefined, Pos: 0.0,0.0,0.0

[90mstdout[2m | src/tests/RefuseDistraction.test.js
[22m[39m[Camera] Controls enabled: undefined, Pos: 0.0,0.0,0.0

[90mstdout[2m | src/tests/RefuseDistraction.test.js
[22m[39m[Camera] Controls enabled: undefined, Pos: 0.0,0.0,0.0

[90mstdout[2m | src/tests/RefuseDistraction.test.js
[22m[39m[Camera] Controls enabled: undefined, Pos: 0.0,0.0,0.0

[90mstdout[2m | src/tests/RefuseDistraction.test.js
[22m[39m[Camera] Controls enabled: undefined, Pos: 0.0,0.0,0.0

[90mstdout[2m | src/tests/RefuseDistraction.test.js
