
[1m[46m RUN [49m[22m [36mv4.0.15 [39m[90mC:/Users/mooya/develop/test[39m

[90mstdout[2m | src/tests/Animals.test.js
[22m[39m[DEBUG] Actor.ts loaded

[90mstdout[2m | src/tests/BuildingDestruction.test.js
[22m[39m[DEBUG] Building.ts loaded

[90mstdout[2m | src/tests/BuildingDestruction.test.js
[22m[39m[DEBUG] Terrain.ts top-level load

[90mstdout[2m | src/tests/GoblinMobilization.test.js
[22m[39m[DEBUG] Building.ts loaded

[90mstdout[2m | src/tests/GoblinMobilization.test.js
[22m[39m[DEBUG] Terrain.ts top-level load

[90mstdout[2m | src/tests/StuckDebug.test.js
[22m[39m[DEBUG] Actor.ts loaded

[90mstdout[2m | src/tests/PathfindingTimeout.test.js
[22m[39m[DEBUG] Building.ts loaded

[90mstdout[2m | src/tests/PathfindingTimeout.test.js
[22m[39m[DEBUG] Terrain.ts top-level load

[90mstdout[2m | src/tests/GameLighting.test.js
[22m[39m[DEBUG] Building.ts loaded

[90mstdout[2m | src/tests/GameLighting.test.js
[22m[39m[DEBUG] Terrain.ts top-level load

[90mstdout[2m | src/tests/Terrain.test.js
[22m[39m[DEBUG] Building.ts loaded

[90mstdout[2m | src/tests/Terrain.test.js
[22m[39m[DEBUG] Terrain.ts top-level load

[90mstdout[2m | src/tests/JobIdempotency.test.js
[22m[39m[DEBUG] Building.ts loaded

[90mstdout[2m | src/tests/JobIdempotency.test.js
[22m[39m[DEBUG] Terrain.ts top-level load

[90mstdout[2m | src/tests/GhostHouse.test.js
[22m[39m[DEBUG] Building.ts loaded

[90mstdout[2m | src/tests/GhostHouse.test.js
[22m[39m[DEBUG] Terrain.ts top-level load

[90mstdout[2m | src/tests/SaveLoad.test.js
[22m[39m[DEBUG] Building.ts loaded

[90mstdout[2m | src/tests/SaveLoad.test.js
[22m[39m[DEBUG] Terrain.ts top-level load

[90mstdout[2m | src/tests/GameLighting.test.js
[22m[39m[DEBUG] Actor.ts loaded

[90mstdout[2m | src/tests/GoblinSpawnVerification.test.js
[22m[39m[DEBUG] Building.ts loaded

[90mstdout[2m | src/tests/GoblinSpawnVerification.test.js
[22m[39m[DEBUG] Terrain.ts top-level load

[90mstdout[2m | src/tests/GameLoopVerify.test.js
[22m[39m[DEBUG] Actor.ts loaded

[90mstdout[2m | src/tests/WinLossCondition.test.js
[22m[39m[DEBUG] Building.ts loaded

[90mstdout[2m | src/tests/WinLossCondition.test.js
[22m[39m[DEBUG] Terrain.ts top-level load

[90mstdout[2m | src/tests/JobIdempotency.test.js
[22m[39m[DEBUG] Actor.ts loaded

[90mstdout[2m | src/tests/FactionPersistence.test.js
[22m[39m[DEBUG] Building.ts loaded

[90mstdout[2m | src/tests/FactionPersistence.test.js
[22m[39m[DEBUG] Terrain.ts top-level load

[90mstdout[2m | src/tests/BuildingDestruction.test.js
[22m[39m[DEBUG] Actor.ts loaded

[90mstdout[2m | src/tests/GoblinMobilization.test.js
[22m[39m[DEBUG] Actor.ts loaded

[90mstdout[2m | src/tests/SaveLoadIntegration.test.js
[22m[39m[DEBUG] Building.ts loaded

[90mstdout[2m | src/tests/SaveLoadIntegration.test.js
[22m[39m[DEBUG] Terrain.ts top-level load

[90mstdout[2m | src/tests/SaveLoad.test.js
[22m[39m[DEBUG] Actor.ts loaded

[90mstdout[2m | src/tests/GoblinSpawnVerification.test.js
[22m[39m[DEBUG] Actor.ts loaded

[90mstdout[2m | src/tests/StuckDebug.test.js
[22m[39m[DEBUG] Building.ts loaded

[90mstdout[2m | src/tests/StuckDebug.test.js
[22m[39m[DEBUG] Terrain.ts top-level load

[90mstdout[2m | src/tests/SaveLoadIntegration.test.js
[22m[39m[DEBUG] Actor.ts loaded

[90mstdout[2m | src/tests/FactionPersistence.test.js
[22m[39m[DEBUG] Actor.ts loaded

[90mstdout[2m | src/tests/WinLossCondition.test.js
[22m[39m[DEBUG] Actor.ts loaded

[90mstdout[2m | src/tests/GoblinMobilization.test.js
[22m[39m[DEBUG] Goblin.ts loaded

[90mstdout[2m | src/tests/BuildingDestruction.test.js
[22m[39m[DEBUG] Goblin.ts loaded

[90mstdout[2m | src/tests/Animals.test.js
[22m[39m[DEBUG] Building.ts loaded

[90mstdout[2m | src/tests/Animals.test.js
[22m[39m[DEBUG] Terrain.ts top-level load

[90mstdout[2m | src/tests/GoblinMobilization.test.js
[22m[39m[Import Debug] Raid: function, Combat: function, Wander: function

[90mstdout[2m | src/tests/PathfindingTimeout.test.js[2m > [22m[2mTerrain Pathfinding Timeout[2m > [22m[2mshould timeout if worker does not respond within 5000ms
[22m[39m[Terrain] Constructor. updatePopulation type: function

[90mstdout[2m | src/tests/Terrain.test.js[2m > [22m[2mTerrain Logic[2m > [22m[2mPopulation Update[2m > [22m[2mshould correctly sum housing population excluding farms
[22m[39m[Terrain] Constructor. updatePopulation type: function

[90mstdout[2m | src/tests/SaveLoad.test.js
[22m[39m[DEBUG] Goblin.ts loaded

[90mstdout[2m | src/tests/WinLossCondition.test.js
[22m[39m[DEBUG] Goblin.ts loaded

[90mstdout[2m | src/tests/FactionPersistence.test.js
[22m[39m[DEBUG] Goblin.ts loaded

[90mstdout[2m | src/tests/Animals.test.js[2m > [22m[2mAnimal Movement Verification[2m > [22m[2mSheep should move after interval (Manual Time Step)
[22m[39mResetting SheepManager...
[Entity 0] CONSTRUCTOR START: type=sheep at 37,60
[Entity 0] Calling registerEntity...
[Entity 0] registerEntity returned.
[Entity 0] Calling updatePosition...
[Entity 0] updatePosition returned.
[DIAG] Actor Created ID: 0
[DIAG] Actor smartMove type: function
[DIAG] Actor smartMove body snapshot: smartMove(tx, tz, time, depth = 0) {
    if (isNaN(tx) || isNaN(tz)) {
      console.error(`[Actor $
[Actor 0] CHANGE STATE: None -> SheepWander Request:null 
[Entity 1] CONSTRUCTOR START: type=sheep at 68,39
[Entity 1] Calling registerEntity...
[Entity 1] registerEntity returned.
[Entity 1] Calling updatePosition...
[Entity 1] updatePosition returned.
[DIAG] Actor Created ID: 1
[DIAG] Actor smartMove type: function
[DIAG] Actor smartMove body snapshot: smartMove(tx, tz, time, depth = 0) {
    if (isNaN(tx) || isNaN(tz)) {
      console.error(`[Actor $
[Entity 2] CONSTRUCTOR START: type=sheep at 16,56
[Entity 2] Calling registerEntity...
[Entity 2] registerEntity returned.
[Entity 2] Calling updatePosition...
[Entity 2] updatePosition returned.
[DIAG] Actor Created ID: 2
[DIAG] Actor smartMove type: function
[DIAG] Actor smartMove body snapshot: smartMove(tx, tz, time, depth = 0) {
    if (isNaN(tx) || isNaN(tz)) {
      console.error(`[Actor $
[Entity 3] CONSTRUCTOR START: type=sheep at 34,54
[Entity 3] Calling registerEntity...
[Entity 3] registerEntity returned.
[Entity 3] Calling updatePosition...
[Entity 3] updatePosition returned.
[DIAG] Actor Created ID: 3
[DIAG] Actor smartMove type: function
[DIAG] Actor smartMove body snapshot: smartMove(tx, tz, time, depth = 0) {
    if (isNaN(tx) || isNaN(tz)) {
      console.error(`[Actor $
[Entity 4] CONSTRUCTOR START: type=sheep at 44,45
[Entity 4] Calling registerEntity...
[Entity 4] registerEntity returned.
[Entity 4] Calling updatePosition...
[Entity 4] updatePosition returned.
[DIAG] Actor Created ID: 4
[DIAG] Actor smartMove type: function
[DIAG] Actor smartMove body snapshot: smartMove(tx, tz, time, depth = 0) {
    if (isNaN(tx) || isNaN(tz)) {
      console.error(`[Actor $
[Entity 5] CONSTRUCTOR START: type=sheep at 74,17
[Entity 5] Calling registerEntity...
[Entity 5] registerEntity returned.
[Entity 5] Calling updatePosition...
[Entity 5] updatePosition returned.
[DIAG] Actor Created ID: 5
[DIAG] Actor smartMove type: function
[DIAG] Actor smartMove body snapshot: smartMove(tx, tz, time, depth = 0) {
    if (isNaN(tx) || isNaN(tz)) {
      console.error(`[Actor $
[Entity 6] CONSTRUCTOR START: type=sheep at 33,4
[Entity 6] Calling registerEntity...
[Entity 6] registerEntity returned.
[Entity 6] Calling updatePosition...
[Entity 6] updatePosition returned.
[DIAG] Actor Created ID: 6
[DIAG] Actor smartMove type: function
[DIAG] Actor smartMove body snapshot: smartMove(tx, tz, time, depth = 0) {
    if (isNaN(tx) || isNaN(tz)) {
      console.error(`[Actor $
[Entity 7] CONSTRUCTOR START: type=sheep at 32,48
[Entity 7] Calling registerEntity...
[Entity 7] registerEntity returned.
[Entity 7] Calling updatePosition...
[Entity 7] updatePosition returned.
[DIAG] Actor Created ID: 7
[DIAG] Actor smartMove type: function
[DIAG] Actor smartMove body snapshot: smartMove(tx, tz, time, depth = 0) {
    if (isNaN(tx) || isNaN(tz)) {
      console.error(`[Actor $
[Entity 8] CONSTRUCTOR START: type=sheep at 74,32
[Entity 8] Calling registerEntity...
[Entity 8] registerEntity returned.
[Entity 8] Calling updatePosition...
[Entity 8] updatePosition returned.
[DIAG] Actor Created ID: 8
[DIAG] Actor smartMove type: function
[DIAG] Actor smartMove body snapshot: smartMove(tx, tz, time, depth = 0) {
    if (isNaN(tx) || isNaN(tz)) {
      console.error(`[Actor $
[Entity 9] CONSTRUCTOR START: type=sheep at 78,16
[Entity 9] Calling registerEntity...
[Entity 9] registerEntity returned.
[Entity 9] Calling updatePosition...
[Entity 9] updatePosition returned.
[DIAG] Actor Created ID: 9
[DIAG] Actor smartMove type: function
[DIAG] Actor smartMove body snapshot: smartMove(tx, tz, time, depth = 0) {
    if (isNaN(tx) || isNaN(tz)) {
      console.error(`[Actor $
[Entity 0] startMove -> isMoving:true. Target:38,60 StartTime:5.0000

stderr | src/tests/Animals.test.js > Animal Movement Verification > Sheep should move after interval (Manual Time Step)
[TEST DEBUG] manager.sheeps.length: 10
[TEST DEBUG] manager.update implementation: update(time, deltaTime) {
        if (!this.sheeps) return;

        for (let i = this.sheeps.length - 1; i >= 0; i--) {
            const sheep = this.sheeps[i];
            if (!sheep) continue;

            // Logic (AI)
            if (sheep.updateLogic) sheep.updateLogic(time, deltaTime);

            // Movement (Physics/Animation)
            if (sheep.updateMovement) sheep.updateMovement(time);

            if (sheep.isDead) {
                this.removeSheep(sheep);
                this.sheeps.splice(i, 1);
            }
        };

        // Maintain population (Regeneration)
        if (this.sheeps.length < this.sheepCount) {
            const logicalW = this.terrain ? (this.terrain.logicalWidth || 80) : 80;
            const logicalD = this.terrain ? (this.terrain.logicalDepth || 80) : 80;
            if (Math.random() < 0.05) { // 5% chance per frame to try spawning
                this.spawnRandomSheep(logicalW, logicalD);
            }
        }
    }

[90mstdout[2m | src/tests/WinLossCondition.test.js
[22m[39m[Import Debug] Raid: function, Combat: function, Wander: function

[90mstdout[2m | src/tests/FactionPersistence.test.js
[22m[39m[Import Debug] Raid: function, Combat: function, Wander: function

[90mstdout[2m | src/tests/GoblinSpawnVerification.test.js
[22m[39m[DEBUG] Goblin.ts loaded

[90mstdout[2m | src/tests/JobIdempotency.test.js
[22m[39m[DEBUG] Goblin.ts loaded

[90mstdout[2m | src/tests/SaveLoad.test.js
[22m[39m[Import Debug] Raid: function, Combat: function, Wander: function

[90mstdout[2m | src/tests/GameLighting.test.js
[22m[39m[DEBUG] Goblin.ts loaded

[90mstdout[2m | src/tests/GoblinSpawnVerification.test.js
[22m[39m[Import Debug] Raid: function, Combat: function, Wander: function

[90mstdout[2m | src/tests/JobIdempotency.test.js
[22m[39m[Import Debug] Raid: function, Combat: function, Wander: function

[90mstdout[2m | src/tests/GameLighting.test.js
[22m[39m[Import Debug] Raid: function, Combat: function, Wander: function

[90mstdout[2m | src/tests/Animals.test.js[2m > [22m[2mAnimal Movement Verification[2m > [22m[2mFish should move in water
[22m[39mDisposing detached game instance

stderr | src/tests/PathfindingTimeout.test.js > Terrain Pathfinding Timeout > should timeout if worker does not respond within 5000ms
[Terrain] Pathfinding Timeout ID:1 Unit:-1

[90mstdout[2m | src/tests/Terrain.test.js[2m > [22m[2mTerrain Logic[2m > [22m[2mPopulation Update[2m > [22m[2mshould correctly sum housing population excluding farms
[22m[39m[Terrain DIAG FRAME] Frame:1 Stagger:1 Units:0
[Terrain DIAG] Type:house Frame:0/1 GrowthVal:0.04 Multiplier:0.5 Rate:0.02 HasFood:false Pop:80
[Terrain DIAG] Type:house Frame:0/1 GrowthVal:0.04 Multiplier:0.5 Rate:0.02 HasFood:false Pop:80
[Terrain DIAG] Type:farm Frame:0/1 GrowthVal:0.5 Multiplier:0.5 Rate:0.25 HasFood:false Pop:80

[90mstdout[2m | src/tests/Terrain.test.js[2m > [22m[2mTerrain Logic[2m > [22m[2mPopulation Update[2m > [22m[2mshould grow population in a house over time
[22m[39mDisposing detached game instance

[90mstdout[2m | src/tests/GhostHouse.test.js[2m > [22m[2mTerrain Ghost House Test[2m > [22m[2mshould NOT accumulate ghost buildings (cleared during deserialize)
[22m[39m[Terrain] Constructor. updatePopulation type: function

[90mstdout[2m | src/tests/GhostHouse.test.js[2m > [22m[2mTerrain Ghost House Test[2m > [22m[2mshould NOT accumulate ghost buildings (cleared during deserialize)
[22m[39m[Entity 0] CONSTRUCTOR START: type=building at 5,5
[Entity 0] Calling registerEntity...
[Entity 0] registerEntity returned.
[Entity 0] Calling updatePosition...
[Entity 0] updatePosition returned.
[Terrain] deserialize: Start
[Terrain] deserialize: Clearing Buildings...

[90mstdout[2m | src/tests/GhostHouse.test.js[2m > [22m[2mTerrain Ghost House Test[2m > [22m[2mshould NOT accumulate ghost buildings (cleared during deserialize)
[22m[39m[Terrain] deserialize: Clearing Grid...

[90mstdout[2m | src/tests/GhostHouse.test.js[2m > [22m[2mTerrain Ghost House Test[2m > [22m[2mshould NOT accumulate ghost buildings (cleared during deserialize)
[22m[39m[Terrain] deserialize: Restoring Grid Data...
[Terrain] Deserializing Legacy Format...

[90mstdout[2m | src/tests/GhostHouse.test.js[2m > [22m[2mTerrain Ghost House Test[2m > [22m[2mshould NOT accumulate ghost buildings (cleared during deserialize)
[22m[39m[Entity 1] CONSTRUCTOR START: type=building at 5,5
[Entity 1] Calling registerEntity...
[Entity 1] registerEntity returned.
[Entity 1] Calling updatePosition...
[Entity 1] updatePosition returned.

[90mstdout[2m | src/tests/GhostHouse.test.js[2m > [22m[2mTerrain Ghost House Test[2m > [22m[2mshould NOT accumulate ghost buildings (cleared during deserialize)
[22m[39m[Test] Entities at 5,5: 1
 - Ent[0] ID:1

[90mstdout[2m | src/tests/SaveLoadIntegration.test.js
[22m[39m[DEBUG] Goblin.ts loaded

[90mstdout[2m | src/tests/SaveLoadIntegration.test.js
[22m[39m[Import Debug] Raid: function, Combat: function, Wander: function

 [31m笶ｯ[39m src/tests/Animals.test.js [2m([22m[2m2 tests[22m[2m | [22m[31m1 failed[39m[2m)[22m[32m 115[2mms[22m[39m
     [32m笨・[39m Sheep should move after interval (Manual Time Step)[32m 88[2mms[22m[39m
[31m     [31mﾃ・[31m Fish should move in water[39m[32m 24[2mms[22m[39m
 [32m笨・[39m src/tests/GhostHouse.test.js [2m([22m[2m1 test[22m[2m)[22m[32m 262[2mms[22m[39m
[90mstdout[2m | src/tests/StuckDebug.test.js[2m > [22m[2mUnit Stuck Debugging[2m > [22m[2mshould log reason for blockage
[22m[39m[Terrain] Constructor. updatePopulation type: function
[Entity 0] CONSTRUCTOR START: type=unit at undefined,undefined
[Entity 0] Calling registerEntity...
[Entity 0] registerEntity returned.
[Entity 0] Calling updatePosition...
[Entity 0] updatePosition returned.
[DIAG] Actor Created ID: 0
[DIAG] Actor smartMove type: function
[DIAG] Actor smartMove body snapshot: smartMove(tx, tz, time, depth = 0) {
    if (isNaN(tx) || isNaN(tz)) {
      console.error(`[Actor $
[UnitCore.js] Unit Created ID:0 Role:undefined Pos:undefined,undefined Special:false
[Unit 0] State Change: None -> Wander
[UnitCore.js] Unit Created ID:0 Role:worker Pos:20,20
[UnitCore.js] Unit Construction Finished ID:0
--- Testing Slope Block ---
--- Testing Building Pass ---
--- Testing Water Block ---

[90mstdout[2m | src/tests/GameLighting.test.js
[22m[39m[DEBUG] Game.ts top-level load

[90mstdout[2m | src/tests/GoblinSpawnVerification.test.js
[22m[39m[DEBUG] Game.ts top-level load

[90mstdout[2m | src/tests/SaveLoadIntegration.test.js
[22m[39m[DEBUG] Game.ts top-level load

[90mstdout[2m | src/tests/WinLossCondition.test.js
[22m[39m[DEBUG] Game.ts top-level load

[90mstdout[2m | src/tests/GameLoopVerify.test.js
[22m[39m[DEBUG] Game.ts top-level load

[90mstdout[2m | src/tests/SaveLoad.test.js
[22m[39m[DEBUG] Game.ts top-level load

 [32m笨・[39m src/tests/StuckDebug.test.js [2m([22m[2m1 test[22m[2m)[22m[33m 382[2mms[22m[39m
     [33m[2m笨・[22m[39m should log reason for blockage [33m 379[2mms[22m[39m
[90mstdout[2m | src/tests/GameLoopVerify.test.js[2m > [22m[2mGame Loop Verification[2m > [22m[2mshould initialize with correct instance ID
[22m[39m[Game] Init SphereGeometry
[Game] Minimal/Override Init Start
[Game] Minimal: Init Clock
[Game FORCE CONST 1] Creating mock terrain
[Game] Minimal: Init Managers
[Game] Minimal: Init GoblinManager
[Game] Minimal: Init EnemyAI
[Game] Minimal: Done. Returning.

[90mstdout[2m | src/tests/GameLoopVerify.test.js[2m > [22m[2mGame Loop Verification[2m > [22m[2mshould initialize with correct instance ID
[22m[39mTest Instance ID: 1

[90mstdout[2m | src/tests/GameLoopVerify.test.js[2m > [22m[2mGame Loop Verification[2m > [22m[2mshould initialize with correct instance ID
[22m[39m[Game] Dispose called for Game Instance.

[90mstdout[2m | src/tests/GameLighting.test.js[2m > [22m[2mGame Lighting (Day/Night Cycle)[2m > [22m[2mshould have high intensity during noon
[22m[39m[Game] Init SphereGeometry
[Game] Minimal/Override Init Start
[Game] Minimal: Init Clock
[Game FORCE CONST 1] Creating mock terrain
[Game] Minimal: Init Managers
[Game] Minimal: Init GoblinManager
[GoblinManager] 5蛟九・豢樒ｪ溘ｒ逕滓・荳ｭ...
[GoblinManager] DETERMINISM: generateCaves start. rngState=undefined
[GoblinManager] DETERMINISM: Attempt 1: Rnd(0.070978, 0.207777) -> Grid(11, 33) rngState=undefined
[GoblinManager] DETERMINISM: Attempt 2: Rnd(0.944467, 0.397448) -> Grid(151, 63) rngState=undefined
[GoblinManager] DETERMINISM: Attempt 3: Rnd(0.682794, 0.110041) -> Grid(109, 17) rngState=undefined
[GoblinManager] 豢樒ｪ溽函謌仙ｮ御ｺ・ 0/5 (隧ｦ陦悟屓謨ｰ: 5000)
[Game] Minimal: Init EnemyAI
[Game] Minimal: Done. Returning.

[90mstdout[2m | src/tests/GameLighting.test.js[2m > [22m[2mGame Lighting (Day/Night Cycle)[2m > [22m[2mshould have low intensity and blueish color during night
[22m[39mDisposing detached game instance
[Game] Dispose called for Game Instance.

[90mstdout[2m | src/tests/FactionPersistence.test.js
[22m[39m[DEBUG] Game.ts top-level load

[90mstdout[2m | src/tests/GameLoopVerify.test.js[2m > [22m[2mGame Loop Verification[2m > [22m[2mshould increment frameCount when active
[22m[39m[Game] Init SphereGeometry
[Game] Minimal/Override Init Start
[Game] Minimal: Init Clock
[Game FORCE CONST 2] Creating mock terrain
[Game] Minimal: Init Managers
[Game] Minimal: Init GoblinManager
[Game] Minimal: Init EnemyAI
[Game] Minimal: Done. Returning.

[90mstdout[2m | src/tests/BuildingDestruction.test.js[2m > [22m[2mBuilding Destruction Logic[2m > [22m[2mshould successfully remove a building from the list
[22m[39m[Terrain] Constructor. updatePopulation type: function

[90mstdout[2m | src/tests/Terrain.test.js[2m > [22m[2mTerrain Logic[2m > [22m[2mPopulation Update[2m > [22m[2mshould grow population in a house over time
[22m[39m[Terrain] Constructor. updatePopulation type: function

[90mstdout[2m | src/tests/JobIdempotency.test.js
[22m[39m[DEBUG] Game.ts top-level load

[90mstdout[2m | src/tests/Terrain.test.js[2m > [22m[2mTerrain Logic[2m > [22m[2mPopulation Update[2m > [22m[2mshould grow population in a house over time
[22m[39m[Terrain DIAG FRAME] Frame:1 Stagger:1 Units:0
[Terrain DIAG] Type:house Frame:0/1 GrowthVal:0.04 Multiplier:5 Rate:0.2 HasFood:true Pop:2

[90mstdout[2m | src/tests/GameLoopVerify.test.js[2m > [22m[2mGame Loop Verification[2m > [22m[2mshould increment frameCount when active
[22m[39m[Camera] Controls enabled: undefined, Pos: 0.0,0.0,0.0
[Game] Heartbeat: Active = true, Units = 0, Pop = 0, FPS = 62.5 

[90mstdout[2m | src/tests/GameLoopVerify.test.js[2m > [22m[2mGame Loop Verification[2m > [22m[2mshould increment frameCount when active
[22m[39m[Game] Dispose called for Game Instance.

[90mstdout[2m | src/tests/GameLoopVerify.test.js[2m > [22m[2mGame Loop Verification[2m > [22m[2mshould NOT increment frameCount when inactive
[22m[39m[Game] Init SphereGeometry
[Game] Minimal/Override Init Start
[Game] Minimal: Init Clock
[Game FORCE CONST 3] Creating mock terrain
[Game] Minimal: Init Managers
[Game] Minimal: Init GoblinManager
[Game] Minimal: Init EnemyAI
[Game] Minimal: Done. Returning.

[90mstdout[2m | src/tests/GameLoopVerify.test.js[2m > [22m[2mGame Loop Verification[2m > [22m[2mshould NOT increment frameCount when inactive
[22m[39m[Camera] Controls enabled: undefined, Pos: 0.0,0.0,0.0

[90mstdout[2m | src/tests/GameLoopVerify.test.js[2m > [22m[2mGame Loop Verification[2m > [22m[2mshould NOT increment frameCount when inactive
[22m[39m[Game] Dispose called for Game Instance.

[90mstdout[2m | src/tests/GameLoopVerify.test.js[2m > [22m[2mGame Loop Verification[2m > [22m[2mshould call update on managers
[22m[39m[Game] Init SphereGeometry
[Game] Minimal/Override Init Start
[Game] Minimal: Init Clock
[Game FORCE CONST 4] Creating mock terrain
[Game] Minimal: Init Managers
[Game] Minimal: Init GoblinManager
[Game] Minimal: Init EnemyAI
[Game] Minimal: Done. Returning.

[90mstdout[2m | src/tests/GameLoopVerify.test.js[2m > [22m[2mGame Loop Verification[2m > [22m[2mshould call update on managers
[22m[39m[Camera] Controls enabled: undefined, Pos: 0.0,0.0,0.0
[Game] Heartbeat: Active = true, Units = 0, Pop = 0, FPS = 62.5 

[90mstdout[2m | src/tests/GameLoopVerify.test.js[2m > [22m[2mGame Loop Verification[2m > [22m[2mshould call update on managers
[22m[39m[Game] Dispose called for Game Instance.

[90mstdout[2m | src/tests/GameLoopVerify.test.js[2m > [22m[2mGame Loop Verification[2m > [22m[2mshould activate game loop when startNewGame is called
[22m[39m[Game] Init SphereGeometry
[Game] Minimal/Override Init Start
[Game] Minimal: Init Clock
[Game FORCE CONST 5] Creating mock terrain
[Game] Minimal: Init Managers
[Game] Minimal: Init GoblinManager
[Game] Minimal: Init EnemyAI
[Game] Minimal: Done. Returning.

[90mstdout[2m | src/tests/GameLoopVerify.test.js[2m > [22m[2mGame Loop Verification[2m > [22m[2mshould activate game loop when startNewGame is called
[22m[39mDEBUG: startNewGame. CurrentSeed=undefined
[Game] Starting New Campaign from Level 1

[90mstdout[2m | src/tests/GameLoopVerify.test.js[2m > [22m[2mGame Loop Verification[2m > [22m[2mshould activate game loop when startNewGame is called
[22m[39m[Game] Dispose called for Game Instance.

[90mstdout[2m | src/tests/SaveLoadIntegration.test.js[2m > [22m[2mComprehensive Save/Load Integration[2m > [22m[2mshould maintain game continuity across save/load
[22m[39m[Game] Init SphereGeometry
[Game] Minimal/Override Init Start
[Game] Minimal: Init Clock
[Game FORCE CONST 1] Creating mock terrain
[Game] Minimal: Init Managers
[Game] Minimal: Init GoblinManager
[GoblinManager] 5蛟九・豢樒ｪ溘ｒ逕滓・荳ｭ...
[GoblinManager] DETERMINISM: generateCaves start. rngState=undefined
[GoblinManager] DETERMINISM: Attempt 1: Rnd(0.862047, 0.031766) -> Grid(137, 5) rngState=undefined
[GoblinManager] DETERMINISM: Attempt 2: Rnd(0.063136, 0.676022) -> Grid(10, 108) rngState=undefined
[GoblinManager] DETERMINISM: Attempt 3: Rnd(0.622679, 0.792243) -> Grid(99, 126) rngState=undefined
[GoblinManager] 豢樒ｪ溽函謌仙ｮ御ｺ・ 0/5 (隧ｦ陦悟屓謨ｰ: 5000)
[Game] Minimal: Init EnemyAI

[90mstdout[2m | src/tests/BuildingDestruction.test.js[2m > [22m[2mBuilding Destruction Logic[2m > [22m[2mshould successfully remove a building from the list
[22m[39m[Entity 0] CONSTRUCTOR START: type=building at 10,10
[Entity 0] Calling registerEntity...
[Entity 0] registerEntity returned.
[Entity 0] Calling updatePosition...
[Entity 0] updatePosition returned.
[Terrain] Building removed at 10,10 

[90mstdout[2m | src/tests/Terrain.test.js[2m > [22m[2mTerrain Logic[2m > [22m[2mFarm Logic[2m > [22m[2mshould grow crops using simDeltaTime (Not raw deltaTime)
[22m[39mDisposing detached game instance

[90mstdout[2m | src/tests/GameLighting.test.js[2m > [22m[2mGame Lighting (Day/Night Cycle)[2m > [22m[2mshould have low intensity and blueish color during night
[22m[39m[Game] Init SphereGeometry
[Game] Minimal/Override Init Start
[Game] Minimal: Init Clock
[Game FORCE CONST 2] Creating mock terrain
[Game] Minimal: Init Managers
[Game] Minimal: Init GoblinManager
[GoblinManager] 5蛟九・豢樒ｪ溘ｒ逕滓・荳ｭ...
[GoblinManager] DETERMINISM: generateCaves start. rngState=undefined
[GoblinManager] DETERMINISM: Attempt 1: Rnd(0.215972, 0.177216) -> Grid(34, 28) rngState=undefined
[GoblinManager] DETERMINISM: Attempt 2: Rnd(0.694722, 0.658277) -> Grid(111, 105) rngState=undefined
[GoblinManager] DETERMINISM: Attempt 3: Rnd(0.758562, 0.565505) -> Grid(121, 90) rngState=undefined
[GoblinManager] 豢樒ｪ溽函謌仙ｮ御ｺ・ 0/5 (隧ｦ陦悟屓謨ｰ: 5000)
[Game] Minimal: Init EnemyAI
[Game] Minimal: Done. Returning.

 [32m笨・[39m src/tests/GameLoopVerify.test.js [2m([22m[2m5 tests[22m[2m)[22m[32m 84[2mms[22m[39m
[90mstdout[2m | src/tests/GameLighting.test.js[2m > [22m[2mGame Lighting (Day/Night Cycle)[2m > [22m[2mshould have warm light during dusk
[22m[39mDisposing detached game instance
[Game] Dispose called for Game Instance.

[90mstdout[2m | src/tests/GoblinMobilization.test.js[2m > [22m[2mGoblin Mobilization Verification[2m > [22m[2mtriggerWave should mobilize idle goblins
[22m[39m[Terrain] Constructor. updatePopulation type: function
[GoblinManager] 5蛟九・豢樒ｪ溘ｒ逕滓・荳ｭ...
[GoblinManager] DETERMINISM: generateCaves start. rngState=0
[GoblinManager] DETERMINISM: Attempt 1: Rnd(0.326234, 0.217914) -> Grid(26, 17) rngState=0
[GoblinManager] DETERMINISM: Attempt 2: Rnd(0.496089, 0.830730) -> Grid(39, 66) rngState=0
[GoblinManager] DETERMINISM: Attempt 3: Rnd(0.808619, 0.027376) -> Grid(64, 2) rngState=0
[GoblinManager] 豢樒ｪ溽函謌仙ｮ御ｺ・ 0/5 (隧ｦ陦悟屓謨ｰ: 5000)

[90mstdout[2m | src/tests/PathfindingTimeout.test.js[2m > [22m[2mTerrain Pathfinding Timeout[2m > [22m[2mshould resolve if worker responds in time
[22m[39m[Terrain] Constructor. updatePopulation type: function

[90mstdout[2m | src/tests/GoblinMobilization.test.js[2m > [22m[2mGoblin Mobilization Verification[2m > [22m[2mtriggerWave should mobilize idle goblins
[22m[39m[Entity 0] CONSTRUCTOR START: type=goblin at 10,10
[Entity 0] Calling registerEntity...
[Entity 0] registerEntity returned.
[Entity 0] Calling updatePosition...
[Entity 0] updatePosition returned.
[DIAG] Actor Created ID: 0
[DIAG] Actor smartMove type: function
[DIAG] Actor smartMove body snapshot: smartMove(tx, tz, time, depth = 0) {
    if (isNaN(tx) || isNaN(tz)) {
      console.error(`[Actor $
[Actor 0] CHANGE STATE: None -> Wander Request:null 
[Actor 0] CHANGE STATE: Wander -> Wander Request:null 
[Entity 1] CONSTRUCTOR START: type=goblin at 12,12
[Entity 1] Calling registerEntity...
[Entity 1] registerEntity returned.
[Entity 1] Calling updatePosition...
[Entity 1] updatePosition returned.
[DIAG] Actor Created ID: 1
[DIAG] Actor smartMove type: function
[DIAG] Actor smartMove body snapshot: smartMove(tx, tz, time, depth = 0) {
    if (isNaN(tx) || isNaN(tz)) {
      console.error(`[Actor $
[Entity 2] CONSTRUCTOR START: type=goblin at 15,15
[Entity 2] Calling registerEntity...
[Entity 2] registerEntity returned.
[Entity 2] Calling updatePosition...
[Entity 2] updatePosition returned.
[DIAG] Actor Created ID: 2
[DIAG] Actor smartMove type: function
[DIAG] Actor smartMove body snapshot: smartMove(tx, tz, time, depth = 0) {
    if (isNaN(tx) || isNaN(tz)) {
      console.error(`[Actor $
[GoblinManager] TRIGGERING WAVE Level 1 for Clan test_clan!
[Wave] Spawning 1 goblins at cave 10,10 (Lvl 1)
[Actor 0] CHANGE STATE: Wander -> Raid Request:null 
[GoblinManager] Mobilized 2 idle goblins from Clan test_clan to raid target!

 [32m笨・[39m src/tests/PathfindingTimeout.test.js [2m([22m[2m2 tests[22m[2m)[22m[33m 661[2mms[22m[39m
     [33m[2m笨・[22m[39m should resolve if worker responds in time [33m 416[2mms[22m[39m
[90mstdout[2m | src/tests/GoblinMobilization.test.js[2m > [22m[2mGoblin Mobilization Verification[2m > [22m[2mmobilizeClan should rely on getClanRaidTarget fallback
[22m[39mDisposing detached game instance

[90mstdout[2m | src/tests/GameLighting.test.js[2m > [22m[2mGame Lighting (Day/Night Cycle)[2m > [22m[2mshould have warm light during dusk
[22m[39m[Game] Init SphereGeometry
[Game] Minimal/Override Init Start
[Game] Minimal: Init Clock
[Game FORCE CONST 3] Creating mock terrain
[Game] Minimal: Init Managers
[Game] Minimal: Init GoblinManager
[GoblinManager] 5蛟九・豢樒ｪ溘ｒ逕滓・荳ｭ...
[GoblinManager] DETERMINISM: generateCaves start. rngState=undefined
[GoblinManager] DETERMINISM: Attempt 1: Rnd(0.159500, 0.147402) -> Grid(25, 23) rngState=undefined
[GoblinManager] DETERMINISM: Attempt 2: Rnd(0.243764, 0.302668) -> Grid(39, 48) rngState=undefined
[GoblinManager] DETERMINISM: Attempt 3: Rnd(0.999759, 0.977071) -> Grid(159, 156) rngState=undefined
[GoblinManager] 豢樒ｪ溽函謌仙ｮ御ｺ・ 0/5 (隧ｦ陦悟屓謨ｰ: 5000)
[Game] Minimal: Init EnemyAI
[Game] Minimal: Done. Returning.

[90mstdout[2m | src/tests/GameLighting.test.js[2m > [22m[2mGame Lighting (Day/Night Cycle)[2m > [22m[2mshould sync fog color with sky color
[22m[39mDisposing detached game instance
[Game] Dispose called for Game Instance.

[90mstdout[2m | src/tests/SaveLoadIntegration.test.js[2m > [22m[2mComprehensive Save/Load Integration[2m > [22m[2mshould ignore unreachable jobs after load (IgnoredTarget Persistence)
[22m[39m[Game] Init SphereGeometry
[Game] Minimal/Override Init Start
[Game] Minimal: Init Clock
[Game FORCE CONST 2] Creating mock terrain
[Game] Minimal: Init Managers
[Game] Minimal: Init GoblinManager
[GoblinManager] 5蛟九・豢樒ｪ溘ｒ逕滓・荳ｭ...
[GoblinManager] DETERMINISM: generateCaves start. rngState=undefined
[GoblinManager] DETERMINISM: Attempt 1: Rnd(0.566174, 0.595320) -> Grid(90, 95) rngState=undefined
[GoblinManager] DETERMINISM: Attempt 2: Rnd(0.900209, 0.525568) -> Grid(144, 84) rngState=undefined
[GoblinManager] DETERMINISM: Attempt 3: Rnd(0.868286, 0.078524) -> Grid(138, 12) rngState=undefined
[GoblinManager] 豢樒ｪ溽函謌仙ｮ御ｺ・ 0/5 (隧ｦ陦悟屓謨ｰ: 5000)
[Game] Minimal: Init EnemyAI

[90mstdout[2m | src/tests/SaveLoadIntegration.test.js[2m > [22m[2mComprehensive Save/Load Integration[2m > [22m[2mshould expire goblin raid after load (Aggression Persistence)
[22m[39m[Game] Init SphereGeometry
[Game] Minimal/Override Init Start
[Game] Minimal: Init Clock
[Game FORCE CONST 3] Creating mock terrain
[Game] Minimal: Init Managers
[Game] Minimal: Init GoblinManager
[GoblinManager] 5蛟九・豢樒ｪ溘ｒ逕滓・荳ｭ...
[GoblinManager] DETERMINISM: generateCaves start. rngState=undefined
[GoblinManager] DETERMINISM: Attempt 1: Rnd(0.991225, 0.078362) -> Grid(158, 12) rngState=undefined
[GoblinManager] DETERMINISM: Attempt 2: Rnd(0.991404, 0.710226) -> Grid(158, 113) rngState=undefined
[GoblinManager] DETERMINISM: Attempt 3: Rnd(0.974929, 0.845268) -> Grid(155, 135) rngState=undefined
[GoblinManager] 豢樒ｪ溽函謌仙ｮ御ｺ・ 0/5 (隧ｦ陦悟屓謨ｰ: 5000)
[Game] Minimal: Init EnemyAI

[90mstdout[2m | src/tests/GameLighting.test.js[2m > [22m[2mGame Lighting (Day/Night Cycle)[2m > [22m[2mshould sync fog color with sky color
[22m[39m[Game] Init SphereGeometry
[Game] Minimal/Override Init Start
[Game] Minimal: Init Clock
[Game FORCE CONST 4] Creating mock terrain
[Game] Minimal: Init Managers
[Game] Minimal: Init GoblinManager
[GoblinManager] 5蛟九・豢樒ｪ溘ｒ逕滓・荳ｭ...
[GoblinManager] DETERMINISM: generateCaves start. rngState=undefined
[GoblinManager] DETERMINISM: Attempt 1: Rnd(0.924024, 0.135594) -> Grid(147, 21) rngState=undefined
[GoblinManager] DETERMINISM: Attempt 2: Rnd(0.039972, 0.160059) -> Grid(6, 25) rngState=undefined
[GoblinManager] DETERMINISM: Attempt 3: Rnd(0.752013, 0.058187) -> Grid(120, 9) rngState=undefined
[GoblinManager] 豢樒ｪ溽函謌仙ｮ御ｺ・ 0/5 (隧ｦ陦悟屓謨ｰ: 5000)
[Game] Minimal: Init EnemyAI
[Game] Minimal: Done. Returning.

[90mstdout[2m | src/tests/JobIdempotency.test.js[2m > [22m[2mJob Assignment Idempotency[2m > [22m[2mshould NOT reset movement if claiming the same job twice
[22m[39m[Entity 0] CONSTRUCTOR START: type=unit at 0,0
[Entity 0] Calling updatePosition...
[Entity 0] updatePosition returned.
[DIAG] Actor Created ID: 0
[DIAG] Actor smartMove type: function
[DIAG] Actor smartMove body snapshot: smartMove(tx, tz, time, depth = 0) {
    if (isNaN(tx) || isNaN(tz)) {
      console.error(`[Actor $
[UnitCore.js] Unit Created ID:0 Role:worker Pos:0,0 Special:false
[Unit 0] State Change: None -> Wander
[UnitCore.js] Unit Created ID:0 Role:worker Pos:0,0
[UnitCore.js] Unit Construction Finished ID:0
[Game] Init SphereGeometry
[Game] Minimal/Override Init Start
[Game FORCE CONST 1] Assigning terrainOverride to this.terrain
[Game] Init CloudManager
[Game] Init BirdManager
[Game] Init SheepManager
Resetting SheepManager...
[Entity 1] CONSTRUCTOR START: type=sheep at 63,34
[Entity 1] Calling updatePosition...
[Entity 1] updatePosition returned.
[DIAG] Actor Created ID: 1
[DIAG] Actor smartMove type: function
[DIAG] Actor smartMove body snapshot: smartMove(tx, tz, time, depth = 0) {
    if (isNaN(tx) || isNaN(tz)) {
      console.error(`[Actor $
[Entity 2] CONSTRUCTOR START: type=sheep at 83,39
[Entity 2] Calling updatePosition...
[Entity 2] updatePosition returned.
[DIAG] Actor Created ID: 2
[DIAG] Actor smartMove type: function
[DIAG] Actor smartMove body snapshot: smartMove(tx, tz, time, depth = 0) {
    if (isNaN(tx) || isNaN(tz)) {
      console.error(`[Actor $
[Entity 3] CONSTRUCTOR START: type=sheep at 96,46
[Entity 3] Calling updatePosition...
[Entity 3] updatePosition returned.
[DIAG] Actor Created ID: 3
[DIAG] Actor smartMove type: function
[DIAG] Actor smartMove body snapshot: smartMove(tx, tz, time, depth = 0) {
    if (isNaN(tx) || isNaN(tz)) {
      console.error(`[Actor $
[Entity 4] CONSTRUCTOR START: type=sheep at 60,53
[Entity 4] Calling updatePosition...
[Entity 4] updatePosition returned.
[DIAG] Actor Created ID: 4
[DIAG] Actor smartMove type: function
[DIAG] Actor smartMove body snapshot: smartMove(tx, tz, time, depth = 0) {
    if (isNaN(tx) || isNaN(tz)) {
      console.error(`[Actor $
[Entity 5] CONSTRUCTOR START: type=sheep at 59,2
[Entity 5] Calling updatePosition...
[Entity 5] updatePosition returned.
[DIAG] Actor Created ID: 5
[DIAG] Actor smartMove type: function
[DIAG] Actor smartMove body snapshot: smartMove(tx, tz, time, depth = 0) {
    if (isNaN(tx) || isNaN(tz)) {
      console.error(`[Actor $
[Entity 6] CONSTRUCTOR START: type=sheep at 17,86
[Entity 6] Calling updatePosition...
[Entity 6] updatePosition returned.
[DIAG] Actor Created ID: 6
[DIAG] Actor smartMove type: function
[DIAG] Actor smartMove body snapshot: smartMove(tx, tz, time, depth = 0) {
    if (isNaN(tx) || isNaN(tz)) {
      console.error(`[Actor $
[Entity 7] CONSTRUCTOR START: type=sheep at 9,50
[Entity 7] Calling updatePosition...
[Entity 7] updatePosition returned.
[DIAG] Actor Created ID: 7
[DIAG] Actor smartMove type: function
[DIAG] Actor smartMove body snapshot: smartMove(tx, tz, time, depth = 0) {
    if (isNaN(tx) || isNaN(tz)) {
      console.error(`[Actor $
[Entity 8] CONSTRUCTOR START: type=sheep at 88,83
[Entity 8] Calling updatePosition...
[Entity 8] updatePosition returned.
[DIAG] Actor Created ID: 8
[DIAG] Actor smartMove type: function
[DIAG] Actor smartMove body snapshot: smartMove(tx, tz, time, depth = 0) {
    if (isNaN(tx) || isNaN(tz)) {
      console.error(`[Actor $
[Entity 9] CONSTRUCTOR START: type=sheep at 48,94
[Entity 9] Calling updatePosition...
[Entity 9] updatePosition returned.
[DIAG] Actor Created ID: 9
[DIAG] Actor smartMove type: function
[DIAG] Actor smartMove body snapshot: smartMove(tx, tz, time, depth = 0) {
    if (isNaN(tx) || isNaN(tz)) {
      console.error(`[Actor $
[Entity 10] CONSTRUCTOR START: type=sheep at 55,23
[Entity 10] Calling updatePosition...
[Entity 10] updatePosition returned.
[DIAG] Actor Created ID: 10
[DIAG] Actor smartMove type: function
[DIAG] Actor smartMove body snapshot: smartMove(tx, tz, time, depth = 0) {
    if (isNaN(tx) || isNaN(tz)) {
      console.error(`[Actor $
[Game] Init GoblinManager
[GoblinManager] 5蛟九・豢樒ｪ溘ｒ逕滓・荳ｭ...
[GoblinManager] DETERMINISM: generateCaves start. rngState=undefined
[GoblinManager] DETERMINISM: Attempt 1: Rnd(0.873756, 0.107020) -> Grid(87, 10) rngState=undefined
GoblinManager: Cave registered at 87,10 
[GoblinManager] DETERMINISM: Attempt 2: Rnd(0.443676, 0.847049) -> Grid(44, 84) rngState=undefined
GoblinManager: Cave registered at 44,84 
[GoblinManager] DETERMINISM: Attempt 3: Rnd(0.729638, 0.179608) -> Grid(72, 17) rngState=undefined
GoblinManager: Cave registered at 72,17 
GoblinManager: Cave registered at 70,14 
GoblinManager: Cave registered at 39,31 
[GoblinManager] 豢樒ｪ溽函謌仙ｮ御ｺ・ 5/5 (隧ｦ陦悟屓謨ｰ: 5)
GoblinManager: Force spawning Debug Goblin
[Game] Init FishManager

 [31m笶ｯ[39m src/tests/SaveLoadIntegration.test.js [2m([22m[2m3 tests[22m[2m | [22m[31m3 failed[39m[2m)[22m[32m 211[2mms[22m[39m
[31m     [31mﾃ・[31m should maintain game continuity across save/load[39m[32m 98[2mms[22m[39m
[31m     [31mﾃ・[31m should ignore unreachable jobs after load (IgnoredTarget Persistence)[39m[32m 92[2mms[22m[39m
[31m     [31mﾃ・[31m should expire goblin raid after load (Aggression Persistence)[39m[32m 18[2mms[22m[39m
 [31m笶ｯ[39m src/tests/GameLighting.test.js [2m([22m[2m4 tests[22m[2m | [22m[31m1 failed[39m[2m)[22m[32m 233[2mms[22m[39m
     [32m笨・[39m should have high intensity during noon[32m 34[2mms[22m[39m
[31m     [31mﾃ・[31m should have low intensity and blueish color during night[39m[32m 70[2mms[22m[39m
     [32m笨・[39m should have warm light during dusk[32m 54[2mms[22m[39m
     [32m笨・[39m should sync fog color with sky color[32m 72[2mms[22m[39m
 [31m笶ｯ[39m src/tests/JobIdempotency.test.js [2m([22m[2m1 test[22m[2m | [22m[31m1 failed[39m[2m)[22m[32m 189[2mms[22m[39m
[31m     [31mﾃ・[31m should NOT reset movement if claiming the same job twice[39m[32m 184[2mms[22m[39m
[90mstdout[2m | src/tests/GoblinSpawnVerification.test.js[2m > [22m[2mGoblin Spawn Verification[2m > [22m[2mshould register caves present in terrain
[22m[39m[Game] Init SphereGeometry
[Game] Minimal/Override Init Start
[Game] Minimal: Init Clock
[Game FORCE CONST 1] Creating mock terrain
[Game] Minimal: Init Managers
[Game] Minimal: Init GoblinManager
[GoblinManager] 5蛟九・豢樒ｪ溘ｒ逕滓・荳ｭ...
[GoblinManager] DETERMINISM: generateCaves start. rngState=undefined
[GoblinManager] DETERMINISM: Attempt 1: Rnd(0.895117, 0.143831) -> Grid(143, 23) rngState=undefined
[GoblinManager] DETERMINISM: Attempt 2: Rnd(0.940655, 0.571863) -> Grid(150, 91) rngState=undefined
[GoblinManager] DETERMINISM: Attempt 3: Rnd(0.449562, 0.260719) -> Grid(71, 41) rngState=undefined
[GoblinManager] 豢樒ｪ溽函謌仙ｮ御ｺ・ 0/5 (隧ｦ陦悟屓謨ｰ: 5000)
[Game] Minimal: Init EnemyAI
[Game] Minimal: Done. Returning.
[Terrain] Constructor. updatePopulation type: function
[GoblinManager] 5蛟九・豢樒ｪ溘ｒ逕滓・荳ｭ...
[GoblinManager] DETERMINISM: generateCaves start. rngState=0
[GoblinManager] DETERMINISM: Attempt 1: Rnd(0.004076, 0.655707) -> Grid(0, 65) rngState=0
[Entity 0] CONSTRUCTOR START: type=building at 0,65
[Entity 0] Calling registerEntity...
[Entity 0] registerEntity returned.
[Entity 0] Calling updatePosition...
[Entity 0] updatePosition returned.
GoblinManager: Cave registered at 0,65 
[GoblinManager] DETERMINISM: Attempt 2: Rnd(0.108450, 0.916810) -> Grid(10, 91) rngState=0
[Entity 1] CONSTRUCTOR START: type=building at 10,91
[Entity 1] Calling registerEntity...
[Entity 1] registerEntity returned.
[Entity 1] Calling updatePosition...
[Entity 1] updatePosition returned.
GoblinManager: Cave registered at 10,91 
[GoblinManager] DETERMINISM: Attempt 3: Rnd(0.531411, 0.558062) -> Grid(53, 55) rngState=0
[Entity 2] CONSTRUCTOR START: type=building at 53,55
[Entity 2] Calling registerEntity...
[Entity 2] registerEntity returned.
[Entity 2] Calling updatePosition...
[Entity 2] updatePosition returned.
GoblinManager: Cave registered at 53,55 
[Entity 3] CONSTRUCTOR START: type=building at 17,53
[Entity 3] Calling registerEntity...
[Entity 3] registerEntity returned.
[Entity 3] Calling updatePosition...
[Entity 3] updatePosition returned.
GoblinManager: Cave registered at 17,53 
[Entity 4] CONSTRUCTOR START: type=building at 45,24
[Entity 4] Calling registerEntity...
[Entity 4] registerEntity returned.
[Entity 4] Calling updatePosition...
[Entity 4] updatePosition returned.
GoblinManager: Cave registered at 45,24 
[GoblinManager] 豢樒ｪ溽函謌仙ｮ御ｺ・ 5/5 (隧ｦ陦悟屓謨ｰ: 5)
GoblinManager: Force spawning Debug Goblin

[90mstdout[2m | src/tests/Terrain.test.js[2m > [22m[2mTerrain Logic[2m > [22m[2mFarm Logic[2m > [22m[2mshould grow crops using simDeltaTime (Not raw deltaTime)
[22m[39m[Terrain] Constructor. updatePopulation type: function

[90mstdout[2m | src/tests/Terrain.test.js[2m > [22m[2mTerrain Logic[2m > [22m[2mFarm Logic[2m > [22m[2mshould grow crops using simDeltaTime (Not raw deltaTime)
[22m[39m[Terrain DIAG FRAME] Frame:1 Stagger:1 Units:0
[Terrain DIAG] Type:farm Frame:0/1 GrowthVal:0.5 Multiplier:0.5 Rate:0.25 HasFood:true Pop:0

[90mstdout[2m | src/tests/Terrain.test.js[2m > [22m[2mTerrain Logic[2m > [22m[2mFarm Logic[2m > [22m[2mshould preserve overflow when harvesting
[22m[39mDisposing detached game instance

[90mstdout[2m | src/tests/GoblinSpawnVerification.test.js[2m > [22m[2mGoblin Spawn Verification[2m > [22m[2mshould register caves present in terrain
[22m[39m[Entity 5] CONSTRUCTOR START: type=building at 10,10
[Entity 5] Calling registerEntity...
[Entity 5] registerEntity returned.
[Entity 5] Calling updatePosition...
[Entity 5] updatePosition returned.

[90mstdout[2m | src/tests/GoblinSpawnVerification.test.js[2m > [22m[2mGoblin Spawn Verification[2m > [22m[2mshould spawn goblin when population reaches threshold
[22m[39mDisposing detached game instance
[Game] Dispose called for Game Instance.
[Terrain] Dispose called.

[90mstdout[2m | src/tests/SaveLoad.test.js[2m > [22m[2mSave/Load System[2m > [22m[2mshould save game data correctly
[22m[39m[Game] Init SphereGeometry
[Game] Initializing Full Three.js components...
[Game] Debug Levels: [
  {
    levelId: [33m1[39m,
    title: [32m'The Beginning'[39m,
    mapWidth: [33m120[39m,
    mapDepth: [33m120[39m,
    initialState: {
      unitCount: [33m1[39m,
      hasEnemyBase: [33mfalse[39m,
      hasEnemyGuard: [33mfalse[39m,
      goblinCaves: [33m1[39m
    },
    generation: {
      rockHeight: [33m9[39m,
      moistureBase: [33m0.55[39m,
      treeDensity: [33m0.2[39m,
      landRatio: [33m0.6[39m
    }
  },
  {
    levelId: [33m2[39m,
    title: [32m'Expansion'[39m,
    mapWidth: [33m120[39m,
    mapDepth: [33m120[39m,
    initialState: {
      unitCount: [33m5[39m,
      hasEnemyBase: [33mtrue[39m,
      hasEnemyGuard: [33mfalse[39m,
      goblinCaves: [33m3[39m
    },
    generation: {
      rockHeight: [33m12[39m,
      moistureBase: [33m0.4[39m,
      treeDensity: [33m0.8[39m,
      landRatio: [33m0.6[39m
    }
  },
  {
    levelId: [33m3[39m,
    title: [32m'Warfare'[39m,
    mapWidth: [33m160[39m,
    mapDepth: [33m160[39m,
    initialState: {
      unitCount: [33m8[39m,
      hasEnemyBase: [33mtrue[39m,
      hasEnemyGuard: [33mtrue[39m,
      goblinCaves: [33m5[39m
    },
    generation: {
      rockHeight: [33m10[39m,
      moistureBase: [33m0.6[39m,
      treeDensity: [33m1[39m,
      landRatio: [33m0.4[39m
    }
  }
]
[Terrain] Constructor. updatePopulation type: function
[Game] Init CloudManager
[Game] Init BirdManager
[Game] Init SheepManager
Resetting SheepManager...
[Game] Init GoblinManager
[GoblinManager] 5蛟九・豢樒ｪ溘ｒ逕滓・荳ｭ...
[GoblinManager] DETERMINISM: generateCaves start. rngState=0
[GoblinManager] DETERMINISM: Attempt 1: Rnd(0.317146, 0.851198) -> Grid(38, 102) rngState=0
[GoblinManager] DETERMINISM: Attempt 2: Rnd(0.635234, 0.674726) -> Grid(76, 80) rngState=0
[GoblinManager] DETERMINISM: Attempt 3: Rnd(0.709905, 0.854944) -> Grid(85, 102) rngState=0
[GoblinManager] 豢樒ｪ溽函謌仙ｮ御ｺ・ 0/5 (隧ｦ陦悟屓謨ｰ: 5000)
[Game] Init FishManager

[90mstdout[2m | src/tests/BuildingDestruction.test.js[2m > [22m[2mBuilding Destruction Logic[2m > [22m[2mshould allow a goblin to destroy a building
[22m[39m[Terrain] Constructor. updatePopulation type: function

[90mstdout[2m | src/tests/BuildingDestruction.test.js[2m > [22m[2mBuilding Destruction Logic[2m > [22m[2mshould allow a goblin to destroy a building
[22m[39m[Entity 1] CONSTRUCTOR START: type=goblin at 11,10
[Entity 1] Calling registerEntity...
[Entity 1] registerEntity returned.
[Entity 1] Calling updatePosition...
[Entity 1] updatePosition returned.
[DIAG] Actor Created ID: 1
[DIAG] Actor smartMove type: function
[DIAG] Actor smartMove body snapshot: smartMove(tx, tz, time, depth = 0) {
    if (isNaN(tx) || isNaN(tz)) {
      console.error(`[Actor $
[Entity 2] CONSTRUCTOR START: type=building at 10,10
[Entity 2] Calling registerEntity...
[Entity 2] registerEntity returned.
[Entity 2] Calling updatePosition...
[Entity 2] updatePosition returned.
[Building 2] takeDamage ENTER: amount=10, hp=30
[Building] house(2) took 10 dmg. Pop: 0. Retaliation: 0
[Goblin 1] AttackBuilding Result - BldgType: house, HP: 20, Pop: 0, isDestroyed: false 
[Building 2] takeDamage ENTER: amount=10, hp=1
[Building] house(2) took 10 dmg. Pop: 0. Retaliation: 0
[Building 2] isDestroyed TRUE (HP: -9)
[Goblin 1] AttackBuilding Result - BldgType: house, HP: -9, Pop: 0, isDestroyed: true 
[Terrain] Building removed at 10,10 
Goblin 1 destroyed house !

[90mstdout[2m | src/tests/SaveLoad.test.js[2m > [22m[2mSave/Load System[2m > [22m[2mshould load game data correctly
[22m[39mDisposing detached game instance
[Game] Dispose called for Game Instance.
[Terrain] Dispose called.

[90mstdout[2m | src/tests/GoblinMobilization.test.js[2m > [22m[2mGoblin Mobilization Verification[2m > [22m[2mmobilizeClan should rely on getClanRaidTarget fallback
[22m[39m[Terrain] Constructor. updatePopulation type: function
[GoblinManager] 5蛟九・豢樒ｪ溘ｒ逕滓・荳ｭ...
[GoblinManager] DETERMINISM: generateCaves start. rngState=0
[GoblinManager] DETERMINISM: Attempt 1: Rnd(0.815661, 0.567625) -> Grid(65, 45) rngState=0
[GoblinManager] DETERMINISM: Attempt 2: Rnd(0.831579, 0.509067) -> Grid(66, 40) rngState=0
[GoblinManager] DETERMINISM: Attempt 3: Rnd(0.171840, 0.712947) -> Grid(13, 57) rngState=0
[GoblinManager] 豢樒ｪ溽函謌仙ｮ御ｺ・ 0/5 (隧ｦ陦悟屓謨ｰ: 5000)

[90mstdout[2m | src/tests/GoblinMobilization.test.js[2m > [22m[2mGoblin Mobilization Verification[2m > [22m[2mmobilizeClan should rely on getClanRaidTarget fallback
[22m[39m[Entity 3] CONSTRUCTOR START: type=goblin at 5,5
[Entity 3] Calling registerEntity...
[Entity 3] registerEntity returned.
[Entity 3] Calling updatePosition...
[Entity 3] updatePosition returned.
[DIAG] Actor Created ID: 3
[DIAG] Actor smartMove type: function
[DIAG] Actor smartMove body snapshot: smartMove(tx, tz, time, depth = 0) {
    if (isNaN(tx) || isNaN(tz)) {
      console.error(`[Actor $
[GoblinManager] Mobilized 1 idle goblins from Clan test_clan_fallback to raid target!

[90mstdout[2m | src/tests/Terrain.test.js[2m > [22m[2mTerrain Logic[2m > [22m[2mFarm Logic[2m > [22m[2mshould preserve overflow when harvesting
[22m[39m[Terrain] Constructor. updatePopulation type: function

[90mstdout[2m | src/tests/Terrain.test.js[2m > [22m[2mTerrain Logic[2m > [22m[2mFarm Logic[2m > [22m[2mshould preserve overflow when harvesting
[22m[39m[Terrain DIAG FRAME] Frame:20 Stagger:1 Units:0
[Terrain DIAG] Type:farm Frame:0/1 GrowthVal:0.5 Multiplier:0.5 Rate:0.25 HasFood:true Pop:0

 [32m笨・[39m src/tests/GoblinMobilization.test.js [2m([22m[2m2 tests[22m[2m)[22m[33m 991[2mms[22m[39m
     [33m[2m笨・[22m[39m triggerWave should mobilize idle goblins [33m 484[2mms[22m[39m
     [33m[2m笨・[22m[39m mobilizeClan should rely on getClanRaidTarget fallback [33m 504[2mms[22m[39m
[90mstdout[2m | src/tests/Terrain.test.js[2m > [22m[2mTerrain Logic[2m > [22m[2mAdvanced Mechanics[2m > [22m[2mshould scale farm yield based on moisture
[22m[39mDisposing detached game instance

stderr | GoblinManager.spawnGoblinAtCave (C:\Users\mooya\develop\test\src\GoblinManager.js:724:21)
[GoblinManager] Aborting spawn: Grid cell has no building. Self-healing/Destroying Cave.

[90mstdout[2m | GoblinManager.destroyCave (C:\Users\mooya\develop\test\src\GoblinManager.js:919:17)
[22m[39m[GoblinManager] Cleaning up cave at 10,10

[90mstdout[2m | src/tests/FactionPersistence.test.js[2m > [22m[2mFaction Persistence and Logic[2m > [22m[2mshould persist unit and building faction across save/load
[22m[39m[Terrain] Constructor. updatePopulation type: function
[Game] Init SphereGeometry
[Game] Minimal/Override Init Start
[Game] Minimal: Init Clock
[Game FORCE CONST 1] Assigning terrainOverride to this.terrain
[Game] Minimal: Init Managers
[Game] Minimal: Init GoblinManager
[GoblinManager] 5蛟九・豢樒ｪ溘ｒ逕滓・荳ｭ...
[GoblinManager] DETERMINISM: generateCaves start. rngState=0
[GoblinManager] DETERMINISM: Attempt 1: Rnd(0.409702, 0.424567) -> Grid(65, 67) rngState=0
[GoblinManager] DETERMINISM: Attempt 2: Rnd(0.352435, 0.506923) -> Grid(56, 81) rngState=0
[GoblinManager] DETERMINISM: Attempt 3: Rnd(0.355629, 0.916547) -> Grid(56, 146) rngState=0
[GoblinManager] 豢樒ｪ溽函謌仙ｮ御ｺ・ 0/5 (隧ｦ陦悟屓謨ｰ: 5000)
[Game] Minimal: Init EnemyAI
[Game] Minimal: Done. Returning.

[90mstdout[2m | src/tests/GoblinSpawnVerification.test.js[2m > [22m[2mGoblin Spawn Verification[2m > [22m[2mshould spawn goblin when population reaches threshold
[22m[39m[Game] Init SphereGeometry
[Game] Minimal/Override Init Start
[Game] Minimal: Init Clock
[Game FORCE CONST 2] Creating mock terrain
[Game] Minimal: Init Managers
[Game] Minimal: Init GoblinManager
[GoblinManager] 5蛟九・豢樒ｪ溘ｒ逕滓・荳ｭ...
[GoblinManager] DETERMINISM: generateCaves start. rngState=undefined
[GoblinManager] DETERMINISM: Attempt 1: Rnd(0.556590, 0.412842) -> Grid(89, 66) rngState=undefined
[GoblinManager] DETERMINISM: Attempt 2: Rnd(0.525292, 0.917225) -> Grid(84, 146) rngState=undefined
[GoblinManager] DETERMINISM: Attempt 3: Rnd(0.828600, 0.928288) -> Grid(132, 148) rngState=undefined
[GoblinManager] 豢樒ｪ溽函謌仙ｮ御ｺ・ 0/5 (隧ｦ陦悟屓謨ｰ: 5000)
[Game] Minimal: Init EnemyAI
[Game] Minimal: Done. Returning.
[Terrain] Constructor. updatePopulation type: function
[GoblinManager] 5蛟九・豢樒ｪ溘ｒ逕滓・荳ｭ...
[GoblinManager] DETERMINISM: generateCaves start. rngState=0
[GoblinManager] DETERMINISM: Attempt 1: Rnd(0.629918, 0.762539) -> Grid(62, 76) rngState=0
[Entity 6] CONSTRUCTOR START: type=building at 62,76
[Entity 6] Calling registerEntity...
[Entity 6] registerEntity returned.
[Entity 6] Calling updatePosition...
[Entity 6] updatePosition returned.
GoblinManager: Cave registered at 62,76 
[GoblinManager] DETERMINISM: Attempt 2: Rnd(0.801750, 0.125038) -> Grid(80, 12) rngState=0
[Entity 7] CONSTRUCTOR START: type=building at 80,12
[Entity 7] Calling registerEntity...
[Entity 7] registerEntity returned.
[Entity 7] Calling updatePosition...
[Entity 7] updatePosition returned.
GoblinManager: Cave registered at 80,12 
[GoblinManager] DETERMINISM: Attempt 3: Rnd(0.529529, 0.586694) -> Grid(52, 58) rngState=0
[Entity 8] CONSTRUCTOR START: type=building at 52,58
[Entity 8] Calling registerEntity...
[Entity 8] registerEntity returned.
[Entity 8] Calling updatePosition...
[Entity 8] updatePosition returned.
GoblinManager: Cave registered at 52,58 
[Entity 9] CONSTRUCTOR START: type=building at 67,81
[Entity 9] Calling registerEntity...
[Entity 9] registerEntity returned.
[Entity 9] Calling updatePosition...
[Entity 9] updatePosition returned.
GoblinManager: Cave registered at 67,81 
[Entity 10] CONSTRUCTOR START: type=building at 64,39
[Entity 10] Calling registerEntity...
[Entity 10] registerEntity returned.
[Entity 10] Calling updatePosition...
[Entity 10] updatePosition returned.
GoblinManager: Cave registered at 64,39 
[GoblinManager] 豢樒ｪ溽函謌仙ｮ御ｺ・ 5/5 (隧ｦ陦悟屓謨ｰ: 5)
GoblinManager: Force spawning Debug Goblin

[90mstdout[2m | src/tests/GoblinSpawnVerification.test.js[2m > [22m[2mGoblin Spawn Verification[2m > [22m[2mshould spawn goblin when population reaches threshold
[22m[39m[Entity 11] CONSTRUCTOR START: type=building at 20,20
[Entity 11] Calling registerEntity...
[Entity 11] registerEntity returned.
[Entity 11] Calling updatePosition...
[Entity 11] updatePosition returned.
[Entity 12] CONSTRUCTOR START: type=goblin at 21,21
[Entity 12] Calling registerEntity...
[Entity 12] registerEntity returned.
[Entity 12] Calling updatePosition...
[Entity 12] updatePosition returned.
[DIAG] Actor Created ID: 12
[DIAG] Actor smartMove type: function
[DIAG] Actor smartMove body snapshot: smartMove(tx, tz, time, depth = 0) {
    if (isNaN(tx) || isNaN(tz)) {
      console.error(`[Actor $
[DEBUG] Goblin born from cave! Total: 1, Remaining population: 0.0

[90mstdout[2m | src/tests/BuildingDestruction.test.js[2m > [22m[2mBuilding Destruction Logic[2m > [22m[2mshould handle identity mismatch (Ghost Building)
[22m[39m[Terrain] Constructor. updatePopulation type: function

[90mstdout[2m | src/tests/BuildingDestruction.test.js[2m > [22m[2mBuilding Destruction Logic[2m > [22m[2mshould handle identity mismatch (Ghost Building)
[22m[39m[Entity 3] CONSTRUCTOR START: type=building at 20,20
[Entity 3] Calling registerEntity...
[Entity 3] registerEntity returned.
[Entity 3] Calling updatePosition...
[Entity 3] updatePosition returned.
[Terrain] removeBuilding: Identity mismatch! searching by coord 20,20 
[Terrain] Swapping ghost building object for authoritative one.
[Terrain] Building removed at 20,20 

 [32m笨・[39m src/tests/GoblinSpawnVerification.test.js [2m([22m[2m2 tests[22m[2m)[22m[33m 771[2mms[22m[39m
     [33m[2m笨・[22m[39m should register caves present in terrain [33m 467[2mms[22m[39m
     [33m[2m笨・[22m[39m should spawn goblin when population reaches threshold [33m 301[2mms[22m[39m
[90mstdout[2m | src/tests/SaveLoad.test.js[2m > [22m[2mSave/Load System[2m > [22m[2mshould load game data correctly
[22m[39m[Game] Init SphereGeometry
[Game] Initializing Full Three.js components...
[Game] Debug Levels: [
  {
    levelId: [33m1[39m,
    title: [32m'The Beginning'[39m,
    mapWidth: [33m120[39m,
    mapDepth: [33m120[39m,
    initialState: {
      unitCount: [33m1[39m,
      hasEnemyBase: [33mfalse[39m,
      hasEnemyGuard: [33mfalse[39m,
      goblinCaves: [33m1[39m
    },
    generation: {
      rockHeight: [33m9[39m,
      moistureBase: [33m0.55[39m,
      treeDensity: [33m0.2[39m,
      landRatio: [33m0.6[39m
    }
  },
  {
    levelId: [33m2[39m,
    title: [32m'Expansion'[39m,
    mapWidth: [33m120[39m,
    mapDepth: [33m120[39m,
    initialState: {
      unitCount: [33m5[39m,
      hasEnemyBase: [33mtrue[39m,
      hasEnemyGuard: [33mfalse[39m,
      goblinCaves: [33m3[39m
    },
    generation: {
      rockHeight: [33m12[39m,
      moistureBase: [33m0.4[39m,
      treeDensity: [33m0.8[39m,
      landRatio: [33m0.6[39m
    }
  },
  {
    levelId: [33m3[39m,
    title: [32m'Warfare'[39m,
    mapWidth: [33m160[39m,
    mapDepth: [33m160[39m,
    initialState: {
      unitCount: [33m8[39m,
      hasEnemyBase: [33mtrue[39m,
      hasEnemyGuard: [33mtrue[39m,
      goblinCaves: [33m5[39m
    },
    generation: {
      rockHeight: [33m10[39m,
      moistureBase: [33m0.6[39m,
      treeDensity: [33m1[39m,
      landRatio: [33m0.4[39m
    }
  }
]
[Terrain] Constructor. updatePopulation type: function
[Game] Init CloudManager
[Game] Init BirdManager
[Game] Init SheepManager
Resetting SheepManager...
[Game] Init GoblinManager
[GoblinManager] 5蛟九・豢樒ｪ溘ｒ逕滓・荳ｭ...
[GoblinManager] DETERMINISM: generateCaves start. rngState=0
[GoblinManager] DETERMINISM: Attempt 1: Rnd(0.721149, 0.399645) -> Grid(86, 47) rngState=0
[GoblinManager] DETERMINISM: Attempt 2: Rnd(0.002348, 0.822645) -> Grid(0, 98) rngState=0
[GoblinManager] DETERMINISM: Attempt 3: Rnd(0.236786, 0.357098) -> Grid(28, 42) rngState=0
[GoblinManager] 豢樒ｪ溽函謌仙ｮ御ｺ・ 0/5 (隧ｦ陦悟屓謨ｰ: 5000)
[Game] Init FishManager

[90mstdout[2m | src/tests/WinLossCondition.test.js[2m > [22m[2mWin/Loss Condition Logic[2m > [22m[2mshould return "loss" when player units and buildings are all gone
[22m[39m[Terrain] Constructor. updatePopulation type: function
[Game] Init SphereGeometry
[Game] Minimal/Override Init Start
[Game] Minimal: Init Clock
[Game FORCE CONST 1] Assigning terrainOverride to this.terrain
[Game] Minimal: Init Managers
[Game] Minimal: Init GoblinManager
[GoblinManager] 5蛟九・豢樒ｪ溘ｒ逕滓・荳ｭ...
[GoblinManager] DETERMINISM: generateCaves start. rngState=0
[GoblinManager] DETERMINISM: Attempt 1: Rnd(0.627392, 0.345729) -> Grid(100, 55) rngState=0
[Entity 0] CONSTRUCTOR START: type=building at 100,55
[Entity 0] Calling registerEntity...
[Entity 0] registerEntity returned.
[Entity 0] Calling updatePosition...
[Entity 0] updatePosition returned.
GoblinManager: Cave registered at 100,55 
[GoblinManager] DETERMINISM: Attempt 2: Rnd(0.102274, 0.014611) -> Grid(16, 2) rngState=0
[Entity 1] CONSTRUCTOR START: type=building at 16,2
[Entity 1] Calling registerEntity...
[Entity 1] registerEntity returned.
[Entity 1] Calling updatePosition...
[Entity 1] updatePosition returned.
GoblinManager: Cave registered at 16,2 
[GoblinManager] DETERMINISM: Attempt 3: Rnd(0.314042, 0.546810) -> Grid(50, 87) rngState=0
[Entity 2] CONSTRUCTOR START: type=building at 50,87
[Entity 2] Calling registerEntity...
[Entity 2] registerEntity returned.
[Entity 2] Calling updatePosition...
[Entity 2] updatePosition returned.
GoblinManager: Cave registered at 50,87 
[Entity 3] CONSTRUCTOR START: type=building at 86,156
[Entity 3] Calling registerEntity...
[Entity 3] registerEntity returned.
[Entity 3] Calling updatePosition...
[Entity 3] updatePosition returned.
GoblinManager: Cave registered at 86,156 
[Entity 4] CONSTRUCTOR START: type=building at 129,134
[Entity 4] Calling registerEntity...
[Entity 4] registerEntity returned.
[Entity 4] Calling updatePosition...
[Entity 4] updatePosition returned.
GoblinManager: Cave registered at 129,134 
[GoblinManager] 豢樒ｪ溽函謌仙ｮ御ｺ・ 5/5 (隧ｦ陦悟屓謨ｰ: 5)
GoblinManager: Force spawning Debug Goblin
[Game] Minimal: Init EnemyAI
[Game] Minimal: Done. Returning.

[90mstdout[2m | src/tests/WinLossCondition.test.js[2m > [22m[2mWin/Loss Condition Logic[2m > [22m[2mshould return "loss" when player units and buildings are all gone
[22m[39m[Entity 5] CONSTRUCTOR START: type=building at 10,10
[Entity 5] Calling registerEntity...
[Entity 5] registerEntity returned.
[Entity 5] Calling updatePosition...
[Entity 5] updatePosition returned.
[Game] evaluateWinLoss: Player assets zero. Units:0 Buildings:0

[90mstdout[2m | src/tests/SaveLoad.test.js[2m > [22m[2mSave/Load System[2m > [22m[2mshould restore request markers with correct renderOrder
[22m[39mDisposing detached game instance
[Game] Dispose called for Game Instance.
[Terrain] Dispose called.

[90mstdout[2m | src/tests/WinLossCondition.test.js[2m > [22m[2mWin/Loss Condition Logic[2m > [22m[2mshould NOT return "loss" if player still has a building
[22m[39mDisposing detached game instance
[Game] Dispose called for Game Instance.
[Terrain] Dispose called.

[90mstdout[2m | src/tests/Terrain.test.js[2m > [22m[2mTerrain Logic[2m > [22m[2mAdvanced Mechanics[2m > [22m[2mshould scale farm yield based on moisture
[22m[39m[Terrain] Constructor. updatePopulation type: function

[90mstdout[2m | src/tests/Terrain.test.js[2m > [22m[2mTerrain Logic[2m > [22m[2mAdvanced Mechanics[2m > [22m[2mshould scale farm yield based on moisture
[22m[39m[Terrain DIAG FRAME] Frame:20 Stagger:1 Units:0
[Terrain DIAG] Type:farm Frame:0/1 GrowthVal:0.5 Multiplier:0.5 Rate:0.25 HasFood:true Pop:0

[90mstdout[2m | src/tests/Terrain.test.js[2m > [22m[2mTerrain Logic[2m > [22m[2mAdvanced Mechanics[2m > [22m[2mshould reduce food consumption at night
[22m[39mDisposing detached game instance

[90mstdout[2m | src/tests/BuildingDestruction.test.js[2m > [22m[2mBuilding Destruction Logic[2m > [22m[2mshould destroy building if HP <= 0 even if population > 0
[22m[39m[Terrain] Constructor. updatePopulation type: function

[90mstdout[2m | src/tests/BuildingDestruction.test.js[2m > [22m[2mBuilding Destruction Logic[2m > [22m[2mshould destroy building if HP <= 0 even if population > 0
[22m[39m[Entity 4] CONSTRUCTOR START: type=goblin at 11,10
[Entity 4] Calling registerEntity...
[Entity 4] registerEntity returned.
[Entity 4] Calling updatePosition...
[Entity 4] updatePosition returned.
[DIAG] Actor Created ID: 4
[DIAG] Actor smartMove type: function
[DIAG] Actor smartMove body snapshot: smartMove(tx, tz, time, depth = 0) {
    if (isNaN(tx) || isNaN(tz)) {
      console.error(`[Actor $
[Entity 5] CONSTRUCTOR START: type=building at 10,10
[Entity 5] Calling registerEntity...
[Entity 5] registerEntity returned.
[Entity 5] Calling updatePosition...
[Entity 5] updatePosition returned.
[Building 5] takeDamage ENTER: amount=10, hp=1
[Building] house(5) took 10 dmg. Pop: 9. Retaliation: 36
[Building 5] isDestroyed TRUE (HP: -9)
[Goblin 4] AttackBuilding Result - BldgType: house, HP: -9, Pop: 9, isDestroyed: true 
[Terrain] Building removed at 10,10 
Goblin 4 destroyed house !

 [32m笨・[39m src/tests/BuildingDestruction.test.js [2m([22m[2m4 tests[22m[2m)[22m[33m 1356[2mms[22m[39m
     [33m[2m笨・[22m[39m should successfully remove a building from the list [33m 454[2mms[22m[39m
     [33m[2m笨・[22m[39m should allow a goblin to destroy a building [33m 475[2mms[22m[39m
[90mstdout[2m | src/tests/Terrain.test.js[2m > [22m[2mTerrain Logic[2m > [22m[2mAdvanced Mechanics[2m > [22m[2mshould reduce food consumption at night
[22m[39m[Terrain] Constructor. updatePopulation type: function

[90mstdout[2m | src/tests/SaveLoad.test.js[2m > [22m[2mSave/Load System[2m > [22m[2mshould restore request markers with correct renderOrder
[22m[39m[Game] Init SphereGeometry
[Game] Initializing Full Three.js components...
[Game] Debug Levels: [
  {
    levelId: [33m1[39m,
    title: [32m'The Beginning'[39m,
    mapWidth: [33m120[39m,
    mapDepth: [33m120[39m,
    initialState: {
      unitCount: [33m1[39m,
      hasEnemyBase: [33mfalse[39m,
      hasEnemyGuard: [33mfalse[39m,
      goblinCaves: [33m1[39m
    },
    generation: {
      rockHeight: [33m9[39m,
      moistureBase: [33m0.55[39m,
      treeDensity: [33m0.2[39m,
      landRatio: [33m0.6[39m
    }
  },
  {
    levelId: [33m2[39m,
    title: [32m'Expansion'[39m,
    mapWidth: [33m120[39m,
    mapDepth: [33m120[39m,
    initialState: {
      unitCount: [33m5[39m,
      hasEnemyBase: [33mtrue[39m,
      hasEnemyGuard: [33mfalse[39m,
      goblinCaves: [33m3[39m
    },
    generation: {
      rockHeight: [33m12[39m,
      moistureBase: [33m0.4[39m,
      treeDensity: [33m0.8[39m,
      landRatio: [33m0.6[39m
    }
  },
  {
    levelId: [33m3[39m,
    title: [32m'Warfare'[39m,
    mapWidth: [33m160[39m,
    mapDepth: [33m160[39m,
    initialState: {
      unitCount: [33m8[39m,
      hasEnemyBase: [33mtrue[39m,
      hasEnemyGuard: [33mtrue[39m,
      goblinCaves: [33m5[39m
    },
    generation: {
      rockHeight: [33m10[39m,
      moistureBase: [33m0.6[39m,
      treeDensity: [33m1[39m,
      landRatio: [33m0.4[39m
    }
  }
]
[Terrain] Constructor. updatePopulation type: function
[Game] Init CloudManager
[Game] Init BirdManager
[Game] Init SheepManager
Resetting SheepManager...
[Game] Init GoblinManager
[GoblinManager] 5蛟九・豢樒ｪ溘ｒ逕滓・荳ｭ...
[GoblinManager] DETERMINISM: generateCaves start. rngState=0
[GoblinManager] DETERMINISM: Attempt 1: Rnd(0.773972, 0.791094) -> Grid(92, 94) rngState=0
[GoblinManager] DETERMINISM: Attempt 2: Rnd(0.489014, 0.235449) -> Grid(58, 28) rngState=0
[GoblinManager] DETERMINISM: Attempt 3: Rnd(0.130359, 0.988948) -> Grid(15, 118) rngState=0
[GoblinManager] 豢樒ｪ溽函謌仙ｮ御ｺ・ 0/5 (隧ｦ陦悟屓謨ｰ: 5000)
[Game] Init FishManager

[90mstdout[2m | src/tests/FactionPersistence.test.js[2m > [22m[2mFaction Persistence and Logic[2m > [22m[2mshould persist unit and building faction across save/load
[22m[39mStarting persistence test...
[Entity 0] CONSTRUCTOR START: type=unit at 10,10
[Entity 0] Calling registerEntity...
[Entity 0] registerEntity returned.
[Entity 0] Calling updatePosition...
[Entity 0] updatePosition returned.
[DIAG] Actor Created ID: 0
[DIAG] Actor smartMove type: function
[DIAG] Actor smartMove body snapshot: smartMove(tx, tz, time, depth = 0) {
    if (isNaN(tx) || isNaN(tz)) {
      console.error(`[Actor $
[UnitCore.js] Unit Created ID:0 Role:worker Pos:10,10 Special:false
[Unit 0] State Change: None -> Wander
[UnitCore.js] Unit Created ID:0 Role:worker Pos:10,10
[UnitCore.js] Unit Construction Finished ID:0
[Entity 1] CONSTRUCTOR START: type=unit at 20,20
[Entity 1] Calling registerEntity...
[Entity 1] registerEntity returned.
[Entity 1] Calling updatePosition...
[Entity 1] updatePosition returned.
[DIAG] Actor Created ID: 1
[DIAG] Actor smartMove type: function
[DIAG] Actor smartMove body snapshot: smartMove(tx, tz, time, depth = 0) {
    if (isNaN(tx) || isNaN(tz)) {
      console.error(`[Actor $
[UnitCore.js] Unit Created ID:1 Role:knight Pos:20,20 Special:false
[UnitCore.js] Unit Created ID:1 Role:knight Pos:20,20
[UnitCore.js] Unit Construction Finished ID:1
[Entity 2] CONSTRUCTOR START: type=building at 30,30
[Entity 2] Calling registerEntity...
[Entity 2] registerEntity returned.
[Entity 2] Calling updatePosition...
[Entity 2] updatePosition returned.
[Entity 3] CONSTRUCTOR START: type=building at 40,40
[Entity 3] Calling registerEntity...
[Entity 3] registerEntity returned.
[Entity 3] Calling updatePosition...
[Entity 3] updatePosition returned.
Units: PlayerID=0 EnemyID=1
Farms: PlayerFaction=player EnemyFaction=enemy
Saving game...
[Game] Saving Game: Level=0, Seed=0
Saved to slot 1 (Compressed). Size: 7589 chars (Original: 175418)
LocalStorage setItem calls: [33m1[39m
Decompressed faction data check:
Unit 0 faction: player
Unit 1 faction: enemy
Building 0 faction: player
Building 1 faction: enemy
Loading game...
Load Started...

 [31m笶ｯ[39m src/tests/SaveLoad.test.js [2m([22m[2m3 tests[22m[2m | [22m[31m3 failed[39m[2m)[22m[33m 1112[2mms[22m[39m
[31m     [31mﾃ・[31m should save game data correctly[39m[33m 551[2mms[22m[39m
[31m     [31mﾃ・[31m should load game data correctly[39m[32m 252[2mms[22m[39m
[31m     [31mﾃ・[31m should restore request markers with correct renderOrder[39m[33m 305[2mms[22m[39m
[90mstdout[2m | src/tests/WinLossCondition.test.js[2m > [22m[2mWin/Loss Condition Logic[2m > [22m[2mshould NOT return "loss" if player still has a building
[22m[39m[Terrain] Constructor. updatePopulation type: function
[Game] Init SphereGeometry
[Game] Minimal/Override Init Start
[Game] Minimal: Init Clock
[Game FORCE CONST 2] Assigning terrainOverride to this.terrain
[Game] Minimal: Init Managers
[Game] Minimal: Init GoblinManager
[GoblinManager] 5蛟九・豢樒ｪ溘ｒ逕滓・荳ｭ...
[GoblinManager] DETERMINISM: generateCaves start. rngState=0
[GoblinManager] DETERMINISM: Attempt 1: Rnd(0.957249, 0.672425) -> Grid(153, 107) rngState=0
[Entity 6] CONSTRUCTOR START: type=building at 153,107
[Entity 6] Calling registerEntity...
[Entity 6] registerEntity returned.
[Entity 6] Calling updatePosition...
[Entity 6] updatePosition returned.
GoblinManager: Cave registered at 153,107 
[GoblinManager] DETERMINISM: Attempt 2: Rnd(0.616983, 0.532231) -> Grid(98, 85) rngState=0
[Entity 7] CONSTRUCTOR START: type=building at 98,85
[Entity 7] Calling registerEntity...
[Entity 7] registerEntity returned.
[Entity 7] Calling updatePosition...
[Entity 7] updatePosition returned.
GoblinManager: Cave registered at 98,85 
[GoblinManager] DETERMINISM: Attempt 3: Rnd(0.006043, 0.306312) -> Grid(0, 49) rngState=0
[Entity 8] CONSTRUCTOR START: type=building at 0,49
[Entity 8] Calling registerEntity...
[Entity 8] registerEntity returned.
[Entity 8] Calling updatePosition...
[Entity 8] updatePosition returned.
GoblinManager: Cave registered at 0,49 
[Entity 9] CONSTRUCTOR START: type=building at 95,114
[Entity 9] Calling registerEntity...
[Entity 9] registerEntity returned.
[Entity 9] Calling updatePosition...
[Entity 9] updatePosition returned.
GoblinManager: Cave registered at 95,114 
[Entity 10] CONSTRUCTOR START: type=building at 152,25
[Entity 10] Calling registerEntity...
[Entity 10] registerEntity returned.
[Entity 10] Calling updatePosition...
[Entity 10] updatePosition returned.
GoblinManager: Cave registered at 152,25 
[GoblinManager] 豢樒ｪ溽函謌仙ｮ御ｺ・ 5/5 (隧ｦ陦悟屓謨ｰ: 5)
GoblinManager: Force spawning Debug Goblin
[Game] Minimal: Init EnemyAI
[Game] Minimal: Done. Returning.

[90mstdout[2m | src/tests/WinLossCondition.test.js[2m > [22m[2mWin/Loss Condition Logic[2m > [22m[2mshould NOT return "loss" if player still has a building
[22m[39m[Entity 11] CONSTRUCTOR START: type=building at 5,5
[Entity 11] Calling registerEntity...
[Entity 11] registerEntity returned.
[Entity 11] Calling updatePosition...
[Entity 11] updatePosition returned.
[Entity 12] CONSTRUCTOR START: type=building at 10,10
[Entity 12] Calling registerEntity...
[Entity 12] registerEntity returned.
[Entity 12] Calling updatePosition...
[Entity 12] updatePosition returned.

[90mstdout[2m | src/tests/WinLossCondition.test.js[2m > [22m[2mWin/Loss Condition Logic[2m > [22m[2mshould return "loss" even if ancient ruins exist (they should be neutral)
[22m[39mDisposing detached game instance
[Game] Dispose called for Game Instance.
[Terrain] Dispose called.

[90mstdout[2m | src/tests/Terrain.test.js[2m > [22m[2mTerrain Logic[2m > [22m[2mAdvanced Mechanics[2m > [22m[2mshould consume normal amount during day
[22m[39mDisposing detached game instance

[90mstdout[2m | src/tests/FactionPersistence.test.js[2m > [22m[2mFaction Persistence and Logic[2m > [22m[2mshould persist unit and building faction across save/load
[22m[39mLoading slot 1, Raw length: 7589
Load: Decompressed successfully.
Parsed Data for slot 1: {
  timestamp: [33m1771642186499[39m,
  data: {
    slotId: [33m1[39m,
    timestamp: [33m1771642186466[39m,
    resources: { grain: [33m0[39m, fish: [33m0[39m, meat: [33m0[39m },
    gameTime: [33m7[39m,
    gameTotalTime: [33m0[39m,
    currentSeasonIndex: [33m0[39m,
    daysPassed: [33m0[39m,
    terrain: {
      logicalWidth: [33m160[39m,
      logicalDepth: [33m160[39m,
      version: [33m2[39m,
      h: [36m[Array][39m,
      n: [36m[Array][39m,
      b: [36m[Array][39m,
      seed: [33m0[39m,
      trees: []
    },
    units: [ [36m[Object][39m, [36m[Object][39m ],
    requests: [],
    goblinManager: { plunderCount: [33m0[39m, goblins: [], clans: [], caves: [] },
    camera: { position: [36m[Object][39m, target: [36m[Object][39m },
    currentLevelIndex: [33m0[39m,
    currentSeed: [33m0[39m
  }
}
Load Game: Data found {
  slotId: [33m1[39m,
  timestamp: [33m1771642186466[39m,
  resources: { grain: [33m0[39m, fish: [33m0[39m, meat: [33m0[39m },
  gameTime: [33m7[39m,
  gameTotalTime: [33m0[39m,
  currentSeasonIndex: [33m0[39m,
  daysPassed: [33m0[39m,
  terrain: {
    logicalWidth: [33m160[39m,
    logicalDepth: [33m160[39m,
    version: [33m2[39m,
    h: [
      [33m0[39m, [33m0[39m, [33m0[39m, [33m0[39m, [33m0[39m, [33m0[39m, [33m0[39m, [33m0[39m, [33m0[39m, [33m0[39m, [33m0[39m, [33m0[39m,
      [33m0[39m, [33m0[39m, [33m0[39m, [33m0[39m, [33m0[39m, [33m0[39m, [33m0[39m, [33m0[39m, [33m0[39m, [33m0[39m, [33m0[39m, [33m0[39m,
      [33m0[39m, [33m0[39m, [33m0[39m, [33m0[39m, [33m0[39m, [33m0[39m, [33m0[39m, [33m0[39m, [33m0[39m, [33m0[39m, [33m0[39m, [33m0[39m,
      [33m0[39m, [33m0[39m, [33m0[39m, [33m0[39m, [33m0[39m, [33m0[39m, [33m0[39m, [33m0[39m, [33m0[39m, [33m0[39m, [33m0[39m, [33m0[39m,
      [33m0[39m, [33m0[39m, [33m0[39m, [33m0[39m, [33m0[39m, [33m0[39m, [33m0[39m, [33m0[39m, [33m0[39m, [33m0[39m, [33m0[39m, [33m0[39m,
      [33m0[39m, [33m0[39m, [33m0[39m, [33m0[39m, [33m0[39m, [33m0[39m, [33m0[39m, [33m0[39m, [33m0[39m, [33m0[39m, [33m0[39m, [33m0[39m,
      [33m0[39m, [33m0[39m, [33m0[39m, [33m0[39m, [33m0[39m, [33m0[39m, [33m0[39m, [33m0[39m, [33m0[39m, [33m0[39m, [33m0[39m, [33m0[39m,
      [33m0[39m, [33m0[39m, [33m0[39m, [33m0[39m, [33m0[39m, [33m0[39m, [33m0[39m, [33m0[39m, [33m0[39m, [33m0[39m, [33m0[39m, [33m0[39m,
      [33m0[39m, [33m0[39m, [33m0[39m, [33m0[39m,
      ... 25500 more items
    ],
    n: [
      [33m-0.02[39m,  [33m0.01[39m,  [33m0.01[39m, [33m-0.02[39m, [33m-0.01[39m,     [33m0[39m,  [33m0.01[39m,     [33m0[39m, [33m-0.01[39m,
       [33m0.01[39m,  [33m0.01[39m, [33m-0.01[39m,  [33m0.02[39m,  [33m0.02[39m, [33m-0.02[39m,     [33m0[39m,  [33m0.02[39m,  [33m0.02[39m,
       [33m0.02[39m,  [33m0.02[39m,  [33m0.01[39m,  [33m0.01[39m,  [33m0.01[39m,  [33m0.01[39m,  [33m0.01[39m,  [33m0.02[39m, [33m-0.02[39m,
      [33m-0.01[39m, [33m-0.01[39m, [33m-0.02[39m,  [33m0.02[39m, [33m-0.02[39m,  [33m0.01[39m, [33m-0.01[39m, [33m-0.01[39m, [33m-0.02[39m,
      [33m-0.02[39m,  [33m0.01[39m, [33m-0.02[39m,  [33m0.01[39m,     [33m0[39m,  [33m0.01[39m,  [33m0.01[39m, [33m-0.01[39m, [33m-0.02[39m,
          [33m0[39m, [33m-0.02[39m,  [33m0.02[39m,     [33m0[39m, [33m-0.01[39m,  [33m0.02[39m,  [33m0.02[39m,  [33m0.02[39m,  [33m0.01[39m,
      [33m-0.01[39m,  [33m0.02[39m, [33m-0.01[39m, [33m-0.01[39m,     [33m0[39m,  [33m0.01[39m,  [33m0.01[39m,     [33m0[39m,  [33m0.01[39m,
          [33m0[39m,  [33m0.01[39m,  [33m0.01[39m, [33m-0.02[39m,  [33m0.01[39m,  [33m0.02[39m,  [33m0.01[39m, [33m-0.01[39m, [33m-0.02[39m,
      [33m-0.01[39m,     [33m0[39m,     [33m0[39m,     [33m0[39m, [33m-0.02[39m,     [33m0[39m, [33m-0.01[39m,     [33m0[39m, [33m-0.01[39m,
       [33m0.01[39m,     [33m0[39m,  [33m0.01[39m,  [33m0.02[39m,  [33m0.02[39m,  [33m0.01[39m,  [33m0.01[39m,  [33m0.01[39m, [33m-0.02[39m,
      [33m-0.01[39m, [33m-0.01[39m,  [33m0.01[39m, [33m-0.01[39m, [33m-0.02[39m, [33m-0.01[39m, [33m-0.02[39m, [33m-0.01[39m,     [33m0[39m,
          [33m0[39m,
      ... 25500 more items
    ],
    b: [ [36m[Object][39m, [36m[Object][39m ],
    seed: [33m0[39m,
    trees: []
  },
  units: [
    {
      id: [33m0[39m,
      gridX: [33m10[39m,
      gridZ: [33m10[39m,
      age: [33m20[39m,
      raidTargetX: [1mnull[22m,
      raidTargetY: [1mnull[22m,
      raidTargetZ: [1mnull[22m,
      raidTargetTS: [1mnull[22m,
      lifespan: [33m94.21413871825595[39m,
      isDead: [33mfalse[39m,
      isFinished: [33mfalse[39m,
      isMoving: [33mfalse[39m,
      targetX: [33m0[39m,
      targetZ: [33m0[39m,
      moveStartTime: [33m0[39m,
      moveDuration: [33m0.8[39m,
      startGridX: [33m0[39m,
      startGridZ: [33m0[39m,
      targetGridX: [33m0[39m,
      targetGridZ: [33m0[39m,
      isSpecial: [33mfalse[39m,
      role: [32m'worker'[39m,
      type: [32m'worker'[39m,
      hp: [33m51[39m,
      maxHp: [33m51[39m,
      damage: [33m12[39m,
      xp: [33m0[39m,
      level: [33m1[39m,
      name: [32m'Unit'[39m,
      faction: [32m'player'[39m,
      squadId: [1mnull[22m,
      targetRequestId: [1mnull[22m,
      action: [32m'Idle'[39m,
      ignoredTargets: []
    },
    {
      id: [33m1[39m,
      gridX: [33m20[39m,
      gridZ: [33m20[39m,
      age: [33m20[39m,
      raidTargetX: [1mnull[22m,
      raidTargetY: [1mnull[22m,
      raidTargetZ: [1mnull[22m,
      raidTargetTS: [1mnull[22m,
      lifespan: [33m91.66261141216066[39m,
      isDead: [33mfalse[39m,
      isFinished: [33mfalse[39m,
      isMoving: [33mfalse[39m,
      targetX: [33m0[39m,
      targetZ: [33m0[39m,
      moveStartTime: [33m0[39m,
      moveDuration: [33m0.8[39m,
      startGridX: [33m0[39m,
      startGridZ: [33m0[39m,
      targetGridX: [33m0[39m,
      targetGridZ: [33m0[39m,
      isSpecial: [33mfalse[39m,
      role: [32m'knight'[39m,
      type: [32m'knight'[39m,
      hp: [33m1013[39m,
      maxHp: [33m1013[39m,
      damage: [33m300[39m,
      xp: [33m0[39m,
      level: [33m1[39m,
      name: [32m'Unit'[39m,
      faction: [32m'enemy'[39m,
      squadId: [1mnull[22m,
      targetRequestId: [1mnull[22m,
      action: [32m'Idle'[39m,
      ignoredTargets: []
    }
  ],
  requests: [],
  goblinManager: { plunderCount: [33m0[39m, goblins: [], clans: [], caves: [] },
  camera: { position: { x: [33m0[39m, y: [33m0[39m, z: [33m0[39m }, target: { x: [33m0[39m, y: [33m0[39m, z: [33m0[39m } },
  currentLevelIndex: [33m0[39m,
  currentSeed: [33m0[39m
}
[Game] Load Game: Restored Level=0, Seed=0

[90mstdout[2m | src/tests/FactionPersistence.test.js[2m > [22m[2mFaction Persistence and Logic[2m > [22m[2mshould persist unit and building faction across save/load
[22m[39mResetting GoblinManager...
Clearing 0 projectiles...
[Game] Deserializing terrain...
[Terrain] deserialize: Start
[Terrain] deserialize: Clearing Buildings...
[Terrain] deserialize: Clearing Grid...

[90mstdout[2m | src/tests/FactionPersistence.test.js[2m > [22m[2mFaction Persistence and Logic[2m > [22m[2mshould persist unit and building faction across save/load
[22m[39m[Terrain] deserialize: Restoring Grid Data...

[90mstdout[2m | src/tests/FactionPersistence.test.js[2m > [22m[2mFaction Persistence and Logic[2m > [22m[2mshould persist unit and building faction across save/load
[22m[39m[Terrain] deserialize: Restoring 2 Buildings...

[90mstdout[2m | src/tests/FactionPersistence.test.js[2m > [22m[2mFaction Persistence and Logic[2m > [22m[2mshould persist unit and building faction across save/load
[22m[39m[Terrain] Restoring building 1/2: Type=farm, Pos=(30,30), Faction=player
[Entity 4] CONSTRUCTOR START: type=building at 30,30
[Entity 4] Calling registerEntity...
[Entity 4] registerEntity returned.
[Entity 4] Calling updatePosition...
[Entity 4] updatePosition returned.

[90mstdout[2m | src/tests/FactionPersistence.test.js[2m > [22m[2mFaction Persistence and Logic[2m > [22m[2mshould persist unit and building faction across save/load
[22m[39m[Terrain] Restoring building 2/2: Type=farm, Pos=(40,40), Faction=enemy
[Entity 5] CONSTRUCTOR START: type=building at 40,40
[Entity 5] Calling registerEntity...
[Entity 5] registerEntity returned.
[Entity 5] Calling updatePosition...
[Entity 5] updatePosition returned.

[90mstdout[2m | src/tests/FactionPersistence.test.js[2m > [22m[2mFaction Persistence and Logic[2m > [22m[2mshould persist unit and building faction across save/load
[22m[39m[Game] Terrain deserialized.

[90mstdout[2m | src/tests/FactionPersistence.test.js[2m > [22m[2mFaction Persistence and Logic[2m > [22m[2mshould persist unit and building faction across save/load
[22m[39m[Game] Loading resources/time...
[Game] Updating environment...

[90mstdout[2m | src/tests/FactionPersistence.test.js[2m > [22m[2mFaction Persistence and Logic[2m > [22m[2mshould persist unit and building faction across save/load
[22m[39m[Terrain] Season set to: Spring

[90mstdout[2m | src/tests/FactionPersistence.test.js[2m > [22m[2mFaction Persistence and Logic[2m > [22m[2mshould persist unit and building faction across save/load
[22m[39m[Game] Restoring 2 units...

[90mstdout[2m | src/tests/FactionPersistence.test.js[2m > [22m[2mFaction Persistence and Logic[2m > [22m[2mshould persist unit and building faction across save/load
[22m[39m[Entity 6] CONSTRUCTOR START: type=unit at 10,10
[Entity 6] Calling registerEntity...
[Entity 6] registerEntity returned.
[Entity 6] Calling updatePosition...
[Entity 6] updatePosition returned.
[DIAG] Actor Created ID: 6
[DIAG] Actor smartMove type: function
[DIAG] Actor smartMove body snapshot: smartMove(tx, tz, time, depth = 0) {
    if (isNaN(tx) || isNaN(tz)) {
      console.error(`[Actor $
[UnitCore.js] Unit Created ID:2 Role:worker Pos:10,10 Special:false
[UnitCore.js] Unit Created ID:2 Role:worker Pos:10,10
[UnitCore.js] Unit Construction Finished ID:2
[Unit 0] State Change: Wander -> Wander

[90mstdout[2m | src/tests/FactionPersistence.test.js[2m > [22m[2mFaction Persistence and Logic[2m > [22m[2mshould persist unit and building faction across save/load
[22m[39m[Entity 7] CONSTRUCTOR START: type=unit at 20,20
[Entity 7] Calling registerEntity...
[Entity 7] registerEntity returned.
[Entity 7] Calling updatePosition...
[Entity 7] updatePosition returned.
[DIAG] Actor Created ID: 7
[DIAG] Actor smartMove type: function
[DIAG] Actor smartMove body snapshot: smartMove(tx, tz, time, depth = 0) {
    if (isNaN(tx) || isNaN(tz)) {
      console.error(`[Actor $
[UnitCore.js] Unit Created ID:3 Role:knight Pos:20,20 Special:false
[UnitCore.js] Unit Created ID:3 Role:knight Pos:20,20
[UnitCore.js] Unit Construction Finished ID:3
[Game] Successfully restored 2 units.
GoblinManager: Deserializing...
[Terrain] Validated / Cleared 0 entities of type 'goblin'.
GoblinManager: Restored 0 goblins.
[Game] Restoring 0 requests...
[Game] Checking unit 0 for targetRequestId: null
[Game] Checking unit 1 for targetRequestId: null
[Game] Restored Camera Zoom: 1

[90mstdout[2m | src/tests/Terrain.test.js[2m > [22m[2mTerrain Logic[2m > [22m[2mAdvanced Mechanics[2m > [22m[2mshould consume normal amount during day
[22m[39m[Terrain] Constructor. updatePopulation type: function

[90mstdout[2m | src/tests/Terrain.test.js[2m > [22m[2mTerrain Logic[2m > [22m[2mAdvanced Mechanics[2m > [22m[2mshould consume normal amount during day
[22m[39m[Terrain DIAG FRAME] Frame:1 Stagger:1 Units:0
[Terrain DIAG] Type:house Frame:0/1 GrowthVal:0.04 Multiplier:1 Rate:0.04 HasFood:true Pop:100

[90mstdout[2m | src/tests/Terrain.test.js[2m > [22m[2mTerrain Logic[2m > [22m[2mAdvanced Mechanics[2m > [22m[2mSeasonal Colors[2m > [22m[2mshould return different colors for seasons
[22m[39mDisposing detached game instance

[90mstdout[2m | src/tests/FactionPersistence.test.js[2m > [22m[2mFaction Persistence and Logic[2m > [22m[2mshould persist unit and building faction across save/load
[22m[39mLoad result: [33mtrue[39m
Verifying restored entities...
Persistence test PASSED

[90mstdout[2m | src/tests/FactionPersistence.test.js[2m > [22m[2mFaction Persistence and Logic[2m > [22m[2mshould only add food to player pool from player farms
[22m[39mDisposing detached game instance
[Game] Dispose called for Game Instance.
[Terrain] Dispose called.

[90mstdout[2m | src/tests/WinLossCondition.test.js[2m > [22m[2mWin/Loss Condition Logic[2m > [22m[2mshould return "loss" even if ancient ruins exist (they should be neutral)
[22m[39m[Terrain] Constructor. updatePopulation type: function
[Game] Init SphereGeometry
[Game] Minimal/Override Init Start
[Game] Minimal: Init Clock
[Game FORCE CONST 3] Assigning terrainOverride to this.terrain
[Game] Minimal: Init Managers
[Game] Minimal: Init GoblinManager
[GoblinManager] 5蛟九・豢樒ｪ溘ｒ逕滓・荳ｭ...
[GoblinManager] DETERMINISM: generateCaves start. rngState=0
[GoblinManager] DETERMINISM: Attempt 1: Rnd(0.983875, 0.752221) -> Grid(157, 120) rngState=0
[Entity 13] CONSTRUCTOR START: type=building at 157,120
[Entity 13] Calling registerEntity...
[Entity 13] registerEntity returned.
[Entity 13] Calling updatePosition...
[Entity 13] updatePosition returned.
GoblinManager: Cave registered at 157,120 
[GoblinManager] DETERMINISM: Attempt 2: Rnd(0.739492, 0.717437) -> Grid(118, 114) rngState=0
[Entity 14] CONSTRUCTOR START: type=building at 118,114
[Entity 14] Calling registerEntity...
[Entity 14] registerEntity returned.
[Entity 14] Calling updatePosition...
[Entity 14] updatePosition returned.
GoblinManager: Cave registered at 118,114 
[GoblinManager] DETERMINISM: Attempt 3: Rnd(0.927252, 0.807098) -> Grid(148, 129) rngState=0
[Entity 15] CONSTRUCTOR START: type=building at 148,129
[Entity 15] Calling registerEntity...
[Entity 15] registerEntity returned.
[Entity 15] Calling updatePosition...
[Entity 15] updatePosition returned.
GoblinManager: Cave registered at 148,129 
[Entity 16] CONSTRUCTOR START: type=building at 142,103
[Entity 16] Calling registerEntity...
[Entity 16] registerEntity returned.
[Entity 16] Calling updatePosition...
[Entity 16] updatePosition returned.
GoblinManager: Cave registered at 142,103 
[Entity 17] CONSTRUCTOR START: type=building at 123,62
[Entity 17] Calling registerEntity...
[Entity 17] registerEntity returned.
[Entity 17] Calling updatePosition...
[Entity 17] updatePosition returned.
GoblinManager: Cave registered at 123,62 
[GoblinManager] 豢樒ｪ溽函謌仙ｮ御ｺ・ 5/5 (隧ｦ陦悟屓謨ｰ: 5)
GoblinManager: Force spawning Debug Goblin
[Game] Minimal: Init EnemyAI
[Game] Minimal: Done. Returning.

[90mstdout[2m | src/tests/WinLossCondition.test.js[2m > [22m[2mWin/Loss Condition Logic[2m > [22m[2mshould return "loss" even if ancient ruins exist (they should be neutral)
[22m[39m[Entity 18] CONSTRUCTOR START: type=building at 2,2
[Entity 18] Calling registerEntity...
[Entity 18] registerEntity returned.
[Entity 18] Calling updatePosition...
[Entity 18] updatePosition returned.
[Entity 19] CONSTRUCTOR START: type=building at 10,10
[Entity 19] Calling registerEntity...
[Entity 19] registerEntity returned.
[Entity 19] Calling updatePosition...
[Entity 19] updatePosition returned.
[Game] evaluateWinLoss: Player assets zero. Units:0 Buildings:0

[90mstdout[2m | src/tests/Terrain.test.js[2m > [22m[2mTerrain Logic[2m > [22m[2mAdvanced Mechanics[2m > [22m[2mSeasonal Colors[2m > [22m[2mshould return different colors for seasons
[22m[39m[Terrain] Constructor. updatePopulation type: function

[90mstdout[2m | src/tests/WinLossCondition.test.js[2m > [22m[2mWin/Loss Condition Logic[2m > [22m[2mshould NOT kill goblin instantly when attacking a farm (Retaliation Bug)
[22m[39mDisposing detached game instance
[Game] Dispose called for Game Instance.
[Terrain] Dispose called.

[90mstdout[2m | src/tests/Terrain.test.js[2m > [22m[2mTerrain Logic[2m > [22m[2mAdvanced Mechanics[2m > [22m[2mSeasonal Colors[2m > [22m[2mshould keep rock color even if dry (desert override check)
[22m[39mDisposing detached game instance

[90mstdout[2m | src/tests/WinLossCondition.test.js[2m > [22m[2mWin/Loss Condition Logic[2m > [22m[2mshould NOT kill goblin instantly when attacking a farm (Retaliation Bug)
[22m[39m[Terrain] Constructor. updatePopulation type: function
[Game] Init SphereGeometry
[Game] Minimal/Override Init Start
[Game] Minimal: Init Clock
[Game FORCE CONST 4] Assigning terrainOverride to this.terrain
[Game] Minimal: Init Managers
[Game] Minimal: Init GoblinManager
[GoblinManager] 5蛟九・豢樒ｪ溘ｒ逕滓・荳ｭ...
[GoblinManager] DETERMINISM: generateCaves start. rngState=0
[GoblinManager] DETERMINISM: Attempt 1: Rnd(0.868691, 0.283846) -> Grid(138, 45) rngState=0
[Entity 20] CONSTRUCTOR START: type=building at 138,45
[Entity 20] Calling registerEntity...
[Entity 20] registerEntity returned.
[Entity 20] Calling updatePosition...
[Entity 20] updatePosition returned.
GoblinManager: Cave registered at 138,45 
[GoblinManager] DETERMINISM: Attempt 2: Rnd(0.862840, 0.903686) -> Grid(138, 144) rngState=0
[Entity 21] CONSTRUCTOR START: type=building at 138,144
[Entity 21] Calling registerEntity...
[Entity 21] registerEntity returned.
[Entity 21] Calling updatePosition...
[Entity 21] updatePosition returned.
GoblinManager: Cave registered at 138,144 
[GoblinManager] DETERMINISM: Attempt 3: Rnd(0.546586, 0.560091) -> Grid(87, 89) rngState=0
[Entity 22] CONSTRUCTOR START: type=building at 87,89
[Entity 22] Calling registerEntity...
[Entity 22] registerEntity returned.
[Entity 22] Calling updatePosition...
[Entity 22] updatePosition returned.
GoblinManager: Cave registered at 87,89 
[Entity 23] CONSTRUCTOR START: type=building at 35,13
[Entity 23] Calling registerEntity...
[Entity 23] registerEntity returned.
[Entity 23] Calling updatePosition...
[Entity 23] updatePosition returned.
GoblinManager: Cave registered at 35,13 
[Entity 24] CONSTRUCTOR START: type=building at 24,92
[Entity 24] Calling registerEntity...
[Entity 24] registerEntity returned.
[Entity 24] Calling updatePosition...
[Entity 24] updatePosition returned.
GoblinManager: Cave registered at 24,92 
[GoblinManager] 豢樒ｪ溽函謌仙ｮ御ｺ・ 5/5 (隧ｦ陦悟屓謨ｰ: 5)
GoblinManager: Force spawning Debug Goblin
[Game] Minimal: Init EnemyAI
[Game] Minimal: Done. Returning.

[90mstdout[2m | src/tests/WinLossCondition.test.js[2m > [22m[2mWin/Loss Condition Logic[2m > [22m[2mshould NOT kill goblin instantly when attacking a farm (Retaliation Bug)
[22m[39m[Entity 25] CONSTRUCTOR START: type=building at 5,5
[Entity 25] Calling registerEntity...
[Entity 25] registerEntity returned.
[Entity 25] Calling updatePosition...
[Entity 25] updatePosition returned.
[Building 25] takeDamage ENTER: amount=10, hp=80
[Building] farm(25) took 10 dmg. Pop: 99. Retaliation: 0

[90mstdout[2m | src/tests/FactionPersistence.test.js[2m > [22m[2mFaction Persistence and Logic[2m > [22m[2mshould only add food to player pool from player farms
[22m[39m[Terrain] Constructor. updatePopulation type: function
[Game] Init SphereGeometry
[Game] Minimal/Override Init Start
[Game] Minimal: Init Clock
[Game FORCE CONST 2] Assigning terrainOverride to this.terrain
[Game] Minimal: Init Managers
[Game] Minimal: Init GoblinManager
[GoblinManager] 5蛟九・豢樒ｪ溘ｒ逕滓・荳ｭ...
[GoblinManager] DETERMINISM: generateCaves start. rngState=0
[GoblinManager] DETERMINISM: Attempt 1: Rnd(0.980858, 0.777416) -> Grid(156, 124) rngState=0
[GoblinManager] DETERMINISM: Attempt 2: Rnd(0.067575, 0.078171) -> Grid(10, 12) rngState=0
[GoblinManager] DETERMINISM: Attempt 3: Rnd(0.145857, 0.016015) -> Grid(23, 2) rngState=0
[GoblinManager] 豢樒ｪ溽函謌仙ｮ御ｺ・ 0/5 (隧ｦ陦悟屓謨ｰ: 5000)
[Game] Minimal: Init EnemyAI
[Game] Minimal: Done. Returning.

[90mstdout[2m | src/tests/TerrainDetection.test.js
[22m[39m[DEBUG] Building.ts loaded

[90mstdout[2m | src/tests/TerrainDetection.test.js
[22m[39m[DEBUG] Terrain.ts top-level load

[90mstdout[2m | src/tests/WinLossCondition.test.js[2m > [22m[2mWin/Loss Condition Logic[2m > [22m[2mshould return "win" when all enemies (goblins, caves, huts, units) are gone
[22m[39mDisposing detached game instance
[Game] Dispose called for Game Instance.
[Terrain] Dispose called.

[90mstdout[2m | src/tests/Terrain.test.js[2m > [22m[2mTerrain Logic[2m > [22m[2mAdvanced Mechanics[2m > [22m[2mSeasonal Colors[2m > [22m[2mshould keep rock color even if dry (desert override check)
[22m[39m[Terrain] Constructor. updatePopulation type: function

[90mstdout[2m | src/tests/FactionPersistence.test.js[2m > [22m[2mFaction Persistence and Logic[2m > [22m[2mshould only add food to player pool from player farms
[22m[39mStarting resource test...
[Entity 8] CONSTRUCTOR START: type=building at 10,10
[Entity 8] Calling registerEntity...
[Entity 8] registerEntity returned.
[Entity 8] Calling updatePosition...
[Entity 8] updatePosition returned.
[Entity 9] CONSTRUCTOR START: type=building at 20,20
[Entity 9] Calling registerEntity...
[Entity 9] registerEntity returned.
[Entity 9] Calling updatePosition...
[Entity 9] updatePosition returned.
Initial resources: grain=0
[Terrain DIAG FRAME] Frame:1 Stagger:1 Units:0
[Terrain DIAG] Type:farm Frame:0/1 GrowthVal:0.5 Multiplier:0.5 Rate:0.25 HasFood:true Pop:0
[Terrain DIAG] Type:farm Frame:0/1 GrowthVal:0.5 Multiplier:0.5 Rate:0.25 HasFood:true Pop:0
Resources after update: grain=4
[Terrain DIAG FRAME] Frame:2 Stagger:1 Units:0
[Terrain DIAG] Type:farm Frame:0/1 GrowthVal:0.5 Multiplier:0.5 Rate:0.25 HasFood:true Pop:0
[Terrain DIAG] Type:farm Frame:0/1 GrowthVal:0.5 Multiplier:0.5 Rate:0.25 HasFood:true Pop:0
Resources after 2nd update (enemy only): grain=0
Resource test PASSED

 [32m笨・[39m src/tests/Terrain.test.js [2m([22m[2m9 tests[22m[2m)[22m[33m 2468[2mms[22m[39m
       [33m[2m笨・[22m[39m should grow population in a house over time [33m 338[2mms[22m[39m
       [33m[2m笨・[22m[39m should grow crops using simDeltaTime (Not raw deltaTime) [33m 381[2mms[22m[39m
       [33m[2m笨・[22m[39m should consume normal amount during day [33m 330[2mms[22m[39m
         [33m[2m笨・[22m[39m should keep rock color even if dry (desert override check) [33m 309[2mms[22m[39m
[90mstdout[2m | src/tests/FactionPersistence.test.js[2m > [22m[2mFaction Persistence and Logic[2m > [22m[2mshould allow workers and knights to target enemy human buildings
[22m[39mDisposing detached game instance
[Game] Dispose called for Game Instance.
[Terrain] Dispose called.

[90mstdout[2m | src/tests/TerrainDetection.test.ts
[22m[39m[DEBUG] Building.ts loaded

[90mstdout[2m | src/tests/TerrainDetection.test.ts
[22m[39m[DEBUG] Terrain.ts top-level load

[90mstdout[2m | src/tests/SaveLoadRestoration.test.js
[22m[39m[DEBUG] Building.ts loaded

[90mstdout[2m | src/tests/SaveLoadRestoration.test.js
[22m[39m[DEBUG] Terrain.ts top-level load

[90mstdout[2m | src/tests/SaveLoadRestoration.test.js
[22m[39m[DEBUG] Actor.ts loaded

[90mstdout[2m | src/tests/ManualRequestIntegration.test.js
[22m[39m[DEBUG] Building.ts loaded

[90mstdout[2m | src/tests/ManualRequestIntegration.test.js
[22m[39m[DEBUG] Terrain.ts top-level load

[90mstdout[2m | src/tests/RealGrowth.test.js
[22m[39m[DEBUG] Building.ts loaded

[90mstdout[2m | src/tests/RealGrowth.test.js
[22m[39m[DEBUG] Terrain.ts top-level load

[90mstdout[2m | src/tests/SpatialSearch.test.js
[22m[39m[DEBUG] Building.ts loaded

[90mstdout[2m | src/tests/SpatialSearch.test.js
[22m[39m[DEBUG] Terrain.ts top-level load

[90mstdout[2m | src/tests/ManualRequestIntegration.test.js
[22m[39m[DEBUG] Actor.ts loaded

[90mstdout[2m | src/tests/SaveLoadRestoration.test.js
[22m[39m[DEBUG] Goblin.ts loaded

[90mstdout[2m | src/tests/TerrainDetection.test.js[2m > [22m[2mTerrain Detection Logic[2m > [22m[2mshould detect target in same region
[22m[39m[Terrain] Constructor. updatePopulation type: function

[90mstdout[2m | src/tests/RealGrowth.test.js
[22m[39m[DEBUG] Actor.ts loaded

[90mstdout[2m | src/tests/TerrainDetection.test.ts[2m > [22m[2mTerrain Detection Logic[2m > [22m[2mshould detect target in same region
[22m[39m[Terrain] Constructor. updatePopulation type: function

[90mstdout[2m | src/tests/SaveLoadRestoration.test.js
[22m[39m[Import Debug] Raid: function, Combat: function, Wander: function

[90mstdout[2m | src/tests/WinLossCondition.test.js[2m > [22m[2mWin/Loss Condition Logic[2m > [22m[2mshould return "win" when all enemies (goblins, caves, huts, units) are gone
[22m[39m[Terrain] Constructor. updatePopulation type: function
[Game] Init SphereGeometry
[Game] Minimal/Override Init Start
[Game] Minimal: Init Clock
[Game FORCE CONST 5] Assigning terrainOverride to this.terrain
[Game] Minimal: Init Managers
[Game] Minimal: Init GoblinManager
[GoblinManager] 5蛟九・豢樒ｪ溘ｒ逕滓・荳ｭ...
[GoblinManager] DETERMINISM: generateCaves start. rngState=0
[GoblinManager] DETERMINISM: Attempt 1: Rnd(0.973720, 0.770755) -> Grid(155, 123) rngState=0
[Entity 26] CONSTRUCTOR START: type=building at 155,123
[Entity 26] Calling registerEntity...
[Entity 26] registerEntity returned.
[Entity 26] Calling updatePosition...
[Entity 26] updatePosition returned.
GoblinManager: Cave registered at 155,123 
[GoblinManager] DETERMINISM: Attempt 2: Rnd(0.576032, 0.540634) -> Grid(92, 86) rngState=0
[Entity 27] CONSTRUCTOR START: type=building at 92,86
[Entity 27] Calling registerEntity...
[Entity 27] registerEntity returned.
[Entity 27] Calling updatePosition...
[Entity 27] updatePosition returned.
GoblinManager: Cave registered at 92,86 
[GoblinManager] DETERMINISM: Attempt 3: Rnd(0.511522, 0.143526) -> Grid(81, 22) rngState=0
[Entity 28] CONSTRUCTOR START: type=building at 81,22
[Entity 28] Calling registerEntity...
[Entity 28] registerEntity returned.
[Entity 28] Calling updatePosition...
[Entity 28] updatePosition returned.
GoblinManager: Cave registered at 81,22 
[Entity 29] CONSTRUCTOR START: type=building at 5,93
[Entity 29] Calling registerEntity...
[Entity 29] registerEntity returned.
[Entity 29] Calling updatePosition...
[Entity 29] updatePosition returned.
GoblinManager: Cave registered at 5,93 
[Entity 30] CONSTRUCTOR START: type=building at 78,89
[Entity 30] Calling registerEntity...
[Entity 30] registerEntity returned.
[Entity 30] Calling updatePosition...
[Entity 30] updatePosition returned.
GoblinManager: Cave registered at 78,89 
[GoblinManager] 豢樒ｪ溽函謌仙ｮ御ｺ・ 5/5 (隧ｦ陦悟屓謨ｰ: 5)
GoblinManager: Force spawning Debug Goblin
[Game] Minimal: Init EnemyAI
[Game] Minimal: Done. Returning.

[90mstdout[2m | src/tests/WinLossCondition.test.js[2m > [22m[2mWin/Loss Condition Logic[2m > [22m[2mshould return "win" when all enemies (goblins, caves, huts, units) are gone
[22m[39m[Game] evaluateWinLoss: Enemy assets zero. Goblins:0 Caves:0 enemyBuildings:0 enemyUnits:0

[90mstdout[2m | src/tests/WinLossCondition.test.js[2m > [22m[2mWin/Loss Condition Logic[2m > [22m[2mshould correctly restore enemy faction for caves and huts during deserialization
[22m[39mDisposing detached game instance
[Game] Dispose called for Game Instance.
[Terrain] Dispose called.

[90mstdout[2m | src/tests/FactionPersistence.test.js[2m > [22m[2mFaction Persistence and Logic[2m > [22m[2mshould allow workers and knights to target enemy human buildings
[22m[39m[Terrain] Constructor. updatePopulation type: function
[Game] Init SphereGeometry
[Game] Minimal/Override Init Start
[Game] Minimal: Init Clock
[Game FORCE CONST 3] Assigning terrainOverride to this.terrain
[Game] Minimal: Init Managers
[Game] Minimal: Init GoblinManager
[GoblinManager] 5蛟九・豢樒ｪ溘ｒ逕滓・荳ｭ...
[GoblinManager] DETERMINISM: generateCaves start. rngState=0
[GoblinManager] DETERMINISM: Attempt 1: Rnd(0.630954, 0.883604) -> Grid(100, 141) rngState=0
[GoblinManager] DETERMINISM: Attempt 2: Rnd(0.006969, 0.955057) -> Grid(1, 152) rngState=0
[GoblinManager] DETERMINISM: Attempt 3: Rnd(0.168687, 0.257415) -> Grid(26, 41) rngState=0
[GoblinManager] 豢樒ｪ溽函謌仙ｮ御ｺ・ 0/5 (隧ｦ陦悟屓謨ｰ: 5000)
[Game] Minimal: Init EnemyAI
[Game] Minimal: Done. Returning.

[90mstdout[2m | src/tests/FactionPersistence.test.js[2m > [22m[2mFaction Persistence and Logic[2m > [22m[2mshould allow workers and knights to target enemy human buildings
[22m[39mStarting enemy building targeting test...
[Entity 10] CONSTRUCTOR START: type=unit at 10,10
[Entity 10] Calling registerEntity...
[Entity 10] registerEntity returned.
[Entity 10] Calling updatePosition...
[Entity 10] updatePosition returned.
[DIAG] Actor Created ID: 10
[DIAG] Actor smartMove type: function
[DIAG] Actor smartMove body snapshot: smartMove(tx, tz, time, depth = 0) {
    if (isNaN(tx) || isNaN(tz)) {
      console.error(`[Actor $
[UnitCore.js] Unit Created ID:2 Role:worker Pos:10,10 Special:false
[UnitCore.js] Unit Created ID:2 Role:worker Pos:10,10
[UnitCore.js] Unit Construction Finished ID:2
[Entity 11] CONSTRUCTOR START: type=building at 12,10
[Entity 11] Calling registerEntity...
[Entity 11] registerEntity returned.
[Entity 11] Calling updatePosition...
[Entity 11] updatePosition returned.
Worker Faction: player, Tower Faction: enemy
Worker current target: tower
[Entity 12] CONSTRUCTOR START: type=unit at 20,20
[Entity 12] Calling registerEntity...
[Entity 12] registerEntity returned.
[Entity 12] Calling updatePosition...
[Entity 12] updatePosition returned.
[DIAG] Actor Created ID: 12
[DIAG] Actor smartMove type: function
[DIAG] Actor smartMove body snapshot: smartMove(tx, tz, time, depth = 0) {
    if (isNaN(tx) || isNaN(tz)) {
      console.error(`[Actor $
[UnitCore.js] Unit Created ID:3 Role:knight Pos:20,20 Special:false
[UnitCore.js] Unit Created ID:3 Role:knight Pos:20,20
[UnitCore.js] Unit Construction Finished ID:3
[Entity 13] CONSTRUCTOR START: type=building at 22,20
[Entity 13] Calling registerEntity...
[Entity 13] registerEntity returned.
[Entity 13] Calling updatePosition...
[Entity 13] updatePosition returned.
Knight current target: house
Targeting test PASSED

 [32m笨・[39m src/tests/FactionPersistence.test.js [2m([22m[2m3 tests[22m[2m)[22m[33m 2202[2mms[22m[39m
     [33m[2m笨・[22m[39m should persist unit and building faction across save/load [33m 1451[2mms[22m[39m
     [33m[2m笨・[22m[39m should only add food to player pool from player farms [33m 419[2mms[22m[39m
     [33m[2m笨・[22m[39m should allow workers and knights to target enemy human buildings [33m 321[2mms[22m[39m
[90mstdout[2m | src/tests/SaveLoadRestoration.test.js
[22m[39m[DEBUG] Game.ts top-level load

[90mstdout[2m | src/tests/RealGrowth.test.js
[22m[39m[DEBUG] Goblin.ts loaded

[90mstdout[2m | src/tests/ManualRequestIntegration.test.js
[22m[39m[DEBUG] Goblin.ts loaded

[90mstdout[2m | src/tests/RealGrowth.test.js
[22m[39m[Import Debug] Raid: function, Combat: function, Wander: function

[90mstdout[2m | src/tests/ManualRequestIntegration.test.js
[22m[39m[Import Debug] Raid: function, Combat: function, Wander: function

[90mstdout[2m | src/tests/RealGrowth.test.js
[22m[39m[DEBUG] Game.ts top-level load

[90mstdout[2m | src/tests/ManualRequestIntegration.test.js
[22m[39m[DEBUG] Game.ts top-level load

[90mstdout[2m | src/tests/TerrainDetection.test.js[2m > [22m[2mTerrain Detection Logic[2m > [22m[2mshould NOT detect target in different region (Cross Mountain)
[22m[39m[Terrain] Constructor. updatePopulation type: function

[90mstdout[2m | src/tests/WinLossCondition.test.js[2m > [22m[2mWin/Loss Condition Logic[2m > [22m[2mshould correctly restore enemy faction for caves and huts during deserialization
[22m[39m[Terrain] Constructor. updatePopulation type: function
[Game] Init SphereGeometry
[Game] Minimal/Override Init Start
[Game] Minimal: Init Clock
[Game FORCE CONST 6] Assigning terrainOverride to this.terrain
[Game] Minimal: Init Managers
[Game] Minimal: Init GoblinManager
[GoblinManager] 5蛟九・豢樒ｪ溘ｒ逕滓・荳ｭ...
[GoblinManager] DETERMINISM: generateCaves start. rngState=0
[GoblinManager] DETERMINISM: Attempt 1: Rnd(0.275048, 0.364723) -> Grid(44, 58) rngState=0
[Entity 31] CONSTRUCTOR START: type=building at 44,58
[Entity 31] Calling registerEntity...
[Entity 31] registerEntity returned.
[Entity 31] Calling updatePosition...
[Entity 31] updatePosition returned.
GoblinManager: Cave registered at 44,58 
[GoblinManager] DETERMINISM: Attempt 2: Rnd(0.803035, 0.389010) -> Grid(128, 62) rngState=0
[Entity 32] CONSTRUCTOR START: type=building at 128,62
[Entity 32] Calling registerEntity...
[Entity 32] registerEntity returned.
[Entity 32] Calling updatePosition...
[Entity 32] updatePosition returned.
GoblinManager: Cave registered at 128,62 
[GoblinManager] DETERMINISM: Attempt 3: Rnd(0.769946, 0.871105) -> Grid(123, 139) rngState=0
[Entity 33] CONSTRUCTOR START: type=building at 123,139
[Entity 33] Calling registerEntity...
[Entity 33] registerEntity returned.
[Entity 33] Calling updatePosition...
[Entity 33] updatePosition returned.
GoblinManager: Cave registered at 123,139 
[Entity 34] CONSTRUCTOR START: type=building at 23,12
[Entity 34] Calling registerEntity...
[Entity 34] registerEntity returned.
[Entity 34] Calling updatePosition...
[Entity 34] updatePosition returned.
GoblinManager: Cave registered at 23,12 
[Entity 35] CONSTRUCTOR START: type=building at 134,103
[Entity 35] Calling registerEntity...
[Entity 35] registerEntity returned.
[Entity 35] Calling updatePosition...
[Entity 35] updatePosition returned.
GoblinManager: Cave registered at 134,103 
[GoblinManager] 豢樒ｪ溽函謌仙ｮ御ｺ・ 5/5 (隧ｦ陦悟屓謨ｰ: 5)
GoblinManager: Force spawning Debug Goblin
[Game] Minimal: Init EnemyAI
[Game] Minimal: Done. Returning.

[90mstdout[2m | src/tests/WinLossCondition.test.js[2m > [22m[2mWin/Loss Condition Logic[2m > [22m[2mshould correctly restore enemy faction for caves and huts during deserialization
[22m[39m[Entity 36] CONSTRUCTOR START: type=building at 10,10
[Entity 36] Calling registerEntity...
[Entity 36] registerEntity returned.
[Entity 36] Calling updatePosition...
[Entity 36] updatePosition returned.

[90mstdout[2m | src/tests/SpatialSearch.test.js[2m > [22m[2mSpatial Partitioning[2m > [22m[2mshould register and retrieve an entity
[22m[39m[Terrain] Constructor. updatePopulation type: function

[90mstdout[2m | src/tests/WinLossCondition.test.js[2m > [22m[2mWin/Loss Condition Logic[2m > [22m[2mshould correctly restore enemy faction for caves and huts during deserialization
[22m[39m[Entity 37] CONSTRUCTOR START: type=building at 20,20
[Entity 37] Calling registerEntity...
[Entity 37] registerEntity returned.
[Entity 37] Calling updatePosition...
[Entity 37] updatePosition returned.

[90mstdout[2m | src/tests/WinLossCondition.test.js[2m > [22m[2mWin/Loss Condition Logic[2m > [22m[2mshould correctly restore enemy faction for caves and huts during deserialization
[22m[39m[Entity 38] CONSTRUCTOR START: type=building at 5,5
[Entity 38] Calling registerEntity...
[Entity 38] registerEntity returned.
[Entity 38] Calling updatePosition...
[Entity 38] updatePosition returned.

[90mstdout[2m | src/tests/TerrainDetection.test.ts[2m > [22m[2mTerrain Detection Logic[2m > [22m[2mshould NOT detect target in different region (Cross Mountain)
[22m[39m[Terrain] Constructor. updatePopulation type: function

 [32m笨・[39m src/tests/WinLossCondition.test.js [2m([22m[2m6 tests[22m[2m)[22m[33m 2584[2mms[22m[39m
     [33m[2m笨・[22m[39m should return "loss" when player units and buildings are all gone [33m 821[2mms[22m[39m
     [33m[2m笨・[22m[39m should NOT return "loss" if player still has a building [33m 331[2mms[22m[39m
     [33m[2m笨・[22m[39m should return "loss" even if ancient ruins exist (they should be neutral) [33m 441[2mms[22m[39m
     [33m[2m笨・[22m[39m should return "win" when all enemies (goblins, caves, huts, units) are gone [33m 368[2mms[22m[39m
     [33m[2m笨・[22m[39m should correctly restore enemy faction for caves and huts during deserialization [33m 327[2mms[22m[39m
[90mstdout[2m | src/tests/SaveLoadRestoration.test.js[2m > [22m[2mSave/Load Job Restoration[2m > [22m[2mshould restore unit ID and re-link to Job correctly
[22m[39m[Game] Init SphereGeometry
[Game] Initializing Full Three.js components...
[Game] Debug Levels: [
  {
    levelId: [33m1[39m,
    title: [32m'The Beginning'[39m,
    mapWidth: [33m120[39m,
    mapDepth: [33m120[39m,
    initialState: {
      unitCount: [33m1[39m,
      hasEnemyBase: [33mfalse[39m,
      hasEnemyGuard: [33mfalse[39m,
      goblinCaves: [33m1[39m
    },
    generation: {
      rockHeight: [33m9[39m,
      moistureBase: [33m0.55[39m,
      treeDensity: [33m0.2[39m,
      landRatio: [33m0.6[39m
    }
  },
  {
    levelId: [33m2[39m,
    title: [32m'Expansion'[39m,
    mapWidth: [33m120[39m,
    mapDepth: [33m120[39m,
    initialState: {
      unitCount: [33m5[39m,
      hasEnemyBase: [33mtrue[39m,
      hasEnemyGuard: [33mfalse[39m,
      goblinCaves: [33m3[39m
    },
    generation: {
      rockHeight: [33m12[39m,
      moistureBase: [33m0.4[39m,
      treeDensity: [33m0.8[39m,
      landRatio: [33m0.6[39m
    }
  },
  {
    levelId: [33m3[39m,
    title: [32m'Warfare'[39m,
    mapWidth: [33m160[39m,
    mapDepth: [33m160[39m,
    initialState: {
      unitCount: [33m8[39m,
      hasEnemyBase: [33mtrue[39m,
      hasEnemyGuard: [33mtrue[39m,
      goblinCaves: [33m5[39m
    },
    generation: {
      rockHeight: [33m10[39m,
      moistureBase: [33m0.6[39m,
      treeDensity: [33m1[39m,
      landRatio: [33m0.4[39m
    }
  }
]
[Terrain] Constructor. updatePopulation type: function
[Game] Init CloudManager
[Game] Init BirdManager
[Game] Init SheepManager
Resetting SheepManager...
[Game] Init GoblinManager
[GoblinManager] 5蛟九・豢樒ｪ溘ｒ逕滓・荳ｭ...
[GoblinManager] DETERMINISM: generateCaves start. rngState=0
[GoblinManager] DETERMINISM: Attempt 1: Rnd(0.872081, 0.423565) -> Grid(104, 50) rngState=0
[GoblinManager] DETERMINISM: Attempt 2: Rnd(0.830475, 0.676887) -> Grid(99, 81) rngState=0
[GoblinManager] DETERMINISM: Attempt 3: Rnd(0.322471, 0.009508) -> Grid(38, 1) rngState=0
[GoblinManager] 豢樒ｪ溽函謌仙ｮ御ｺ・ 0/5 (隧ｦ陦悟屓謨ｰ: 5000)
[Game] Init FishManager

[90mstdout[2m | src/tests/SaveLoadRestoration.test.js[2m > [22m[2mSave/Load Job Restoration[2m > [22m[2mshould reset ghost-assigned requests during load
[22m[39mDisposing detached game instance
[Game] Dispose called for Game Instance.
[Terrain] Dispose called.

Cannot parse C:/Users/mooya/develop/test/src/tests/ForceAssignment.test.js:
Expression expected.
[90mstdout[2m | src/tests/TerrainDetection.test.js[2m > [22m[2mTerrain Detection Logic[2m > [22m[2mshould rely on Grid search and respect regions
[22m[39m[Terrain] Constructor. updatePopulation type: function

[90mstdout[2m | src/tests/ManualRequestIntegration.test.js[2m > [22m[2mManual Request Integration[2m > [22m[2mshould assign a manual request and move unit towards it
[22m[39m[Terrain] Constructor. updatePopulation type: function
[Entity 0] CONSTRUCTOR START: type=unit at 5,5
[Entity 0] Calling registerEntity...
[Entity 0] registerEntity returned.
[Entity 0] Calling updatePosition...
[Entity 0] updatePosition returned.
[DIAG] Actor Created ID: 0
[DIAG] Actor smartMove type: function
[DIAG] Actor smartMove body snapshot: smartMove(tx, tz, time, depth = 0) {
    if (isNaN(tx) || isNaN(tz)) {
      console.error(`[Actor $
[UnitCore.js] Unit Created ID:0 Role:worker Pos:5,5 Special:false
[Unit 0] State Change: None -> Wander
[UnitCore.js] Unit Created ID:0 Role:worker Pos:5,5
[UnitCore.js] Unit Construction Finished ID:0

[90mstdout[2m | src/tests/ManualRequestIntegration.test.js[2m > [22m[2mManual Request Integration[2m > [22m[2mshould assign a manual request and move unit towards it
[22m[39m[Actor 1] Resetting Unreachable (Target changed or initializing)
[Actor 1] Resetting Unreachable (Target changed or initializing)

[90mstdout[2m | src/tests/ManualRequestIntegration.test.js[2m > [22m[2mManual Request Integration[2m > [22m[2mshould assign a manual request and move unit towards it
[22m[39m[Actor 1] Pathfinding SUCCESS: Got 6 nodes to 10,5
[Entity 1] startMove -> isMoving:true. Target:6,5 StartTime:0.1000

[90mstdout[2m | src/tests/ManualRequestIntegration.test.js[2m > [22m[2mManual Request Integration[2m > [22m[2mshould assign a manual request and move unit towards it
[22m[39mUnit Verified Path Length: 5
Unit Path First: 6,5
Step 0: X=5.00 Z=5.00 isMoving=true

[90mstdout[2m | src/tests/TerrainDetection.test.ts[2m > [22m[2mTerrain Detection Logic[2m > [22m[2mshould rely on Grid search and respect regions
[22m[39m[Terrain] Constructor. updatePopulation type: function

[90mstdout[2m | src/tests/RealGrowth.test.js[2m > [22m[2mReal Growth Stagnation Diagnostic[2m > [22m[2mshould show population growth for houses with 20x stagger
[22m[39m[Terrain] Constructor. updatePopulation type: function
[Game] Init SphereGeometry
[Game] Minimal/Override Init Start
[Game FORCE CONST 1] Assigning terrainOverride to this.terrain
[Game] Init CloudManager
[Game] Init BirdManager
[Game] Init SheepManager
Resetting SheepManager...
[Entity 0] CONSTRUCTOR START: type=sheep at 20,37
[Entity 0] Calling registerEntity...
[Entity 0] registerEntity returned.
[Entity 0] Calling updatePosition...
[Entity 0] updatePosition returned.
[DIAG] Actor Created ID: 0
[DIAG] Actor smartMove type: function
[DIAG] Actor smartMove body snapshot: smartMove(tx, tz, time, depth = 0) {
    if (isNaN(tx) || isNaN(tz)) {
      console.error(`[Actor $
[Actor 0] CHANGE STATE: None -> SheepWander Request:null 
[Entity 1] CONSTRUCTOR START: type=sheep at 18,72
[Entity 1] Calling registerEntity...
[Entity 1] registerEntity returned.
[Entity 1] Calling updatePosition...
[Entity 1] updatePosition returned.
[DIAG] Actor Created ID: 1
[DIAG] Actor smartMove type: function
[DIAG] Actor smartMove body snapshot: smartMove(tx, tz, time, depth = 0) {
    if (isNaN(tx) || isNaN(tz)) {
      console.error(`[Actor $
[Entity 2] CONSTRUCTOR START: type=sheep at 6,73
[Entity 2] Calling registerEntity...
[Entity 2] registerEntity returned.
[Entity 2] Calling updatePosition...
[Entity 2] updatePosition returned.
[DIAG] Actor Created ID: 2
[DIAG] Actor smartMove type: function
[DIAG] Actor smartMove body snapshot: smartMove(tx, tz, time, depth = 0) {
    if (isNaN(tx) || isNaN(tz)) {
      console.error(`[Actor $
[Entity 3] CONSTRUCTOR START: type=sheep at 53,16
[Entity 3] Calling registerEntity...
[Entity 3] registerEntity returned.
[Entity 3] Calling updatePosition...
[Entity 3] updatePosition returned.
[DIAG] Actor Created ID: 3
[DIAG] Actor smartMove type: function
[DIAG] Actor smartMove body snapshot: smartMove(tx, tz, time, depth = 0) {
    if (isNaN(tx) || isNaN(tz)) {
      console.error(`[Actor $
[Entity 4] CONSTRUCTOR START: type=sheep at 44,28
[Entity 4] Calling registerEntity...
[Entity 4] registerEntity returned.
[Entity 4] Calling updatePosition...
[Entity 4] updatePosition returned.
[DIAG] Actor Created ID: 4
[DIAG] Actor smartMove type: function
[DIAG] Actor smartMove body snapshot: smartMove(tx, tz, time, depth = 0) {
    if (isNaN(tx) || isNaN(tz)) {
      console.error(`[Actor $
[Entity 5] CONSTRUCTOR START: type=sheep at 76,50
[Entity 5] Calling registerEntity...
[Entity 5] registerEntity returned.
[Entity 5] Calling updatePosition...
[Entity 5] updatePosition returned.
[DIAG] Actor Created ID: 5
[DIAG] Actor smartMove type: function
[DIAG] Actor smartMove body snapshot: smartMove(tx, tz, time, depth = 0) {
    if (isNaN(tx) || isNaN(tz)) {
      console.error(`[Actor $
[Entity 6] CONSTRUCTOR START: type=sheep at 23,3
[Entity 6] Calling registerEntity...
[Entity 6] registerEntity returned.
[Entity 6] Calling updatePosition...
[Entity 6] updatePosition returned.
[DIAG] Actor Created ID: 6
[DIAG] Actor smartMove type: function
[DIAG] Actor smartMove body snapshot: smartMove(tx, tz, time, depth = 0) {
    if (isNaN(tx) || isNaN(tz)) {
      console.error(`[Actor $
[Entity 7] CONSTRUCTOR START: type=sheep at 66,15
[Entity 7] Calling registerEntity...
[Entity 7] registerEntity returned.
[Entity 7] Calling updatePosition...
[Entity 7] updatePosition returned.
[DIAG] Actor Created ID: 7
[DIAG] Actor smartMove type: function
[DIAG] Actor smartMove body snapshot: smartMove(tx, tz, time, depth = 0) {
    if (isNaN(tx) || isNaN(tz)) {
      console.error(`[Actor $
[Entity 8] CONSTRUCTOR START: type=sheep at 31,14
[Entity 8] Calling registerEntity...
[Entity 8] registerEntity returned.
[Entity 8] Calling updatePosition...
[Entity 8] updatePosition returned.
[DIAG] Actor Created ID: 8
[DIAG] Actor smartMove type: function
[DIAG] Actor smartMove body snapshot: smartMove(tx, tz, time, depth = 0) {
    if (isNaN(tx) || isNaN(tz)) {
      console.error(`[Actor $
[Entity 9] CONSTRUCTOR START: type=sheep at 60,63
[Entity 9] Calling registerEntity...
[Entity 9] registerEntity returned.
[Entity 9] Calling updatePosition...
[Entity 9] updatePosition returned.
[DIAG] Actor Created ID: 9
[DIAG] Actor smartMove type: function
[DIAG] Actor smartMove body snapshot: smartMove(tx, tz, time, depth = 0) {
    if (isNaN(tx) || isNaN(tz)) {
      console.error(`[Actor $
[Game] Init GoblinManager
[GoblinManager] 5蛟九・豢樒ｪ溘ｒ逕滓・荳ｭ...
[GoblinManager] DETERMINISM: generateCaves start. rngState=0
[GoblinManager] DETERMINISM: Attempt 1: Rnd(0.554599, 0.540770) -> Grid(44, 43) rngState=0
[Entity 10] CONSTRUCTOR START: type=building at 44,43
[Entity 10] Calling registerEntity...
[Entity 10] registerEntity returned.
[Entity 10] Calling updatePosition...
[Entity 10] updatePosition returned.
GoblinManager: Cave registered at 44,43 
[GoblinManager] DETERMINISM: Attempt 2: Rnd(0.790785, 0.893642) -> Grid(63, 71) rngState=0
[Entity 11] CONSTRUCTOR START: type=building at 63,71
[Entity 11] Calling registerEntity...
[Entity 11] registerEntity returned.
[Entity 11] Calling updatePosition...
[Entity 11] updatePosition returned.
GoblinManager: Cave registered at 63,71 
[GoblinManager] DETERMINISM: Attempt 3: Rnd(0.967698, 0.433766) -> Grid(77, 34) rngState=0
[Entity 12] CONSTRUCTOR START: type=building at 77,34
[Entity 12] Calling registerEntity...
[Entity 12] registerEntity returned.
[Entity 12] Calling updatePosition...
[Entity 12] updatePosition returned.
GoblinManager: Cave registered at 77,34 
[Entity 13] CONSTRUCTOR START: type=building at 63,15
[Entity 13] Calling registerEntity...
[Entity 13] registerEntity returned.
[Entity 13] Calling updatePosition...
[Entity 13] updatePosition returned.
GoblinManager: Cave registered at 63,15 
[Entity 14] CONSTRUCTOR START: type=building at 56,73
[Entity 14] Calling registerEntity...
[Entity 14] registerEntity returned.
[Entity 14] Calling updatePosition...
[Entity 14] updatePosition returned.
GoblinManager: Cave registered at 56,73 
[GoblinManager] 豢樒ｪ溽函謌仙ｮ御ｺ・ 5/5 (隧ｦ陦悟屓謨ｰ: 5)
GoblinManager: Force spawning Debug Goblin
[Game] Init FishManager

[90mstdout[2m | src/tests/GridSearchRegression.test.js
[22m[39m[DEBUG] Building.ts loaded

[90mstdout[2m | src/tests/GridSearchRegression.test.js
[22m[39m[DEBUG] Terrain.ts top-level load

[90mstdout[2m | src/tests/RealGrowth.test.js[2m > [22m[2mReal Growth Stagnation Diagnostic[2m > [22m[2mshould show house population growth with small deltaTime (1/60s)
[22m[39mDisposing detached game instance
[Game] Dispose called for Game Instance.
[Terrain] Dispose called.

[90mstdout[2m | src/tests/ManualRequestIntegration.test.js[2m > [22m[2mManual Request Integration[2m > [22m[2mshould assign a manual request and move unit towards it
[22m[39mStep 1: X=5.00 Z=5.00 isMoving=true

[90mstdout[2m | src/tests/ManualRequestIntegration.test.js[2m > [22m[2mManual Request Integration[2m > [22m[2mshould assign a manual request and move unit towards it
[22m[39mStep 2: X=5.00 Z=5.00 isMoving=true

[90mstdout[2m | src/tests/ManualRequestIntegration.test.js[2m > [22m[2mManual Request Integration[2m > [22m[2mshould assign a manual request and move unit towards it
[22m[39mStep 3: X=5.00 Z=5.00 isMoving=true

[90mstdout[2m | src/tests/ManualRequestIntegration.test.js[2m > [22m[2mManual Request Integration[2m > [22m[2mshould assign a manual request and move unit towards it
[22m[39mStep 4: X=5.00 Z=5.00 isMoving=true

[90mstdout[2m | src/tests/ManualRequestIntegration.test.js[2m > [22m[2mManual Request Integration[2m > [22m[2mshould assign a manual request and move unit towards it
[22m[39mStep 5: X=5.00 Z=5.00 isMoving=true

[90mstdout[2m | src/tests/ManualRequestIntegration.test.js[2m > [22m[2mManual Request Integration[2m > [22m[2mshould assign a manual request and move unit towards it
[22m[39mStep 6: X=5.00 Z=5.00 isMoving=true

[90mstdout[2m | src/tests/ManualRequestIntegration.test.js[2m > [22m[2mManual Request Integration[2m > [22m[2mshould assign a manual request and move unit towards it
[22m[39mStep 7: X=5.00 Z=5.00 isMoving=true

[90mstdout[2m | src/tests/ManualRequestIntegration.test.js[2m > [22m[2mManual Request Integration[2m > [22m[2mshould assign a manual request and move unit towards it
[22m[39mStep 8: X=5.00 Z=5.00 isMoving=true

[90mstdout[2m | src/tests/ManualRequestIntegration.test.js[2m > [22m[2mManual Request Integration[2m > [22m[2mshould assign a manual request and move unit towards it
[22m[39m[Entity 1] updateMovement ARRIVAL -> isMoving:false. Time:1.0000 StartTime:0.1000 Dur:0.8000 PrevGrid:5,5 Target:6,5
[Entity 1] startMove -> isMoving:true. Target:7,5 StartTime:1.0000
Step 9: X=6.00 Z=5.00 isMoving=true

[90mstdout[2m | src/tests/LoadUpdateLoop.test.js
[22m[39m[DEBUG] Actor.ts loaded

[90mstdout[2m | src/tests/ManualRequestIntegration.test.js[2m > [22m[2mManual Request Integration[2m > [22m[2mshould assign a manual request and move unit towards it
[22m[39mStep 10: X=6.00 Z=5.00 isMoving=true

[90mstdout[2m | src/tests/ManualRequestIntegration.test.js[2m > [22m[2mManual Request Integration[2m > [22m[2mshould assign a manual request and move unit towards it
[22m[39mStep 11: X=6.00 Z=5.00 isMoving=true

[90mstdout[2m | src/tests/ManualRequestIntegration.test.js[2m > [22m[2mManual Request Integration[2m > [22m[2mshould assign a manual request and move unit towards it
[22m[39mStep 12: X=6.00 Z=5.00 isMoving=true

[90mstdout[2m | src/tests/ManualRequestIntegration.test.js[2m > [22m[2mManual Request Integration[2m > [22m[2mshould assign a manual request and move unit towards it
[22m[39mStep 13: X=6.00 Z=5.00 isMoving=true

[90mstdout[2m | src/tests/ManualRequestIntegration.test.js[2m > [22m[2mManual Request Integration[2m > [22m[2mshould assign a manual request and move unit towards it
[22m[39mStep 14: X=6.00 Z=5.00 isMoving=true

[90mstdout[2m | src/tests/ManualRequestIntegration.test.js[2m > [22m[2mManual Request Integration[2m > [22m[2mshould assign a manual request and move unit towards it
[22m[39mStep 15: X=6.00 Z=5.00 isMoving=true

[90mstdout[2m | src/tests/ManualRequestIntegration.test.js[2m > [22m[2mManual Request Integration[2m > [22m[2mshould assign a manual request and move unit towards it
[22m[39mStep 16: X=6.00 Z=5.00 isMoving=true

[90mstdout[2m | src/tests/ManualRequestIntegration.test.js[2m > [22m[2mManual Request Integration[2m > [22m[2mshould assign a manual request and move unit towards it
[22m[39m[Entity 1] updateMovement ARRIVAL -> isMoving:false. Time:1.8000 StartTime:1.0000 Dur:0.8000 PrevGrid:6,5 Target:7,5
[Entity 1] startMove -> isMoving:true. Target:8,5 StartTime:1.8000
Step 17: X=7.00 Z=5.00 isMoving=true

[90mstdout[2m | src/tests/ManualRequestIntegration.test.js[2m > [22m[2mManual Request Integration[2m > [22m[2mshould assign a manual request and move unit towards it
[22m[39mStep 18: X=7.00 Z=5.00 isMoving=true

[90mstdout[2m | src/tests/ManualRequestIntegration.test.js[2m > [22m[2mManual Request Integration[2m > [22m[2mshould assign a manual request and move unit towards it
[22m[39mStep 19: X=7.00 Z=5.00 isMoving=true

[90mstdout[2m | src/tests/ManualRequestIntegration.test.js[2m > [22m[2mManual Request Integration[2m > [22m[2mshould assign a manual request and move unit towards it
[22m[39mStep 20: X=7.00 Z=5.00 isMoving=true

[90mstdout[2m | src/tests/ManualRequestIntegration.test.js[2m > [22m[2mManual Request Integration[2m > [22m[2mshould assign a manual request and move unit towards it
[22m[39mStep 21: X=7.00 Z=5.00 isMoving=true

[90mstdout[2m | src/tests/LoadUpdateLoop.test.js
[22m[39m[DEBUG] Game.ts top-level load

[90mstdout[2m | src/tests/ManualRequestIntegration.test.js[2m > [22m[2mManual Request Integration[2m > [22m[2mshould assign a manual request and move unit towards it
[22m[39mStep 22: X=7.00 Z=5.00 isMoving=true

[90mstdout[2m | src/tests/ManualRequestIntegration.test.js[2m > [22m[2mManual Request Integration[2m > [22m[2mshould assign a manual request and move unit towards it
[22m[39mStep 23: X=7.00 Z=5.00 isMoving=true

[90mstdout[2m | src/tests/ManualRequestIntegration.test.js[2m > [22m[2mManual Request Integration[2m > [22m[2mshould assign a manual request and move unit towards it
[22m[39mStep 24: X=7.00 Z=5.00 isMoving=true

[90mstdout[2m | src/tests/ManualRequestIntegration.test.js[2m > [22m[2mManual Request Integration[2m > [22m[2mshould assign a manual request and move unit towards it
[22m[39m[Entity 1] updateMovement ARRIVAL -> isMoving:false. Time:2.6000 StartTime:1.8000 Dur:0.8000 PrevGrid:7,5 Target:8,5
[Entity 1] startMove -> isMoving:true. Target:9,5 StartTime:2.6000
Step 25: X=8.00 Z=5.00 isMoving=true

[90mstdout[2m | src/tests/TerrainDetection.test.js[2m > [22m[2mTerrain Detection Logic[2m > [22m[2mshould detect target in different region IF CLOSE (Melee Exemption)
[22m[39m[Terrain] Constructor. updatePopulation type: function

 [32m笨・[39m src/tests/TerrainDetection.test.js [2m([22m[2m4 tests[22m[2m)[22m[33m 1104[2mms[22m[39m
     [33m[2m笨・[22m[39m should NOT detect target in different region (Cross Mountain) [33m 302[2mms[22m[39m
[90mstdout[2m | src/tests/LoadUpdateLoop.test.js[2m > [22m[2mLoad Update Loop Integration[2m > [22m[2mshould maintain Job after first update loop post-load
[22m[39m[Game] Init SphereGeometry
[Game] Initializing Full Three.js components...
[Game] Debug Levels: [
  {
    levelId: [33m1[39m,
    title: [32m'The Beginning'[39m,
    mapWidth: [33m120[39m,
    mapDepth: [33m120[39m,
    initialState: {
      unitCount: [33m1[39m,
      hasEnemyBase: [33mfalse[39m,
      hasEnemyGuard: [33mfalse[39m,
      goblinCaves: [33m1[39m
    },
    generation: {
      rockHeight: [33m9[39m,
      moistureBase: [33m0.55[39m,
      treeDensity: [33m0.2[39m,
      landRatio: [33m0.6[39m
    }
  },
  {
    levelId: [33m2[39m,
    title: [32m'Expansion'[39m,
    mapWidth: [33m120[39m,
    mapDepth: [33m120[39m,
    initialState: {
      unitCount: [33m5[39m,
      hasEnemyBase: [33mtrue[39m,
      hasEnemyGuard: [33mfalse[39m,
      goblinCaves: [33m3[39m
    },
    generation: {
      rockHeight: [33m12[39m,
      moistureBase: [33m0.4[39m,
      treeDensity: [33m0.8[39m,
      landRatio: [33m0.6[39m
    }
  },
  {
    levelId: [33m3[39m,
    title: [32m'Warfare'[39m,
    mapWidth: [33m160[39m,
    mapDepth: [33m160[39m,
    initialState: {
      unitCount: [33m8[39m,
      hasEnemyBase: [33mtrue[39m,
      hasEnemyGuard: [33mtrue[39m,
      goblinCaves: [33m5[39m
    },
    generation: {
      rockHeight: [33m10[39m,
      moistureBase: [33m0.6[39m,
      treeDensity: [33m1[39m,
      landRatio: [33m0.4[39m
    }
  }
]
[Game] Init CloudManager
[Game] Init BirdManager
[Game] Init SheepManager
[Game] Init GoblinManager
[Game] Init FishManager
[Game] Init Minimap
[Game] Init Compass
[Game] Init WeatherManager

[90mstdout[2m | src/tests/ManualRequestIntegration.test.js[2m > [22m[2mManual Request Integration[2m > [22m[2mshould assign a manual request and move unit towards it
[22m[39mStep 26: X=8.00 Z=5.00 isMoving=true

[90mstdout[2m | src/tests/ManualRequestIntegration.test.js[2m > [22m[2mManual Request Integration[2m > [22m[2mshould assign a manual request and move unit towards it
[22m[39mStep 27: X=8.00 Z=5.00 isMoving=true

[90mstdout[2m | src/tests/SpatialSearch.test.js[2m > [22m[2mSpatial Partitioning[2m > [22m[2mshould move entity correctly between cells
[22m[39m[Terrain] Constructor. updatePopulation type: function

[90mstdout[2m | src/tests/SaveLoadRestoration.test.js[2m > [22m[2mSave/Load Job Restoration[2m > [22m[2mshould reset ghost-assigned requests during load
[22m[39m[Game] Init SphereGeometry
[Game] Initializing Full Three.js components...
[Game] Debug Levels: [
  {
    levelId: [33m1[39m,
    title: [32m'The Beginning'[39m,
    mapWidth: [33m120[39m,
    mapDepth: [33m120[39m,
    initialState: {
      unitCount: [33m1[39m,
      hasEnemyBase: [33mfalse[39m,
      hasEnemyGuard: [33mfalse[39m,
      goblinCaves: [33m1[39m
    },
    generation: {
      rockHeight: [33m9[39m,
      moistureBase: [33m0.55[39m,
      treeDensity: [33m0.2[39m,
      landRatio: [33m0.6[39m
    }
  },
  {
    levelId: [33m2[39m,
    title: [32m'Expansion'[39m,
    mapWidth: [33m120[39m,
    mapDepth: [33m120[39m,
    initialState: {
      unitCount: [33m5[39m,
      hasEnemyBase: [33mtrue[39m,
      hasEnemyGuard: [33mfalse[39m,
      goblinCaves: [33m3[39m
    },
    generation: {
      rockHeight: [33m12[39m,
      moistureBase: [33m0.4[39m,
      treeDensity: [33m0.8[39m,
      landRatio: [33m0.6[39m
    }
  },
  {
    levelId: [33m3[39m,
    title: [32m'Warfare'[39m,
    mapWidth: [33m160[39m,
    mapDepth: [33m160[39m,
    initialState: {
      unitCount: [33m8[39m,
      hasEnemyBase: [33mtrue[39m,
      hasEnemyGuard: [33mtrue[39m,
      goblinCaves: [33m5[39m
    },
    generation: {
      rockHeight: [33m10[39m,
      moistureBase: [33m0.6[39m,
      treeDensity: [33m1[39m,
      landRatio: [33m0.4[39m
    }
  }
]
[Terrain] Constructor. updatePopulation type: function
[Game] Init CloudManager
[Game] Init BirdManager
[Game] Init SheepManager
Resetting SheepManager...
[Game] Init GoblinManager
[GoblinManager] 5蛟九・豢樒ｪ溘ｒ逕滓・荳ｭ...
[GoblinManager] DETERMINISM: generateCaves start. rngState=0
[GoblinManager] DETERMINISM: Attempt 1: Rnd(0.719523, 0.951202) -> Grid(86, 114) rngState=0
[GoblinManager] DETERMINISM: Attempt 2: Rnd(0.459241, 0.798465) -> Grid(55, 95) rngState=0
[GoblinManager] DETERMINISM: Attempt 3: Rnd(0.436810, 0.063902) -> Grid(52, 7) rngState=0
[GoblinManager] 豢樒ｪ溽函謌仙ｮ御ｺ・ 0/5 (隧ｦ陦悟屓謨ｰ: 5000)
[Game] Init FishManager

[90mstdout[2m | src/tests/ManualRequestIntegration.test.js[2m > [22m[2mManual Request Integration[2m > [22m[2mshould assign a manual request and move unit towards it
[22m[39mStep 28: X=8.00 Z=5.00 isMoving=true

[90mstdout[2m | src/tests/ManualRequestIntegration.test.js[2m > [22m[2mManual Request Integration[2m > [22m[2mshould assign a manual request and move unit towards it
[22m[39mStep 29: X=8.00 Z=5.00 isMoving=true

[90mstdout[2m | src/tests/ManualRequestIntegration.test.js[2m > [22m[2mManual Request Integration[2m > [22m[2mshould assign a manual request and move unit towards it
[22m[39mStep 30: X=8.00 Z=5.00 isMoving=true

[90mstdout[2m | src/tests/ManualRequestIntegration.test.js[2m > [22m[2mManual Request Integration[2m > [22m[2mshould assign a manual request and move unit towards it
[22m[39mStep 31: X=8.00 Z=5.00 isMoving=true

[90mstdout[2m | src/tests/ManualRequestIntegration.test.js[2m > [22m[2mManual Request Integration[2m > [22m[2mshould assign a manual request and move unit towards it
[22m[39mStep 32: X=8.00 Z=5.00 isMoving=true

 [31m笶ｯ[39m src/tests/SaveLoadRestoration.test.js [2m([22m[2m2 tests[22m[2m | [22m[31m2 failed[39m[2m)[22m[33m 672[2mms[22m[39m
[31m     [31mﾃ・[31m should restore unit ID and re-link to Job correctly[39m[33m 321[2mms[22m[39m
[31m     [31mﾃ・[31m should reset ghost-assigned requests during load[39m[33m 349[2mms[22m[39m
[90mstdout[2m | src/tests/ManualRequestIntegration.test.js[2m > [22m[2mManual Request Integration[2m > [22m[2mshould assign a manual request and move unit towards it
[22m[39m[Entity 1] updateMovement ARRIVAL -> isMoving:false. Time:3.4000 StartTime:2.6000 Dur:0.8000 PrevGrid:8,5 Target:9,5
[Entity 1] startMove -> isMoving:true. Target:10,5 StartTime:3.4000
Step 33: X=9.00 Z=5.00 isMoving=true

[90mstdout[2m | src/tests/ManualRequestIntegration.test.js[2m > [22m[2mManual Request Integration[2m > [22m[2mshould assign a manual request and move unit towards it
[22m[39mStep 34: X=9.00 Z=5.00 isMoving=false

 [31m笶ｯ[39m src/tests/LoadUpdateLoop.test.js [2m([22m[2m1 test[22m[2m | [22m[31m1 failed[39m[2m)[22m[32m 39[2mms[22m[39m
[31m     [31mﾃ・[31m should maintain Job after first update loop post-load[39m[32m 37[2mms[22m[39m
[90mstdout[2m | src/tests/ManualRequestIntegration.test.js[2m > [22m[2mManual Request Integration[2m > [22m[2mshould assign a manual request and move unit towards it
[22m[39mStep 35: X=9.00 Z=5.00 isMoving=false

[90mstdout[2m | src/tests/ManualRequestIntegration.test.js[2m > [22m[2mManual Request Integration[2m > [22m[2mshould assign a manual request and move unit towards it
[22m[39mStep 36: X=9.00 Z=5.00 isMoving=false

[90mstdout[2m | src/tests/ManualRequestIntegration.test.js[2m > [22m[2mManual Request Integration[2m > [22m[2mshould assign a manual request and move unit towards it
[22m[39mStep 37: X=9.00 Z=5.00 isMoving=false

[90mstdout[2m | src/tests/ManualRequestIntegration.test.js[2m > [22m[2mManual Request Integration[2m > [22m[2mshould assign a manual request and move unit towards it
[22m[39mStep 38: X=9.00 Z=5.00 isMoving=false

[90mstdout[2m | src/tests/ManualRequestIntegration.test.js[2m > [22m[2mManual Request Integration[2m > [22m[2mshould assign a manual request and move unit towards it
[22m[39mStep 39: X=9.00 Z=5.00 isMoving=false

[90mstdout[2m | src/tests/ManualRequestIntegration.test.js[2m > [22m[2mManual Request Integration[2m > [22m[2mshould assign a manual request and move unit towards it
[22m[39mStep 40: X=9.00 Z=5.00 isMoving=false

[90mstdout[2m | src/tests/ManualRequestIntegration.test.js[2m > [22m[2mManual Request Integration[2m > [22m[2mshould assign a manual request and move unit towards it
[22m[39mStep 41: X=9.00 Z=5.00 isMoving=false

[90mstdout[2m | src/tests/ManualRequestIntegration.test.js[2m > [22m[2mManual Request Integration[2m > [22m[2mshould assign a manual request and move unit towards it
[22m[39mStep 42: X=9.00 Z=5.00 isMoving=false

[90mstdout[2m | src/tests/ManualRequestIntegration.test.js[2m > [22m[2mManual Request Integration[2m > [22m[2mshould assign a manual request and move unit towards it
[22m[39mStep 43: X=9.00 Z=5.00 isMoving=false

[90mstdout[2m | src/tests/ManualRequestIntegration.test.js[2m > [22m[2mManual Request Integration[2m > [22m[2mshould assign a manual request and move unit towards it
[22m[39mStep 44: X=9.00 Z=5.00 isMoving=false

[90mstdout[2m | src/tests/ManualRequestIntegration.test.js[2m > [22m[2mManual Request Integration[2m > [22m[2mshould assign a manual request and move unit towards it
[22m[39mStep 45: X=9.00 Z=5.00 isMoving=false

[90mstdout[2m | src/tests/TerrainDetection.test.ts[2m > [22m[2mTerrain Detection Logic[2m > [22m[2mshould detect target in different region IF CLOSE (Melee Exemption)
[22m[39m[Terrain] Constructor. updatePopulation type: function

 [32m笨・[39m src/tests/TerrainDetection.test.ts [2m([22m[2m4 tests[22m[2m)[22m[33m 1111[2mms[22m[39m
     [33m[2m笨・[22m[39m should NOT detect target in different region (Cross Mountain) [33m 386[2mms[22m[39m
[90mstdout[2m | src/tests/ManualRequestIntegration.test.js[2m > [22m[2mManual Request Integration[2m > [22m[2mshould assign a manual request and move unit towards it
[22m[39mStep 46: X=9.00 Z=5.00 isMoving=false

[90mstdout[2m | src/tests/ManualRequestIntegration.test.js[2m > [22m[2mManual Request Integration[2m > [22m[2mshould assign a manual request and move unit towards it
[22m[39mStep 47: X=9.00 Z=5.00 isMoving=false

[90mstdout[2m | src/tests/ManualRequestIntegration.test.js[2m > [22m[2mManual Request Integration[2m > [22m[2mshould assign a manual request and move unit towards it
[22m[39mStep 48: X=9.00 Z=5.00 isMoving=false

[90mstdout[2m | src/tests/ManualRequestIntegration.test.js[2m > [22m[2mManual Request Integration[2m > [22m[2mshould assign a manual request and move unit towards it
[22m[39mStep 49: X=9.00 Z=5.00 isMoving=false

[90mstdout[2m | src/tests/ManualRequestIntegration.test.js[2m > [22m[2mManual Request Integration[2m > [22m[2mshould assign a manual request and move unit towards it
[22m[39mUnit Verified Path Length: 1

[90mstdout[2m | src/tests/RealGrowth.test.js[2m > [22m[2mReal Growth Stagnation Diagnostic[2m > [22m[2mshould show house population growth with small deltaTime (1/60s)
[22m[39m[Terrain] Constructor. updatePopulation type: function
[Game] Init SphereGeometry
[Game] Minimal/Override Init Start
[Game FORCE CONST 2] Assigning terrainOverride to this.terrain
[Game] Init CloudManager
[Game] Init BirdManager
[Game] Init SheepManager
Resetting SheepManager...
[Entity 15] CONSTRUCTOR START: type=sheep at 64,23
[Entity 15] Calling registerEntity...
[Entity 15] registerEntity returned.
[Entity 15] Calling updatePosition...
[Entity 15] updatePosition returned.
[DIAG] Actor Created ID: 15
[DIAG] Actor smartMove type: function
[DIAG] Actor smartMove body snapshot: smartMove(tx, tz, time, depth = 0) {
    if (isNaN(tx) || isNaN(tz)) {
      console.error(`[Actor $
[Entity 16] CONSTRUCTOR START: type=sheep at 45,45
[Entity 16] Calling registerEntity...
[Entity 16] registerEntity returned.
[Entity 16] Calling updatePosition...
[Entity 16] updatePosition returned.
[DIAG] Actor Created ID: 16
[DIAG] Actor smartMove type: function
[DIAG] Actor smartMove body snapshot: smartMove(tx, tz, time, depth = 0) {
    if (isNaN(tx) || isNaN(tz)) {
      console.error(`[Actor $
[Entity 17] CONSTRUCTOR START: type=sheep at 25,71
[Entity 17] Calling registerEntity...
[Entity 17] registerEntity returned.
[Entity 17] Calling updatePosition...
[Entity 17] updatePosition returned.
[DIAG] Actor Created ID: 17
[DIAG] Actor smartMove type: function
[DIAG] Actor smartMove body snapshot: smartMove(tx, tz, time, depth = 0) {
    if (isNaN(tx) || isNaN(tz)) {
      console.error(`[Actor $
[Entity 18] CONSTRUCTOR START: type=sheep at 69,5
[Entity 18] Calling registerEntity...
[Entity 18] registerEntity returned.
[Entity 18] Calling updatePosition...
[Entity 18] updatePosition returned.
[DIAG] Actor Created ID: 18
[DIAG] Actor smartMove type: function
[DIAG] Actor smartMove body snapshot: smartMove(tx, tz, time, depth = 0) {
    if (isNaN(tx) || isNaN(tz)) {
      console.error(`[Actor $
[Entity 19] CONSTRUCTOR START: type=sheep at 62,68
[Entity 19] Calling registerEntity...
[Entity 19] registerEntity returned.
[Entity 19] Calling updatePosition...
[Entity 19] updatePosition returned.
[DIAG] Actor Created ID: 19
[DIAG] Actor smartMove type: function
[DIAG] Actor smartMove body snapshot: smartMove(tx, tz, time, depth = 0) {
    if (isNaN(tx) || isNaN(tz)) {
      console.error(`[Actor $
[Entity 20] CONSTRUCTOR START: type=sheep at 74,61
[Entity 20] Calling registerEntity...
[Entity 20] registerEntity returned.
[Entity 20] Calling updatePosition...
[Entity 20] updatePosition returned.
[DIAG] Actor Created ID: 20
[DIAG] Actor smartMove type: function
[DIAG] Actor smartMove body snapshot: smartMove(tx, tz, time, depth = 0) {
    if (isNaN(tx) || isNaN(tz)) {
      console.error(`[Actor $
[Entity 21] CONSTRUCTOR START: type=sheep at 53,18
[Entity 21] Calling registerEntity...
[Entity 21] registerEntity returned.
[Entity 21] Calling updatePosition...
[Entity 21] updatePosition returned.
[DIAG] Actor Created ID: 21
[DIAG] Actor smartMove type: function
[DIAG] Actor smartMove body snapshot: smartMove(tx, tz, time, depth = 0) {
    if (isNaN(tx) || isNaN(tz)) {
      console.error(`[Actor $
[Entity 22] CONSTRUCTOR START: type=sheep at 17,48
[Entity 22] Calling registerEntity...
[Entity 22] registerEntity returned.
[Entity 22] Calling updatePosition...
[Entity 22] updatePosition returned.
[DIAG] Actor Created ID: 22
[DIAG] Actor smartMove type: function
[DIAG] Actor smartMove body snapshot: smartMove(tx, tz, time, depth = 0) {
    if (isNaN(tx) || isNaN(tz)) {
      console.error(`[Actor $
[Entity 23] CONSTRUCTOR START: type=sheep at 34,75
[Entity 23] Calling registerEntity...
[Entity 23] registerEntity returned.
[Entity 23] Calling updatePosition...
[Entity 23] updatePosition returned.
[DIAG] Actor Created ID: 23
[DIAG] Actor smartMove type: function
[DIAG] Actor smartMove body snapshot: smartMove(tx, tz, time, depth = 0) {
    if (isNaN(tx) || isNaN(tz)) {
      console.error(`[Actor $
[Entity 24] CONSTRUCTOR START: type=sheep at 68,28
[Entity 24] Calling registerEntity...
[Entity 24] registerEntity returned.
[Entity 24] Calling updatePosition...
[Entity 24] updatePosition returned.
[DIAG] Actor Created ID: 24
[DIAG] Actor smartMove type: function
[DIAG] Actor smartMove body snapshot: smartMove(tx, tz, time, depth = 0) {
    if (isNaN(tx) || isNaN(tz)) {
      console.error(`[Actor $
[Game] Init GoblinManager
[GoblinManager] 5蛟九・豢樒ｪ溘ｒ逕滓・荳ｭ...
[GoblinManager] DETERMINISM: generateCaves start. rngState=0
[GoblinManager] DETERMINISM: Attempt 1: Rnd(0.507959, 0.744518) -> Grid(40, 59) rngState=0
[Entity 25] CONSTRUCTOR START: type=building at 40,59
[Entity 25] Calling registerEntity...
[Entity 25] registerEntity returned.
[Entity 25] Calling updatePosition...
[Entity 25] updatePosition returned.
GoblinManager: Cave registered at 40,59 
[GoblinManager] DETERMINISM: Attempt 2: Rnd(0.597615, 0.717165) -> Grid(47, 57) rngState=0
[Entity 26] CONSTRUCTOR START: type=building at 47,57
[Entity 26] Calling registerEntity...
[Entity 26] registerEntity returned.
[Entity 26] Calling updatePosition...
[Entity 26] updatePosition returned.
GoblinManager: Cave registered at 47,57 
[GoblinManager] DETERMINISM: Attempt 3: Rnd(0.773918, 0.459627) -> Grid(61, 36) rngState=0
[Entity 27] CONSTRUCTOR START: type=building at 61,36
[Entity 27] Calling registerEntity...
[Entity 27] registerEntity returned.
[Entity 27] Calling updatePosition...
[Entity 27] updatePosition returned.
GoblinManager: Cave registered at 61,36 
[Entity 28] CONSTRUCTOR START: type=building at 46,74
[Entity 28] Calling registerEntity...
[Entity 28] registerEntity returned.
[Entity 28] Calling updatePosition...
[Entity 28] updatePosition returned.
GoblinManager: Cave registered at 46,74 
[Entity 29] CONSTRUCTOR START: type=building at 77,22
[Entity 29] Calling registerEntity...
[Entity 29] registerEntity returned.
[Entity 29] Calling updatePosition...
[Entity 29] updatePosition returned.
GoblinManager: Cave registered at 77,22 
[GoblinManager] 豢樒ｪ溽函謌仙ｮ御ｺ・ 5/5 (隧ｦ陦悟屓謨ｰ: 5)
GoblinManager: Force spawning Debug Goblin
[Game] Init FishManager

[90mstdout[2m | src/tests/RealGrowth.test.js[2m > [22m[2mReal Growth Stagnation Diagnostic[2m > [22m[2mshould produce grain from farms with 20x stagger
[22m[39mDisposing detached game instance
[Game] Dispose called for Game Instance.
[Terrain] Dispose called.

[90mstdout[2m | src/tests/SpatialSearch.test.js[2m > [22m[2mSpatial Partitioning[2m > [22m[2mshould unregister entity
[22m[39m[Terrain] Constructor. updatePopulation type: function

[90mstdout[2m | src/tests/WeatherSway.test.js
[22m[39m[DEBUG] Building.ts loaded

[90mstdout[2m | src/tests/WeatherSway.test.js
[22m[39m[DEBUG] Terrain.ts top-level load

[90mstdout[2m | src/tests/ManualRequestIntegration.test.js[2m > [22m[2mManual Request Integration[2m > [22m[2mshould fail to find path if blocked by water
[22m[39m[Terrain] Constructor. updatePopulation type: function
[Entity 1] CONSTRUCTOR START: type=unit at 5,5
[Entity 1] Calling registerEntity...
[Entity 1] registerEntity returned.
[Entity 1] Calling updatePosition...
[Entity 1] updatePosition returned.
[DIAG] Actor Created ID: 1
[DIAG] Actor smartMove type: function
[DIAG] Actor smartMove body snapshot: smartMove(tx, tz, time, depth = 0) {
    if (isNaN(tx) || isNaN(tz)) {
      console.error(`[Actor $
[UnitCore.js] Unit Created ID:1 Role:worker Pos:5,5 Special:false
[UnitCore.js] Unit Created ID:1 Role:worker Pos:5,5
[UnitCore.js] Unit Construction Finished ID:1

[90mstdout[2m | src/tests/ManualRequestIntegration.test.js[2m > [22m[2mManual Request Integration[2m > [22m[2mshould fail to find path if blocked by water
[22m[39m[Actor 1] Resetting Unreachable (Target changed or initializing)
[Actor 1] Resetting Unreachable (Target changed or initializing)

stderr | src/tests/ManualRequestIntegration.test.js > Manual Request Integration > should fail to find path if blocked by water
[Actor 1] Pathfinding FAILED: Empty/Short path returned. Current Pos: 5,5 -> Target: 10,5 Len:0 Short:false
[JobState] DIAG: Job Abort Unreachable. Unit:1 moveStarted=false, isU=true, isW=false, distSq=25.0
[JobState] Job Abandoned: Unreachable. ReqID:req_0

 [32m笨・[39m src/tests/ManualRequestIntegration.test.js [2m([22m[2m2 tests[22m[2m)[22m[33m 974[2mms[22m[39m
     [33m[2m笨・[22m[39m should assign a manual request and move unit towards it [33m 652[2mms[22m[39m
     [33m[2m笨・[22m[39m should fail to find path if blocked by water [33m 320[2mms[22m[39m
[90mstdout[2m | src/tests/GridSearchRegression.test.js[2m > [22m[2mTerrain Grid Search Regression[2m > [22m[2mshould find Worker when searching for "unit" using Grid Search (Large Scale Simulation)
[22m[39m[Terrain] Constructor. updatePopulation type: function

[90mstdout[2m | src/tests/RealGrowth.test.js[2m > [22m[2mReal Growth Stagnation Diagnostic[2m > [22m[2mshould produce grain from farms with 20x stagger
[22m[39m[Terrain] Constructor. updatePopulation type: function
[Game] Init SphereGeometry
[Game] Minimal/Override Init Start
[Game FORCE CONST 3] Assigning terrainOverride to this.terrain
[Game] Init CloudManager
[Game] Init BirdManager
[Game] Init SheepManager
Resetting SheepManager...
[Entity 30] CONSTRUCTOR START: type=sheep at 9,74
[Entity 30] Calling registerEntity...
[Entity 30] registerEntity returned.
[Entity 30] Calling updatePosition...
[Entity 30] updatePosition returned.
[DIAG] Actor Created ID: 30
[DIAG] Actor smartMove type: function
[DIAG] Actor smartMove body snapshot: smartMove(tx, tz, time, depth = 0) {
    if (isNaN(tx) || isNaN(tz)) {
      console.error(`[Actor $
[Entity 31] CONSTRUCTOR START: type=sheep at 59,13
[Entity 31] Calling registerEntity...
[Entity 31] registerEntity returned.
[Entity 31] Calling updatePosition...
[Entity 31] updatePosition returned.
[DIAG] Actor Created ID: 31
[DIAG] Actor smartMove type: function
[DIAG] Actor smartMove body snapshot: smartMove(tx, tz, time, depth = 0) {
    if (isNaN(tx) || isNaN(tz)) {
      console.error(`[Actor $
[Entity 32] CONSTRUCTOR START: type=sheep at 69,48
[Entity 32] Calling registerEntity...
[Entity 32] registerEntity returned.
[Entity 32] Calling updatePosition...
[Entity 32] updatePosition returned.
[DIAG] Actor Created ID: 32
[DIAG] Actor smartMove type: function
[DIAG] Actor smartMove body snapshot: smartMove(tx, tz, time, depth = 0) {
    if (isNaN(tx) || isNaN(tz)) {
      console.error(`[Actor $
[Entity 33] CONSTRUCTOR START: type=sheep at 25,38
[Entity 33] Calling registerEntity...
[Entity 33] registerEntity returned.
[Entity 33] Calling updatePosition...
[Entity 33] updatePosition returned.
[DIAG] Actor Created ID: 33
[DIAG] Actor smartMove type: function
[DIAG] Actor smartMove body snapshot: smartMove(tx, tz, time, depth = 0) {
    if (isNaN(tx) || isNaN(tz)) {
      console.error(`[Actor $
[Entity 34] CONSTRUCTOR START: type=sheep at 56,29
[Entity 34] Calling registerEntity...
[Entity 34] registerEntity returned.
[Entity 34] Calling updatePosition...
[Entity 34] updatePosition returned.
[DIAG] Actor Created ID: 34
[DIAG] Actor smartMove type: function
[DIAG] Actor smartMove body snapshot: smartMove(tx, tz, time, depth = 0) {
    if (isNaN(tx) || isNaN(tz)) {
      console.error(`[Actor $
[Entity 35] CONSTRUCTOR START: type=sheep at 78,62
[Entity 35] Calling registerEntity...
[Entity 35] registerEntity returned.
[Entity 35] Calling updatePosition...
[Entity 35] updatePosition returned.
[DIAG] Actor Created ID: 35
[DIAG] Actor smartMove type: function
[DIAG] Actor smartMove body snapshot: smartMove(tx, tz, time, depth = 0) {
    if (isNaN(tx) || isNaN(tz)) {
      console.error(`[Actor $
[Entity 36] CONSTRUCTOR START: type=sheep at 36,48
[Entity 36] Calling registerEntity...
[Entity 36] registerEntity returned.
[Entity 36] Calling updatePosition...
[Entity 36] updatePosition returned.
[DIAG] Actor Created ID: 36
[DIAG] Actor smartMove type: function
[DIAG] Actor smartMove body snapshot: smartMove(tx, tz, time, depth = 0) {
    if (isNaN(tx) || isNaN(tz)) {
      console.error(`[Actor $
[Entity 37] CONSTRUCTOR START: type=sheep at 14,19
[Entity 37] Calling registerEntity...
[Entity 37] registerEntity returned.
[Entity 37] Calling updatePosition...
[Entity 37] updatePosition returned.
[DIAG] Actor Created ID: 37
[DIAG] Actor smartMove type: function
[DIAG] Actor smartMove body snapshot: smartMove(tx, tz, time, depth = 0) {
    if (isNaN(tx) || isNaN(tz)) {
      console.error(`[Actor $
[Entity 38] CONSTRUCTOR START: type=sheep at 64,26
[Entity 38] Calling registerEntity...
[Entity 38] registerEntity returned.
[Entity 38] Calling updatePosition...
[Entity 38] updatePosition returned.
[DIAG] Actor Created ID: 38
[DIAG] Actor smartMove type: function
[DIAG] Actor smartMove body snapshot: smartMove(tx, tz, time, depth = 0) {
    if (isNaN(tx) || isNaN(tz)) {
      console.error(`[Actor $
[Entity 39] CONSTRUCTOR START: type=sheep at 77,17
[Entity 39] Calling registerEntity...
[Entity 39] registerEntity returned.
[Entity 39] Calling updatePosition...
[Entity 39] updatePosition returned.
[DIAG] Actor Created ID: 39
[DIAG] Actor smartMove type: function
[DIAG] Actor smartMove body snapshot: smartMove(tx, tz, time, depth = 0) {
    if (isNaN(tx) || isNaN(tz)) {
      console.error(`[Actor $
[Game] Init GoblinManager
[GoblinManager] 5蛟九・豢樒ｪ溘ｒ逕滓・荳ｭ...
[GoblinManager] DETERMINISM: generateCaves start. rngState=0
[GoblinManager] DETERMINISM: Attempt 1: Rnd(0.331441, 0.951036) -> Grid(26, 76) rngState=0
[Entity 40] CONSTRUCTOR START: type=building at 26,76
[Entity 40] Calling registerEntity...
[Entity 40] registerEntity returned.
[Entity 40] Calling updatePosition...
[Entity 40] updatePosition returned.
GoblinManager: Cave registered at 26,76 
[GoblinManager] DETERMINISM: Attempt 2: Rnd(0.161087, 0.923407) -> Grid(12, 73) rngState=0
[Entity 41] CONSTRUCTOR START: type=building at 12,73
[Entity 41] Calling registerEntity...
[Entity 41] registerEntity returned.
[Entity 41] Calling updatePosition...
[Entity 41] updatePosition returned.
GoblinManager: Cave registered at 12,73 
[GoblinManager] DETERMINISM: Attempt 3: Rnd(0.493022, 0.750054) -> Grid(39, 60) rngState=0
[Entity 42] CONSTRUCTOR START: type=building at 39,60
[Entity 42] Calling registerEntity...
[Entity 42] registerEntity returned.
[Entity 42] Calling updatePosition...
[Entity 42] updatePosition returned.
GoblinManager: Cave registered at 39,60 
[Entity 43] CONSTRUCTOR START: type=building at 34,31
[Entity 43] Calling registerEntity...
[Entity 43] registerEntity returned.
[Entity 43] Calling updatePosition...
[Entity 43] updatePosition returned.
GoblinManager: Cave registered at 34,31 
[Entity 44] CONSTRUCTOR START: type=building at 30,32
[Entity 44] Calling registerEntity...
[Entity 44] registerEntity returned.
[Entity 44] Calling updatePosition...
[Entity 44] updatePosition returned.
GoblinManager: Cave registered at 30,32 
[GoblinManager] 豢樒ｪ溽函謌仙ｮ御ｺ・ 5/5 (隧ｦ陦悟屓謨ｰ: 5)
GoblinManager: Force spawning Debug Goblin
[Game] Init FishManager

[90mstdout[2m | src/tests/RealGrowth.test.js[2m > [22m[2mReal Growth Stagnation Diagnostic[2m > [22m[2mshould show population growth for goblin caves
[22m[39mDisposing detached game instance
[Game] Dispose called for Game Instance.
[Terrain] Dispose called.

[90mstdout[2m | src/tests/SpatialSearch.test.js[2m > [22m[2mSpatial Partitioning[2m > [22m[2mshould find nearest entity using spatial search
[22m[39m[Terrain] Constructor. updatePopulation type: function

 [32m笨・[39m src/tests/SpatialSearch.test.js [2m([22m[2m4 tests[22m[2m)[22m[33m 1393[2mms[22m[39m
     [33m[2m笨・[22m[39m should register and retrieve an entity [33m 370[2mms[22m[39m
     [33m[2m笨・[22m[39m should move entity correctly between cells [33m 483[2mms[22m[39m
     [33m[2m笨・[22m[39m should unregister entity [33m 304[2mms[22m[39m
[90mstdout[2m | src/tests/RealGrowth.test.js[2m > [22m[2mReal Growth Stagnation Diagnostic[2m > [22m[2mshould show population growth for goblin caves
[22m[39m[Terrain] Constructor. updatePopulation type: function
[Game] Init SphereGeometry
[Game] Minimal/Override Init Start
[Game FORCE CONST 4] Assigning terrainOverride to this.terrain
[Game] Init CloudManager
[Game] Init BirdManager
[Game] Init SheepManager
Resetting SheepManager...
[Entity 45] CONSTRUCTOR START: type=sheep at 15,76
[Entity 45] Calling registerEntity...
[Entity 45] registerEntity returned.
[Entity 45] Calling updatePosition...
[Entity 45] updatePosition returned.
[DIAG] Actor Created ID: 45
[DIAG] Actor smartMove type: function
[DIAG] Actor smartMove body snapshot: smartMove(tx, tz, time, depth = 0) {
    if (isNaN(tx) || isNaN(tz)) {
      console.error(`[Actor $
[Entity 46] CONSTRUCTOR START: type=sheep at 10,15
[Entity 46] Calling registerEntity...
[Entity 46] registerEntity returned.
[Entity 46] Calling updatePosition...
[Entity 46] updatePosition returned.
[DIAG] Actor Created ID: 46
[DIAG] Actor smartMove type: function
[DIAG] Actor smartMove body snapshot: smartMove(tx, tz, time, depth = 0) {
    if (isNaN(tx) || isNaN(tz)) {
      console.error(`[Actor $
[Entity 47] CONSTRUCTOR START: type=sheep at 19,62
[Entity 47] Calling registerEntity...
[Entity 47] registerEntity returned.
[Entity 47] Calling updatePosition...
[Entity 47] updatePosition returned.
[DIAG] Actor Created ID: 47
[DIAG] Actor smartMove type: function
[DIAG] Actor smartMove body snapshot: smartMove(tx, tz, time, depth = 0) {
    if (isNaN(tx) || isNaN(tz)) {
      console.error(`[Actor $
[Entity 48] CONSTRUCTOR START: type=sheep at 28,51
[Entity 48] Calling registerEntity...
[Entity 48] registerEntity returned.
[Entity 48] Calling updatePosition...
[Entity 48] updatePosition returned.
[DIAG] Actor Created ID: 48
[DIAG] Actor smartMove type: function
[DIAG] Actor smartMove body snapshot: smartMove(tx, tz, time, depth = 0) {
    if (isNaN(tx) || isNaN(tz)) {
      console.error(`[Actor $
[Entity 49] CONSTRUCTOR START: type=sheep at 1,2
[Entity 49] Calling registerEntity...
[Entity 49] registerEntity returned.
[Entity 49] Calling updatePosition...
[Entity 49] updatePosition returned.
[DIAG] Actor Created ID: 49
[DIAG] Actor smartMove type: function
[DIAG] Actor smartMove body snapshot: smartMove(tx, tz, time, depth = 0) {
    if (isNaN(tx) || isNaN(tz)) {
      console.error(`[Actor $
[Entity 50] CONSTRUCTOR START: type=sheep at 62,49
[Entity 50] Calling registerEntity...
[Entity 50] registerEntity returned.
[Entity 50] Calling updatePosition...
[Entity 50] updatePosition returned.
[DIAG] Actor Created ID: 50
[DIAG] Actor smartMove type: function
[DIAG] Actor smartMove body snapshot: smartMove(tx, tz, time, depth = 0) {
    if (isNaN(tx) || isNaN(tz)) {
      console.error(`[Actor $
[Entity 51] CONSTRUCTOR START: type=sheep at 9,17
[Entity 51] Calling registerEntity...
[Entity 51] registerEntity returned.
[Entity 51] Calling updatePosition...
[Entity 51] updatePosition returned.
[DIAG] Actor Created ID: 51
[DIAG] Actor smartMove type: function
[DIAG] Actor smartMove body snapshot: smartMove(tx, tz, time, depth = 0) {
    if (isNaN(tx) || isNaN(tz)) {
      console.error(`[Actor $
[Entity 52] CONSTRUCTOR START: type=sheep at 50,0
[Entity 52] Calling registerEntity...
[Entity 52] registerEntity returned.
[Entity 52] Calling updatePosition...
[Entity 52] updatePosition returned.
[DIAG] Actor Created ID: 52
[DIAG] Actor smartMove type: function
[DIAG] Actor smartMove body snapshot: smartMove(tx, tz, time, depth = 0) {
    if (isNaN(tx) || isNaN(tz)) {
      console.error(`[Actor $
[Entity 53] CONSTRUCTOR START: type=sheep at 34,63
[Entity 53] Calling registerEntity...
[Entity 53] registerEntity returned.
[Entity 53] Calling updatePosition...
[Entity 53] updatePosition returned.
[DIAG] Actor Created ID: 53
[DIAG] Actor smartMove type: function
[DIAG] Actor smartMove body snapshot: smartMove(tx, tz, time, depth = 0) {
    if (isNaN(tx) || isNaN(tz)) {
      console.error(`[Actor $
[Entity 54] CONSTRUCTOR START: type=sheep at 67,31
[Entity 54] Calling registerEntity...
[Entity 54] registerEntity returned.
[Entity 54] Calling updatePosition...
[Entity 54] updatePosition returned.
[DIAG] Actor Created ID: 54
[DIAG] Actor smartMove type: function
[DIAG] Actor smartMove body snapshot: smartMove(tx, tz, time, depth = 0) {
    if (isNaN(tx) || isNaN(tz)) {
      console.error(`[Actor $
[Game] Init GoblinManager
[GoblinManager] 5蛟九・豢樒ｪ溘ｒ逕滓・荳ｭ...
[GoblinManager] DETERMINISM: generateCaves start. rngState=0
[GoblinManager] DETERMINISM: Attempt 1: Rnd(0.891201, 0.187887) -> Grid(71, 15) rngState=0
[Entity 55] CONSTRUCTOR START: type=building at 71,15
[Entity 55] Calling registerEntity...
[Entity 55] registerEntity returned.
[Entity 55] Calling updatePosition...
[Entity 55] updatePosition returned.
GoblinManager: Cave registered at 71,15 
[GoblinManager] DETERMINISM: Attempt 2: Rnd(0.849176, 0.545924) -> Grid(67, 43) rngState=0
[Entity 56] CONSTRUCTOR START: type=building at 67,43
[Entity 56] Calling registerEntity...
[Entity 56] registerEntity returned.
[Entity 56] Calling updatePosition...
[Entity 56] updatePosition returned.
GoblinManager: Cave registered at 67,43 
[GoblinManager] DETERMINISM: Attempt 3: Rnd(0.343223, 0.513071) -> Grid(27, 41) rngState=0
[Entity 57] CONSTRUCTOR START: type=building at 27,41
[Entity 57] Calling registerEntity...
[Entity 57] registerEntity returned.
[Entity 57] Calling updatePosition...
[Entity 57] updatePosition returned.
GoblinManager: Cave registered at 27,41 
[Entity 58] CONSTRUCTOR START: type=building at 79,49
[Entity 58] Calling registerEntity...
[Entity 58] registerEntity returned.
[Entity 58] Calling updatePosition...
[Entity 58] updatePosition returned.
GoblinManager: Cave registered at 79,49 
[Entity 59] CONSTRUCTOR START: type=building at 42,28
[Entity 59] Calling registerEntity...
[Entity 59] registerEntity returned.
[Entity 59] Calling updatePosition...
[Entity 59] updatePosition returned.
GoblinManager: Cave registered at 42,28 
[GoblinManager] 豢樒ｪ溽函謌仙ｮ御ｺ・ 5/5 (隧ｦ陦悟屓謨ｰ: 5)
GoblinManager: Force spawning Debug Goblin
[Game] Init FishManager

 [31m笶ｯ[39m src/tests/RealGrowth.test.js [2m([22m[2m4 tests[22m[2m | [22m[31m4 failed[39m[2m)[22m[33m 1191[2mms[22m[39m
[31m     [31mﾃ・[31m should show population growth for houses with 20x stagger[39m[33m 426[2mms[22m[39m
[31m     [31mﾃ・[31m should show house population growth with small deltaTime (1/60s)[39m[33m 353[2mms[22m[39m
[31m     [31mﾃ・[31m should produce grain from farms with 20x stagger[39m[32m 213[2mms[22m[39m
[31m     [31mﾃ・[31m should show population growth for goblin caves[39m[32m 197[2mms[22m[39m
[90mstdout[2m | src/tests/StagnationIntegration.test.js
[22m[39m[DEBUG] Building.ts loaded

[90mstdout[2m | src/tests/StagnationIntegration.test.js
[22m[39m[DEBUG] Terrain.ts top-level load

[90mstdout[2m | src/tests/WeatherSway.test.js[2m > [22m[2mWeather Sway Intensity[2m > [22m[2mshould update uSwayIntensity in water material
[22m[39m[Terrain] Constructor. updatePopulation type: function
[BuildingRenderer] Initializing Assets...

[90mstdout[2m | src/tests/RealTerrainRestoration.test.js
[22m[39m[DEBUG] Building.ts loaded

[90mstdout[2m | src/tests/RealTerrainRestoration.test.js
[22m[39m[DEBUG] Terrain.ts top-level load

[90mstdout[2m | src/tests/GridSearchRegression.test.js[2m > [22m[2mTerrain Grid Search Regression[2m > [22m[2mshould find Sheep but NOT Fish when searching for "unit"
[22m[39m[Terrain] Constructor. updatePopulation type: function

[90mstdout[2m | src/tests/RealTerrainRestoration.test.js
[22m[39m[DEBUG] Actor.ts loaded

[90mstdout[2m | src/tests/ForceBuild.test.js
[22m[39m[DEBUG] Building.ts loaded

[90mstdout[2m | src/tests/ForceBuild.test.js
[22m[39m[DEBUG] Terrain.ts top-level load

[90mstdout[2m | src/tests/GoblinHutFix.test.js
[22m[39m[DEBUG] Building.ts loaded

[90mstdout[2m | src/tests/GoblinHutFix.test.js
[22m[39m[DEBUG] Terrain.ts top-level load

[90mstdout[2m | src/tests/StagnationIntegration.test.js[2m > [22m[2mStagnation Integration Test[2m > [22m[2mshould show population and grain growth in a farm over time
[22m[39m[Terrain] Constructor. updatePopulation type: function

stderr | src/tests/StagnationIntegration.test.js > Stagnation Integration Test > should show population and grain growth in a farm over time
[Terrain] No scene to add mesh to!

[90mstdout[2m | src/tests/RealTerrainRestoration.test.js
[22m[39m[DEBUG] Game.ts top-level load

[90mstdout[2m | src/tests/StagnationIntegration.test.js[2m > [22m[2mStagnation Integration Test[2m > [22m[2mshould show population and grain growth in a farm over time
[22m[39m[Entity 0] CONSTRUCTOR START: type=building at 10,10
[Entity 0] Calling registerEntity...
[Entity 0] registerEntity returned.
[Entity 0] Calling updatePosition...
[Entity 0] updatePosition returned.
[Terrain DIAG FRAME] Frame:1 Stagger:20 Units:0
[Terrain DIAG FRAME] Frame:2 Stagger:20 Units:0
[Terrain DIAG FRAME] Frame:3 Stagger:20 Units:0
[Terrain DIAG FRAME] Frame:4 Stagger:20 Units:0
[Terrain DIAG FRAME] Frame:5 Stagger:20 Units:0
[Terrain DIAG FRAME] Frame:6 Stagger:20 Units:0
[Terrain DIAG FRAME] Frame:7 Stagger:20 Units:0
[Terrain DIAG FRAME] Frame:8 Stagger:20 Units:0
[Terrain DIAG FRAME] Frame:9 Stagger:20 Units:0
[Terrain DIAG FRAME] Frame:10 Stagger:20 Units:0
[Terrain DIAG FRAME] Frame:11 Stagger:20 Units:0
[Terrain DIAG FRAME] Frame:12 Stagger:20 Units:0
[Terrain DIAG FRAME] Frame:13 Stagger:20 Units:0
[Terrain DIAG FRAME] Frame:14 Stagger:20 Units:0
[Terrain DIAG FRAME] Frame:15 Stagger:20 Units:0
[Terrain DIAG FRAME] Frame:16 Stagger:20 Units:0
[Terrain DIAG FRAME] Frame:17 Stagger:20 Units:0
[Terrain DIAG FRAME] Frame:18 Stagger:20 Units:0
[Terrain DIAG FRAME] Frame:19 Stagger:20 Units:0
[Terrain DIAG FRAME] Frame:20 Stagger:20 Units:0
[Terrain DIAG] Type:farm Frame:0/20 GrowthVal:0.5 Multiplier:2.5 Rate:1.25 HasFood:true Pop:0
[Terrain DIAG FRAME] Frame:21 Stagger:20 Units:0
[Terrain DIAG FRAME] Frame:22 Stagger:20 Units:0
[Terrain DIAG FRAME] Frame:23 Stagger:20 Units:0
[Terrain DIAG FRAME] Frame:24 Stagger:20 Units:0
[Terrain DIAG FRAME] Frame:25 Stagger:20 Units:0
[Terrain DIAG FRAME] Frame:26 Stagger:20 Units:0
[Terrain DIAG FRAME] Frame:27 Stagger:20 Units:0
[Terrain DIAG FRAME] Frame:28 Stagger:20 Units:0
[Terrain DIAG FRAME] Frame:29 Stagger:20 Units:0
[Terrain DIAG FRAME] Frame:30 Stagger:20 Units:0
[Terrain DIAG FRAME] Frame:31 Stagger:20 Units:0
[Terrain DIAG FRAME] Frame:32 Stagger:20 Units:0
[Terrain DIAG FRAME] Frame:33 Stagger:20 Units:0
[Terrain DIAG FRAME] Frame:34 Stagger:20 Units:0
[Terrain DIAG FRAME] Frame:35 Stagger:20 Units:0
[Terrain DIAG FRAME] Frame:36 Stagger:20 Units:0
[Terrain DIAG FRAME] Frame:37 Stagger:20 Units:0
[Terrain DIAG FRAME] Frame:38 Stagger:20 Units:0
[Terrain DIAG FRAME] Frame:39 Stagger:20 Units:0
[Terrain DIAG FRAME] Frame:40 Stagger:20 Units:0
[Terrain DIAG] Type:farm Frame:0/20 GrowthVal:0.5 Multiplier:2.5 Rate:1.25 HasFood:true Pop:0
[Terrain DIAG FRAME] Frame:41 Stagger:20 Units:0
[Terrain DIAG FRAME] Frame:42 Stagger:20 Units:0
[Terrain DIAG FRAME] Frame:43 Stagger:20 Units:0
[Terrain DIAG FRAME] Frame:44 Stagger:20 Units:0
[Terrain DIAG FRAME] Frame:45 Stagger:20 Units:0
[Terrain DIAG FRAME] Frame:46 Stagger:20 Units:0
[Terrain DIAG FRAME] Frame:47 Stagger:20 Units:0
[Terrain DIAG FRAME] Frame:48 Stagger:20 Units:0
[Terrain DIAG FRAME] Frame:49 Stagger:20 Units:0
[Terrain DIAG] Type:farm Frame:0/20 GrowthVal:0.5 Multiplier:2.5 Rate:1.25 HasFood:true Pop:0
Final Farm Buffer: 20
Final Grain: 22

[90mstdout[2m | src/tests/RealTerrainRestoration.test.js[2m > [22m[2mReal Terrain Restoration Logic[2m > [22m[2mshould successfully restore Terrain regions and Unit pathfinding
[22m[39m[Game] Init SphereGeometry
[Game] Minimal/Override Init Start
[Game] Minimal: Init Clock
[Game FORCE CONST 1] Creating mock terrain
[Game] Minimal: Init Managers
[Game] Minimal: Init GoblinManager
[Game] Minimal: Init EnemyAI

[90mstdout[2m | src/tests/WeatherSway.test.js[2m > [22m[2mWeather Sway Intensity[2m > [22m[2mshould update uSwayIntensity in farm material
[22m[39m[Terrain] Constructor. updatePopulation type: function
[BuildingRenderer] Initializing Assets...

 [31m笶ｯ[39m src/tests/RealTerrainRestoration.test.js [2m([22m[2m1 test[22m[2m | [22m[31m1 failed[39m[2m)[22m[32m 48[2mms[22m[39m
[31m     [31mﾃ・[31m should successfully restore Terrain regions and Unit pathfinding[39m[32m 45[2mms[22m[39m
[90mstdout[2m | src/tests/GridSearchRegression.test.js[2m > [22m[2mTerrain Grid Search Regression[2m > [22m[2mshould NOT find Building when searching for unit
[22m[39m[Terrain] Constructor. updatePopulation type: function

[90mstdout[2m | src/tests/StagnationIntegration.test.js[2m > [22m[2mStagnation Integration Test[2m > [22m[2mshould spawn workers from a house when population reaches cap and food is available
[22m[39m[Terrain] Constructor. updatePopulation type: function

stderr | src/tests/StagnationIntegration.test.js > Stagnation Integration Test > should spawn workers from a house when population reaches cap and food is available
[Terrain] No scene to add mesh to!

[90mstdout[2m | src/tests/StagnationIntegration.test.js[2m > [22m[2mStagnation Integration Test[2m > [22m[2mshould spawn workers from a house when population reaches cap and food is available
[22m[39m[Entity 1] CONSTRUCTOR START: type=building at 15,15
[Entity 1] Calling registerEntity...
[Entity 1] registerEntity returned.
[Entity 1] Calling updatePosition...
[Entity 1] updatePosition returned.
[Terrain DIAG FRAME] Frame:1 Stagger:20 Units:0
[Terrain DIAG FRAME] Frame:2 Stagger:20 Units:0
[Terrain DIAG FRAME] Frame:3 Stagger:20 Units:0
[Terrain DIAG FRAME] Frame:4 Stagger:20 Units:0
[Terrain DIAG FRAME] Frame:5 Stagger:20 Units:0
[Terrain DIAG FRAME] Frame:6 Stagger:20 Units:0
[Terrain DIAG FRAME] Frame:7 Stagger:20 Units:0
[Terrain DIAG FRAME] Frame:8 Stagger:20 Units:0
[Terrain DIAG FRAME] Frame:9 Stagger:20 Units:0
[Terrain DIAG FRAME] Frame:10 Stagger:20 Units:0
[Terrain DIAG FRAME] Frame:11 Stagger:20 Units:0
[Terrain DIAG FRAME] Frame:12 Stagger:20 Units:0
[Terrain DIAG FRAME] Frame:13 Stagger:20 Units:0
[Terrain DIAG FRAME] Frame:14 Stagger:20 Units:0
[Terrain DIAG FRAME] Frame:15 Stagger:20 Units:0
[Terrain DIAG FRAME] Frame:16 Stagger:20 Units:0
[Terrain DIAG FRAME] Frame:17 Stagger:20 Units:0
[Terrain DIAG FRAME] Frame:18 Stagger:20 Units:0
[Terrain DIAG FRAME] Frame:19 Stagger:20 Units:0
[Terrain DIAG FRAME] Frame:20 Stagger:20 Units:0
[Terrain DIAG] Type:house Frame:0/20 GrowthVal:0.04 Multiplier:2.5 Rate:0.1 HasFood:true Pop:0
[Terrain DIAG FRAME] Frame:21 Stagger:20 Units:0
[Terrain DIAG FRAME] Frame:22 Stagger:20 Units:0
[Terrain DIAG FRAME] Frame:23 Stagger:20 Units:0
[Terrain DIAG FRAME] Frame:24 Stagger:20 Units:0
[Terrain DIAG FRAME] Frame:25 Stagger:20 Units:0
[Terrain DIAG FRAME] Frame:26 Stagger:20 Units:0
[Terrain DIAG FRAME] Frame:27 Stagger:20 Units:0
[Terrain DIAG FRAME] Frame:28 Stagger:20 Units:0
[Terrain DIAG FRAME] Frame:29 Stagger:20 Units:0
[Terrain DIAG FRAME] Frame:30 Stagger:20 Units:0
[Terrain DIAG FRAME] Frame:31 Stagger:20 Units:0
[Terrain DIAG FRAME] Frame:32 Stagger:20 Units:0
[Terrain DIAG FRAME] Frame:33 Stagger:20 Units:0
[Terrain DIAG FRAME] Frame:34 Stagger:20 Units:0
[Terrain DIAG FRAME] Frame:35 Stagger:20 Units:0
[Terrain DIAG FRAME] Frame:36 Stagger:20 Units:0
[Terrain DIAG FRAME] Frame:37 Stagger:20 Units:0
[Terrain DIAG FRAME] Frame:38 Stagger:20 Units:0
[Terrain DIAG FRAME] Frame:39 Stagger:20 Units:0
[Terrain DIAG FRAME] Frame:40 Stagger:20 Units:0
[Terrain DIAG] Type:house Frame:0/20 GrowthVal:0.04 Multiplier:2.5 Rate:0.1 HasFood:true Pop:2
[Terrain DIAG FRAME] Frame:41 Stagger:20 Units:0
[Terrain DIAG FRAME] Frame:42 Stagger:20 Units:0
[Terrain DIAG FRAME] Frame:43 Stagger:20 Units:0
[Terrain DIAG FRAME] Frame:44 Stagger:20 Units:0
[Terrain DIAG FRAME] Frame:45 Stagger:20 Units:0
[Terrain DIAG FRAME] Frame:46 Stagger:20 Units:0
[Terrain DIAG FRAME] Frame:47 Stagger:20 Units:0
[Terrain DIAG FRAME] Frame:48 Stagger:20 Units:0
[Terrain DIAG FRAME] Frame:49 Stagger:20 Units:0
[Terrain DIAG] Type:house Frame:0/20 GrowthVal:0.04 Multiplier:2.5 Rate:0.1 HasFood:true Pop:3
[Terrain DIAG] Type:house Frame:0/20 GrowthVal:0.04 Multiplier:2.5 Rate:0.1 HasFood:true Pop:5
[Terrain DIAG] Type:house Frame:0/20 GrowthVal:0.04 Multiplier:2.5 Rate:0.1 HasFood:true Pop:7
[Terrain DIAG] Type:house Frame:0/20 GrowthVal:0.04 Multiplier:2.5 Rate:0.1 HasFood:true Pop:9
[Terrain DIAG] Type:house Frame:0/20 GrowthVal:0.04 Multiplier:2.5 Rate:0.1 HasFood:true Pop:0
[Terrain DIAG] Type:house Frame:0/20 GrowthVal:0.04 Multiplier:2.5 Rate:0.1 HasFood:true Pop:2
[Terrain DIAG] Type:house Frame:0/20 GrowthVal:0.04 Multiplier:2.5 Rate:0.1 HasFood:true Pop:3
[Terrain DIAG] Type:house Frame:0/20 GrowthVal:0.04 Multiplier:2.5 Rate:0.1 HasFood:true Pop:5
Final House Pop: 7.9999000018999595
Final Spawn Count: 1
Final Grain after House: 78.55999999999966

 [32m笨・[39m src/tests/GridSearchRegression.test.js [2m([22m[2m3 tests[22m[2m)[22m[33m 1377[2mms[22m[39m
     [33m[2m笨・[22m[39m should find Worker when searching for "unit" using Grid Search (Large Scale Simulation) [33m 590[2mms[22m[39m
     [33m[2m笨・[22m[39m should find Sheep but NOT Fish when searching for "unit" [33m 454[2mms[22m[39m
     [33m[2m笨・[22m[39m should NOT find Building when searching for unit [33m 330[2mms[22m[39m
 [32m笨・[39m src/tests/StagnationIntegration.test.js [2m([22m[2m2 tests[22m[2m)[22m[33m 555[2mms[22m[39m
     [33m[2m笨・[22m[39m should show population and grain growth in a farm over time [33m 328[2mms[22m[39m
[90mstdout[2m | src/tests/GoblinHutFix.test.js[2m > [22m[2mGoblin Hut Fix[2m > [22m[2mshould NOT trigger spawnCallback for goblin_hut even if overpopulated
[22m[39m[Terrain] Constructor. updatePopulation type: function

[90mstdout[2m | src/tests/GoblinHutFix.test.js[2m > [22m[2mGoblin Hut Fix[2m > [22m[2mshould NOT trigger spawnCallback for goblin_hut even if overpopulated
[22m[39m[Terrain DIAG FRAME] Frame:1 Stagger:1 Units:0
[Terrain DIAG] Type:goblin_hut Frame:0/1 GrowthVal:0.08 Multiplier:5 Rate:0.4 HasFood:true Pop:0

[90mstdout[2m | src/tests/GoblinHutFix.test.js[2m > [22m[2mGoblin Hut Fix[2m > [22m[2mshould trigger spawnCallback for house when overpopulated (Control)
[22m[39mDisposing detached game instance

[90mstdout[2m | src/tests/ForceBuild.test.js[2m > [22m[2mTerrain Force Build Logic[2m > [22m[2mshould clear existing buildings when placing a new one
[22m[39m[Terrain] Constructor. updatePopulation type: function

[90mstdout[2m | src/tests/ForceBuild.test.js[2m > [22m[2mTerrain Force Build Logic[2m > [22m[2mshould clear existing buildings when placing a new one
[22m[39m[Entity 0] CONSTRUCTOR START: type=building at 10,10
[Entity 0] Calling registerEntity...
[Entity 0] registerEntity returned.
[Entity 0] Calling updatePosition...
[Entity 0] updatePosition returned.
[Terrain] Clearing obstacle: house for new construction.
[Terrain] Building removed at 10,10 
[Entity 1] CONSTRUCTOR START: type=building at 10,10
[Entity 1] Calling registerEntity...
[Entity 1] registerEntity returned.
[Entity 1] Calling updatePosition...
[Entity 1] updatePosition returned.

[90mstdout[2m | src/tests/ForceBuild.test.js[2m > [22m[2mTerrain Force Build Logic[2m > [22m[2mshould clear buildings partially in the way
[22m[39mDisposing detached game instance

[90mstdout[2m | src/tests/WeatherSway.test.js[2m > [22m[2mWeather Sway Intensity[2m > [22m[2mshould update uSwayIntensity in tree leaf material
[22m[39m[Terrain] Constructor. updatePopulation type: function
[BuildingRenderer] Initializing Assets...

 [31m笶ｯ[39m src/tests/WeatherSway.test.js [2m([22m[2m3 tests[22m[2m | [22m[31m3 failed[39m[2m)[22m[33m 1073[2mms[22m[39m
[31m     [31mﾃ・[31m should update uSwayIntensity in water material[39m[33m 388[2mms[22m[39m
[31m     [31mﾃ・[31m should update uSwayIntensity in farm material[39m[33m 307[2mms[22m[39m
[31m     [31mﾃ・[31m should update uSwayIntensity in tree leaf material[39m[33m 375[2mms[22m[39m
[90mstdout[2m | src/tests/TerrainShadow.test.js
[22m[39m[DEBUG] Building.ts loaded

[90mstdout[2m | src/tests/TerrainShadow.test.js
[22m[39m[DEBUG] Terrain.ts top-level load

[90mstdout[2m | src/tests/GoblinHutFix.test.js[2m > [22m[2mGoblin Hut Fix[2m > [22m[2mshould trigger spawnCallback for house when overpopulated (Control)
[22m[39m[Terrain] Constructor. updatePopulation type: function

[90mstdout[2m | src/tests/GoblinHutFix.test.js[2m > [22m[2mGoblin Hut Fix[2m > [22m[2mshould trigger spawnCallback for house when overpopulated (Control)
[22m[39mBefore Update: Pop= [33m15[39m
[Terrain DIAG FRAME] Frame:0 Stagger:1 Units:0
[Terrain DIAG] Type:house Frame:0/1 GrowthVal:0.04 Multiplier:5 Rate:0.2 HasFood:true Pop:15
After Update: Pop= [33m0[39m

 [32m笨・[39m src/tests/GoblinHutFix.test.js [2m([22m[2m2 tests[22m[2m)[22m[33m 599[2mms[22m[39m
     [33m[2m笨・[22m[39m should NOT trigger spawnCallback for goblin_hut even if overpopulated [33m 330[2mms[22m[39m
[90mstdout[2m | src/tests/TerrainShadow.test.js[2m > [22m[2mTerrain Shadows[2m > [22m[2mshould have receiveShadow and castShadow enabled for the terrain mesh
[22m[39m[Terrain] Constructor. updatePopulation type: function

[90mstdout[2m | src/tests/ForceBuild.test.js[2m > [22m[2mTerrain Force Build Logic[2m > [22m[2mshould clear buildings partially in the way
[22m[39m[Terrain] Constructor. updatePopulation type: function

[90mstdout[2m | src/tests/ForceBuild.test.js[2m > [22m[2mTerrain Force Build Logic[2m > [22m[2mshould clear buildings partially in the way
[22m[39m[Entity 2] CONSTRUCTOR START: type=building at 10,10
[Entity 2] Calling registerEntity...
[Entity 2] registerEntity returned.
[Entity 2] Calling updatePosition...
[Entity 2] updatePosition returned.
Pre-Barracks Buildings: [ [32m'house'[39m ]
[Terrain] Clearing obstacle: house for new construction.
[Terrain] Building removed at 10,10 
[Entity 3] CONSTRUCTOR START: type=building at 9,9
[Entity 3] Calling registerEntity...
[Entity 3] registerEntity returned.
[Entity 3] Calling updatePosition...
[Entity 3] updatePosition returned.
Post-Barracks Buildings: [ [32m'barracks'[39m ]

 [32m笨・[39m src/tests/ForceBuild.test.js [2m([22m[2m2 tests[22m[2m)[22m[33m 783[2mms[22m[39m
     [33m[2m笨・[22m[39m should clear existing buildings when placing a new one [33m 467[2mms[22m[39m
     [33m[2m笨・[22m[39m should clear buildings partially in the way [33m 314[2mms[22m[39m
[90mstdout[2m | src/tests/TerrainShadow.test.js[2m > [22m[2mTerrain Shadows[2m > [22m[2mshould have flatShading disabled for smooth normals
[22m[39m[Terrain] Constructor. updatePopulation type: function

 [31m笶ｯ[39m src/tests/TerrainShadow.test.js [2m([22m[2m2 tests[22m[2m | [22m[31m1 failed[39m[2m)[22m[33m 309[2mms[22m[39m
     [32m笨・[39m should have receiveShadow and castShadow enabled for the terrain mesh[32m 179[2mms[22m[39m
[31m     [31mﾃ・[31m should have flatShading disabled for smooth normals[39m[32m 127[2mms[22m[39m
[90mstdout[2m | src/tests/PopulationGrowth.test.js
[22m[39m[DEBUG] Building.ts loaded

[90mstdout[2m | src/tests/PopulationGrowth.test.js
[22m[39m[DEBUG] Terrain.ts top-level load

[90mstdout[2m | src/tests/ResourceVerify.test.js
[22m[39m[DEBUG] Building.ts loaded

[90mstdout[2m | src/tests/ResourceVerify.test.js
[22m[39m[DEBUG] Terrain.ts top-level load

[90mstdout[2m | src/tests/FarmWaves.test.js[2m > [22m[2mFarm Waves[2m > [22m[2mshould use BoxGeometry for farms to provide 3D volume
[22m[39m[BuildingRenderer] Initializing Assets...

[90mstdout[2m | src/tests/FarmWaves.test.js[2m > [22m[2mFarm Waves[2m > [22m[2mshould have uTime uniform in the farm material
[22m[39m[BuildingRenderer] Initializing Assets...

[90mstdout[2m | src/tests/FarmWaves.test.js[2m > [22m[2mFarm Waves[2m > [22m[2mshould define onBeforeCompile for farm material to inject waving logic
[22m[39m[BuildingRenderer] Initializing Assets...

[90mstdout[2m | src/tests/FarmWaves.test.js[2m > [22m[2mFarm Waves[2m > [22m[2mshould update uTime value in update()
[22m[39m[BuildingRenderer] Initializing Assets...

 [31m笶ｯ[39m src/tests/FarmWaves.test.js [2m([22m[2m4 tests[22m[2m | [22m[31m4 failed[39m[2m)[22m[32m 43[2mms[22m[39m
[31m     [31mﾃ・[31m should use BoxGeometry for farms to provide 3D volume[39m[32m 27[2mms[22m[39m
[31m     [31mﾃ・[31m should have uTime uniform in the farm material[39m[32m 3[2mms[22m[39m
[31m     [31mﾃ・[31m should define onBeforeCompile for farm material to inject waving logic[39m[32m 3[2mms[22m[39m
[31m     [31mﾃ・[31m should update uTime value in update()[39m[32m 6[2mms[22m[39m
[90mstdout[2m | src/tests/PopulationGrowth.test.js[2m > [22m[2mTerrain Population Growth[2m > [22m[2mshould exist and be callable
[22m[39m[Terrain] Constructor. updatePopulation type: function

[90mstdout[2m | src/tests/PopulationGrowth.test.js[2m > [22m[2mTerrain Population Growth[2m > [22m[2mshould increase population for Caves/Goblin Huts explicitly
[22m[39mDisposing detached game instance

[90mstdout[2m | src/tests/HumanSpawningSurvival.test.js
[22m[39m[DEBUG] Building.ts loaded

[90mstdout[2m | src/tests/HumanSpawningSurvival.test.js
[22m[39m[DEBUG] Terrain.ts top-level load

[90mstdout[2m | src/tests/ResourceVerify.test.js[2m > [22m[2mResource Growth Verification[2m > [22m[2mshould harvest grain from farm and increase resources
[22m[39m[Terrain] Constructor. updatePopulation type: function

[90mstdout[2m | src/tests/ResourceVerify.test.js[2m > [22m[2mResource Growth Verification[2m > [22m[2mshould harvest grain from farm and increase resources
[22m[39m[Terrain DIAG FRAME] Frame:20 Stagger:1 Units:0
[Terrain DIAG] Type:farm Frame:0/1 GrowthVal:0.5 Multiplier:5 Rate:2.5 HasFood:true Pop:0
[Test] Initial Grain: 100
[Test] Post-Update Grain: 101

 [32m笨・[39m src/tests/ResourceVerify.test.js [2m([22m[2m1 test[22m[2m)[22m[32m 262[2mms[22m[39m
[90mstdout[2m | src/tests/CaveDeterminism.test.js
[22m[39m[DEBUG] Building.ts loaded

[90mstdout[2m | src/tests/CaveDeterminism.test.js
[22m[39m[DEBUG] Terrain.ts top-level load

[90mstdout[2m | src/tests/CaveDeterminism.test.js
[22m[39m[DEBUG] Actor.ts loaded

[90mstdout[2m | src/tests/CaveDeterminism.test.js
[22m[39m[DEBUG] Goblin.ts loaded

[90mstdout[2m | src/tests/CaveDeterminism.test.js
[22m[39m[Import Debug] Raid: function, Combat: function, Wander: function

[90mstdout[2m | src/tests/PopulationGrowth.test.js[2m > [22m[2mTerrain Population Growth[2m > [22m[2mshould increase population for Caves/Goblin Huts explicitly
[22m[39m[Terrain] Constructor. updatePopulation type: function

[90mstdout[2m | src/tests/PopulationGrowth.test.js[2m > [22m[2mTerrain Population Growth[2m > [22m[2mshould increase population for Caves/Goblin Huts explicitly
[22m[39m[Entity 0] CONSTRUCTOR START: type=building at 20,20
[Entity 0] Calling registerEntity...
[Entity 0] registerEntity returned.
[Entity 0] Calling updatePosition...
[Entity 0] updatePosition returned.
[Entity 1] CONSTRUCTOR START: type=building at 30,30
[Entity 1] Calling registerEntity...
[Entity 1] registerEntity returned.
[Entity 1] Calling updatePosition...
[Entity 1] updatePosition returned.
[Terrain DIAG FRAME] Frame:1 Stagger:20 Units:0
[Terrain DIAG] Type:goblin_hut Frame:1/20 GrowthVal:0.08 Multiplier:2.5 Rate:0.2 HasFood:true Pop:0
[Terrain DIAG FRAME] Frame:2 Stagger:20 Units:0
[Terrain DIAG FRAME] Frame:3 Stagger:20 Units:0
[Terrain DIAG FRAME] Frame:4 Stagger:20 Units:0
[Terrain DIAG FRAME] Frame:5 Stagger:20 Units:0
[Terrain DIAG FRAME] Frame:6 Stagger:20 Units:0
[Terrain DIAG FRAME] Frame:7 Stagger:20 Units:0
[Terrain DIAG FRAME] Frame:8 Stagger:20 Units:0
[Terrain DIAG FRAME] Frame:9 Stagger:20 Units:0
[Terrain DIAG FRAME] Frame:10 Stagger:20 Units:0
[Terrain DIAG FRAME] Frame:11 Stagger:20 Units:0
[Terrain DIAG FRAME] Frame:12 Stagger:20 Units:0
[Terrain DIAG FRAME] Frame:13 Stagger:20 Units:0
[Terrain DIAG FRAME] Frame:14 Stagger:20 Units:0
[Terrain DIAG FRAME] Frame:15 Stagger:20 Units:0
[Terrain DIAG FRAME] Frame:16 Stagger:20 Units:0
[Terrain DIAG FRAME] Frame:17 Stagger:20 Units:0
[Terrain DIAG FRAME] Frame:18 Stagger:20 Units:0
[Terrain DIAG FRAME] Frame:19 Stagger:20 Units:0
[Terrain DIAG FRAME] Frame:20 Stagger:20 Units:0
[Terrain DIAG] Type:cave Frame:0/20 GrowthVal:0.08 Multiplier:2.5 Rate:0.2 HasFood:true Pop:0
[Terrain DIAG FRAME] Frame:21 Stagger:20 Units:0
[Terrain DIAG] Type:goblin_hut Frame:1/20 GrowthVal:0.08 Multiplier:2.5 Rate:0.2 HasFood:true Pop:0
[Terrain DIAG FRAME] Frame:22 Stagger:20 Units:0
[Terrain DIAG FRAME] Frame:23 Stagger:20 Units:0
[Terrain DIAG FRAME] Frame:24 Stagger:20 Units:0
[Terrain DIAG FRAME] Frame:25 Stagger:20 Units:0
[Terrain DIAG FRAME] Frame:26 Stagger:20 Units:0
[Terrain DIAG FRAME] Frame:27 Stagger:20 Units:0
[Terrain DIAG FRAME] Frame:28 Stagger:20 Units:0
[Terrain DIAG FRAME] Frame:29 Stagger:20 Units:0
[Terrain DIAG FRAME] Frame:30 Stagger:20 Units:0
[Terrain DIAG FRAME] Frame:31 Stagger:20 Units:0
[Terrain DIAG FRAME] Frame:32 Stagger:20 Units:0
[Terrain DIAG FRAME] Frame:33 Stagger:20 Units:0
[Terrain DIAG FRAME] Frame:34 Stagger:20 Units:0
[Terrain DIAG FRAME] Frame:35 Stagger:20 Units:0
[Terrain DIAG FRAME] Frame:36 Stagger:20 Units:0
[Terrain DIAG FRAME] Frame:37 Stagger:20 Units:0
[Terrain DIAG FRAME] Frame:38 Stagger:20 Units:0
[Terrain DIAG FRAME] Frame:39 Stagger:20 Units:0
[Terrain DIAG FRAME] Frame:40 Stagger:20 Units:0
[Terrain DIAG] Type:cave Frame:0/20 GrowthVal:0.08 Multiplier:2.5 Rate:0.2 HasFood:true Pop:0

 [32m笨・[39m src/tests/PopulationGrowth.test.js [2m([22m[2m2 tests[22m[2m)[22m[33m 375[2mms[22m[39m
[90mstdout[2m | src/tests/HumanSpawningSurvival.test.js[2m > [22m[2mHuman Spawning Survival[2m > [22m[2mshould allow population growth (slowly) even with 0 food
[22m[39m[Terrain] Constructor. updatePopulation type: function

[90mstdout[2m | src/tests/HumanSpawningSurvival.test.js[2m > [22m[2mHuman Spawning Survival[2m > [22m[2mshould allow population growth (slowly) even with 0 food
[22m[39m[Terrain DIAG FRAME] Frame:0 Stagger:1 Units:0
[Terrain DIAG] Type:house Frame:0/1 GrowthVal:0.04 Multiplier:0.5 Rate:0.02 HasFood:true Pop:0
Population after update: [33m5[39m

 [32m笨・[39m src/tests/HumanSpawningSurvival.test.js [2m([22m[2m1 test[22m[2m)[22m[32m 256[2mms[22m[39m
[90mstdout[2m | src/tests/CaveDeterminism.test.js[2m > [22m[2mCave Determinism[2m > [22m[2mshould generate identical caves with same terrain seed
[22m[39m[Terrain] Constructor. updatePopulation type: function
[GoblinManager] 5蛟九・豢樒ｪ溘ｒ逕滓・荳ｭ...
[GoblinManager] DETERMINISM: generateCaves start. rngState=0
[GoblinManager] DETERMINISM: Attempt 1: Rnd(0.653229, 0.884093) -> Grid(52, 70) rngState=0
[GoblinManager] DETERMINISM: Attempt 2: Rnd(0.699707, 0.088536) -> Grid(55, 7) rngState=0
[GoblinManager] DETERMINISM: Attempt 3: Rnd(0.761658, 0.756824) -> Grid(60, 60) rngState=0
[GoblinManager] 豢樒ｪ溽函謌仙ｮ御ｺ・ 0/5 (隧ｦ陦悟屓謨ｰ: 5000)

[90mstdout[2m | src/tests/CaveDeterminism.test.js[2m > [22m[2mCave Determinism[2m > [22m[2mshould generate identical caves with same terrain seed
[22m[39m[Terrain] DETERMINISM: generateRandomTerrain seed=0.543210 intSeed=1166534591 rngState=1166534591

[90mstdout[2m | src/tests/Lighting.test.js[2m > [22m[2mBuildingRenderer Lighting[2m > [22m[2mshould turn on barracks lights at night
[22m[39m[BuildingRenderer] Initializing Assets...

 [31m笶ｯ[39m src/tests/Lighting.test.js [2m([22m[2m1 test[22m[2m | [22m[31m1 failed[39m[2m)[22m[32m 42[2mms[22m[39m
[31m     [31mﾃ・[31m should turn on barracks lights at night[39m[32m 31[2mms[22m[39m
 [31m笶ｯ[39m src/tests/CaveDeterminism.test.js [2m([22m[2m1 test[22m[2m | [22m[31m1 failed[39m[2m)[22m[33m 380[2mms[22m[39m
[31m     [31mﾃ・[31m should generate identical caves with same terrain seed[39m[33m 377[2mms[22m[39m
[90mstdout[2m | src/tests/TerrainParams.test.js
[22m[39m[DEBUG] Building.ts loaded

[90mstdout[2m | src/tests/TerrainParams.test.js
[22m[39m[DEBUG] Terrain.ts top-level load

[90mstdout[2m | src/tests/SpawnCost.test.js
[22m[39m[DEBUG] Building.ts loaded

[90mstdout[2m | src/tests/SpawnCost.test.js
[22m[39m[DEBUG] Terrain.ts top-level load

 [32m笨・[39m src/tests/VerifySetup.test.js [2m([22m[2m2 tests[22m[2m)[22m[32m 12[2mms[22m[39m
[90mstdout[2m | src/tests/TerrainParams.test.js[2m > [22m[2mTerrain Parameters[2m > [22m[2mshould respect landRatio when generating terrain
[22m[39m[Terrain] Constructor. updatePopulation type: function

[90mstdout[2m | src/tests/TerrainParams.test.js[2m > [22m[2mTerrain Parameters[2m > [22m[2mshould respect landRatio when generating terrain
[22m[39m[Terrain] DETERMINISM: generateRandomTerrain seed=12345.000000 intSeed=26510685622215 rngState=2147483646

Cannot parse C:/Users/mooya/develop/test/src/tests/NightLoadJob.test.js:
Expression expected.
[90mstdout[2m | src/tests/TerrainParams.test.js[2m > [22m[2mTerrain Parameters[2m > [22m[2mshould respect landRatio when generating terrain
[22m[39m[Terrain] Generated 596 trees (Preview=false, Density=1).

[90mstdout[2m | src/tests/TerrainParams.test.js[2m > [22m[2mTerrain Parameters[2m > [22m[2mshould respect landRatio when generating terrain
[22m[39mHigh Land Ratio (Target 0.9): 0.965625
[Terrain] DETERMINISM: generateRandomTerrain seed=12345.000000 intSeed=26510685622215 rngState=2147483646

[90mstdout[2m | src/tests/TerrainParams.test.js[2m > [22m[2mTerrain Parameters[2m > [22m[2mshould respect landRatio when generating terrain
[22m[39m[Terrain] Generated 667 trees (Preview=false, Density=1).

[90mstdout[2m | src/tests/TerrainParams.test.js[2m > [22m[2mTerrain Parameters[2m > [22m[2mshould respect landRatio when generating terrain
[22m[39mLow Land Ratio (Target 0.2): 0.1975

[90mstdout[2m | src/tests/SpawnCost.test.js[2m > [22m[2mUnit Spawn Cost[2m > [22m[2mshould consume food when spawning from House
[22m[39m[Terrain] Constructor. updatePopulation type: function

[90mstdout[2m | src/tests/SpawnCost.test.js[2m > [22m[2mUnit Spawn Cost[2m > [22m[2mshould consume food when spawning from House
[22m[39m[Terrain DIAG FRAME] Frame:20 Stagger:1 Units:0
[Terrain DIAG] Type:house Frame:0/1 GrowthVal:0.04 Multiplier:1 Rate:0.04 HasFood:true Pop:10

[90mstdout[2m | src/tests/RefuseDistraction.test.js
[22m[39m[DEBUG] Building.ts loaded

[90mstdout[2m | src/tests/RefuseDistraction.test.js
[22m[39m[DEBUG] Terrain.ts top-level load

[90mstdout[2m | src/tests/SpawnCost.test.js[2m > [22m[2mUnit Spawn Cost[2m > [22m[2mshould BLOCK spawn if insufficient food
[22m[39mDisposing detached game instance

[90mstdout[2m | src/tests/RefuseDistraction.test.js
[22m[39m[DEBUG] Actor.ts loaded

Cannot parse C:/Users/mooya/develop/test/src/tests/EcoSpawnFix.test.js:
Expected ';', '}' or <eof>.
[90mstdout[2m | src/tests/TerrainParams.test.js[2m > [22m[2mTerrain Parameters[2m > [22m[2mshould respect moistureBase when generating terrain
[22m[39m[Terrain] Constructor. updatePopulation type: function

[90mstdout[2m | src/tests/TerrainParams.test.js[2m > [22m[2mTerrain Parameters[2m > [22m[2mshould respect moistureBase when generating terrain
[22m[39m[Terrain] DETERMINISM: generateRandomTerrain seed=54321.000000 intSeed=116653459188687 rngState=2147483646

[90mstdout[2m | src/tests/TerrainParams.test.js[2m > [22m[2mTerrain Parameters[2m > [22m[2mshould respect moistureBase when generating terrain
[22m[39m[Terrain] Generated 1265 trees (Preview=false, Density=1).

[90mstdout[2m | src/tests/TerrainParams.test.js[2m > [22m[2mTerrain Parameters[2m > [22m[2mshould respect moistureBase when generating terrain
[22m[39mWet Moisture (Target 0.8 base): 0.7183908716140924
[Terrain] DETERMINISM: generateRandomTerrain seed=54321.000000 intSeed=116653459188687 rngState=2147483646

[90mstdout[2m | src/tests/TerrainParams.test.js[2m > [22m[2mTerrain Parameters[2m > [22m[2mshould respect moistureBase when generating terrain
[22m[39m[Terrain] Generated 1266 trees (Preview=false, Density=1).

[90mstdout[2m | src/tests/TerrainParams.test.js[2m > [22m[2mTerrain Parameters[2m > [22m[2mshould respect moistureBase when generating terrain
[22m[39mDry Moisture (Target 0.2 base): 0.1295154087352046

 [32m笨・[39m src/tests/TerrainParams.test.js [2m([22m[2m2 tests[22m[2m)[22m[33m 606[2mms[22m[39m
     [33m[2m笨・[22m[39m should respect landRatio when generating terrain [33m 334[2mms[22m[39m
[90mstdout[2m | src/tests/GoblinEncounter.test.js
[22m[39m[DEBUG] Actor.ts loaded

[90mstdout[2m | src/tests/RefuseDistraction.test.js
[22m[39m[DEBUG] Goblin.ts loaded

[90mstdout[2m | src/tests/RefuseDistraction.test.js
[22m[39m[Import Debug] Raid: function, Combat: function, Wander: function

[90mstdout[2m | src/tests/SpawnCost.test.js[2m > [22m[2mUnit Spawn Cost[2m > [22m[2mshould BLOCK spawn if insufficient food
[22m[39m[Terrain] Constructor. updatePopulation type: function

[90mstdout[2m | src/tests/SpawnCost.test.js[2m > [22m[2mUnit Spawn Cost[2m > [22m[2mshould BLOCK spawn if insufficient food
[22m[39m[Terrain DIAG FRAME] Frame:20 Stagger:1 Units:0
[Terrain DIAG] Type:house Frame:0/1 GrowthVal:0.04 Multiplier:1 Rate:0.04 HasFood:true Pop:10

 [32m笨・[39m src/tests/SpawnCost.test.js [2m([22m[2m2 tests[22m[2m)[22m[33m 504[2mms[22m[39m
[90mstdout[2m | src/tests/GoblinEncounter.test.js
[22m[39m[DEBUG] Goblin.ts loaded

[90mstdout[2m | src/tests/RefuseDistraction.test.js
[22m[39m[DEBUG] Game.ts top-level load

Cannot parse C:/Users/mooya/develop/test/src/tests/MultiJob.test.js:
Expression expected.
[90mstdout[2m | src/tests/GoblinEncounter.test.js
[22m[39m[DEBUG] Building.ts loaded

[90mstdout[2m | src/tests/GoblinEncounter.test.js
[22m[39m[DEBUG] Terrain.ts top-level load

[90mstdout[2m | src/tests/GoblinEncounter.test.js[2m > [22m[2mGoblin Encounter Logic[2m > [22m[2mGoblin should detect Worker within range and enter Combat
[22m[39m[Terrain] Constructor. updatePopulation type: function

[90mstdout[2m | src/tests/TreeSway.test.js[2m > [22m[2mTree Swaying[2m > [22m[2mshould have uTime uniform in the leaf material
[22m[39m[TreeRenderer] Initializing Assets...

[90mstdout[2m | src/tests/TreeSway.test.js[2m > [22m[2mTree Swaying[2m > [22m[2mshould define onBeforeCompile for leaf material to inject swaying logic
[22m[39m[TreeRenderer] Initializing Assets...

[90mstdout[2m | src/tests/GoblinEncounter.test.js[2m > [22m[2mGoblin Encounter Logic[2m > [22m[2mGoblin should detect Worker within range and enter Combat
[22m[39m[Entity 0] CONSTRUCTOR START: type=goblin at 20,20
[Entity 0] Calling registerEntity...
[Entity 0] registerEntity returned.
[Entity 0] Calling updatePosition...
[Entity 0] updatePosition returned.
[DIAG] Actor Created ID: 0
[DIAG] Actor smartMove type: function
[DIAG] Actor smartMove body snapshot: smartMove(tx, tz, time, depth = 0) {
    if (isNaN(tx) || isNaN(tz)) {
      console.error(`[Actor $
[Actor 0] CHANGE STATE: None -> Wander Request:null 
[Entity 1] CONSTRUCTOR START: type=unit at 30,20
[Entity 1] Calling registerEntity...
[Entity 1] registerEntity returned.
[Entity 1] Calling updatePosition...
[Entity 1] updatePosition returned.
[DIAG] Actor Created ID: 1
[DIAG] Actor smartMove type: function
[DIAG] Actor smartMove body snapshot: smartMove(tx, tz, time, depth = 0) {
    if (isNaN(tx) || isNaN(tz)) {
      console.error(`[Actor $
[UnitCore.js] Unit Created ID:0 Role:worker Pos:30,20 Special:false
[Unit 0] State Change: None -> Wander
[UnitCore.js] Unit Created ID:0 Role:worker Pos:30,20
[UnitCore.js] Unit Construction Finished ID:0
[Test Debug] Worker keys: id,scene,terrain,game,frameCount,gridX,gridZ,type,spatialType,position,rotationY,userData,isMoving,moveTimer,moveDuration,moveStartTime,startGridX,startGridZ,targetGridX,targetGridZ,walkAnimTimer,_isDead,age,limbs,_spatial,path,pathIndex,stuckCount,stuckTimer,lastPos,pathFailCount,action,lastMoveLog,raidGoal,lifespan,isFinished,unreachableTimer,mesh,targetRequest,targetItem,heldItem,targetEntity,targetBuilding,hp,maxHp,damage,attackRate,attackCooldown,combatRange,isRanged,baseMoveDuration,lastPathTime,isPathfinding,isPathfindingThrottled,isUnreachable,isWaitingForPath,minDistToTarget,pathStagnation,pathRequestId,pathTargetX,pathTargetZ,pathRequestedTargetX,pathRequestedTargetZ,state,simTime,role,isSpecial,squadId,faction,lastJobResult,lastGridX,lastGridZ,stagnationTimer,buildStagnationCount,lastTime,lastGatherTime,lastHitTime,moveInterval,huntingCooldown,target,targetX,targetZ,wanderCount,migrationTarget,patrolTarget,patrolTimer,ignoredTargets,debugFrame,isSleeping,targetGoblin,targetUnit,targetRaidPoint,lastWaterLogTime,scanTimer,homeBase,residence,xp,crossMesh,level,name,lastPathAttempt,savedHomeBaseX,savedHomeBaseZ,savedTargetRequestId,migrationTimer,moisture,deathTimer
[GoblinState Debug] ID:100 Calling scanForTargets...
[Goblin 100] Found Unit Candidate: 200 Dist:? 
[Actor 100] Resetting Unreachable (Target changed or initializing)
[Entity 2] CONSTRUCTOR START: type=building at 30,20
[Entity 2] Calling registerEntity...
[Entity 2] registerEntity returned.
[Entity 2] Calling updatePosition...
[Entity 2] updatePosition returned.
[Actor 200] Resetting Unreachable (Target changed or initializing)
[Actor 200] Resetting Unreachable (Target changed or initializing)
[Actor 100] Pathfinding SUCCESS: Got 11 nodes to 30,20
[Entity 100] startMove -> isMoving:true. Target:21,20 StartTime:0.7000

[90mstdout[2m | src/tests/GoblinEncounter.test.js[2m > [22m[2mGoblin Encounter Logic[2m > [22m[2mGoblin should prioritize Worker if Building is far, or attack Building if close
[22m[39mDisposing detached game instance

[90mstdout[2m | src/tests/TreeSway.test.js[2m > [22m[2mTree Swaying[2m > [22m[2mshould update uTime value in update()
[22m[39m[TreeRenderer] Initializing Assets...

 [31m笶ｯ[39m src/tests/TreeSway.test.js [2m([22m[2m3 tests[22m[2m | [22m[31m3 failed[39m[2m)[22m[32m 44[2mms[22m[39m
[31m     [31mﾃ・[31m should have uTime uniform in the leaf material[39m[32m 15[2mms[22m[39m
[31m     [31mﾃ・[31m should define onBeforeCompile for leaf material to inject swaying logic[39m[32m 2[2mms[22m[39m
[31m     [31mﾃ・[31m should update uTime value in update()[39m[32m 3[2mms[22m[39m
Cannot parse C:/Users/mooya/develop/test/src/tests/PopulationSpawningFix.test.js:
Return statement is not allowed here.
[90mstdout[2m | src/tests/WaterWaves.test.js
[22m[39m[DEBUG] Building.ts loaded

[90mstdout[2m | src/tests/WaterWaves.test.js
[22m[39m[DEBUG] Terrain.ts top-level load

[90mstdout[2m | src/tests/GoblinEncounter.test.js[2m > [22m[2mGoblin Encounter Logic[2m > [22m[2mGoblin should prioritize Worker if Building is far, or attack Building if close
[22m[39m[Terrain] Constructor. updatePopulation type: function

[90mstdout[2m | src/tests/GoblinEncounter.test.js[2m > [22m[2mGoblin Encounter Logic[2m > [22m[2mGoblin should prioritize Worker if Building is far, or attack Building if close
[22m[39m[Entity 3] CONSTRUCTOR START: type=goblin at 20,20
[Entity 3] Calling registerEntity...
[Entity 3] registerEntity returned.
[Entity 3] Calling updatePosition...
[Entity 3] updatePosition returned.
[DIAG] Actor Created ID: 3
[DIAG] Actor smartMove type: function
[DIAG] Actor smartMove body snapshot: smartMove(tx, tz, time, depth = 0) {
    if (isNaN(tx) || isNaN(tz)) {
      console.error(`[Actor $
[Entity 4] CONSTRUCTOR START: type=unit at 30,20
[Entity 4] Calling registerEntity...
[Entity 4] registerEntity returned.
[Entity 4] Calling updatePosition...
[Entity 4] updatePosition returned.
[DIAG] Actor Created ID: 4
[DIAG] Actor smartMove type: function
[DIAG] Actor smartMove body snapshot: smartMove(tx, tz, time, depth = 0) {
    if (isNaN(tx) || isNaN(tz)) {
      console.error(`[Actor $
[UnitCore.js] Unit Created ID:1 Role:worker Pos:30,20 Special:false
[UnitCore.js] Unit Created ID:1 Role:worker Pos:30,20
[UnitCore.js] Unit Construction Finished ID:1
[Goblin 101] Found Unit Candidate: 201 Dist:? 
[Actor 101] Resetting Unreachable (Target changed or initializing)
[Entity 5] CONSTRUCTOR START: type=building at 30,20
[Entity 5] Calling registerEntity...
[Entity 5] registerEntity returned.
[Entity 5] Calling updatePosition...
[Entity 5] updatePosition returned.
[Actor 201] Resetting Unreachable (Target changed or initializing)
[Actor 201] Resetting Unreachable (Target changed or initializing)
[Actor 101] Pathfinding SUCCESS: Got 11 nodes to 30,20
[Entity 101] startMove -> isMoving:true. Target:21,20 StartTime:0.7000

[90mstdout[2m | src/tests/GoblinEncounter.test.js[2m > [22m[2mGoblin Encounter Logic[2m > [22m[2mGoblin should switch target to Worker if it encounters one while moving to a far Building
[22m[39mDisposing detached game instance

[90mstdout[2m | src/tests/GoblinEncounter.test.js[2m > [22m[2mGoblin Encounter Logic[2m > [22m[2mGoblin should switch target to Worker if it encounters one while moving to a far Building
[22m[39m[Terrain] Constructor. updatePopulation type: function

[90mstdout[2m | src/tests/GoblinEncounter.test.js[2m > [22m[2mGoblin Encounter Logic[2m > [22m[2mGoblin should switch target to Worker if it encounters one while moving to a far Building
[22m[39m[Entity 6] CONSTRUCTOR START: type=goblin at 20,20
[Entity 6] Calling registerEntity...
[Entity 6] registerEntity returned.
[Entity 6] Calling updatePosition...
[Entity 6] updatePosition returned.
[DIAG] Actor Created ID: 6
[DIAG] Actor smartMove type: function
[DIAG] Actor smartMove body snapshot: smartMove(tx, tz, time, depth = 0) {
    if (isNaN(tx) || isNaN(tz)) {
      console.error(`[Actor $
[Entity 7] CONSTRUCTOR START: type=unit at 25,20
[Entity 7] Calling registerEntity...
[Entity 7] registerEntity returned.
[Entity 7] Calling updatePosition...
[Entity 7] updatePosition returned.
[DIAG] Actor Created ID: 7
[DIAG] Actor smartMove type: function
[DIAG] Actor smartMove body snapshot: smartMove(tx, tz, time, depth = 0) {
    if (isNaN(tx) || isNaN(tz)) {
      console.error(`[Actor $
[UnitCore.js] Unit Created ID:2 Role:worker Pos:25,20 Special:false
[UnitCore.js] Unit Created ID:2 Role:worker Pos:25,20
[UnitCore.js] Unit Construction Finished ID:2
[Goblin 102] Found Unit Candidate: 202 Dist:? 
[Actor 102] Resetting Unreachable (Target changed or initializing)

[90mstdout[2m | src/tests/GoblinEncounter.test.js[2m > [22m[2mGoblin Encounter Logic[2m > [22m[2mGoblin should switch target to Worker if it encounters one while moving to a far Building
[22m[39m[Actor 102] Pathfinding SUCCESS: Got 6 nodes to 25,20
[Entity 102] startMove -> isMoving:true. Target:21,20 StartTime:0.8000

 [32m笨・[39m src/tests/GoblinEncounter.test.js [2m([22m[2m3 tests[22m[2m)[22m[33m 798[2mms[22m[39m
     [33m[2m笨・[22m[39m Goblin should detect Worker within range and enter Combat [33m 333[2mms[22m[39m
[90mstdout[2m | src/tests/WorkerReachability.test.js[2m > [22m[2mWorker Job Reachability[2m > [22m[2mfindBestRequest filters out unreachable jobs
[22m[39m[DEBUG] Building.ts loaded

[90mstdout[2m | src/tests/WorkerReachability.test.js[2m > [22m[2mWorker Job Reachability[2m > [22m[2mfindBestRequest filters out unreachable jobs
[22m[39m[DEBUG] Terrain.ts top-level load

[90mstdout[2m | src/tests/WaterWaves.test.js[2m > [22m[2mWater Waves[2m > [22m[2mshould have a detailed geometry for the water mesh
[22m[39m[Terrain] Constructor. updatePopulation type: function

[90mstdout[2m | src/tests/WorkerReachability.test.js[2m > [22m[2mWorker Job Reachability[2m > [22m[2mfindBestRequest filters out unreachable jobs
[22m[39m[DEBUG] Actor.ts loaded

Cannot parse C:/Users/mooya/develop/test/src/tests/MovingFlicker.test.js:
Return statement is not allowed here.
[90mstdout[2m | src/tests/WaterWaves.test.js[2m > [22m[2mWater Waves[2m > [22m[2mshould have uTime uniform in the water material
[22m[39m[Terrain] Constructor. updatePopulation type: function

[90mstdout[2m | src/tests/WorkerReachability.test.js[2m > [22m[2mWorker Job Reachability[2m > [22m[2mfindBestRequest filters out unreachable jobs
[22m[39m[DEBUG] Goblin.ts loaded

[90mstdout[2m | src/tests/WorkerReachability.test.js[2m > [22m[2mWorker Job Reachability[2m > [22m[2mfindBestRequest filters out unreachable jobs
[22m[39m[Import Debug] Raid: function, Combat: function, Wander: function

[90mstdout[2m | src/tests/Hotspot.test.js[2m > [22m[2mGlobal Battle Hotspots Logic[2m > [22m[2mClusters nearby battle reports
[22m[39m[DEBUG] Building.ts loaded

[90mstdout[2m | src/tests/Hotspot.test.js[2m > [22m[2mGlobal Battle Hotspots Logic[2m > [22m[2mClusters nearby battle reports
[22m[39m[DEBUG] Terrain.ts top-level load

[90mstdout[2m | src/tests/Hotspot.test.js[2m > [22m[2mGlobal Battle Hotspots Logic[2m > [22m[2mClusters nearby battle reports
[22m[39m[DEBUG] Actor.ts loaded

[90mstdout[2m | src/tests/LoadJitabata.test.js
[22m[39m[DEBUG] Actor.ts loaded

[90mstdout[2m | src/tests/Hotspot.test.js[2m > [22m[2mGlobal Battle Hotspots Logic[2m > [22m[2mClusters nearby battle reports
[22m[39m[DEBUG] Goblin.ts loaded

[90mstdout[2m | src/tests/Hotspot.test.js[2m > [22m[2mGlobal Battle Hotspots Logic[2m > [22m[2mClusters nearby battle reports
[22m[39m[Import Debug] Raid: function, Combat: function, Wander: function

[90mstdout[2m | src/tests/CombatRequestHandoff.test.js[2m > [22m[2mRequest Responsiveness & Combat Handoff[2m > [22m[2mWorker releases job when died
[22m[39m[DEBUG] Actor.ts loaded

[90mstdout[2m | src/tests/WorkerReachability.test.js[2m > [22m[2mWorker Job Reachability[2m > [22m[2mfindBestRequest filters out unreachable jobs
[22m[39m[DEBUG] Game.ts top-level load

[90mstdout[2m | src/tests/WaterWaves.test.js[2m > [22m[2mWater Waves[2m > [22m[2mshould have onBeforeCompile defined for custom shader injection
[22m[39m[Terrain] Constructor. updatePopulation type: function

 [32m笨・[39m src/tests/WorkerReachability.test.js [2m([22m[2m2 tests[22m[2m)[22m[33m 719[2mms[22m[39m
     [33m[2m笨・[22m[39m findBestRequest filters out unreachable jobs [33m 703[2mms[22m[39m
 [32m笨・[39m src/tests/WaterWaves.test.js [2m([22m[2m3 tests[22m[2m)[22m[33m 791[2mms[22m[39m
     [33m[2m笨・[22m[39m should have a detailed geometry for the water mesh [33m 337[2mms[22m[39m
[Test] ReleaseRequest Calls: 1
stderr | src/tests/CombatRequestHandoff.test.js > Request Responsiveness & Combat Handoff > Worker releases job when died
[Test] Unit HP before: 10
[Test] Is Mock? false

[90mstdout[2m | src/tests/CombatRequestHandoff.test.js[2m > [22m[2mRequest Responsiveness & Combat Handoff[2m > [22m[2mWorker releases job when died
[22m[39m[Entity 0] CONSTRUCTOR START: type=unit at 10,10
[Entity 0] Calling registerEntity...
[Entity 0] registerEntity returned.
[Entity 0] Calling updatePosition...
[Entity 0] updatePosition returned.
[DIAG] Actor Created ID: 0
[DIAG] Actor smartMove type: function
[DIAG] Actor smartMove body snapshot: smartMove(tx, tz, time, depth = 0) {
    if (isNaN(tx) || isNaN(tz)) {
      console.error(`[Actor $
[UnitCore.js] Unit Created ID:0 Role:worker Pos:10,10 Special:false
[Unit 0] State Change: None -> Wander
[UnitCore.js] Unit Created ID:0 Role:worker Pos:10,10
[UnitCore.js] Unit Construction Finished ID:0
Run Logic...
[Unit 0] State Change: Wander -> Job
[Actor 0] Resetting Unreachable (Target changed or initializing)
Simulate Death. Role: worker Req: { id: [32m'req_1'[39m, x: [33m15[39m, z: [33m15[39m, status: [32m'assigned'[39m, assignedTo: [33m0[39m } Game: [33mtrue[39m
Unit 0 (worker) DIED. R.I.P.
[Unit 0] Releasing request via this.game
[Test] Unit Dead? true Health: undefined
[Test] ReleaseRequest Calls: [33m1[39m
[Actor 0] Pathfinding SUCCESS: Got 1 nodes to 15,15
[Entity 0] startMove -> isMoving:true. Target:15,15 StartTime:100.0000

[90mstdout[2m | src/tests/StressTest.test.js
[22m[39m[DEBUG] Building.ts loaded

[90mstdout[2m | src/tests/StressTest.test.js
[22m[39m[DEBUG] Terrain.ts top-level load

[Test] Unit HP: 0. isDead: true. TargetReq: null
[90mstdout[2m | src/tests/Hotspot.test.js[2m > [22m[2mGlobal Battle Hotspots Logic[2m > [22m[2mClusters nearby battle reports
[22m[39m[DEBUG] Game.ts top-level load

[90mstdout[2m | src/tests/Hotspot.test.js[2m > [22m[2mGlobal Battle Hotspots Logic[2m > [22m[2mClusters nearby battle reports
[22m[39m[Hotspot Debug] Grouping with existing at 10,10 (Dist: 2.8)

[90mstdout[2m | src/tests/Hotspot.test.js[2m > [22m[2mGlobal Battle Hotspots Logic[2m > [22m[2mMobilizes idle squads to intense hotspots (Updated Threshold)
[22m[39m[Game] Mobilizing Squad 1 to Hotspot at 100,20 (Intensity:100.0)

[90mstdout[2m | src/tests/CombatRequestHandoff.test.js[2m > [22m[2mRequest Responsiveness & Combat Handoff[2m > [22m[2mforceAssignRequest prioritizes idle unit over busy unit
[22m[39m[DEBUG] Building.ts loaded

[90mstdout[2m | src/tests/CombatRequestHandoff.test.js[2m > [22m[2mRequest Responsiveness & Combat Handoff[2m > [22m[2mforceAssignRequest prioritizes idle unit over busy unit
[22m[39m[DEBUG] Terrain.ts top-level load

[90mstdout[2m | src/tests/Hotspot.test.js[2m > [22m[2mGlobal Battle Hotspots Logic[2m > [22m[2mMobilizes idle squads
[22m[39m[Game] Mobilizing Squad 1 to Hotspot at 50,50 (Intensity:100.0)

 [32m笨・[39m src/tests/Hotspot.test.js [2m([22m[2m6 tests[22m[2m)[22m[33m 465[2mms[22m[39m
     [33m[2m笨・[22m[39m Clusters nearby battle reports [33m 452[2mms[22m[39m
[90mstdout[2m | src/tests/StressTest.test.js
[22m[39m[DEBUG] Actor.ts loaded

[90mstdout[2m | src/tests/LoadJitabata.test.js
[22m[39m[DEBUG] Goblin.ts loaded

[90mstdout[2m | src/tests/DoubleSpawn.test.js
[22m[39m[DEBUG] Building.ts loaded

[90mstdout[2m | src/tests/DoubleSpawn.test.js
[22m[39m[DEBUG] Terrain.ts top-level load

[90mstdout[2m | src/tests/LoadJitabata.test.js
[22m[39m[Import Debug] Raid: function, Combat: function, Wander: function

[90mstdout[2m | src/tests/DoubleSpawn.test.js
[22m[39m[DEBUG] Actor.ts loaded

[90mstdout[2m | src/tests/CombatRequestHandoff.test.js[2m > [22m[2mRequest Responsiveness & Combat Handoff[2m > [22m[2mforceAssignRequest prioritizes idle unit over busy unit
[22m[39m[DEBUG] Goblin.ts loaded

[90mstdout[2m | src/tests/CombatRequestHandoff.test.js[2m > [22m[2mRequest Responsiveness & Combat Handoff[2m > [22m[2mforceAssignRequest prioritizes idle unit over busy unit
[22m[39m[Import Debug] Raid: function, Combat: function, Wander: function

[90mstdout[2m | src/tests/SimpleRegion.test.js
[22m[39m[DEBUG] Building.ts loaded

[90mstdout[2m | src/tests/SimpleRegion.test.js
[22m[39m[DEBUG] Terrain.ts top-level load

[90mstdout[2m | src/tests/LoadJitabata.test.js
[22m[39m[DEBUG] Game.ts top-level load

[90mstdout[2m | src/tests/DoubleSpawn.test.js
[22m[39m[DEBUG] Game.ts top-level load

[90mstdout[2m | src/tests/StressTest.test.js
[22m[39m[DEBUG] Goblin.ts loaded

[90mstdout[2m | src/tests/StressTest.test.js
[22m[39m[Import Debug] Raid: function, Combat: function, Wander: function

[90mstdout[2m | src/tests/CombatRequestHandoff.test.js[2m > [22m[2mRequest Responsiveness & Combat Handoff[2m > [22m[2mforceAssignRequest prioritizes idle unit over busy unit
[22m[39m[DEBUG] Game.ts top-level load

 [32m笨・[39m src/tests/CombatRequestHandoff.test.js [2m([22m[2m2 tests[22m[2m)[22m[33m 458[2mms[22m[39m
[90mstdout[2m | src/tests/LoadJitabata.test.js[2m > [22m[2mPost-Load Jitabata Reproduction[2m > [22m[2mshould NOT flap between Job and Wander after load
[22m[39m[Game] Init SphereGeometry
[Game] Minimal/Override Init Start
[Game] Minimal: Init Clock
[Game FORCE CONST 1] Creating mock terrain
[Game] Minimal: Init Managers
[Game] Minimal: Init GoblinManager
[GoblinManager] 5蛟九・豢樒ｪ溘ｒ逕滓・荳ｭ...
[GoblinManager] DETERMINISM: generateCaves start. rngState=undefined
[GoblinManager] DETERMINISM: Attempt 1: Rnd(0.653743, 0.931157) -> Grid(104, 148) rngState=undefined
[GoblinManager] DETERMINISM: Attempt 2: Rnd(0.529869, 0.144073) -> Grid(84, 23) rngState=undefined
[GoblinManager] DETERMINISM: Attempt 3: Rnd(0.737873, 0.941403) -> Grid(118, 150) rngState=undefined
[GoblinManager] 豢樒ｪ溽函謌仙ｮ御ｺ・ 0/5 (隧ｦ陦悟屓謨ｰ: 5000)
[Game] Minimal: Init EnemyAI
[Game] Minimal: Done. Returning.

stderr | src/tests/LoadJitabata.test.js > Post-Load Jitabata Reproduction > should NOT flap between Job and Wander after load
[Game] Warning: markerMaterial missing or invalid. Using fallback.
[Actor 0] Pathfinding FAILED: Empty/Short path returned. Current Pos: 10,10 -> Target: 20,20 Len:0 Short:false

[90mstdout[2m | src/tests/LoadJitabata.test.js[2m > [22m[2mPost-Load Jitabata Reproduction[2m > [22m[2mshould NOT flap between Job and Wander after load
[22m[39m[Entity 0] CONSTRUCTOR START: type=unit at 10,10
[Entity 0] Calling registerEntity...
[Entity 0] registerEntity returned.
[Entity 0] Calling updatePosition...
[Entity 0] updatePosition returned.
[DIAG] Actor Created ID: 0
[DIAG] Actor smartMove type: function
[DIAG] Actor smartMove body snapshot: smartMove(tx, tz, time, depth = 0) {
    if (isNaN(tx) || isNaN(tz)) {
      console.error(`[Actor $
[UnitCore.js] Unit Created ID:0 Role:worker Pos:10,10 Special:false
[Unit 0] State Change: None -> Wander
[UnitCore.js] Unit Created ID:0 Role:worker Pos:10,10
[UnitCore.js] Unit Construction Finished ID:0
[Game] Request Added: raise at (20,20) ID:req_0
[Game] No worker in radius 80 for Manual Req req_0. Trying Global Scan...
[Unit 0] State Change: Wander -> Job
[Actor 0] Resetting Unreachable (Target changed or initializing)
[Game] Saving Game: Level=0, Seed=undefined
Saved to slot 1 (Compressed). Size: 379 chars (Original: 1115)
[Game] Init SphereGeometry
[Game] Minimal/Override Init Start
[Game] Minimal: Init Clock
[Game FORCE CONST 2] Creating mock terrain
[Game] Minimal: Init Managers
[Game] Minimal: Init GoblinManager
[GoblinManager] 5蛟九・豢樒ｪ溘ｒ逕滓・荳ｭ...
[GoblinManager] DETERMINISM: generateCaves start. rngState=undefined
[GoblinManager] DETERMINISM: Attempt 1: Rnd(0.502196, 0.058868) -> Grid(80, 9) rngState=undefined
[GoblinManager] DETERMINISM: Attempt 2: Rnd(0.398810, 0.625006) -> Grid(63, 100) rngState=undefined
[GoblinManager] DETERMINISM: Attempt 3: Rnd(0.843724, 0.205084) -> Grid(134, 32) rngState=undefined
[GoblinManager] 豢樒ｪ溽函謌仙ｮ御ｺ・ 0/5 (隧ｦ陦悟屓謨ｰ: 5000)
[Game] Minimal: Init EnemyAI
[Game] Minimal: Done. Returning.
Load Started...

[90mstdout[2m | src/tests/StressTest.test.js
[22m[39m[DEBUG] Game.ts top-level load

[90mstdout[2m | src/tests/LoadJitabata.test.js[2m > [22m[2mPost-Load Jitabata Reproduction[2m > [22m[2mshould NOT flap between Job and Wander after load
[22m[39mLoading slot 1, Raw length: 376
Load: Decompressed successfully.
Parsed Data for slot 1: {
  timestamp: [33m1771642193998[39m,
  data: {
    slotId: [33m1[39m,
    timestamp: [33m1771642193997[39m,
    resources: { grain: [33m0[39m, fish: [33m0[39m, meat: [33m0[39m },
    gameTime: [33m7[39m,
    gameTotalTime: [33m0[39m,
    currentSeasonIndex: [33m0[39m,
    daysPassed: [33m0[39m,
    terrain: {
      h: [],
      n: [],
      b: [],
      logicalWidth: [33m160[39m,
      logicalDepth: [33m160[39m,
      version: [33m2[39m
    },
    units: [ [36m[Object][39m ],
    requests: [ [36m[Object][39m ],
    goblinManager: { plunderCount: [33m0[39m, goblins: [], clans: [], caves: [] },
    camera: { position: [36m[Object][39m, target: [36m[Object][39m },
    currentLevelIndex: [33m0[39m
  }
}
Load Game: Data found {
  slotId: [33m1[39m,
  timestamp: [33m1771642193997[39m,
  resources: { grain: [33m0[39m, fish: [33m0[39m, meat: [33m0[39m },
  gameTime: [33m7[39m,
  gameTotalTime: [33m0[39m,
  currentSeasonIndex: [33m0[39m,
  daysPassed: [33m0[39m,
  terrain: {
    h: [],
    n: [],
    b: [],
    logicalWidth: [33m160[39m,
    logicalDepth: [33m160[39m,
    version: [33m2[39m
  },
  units: [
    {
      id: [33m0[39m,
      gridX: [33m10[39m,
      gridZ: [33m10[39m,
      age: [33m20[39m,
      raidTargetX: [1mnull[22m,
      raidTargetY: [1mnull[22m,
      raidTargetZ: [1mnull[22m,
      raidTargetTS: [1mnull[22m,
      lifespan: [33m89.9523742957825[39m,
      isDead: [33mfalse[39m,
      isFinished: [33mfalse[39m,
      isMoving: [33mfalse[39m,
      targetX: [33m0[39m,
      targetZ: [33m0[39m,
      moveStartTime: [33m0[39m,
      moveDuration: [33m0.8[39m,
      startGridX: [33m0[39m,
      startGridZ: [33m0[39m,
      targetGridX: [33m0[39m,
      targetGridZ: [33m0[39m,
      isSpecial: [33mfalse[39m,
      role: [32m'worker'[39m,
      type: [32m'worker'[39m,
      hp: [33m60[39m,
      maxHp: [33m60[39m,
      damage: [33m12[39m,
      xp: [33m0[39m,
      level: [33m1[39m,
      name: [32m'Unit'[39m,
      faction: [32m'player'[39m,
      squadId: [1mnull[22m,
      targetRequestId: [32m'req_0'[39m,
      action: [32m'Approaching Job'[39m,
      ignoredTargets: []
    }
  ],
  requests: [
    {
      id: [32m'req_0'[39m,
      type: [32m'raise'[39m,
      x: [33m20[39m,
      z: [33m20[39m,
      status: [32m'assigned'[39m,
      assignedTo: [33m0[39m,
      createdAt: [33m0[39m,
      isManual: [33mtrue[39m
    }
  ],
  goblinManager: { plunderCount: [33m0[39m, goblins: [], clans: [], caves: [] },
  camera: { position: { x: [33m0[39m, y: [33m0[39m, z: [33m0[39m }, target: { x: [33m0[39m, y: [33m0[39m, z: [33m0[39m } },
  currentLevelIndex: [33m0[39m
}
[Game] Load Game: Restored Level=0, Seed=null

[90mstdout[2m | src/tests/LoadJitabata.test.js[2m > [22m[2mPost-Load Jitabata Reproduction[2m > [22m[2mshould NOT flap between Job and Wander after load
[22m[39mResetting GoblinManager...
Clearing 0 projectiles...
[Game] Deserializing terrain...

[90mstdout[2m | src/tests/LoadJitabata.test.js[2m > [22m[2mPost-Load Jitabata Reproduction[2m > [22m[2mshould NOT flap between Job and Wander after load
[22m[39m[Game] Terrain deserialized.

[90mstdout[2m | src/tests/LoadJitabata.test.js[2m > [22m[2mPost-Load Jitabata Reproduction[2m > [22m[2mshould NOT flap between Job and Wander after load
[22m[39m[Game] Loading resources/time...
[Game] Updating environment...

[90mstdout[2m | src/tests/LoadJitabata.test.js[2m > [22m[2mPost-Load Jitabata Reproduction[2m > [22m[2mshould NOT flap between Job and Wander after load
[22m[39m[Game] Restoring 1 units...

[90mstdout[2m | src/tests/LoadJitabata.test.js[2m > [22m[2mPost-Load Jitabata Reproduction[2m > [22m[2mshould NOT flap between Job and Wander after load
[22m[39m[Entity 1] CONSTRUCTOR START: type=unit at 10,10
[Entity 1] Calling registerEntity...
[Entity 1] registerEntity returned.
[Entity 1] Calling updatePosition...
[Entity 1] updatePosition returned.
[DIAG] Actor Created ID: 1
[DIAG] Actor smartMove type: function
[DIAG] Actor smartMove body snapshot: smartMove(tx, tz, time, depth = 0) {
    if (isNaN(tx) || isNaN(tz)) {
      console.error(`[Actor $
[UnitCore.js] Unit Created ID:1 Role:worker Pos:10,10 Special:false
[UnitCore.js] Unit Created ID:1 Role:worker Pos:10,10
[UnitCore.js] Unit Construction Finished ID:1
[Unit 0] State Change: Wander -> Wander
[Game] Successfully restored 1 units.
GoblinManager: Deserializing...
GoblinManager: Restored 0 goblins.
[Game] Restoring 1 requests...

stderr | src/tests/LoadJitabata.test.js > Post-Load Jitabata Reproduction > should NOT flap between Job and Wander after load
[Game] Warning: markerMaterial missing on Load. Using fallback.

[90mstdout[2m | src/tests/LoadJitabata.test.js[2m > [22m[2mPost-Load Jitabata Reproduction[2m > [22m[2mshould NOT flap between Job and Wander after load
[22m[39m[Game] Checking unit 0 for targetRequestId: req_0
[Game] Re-linked Unit 0 to Request req_0
[Unit 0] State Change: Wander -> Job
[Actor 0] Resetting Unreachable (Target changed or initializing)
[Game] Restored Camera Zoom: 1
[Actor 0] Pathfinding SUCCESS: Got 1 nodes to 20,20
[Entity 0] startMove -> isMoving:true. Target:20,20 StartTime:0.0000

[90mstdout[2m | src/tests/StressTest.test.js[2m > [22m[2mLarge Scale Stress Testing (Phase 26)[2m > [22m[2mshould handle 200 units and 50 goblins without crashing (Spawn Storm)
[22m[39m[Game] Init SphereGeometry
[Game] Minimal/Override Init Start
[Game] Minimal: Init Clock
[Game FORCE CONST 1] Assigning terrainOverride to this.terrain
[Game] Minimal: Init Managers
[Game] Minimal: Init GoblinManager
[GoblinManager] 5蛟九・豢樒ｪ溘ｒ逕滓・荳ｭ...
[GoblinManager] DETERMINISM: generateCaves start. rngState=undefined
[GoblinManager] DETERMINISM: Attempt 1: Rnd(0.615940, 0.226807) -> Grid(49, 18) rngState=undefined
[GoblinManager] DETERMINISM: Attempt 2: Rnd(0.338223, 0.252694) -> Grid(27, 20) rngState=undefined
[GoblinManager] DETERMINISM: Attempt 3: Rnd(0.458189, 0.539767) -> Grid(36, 43) rngState=undefined
[GoblinManager] 豢樒ｪ溽函謌仙ｮ御ｺ・ 0/5 (隧ｦ陦悟屓謨ｰ: 5000)
[Game] Minimal: Init EnemyAI
[Game] Minimal: Done. Returning.
[GoblinManager] 5蛟九・豢樒ｪ溘ｒ逕滓・荳ｭ...
[GoblinManager] DETERMINISM: generateCaves start. rngState=undefined
[GoblinManager] DETERMINISM: Attempt 1: Rnd(0.897479, 0.328148) -> Grid(71, 26) rngState=undefined
[GoblinManager] DETERMINISM: Attempt 2: Rnd(0.282932, 0.827405) -> Grid(22, 66) rngState=undefined
[GoblinManager] DETERMINISM: Attempt 3: Rnd(0.494067, 0.528989) -> Grid(39, 42) rngState=undefined
[GoblinManager] 豢樒ｪ溽函謌仙ｮ御ｺ・ 0/5 (隧ｦ陦悟屓謨ｰ: 5000)

[90mstdout[2m | src/tests/SimpleRegion.test.js[2m > [22m[2mSimple Region Connectivity[2m > [22m[2mshould identify a single island
[22m[39m[Terrain] Constructor. updatePopulation type: function

[90mstdout[2m | src/tests/SimpleRegion.test.js[2m > [22m[2mSimple Region Connectivity[2m > [22m[2mshould identify a single island
[22m[39mRunning calculateRegions...
Done.
Region ID at 5,5: 1

[90mstdout[2m | src/tests/DoubleSpawn.test.js[2m > [22m[2mDouble Spawn Issue (Concurrency)[2m > [22m[2mshould prevent double spawn on concurrent startNewGame calls
[22m[39m[Game] Init SphereGeometry
[Game] Minimal/Override Init Start
[Game] Minimal: Init Clock
[Game FORCE CONST 1] Creating mock terrain
[Game] Minimal: Init Managers
[Game] Minimal: Init GoblinManager
[Game] Minimal: Init EnemyAI
[Game] Minimal: Done. Returning.
DEBUG: startNewGame. CurrentSeed=undefined
[Game] Starting New Campaign from Level 1
[Game] Starting Level 1: Test, W=20
[Game] Clearing Entities...
[Game] DETERMINISM: Seed NOT Preserved. LvlIdx:0 Terrain:160x160 Config:20x20 Seed:undefined
[Game] Disposing Old Terrain...
[Game] Creating New Terrain (20x20)...
[Terrain] Constructor. updatePopulation type: function
[Game] Generating Level Terrain Data...
[Terrain] DETERMINISM: generateRandomTerrain seed=0.081369 intSeed=174739122 rngState=174739122
DEBUG: startNewGame. CurrentSeed=0.08136924470193008

stderr | src/tests/DoubleSpawn.test.js > Double Spawn Issue (Concurrency) > should prevent double spawn on concurrent startNewGame calls
[Game] Level Terrain Generation Failed: TypeError: colorAttr.setXYZ is not a function
    at Terrain.updateColors (C:/Users/mooya/develop/test/src/Terrain.ts:1228:27)
    at Terrain.calculateRegions (C:/Users/mooya/develop/test/src/Terrain.ts:646:14)
    at Terrain.generateRandomTerrain (C:/Users/mooya/develop/test/src/Terrain.ts:563:20)
    at Game.startLevel (C:/Users/mooya/develop/test/src/Game.ts:2828:13)
    at Game.startNewGame (C:/Users/mooya/develop/test/src/Game.ts:2764:9)
    at async Promise.all (index 0)
    at C:/Users/mooya/develop/test/src/tests/DoubleSpawn.test.js:35:9
    at file:///C:/Users/mooya/develop/test/node_modules/@vitest/runner/dist/index.js:915:20

 [31m笶ｯ[39m src/tests/DoubleSpawn.test.js [2m([22m[2m1 test[22m[2m | [22m[31m1 failed[39m[2m)[22m[32m 283[2mms[22m[39m
[31m     [31mﾃ・[31m should prevent double spawn on concurrent startNewGame calls[39m[32m 281[2mms[22m[39m
[90mstdout[2m | src/tests/RefuseDistraction.test.js[2m > [22m[2mRefuse Distraction Reconstructed[2m > [22m[2mshould initialize correctly
[22m[39m[Game] Init SphereGeometry
[Game] Minimal/Override Init Start
[Game] Minimal: Init Clock
[Game FORCE CONST 1] Assigning terrainOverride to this.terrain
[Game] Minimal: Init Managers
[Game] Minimal: Init GoblinManager
[GoblinManager] 5蛟九・豢樒ｪ溘ｒ逕滓・荳ｭ...
[GoblinManager] DETERMINISM: generateCaves start. rngState=undefined
[GoblinManager] DETERMINISM: Attempt 1: Rnd(0.911747, 0.070677) -> Grid(91, 7) rngState=undefined
[GoblinManager] DETERMINISM: Attempt 2: Rnd(0.053388, 0.828001) -> Grid(5, 82) rngState=undefined
[GoblinManager] DETERMINISM: Attempt 3: Rnd(0.889398, 0.211697) -> Grid(88, 21) rngState=undefined
[GoblinManager] 豢樒ｪ溽函謌仙ｮ御ｺ・ 0/5 (隧ｦ陦悟屓謨ｰ: 5000)
[Game] Minimal: Init EnemyAI
[Game] Minimal: Done. Returning.
[Entity 0] CONSTRUCTOR START: type=unit at 10,10
[Entity 0] Calling updatePosition...
[Entity 0] updatePosition returned.
[DIAG] Actor Created ID: 0
[DIAG] Actor smartMove type: function
[DIAG] Actor smartMove body snapshot: smartMove(tx, tz, time, depth = 0) {
    if (isNaN(tx) || isNaN(tz)) {
      console.error(`[Actor $
[UnitCore.js] Unit Created ID:0 Role:worker Pos:10,10 Special:false
[Unit 0] State Change: None -> Wander
[UnitCore.js] Unit Created ID:0 Role:worker Pos:10,10
[UnitCore.js] Unit Construction Finished ID:0

stderr | src/tests/RefuseDistraction.test.js > Refuse Distraction Reconstructed > should initialize correctly
GoblinManager: Failed to register cave at 91,7 (Terrain rejected)
GoblinManager: Failed to register cave at 5,82 (Terrain rejected)
GoblinManager: Failed to register cave at 88,21 (Terrain rejected)
GoblinManager: Failed to register cave at 67,93 (Terrain rejected)
GoblinManager: Failed to register cave at 11,15 (Terrain rejected)
GoblinManager: Failed to register cave at 35,33 (Terrain rejected)
GoblinManager: Failed to register cave at 14,19 (Terrain rejected)
GoblinManager: Failed to register cave at 0,17 (Terrain rejected)
GoblinManager: Failed to register cave at 15,91 (Terrain rejected)
GoblinManager: Failed to register cave at 22,55 (Terrain rejected)
GoblinManager: Failed to register cave at 29,35 (Terrain rejected)
GoblinManager: Failed to register cave at 60,56 (Terrain rejected)
GoblinManager: Failed to register cave at 22,29 (Terrain rejected)
GoblinManager: Failed to register cave at 14,73 (Terrain rejected)
GoblinManager: Failed to register cave at 1,41 (Terrain rejected)
GoblinManager: Failed to register cave at 11,85 (Terrain rejected)
GoblinManager: Failed to register cave at 14,65 (Terrain rejected)
GoblinManager: Failed to register cave at 67,34 (Terrain rejected)
GoblinManager: Failed to register cave at 96,71 (Terrain rejected)
GoblinManager: Failed to register cave at 32,16 (Terrain rejected)
GoblinManager: Failed to register cave at 35,77 (Terrain rejected)
GoblinManager: Failed to register cave at 44,31 (Terrain rejected)
GoblinManager: Failed to register cave at 31,48 (Terrain rejected)
GoblinManager: Failed to register cave at 92,58 (Terrain rejected)
GoblinManager: Failed to register cave at 2,86 (Terrain rejected)
GoblinManager: Failed to register cave at 91,93 (Terrain rejected)
GoblinManager: Failed to register cave at 77,70 (Terrain rejected)
GoblinManager: Failed to register cave at 80,32 (Terrain rejected)
GoblinManager: Failed to register cave at 16,40 (Terrain rejected)
GoblinManager: Failed to register cave at 95,2 (Terrain rejected)
GoblinManager: Failed to register cave at 98,10 (Terrain rejected)
GoblinManager: Failed to register cave at 75,11 (Terrain rejected)
GoblinManager: Failed to register cave at 90,34 (Terrain rejected)
GoblinManager: Failed to register cave at 32,10 (Terrain rejected)
GoblinManager: Failed to register cave at 90,78 (Terrain rejected)
GoblinManager: Failed to register cave at 18,18 (Terrain rejected)
GoblinManager: Failed to register cave at 69,27 (Terrain rejected)
GoblinManager: Failed to register cave at 90,18 (Terrain rejected)
GoblinManager: Failed to register cave at 33,14 (Terrain rejected)
GoblinManager: Failed to register cave at 21,8 (Terrain rejected)
GoblinManager: Failed to register cave at 74,64 (Terrain rejected)
GoblinManager: Failed to register cave at 93,16 (Terrain rejected)
GoblinManager: Failed to register cave at 91,36 (Terrain rejected)
GoblinManager: Failed to register cave at 67,62 (Terrain rejected)
GoblinManager: Failed to register cave at 64,69 (Terrain rejected)
GoblinManager: Failed to register cave at 28,56 (Terrain rejected)
GoblinManager: Failed to register cave at 14,92 (Terrain rejected)
GoblinManager: Failed to register cave at 69,53 (Terrain rejected)
GoblinManager: Failed to register cave at 37,61 (Terrain rejected)
GoblinManager: Failed to register cave at 79,85 (Terrain rejected)
GoblinManager: Failed to register cave at 18,85 (Terrain rejected)
GoblinManager: Failed to register cave at 99,56 (Terrain rejected)
GoblinManager: Failed to register cave at 57,69 (Terrain rejected)
GoblinManager: Failed to register cave at 99,85 (Terrain rejected)
GoblinManager: Failed to register cave at 55,69 (Terrain rejected)
GoblinManager: Failed to register cave at 37,66 (Terrain rejected)
GoblinManager: Failed to register cave at 9,82 (Terrain rejected)
GoblinManager: Failed to register cave at 81,97 (Terrain rejected)
GoblinManager: Failed to register cave at 86,66 (Terrain rejected)
GoblinManager: Failed to register cave at 85,69 (Terrain rejected)
GoblinManager: Failed to register cave at 16,73 (Terrain rejected)
GoblinManager: Failed to register cave at 45,26 (Terrain rejected)
GoblinManager: Failed to register cave at 52,54 (Terrain rejected)
GoblinManager: Failed to register cave at 80,50 (Terrain rejected)
GoblinManager: Failed to register cave at 1,87 (Terrain rejected)
GoblinManager: Failed to register cave at 82,68 (Terrain rejected)
GoblinManager: Failed to register cave at 19,72 (Terrain rejected)
GoblinManager: Failed to register cave at 88,89 (Terrain rejected)
GoblinManager: Failed to register cave at 86,14 (Terrain rejected)
GoblinManager: Failed to register cave at 92,52 (Terrain rejected)
GoblinManager: Failed to register cave at 40,91 (Terrain rejected)
GoblinManager: Failed to register cave at 11,13 (Terrain rejected)
GoblinManager: Failed to register cave at 86,6 (Terrain rejected)
GoblinManager: Failed to register cave at 26,40 (Terrain rejected)
GoblinManager: Failed to register cave at 98,14 (Terrain rejected)
GoblinManager: Failed to register cave at 38,3 (Terrain rejected)
GoblinManager: Failed to register cave at 17,68 (Terrain rejected)
GoblinManager: Failed to register cave at 43,31 (Terrain rejected)
GoblinManager: Failed to register cave at 34,25 (Terrain rejected)
GoblinManager: Failed to register cave at 61,70 (Terrain rejected)
GoblinManager: Failed to register cave at 44,88 (Terrain rejected)
GoblinManager: Failed to register cave at 19,71 (Terrain rejected)
GoblinManager: Failed to register cave at 12,34 (Terrain rejected)
GoblinManager: Failed to register cave at 37,16 (Terrain rejected)
GoblinManager: Failed to register cave at 78,96 (Terrain rejected)
GoblinManager: Failed to register cave at 8,36 (Terrain rejected)
GoblinManager: Failed to register cave at 12,32 (Terrain rejected)
GoblinManager: Failed to register cave at 25,91 (Terrain rejected)
GoblinManager: Failed to register cave at 92,21 (Terrain rejected)
GoblinManager: Failed to register cave at 7,35 (Terrain rejected)
GoblinManager: Failed to register cave at 15,23 (Terrain rejected)
GoblinManager: Failed to register cave at 8,16 (Terrain rejected)
GoblinManager: Failed to register cave at 61,25 (Terrain rejected)
GoblinManager: Failed to register cave at 38,64 (Terrain rejected)
GoblinManager: Failed to register cave at 23,72 (Terrain rejected)
GoblinManager: Failed to register cave at 78,58 (Terrain rejected)
GoblinManager: Failed to register cave at 81,2 (Terrain rejected)
GoblinManager: Failed to register cave at 39,21 (Terrain rejected)
GoblinManager: Failed to register cave at 1,92 (Terrain rejected)
GoblinManager: Failed to register cave at 48,69 (Terrain rejected)
GoblinManager: Failed to register cave at 93,83 (Terrain rejected)
GoblinManager: Failed to register cave at 72,96 (Terrain rejected)
GoblinManager: Failed to register cave at 50,21 (Terrain rejected)
GoblinManager: Failed to register cave at 2,67 (Terrain rejected)
GoblinManager: Failed to register cave at 33,0 (Terrain rejected)
GoblinManager: Failed to register cave at 12,65 (Terrain rejected)
GoblinManager: Failed to register cave at 10,66 (Terrain rejected)
GoblinManager: Failed to register cave at 95,54 (Terrain rejected)
GoblinManager: Failed to register cave at 89,65 (Terrain rejected)
GoblinManager: Failed to register cave at 54,45 (Terrain rejected)
GoblinManager: Failed to register cave at 82,43 (Terrain rejected)
GoblinManager: Failed to register cave at 55,50 (Terrain rejected)
GoblinManager: Failed to register cave at 26,1 (Terrain rejected)
GoblinManager: Failed to register cave at 81,59 (Terrain rejected)
GoblinManager: Failed to register cave at 6,12 (Terrain rejected)
GoblinManager: Failed to register cave at 33,30 (Terrain rejected)
GoblinManager: Failed to register cave at 45,42 (Terrain rejected)
GoblinManager: Failed to register cave at 81,63 (Terrain rejected)
GoblinManager: Failed to register cave at 71,96 (Terrain rejected)
GoblinManager: Failed to register cave at 5,31 (Terrain rejected)
GoblinManager: Failed to register cave at 18,99 (Terrain rejected)
GoblinManager: Failed to register cave at 99,43 (Terrain rejected)
GoblinManager: Failed to register cave at 59,37 (Terrain rejected)
GoblinManager: Failed to register cave at 55,62 (Terrain rejected)
GoblinManager: Failed to register cave at 19,72 (Terrain rejected)
GoblinManager: Failed to register cave at 87,10 (Terrain rejected)
GoblinManager: Failed to register cave at 25,17 (Terrain rejected)
GoblinManager: Failed to register cave at 15,29 (Terrain rejected)
GoblinManager: Failed to register cave at 46,50 (Terrain rejected)
GoblinManager: Failed to register cave at 28,77 (Terrain rejected)
GoblinManager: Failed to register cave at 18,55 (Terrain rejected)
GoblinManager: Failed to register cave at 81,65 (Terrain rejected)
GoblinManager: Failed to register cave at 81,84 (Terrain rejected)
GoblinManager: Failed to register cave at 82,98 (Terrain rejected)
GoblinManager: Failed to register cave at 70,56 (Terrain rejected)
GoblinManager: Failed to register cave at 90,36 (Terrain rejected)
GoblinManager: Failed to register cave at 44,88 (Terrain rejected)
GoblinManager: Failed to register cave at 86,11 (Terrain rejected)
GoblinManager: Failed to register cave at 41,44 (Terrain rejected)
GoblinManager: Failed to register cave at 46,97 (Terrain rejected)
GoblinManager: Failed to register cave at 41,87 (Terrain rejected)
GoblinManager: Failed to register cave at 26,73 (Terrain rejected)
GoblinManager: Failed to register cave at 76,39 (Terrain rejected)
GoblinManager: Failed to register cave at 5,55 (Terrain rejected)
GoblinManager: Failed to register cave at 71,71 (Terrain rejected)
GoblinManager: Failed to register cave at 50,26 (Terrain rejected)
GoblinManager: Failed to register cave at 10,86 (Terrain rejected)
GoblinManager: Failed to register cave at 80,56 (Terrain rejected)
GoblinManager: Failed to register cave at 31,17 (Terrain rejected)
GoblinManager: Failed to register cave at 17,22 (Terrain rejected)
GoblinManager: Failed to register cave at 12,76 (Terrain rejected)
GoblinManager: Failed to register cave at 60,69 (Terrain rejected)
GoblinManager: Failed to register cave at 62,86 (Terrain rejected)
GoblinManager: Failed to register cave at 97,59 (Terrain rejected)
GoblinManager: Failed to register cave at 61,40 (Terrain rejected)
GoblinManager: Failed to register cave at 61,45 (Terrain rejected)
GoblinManager: Failed to register cave at 98,18 (Terrain rejected)
GoblinManager: Failed to register cave at 70,36 (Terrain rejected)
GoblinManager: Failed to register cave at 67,85 (Terrain rejected)
GoblinManager: Failed to register cave at 41,73 (Terrain rejected)
GoblinManager: Failed to register cave at 48,1 (Terrain rejected)
GoblinManager: Failed to register cave at 3,56 (Terrain rejected)
GoblinManager: Failed to register cave at 71,11 (Terrain rejected)
GoblinManager: Failed to register cave at 97,41 (Terrain rejected)
GoblinManager: Failed to register cave at 17,35 (Terrain rejected)
GoblinManager: Failed to register cave at 38,27 (Terrain rejected)
GoblinManager: Failed to register cave at 52,15 (Terrain rejected)
GoblinManager: Failed to register cave at 99,12 (Terrain rejected)
GoblinManager: Failed to register cave at 34,48 (Terrain rejected)
GoblinManager: Failed to register cave at 82,87 (Terrain rejected)
GoblinManager: Failed to register cave at 99,82 (Terrain rejected)
GoblinManager: Failed to register cave at 40,21 (Terrain rejected)
GoblinManager: Failed to register cave at 22,54 (Terrain rejected)
GoblinManager: Failed to register cave at 78,36 (Terrain rejected)
GoblinManager: Failed to register cave at 44,74 (Terrain rejected)
GoblinManager: Failed to register cave at 83,40 (Terrain rejected)
GoblinManager: Failed to register cave at 65,53 (Terrain rejected)
GoblinManager: Failed to register cave at 89,63 (Terrain rejected)
GoblinManager: Failed to register cave at 56,69 (Terrain rejected)
GoblinManager: Failed to register cave at 59,88 (Terrain rejected)
GoblinManager: Failed to register cave at 65,34 (Terrain rejected)
GoblinManager: Failed to register cave at 92,92 (Terrain rejected)
GoblinManager: Failed to register cave at 61,34 (Terrain rejected)
GoblinManager: Failed to register cave at 24,39 (Terrain rejected)
GoblinManager: Failed to register cave at 24,44 (Terrain rejected)
GoblinManager: Failed to register cave at 93,44 (Terrain rejected)
GoblinManager: Failed to register cave at 97,84 (Terrain rejected)
GoblinManager: Failed to register cave at 25,21 (Terrain rejected)
GoblinManager: Failed to register cave at 11,53 (Terrain rejected)
GoblinManager: Failed to register cave at 32,88 (Terrain rejected)
GoblinManager: Failed to register cave at 22,70 (Terrain rejected)
GoblinManager: Failed to register cave at 76,84 (Terrain rejected)
GoblinManager: Failed to register cave at 85,83 (Terrain rejected)
GoblinManager: Failed to register cave at 95,83 (Terrain rejected)
GoblinManager: Failed to register cave at 86,33 (Terrain rejected)
GoblinManager: Failed to register cave at 67,30 (Terrain rejected)
GoblinManager: Failed to register cave at 87,83 (Terrain rejected)
GoblinManager: Failed to register cave at 29,40 (Terrain rejected)
GoblinManager: Failed to register cave at 61,11 (Terrain rejected)
GoblinManager: Failed to register cave at 46,78 (Terrain rejected)
GoblinManager: Failed to register cave at 34,25 (Terrain rejected)
GoblinManager: Failed to register cave at 67,82 (Terrain rejected)
GoblinManager: Failed to register cave at 95,86 (Terrain rejected)
GoblinManager: Failed to register cave at 19,94 (Terrain rejected)
GoblinManager: Failed to register cave at 38,23 (Terrain rejected)
GoblinManager: Failed to register cave at 17,84 (Terrain rejected)
GoblinManager: Failed to register cave at 21,98 (Terrain rejected)
GoblinManager: Failed to register cave at 25,57 (Terrain rejected)
GoblinManager: Failed to register cave at 52,93 (Terrain rejected)
GoblinManager: Failed to register cave at 1,83 (Terrain rejected)
GoblinManager: Failed to register cave at 49,25 (Terrain rejected)
GoblinManager: Failed to register cave at 72,11 (Terrain rejected)
GoblinManager: Failed to register cave at 12,49 (Terrain rejected)
GoblinManager: Failed to register cave at 61,26 (Terrain rejected)
GoblinManager: Failed to register cave at 11,4 (Terrain rejected)
GoblinManager: Failed to register cave at 86,54 (Terrain rejected)
GoblinManager: Failed to register cave at 51,75 (Terrain rejected)
GoblinManager: Failed to register cave at 69,67 (Terrain rejected)
GoblinManager: Failed to register cave at 33,75 (Terrain rejected)
GoblinManager: Failed to register cave at 63,28 (Terrain rejected)
GoblinManager: Failed to register cave at 81,79 (Terrain rejected)
GoblinManager: Failed to register cave at 77,52 (Terrain rejected)
GoblinManager: Failed to register cave at 9,11 (Terrain rejected)
GoblinManager: Failed to register cave at 32,35 (Terrain rejected)
GoblinManager: Failed to register cave at 21,93 (Terrain rejected)
GoblinManager: Failed to register cave at 72,30 (Terrain rejected)
GoblinManager: Failed to register cave at 3,89 (Terrain rejected)
GoblinManager: Failed to register cave at 87,62 (Terrain rejected)
GoblinManager: Failed to register cave at 33,27 (Terrain rejected)
GoblinManager: Failed to register cave at 71,56 (Terrain rejected)
GoblinManager: Failed to register cave at 12,59 (Terrain rejected)
GoblinManager: Failed to register cave at 31,7 (Terrain rejected)
GoblinManager: Failed to register cave at 27,10 (Terrain rejected)
GoblinManager: Failed to register cave at 92,28 (Terrain rejected)
GoblinManager: Failed to register cave at 72,79 (Terrain rejected)
GoblinManager: Failed to register cave at 29,45 (Terrain rejected)
GoblinManager: Failed to register cave at 93,41 (Terrain rejected)
GoblinManager: Failed to register cave at 42,98 (Terrain rejected)
GoblinManager: Failed to register cave at 96,35 (Terrain rejected)
GoblinManager: Failed to register cave at 25,4 (Terrain rejected)
GoblinManager: Failed to register cave at 85,64 (Terrain rejected)
GoblinManager: Failed to register cave at 62,53 (Terrain rejected)
GoblinManager: Failed to register cave at 77,81 (Terrain rejected)
GoblinManager: Failed to register cave at 55,24 (Terrain rejected)
GoblinManager: Failed to register cave at 23,85 (Terrain rejected)
GoblinManager: Failed to register cave at 76,18 (Terrain rejected)
GoblinManager: Failed to register cave at 66,33 (Terrain rejected)
GoblinManager: Failed to register cave at 81,94 (Terrain rejected)
GoblinManager: Failed to register cave at 71,17 (Terrain rejected)
GoblinManager: Failed to register cave at 18,45 (Terrain rejected)
GoblinManager: Failed to register cave at 93,83 (Terrain rejected)
GoblinManager: Failed to register cave at 50,77 (Terrain rejected)
GoblinManager: Failed to register cave at 38,59 (Terrain rejected)
GoblinManager: Failed to register cave at 95,81 (Terrain rejected)
GoblinManager: Failed to register cave at 95,88 (Terrain rejected)
GoblinManager: Failed to register cave at 89,59 (Terrain rejected)
GoblinManager: Failed to register cave at 86,98 (Terrain rejected)
GoblinManager: Failed to register cave at 68,12 (Terrain rejected)
GoblinManager: Failed to register cave at 99,60 (Terrain rejected)
GoblinManager: Failed to register cave at 83,44 (Terrain rejected)
GoblinManager: Failed to register cave at 19,54 (Terrain rejected)
GoblinManager: Failed to register cave at 46,95 (Terrain rejected)
GoblinManager: Failed to register cave at 86,25 (Terrain rejected)
GoblinManager: Failed to register cave at 58,49 (Terrain rejected)
GoblinManager: Failed to register cave at 2,20 (Terrain rejected)
GoblinManager: Failed to register cave at 86,23 (Terrain rejected)
GoblinManager: Failed to register cave at 86,40 (Terrain rejected)
GoblinManager: Failed to register cave at 34,16 (Terrain rejected)
GoblinManager: Failed to register cave at 65,39 (Terrain rejected)
GoblinManager: Failed to register cave at 65,7 (Terrain rejected)
GoblinManager: Failed to register cave at 45,16 (Terrain rejected)
GoblinManager: Failed to register cave at 28,23 (Terrain rejected)
GoblinManager: Failed to register cave at 13,40 (Terrain rejected)
GoblinManager: Failed to register cave at 48,86 (Terrain rejected)
GoblinManager: Failed to register cave at 62,6 (Terrain rejected)
GoblinManager: Failed to register cave at 5,53 (Terrain rejected)
GoblinManager: Failed to register cave at 25,70 (Terrain rejected)
GoblinManager: Failed to register cave at 9,92 (Terrain rejected)
GoblinManager: Failed to register cave at 22,35 (Terrain rejected)
GoblinManager: Failed to register cave at 23,62 (Terrain rejected)
GoblinManager: Failed to register cave at 93,75 (Terrain rejected)
GoblinManager: Failed to register cave at 85,66 (Terrain rejected)
GoblinManager: Failed to register cave at 70,97 (Terrain rejected)
GoblinManager: Failed to register cave at 14,55 (Terrain rejected)
GoblinManager: Failed to register cave at 60,31 (Terrain rejected)
GoblinManager: Failed to register cave at 73,82 (Terrain rejected)
GoblinManager: Failed to register cave at 60,95 (Terrain rejected)
GoblinManager: Failed to register cave at 4,71 (Terrain rejected)
GoblinManager: Failed to register cave at 0,91 (Terrain rejected)
GoblinManager: Failed to register cave at 34,10 (Terrain rejected)
GoblinManager: Failed to register cave at 14,68 (Terrain rejected)
GoblinManager: Failed to register cave at 49,36 (Terrain rejected)
GoblinManager: Failed to register cave at 92,98 (Terrain rejected)
GoblinManager: Failed to register cave at 33,40 (Terrain rejected)
GoblinManager: Failed to register cave at 85,39 (Terrain rejected)
GoblinManager: Failed to register cave at 76,89 (Terrain rejected)
GoblinManager: Failed to register cave at 92,29 (Terrain rejected)
GoblinManager: Failed to register cave at 79,8 (Terrain rejected)
GoblinManager: Failed to register cave at 55,41 (Terrain rejected)
GoblinManager: Failed to register cave at 78,68 (Terrain rejected)
GoblinManager: Failed to register cave at 48,58 (Terrain rejected)
GoblinManager: Failed to register cave at 25,26 (Terrain rejected)
GoblinManager: Failed to register cave at 82,16 (Terrain rejected)
GoblinManager: Failed to register cave at 18,92 (Terrain rejected)
GoblinManager: Failed to register cave at 12,50 (Terrain rejected)
GoblinManager: Failed to register cave at 35,3 (Terrain rejected)
GoblinManager: Failed to register cave at 77,73 (Terrain rejected)
GoblinManager: Failed to register cave at 98,68 (Terrain rejected)
GoblinManager: Failed to register cave at 13,40 (Terrain rejected)
GoblinManager: Failed to register cave at 34,33 (Terrain rejected)
GoblinManager: Failed to register cave at 61,59 (Terrain rejected)
GoblinManager: Failed to register cave at 69,98 (Terrain rejected)
GoblinManager: Failed to register cave at 46,2 (Terrain rejected)
GoblinManager: Failed to register cave at 18,2 (Terrain rejected)
GoblinManager: Failed to register cave at 22,79 (Terrain rejected)
GoblinManager: Failed to register cave at 52,62 (Terrain rejected)
GoblinManager: Failed to register cave at 16,34 (Terrain rejected)
GoblinManager: Failed to register cave at 13,86 (Terrain rejected)
GoblinManager: Failed to register cave at 6,3 (Terrain rejected)
GoblinManager: Failed to register cave at 96,79 (Terrain rejected)
GoblinManager: Failed to register cave at 55,41 (Terrain rejected)
GoblinManager: Failed to register cave at 83,56 (Terrain rejected)
GoblinManager: Failed to register cave at 98,27 (Terrain rejected)
GoblinManager: Failed to register cave at 10,61 (Terrain rejected)
GoblinManager: Failed to register cave at 92,3 (Terrain rejected)
GoblinManager: Failed to register cave at 82,7 (Terrain rejected)
GoblinManager: Failed to register cave at 38,21 (Terrain rejected)
GoblinManager: Failed to register cave at 85,86 (Terrain rejected)
GoblinManager: Failed to register cave at 8,72 (Terrain rejected)
GoblinManager: Failed to register cave at 80,57 (Terrain rejected)
GoblinManager: Failed to register cave at 75,84 (Terrain rejected)
GoblinManager: Failed to register cave at 72,97 (Terrain rejected)
GoblinManager: Failed to register cave at 91,69 (Terrain rejected)
GoblinManager: Failed to register cave at 60,62 (Terrain rejected)
GoblinManager: Failed to register cave at 81,41 (Terrain rejected)
GoblinManager: Failed to register cave at 66,24 (Terrain rejected)
GoblinManager: Failed to register cave at 18,77 (Terrain rejected)
GoblinManager: Failed to register cave at 98,26 (Terrain rejected)
GoblinManager: Failed to register cave at 98,69 (Terrain rejected)
GoblinManager: Failed to register cave at 86,69 (Terrain rejected)
GoblinManager: Failed to register cave at 87,50 (Terrain rejected)
GoblinManager: Failed to register cave at 36,76 (Terrain rejected)
GoblinManager: Failed to register cave at 33,41 (Terrain rejected)
GoblinManager: Failed to register cave at 18,44 (Terrain rejected)
GoblinManager: Failed to register cave at 6,20 (Terrain rejected)
GoblinManager: Failed to register cave at 34,8 (Terrain rejected)
GoblinManager: Failed to register cave at 0,52 (Terrain rejected)
GoblinManager: Failed to register cave at 38,10 (Terrain rejected)
GoblinManager: Failed to register cave at 78,84 (Terrain rejected)
GoblinManager: Failed to register cave at 37,18 (Terrain rejected)
GoblinManager: Failed to register cave at 46,72 (Terrain rejected)
GoblinManager: Failed to register cave at 85,50 (Terrain rejected)
GoblinManager: Failed to register cave at 14,87 (Terrain rejected)
GoblinManager: Failed to register cave at 82,65 (Terrain rejected)
GoblinManager: Failed to register cave at 7,55 (Terrain rejected)
GoblinManager: Failed to register cave at 40,24 (Terrain rejected)
GoblinManager: Failed to register cave at 48,72 (Terrain rejected)
GoblinManager: Failed to register cave at 73,32 (Terrain rejected)
GoblinManager: Failed to register cave at 21,92 (Terrain rejected)
GoblinManager: Failed to register cave at 58,29 (Terrain rejected)
GoblinManager: Failed to register cave at 91,93 (Terrain rejected)
GoblinManager: Failed to register cave at 42,51 (Terrain rejected)
GoblinManager: Failed to register cave at 31,93 (Terrain rejected)
GoblinManager: Failed to register cave at 0,43 (Terrain rejected)
GoblinManager: Failed to register cave at 44,3 (Terrain rejected)
GoblinManager: Failed to register cave at 51,81 (Terrain rejected)
GoblinManager: Failed to register cave at 67,91 (Terrain rejected)
GoblinManager: Failed to register cave at 43,88 (Terrain rejected)
GoblinManager: Failed to register cave at 2,20 (Terrain rejected)
GoblinManager: Failed to register cave at 38,24 (Terrain rejected)
GoblinManager: Failed to register cave at 45,73 (Terrain rejected)
GoblinManager: Failed to register cave at 35,3 (Terrain rejected)
GoblinManager: Failed to register cave at 93,76 (Terrain rejected)
GoblinManager: Failed to register cave at 13,44 (Terrain rejected)
GoblinManager: Failed to register cave at 33,96 (Terrain rejected)
GoblinManager: Failed to register cave at 10,95 (Terrain rejected)
GoblinManager: Failed to register cave at 85,2 (Terrain rejected)
GoblinManager: Failed to register cave at 50,7 (Terrain rejected)
GoblinManager: Failed to register cave at 77,15 (Terrain rejected)
GoblinManager: Failed to register cave at 75,82 (Terrain rejected)
GoblinManager: Failed to register cave at 12,67 (Terrain rejected)
GoblinManager: Failed to register cave at 52,36 (Terrain rejected)
GoblinManager: Failed to register cave at 13,61 (Terrain rejected)
GoblinManager: Failed to register cave at 20,41 (Terrain rejected)
GoblinManager: Failed to register cave at 27,70 (Terrain rejected)
GoblinManager: Failed to register cave at 66,77 (Terrain rejected)
GoblinManager: Failed to register cave at 78,17 (Terrain rejected)
GoblinManager: Failed to register cave at 90,21 (Terrain rejected)
GoblinManager: Failed to register cave at 1,49 (Terrain rejected)
GoblinManager: Failed to register cave at 94,99 (Terrain rejected)
GoblinManager: Failed to register cave at 57,17 (Terrain rejected)
GoblinManager: Failed to register cave at 58,77 (Terrain rejected)
GoblinManager: Failed to register cave at 45,51 (Terrain rejected)
GoblinManager: Failed to register cave at 88,54 (Terrain rejected)
GoblinManager: Failed to register cave at 66,12 (Terrain rejected)
GoblinManager: Failed to register cave at 95,91 (Terrain rejected)
GoblinManager: Failed to register cave at 1,70 (Terrain rejected)
GoblinManager: Failed to register cave at 10,39 (Terrain rejected)
GoblinManager: Failed to register cave at 5,15 (Terrain rejected)
GoblinManager: Failed to register cave at 27,41 (Terrain rejected)
GoblinManager: Failed to register cave at 12,46 (Terrain rejected)
GoblinManager: Failed to register cave at 58,83 (Terrain rejected)
GoblinManager: Failed to register cave at 6,2 (Terrain rejected)
GoblinManager: Failed to register cave at 71,7 (Terrain rejected)
GoblinManager: Failed to register cave at 11,47 (Terrain rejected)
GoblinManager: Failed to register cave at 23,70 (Terrain rejected)
GoblinManager: Failed to register cave at 63,71 (Terrain rejected)
GoblinManager: Failed to register cave at 55,23 (Terrain rejected)
GoblinManager: Failed to register cave at 21,18 (Terrain rejected)
GoblinManager: Failed to register cave at 54,56 (Terrain rejected)
GoblinManager: Failed to register cave at 28,10 (Terrain rejected)
GoblinManager: Failed to register cave at 55,65 (Terrain rejected)
GoblinManager: Failed to register cave at 88,69 (Terrain rejected)
GoblinManager: Failed to register cave at 47,19 (Terrain rejected)
GoblinManager: Failed to register cave at 77,97 (Terrain rejected)
GoblinManager: Failed to register cave at 69,44 (Terrain rejected)
GoblinManager: Failed to register cave at 21,15 (Terrain rejected)
GoblinManager: Failed to register cave at 84,22 (Terrain rejected)
GoblinManager: Failed to register cave at 69,65 (Terrain rejected)
GoblinManager: Failed to register cave at 32,61 (Terrain rejected)
GoblinManager: Failed to register cave at 93,40 (Terrain rejected)
GoblinManager: Failed to register cave at 88,81 (Terrain rejected)
GoblinManager: Failed to register cave at 14,43 (Terrain rejected)
GoblinManager: Failed to register cave at 96,41 (Terrain rejected)
GoblinManager: Failed to register cave at 77,11 (Terrain rejected)
GoblinManager: Failed to register cave at 53,18 (Terrain rejected)
GoblinManager: Failed to register cave at 70,21 (Terrain rejected)
GoblinManager: Failed to register cave at 66,21 (Terrain rejected)
GoblinManager: Failed to register cave at 96,70 (Terrain rejected)
GoblinManager: Failed to register cave at 84,76 (Terrain rejected)
GoblinManager: Failed to register cave at 98,64 (Terrain rejected)
GoblinManager: Failed to register cave at 60,89 (Terrain rejected)
GoblinManager: Failed to register cave at 17,30 (Terrain rejected)
GoblinManager: Failed to register cave at 75,59 (Terrain rejected)
GoblinManager: Failed to register cave at 63,40 (Terrain rejected)
GoblinManager: Failed to register cave at 78,21 (Terrain rejected)
GoblinManager: Failed to register cave at 68,6 (Terrain rejected)
GoblinManager: Failed to register cave at 91,97 (Terrain rejected)
GoblinManager: Failed to register cave at 53,87 (Terrain rejected)
GoblinManager: Failed to register cave at 7,31 (Terrain rejected)
GoblinManager: Failed to register cave at 12,60 (Terrain rejected)
GoblinManager: Failed to register cave at 33,52 (Terrain rejected)
GoblinManager: Failed to register cave at 41,36 (Terrain rejected)
GoblinManager: Failed to register cave at 60,69 (Terrain rejected)
GoblinManager: Failed to register cave at 46,89 (Terrain rejected)
GoblinManager: Failed to register cave at 96,56 (Terrain rejected)
GoblinManager: Failed to register cave at 39,58 (Terrain rejected)
GoblinManager: Failed to register cave at 87,94 (Terrain rejected)
GoblinManager: Failed to register cave at 39,6 (Terrain rejected)
GoblinManager: Failed to register cave at 25,96 (Terrain rejected)
GoblinManager: Failed to register cave at 1,91 (Terrain rejected)
GoblinManager: Failed to register cave at 56,84 (Terrain rejected)
GoblinManager: Failed to register cave at 30,33 (Terrain rejected)
GoblinManager: Failed to register cave at 62,34 (Terrain rejected)
GoblinManager: Failed to register cave at 69,96 (Terrain rejected)
GoblinManager: Failed to register cave at 42,39 (Terrain rejected)
GoblinManager: Failed to register cave at 5,93 (Terrain rejected)
GoblinManager: Failed to register cave at 23,12 (Terrain rejected)
GoblinManager: Failed to register cave at 74,53 (Terrain rejected)
GoblinManager: Failed to register cave at 51,48 (Terrain rejected)
GoblinManager: Failed to register cave at 98,34 (Terrain rejected)
GoblinManager: Failed to register cave at 63,40 (Terrain rejected)
GoblinManager: Failed to register cave at 1,65 (Terrain rejected)
GoblinManager: Failed to register cave at 89,4 (Terrain rejected)
GoblinManager: Failed to register cave at 15,44 (Terrain rejected)
GoblinManager: Failed to register cave at 76,58 (Terrain rejected)
GoblinManager: Failed to register cave at 50,33 (Terrain rejected)
GoblinManager: Failed to register cave at 3,16 (Terrain rejected)
GoblinManager: Failed to register cave at 33,91 (Terrain rejected)
GoblinManager: Failed to register cave at 83,10 (Terrain rejected)
GoblinManager: Failed to register cave at 10,9 (Terrain rejected)
GoblinManager: Failed to register cave at 69,87 (Terrain rejected)
GoblinManager: Failed to register cave at 2,69 (Terrain rejected)
GoblinManager: Failed to register cave at 56,91 (Terrain rejected)
GoblinManager: Failed to register cave at 36,11 (Terrain rejected)
GoblinManager: Failed to register cave at 22,6 (Terrain rejected)
GoblinManager: Failed to register cave at 35,81 (Terrain rejected)
GoblinManager: Failed to register cave at 95,69 (Terrain rejected)
GoblinManager: Failed to register cave at 35,6 (Terrain rejected)
GoblinManager: Failed to register cave at 41,76 (Terrain rejected)
GoblinManager: Failed to register cave at 6,9 (Terrain rejected)
GoblinManager: Failed to register cave at 98,72 (Terrain rejected)
GoblinManager: Failed to register cave at 84,3 (Terrain rejected)
GoblinManager: Failed to register cave at 39,39 (Terrain rejected)
GoblinManager: Failed to register cave at 46,73 (Terrain rejected)
GoblinManager: Failed to register cave at 35,69 (Terrain rejected)
GoblinManager: Failed to register cave at 92,55 (Terrain rejected)
GoblinManager: Failed to register cave at 98,51 (Terrain rejected)
GoblinManager: Failed to register cave at 11,82 (Terrain rejected)
GoblinManager: Failed to register cave at 70,95 (Terrain rejected)
GoblinManager: Failed to register cave at 25,22 (Terrain rejected)
GoblinManager: Failed to register cave at 38,78 (Terrain rejected)
GoblinManager: Failed to register cave at 40,16 (Terrain rejected)
GoblinManager: Failed to register cave at 8,66 (Terrain rejected)
GoblinManager: Failed to register cave at 26,79 (Terrain rejected)
GoblinManager: Failed to register cave at 2,35 (Terrain rejected)
GoblinManager: Failed to register cave at 85,41 (Terrain rejected)
GoblinManager: Failed to register cave at 76,44 (Terrain rejected)
GoblinManager: Failed to register cave at 90,11 (Terrain rejected)
GoblinManager: Failed to register cave at 28,22 (Terrain rejected)
GoblinManager: Failed to register cave at 22,80 (Terrain rejected)
GoblinManager: Failed to register cave at 82,94 (Terrain rejected)
GoblinManager: Failed to register cave at 85,15 (Terrain rejected)
GoblinManager: Failed to register cave at 15,83 (Terrain rejected)
GoblinManager: Failed to register cave at 62,2 (Terrain rejected)
GoblinManager: Failed to register cave at 28,85 (Terrain rejected)
GoblinManager: Failed to register cave at 37,86 (Terrain rejected)
GoblinManager: Failed to register cave at 12,32 (Terrain rejected)
GoblinManager: Failed to register cave at 40,1 (Terrain rejected)
GoblinManager: Failed to register cave at 21,29 (Terrain rejected)
GoblinManager: Failed to register cave at 60,1 (Terrain rejected)
GoblinManager: Failed to register cave at 83,84 (Terrain rejected)
GoblinManager: Failed to register cave at 86,3 (Terrain rejected)
GoblinManager: Failed to register cave at 40,40 (Terrain rejected)
GoblinManager: Failed to register cave at 88,45 (Terrain rejected)
GoblinManager: Failed to register cave at 45,27 (Terrain rejected)
GoblinManager: Failed to register cave at 99,90 (Terrain rejected)
GoblinManager: Failed to register cave at 36,33 (Terrain rejected)
GoblinManager: Failed to register cave at 18,63 (Terrain rejected)
GoblinManager: Failed to register cave at 8,12 (Terrain rejected)
GoblinManager: Failed to register cave at 40,11 (Terrain rejected)
GoblinManager: Failed to register cave at 17,55 (Terrain rejected)
GoblinManager: Failed to register cave at 79,87 (Terrain rejected)
GoblinManager: Failed to register cave at 97,34 (Terrain rejected)
GoblinManager: Failed to register cave at 1,56 (Terrain rejected)
GoblinManager: Failed to register cave at 21,90 (Terrain rejected)
GoblinManager: Failed to register cave at 70,16 (Terrain rejected)
GoblinManager: Failed to register cave at 83,70 (Terrain rejected)
GoblinManager: Failed to register cave at 54,20 (Terrain rejected)
GoblinManager: Failed to register cave at 3,0 (Terrain rejected)
GoblinManager: Failed to register cave at 56,12 (Terrain rejected)
GoblinManager: Failed to register cave at 84,34 (Terrain rejected)
GoblinManager: Failed to register cave at 48,22 (Terrain rejected)
GoblinManager: Failed to register cave at 12,19 (Terrain rejected)
GoblinManager: Failed to register cave at 72,89 (Terrain rejected)
GoblinManager: Failed to register cave at 0,48 (Terrain rejected)
GoblinManager: Failed to register cave at 85,64 (Terrain rejected)
GoblinManager: Failed to register cave at 43,28 (Terrain rejected)
GoblinManager: Failed to register cave at 61,4 (Terrain rejected)
GoblinManager: Failed to register cave at 70,82 (Terrain rejected)
GoblinManager: Failed to register cave at 84,83 (Terrain rejected)
GoblinManager: Failed to register cave at 79,63 (Terrain rejected)
GoblinManager: Failed to register cave at 60,26 (Terrain rejected)
GoblinManager: Failed to register cave at 87,93 (Terrain rejected)
GoblinManager: Failed to register cave at 90,78 (Terrain rejected)
GoblinManager: Failed to register cave at 13,46 (Terrain rejected)
GoblinManager: Failed to register cave at 88,9 (Terrain rejected)
GoblinManager: Failed to register cave at 47,36 (Terrain rejected)
GoblinManager: Failed to register cave at 31,56 (Terrain rejected)
GoblinManager: Failed to register cave at 61,77 (Terrain rejected)
GoblinManager: Failed to register cave at 90,18 (Terrain rejected)
GoblinManager: Failed to register cave at 5,54 (Terrain rejected)
GoblinManager: Failed to register cave at 29,50 (Terrain rejected)
GoblinManager: Failed to register cave at 25,52 (Terrain rejected)
GoblinManager: Failed to register cave at 98,86 (Terrain rejected)
GoblinManager: Failed to register cave at 44,69 (Terrain rejected)
GoblinManager: Failed to register cave at 78,84 (Terrain rejected)
GoblinManager: Failed to register cave at 61,95 (Terrain rejected)
GoblinManager: Failed to register cave at 7,86 (Terrain rejected)
GoblinManager: Failed to register cave at 50,92 (Terrain rejected)
GoblinManager: Failed to register cave at 62,87 (Terrain rejected)
GoblinManager: Failed to register cave at 30,28 (Terrain rejected)
GoblinManager: Failed to register cave at 22,22 (Terrain rejected)
GoblinManager: Failed to register cave at 33,32 (Terrain rejected)
GoblinManager: Failed to register cave at 31,9 (Terrain rejected)
GoblinManager: Failed to register cave at 83,61 (Terrain rejected)
GoblinManager: Failed to register cave at 66,31 (Terrain rejected)
GoblinManager: Failed to register cave at 1,20 (Terrain rejected)
GoblinManager: Failed to register cave at 25,46 (Terrain rejected)
GoblinManager: Failed to register cave at 0,72 (Terrain rejected)
GoblinManager: Failed to register cave at 2,42 (Terrain rejected)
GoblinManager: Failed to register cave at 0,91 (Terrain rejected)
GoblinManager: Failed to register cave at 86,72 (Terrain rejected)
GoblinManager: Failed to register cave at 97,12 (Terrain rejected)
GoblinManager: Failed to register cave at 21,18 (Terrain rejected)
GoblinManager: Failed to register cave at 8,35 (Terrain rejected)
GoblinManager: Failed to register cave at 35,32 (Terrain rejected)
GoblinManager: Failed to register cave at 80,39 (Terrain rejected)
GoblinManager: Failed to register cave at 6,26 (Terrain rejected)
GoblinManager: Failed to register cave at 57,98 (Terrain rejected)
GoblinManager: Failed to register cave at 36,12 (Terrain rejected)
GoblinManager: Failed to register cave at 62,55 (Terrain rejected)
GoblinManager: Failed to register cave at 42,25 (Terrain rejected)
GoblinManager: Failed to register cave at 19,96 (Terrain rejected)
GoblinManager: Failed to register cave at 36,39 (Terrain rejected)
GoblinManager: Failed to register cave at 68,94 (Terrain rejected)
GoblinManager: Failed to register cave at 90,59 (Terrain rejected)
GoblinManager: Failed to register cave at 25,33 (Terrain rejected)
GoblinManager: Failed to register cave at 65,50 (Terrain rejected)
GoblinManager: Failed to register cave at 11,66 (Terrain rejected)
GoblinManager: Failed to register cave at 24,0 (Terrain rejected)
GoblinManager: Failed to register cave at 32,38 (Terrain rejected)
GoblinManager: Failed to register cave at 62,38 (Terrain rejected)
GoblinManager: Failed to register cave at 55,87 (Terrain rejected)
GoblinManager: Failed to register cave at 25,3 (Terrain rejected)
GoblinManager: Failed to register cave at 86,98 (Terrain rejected)
GoblinManager: Failed to register cave at 26,34 (Terrain rejected)
GoblinManager: Failed to register cave at 41,48 (Terrain rejected)
GoblinManager: Failed to register cave at 8,47 (Terrain rejected)
GoblinManager: Failed to register cave at 85,5 (Terrain rejected)
GoblinManager: Failed to register cave at 53,10 (Terrain rejected)
GoblinManager: Failed to register cave at 81,51 (Terrain rejected)
GoblinManager: Failed to register cave at 36,78 (Terrain rejected)
GoblinManager: Failed to register cave at 85,31 (Terrain rejected)
GoblinManager: Failed to register cave at 5,1 (Terrain rejected)
GoblinManager: Failed to register cave at 37,75 (Terrain rejected)
GoblinManager: Failed to register cave at 54,98 (Terrain rejected)
GoblinManager: Failed to register cave at 35,31 (Terrain rejected)
GoblinManager: Failed to register cave at 9,23 (Terrain rejected)
GoblinManager: Failed to register cave at 75,39 (Terrain rejected)
GoblinManager: Failed to register cave at 94,6 (Terrain rejected)
GoblinManager: Failed to register cave at 84,53 (Terrain rejected)
GoblinManager: Failed to register cave at 86,87 (Terrain rejected)
GoblinManager: Failed to register cave at 3,16 (Terrain rejected)
GoblinManager: Failed to register cave at 98,52 (Terrain rejected)
GoblinManager: Failed to register cave at 13,86 (Terrain rejected)
GoblinManager: Failed to register cave at 96,4 (Terrain rejected)
GoblinManager: Failed to register cave at 89,87 (Terrain rejected)
GoblinManager: Failed to register cave at 48,59 (Terrain rejected)
GoblinManager: Failed to register cave at 45,24 (Terrain rejected)
GoblinManager: Failed to register cave at 98,33 (Terrain rejected)
GoblinManager: Failed to register cave at 8,77 (Terrain rejected)
GoblinManager: Failed to register cave at 16,24 (Terrain rejected)
GoblinManager: Failed to register cave at 97,2 (Terrain rejected)
GoblinManager: Failed to register cave at 93,16 (Terrain rejected)
GoblinManager: Failed to register cave at 79,48 (Terrain rejected)
GoblinManager: Failed to register cave at 17,35 (Terrain rejected)
GoblinManager: Failed to register cave at 13,72 (Terrain rejected)
GoblinManager: Failed to register cave at 46,58 (Terrain rejected)
GoblinManager: Failed to register cave at 63,78 (Terrain rejected)
GoblinManager: Failed to register cave at 64,8 (Terrain rejected)
GoblinManager: Failed to register cave at 93,35 (Terrain rejected)
GoblinManager: Failed to register cave at 44,45 (Terrain rejected)
GoblinManager: Failed to register cave at 73,79 (Terrain rejected)
GoblinManager: Failed to register cave at 29,32 (Terrain rejected)
GoblinManager: Failed to register cave at 42,56 (Terrain rejected)
GoblinManager: Failed to register cave at 48,45 (Terrain rejected)
GoblinManager: Failed to register cave at 50,32 (Terrain rejected)
GoblinManager: Failed to register cave at 30,59 (Terrain rejected)
GoblinManager: Failed to register cave at 37,41 (Terrain rejected)
GoblinManager: Failed to register cave at 79,34 (Terrain rejected)
GoblinManager: Failed to register cave at 59,75 (Terrain rejected)
GoblinManager: Failed to register cave at 62,98 (Terrain rejected)
GoblinManager: Failed to register cave at 83,34 (Terrain rejected)
GoblinManager: Failed to register cave at 50,13 (Terrain rejected)
GoblinManager: Failed to register cave at 95,45 (Terrain rejected)
GoblinManager: Failed to register cave at 62,5 (Terrain rejected)
GoblinManager: Failed to register cave at 26,81 (Terrain rejected)
GoblinManager: Failed to register cave at 74,10 (Terrain rejected)
GoblinManager: Failed to register cave at 31,18 (Terrain rejected)
GoblinManager: Failed to register cave at 18,17 (Terrain rejected)
GoblinManager: Failed to register cave at 65,90 (Terrain rejected)
GoblinManager: Failed to register cave at 91,45 (Terrain rejected)
GoblinManager: Failed to register cave at 17,83 (Terrain rejected)
GoblinManager: Failed to register cave at 9,1 (Terrain rejected)
GoblinManager: Failed to register cave at 82,21 (Terrain rejected)
GoblinManager: Failed to register cave at 30,85 (Terrain rejected)
GoblinManager: Failed to register cave at 53,88 (Terrain rejected)
GoblinManager: Failed to register cave at 26,47 (Terrain rejected)
GoblinManager: Failed to register cave at 70,30 (Terrain rejected)
GoblinManager: Failed to register cave at 96,46 (Terrain rejected)
GoblinManager: Failed to register cave at 95,45 (Terrain rejected)
GoblinManager: Failed to register cave at 3,64 (Terrain rejected)
GoblinManager: Failed to register cave at 30,66 (Terrain rejected)
GoblinManager: Failed to register cave at 16,50 (Terrain rejected)
GoblinManager: Failed to register cave at 31,53 (Terrain rejected)
GoblinManager: Failed to register cave at 48,77 (Terrain rejected)
GoblinManager: Failed to register cave at 13,12 (Terrain rejected)
GoblinManager: Failed to register cave at 70,60 (Terrain rejected)
GoblinManager: Failed to register cave at 26,94 (Terrain rejected)
GoblinManager: Failed to register cave at 90,39 (Terrain rejected)
GoblinManager: Failed to register cave at 63,74 (Terrain rejected)
GoblinManager: Failed to register cave at 89,18 (Terrain rejected)
GoblinManager: Failed to register cave at 5,23 (Terrain rejected)
GoblinManager: Failed to register cave at 27,45 (Terrain rejected)
GoblinManager: Failed to register cave at 97,6 (Terrain rejected)
GoblinManager: Failed to register cave at 96,89 (Terrain rejected)
GoblinManager: Failed to register cave at 90,39 (Terrain rejected)
GoblinManager: Failed to register cave at 40,2 (Terrain rejected)
GoblinManager: Failed to register cave at 90,9 (Terrain rejected)
GoblinManager: Failed to register cave at 66,75 (Terrain rejected)
GoblinManager: Failed to register cave at 31,36 (Terrain rejected)
GoblinManager: Failed to register cave at 9,89 (Terrain rejected)
GoblinManager: Failed to register cave at 52,13 (Terrain rejected)
GoblinManager: Failed to register cave at 34,69 (Terrain rejected)
GoblinManager: Failed to register cave at 18,92 (Terrain rejected)
GoblinManager: Failed to register cave at 17,22 (Terrain rejected)
GoblinManager: Failed to register cave at 76,87 (Terrain rejected)
GoblinManager: Failed to register cave at 29,65 (Terrain rejected)
GoblinManager: Failed to register cave at 21,71 (Terrain rejected)
GoblinManager: Failed to register cave at 41,90 (Terrain rejected)
GoblinManager: Failed to register cave at 65,97 (Terrain rejected)
GoblinManager: Failed to register cave at 35,18 (Terrain rejected)
GoblinManager: Failed to register cave at 63,44 (Terrain rejected)
GoblinManager: Failed to register cave at 92,56 (Terrain rejected)
GoblinManager: Failed to register cave at 16,84 (Terrain rejected)
GoblinManager: Failed to register cave at 87,43 (Terrain rejected)
GoblinManager: Failed to register cave at 86,76 (Terrain rejected)
GoblinManager: Failed to register cave at 23,71 (Terrain rejected)
GoblinManager: Failed to register cave at 23,82 (Terrain rejected)
GoblinManager: Failed to register cave at 90,33 (Terrain rejected)
GoblinManager: Failed to register cave at 30,66 (Terrain rejected)
GoblinManager: Failed to register cave at 68,54 (Terrain rejected)
GoblinManager: Failed to register cave at 15,38 (Terrain rejected)
GoblinManager: Failed to register cave at 25,12 (Terrain rejected)
GoblinManager: Failed to register cave at 74,25 (Terrain rejected)
GoblinManager: Failed to register cave at 62,20 (Terrain rejected)
GoblinManager: Failed to register cave at 81,7 (Terrain rejected)
GoblinManager: Failed to register cave at 52,46 (Terrain rejected)
GoblinManager: Failed to register cave at 90,23 (Terrain rejected)
GoblinManager: Failed to register cave at 53,69 (Terrain rejected)
GoblinManager: Failed to register cave at 62,55 (Terrain rejected)
GoblinManager: Failed to register cave at 4,64 (Terrain rejected)
GoblinManager: Failed to register cave at 6,18 (Terrain rejected)
GoblinManager: Failed to register cave at 57,56 (Terrain rejected)
GoblinManager: Failed to register cave at 37,86 (Terrain rejected)
GoblinManager: Failed to register cave at 24,13 (Terrain rejected)
GoblinManager: Failed to register cave at 50,17 (Terrain rejected)
GoblinManager: Failed to register cave at 30,41 (Terrain rejected)
GoblinManager: Failed to register cave at 93,6 (Terrain rejected)
GoblinManager: Failed to register cave at 59,21 (Terrain rejected)
GoblinManager: Failed to register cave at 68,64 (Terrain rejected)
GoblinManager: Failed to register cave at 21,2 (Terrain rejected)
GoblinManager: Failed to register cave at 91,0 (Terrain rejected)
GoblinManager: Failed to register cave at 67,84 (Terrain rejected)
GoblinManager: Failed to register cave at 58,22 (Terrain rejected)
GoblinManager: Failed to register cave at 64,98 (Terrain rejected)
GoblinManager: Failed to register cave at 67,93 (Terrain rejected)
GoblinManager: Failed to register cave at 93,19 (Terrain rejected)
GoblinManager: Failed to register cave at 30,2 (Terrain rejected)
GoblinManager: Failed to register cave at 49,65 (Terrain rejected)
GoblinManager: Failed to register cave at 4,44 (Terrain rejected)
GoblinManager: Failed to register cave at 13,34 (Terrain rejected)
GoblinManager: Failed to register cave at 97,87 (Terrain rejected)
GoblinManager: Failed to register cave at 24,13 (Terrain rejected)
GoblinManager: Failed to register cave at 47,23 (Terrain rejected)
GoblinManager: Failed to register cave at 58,58 (Terrain rejected)
GoblinManager: Failed to register cave at 86,5 (Terrain rejected)
GoblinManager: Failed to register cave at 65,81 (Terrain rejected)
GoblinManager: Failed to register cave at 36,71 (Terrain rejected)
GoblinManager: Failed to register cave at 8,46 (Terrain rejected)
GoblinManager: Failed to register cave at 76,62 (Terrain rejected)
GoblinManager: Failed to register cave at 24,9 (Terrain rejected)
GoblinManager: Failed to register cave at 43,50 (Terrain rejected)
GoblinManager: Failed to register cave at 2,17 (Terrain rejected)
GoblinManager: Failed to register cave at 98,21 (Terrain rejected)
GoblinManager: Failed to register cave at 27,26 (Terrain rejected)
GoblinManager: Failed to register cave at 0,61 (Terrain rejected)
GoblinManager: Failed to register cave at 85,18 (Terrain rejected)
GoblinManager: Failed to register cave at 7,37 (Terrain rejected)
GoblinManager: Failed to register cave at 4,86 (Terrain rejected)
GoblinManager: Failed to register cave at 73,96 (Terrain rejected)
GoblinManager: Failed to register cave at 83,81 (Terrain rejected)
GoblinManager: Failed to register cave at 23,43 (Terrain rejected)
GoblinManager: Failed to register cave at 65,24 (Terrain rejected)
GoblinManager: Failed to register cave at 6,77 (Terrain rejected)
GoblinManager: Failed to register cave at 81,90 (Terrain rejected)
GoblinManager: Failed to register cave at 77,78 (Terrain rejected)
GoblinManager: Failed to register cave at 27,6 (Terrain rejected)
GoblinManager: Failed to register cave at 85,25 (Terrain rejected)
GoblinManager: Failed to register cave at 99,19 (Terrain rejected)
GoblinManager: Failed to register cave at 97,0 (Terrain rejected)
GoblinManager: Failed to register cave at 90,31 (Terrain rejected)
GoblinManager: Failed to register cave at 1,18 (Terrain rejected)
GoblinManager: Failed to register cave at 10,94 (Terrain rejected)
GoblinManager: Failed to register cave at 36,90 (Terrain rejected)
GoblinManager: Failed to register cave at 55,42 (Terrain rejected)
GoblinManager: Failed to register cave at 34,67 (Terrain rejected)
GoblinManager: Failed to register cave at 64,66 (Terrain rejected)
GoblinManager: Failed to register cave at 13,23 (Terrain rejected)
GoblinManager: Failed to register cave at 39,46 (Terrain rejected)
GoblinManager: Failed to register cave at 88,35 (Terrain rejected)
GoblinManager: Failed to register cave at 57,89 (Terrain rejected)
GoblinManager: Failed to register cave at 96,31 (Terrain rejected)
GoblinManager: Failed to register cave at 82,34 (Terrain rejected)
GoblinManager: Failed to register cave at 53,16 (Terrain rejected)
GoblinManager: Failed to register cave at 75,31 (Terrain rejected)
GoblinManager: Failed to register cave at 47,93 (Terrain rejected)
GoblinManager: Failed to register cave at 76,41 (Terrain rejected)
GoblinManager: Failed to register cave at 26,22 (Terrain rejected)
GoblinManager: Failed to register cave at 89,6 (Terrain rejected)
GoblinManager: Failed to register cave at 17,56 (Terrain rejected)
GoblinManager: Failed to register cave at 5,76 (Terrain rejected)
GoblinManager: Failed to register cave at 84,91 (Terrain rejected)
GoblinManager: Failed to register cave at 41,46 (Terrain rejected)
GoblinManager: Failed to register cave at 90,62 (Terrain rejected)
GoblinManager: Failed to register cave at 33,79 (Terrain rejected)
GoblinManager: Failed to register cave at 28,47 (Terrain rejected)
GoblinManager: Failed to register cave at 10,34 (Terrain rejected)
GoblinManager: Failed to register cave at 67,1 (Terrain rejected)
GoblinManager: Failed to register cave at 45,15 (Terrain rejected)
GoblinManager: Failed to register cave at 49,17 (Terrain rejected)
GoblinManager: Failed to register cave at 4,79 (Terrain rejected)
GoblinManager: Failed to register cave at 36,40 (Terrain rejected)
GoblinManager: Failed to register cave at 19,92 (Terrain rejected)
GoblinManager: Failed to register cave at 29,5 (Terrain rejected)
GoblinManager: Failed to register cave at 72,32 (Terrain rejected)
GoblinManager: Failed to register cave at 33,92 (Terrain rejected)
GoblinManager: Failed to register cave at 61,13 (Terrain rejected)
GoblinManager: Failed to register cave at 59,55 (Terrain rejected)
GoblinManager: Failed to register cave at 19,34 (Terrain rejected)
GoblinManager: Failed to register cave at 15,32 (Terrain rejected)
GoblinManager: Failed to register cave at 88,57 (Terrain rejected)
GoblinManager: Failed to register cave at 88,55 (Terrain rejected)
GoblinManager: Failed to register cave at 57,57 (Terrain rejected)
GoblinManager: Failed to register cave at 89,10 (Terrain rejected)
GoblinManager: Failed to register cave at 9,62 (Terrain rejected)
GoblinManager: Failed to register cave at 24,28 (Terrain rejected)
GoblinManager: Failed to register cave at 38,31 (Terrain rejected)
GoblinManager: Failed to register cave at 59,62 (Terrain rejected)
GoblinManager: Failed to register cave at 20,98 (Terrain rejected)
GoblinManager: Failed to register cave at 60,86 (Terrain rejected)
GoblinManager: Failed to register cave at 71,44 (Terrain rejected)
GoblinManager: Failed to register cave at 21,22 (Terrain rejected)
GoblinManager: Failed to register cave at 32,1 (Terrain rejected)
GoblinManager: Failed to register cave at 12,84 (Terrain rejected)
GoblinManager: Failed to register cave at 88,12 (Terrain rejected)
GoblinManager: Failed to register cave at 40,32 (Terrain rejected)
GoblinManager: Failed to register cave at 14,71 (Terrain rejected)
GoblinManager: Failed to register cave at 20,47 (Terrain rejected)
GoblinManager: Failed to register cave at 23,36 (Terrain rejected)
GoblinManager: Failed to register cave at 99,26 (Terrain rejected)
GoblinManager: Failed to register cave at 32,52 (Terrain rejected)
GoblinManager: Failed to register cave at 54,51 (Terrain rejected)
GoblinManager: Failed to register cave at 81,10 (Terrain rejected)
GoblinManager: Failed to register cave at 39,12 (Terrain rejected)
GoblinManager: Failed to register cave at 92,50 (Terrain rejected)
GoblinManager: Failed to register cave at 16,23 (Terrain rejected)
GoblinManager: Failed to register cave at 93,38 (Terrain rejected)
GoblinManager: Failed to register cave at 49,38 (Terrain rejected)
GoblinManager: Failed to register cave at 19,35 (Terrain rejected)
GoblinManager: Failed to register cave at 25,25 (Terrain rejected)
GoblinManager: Failed to register cave at 11,45 (Terrain rejected)
GoblinManager: Failed to register cave at 76,57 (Terrain rejected)
GoblinManager: Failed to register cave at 60,99 (Terrain rejected)
GoblinManager: Failed to register cave at 86,56 (Terrain rejected)
GoblinManager: Failed to register cave at 16,42 (Terrain rejected)
GoblinManager: Failed to register cave at 69,90 (Terrain rejected)
GoblinManager: Failed to register cave at 42,98 (Terrain rejected)
GoblinManager: Failed to register cave at 16,68 (Terrain rejected)
GoblinManager: Failed to register cave at 97,48 (Terrain rejected)
GoblinManager: Failed to register cave at 45,82 (Terrain rejected)
GoblinManager: Failed to register cave at 43,50 (Terrain rejected)
GoblinManager: Failed to register cave at 95,63 (Terrain rejected)
GoblinManager: Failed to register cave at 77,80 (Terrain rejected)
GoblinManager: Failed to register cave at 67,58 (Terrain rejected)
GoblinManager: Failed to register cave at 82,4 (Terrain rejected)
GoblinManager: Failed to register cave at 1,9 (Terrain rejected)
GoblinManager: Failed to register cave at 93,56 (Terrain rejected)
GoblinManager: Failed to register cave at 64,59 (Terrain rejected)
GoblinManager: Failed to register cave at 75,22 (Terrain rejected)
GoblinManager: Failed to register cave at 18,81 (Terrain rejected)
GoblinManager: Failed to register cave at 44,73 (Terrain rejected)
GoblinManager: Failed to register cave at 13,41 (Terrain rejected)
GoblinManager: Failed to register cave at 92,76 (Terrain rejected)
GoblinManager: Failed to register cave at 65,29 (Terrain rejected)
GoblinManager: Failed to register cave at 61,70 (Terrain rejected)
GoblinManager: Failed to register cave at 37,71 (Terrain rejected)
GoblinManager: Failed to register cave at 15,67 (Terrain rejected)
GoblinManager: Failed to register cave at 58,67 (Terrain rejected)
GoblinManager: Failed to register cave at 33,81 (Terrain rejected)
GoblinManager: Failed to register cave at 24,33 (Terrain rejected)
GoblinManager: Failed to register cave at 7,73 (Terrain rejected)
GoblinManager: Failed to register cave at 64,86 (Terrain rejected)
GoblinManager: Failed to register cave at 66,21 (Terrain rejected)
GoblinManager: Failed to register cave at 52,62 (Terrain rejected)
GoblinManager: Failed to register cave at 53,37 (Terrain rejected)
GoblinManager: Failed to register cave at 26,74 (Terrain rejected)
GoblinManager: Failed to register cave at 6,34 (Terrain rejected)
GoblinManager: Failed to register cave at 83,38 (Terrain rejected)
GoblinManager: Failed to register cave at 31,49 (Terrain rejected)
GoblinManager: Failed to register cave at 46,30 (Terrain rejected)
GoblinManager: Failed to register cave at 68,75 (Terrain rejected)
GoblinManager: Failed to register cave at 87,6 (Terrain rejected)
GoblinManager: Failed to register cave at 59,57 (Terrain rejected)
GoblinManager: Failed to register cave at 91,20 (Terrain rejected)
GoblinManager: Failed to register cave at 4,72 (Terrain rejected)
GoblinManager: Failed to register cave at 7,78 (Terrain rejected)
GoblinManager: Failed to register cave at 80,95 (Terrain rejected)
GoblinManager: Failed to register cave at 52,78 (Terrain rejected)
GoblinManager: Failed to register cave at 82,67 (Terrain rejected)
GoblinManager: Failed to register cave at 85,30 (Terrain rejected)
GoblinManager: Failed to register cave at 66,18 (Terrain rejected)
GoblinManager: Failed to register cave at 62,57 (Terrain rejected)
GoblinManager: Failed to register cave at 53,37 (Terrain rejected)
GoblinManager: Failed to register cave at 53,49 (Terrain rejected)
GoblinManager: Failed to register cave at 60,0 (Terrain rejected)
GoblinManager: Failed to register cave at 22,79 (Terrain rejected)
GoblinManager: Failed to register cave at 67,78 (Terrain rejected)
GoblinManager: Failed to register cave at 20,60 (Terrain rejected)
GoblinManager: Failed to register cave at 33,86 (Terrain rejected)
GoblinManager: Failed to register cave at 30,91 (Terrain rejected)
GoblinManager: Failed to register cave at 79,66 (Terrain rejected)
GoblinManager: Failed to register cave at 28,6 (Terrain rejected)
GoblinManager: Failed to register cave at 67,69 (Terrain rejected)
GoblinManager: Failed to register cave at 30,52 (Terrain rejected)
GoblinManager: Failed to register cave at 64,78 (Terrain rejected)
GoblinManager: Failed to register cave at 41,21 (Terrain rejected)
GoblinManager: Failed to register cave at 21,74 (Terrain rejected)
GoblinManager: Failed to register cave at 34,61 (Terrain rejected)
GoblinManager: Failed to register cave at 62,5 (Terrain rejected)
GoblinManager: Failed to register cave at 23,68 (Terrain rejected)
GoblinManager: Failed to register cave at 69,99 (Terrain rejected)
GoblinManager: Failed to register cave at 59,2 (Terrain rejected)
GoblinManager: Failed to register cave at 82,33 (Terrain rejected)
GoblinManager: Failed to register cave at 85,9 (Terrain rejected)
GoblinManager: Failed to register cave at 58,50 (Terrain rejected)
GoblinManager: Failed to register cave at 21,9 (Terrain rejected)
GoblinManager: Failed to register cave at 46,66 (Terrain rejected)
GoblinManager: Failed to register cave at 60,15 (Terrain rejected)
GoblinManager: Failed to register cave at 55,16 (Terrain rejected)
GoblinManager: Failed to register cave at 94,84 (Terrain rejected)
GoblinManager: Failed to register cave at 5,60 (Terrain rejected)
GoblinManager: Failed to register cave at 32,59 (Terrain rejected)
GoblinManager: Failed to register cave at 47,77 (Terrain rejected)
GoblinManager: Failed to register cave at 8,40 (Terrain rejected)
GoblinManager: Failed to register cave at 2,27 (Terrain rejected)
GoblinManager: Failed to register cave at 43,5 (Terrain rejected)
GoblinManager: Failed to register cave at 51,56 (Terrain rejected)
GoblinManager: Failed to register cave at 97,41 (Terrain rejected)
GoblinManager: Failed to register cave at 55,23 (Terrain rejected)
GoblinManager: Failed to register cave at 26,81 (Terrain rejected)
GoblinManager: Failed to register cave at 94,91 (Terrain rejected)
GoblinManager: Failed to register cave at 62,26 (Terrain rejected)
GoblinManager: Failed to register cave at 47,90 (Terrain rejected)
GoblinManager: Failed to register cave at 80,42 (Terrain rejected)
GoblinManager: Failed to register cave at 2,27 (Terrain rejected)
GoblinManager: Failed to register cave at 5,4 (Terrain rejected)
GoblinManager: Failed to register cave at 91,48 (Terrain rejected)
GoblinManager: Failed to register cave at 64,1 (Terrain rejected)
GoblinManager: Failed to register cave at 80,65 (Terrain rejected)
GoblinManager: Failed to register cave at 72,88 (Terrain rejected)
GoblinManager: Failed to register cave at 81,0 (Terrain rejected)
GoblinManager: Failed to register cave at 79,80 (Terrain rejected)
GoblinManager: Failed to register cave at 61,75 (Terrain rejected)
GoblinManager: Failed to register cave at 87,92 (Terrain rejected)
GoblinManager: Failed to register cave at 38,50 (Terrain rejected)
GoblinManager: Failed to register cave at 85,14 (Terrain rejected)
GoblinManager: Failed to register cave at 33,64 (Terrain rejected)
GoblinManager: Failed to register cave at 42,79 (Terrain rejected)
GoblinManager: Failed to register cave at 33,91 (Terrain rejected)
GoblinManager: Failed to register cave at 9,51 (Terrain rejected)
GoblinManager: Failed to register cave at 97,29 (Terrain rejected)
GoblinManager: Failed to register cave at 97,54 (Terrain rejected)
GoblinManager: Failed to register cave at 74,66 (Terrain rejected)
GoblinManager: Failed to register cave at 24,38 (Terrain rejected)
GoblinManager: Failed to register cave at 93,30 (Terrain rejected)
GoblinManager: Failed to register cave at 90,62 (Terrain rejected)
GoblinManager: Failed to register cave at 76,52 (Terrain rejected)
GoblinManager: Failed to register cave at 12,58 (Terrain rejected)
GoblinManager: Failed to register cave at 19,42 (Terrain rejected)
GoblinManager: Failed to register cave at 45,61 (Terrain rejected)
GoblinManager: Failed to register cave at 86,16 (Terrain rejected)
GoblinManager: Failed to register cave at 39,91 (Terrain rejected)
GoblinManager: Failed to register cave at 16,67 (Terrain rejected)
GoblinManager: Failed to register cave at 61,43 (Terrain rejected)
GoblinManager: Failed to register cave at 24,66 (Terrain rejected)
GoblinManager: Failed to register cave at 72,86 (Terrain rejected)
GoblinManager: Failed to register cave at 53,51 (Terrain rejected)
GoblinManager: Failed to register cave at 9,57 (Terrain rejected)
GoblinManager: Failed to register cave at 68,40 (Terrain rejected)
GoblinManager: Failed to register cave at 39,17 (Terrain rejected)
GoblinManager: Failed to register cave at 2,33 (Terrain rejected)
GoblinManager: Failed to register cave at 35,53 (Terrain rejected)
GoblinManager: Failed to register cave at 26,13 (Terrain rejected)
GoblinManager: Failed to register cave at 35,76 (Terrain rejected)
GoblinManager: Failed to register cave at 29,22 (Terrain rejected)
GoblinManager: Failed to register cave at 19,4 (Terrain rejected)
GoblinManager: Failed to register cave at 23,78 (Terrain rejected)
GoblinManager: Failed to register cave at 36,87 (Terrain rejected)
GoblinManager: Failed to register cave at 77,34 (Terrain rejected)
GoblinManager: Failed to register cave at 32,31 (Terrain rejected)
GoblinManager: Failed to register cave at 63,95 (Terrain rejected)
GoblinManager: Failed to register cave at 43,39 (Terrain rejected)
GoblinManager: Failed to register cave at 59,31 (Terrain rejected)
GoblinManager: Failed to register cave at 44,71 (Terrain rejected)
GoblinManager: Failed to register cave at 65,86 (Terrain rejected)
GoblinManager: Failed to register cave at 33,0 (Terrain rejected)
GoblinManager: Failed to register cave at 86,30 (Terrain rejected)
GoblinManager: Failed to register cave at 74,56 (Terrain rejected)
GoblinManager: Failed to register cave at 2,33 (Terrain rejected)
GoblinManager: Failed to register cave at 59,20 (Terrain rejected)
GoblinManager: Failed to register cave at 27,43 (Terrain rejected)
GoblinManager: Failed to register cave at 64,34 (Terrain rejected)
GoblinManager: Failed to register cave at 51,44 (Terrain rejected)
GoblinManager: Failed to register cave at 87,11 (Terrain rejected)
GoblinManager: Failed to register cave at 37,66 (Terrain rejected)
GoblinManager: Failed to register cave at 43,12 (Terrain rejected)
GoblinManager: Failed to register cave at 85,56 (Terrain rejected)
GoblinManager: Failed to register cave at 35,47 (Terrain rejected)
GoblinManager: Failed to register cave at 55,23 (Terrain rejected)
GoblinManager: Failed to register cave at 20,93 (Terrain rejected)
GoblinManager: Failed to register cave at 97,2 (Terrain rejected)
GoblinManager: Failed to register cave at 60,19 (Terrain rejected)
GoblinManager: Failed to register cave at 20,67 (Terrain rejected)
GoblinManager: Failed to register cave at 11,82 (Terrain rejected)
GoblinManager: Failed to register cave at 3,66 (Terrain rejected)
GoblinManager: Failed to register cave at 47,37 (Terrain rejected)
GoblinManager: Failed to register cave at 45,23 (Terrain rejected)
GoblinManager: Failed to register cave at 53,12 (Terrain rejected)
GoblinManager: Failed to register cave at 19,14 (Terrain rejected)
GoblinManager: Failed to register cave at 28,25 (Terrain rejected)
GoblinManager: Failed to register cave at 29,8 (Terrain rejected)
GoblinManager: Failed to register cave at 75,65 (Terrain rejected)
GoblinManager: Failed to register cave at 7,20 (Terrain rejected)
GoblinManager: Failed to register cave at 86,77 (Terrain rejected)
GoblinManager: Failed to register cave at 72,90 (Terrain rejected)
GoblinManager: Failed to register cave at 74,85 (Terrain rejected)
GoblinManager: Failed to register cave at 76,36 (Terrain rejected)
GoblinManager: Failed to register cave at 37,50 (Terrain rejected)
GoblinManager: Failed to register cave at 74,86 (Terrain rejected)
GoblinManager: Failed to register cave at 21,63 (Terrain rejected)
GoblinManager: Failed to register cave at 21,9 (Terrain rejected)
GoblinManager: Failed to register cave at 72,61 (Terrain rejected)
GoblinManager: Failed to register cave at 47,94 (Terrain rejected)
GoblinManager: Failed to register cave at 98,71 (Terrain rejected)
GoblinManager: Failed to register cave at 76,56 (Terrain rejected)
GoblinManager: Failed to register cave at 34,27 (Terrain rejected)
GoblinManager: Failed to register cave at 26,82 (Terrain rejected)
GoblinManager: Failed to register cave at 5,66 (Terrain rejected)
GoblinManager: Failed to register cave at 92,15 (Terrain rejected)
GoblinManager: Failed to register cave at 91,95 (Terrain rejected)
GoblinManager: Failed to register cave at 65,76 (Terrain rejected)
GoblinManager: Failed to register cave at 97,51 (Terrain rejected)
GoblinManager: Failed to register cave at 87,57 (Terrain rejected)
GoblinManager: Failed to register cave at 62,6 (Terrain rejected)
GoblinManager: Failed to register cave at 96,98 (Terrain rejected)
GoblinManager: Failed to register cave at 5,3 (Terrain rejected)
GoblinManager: Failed to register cave at 69,80 (Terrain rejected)
GoblinManager: Failed to register cave at 93,37 (Terrain rejected)
GoblinManager: Failed to register cave at 68,80 (Terrain rejected)
GoblinManager: Failed to register cave at 17,56 (Terrain rejected)
GoblinManager: Failed to register cave at 37,99 (Terrain rejected)
GoblinManager: Failed to register cave at 13,51 (Terrain rejected)
GoblinManager: Failed to register cave at 72,42 (Terrain rejected)
GoblinManager: Failed to register cave at 7,36 (Terrain rejected)
GoblinManager: Failed to register cave at 19,63 (Terrain rejected)
GoblinManager: Failed to register cave at 65,20 (Terrain rejected)
GoblinManager: Failed to register cave at 67,13 (Terrain rejected)
GoblinManager: Failed to register cave at 26,74 (Terrain rejected)
GoblinManager: Failed to register cave at 85,82 (Terrain rejected)
GoblinManager: Failed to register cave at 95,31 (Terrain rejected)
GoblinManager: Failed to register cave at 97,95 (Terrain rejected)
GoblinManager: Failed to register cave at 60,42 (Terrain rejected)
GoblinManager: Failed to register cave at 37,21 (Terrain rejected)
GoblinManager: Failed to register cave at 5,12 (Terrain rejected)
GoblinManager: Failed to register cave at 88,16 (Terrain rejected)
GoblinManager: Failed to register cave at 53,83 (Terrain rejected)
GoblinManager: Failed to register cave at 86,66 (Terrain rejected)
GoblinManager: Failed to register cave at 3,25 (Terrain rejected)
GoblinManager: Failed to register cave at 44,58 (Terrain rejected)
GoblinManager: Failed to register cave at 13,51 (Terrain rejected)
GoblinManager: Failed to register cave at 87,33 (Terrain rejected)
GoblinManager: Failed to register cave at 98,36 (Terrain rejected)
GoblinManager: Failed to register cave at 30,74 (Terrain rejected)
GoblinManager: Failed to register cave at 55,97 (Terrain rejected)
GoblinManager: Failed to register cave at 4,64 (Terrain rejected)
GoblinManager: Failed to register cave at 94,20 (Terrain rejected)
GoblinManager: Failed to register cave at 57,53 (Terrain rejected)
GoblinManager: Failed to register cave at 49,61 (Terrain rejected)
GoblinManager: Failed to register cave at 7,8 (Terrain rejected)
GoblinManager: Failed to register cave at 82,69 (Terrain rejected)
GoblinManager: Failed to register cave at 11,68 (Terrain rejected)
GoblinManager: Failed to register cave at 63,43 (Terrain rejected)
GoblinManager: Failed to register cave at 96,99 (Terrain rejected)
GoblinManager: Failed to register cave at 8,50 (Terrain rejected)
GoblinManager: Failed to register cave at 94,99 (Terrain rejected)
GoblinManager: Failed to register cave at 55,6 (Terrain rejected)
GoblinManager: Failed to register cave at 38,30 (Terrain rejected)
GoblinManager: Failed to register cave at 31,23 (Terrain rejected)
GoblinManager: Failed to register cave at 19,51 (Terrain rejected)
GoblinManager: Failed to register cave at 64,87 (Terrain rejected)
GoblinManager: Failed to register cave at 52,40 (Terrain rejected)
GoblinManager: Failed to register cave at 80,33 (Terrain rejected)
GoblinManager: Failed to register cave at 13,53 (Terrain rejected)
GoblinManager: Failed to register cave at 18,42 (Terrain rejected)
GoblinManager: Failed to register cave at 94,65 (Terrain rejected)
GoblinManager: Failed to register cave at 48,69 (Terrain rejected)
GoblinManager: Failed to register cave at 23,10 (Terrain rejected)
GoblinManager: Failed to register cave at 37,37 (Terrain rejected)
GoblinManager: Failed to register cave at 80,9 (Terrain rejected)
GoblinManager: Failed to register cave at 57,0 (Terrain rejected)
GoblinManager: Failed to register cave at 91,98 (Terrain rejected)
GoblinManager: Failed to register cave at 36,26 (Terrain rejected)
GoblinManager: Failed to register cave at 55,41 (Terrain rejected)
GoblinManager: Failed to register cave at 48,29 (Terrain rejected)
GoblinManager: Failed to register cave at 72,75 (Terrain rejected)
GoblinManager: Failed to register cave at 64,94 (Terrain rejected)
GoblinManager: Failed to register cave at 90,24 (Terrain rejected)
GoblinManager: Failed to register cave at 56,11 (Terrain rejected)
GoblinManager: Failed to register cave at 29,63 (Terrain rejected)
GoblinManager: Failed to register cave at 45,60 (Terrain rejected)
GoblinManager: Failed to register cave at 46,89 (Terrain rejected)
GoblinManager: Failed to register cave at 9,98 (Terrain rejected)
GoblinManager: Failed to register cave at 30,42 (Terrain rejected)
GoblinManager: Failed to register cave at 98,88 (Terrain rejected)
GoblinManager: Failed to register cave at 81,1 (Terrain rejected)
GoblinManager: Failed to register cave at 27,98 (Terrain rejected)
GoblinManager: Failed to register cave at 67,73 (Terrain rejected)
GoblinManager: Failed to register cave at 99,44 (Terrain rejected)
GoblinManager: Failed to register cave at 40,53 (Terrain rejected)
GoblinManager: Failed to register cave at 34,82 (Terrain rejected)
GoblinManager: Failed to register cave at 64,58 (Terrain rejected)
GoblinManager: Failed to register cave at 12,39 (Terrain rejected)
GoblinManager: Failed to register cave at 61,50 (Terrain rejected)
GoblinManager: Failed to register cave at 70,16 (Terrain rejected)
GoblinManager: Failed to register cave at 48,66 (Terrain rejected)
GoblinManager: Failed to register cave at 51,67 (Terrain rejected)
GoblinManager: Failed to register cave at 74,89 (Terrain rejected)
GoblinManager: Failed to register cave at 90,75 (Terrain rejected)
GoblinManager: Failed to register cave at 38,25 (Terrain rejected)
GoblinManager: Failed to register cave at 44,51 (Terrain rejected)
GoblinManager: Failed to register cave at 83,72 (Terrain rejected)
GoblinManager: Failed to register cave at 57,68 (Terrain rejected)
GoblinManager: Failed to register cave at 73,14 (Terrain rejected)
GoblinManager: Failed to register cave at 28,67 (Terrain rejected)
GoblinManager: Failed to register cave at 63,27 (Terrain rejected)
GoblinManager: Failed to register cave at 67,38 (Terrain rejected)
GoblinManager: Failed to register cave at 29,3 (Terrain rejected)
GoblinManager: Failed to register cave at 52,57 (Terrain rejected)
GoblinManager: Failed to register cave at 26,88 (Terrain rejected)
GoblinManager: Failed to register cave at 86,39 (Terrain rejected)
GoblinManager: Failed to register cave at 62,75 (Terrain rejected)
GoblinManager: Failed to register cave at 70,72 (Terrain rejected)
GoblinManager: Failed to register cave at 97,0 (Terrain rejected)
GoblinManager: Failed to register cave at 53,58 (Terrain rejected)
GoblinManager: Failed to register cave at 2,4 (Terrain rejected)
GoblinManager: Failed to register cave at 3,3 (Terrain rejected)
GoblinManager: Failed to register cave at 4,91 (Terrain rejected)
GoblinManager: Failed to register cave at 39,1 (Terrain rejected)
GoblinManager: Failed to register cave at 37,96 (Terrain rejected)
GoblinManager: Failed to register cave at 6,91 (Terrain rejected)
GoblinManager: Failed to register cave at 70,16 (Terrain rejected)
GoblinManager: Failed to register cave at 57,28 (Terrain rejected)
GoblinManager: Failed to register cave at 2,82 (Terrain rejected)
GoblinManager: Failed to register cave at 31,74 (Terrain rejected)
GoblinManager: Failed to register cave at 71,39 (Terrain rejected)
GoblinManager: Failed to register cave at 68,82 (Terrain rejected)
GoblinManager: Failed to register cave at 76,12 (Terrain rejected)
GoblinManager: Failed to register cave at 15,78 (Terrain rejected)
GoblinManager: Failed to register cave at 2,12 (Terrain rejected)
GoblinManager: Failed to register cave at 57,8 (Terrain rejected)
GoblinManager: Failed to register cave at 78,94 (Terrain rejected)
GoblinManager: Failed to register cave at 55,41 (Terrain rejected)
GoblinManager: Failed to register cave at 96,53 (Terrain rejected)
GoblinManager: Failed to register cave at 68,73 (Terrain rejected)
GoblinManager: Failed to register cave at 75,61 (Terrain rejected)
GoblinManager: Failed to register cave at 92,13 (Terrain rejected)
GoblinManager: Failed to register cave at 51,67 (Terrain rejected)
GoblinManager: Failed to register cave at 0,36 (Terrain rejected)
GoblinManager: Failed to register cave at 99,26 (Terrain rejected)
GoblinManager: Failed to register cave at 3,35 (Terrain rejected)
GoblinManager: Failed to register cave at 44,76 (Terrain rejected)
GoblinManager: Failed to register cave at 0,44 (Terrain rejected)
GoblinManager: Failed to register cave at 1,31 (Terrain rejected)
GoblinManager: Failed to register cave at 91,52 (Terrain rejected)
GoblinManager: Failed to register cave at 40,53 (Terrain rejected)
GoblinManager: Failed to register cave at 44,95 (Terrain rejected)
GoblinManager: Failed to register cave at 58,66 (Terrain rejected)
GoblinManager: Failed to register cave at 53,78 (Terrain rejected)
GoblinManager: Failed to register cave at 13,40 (Terrain rejected)
GoblinManager: Failed to register cave at 39,2 (Terrain rejected)
GoblinManager: Failed to register cave at 82,95 (Terrain rejected)
GoblinManager: Failed to register cave at 55,72 (Terrain rejected)
GoblinManager: Failed to register cave at 78,89 (Terrain rejected)
GoblinManager: Failed to register cave at 9,51 (Terrain rejected)
GoblinManager: Failed to register cave at 46,20 (Terrain rejected)
GoblinManager: Failed to register cave at 32,15 (Terrain rejected)
GoblinManager: Failed to register cave at 36,16 (Terrain rejected)
GoblinManager: Failed to register cave at 43,20 (Terrain rejected)
GoblinManager: Failed to register cave at 95,47 (Terrain rejected)
GoblinManager: Failed to register cave at 98,35 (Terrain rejected)
GoblinManager: Failed to register cave at 56,9 (Terrain rejected)
GoblinManager: Failed to register cave at 61,31 (Terrain rejected)
GoblinManager: Failed to register cave at 55,52 (Terrain rejected)
GoblinManager: Failed to register cave at 1,3 (Terrain rejected)
GoblinManager: Failed to register cave at 95,86 (Terrain rejected)
GoblinManager: Failed to register cave at 12,3 (Terrain rejected)
GoblinManager: Failed to register cave at 71,6 (Terrain rejected)
GoblinManager: Failed to register cave at 96,66 (Terrain rejected)
GoblinManager: Failed to register cave at 49,2 (Terrain rejected)
GoblinManager: Failed to register cave at 1,80 (Terrain rejected)
GoblinManager: Failed to register cave at 95,0 (Terrain rejected)
GoblinManager: Failed to register cave at 81,43 (Terrain rejected)
GoblinManager: Failed to register cave at 12,26 (Terrain rejected)
GoblinManager: Failed to register cave at 58,80 (Terrain rejected)
GoblinManager: Failed to register cave at 71,91 (Terrain rejected)
GoblinManager: Failed to register cave at 75,20 (Terrain rejected)
GoblinManager: Failed to register cave at 19,45 (Terrain rejected)
GoblinManager: Failed to register cave at 21,69 (Terrain rejected)
GoblinManager: Failed to register cave at 82,75 (Terrain rejected)
GoblinManager: Failed to register cave at 32,30 (Terrain rejected)
GoblinManager: Failed to register cave at 93,92 (Terrain rejected)
GoblinManager: Failed to register cave at 59,54 (Terrain rejected)
GoblinManager: Failed to register cave at 35,94 (Terrain rejected)
GoblinManager: Failed to register cave at 35,37 (Terrain rejected)
GoblinManager: Failed to register cave at 93,46 (Terrain rejected)
GoblinManager: Failed to register cave at 69,60 (Terrain rejected)
GoblinManager: Failed to register cave at 30,25 (Terrain rejected)
GoblinManager: Failed to register cave at 62,46 (Terrain rejected)
GoblinManager: Failed to register cave at 16,20 (Terrain rejected)
GoblinManager: Failed to register cave at 39,16 (Terrain rejected)
GoblinManager: Failed to register cave at 47,38 (Terrain rejected)
GoblinManager: Failed to register cave at 8,74 (Terrain rejected)
GoblinManager: Failed to register cave at 67,66 (Terrain rejected)
GoblinManager: Failed to register cave at 60,77 (Terrain rejected)
GoblinManager: Failed to register cave at 90,34 (Terrain rejected)
GoblinManager: Failed to register cave at 38,8 (Terrain rejected)
GoblinManager: Failed to register cave at 18,81 (Terrain rejected)
GoblinManager: Failed to register cave at 60,10 (Terrain rejected)
GoblinManager: Failed to register cave at 4,99 (Terrain rejected)
GoblinManager: Failed to register cave at 24,46 (Terrain rejected)
GoblinManager: Failed to register cave at 26,74 (Terrain rejected)
GoblinManager: Failed to register cave at 38,74 (Terrain rejected)
GoblinManager: Failed to register cave at 18,75 (Terrain rejected)
GoblinManager: Failed to register cave at 93,99 (Terrain rejected)
GoblinManager: Failed to register cave at 5,36 (Terrain rejected)
GoblinManager: Failed to register cave at 69,35 (Terrain rejected)
GoblinManager: Failed to register cave at 60,27 (Terrain rejected)
GoblinManager: Failed to register cave at 78,98 (Terrain rejected)
GoblinManager: Failed to register cave at 50,72 (Terrain rejected)
GoblinManager: Failed to register cave at 46,29 (Terrain rejected)
GoblinManager: Failed to register cave at 33,87 (Terrain rejected)
GoblinManager: Failed to register cave at 69,30 (Terrain rejected)
GoblinManager: Failed to register cave at 63,15 (Terrain rejected)
GoblinManager: Failed to register cave at 1,22 (Terrain rejected)
GoblinManager: Failed to register cave at 44,78 (Terrain rejected)
GoblinManager: Failed to register cave at 31,87 (Terrain rejected)
GoblinManager: Failed to register cave at 11,23 (Terrain rejected)
GoblinManager: Failed to register cave at 77,48 (Terrain rejected)
GoblinManager: Failed to register cave at 3,73 (Terrain rejected)
GoblinManager: Failed to register cave at 78,98 (Terrain rejected)
GoblinManager: Failed to register cave at 35,65 (Terrain rejected)
GoblinManager: Failed to register cave at 68,92 (Terrain rejected)
GoblinManager: Failed to register cave at 85,9 (Terrain rejected)
GoblinManager: Failed to register cave at 68,28 (Terrain rejected)
GoblinManager: Failed to register cave at 6,89 (Terrain rejected)
GoblinManager: Failed to register cave at 39,69 (Terrain rejected)
GoblinManager: Failed to register cave at 72,80 (Terrain rejected)
GoblinManager: Failed to register cave at 99,68 (Terrain rejected)
GoblinManager: Failed to register cave at 61,40 (Terrain rejected)
GoblinManager: Failed to register cave at 14,45 (Terrain rejected)
GoblinManager: Failed to register cave at 69,59 (Terrain rejected)
GoblinManager: Failed to register cave at 22,49 (Terrain rejected)
GoblinManager: Failed to register cave at 76,42 (Terrain rejected)
GoblinManager: Failed to register cave at 86,62 (Terrain rejected)
GoblinManager: Failed to register cave at 9,2 (Terrain rejected)
GoblinManager: Failed to register cave at 47,40 (Terrain rejected)
GoblinManager: Failed to register cave at 98,46 (Terrain rejected)
GoblinManager: Failed to register cave at 52,9 (Terrain rejected)
GoblinManager: Failed to register cave at 41,32 (Terrain rejected)
GoblinManager: Failed to register cave at 68,89 (Terrain rejected)
GoblinManager: Failed to register cave at 6,33 (Terrain rejected)
GoblinManager: Failed to register cave at 41,1 (Terrain rejected)
GoblinManager: Failed to register cave at 65,26 (Terrain rejected)
GoblinManager: Failed to register cave at 18,3 (Terrain rejected)
GoblinManager: Failed to register cave at 83,90 (Terrain rejected)
GoblinManager: Failed to register cave at 75,95 (Terrain rejected)
GoblinManager: Failed to register cave at 85,3 (Terrain rejected)
GoblinManager: Failed to register cave at 48,59 (Terrain rejected)
GoblinManager: Failed to register cave at 22,39 (Terrain rejected)
GoblinManager: Failed to register cave at 66,15 (Terrain rejected)
GoblinManager: Failed to register cave at 47,70 (Terrain rejected)
GoblinManager: Failed to register cave at 36,84 (Terrain rejected)
GoblinManager: Failed to register cave at 86,32 (Terrain rejected)
GoblinManager: Failed to register cave at 86,13 (Terrain rejected)
GoblinManager: Failed to register cave at 35,83 (Terrain rejected)
GoblinManager: Failed to register cave at 80,2 (Terrain rejected)
GoblinManager: Failed to register cave at 20,12 (Terrain rejected)
GoblinManager: Failed to register cave at 91,62 (Terrain rejected)
GoblinManager: Failed to register cave at 65,28 (Terrain rejected)
GoblinManager: Failed to register cave at 58,47 (Terrain rejected)
GoblinManager: Failed to register cave at 1,72 (Terrain rejected)
GoblinManager: Failed to register cave at 9,28 (Terrain rejected)
GoblinManager: Failed to register cave at 78,13 (Terrain rejected)
GoblinManager: Failed to register cave at 6,61 (Terrain rejected)
GoblinManager: Failed to register cave at 99,4 (Terrain rejected)
GoblinManager: Failed to register cave at 5,29 (Terrain rejected)
GoblinManager: Failed to register cave at 3,12 (Terrain rejected)
GoblinManager: Failed to register cave at 83,40 (Terrain rejected)
GoblinManager: Failed to register cave at 22,40 (Terrain rejected)
GoblinManager: Failed to register cave at 55,35 (Terrain rejected)
GoblinManager: Failed to register cave at 91,81 (Terrain rejected)
GoblinManager: Failed to register cave at 65,40 (Terrain rejected)
GoblinManager: Failed to register cave at 74,8 (Terrain rejected)
GoblinManager: Failed to register cave at 37,26 (Terrain rejected)
GoblinManager: Failed to register cave at 49,45 (Terrain rejected)
GoblinManager: Failed to register cave at 82,26 (Terrain rejected)
GoblinManager: Failed to register cave at 61,78 (Terrain rejected)
GoblinManager: Failed to register cave at 18,73 (Terrain rejected)
GoblinManager: Failed to register cave at 33,56 (Terrain rejected)
GoblinManager: Failed to register cave at 17,76 (Terrain rejected)
GoblinManager: Failed to register cave at 13,96 (Terrain rejected)
GoblinManager: Failed to register cave at 17,41 (Terrain rejected)
GoblinManager: Failed to register cave at 4,17 (Terrain rejected)
GoblinManager: Failed to register cave at 13,12 (Terrain rejected)
GoblinManager: Failed to register cave at 9,8 (Terrain rejected)
GoblinManager: Failed to register cave at 62,13 (Terrain rejected)
GoblinManager: Failed to register cave at 89,57 (Terrain rejected)
GoblinManager: Failed to register cave at 66,61 (Terrain rejected)
GoblinManager: Failed to register cave at 77,8 (Terrain rejected)
GoblinManager: Failed to register cave at 19,53 (Terrain rejected)
GoblinManager: Failed to register cave at 79,31 (Terrain rejected)
GoblinManager: Failed to register cave at 60,21 (Terrain rejected)
GoblinManager: Failed to register cave at 14,57 (Terrain rejected)
GoblinManager: Failed to register cave at 3,2 (Terrain rejected)
GoblinManager: Failed to register cave at 61,13 (Terrain rejected)
GoblinManager: Failed to register cave at 27,71 (Terrain rejected)
GoblinManager: Failed to register cave at 81,82 (Terrain rejected)
GoblinManager: Failed to register cave at 94,9 (Terrain rejected)
GoblinManager: Failed to register cave at 69,33 (Terrain rejected)
GoblinManager: Failed to register cave at 48,27 (Terrain rejected)
GoblinManager: Failed to register cave at 9,76 (Terrain rejected)
GoblinManager: Failed to register cave at 70,54 (Terrain rejected)
GoblinManager: Failed to register cave at 79,35 (Terrain rejected)
GoblinManager: Failed to register cave at 15,8 (Terrain rejected)
GoblinManager: Failed to register cave at 49,7 (Terrain rejected)
GoblinManager: Failed to register cave at 77,6 (Terrain rejected)
GoblinManager: Failed to register cave at 55,47 (Terrain rejected)
GoblinManager: Failed to register cave at 8,5 (Terrain rejected)
GoblinManager: Failed to register cave at 74,70 (Terrain rejected)
GoblinManager: Failed to register cave at 79,75 (Terrain rejected)
GoblinManager: Failed to register cave at 16,80 (Terrain rejected)
GoblinManager: Failed to register cave at 85,81 (Terrain rejected)
GoblinManager: Failed to register cave at 36,0 (Terrain rejected)
GoblinManager: Failed to register cave at 75,57 (Terrain rejected)
GoblinManager: Failed to register cave at 92,81 (Terrain rejected)
GoblinManager: Failed to register cave at 84,45 (Terrain rejected)
GoblinManager: Failed to register cave at 40,87 (Terrain rejected)
GoblinManager: Failed to register cave at 71,1 (Terrain rejected)
GoblinManager: Failed to register cave at 91,11 (Terrain rejected)
GoblinManager: Failed to register cave at 92,74 (Terrain rejected)
GoblinManager: Failed to register cave at 89,16 (Terrain rejected)
GoblinManager: Failed to register cave at 87,86 (Terrain rejected)
GoblinManager: Failed to register cave at 69,44 (Terrain rejected)
GoblinManager: Failed to register cave at 52,68 (Terrain rejected)
GoblinManager: Failed to register cave at 41,79 (Terrain rejected)
GoblinManager: Failed to register cave at 84,15 (Terrain rejected)
GoblinManager: Failed to register cave at 92,37 (Terrain rejected)
GoblinManager: Failed to register cave at 56,18 (Terrain rejected)
GoblinManager: Failed to register cave at 71,32 (Terrain rejected)
GoblinManager: Failed to register cave at 59,91 (Terrain rejected)
GoblinManager: Failed to register cave at 78,11 (Terrain rejected)
GoblinManager: Failed to register cave at 78,53 (Terrain rejected)
GoblinManager: Failed to register cave at 84,29 (Terrain rejected)
GoblinManager: Failed to register cave at 33,78 (Terrain rejected)
GoblinManager: Failed to register cave at 86,58 (Terrain rejected)
GoblinManager: Failed to register cave at 89,53 (Terrain rejected)
GoblinManager: Failed to register cave at 37,8 (Terrain rejected)
GoblinManager: Failed to register cave at 83,2 (Terrain rejected)
GoblinManager: Failed to register cave at 1,59 (Terrain rejected)
GoblinManager: Failed to register cave at 21,71 (Terrain rejected)
GoblinManager: Failed to register cave at 47,95 (Terrain rejected)
GoblinManager: Failed to register cave at 67,17 (Terrain rejected)
GoblinManager: Failed to register cave at 16,93 (Terrain rejected)
GoblinManager: Failed to register cave at 80,35 (Terrain rejected)
GoblinManager: Failed to register cave at 28,8 (Terrain rejected)
GoblinManager: Failed to register cave at 63,90 (Terrain rejected)
GoblinManager: Failed to register cave at 49,35 (Terrain rejected)
GoblinManager: Failed to register cave at 66,39 (Terrain rejected)
GoblinManager: Failed to register cave at 25,25 (Terrain rejected)
GoblinManager: Failed to register cave at 32,81 (Terrain rejected)
GoblinManager: Failed to register cave at 18,13 (Terrain rejected)
GoblinManager: Failed to register cave at 51,80 (Terrain rejected)
GoblinManager: Failed to register cave at 10,14 (Terrain rejected)
GoblinManager: Failed to register cave at 4,14 (Terrain rejected)
GoblinManager: Failed to register cave at 30,41 (Terrain rejected)
GoblinManager: Failed to register cave at 79,11 (Terrain rejected)
GoblinManager: Failed to register cave at 81,34 (Terrain rejected)
GoblinManager: Failed to register cave at 55,20 (Terrain rejected)
GoblinManager: Failed to register cave at 7,71 (Terrain rejected)
GoblinManager: Failed to register cave at 67,3 (Terrain rejected)
GoblinManager: Failed to register cave at 28,14 (Terrain rejected)
GoblinManager: Failed to register cave at 1,57 (Terrain rejected)
GoblinManager: Failed to register cave at 62,68 (Terrain rejected)
GoblinManager: Failed to register cave at 89,87 (Terrain rejected)
GoblinManager: Failed to register cave at 12,32 (Terrain rejected)
GoblinManager: Failed to register cave at 66,0 (Terrain rejected)
GoblinManager: Failed to register cave at 35,25 (Terrain rejected)
GoblinManager: Failed to register cave at 75,39 (Terrain rejected)
GoblinManager: Failed to register cave at 44,24 (Terrain rejected)
GoblinManager: Failed to register cave at 57,84 (Terrain rejected)
GoblinManager: Failed to register cave at 18,51 (Terrain rejected)
GoblinManager: Failed to register cave at 14,16 (Terrain rejected)
GoblinManager: Failed to register cave at 10,68 (Terrain rejected)
GoblinManager: Failed to register cave at 79,61 (Terrain rejected)
GoblinManager: Failed to register cave at 9,17 (Terrain rejected)
GoblinManager: Failed to register cave at 73,76 (Terrain rejected)
GoblinManager: Failed to register cave at 78,94 (Terrain rejected)
GoblinManager: Failed to register cave at 24,81 (Terrain rejected)
GoblinManager: Failed to register cave at 4,68 (Terrain rejected)
GoblinManager: Failed to register cave at 58,93 (Terrain rejected)
GoblinManager: Failed to register cave at 55,71 (Terrain rejected)
GoblinManager: Failed to register cave at 91,50 (Terrain rejected)
GoblinManager: Failed to register cave at 83,17 (Terrain rejected)
GoblinManager: Failed to register cave at 31,19 (Terrain rejected)
GoblinManager: Failed to register cave at 20,60 (Terrain rejected)
GoblinManager: Failed to register cave at 83,69 (Terrain rejected)
GoblinManager: Failed to register cave at 35,84 (Terrain rejected)
GoblinManager: Failed to register cave at 6,48 (Terrain rejected)
GoblinManager: Failed to register cave at 97,50 (Terrain rejected)
GoblinManager: Failed to register cave at 61,83 (Terrain rejected)
GoblinManager: Failed to register cave at 76,26 (Terrain rejected)
GoblinManager: Failed to register cave at 58,31 (Terrain rejected)
GoblinManager: Failed to register cave at 86,15 (Terrain rejected)
GoblinManager: Failed to register cave at 67,20 (Terrain rejected)
GoblinManager: Failed to register cave at 8,86 (Terrain rejected)
GoblinManager: Failed to register cave at 33,86 (Terrain rejected)
GoblinManager: Failed to register cave at 59,17 (Terrain rejected)
GoblinManager: Failed to register cave at 54,46 (Terrain rejected)
GoblinManager: Failed to register cave at 95,95 (Terrain rejected)
GoblinManager: Failed to register cave at 99,89 (Terrain rejected)
GoblinManager: Failed to register cave at 82,0 (Terrain rejected)
GoblinManager: Failed to register cave at 39,10 (Terrain rejected)
GoblinManager: Failed to register cave at 89,72 (Terrain rejected)
GoblinManager: Failed to register cave at 64,69 (Terrain rejected)
GoblinManager: Failed to register cave at 80,55 (Terrain rejected)
GoblinManager: Failed to register cave at 49,17 (Terrain rejected)
GoblinManager: Failed to register cave at 15,73 (Terrain rejected)
GoblinManager: Failed to register cave at 4,58 (Terrain rejected)
GoblinManager: Failed to register cave at 84,41 (Terrain rejected)
GoblinManager: Failed to register cave at 67,42 (Terrain rejected)
GoblinManager: Failed to register cave at 16,31 (Terrain rejected)
GoblinManager: Failed to register cave at 86,30 (Terrain rejected)
GoblinManager: Failed to register cave at 6,87 (Terrain rejected)
GoblinManager: Failed to register cave at 98,88 (Terrain rejected)
GoblinManager: Failed to register cave at 1,44 (Terrain rejected)
GoblinManager: Failed to register cave at 64,50 (Terrain rejected)
GoblinManager: Failed to register cave at 17,5 (Terrain rejected)
GoblinManager: Failed to register cave at 81,96 (Terrain rejected)
GoblinManager: Failed to register cave at 98,19 (Terrain rejected)
GoblinManager: Failed to register cave at 87,97 (Terrain rejected)
GoblinManager: Failed to register cave at 59,15 (Terrain rejected)
GoblinManager: Failed to register cave at 12,96 (Terrain rejected)
GoblinManager: Failed to register cave at 74,43 (Terrain rejected)
GoblinManager: Failed to register cave at 39,46 (Terrain rejected)
GoblinManager: Failed to register cave at 69,74 (Terrain rejected)
GoblinManager: Failed to register cave at 98,62 (Terrain rejected)
GoblinManager: Failed to register cave at 45,75 (Terrain rejected)
GoblinManager: Failed to register cave at 85,64 (Terrain rejected)
GoblinManager: Failed to register cave at 76,95 (Terrain rejected)
GoblinManager: Failed to register cave at 9,38 (Terrain rejected)
GoblinManager: Failed to register cave at 72,95 (Terrain rejected)
GoblinManager: Failed to register cave at 24,38 (Terrain rejected)
GoblinManager: Failed to register cave at 70,52 (Terrain rejected)
GoblinManager: Failed to register cave at 31,82 (Terrain rejected)
GoblinManager: Failed to register cave at 78,55 (Terrain rejected)
GoblinManager: Failed to register cave at 46,7 (Terrain rejected)
GoblinManager: Failed to register cave at 74,23 (Terrain rejected)
GoblinManager: Failed to register cave at 8,31 (Terrain rejected)
GoblinManager: Failed to register cave at 21,4 (Terrain rejected)
GoblinManager: Failed to register cave at 58,14 (Terrain rejected)
GoblinManager: Failed to register cave at 50,38 (Terrain rejected)
GoblinManager: Failed to register cave at 7,61 (Terrain rejected)
GoblinManager: Failed to register cave at 72,33 (Terrain rejected)
GoblinManager: Failed to register cave at 59,10 (Terrain rejected)
GoblinManager: Failed to register cave at 56,76 (Terrain rejected)
GoblinManager: Failed to register cave at 38,64 (Terrain rejected)
GoblinManager: Failed to register cave at 73,89 (Terrain rejected)
GoblinManager: Failed to register cave at 21,67 (Terrain rejected)
GoblinManager: Failed to register cave at 91,50 (Terrain rejected)
GoblinManager: Failed to register cave at 49,0 (Terrain rejected)
GoblinManager: Failed to register cave at 9,84 (Terrain rejected)
GoblinManager: Failed to register cave at 42,79 (Terrain rejected)
GoblinManager: Failed to register cave at 17,72 (Terrain rejected)
GoblinManager: Failed to register cave at 28,22 (Terrain rejected)
GoblinManager: Failed to register cave at 64,74 (Terrain rejected)
GoblinManager: Failed to register cave at 48,48 (Terrain rejected)
GoblinManager: Failed to register cave at 57,9 (Terrain rejected)
GoblinManager: Failed to register cave at 13,33 (Terrain rejected)
GoblinManager: Failed to register cave at 87,39 (Terrain rejected)
GoblinManager: Failed to register cave at 25,95 (Terrain rejected)
GoblinManager: Failed to register cave at 14,48 (Terrain rejected)
GoblinManager: Failed to register cave at 78,8 (Terrain rejected)
GoblinManager: Failed to register cave at 8,16 (Terrain rejected)
GoblinManager: Failed to register cave at 24,40 (Terrain rejected)
GoblinManager: Failed to register cave at 78,92 (Terrain rejected)
GoblinManager: Failed to register cave at 20,97 (Terrain rejected)
GoblinManager: Failed to register cave at 24,60 (Terrain rejected)
GoblinManager: Failed to register cave at 46,82 (Terrain rejected)
GoblinManager: Failed to register cave at 17,77 (Terrain rejected)
GoblinManager: Failed to register cave at 78,95 (Terrain rejected)
GoblinManager: Failed to register cave at 26,38 (Terrain rejected)
GoblinManager: Failed to register cave at 64,69 (Terrain rejected)
GoblinManager: Failed to register cave at 25,6 (Terrain rejected)
GoblinManager: Failed to register cave at 8,63 (Terrain rejected)
GoblinManager: Failed to register cave at 82,35 (Terrain rejected)
GoblinManager: Failed to register cave at 80,11 (Terrain rejected)
GoblinManager: Failed to register cave at 73,31 (Terrain rejected)
GoblinManager: Failed to register cave at 85,97 (Terrain rejected)
GoblinManager: Failed to register cave at 61,6 (Terrain rejected)
GoblinManager: Failed to register cave at 40,69 (Terrain rejected)
GoblinManager: Failed to register cave at 40,72 (Terrain rejected)
GoblinManager: Failed to register cave at 96,84 (Terrain rejected)
GoblinManager: Failed to register cave at 85,55 (Terrain rejected)
GoblinManager: Failed to register cave at 99,93 (Terrain rejected)
GoblinManager: Failed to register cave at 83,33 (Terrain rejected)
GoblinManager: Failed to register cave at 76,29 (Terrain rejected)
GoblinManager: Failed to register cave at 64,35 (Terrain rejected)
GoblinManager: Failed to register cave at 4,21 (Terrain rejected)
GoblinManager: Failed to register cave at 48,51 (Terrain rejected)
GoblinManager: Failed to register cave at 25,19 (Terrain rejected)
GoblinManager: Failed to register cave at 63,86 (Terrain rejected)
GoblinManager: Failed to register cave at 65,47 (Terrain rejected)
GoblinManager: Failed to register cave at 86,98 (Terrain rejected)
GoblinManager: Failed to register cave at 94,15 (Terrain rejected)
GoblinManager: Failed to register cave at 43,3 (Terrain rejected)
GoblinManager: Failed to register cave at 79,98 (Terrain rejected)
GoblinManager: Failed to register cave at 61,9 (Terrain rejected)
GoblinManager: Failed to register cave at 98,24 (Terrain rejected)
GoblinManager: Failed to register cave at 61,88 (Terrain rejected)
GoblinManager: Failed to register cave at 45,23 (Terrain rejected)
GoblinManager: Failed to register cave at 53,32 (Terrain rejected)
GoblinManager: Failed to register cave at 88,92 (Terrain rejected)
GoblinManager: Failed to register cave at 38,4 (Terrain rejected)
GoblinManager: Failed to register cave at 19,72 (Terrain rejected)
GoblinManager: Failed to register cave at 25,83 (Terrain rejected)
GoblinManager: Failed to register cave at 16,26 (Terrain rejected)
GoblinManager: Failed to register cave at 4,9 (Terrain rejected)
GoblinManager: Failed to register cave at 65,75 (Terrain rejected)
GoblinManager: Failed to register cave at 89,46 (Terrain rejected)
GoblinManager: Failed to register cave at 39,75 (Terrain rejected)
GoblinManager: Failed to register cave at 89,31 (Terrain rejected)
GoblinManager: Failed to register cave at 11,43 (Terrain rejected)
GoblinManager: Failed to register cave at 88,66 (Terrain rejected)
GoblinManager: Failed to register cave at 72,32 (Terrain rejected)
GoblinManager: Failed to register cave at 34,96 (Terrain rejected)
GoblinManager: Failed to register cave at 12,76 (Terrain rejected)
GoblinManager: Failed to register cave at 58,89 (Terrain rejected)
GoblinManager: Failed to register cave at 62,20 (Terrain rejected)
GoblinManager: Failed to register cave at 21,4 (Terrain rejected)
GoblinManager: Failed to register cave at 81,43 (Terrain rejected)
GoblinManager: Failed to register cave at 96,3 (Terrain rejected)
GoblinManager: Failed to register cave at 85,0 (Terrain rejected)
GoblinManager: Failed to register cave at 8,53 (Terrain rejected)
GoblinManager: Failed to register cave at 18,97 (Terrain rejected)
GoblinManager: Failed to register cave at 19,90 (Terrain rejected)
GoblinManager: Failed to register cave at 34,95 (Terrain rejected)
GoblinManager: Failed to register cave at 19,43 (Terrain rejected)
GoblinManager: Failed to register cave at 53,37 (Terrain rejected)
GoblinManager: Failed to register cave at 16,65 (Terrain rejected)
GoblinManager: Failed to register cave at 83,45 (Terrain rejected)
GoblinManager: Failed to register cave at 30,90 (Terrain rejected)
GoblinManager: Failed to register cave at 82,15 (Terrain rejected)
GoblinManager: Failed to register cave at 96,2 (Terrain rejected)
GoblinManager: Failed to register cave at 14,24 (Terrain rejected)
GoblinManager: Failed to register cave at 4,7 (Terrain rejected)
GoblinManager: Failed to register cave at 57,69 (Terrain rejected)
GoblinManager: Failed to register cave at 91,62 (Terrain rejected)
GoblinManager: Failed to register cave at 78,11 (Terrain rejected)
GoblinManager: Failed to register cave at 75,14 (Terrain rejected)
GoblinManager: Failed to register cave at 18,20 (Terrain rejected)
GoblinManager: Failed to register cave at 82,93 (Terrain rejected)
GoblinManager: Failed to register cave at 15,37 (Terrain rejected)
GoblinManager: Failed to register cave at 2,27 (Terrain rejected)
GoblinManager: Failed to register cave at 69,99 (Terrain rejected)
GoblinManager: Failed to register cave at 27,96 (Terrain rejected)
GoblinManager: Failed to register cave at 3,66 (Terrain rejected)
GoblinManager: Failed to register cave at 52,9 (Terrain rejected)
GoblinManager: Failed to register cave at 36,56 (Terrain rejected)
GoblinManager: Failed to register cave at 8,86 (Terrain rejected)
GoblinManager: Failed to register cave at 1,29 (Terrain rejected)
GoblinManager: Failed to register cave at 17,26 (Terrain rejected)
GoblinManager: Failed to register cave at 26,35 (Terrain rejected)
GoblinManager: Failed to register cave at 35,27 (Terrain rejected)
GoblinManager: Failed to register cave at 60,24 (Terrain rejected)
GoblinManager: Failed to register cave at 40,18 (Terrain rejected)
GoblinManager: Failed to register cave at 54,91 (Terrain rejected)
GoblinManager: Failed to register cave at 99,0 (Terrain rejected)
GoblinManager: Failed to register cave at 68,88 (Terrain rejected)
GoblinManager: Failed to register cave at 72,71 (Terrain rejected)
GoblinManager: Failed to register cave at 22,63 (Terrain rejected)
GoblinManager: Failed to register cave at 1,21 (Terrain rejected)
GoblinManager: Failed to register cave at 41,21 (Terrain rejected)
GoblinManager: Failed to register cave at 47,71 (Terrain rejected)
GoblinManager: Failed to register cave at 13,18 (Terrain rejected)
GoblinManager: Failed to register cave at 88,41 (Terrain rejected)
GoblinManager: Failed to register cave at 38,26 (Terrain rejected)
GoblinManager: Failed to register cave at 74,44 (Terrain rejected)
GoblinManager: Failed to register cave at 20,73 (Terrain rejected)
GoblinManager: Failed to register cave at 58,86 (Terrain rejected)
GoblinManager: Failed to register cave at 3,11 (Terrain rejected)
GoblinManager: Failed to register cave at 14,45 (Terrain rejected)
GoblinManager: Failed to register cave at 31,65 (Terrain rejected)
GoblinManager: Failed to register cave at 42,44 (Terrain rejected)
GoblinManager: Failed to register cave at 21,20 (Terrain rejected)
GoblinManager: Failed to register cave at 47,13 (Terrain rejected)
GoblinManager: Failed to register cave at 51,38 (Terrain rejected)
GoblinManager: Failed to register cave at 94,69 (Terrain rejected)
GoblinManager: Failed to register cave at 82,37 (Terrain rejected)
GoblinManager: Failed to register cave at 57,13 (Terrain rejected)
GoblinManager: Failed to register cave at 94,4 (Terrain rejected)
GoblinManager: Failed to register cave at 89,47 (Terrain rejected)
GoblinManager: Failed to register cave at 30,96 (Terrain rejected)
GoblinManager: Failed to register cave at 70,59 (Terrain rejected)
GoblinManager: Failed to register cave at 36,54 (Terrain rejected)
GoblinManager: Failed to register cave at 69,81 (Terrain rejected)
GoblinManager: Failed to register cave at 18,77 (Terrain rejected)
GoblinManager: Failed to register cave at 18,94 (Terrain rejected)
GoblinManager: Failed to register cave at 66,44 (Terrain rejected)
GoblinManager: Failed to register cave at 79,98 (Terrain rejected)
GoblinManager: Failed to register cave at 31,24 (Terrain rejected)
GoblinManager: Failed to register cave at 12,81 (Terrain rejected)
GoblinManager: Failed to register cave at 65,32 (Terrain rejected)
GoblinManager: Failed to register cave at 95,40 (Terrain rejected)
GoblinManager: Failed to register cave at 15,40 (Terrain rejected)
GoblinManager: Failed to register cave at 71,11 (Terrain rejected)
GoblinManager: Failed to register cave at 27,99 (Terrain rejected)
GoblinManager: Failed to register cave at 72,13 (Terrain rejected)
GoblinManager: Failed to register cave at 6,30 (Terrain rejected)
GoblinManager: Failed to register cave at 9,94 (Terrain rejected)
GoblinManager: Failed to register cave at 13,42 (Terrain rejected)
GoblinManager: Failed to register cave at 44,67 (Terrain rejected)
GoblinManager: Failed to register cave at 15,86 (Terrain rejected)
GoblinManager: Failed to register cave at 4,1 (Terrain rejected)
GoblinManager: Failed to register cave at 11,94 (Terrain rejected)
GoblinManager: Failed to register cave at 60,79 (Terrain rejected)
GoblinManager: Failed to register cave at 25,78 (Terrain rejected)
GoblinManager: Failed to register cave at 31,53 (Terrain rejected)
GoblinManager: Failed to register cave at 23,39 (Terrain rejected)
GoblinManager: Failed to register cave at 3,35 (Terrain rejected)
GoblinManager: Failed to register cave at 28,82 (Terrain rejected)
GoblinManager: Failed to register cave at 87,53 (Terrain rejected)
GoblinManager: Failed to register cave at 53,26 (Terrain rejected)
GoblinManager: Failed to register cave at 17,4 (Terrain rejected)
GoblinManager: Failed to register cave at 17,13 (Terrain rejected)
GoblinManager: Failed to register cave at 12,17 (Terrain rejected)
GoblinManager: Failed to register cave at 55,70 (Terrain rejected)
GoblinManager: Failed to register cave at 7,23 (Terrain rejected)
GoblinManager: Failed to register cave at 67,58 (Terrain rejected)
GoblinManager: Failed to register cave at 59,20 (Terrain rejected)
GoblinManager: Failed to register cave at 27,44 (Terrain rejected)
GoblinManager: Failed to register cave at 31,62 (Terrain rejected)
GoblinManager: Failed to register cave at 5,15 (Terrain rejected)
GoblinManager: Failed to register cave at 88,99 (Terrain rejected)
GoblinManager: Failed to register cave at 72,57 (Terrain rejected)
GoblinManager: Failed to register cave at 22,27 (Terrain rejected)
GoblinManager: Failed to register cave at 93,39 (Terrain rejected)
GoblinManager: Failed to register cave at 83,67 (Terrain rejected)
GoblinManager: Failed to register cave at 96,89 (Terrain rejected)
GoblinManager: Failed to register cave at 29,22 (Terrain rejected)
GoblinManager: Failed to register cave at 92,10 (Terrain rejected)
GoblinManager: Failed to register cave at 38,40 (Terrain rejected)
GoblinManager: Failed to register cave at 10,15 (Terrain rejected)
GoblinManager: Failed to register cave at 9,94 (Terrain rejected)
GoblinManager: Failed to register cave at 20,63 (Terrain rejected)
GoblinManager: Failed to register cave at 77,0 (Terrain rejected)
GoblinManager: Failed to register cave at 46,57 (Terrain rejected)
GoblinManager: Failed to register cave at 66,45 (Terrain rejected)
GoblinManager: Failed to register cave at 93,71 (Terrain rejected)
GoblinManager: Failed to register cave at 2,71 (Terrain rejected)
GoblinManager: Failed to register cave at 28,59 (Terrain rejected)
GoblinManager: Failed to register cave at 1,86 (Terrain rejected)
GoblinManager: Failed to register cave at 90,29 (Terrain rejected)
GoblinManager: Failed to register cave at 3,16 (Terrain rejected)
GoblinManager: Failed to register cave at 91,57 (Terrain rejected)
GoblinManager: Failed to register cave at 75,65 (Terrain rejected)
GoblinManager: Failed to register cave at 57,69 (Terrain rejected)
GoblinManager: Failed to register cave at 64,26 (Terrain rejected)
GoblinManager: Failed to register cave at 26,62 (Terrain rejected)
GoblinManager: Failed to register cave at 22,44 (Terrain rejected)
GoblinManager: Failed to register cave at 84,79 (Terrain rejected)
GoblinManager: Failed to register cave at 33,76 (Terrain rejected)
GoblinManager: Failed to register cave at 82,53 (Terrain rejected)
GoblinManager: Failed to register cave at 26,39 (Terrain rejected)
GoblinManager: Failed to register cave at 40,93 (Terrain rejected)
GoblinManager: Failed to register cave at 5,36 (Terrain rejected)
GoblinManager: Failed to register cave at 90,30 (Terrain rejected)
GoblinManager: Failed to register cave at 99,19 (Terrain rejected)
GoblinManager: Failed to register cave at 94,25 (Terrain rejected)
GoblinManager: Failed to register cave at 88,96 (Terrain rejected)
GoblinManager: Failed to register cave at 21,45 (Terrain rejected)
GoblinManager: Failed to register cave at 57,66 (Terrain rejected)
GoblinManager: Failed to register cave at 74,82 (Terrain rejected)
GoblinManager: Failed to register cave at 59,13 (Terrain rejected)
GoblinManager: Failed to register cave at 13,82 (Terrain rejected)
GoblinManager: Failed to register cave at 94,26 (Terrain rejected)
GoblinManager: Failed to register cave at 27,58 (Terrain rejected)
GoblinManager: Failed to register cave at 66,38 (Terrain rejected)
GoblinManager: Failed to register cave at 6,85 (Terrain rejected)
GoblinManager: Failed to register cave at 76,70 (Terrain rejected)
GoblinManager: Failed to register cave at 8,38 (Terrain rejected)
GoblinManager: Failed to register cave at 6,88 (Terrain rejected)
GoblinManager: Failed to register cave at 23,64 (Terrain rejected)
GoblinManager: Failed to register cave at 42,14 (Terrain rejected)
GoblinManager: Failed to register cave at 79,69 (Terrain rejected)
GoblinManager: Failed to register cave at 91,13 (Terrain rejected)
GoblinManager: Failed to register cave at 93,95 (Terrain rejected)
GoblinManager: Failed to register cave at 13,60 (Terrain rejected)
GoblinManager: Failed to register cave at 33,38 (Terrain rejected)
GoblinManager: Failed to register cave at 25,53 (Terrain rejected)
GoblinManager: Failed to register cave at 17,22 (Terrain rejected)
GoblinManager: Failed to register cave at 79,42 (Terrain rejected)
GoblinManager: Failed to register cave at 27,50 (Terrain rejected)
GoblinManager: Failed to register cave at 66,31 (Terrain rejected)
GoblinManager: Failed to register cave at 40,3 (Terrain rejected)
GoblinManager: Failed to register cave at 44,76 (Terrain rejected)
GoblinManager: Failed to register cave at 13,14 (Terrain rejected)
GoblinManager: Failed to register cave at 68,50 (Terrain rejected)
GoblinManager: Failed to register cave at 6,82 (Terrain rejected)
GoblinManager: Failed to register cave at 4,55 (Terrain rejected)
GoblinManager: Failed to register cave at 73,67 (Terrain rejected)
GoblinManager: Failed to register cave at 64,75 (Terrain rejected)
GoblinManager: Failed to register cave at 44,45 (Terrain rejected)
GoblinManager: Failed to register cave at 5,66 (Terrain rejected)
GoblinManager: Failed to register cave at 41,89 (Terrain rejected)
GoblinManager: Failed to register cave at 13,37 (Terrain rejected)
GoblinManager: Failed to register cave at 28,71 (Terrain rejected)
GoblinManager: Failed to register cave at 97,88 (Terrain rejected)
GoblinManager: Failed to register cave at 36,12 (Terrain rejected)
GoblinManager: Failed to register cave at 62,8 (Terrain rejected)
GoblinManager: Failed to register cave at 33,96 (Terrain rejected)
GoblinManager: Failed to register cave at 78,2 (Terrain rejected)
GoblinManager: Failed to register cave at 55,63 (Terrain rejected)
GoblinManager: Failed to register cave at 47,70 (Terrain rejected)
GoblinManager: Failed to register cave at 82,13 (Terrain rejected)
GoblinManager: Failed to register cave at 67,66 (Terrain rejected)
GoblinManager: Failed to register cave at 25,16 (Terrain rejected)
GoblinManager: Failed to register cave at 26,36 (Terrain rejected)
GoblinManager: Failed to register cave at 53,23 (Terrain rejected)
GoblinManager: Failed to register cave at 68,38 (Terrain rejected)
GoblinManager: Failed to register cave at 74,30 (Terrain rejected)
GoblinManager: Failed to register cave at 97,43 (Terrain rejected)
GoblinManager: Failed to register cave at 7,79 (Terrain rejected)
GoblinManager: Failed to register cave at 20,16 (Terrain rejected)
GoblinManager: Failed to register cave at 1,81 (Terrain rejected)
GoblinManager: Failed to register cave at 10,71 (Terrain rejected)
GoblinManager: Failed to register cave at 54,5 (Terrain rejected)
GoblinManager: Failed to register cave at 90,33 (Terrain rejected)
GoblinManager: Failed to register cave at 49,83 (Terrain rejected)
GoblinManager: Failed to register cave at 24,53 (Terrain rejected)
GoblinManager: Failed to register cave at 37,68 (Terrain rejected)
GoblinManager: Failed to register cave at 98,87 (Terrain rejected)
GoblinManager: Failed to register cave at 95,78 (Terrain rejected)
GoblinManager: Failed to register cave at 8,5 (Terrain rejected)
GoblinManager: Failed to register cave at 76,6 (Terrain rejected)
GoblinManager: Failed to register cave at 50,11 (Terrain rejected)
GoblinManager: Failed to register cave at 73,83 (Terrain rejected)
GoblinManager: Failed to register cave at 55,25 (Terrain rejected)
GoblinManager: Failed to register cave at 8,58 (Terrain rejected)
GoblinManager: Failed to register cave at 4,31 (Terrain rejected)
GoblinManager: Failed to register cave at 79,53 (Terrain rejected)
GoblinManager: Failed to register cave at 36,59 (Terrain rejected)
GoblinManager: Failed to register cave at 72,84 (Terrain rejected)
GoblinManager: Failed to register cave at 34,1 (Terrain rejected)
GoblinManager: Failed to register cave at 40,62 (Terrain rejected)
GoblinManager: Failed to register cave at 64,17 (Terrain rejected)
GoblinManager: Failed to register cave at 64,77 (Terrain rejected)
GoblinManager: Failed to register cave at 36,76 (Terrain rejected)
GoblinManager: Failed to register cave at 35,76 (Terrain rejected)
GoblinManager: Failed to register cave at 55,70 (Terrain rejected)
GoblinManager: Failed to register cave at 56,15 (Terrain rejected)
GoblinManager: Failed to register cave at 63,40 (Terrain rejected)
GoblinManager: Failed to register cave at 65,49 (Terrain rejected)
GoblinManager: Failed to register cave at 27,6 (Terrain rejected)
GoblinManager: Failed to register cave at 95,21 (Terrain rejected)
GoblinManager: Failed to register cave at 81,60 (Terrain rejected)
GoblinManager: Failed to register cave at 68,0 (Terrain rejected)
GoblinManager: Failed to register cave at 78,38 (Terrain rejected)
GoblinManager: Failed to register cave at 96,19 (Terrain rejected)
GoblinManager: Failed to register cave at 18,79 (Terrain rejected)
GoblinManager: Failed to register cave at 15,51 (Terrain rejected)
GoblinManager: Failed to register cave at 71,74 (Terrain rejected)
GoblinManager: Failed to register cave at 74,86 (Terrain rejected)
GoblinManager: Failed to register cave at 97,97 (Terrain rejected)
GoblinManager: Failed to register cave at 11,14 (Terrain rejected)
GoblinManager: Failed to register cave at 93,75 (Terrain rejected)
GoblinManager: Failed to register cave at 13,55 (Terrain rejected)
GoblinManager: Failed to register cave at 81,37 (Terrain rejected)
GoblinManager: Failed to register cave at 98,17 (Terrain rejected)
GoblinManager: Failed to register cave at 91,89 (Terrain rejected)
GoblinManager: Failed to register cave at 68,80 (Terrain rejected)
GoblinManager: Failed to register cave at 14,64 (Terrain rejected)
GoblinManager: Failed to register cave at 31,36 (Terrain rejected)
GoblinManager: Failed to register cave at 82,7 (Terrain rejected)
GoblinManager: Failed to register cave at 25,40 (Terrain rejected)
GoblinManager: Failed to register cave at 30,78 (Terrain rejected)
GoblinManager: Failed to register cave at 16,50 (Terrain rejected)
GoblinManager: Failed to register cave at 86,72 (Terrain rejected)
GoblinManager: Failed to register cave at 97,98 (Terrain rejected)
GoblinManager: Failed to register cave at 31,16 (Terrain rejected)
GoblinManager: Failed to register cave at 91,3 (Terrain rejected)
GoblinManager: Failed to register cave at 23,12 (Terrain rejected)
GoblinManager: Failed to register cave at 14,5 (Terrain rejected)
GoblinManager: Failed to register cave at 74,28 (Terrain rejected)
GoblinManager: Failed to register cave at 58,19 (Terrain rejected)
GoblinManager: Failed to register cave at 47,64 (Terrain rejected)
GoblinManager: Failed to register cave at 18,97 (Terrain rejected)
GoblinManager: Failed to register cave at 1,91 (Terrain rejected)
GoblinManager: Failed to register cave at 64,52 (Terrain rejected)
GoblinManager: Failed to register cave at 1,42 (Terrain rejected)
GoblinManager: Failed to register cave at 79,11 (Terrain rejected)
GoblinManager: Failed to register cave at 49,92 (Terrain rejected)
GoblinManager: Failed to register cave at 61,3 (Terrain rejected)
GoblinManager: Failed to register cave at 45,70 (Terrain rejected)
GoblinManager: Failed to register cave at 89,96 (Terrain rejected)
GoblinManager: Failed to register cave at 71,54 (Terrain rejected)
GoblinManager: Failed to register cave at 42,6 (Terrain rejected)
GoblinManager: Failed to register cave at 69,60 (Terrain rejected)
GoblinManager: Failed to register cave at 65,28 (Terrain rejected)
GoblinManager: Failed to register cave at 84,20 (Terrain rejected)
GoblinManager: Failed to register cave at 69,92 (Terrain rejected)
GoblinManager: Failed to register cave at 59,34 (Terrain rejected)
GoblinManager: Failed to register cave at 10,73 (Terrain rejected)
GoblinManager: Failed to register cave at 83,57 (Terrain rejected)
GoblinManager: Failed to register cave at 60,34 (Terrain rejected)
GoblinManager: Failed to register cave at 86,89 (Terrain rejected)
GoblinManager: Failed to register cave at 67,73 (Terrain rejected)
GoblinManager: Failed to register cave at 15,95 (Terrain rejected)
GoblinManager: Failed to register cave at 30,13 (Terrain rejected)
GoblinManager: Failed to register cave at 6,52 (Terrain rejected)
GoblinManager: Failed to register cave at 64,57 (Terrain rejected)
GoblinManager: Failed to register cave at 86,63 (Terrain rejected)
GoblinManager: Failed to register cave at 43,38 (Terrain rejected)
GoblinManager: Failed to register cave at 4,41 (Terrain rejected)
GoblinManager: Failed to register cave at 16,31 (Terrain rejected)
GoblinManager: Failed to register cave at 84,93 (Terrain rejected)
GoblinManager: Failed to register cave at 15,64 (Terrain rejected)
GoblinManager: Failed to register cave at 41,32 (Terrain rejected)
GoblinManager: Failed to register cave at 62,13 (Terrain rejected)
GoblinManager: Failed to register cave at 26,20 (Terrain rejected)
GoblinManager: Failed to register cave at 31,18 (Terrain rejected)
GoblinManager: Failed to register cave at 25,95 (Terrain rejected)
GoblinManager: Failed to register cave at 61,31 (Terrain rejected)
GoblinManager: Failed to register cave at 52,93 (Terrain rejected)
GoblinManager: Failed to register cave at 87,24 (Terrain rejected)
GoblinManager: Failed to register cave at 63,64 (Terrain rejected)
GoblinManager: Failed to register cave at 44,6 (Terrain rejected)
GoblinManager: Failed to register cave at 48,29 (Terrain rejected)
GoblinManager: Failed to register cave at 1,91 (Terrain rejected)
GoblinManager: Failed to register cave at 89,78 (Terrain rejected)
GoblinManager: Failed to register cave at 58,1 (Terrain rejected)
GoblinManager: Failed to register cave at 15,89 (Terrain rejected)
GoblinManager: Failed to register cave at 88,93 (Terrain rejected)
GoblinManager: Failed to register cave at 12,86 (Terrain rejected)
GoblinManager: Failed to register cave at 95,32 (Terrain rejected)
GoblinManager: Failed to register cave at 9,42 (Terrain rejected)
GoblinManager: Failed to register cave at 27,74 (Terrain rejected)
GoblinManager: Failed to register cave at 85,38 (Terrain rejected)
GoblinManager: Failed to register cave at 84,90 (Terrain rejected)
GoblinManager: Failed to register cave at 9,48 (Terrain rejected)
GoblinManager: Failed to register cave at 86,93 (Terrain rejected)
GoblinManager: Failed to register cave at 62,61 (Terrain rejected)
GoblinManager: Failed to register cave at 94,19 (Terrain rejected)
GoblinManager: Failed to register cave at 12,94 (Terrain rejected)
GoblinManager: Failed to register cave at 12,0 (Terrain rejected)
GoblinManager: Failed to register cave at 76,14 (Terrain rejected)
GoblinManager: Failed to register cave at 58,91 (Terrain rejected)
GoblinManager: Failed to register cave at 70,34 (Terrain rejected)
GoblinManager: Failed to register cave at 77,7 (Terrain rejected)
GoblinManager: Failed to register cave at 76,71 (Terrain rejected)
GoblinManager: Failed to register cave at 28,19 (Terrain rejected)
GoblinManager: Failed to register cave at 42,59 (Terrain rejected)
GoblinManager: Failed to register cave at 68,59 (Terrain rejected)
GoblinManager: Failed to register cave at 19,42 (Terrain rejected)
GoblinManager: Failed to register cave at 50,50 (Terrain rejected)
GoblinManager: Failed to register cave at 12,63 (Terrain rejected)
GoblinManager: Failed to register cave at 85,80 (Terrain rejected)
GoblinManager: Failed to register cave at 58,74 (Terrain rejected)
GoblinManager: Failed to register cave at 92,11 (Terrain rejected)
GoblinManager: Failed to register cave at 1,50 (Terrain rejected)
GoblinManager: Failed to register cave at 85,71 (Terrain rejected)
GoblinManager: Failed to register cave at 27,56 (Terrain rejected)
GoblinManager: Failed to register cave at 97,76 (Terrain rejected)
GoblinManager: Failed to register cave at 45,1 (Terrain rejected)
GoblinManager: Failed to register cave at 95,83 (Terrain rejected)
GoblinManager: Failed to register cave at 43,22 (Terrain rejected)
GoblinManager: Failed to register cave at 32,70 (Terrain rejected)
GoblinManager: Failed to register cave at 32,57 (Terrain rejected)
GoblinManager: Failed to register cave at 55,97 (Terrain rejected)
GoblinManager: Failed to register cave at 91,44 (Terrain rejected)
GoblinManager: Failed to register cave at 70,58 (Terrain rejected)
GoblinManager: Failed to register cave at 63,38 (Terrain rejected)
GoblinManager: Failed to register cave at 35,53 (Terrain rejected)
GoblinManager: Failed to register cave at 73,0 (Terrain rejected)
GoblinManager: Failed to register cave at 89,46 (Terrain rejected)
GoblinManager: Failed to register cave at 21,21 (Terrain rejected)
GoblinManager: Failed to register cave at 37,71 (Terrain rejected)
GoblinManager: Failed to register cave at 91,68 (Terrain rejected)
GoblinManager: Failed to register cave at 3,35 (Terrain rejected)
GoblinManager: Failed to register cave at 90,69 (Terrain rejected)
GoblinManager: Failed to register cave at 5,56 (Terrain rejected)
GoblinManager: Failed to register cave at 49,35 (Terrain rejected)
GoblinManager: Failed to register cave at 91,23 (Terrain rejected)
GoblinManager: Failed to register cave at 80,32 (Terrain rejected)
GoblinManager: Failed to register cave at 58,12 (Terrain rejected)
GoblinManager: Failed to register cave at 94,88 (Terrain rejected)
GoblinManager: Failed to register cave at 17,17 (Terrain rejected)
GoblinManager: Failed to register cave at 1,78 (Terrain rejected)
GoblinManager: Failed to register cave at 5,61 (Terrain rejected)
GoblinManager: Failed to register cave at 66,96 (Terrain rejected)
GoblinManager: Failed to register cave at 60,81 (Terrain rejected)
GoblinManager: Failed to register cave at 27,18 (Terrain rejected)
GoblinManager: Failed to register cave at 36,29 (Terrain rejected)
GoblinManager: Failed to register cave at 6,93 (Terrain rejected)
GoblinManager: Failed to register cave at 13,66 (Terrain rejected)
GoblinManager: Failed to register cave at 96,43 (Terrain rejected)
GoblinManager: Failed to register cave at 81,6 (Terrain rejected)
GoblinManager: Failed to register cave at 7,25 (Terrain rejected)
GoblinManager: Failed to register cave at 26,20 (Terrain rejected)
GoblinManager: Failed to register cave at 10,22 (Terrain rejected)
GoblinManager: Failed to register cave at 4,29 (Terrain rejected)
GoblinManager: Failed to register cave at 3,68 (Terrain rejected)
GoblinManager: Failed to register cave at 32,95 (Terrain rejected)
GoblinManager: Failed to register cave at 79,78 (Terrain rejected)
GoblinManager: Failed to register cave at 40,56 (Terrain rejected)
GoblinManager: Failed to register cave at 22,52 (Terrain rejected)
GoblinManager: Failed to register cave at 28,47 (Terrain rejected)
GoblinManager: Failed to register cave at 62,10 (Terrain rejected)
GoblinManager: Failed to register cave at 98,3 (Terrain rejected)
GoblinManager: Failed to register cave at 85,38 (Terrain rejected)
GoblinManager: Failed to register cave at 15,9 (Terrain rejected)
GoblinManager: Failed to register cave at 51,39 (Terrain rejected)
GoblinManager: Failed to register cave at 17,31 (Terrain rejected)
GoblinManager: Failed to register cave at 33,87 (Terrain rejected)
GoblinManager: Failed to register cave at 40,65 (Terrain rejected)
GoblinManager: Failed to register cave at 81,4 (Terrain rejected)
GoblinManager: Failed to register cave at 32,91 (Terrain rejected)
GoblinManager: Failed to register cave at 5,15 (Terrain rejected)
GoblinManager: Failed to register cave at 42,47 (Terrain rejected)
GoblinManager: Failed to register cave at 1,25 (Terrain rejected)
GoblinManager: Failed to register cave at 58,18 (Terrain rejected)
GoblinManager: Failed to register cave at 75,35 (Terrain rejected)
GoblinManager: Failed to register cave at 89,55 (Terrain rejected)
GoblinManager: Failed to register cave at 12,34 (Terrain rejected)
GoblinManager: Failed to register cave at 40,6 (Terrain rejected)
GoblinManager: Failed to register cave at 34,34 (Terrain rejected)
GoblinManager: Failed to register cave at 81,43 (Terrain rejected)
GoblinManager: Failed to register cave at 78,99 (Terrain rejected)
GoblinManager: Failed to register cave at 17,65 (Terrain rejected)
GoblinManager: Failed to register cave at 24,28 (Terrain rejected)
GoblinManager: Failed to register cave at 83,69 (Terrain rejected)
GoblinManager: Failed to register cave at 65,0 (Terrain rejected)
GoblinManager: Failed to register cave at 44,88 (Terrain rejected)
GoblinManager: Failed to register cave at 32,37 (Terrain rejected)
GoblinManager: Failed to register cave at 98,91 (Terrain rejected)
GoblinManager: Failed to register cave at 90,11 (Terrain rejected)
GoblinManager: Failed to register cave at 90,1 (Terrain rejected)
GoblinManager: Failed to register cave at 56,61 (Terrain rejected)
GoblinManager: Failed to register cave at 59,86 (Terrain rejected)
GoblinManager: Failed to register cave at 93,73 (Terrain rejected)
GoblinManager: Failed to register cave at 91,69 (Terrain rejected)
GoblinManager: Failed to register cave at 75,41 (Terrain rejected)
GoblinManager: Failed to register cave at 83,23 (Terrain rejected)
GoblinManager: Failed to register cave at 38,60 (Terrain rejected)
GoblinManager: Failed to register cave at 33,40 (Terrain rejected)
GoblinManager: Failed to register cave at 39,37 (Terrain rejected)
GoblinManager: Failed to register cave at 65,94 (Terrain rejected)
GoblinManager: Failed to register cave at 35,56 (Terrain rejected)
GoblinManager: Failed to register cave at 97,99 (Terrain rejected)
GoblinManager: Failed to register cave at 74,92 (Terrain rejected)
GoblinManager: Failed to register cave at 48,93 (Terrain rejected)
GoblinManager: Failed to register cave at 40,40 (Terrain rejected)
GoblinManager: Failed to register cave at 69,61 (Terrain rejected)
GoblinManager: Failed to register cave at 74,25 (Terrain rejected)
GoblinManager: Failed to register cave at 71,25 (Terrain rejected)
GoblinManager: Failed to register cave at 26,48 (Terrain rejected)
GoblinManager: Failed to register cave at 68,73 (Terrain rejected)
GoblinManager: Failed to register cave at 59,36 (Terrain rejected)
GoblinManager: Failed to register cave at 5,20 (Terrain rejected)
GoblinManager: Failed to register cave at 45,11 (Terrain rejected)
GoblinManager: Failed to register cave at 47,44 (Terrain rejected)
GoblinManager: Failed to register cave at 74,56 (Terrain rejected)
GoblinManager: Failed to register cave at 72,76 (Terrain rejected)
GoblinManager: Failed to register cave at 19,6 (Terrain rejected)
GoblinManager: Failed to register cave at 62,18 (Terrain rejected)
GoblinManager: Failed to register cave at 98,56 (Terrain rejected)
GoblinManager: Failed to register cave at 26,77 (Terrain rejected)
GoblinManager: Failed to register cave at 16,80 (Terrain rejected)
GoblinManager: Failed to register cave at 48,99 (Terrain rejected)
GoblinManager: Failed to register cave at 56,55 (Terrain rejected)
GoblinManager: Failed to register cave at 90,91 (Terrain rejected)
GoblinManager: Failed to register cave at 65,97 (Terrain rejected)
GoblinManager: Failed to register cave at 46,70 (Terrain rejected)
GoblinManager: Failed to register cave at 41,60 (Terrain rejected)
GoblinManager: Failed to register cave at 45,47 (Terrain rejected)
GoblinManager: Failed to register cave at 21,13 (Terrain rejected)
GoblinManager: Failed to register cave at 99,23 (Terrain rejected)
GoblinManager: Failed to register cave at 39,29 (Terrain rejected)
GoblinManager: Failed to register cave at 63,69 (Terrain rejected)
GoblinManager: Failed to register cave at 34,53 (Terrain rejected)
GoblinManager: Failed to register cave at 99,80 (Terrain rejected)
GoblinManager: Failed to register cave at 85,90 (Terrain rejected)
GoblinManager: Failed to register cave at 65,73 (Terrain rejected)
GoblinManager: Failed to register cave at 78,80 (Terrain rejected)
GoblinManager: Failed to register cave at 34,91 (Terrain rejected)
GoblinManager: Failed to register cave at 13,46 (Terrain rejected)
GoblinManager: Failed to register cave at 63,89 (Terrain rejected)
GoblinManager: Failed to register cave at 84,42 (Terrain rejected)
GoblinManager: Failed to register cave at 58,85 (Terrain rejected)
GoblinManager: Failed to register cave at 67,94 (Terrain rejected)
GoblinManager: Failed to register cave at 24,79 (Terrain rejected)
GoblinManager: Failed to register cave at 57,50 (Terrain rejected)
GoblinManager: Failed to register cave at 99,79 (Terrain rejected)
GoblinManager: Failed to register cave at 39,90 (Terrain rejected)
GoblinManager: Failed to register cave at 61,4 (Terrain rejected)
GoblinManager: Failed to register cave at 7,10 (Terrain rejected)
GoblinManager: Failed to register cave at 89,14 (Terrain rejected)
GoblinManager: Failed to register cave at 63,51 (Terrain rejected)
GoblinManager: Failed to register cave at 67,65 (Terrain rejected)
GoblinManager: Failed to register cave at 12,15 (Terrain rejected)
GoblinManager: Failed to register cave at 9,53 (Terrain rejected)
GoblinManager: Failed to register cave at 71,87 (Terrain rejected)
GoblinManager: Failed to register cave at 49,30 (Terrain rejected)
GoblinManager: Failed to register cave at 0,50 (Terrain rejected)
GoblinManager: Failed to register cave at 32,40 (Terrain rejected)
GoblinManager: Failed to register cave at 77,54 (Terrain rejected)
GoblinManager: Failed to register cave at 3,83 (Terrain rejected)
GoblinManager: Failed to register cave at 77,84 (Terrain rejected)
GoblinManager: Failed to register cave at 34,7 (Terrain rejected)
GoblinManager: Failed to register cave at 96,29 (Terrain rejected)
GoblinManager: Failed to register cave at 52,45 (Terrain rejected)
GoblinManager: Failed to register cave at 54,49 (Terrain rejected)
GoblinManager: Failed to register cave at 55,55 (Terrain rejected)
GoblinManager: Failed to register cave at 52,77 (Terrain rejected)
GoblinManager: Failed to register cave at 1,97 (Terrain rejected)
GoblinManager: Failed to register cave at 81,47 (Terrain rejected)
GoblinManager: Failed to register cave at 34,50 (Terrain rejected)
GoblinManager: Failed to register cave at 36,9 (Terrain rejected)
GoblinManager: Failed to register cave at 2,40 (Terrain rejected)
GoblinManager: Failed to register cave at 68,47 (Terrain rejected)
GoblinManager: Failed to register cave at 61,6 (Terrain rejected)
GoblinManager: Failed to register cave at 0,78 (Terrain rejected)
GoblinManager: Failed to register cave at 21,95 (Terrain rejected)
GoblinManager: Failed to register cave at 65,11 (Terrain rejected)
GoblinManager: Failed to register cave at 87,75 (Terrain rejected)
GoblinManager: Failed to register cave at 51,52 (Terrain rejected)
GoblinManager: Failed to register cave at 27,81 (Terrain rejected)
GoblinManager: Failed to register cave at 22,25 (Terrain rejected)
GoblinManager: Failed to register cave at 45,37 (Terrain rejected)
GoblinManager: Failed to register cave at 83,1 (Terrain rejected)
GoblinManager: Failed to register cave at 44,3 (Terrain rejected)
GoblinManager: Failed to register cave at 2,65 (Terrain rejected)
GoblinManager: Failed to register cave at 41,49 (Terrain rejected)
GoblinManager: Failed to register cave at 40,74 (Terrain rejected)
GoblinManager: Failed to register cave at 32,33 (Terrain rejected)
GoblinManager: Failed to register cave at 52,76 (Terrain rejected)
GoblinManager: Failed to register cave at 34,47 (Terrain rejected)
GoblinManager: Failed to register cave at 77,56 (Terrain rejected)
GoblinManager: Failed to register cave at 36,7 (Terrain rejected)
GoblinManager: Failed to register cave at 31,13 (Terrain rejected)
GoblinManager: Failed to register cave at 77,63 (Terrain rejected)
GoblinManager: Failed to register cave at 6,2 (Terrain rejected)
GoblinManager: Failed to register cave at 38,59 (Terrain rejected)
GoblinManager: Failed to register cave at 73,76 (Terrain rejected)
GoblinManager: Failed to register cave at 74,59 (Terrain rejected)
GoblinManager: Failed to register cave at 32,28 (Terrain rejected)
GoblinManager: Failed to register cave at 59,24 (Terrain rejected)
GoblinManager: Failed to register cave at 45,4 (Terrain rejected)
GoblinManager: Failed to register cave at 10,69 (Terrain rejected)
GoblinManager: Failed to register cave at 20,96 (Terrain rejected)
GoblinManager: Failed to register cave at 32,77 (Terrain rejected)
GoblinManager: Failed to register cave at 38,24 (Terrain rejected)
GoblinManager: Failed to register cave at 38,72 (Terrain rejected)
GoblinManager: Failed to register cave at 4,47 (Terrain rejected)
GoblinManager: Failed to register cave at 76,2 (Terrain rejected)
GoblinManager: Failed to register cave at 12,18 (Terrain rejected)
GoblinManager: Failed to register cave at 50,34 (Terrain rejected)
GoblinManager: Failed to register cave at 48,61 (Terrain rejected)
GoblinManager: Failed to register cave at 42,21 (Terrain rejected)
GoblinManager: Failed to register cave at 87,67 (Terrain rejected)
GoblinManager: Failed to register cave at 27,18 (Terrain rejected)
GoblinManager: Failed to register cave at 44,16 (Terrain rejected)
GoblinManager: Failed to register cave at 57,54 (Terrain rejected)
GoblinManager: Failed to register cave at 45,97 (Terrain rejected)
GoblinManager: Failed to register cave at 53,27 (Terrain rejected)
GoblinManager: Failed to register cave at 10,45 (Terrain rejected)
GoblinManager: Failed to register cave at 14,3 (Terrain rejected)
GoblinManager: Failed to register cave at 22,37 (Terrain rejected)
GoblinManager: Failed to register cave at 9,73 (Terrain rejected)
GoblinManager: Failed to register cave at 53,6 (Terrain rejected)
GoblinManager: Failed to register cave at 1,17 (Terrain rejected)
GoblinManager: Failed to register cave at 34,41 (Terrain rejected)
GoblinManager: Failed to register cave at 92,50 (Terrain rejected)
GoblinManager: Failed to register cave at 81,90 (Terrain rejected)
GoblinManager: Failed to register cave at 73,85 (Terrain rejected)
GoblinManager: Failed to register cave at 89,56 (Terrain rejected)
GoblinManager: Failed to register cave at 46,18 (Terrain rejected)
GoblinManager: Failed to register cave at 50,5 (Terrain rejected)
GoblinManager: Failed to register cave at 48,20 (Terrain rejected)
GoblinManager: Failed to register cave at 35,20 (Terrain rejected)
GoblinManager: Failed to register cave at 93,27 (Terrain rejected)
GoblinManager: Failed to register cave at 40,87 (Terrain rejected)
GoblinManager: Failed to register cave at 14,60 (Terrain rejected)
GoblinManager: Failed to register cave at 74,45 (Terrain rejected)
GoblinManager: Failed to register cave at 93,81 (Terrain rejected)
GoblinManager: Failed to register cave at 95,36 (Terrain rejected)
GoblinManager: Failed to register cave at 43,90 (Terrain rejected)
GoblinManager: Failed to register cave at 11,97 (Terrain rejected)
GoblinManager: Failed to register cave at 52,92 (Terrain rejected)
GoblinManager: Failed to register cave at 42,27 (Terrain rejected)
GoblinManager: Failed to register cave at 45,65 (Terrain rejected)
GoblinManager: Failed to register cave at 6,51 (Terrain rejected)
GoblinManager: Failed to register cave at 73,44 (Terrain rejected)
GoblinManager: Failed to register cave at 31,31 (Terrain rejected)
GoblinManager: Failed to register cave at 45,81 (Terrain rejected)
GoblinManager: Failed to register cave at 75,16 (Terrain rejected)
GoblinManager: Failed to register cave at 71,63 (Terrain rejected)
GoblinManager: Failed to register cave at 46,2 (Terrain rejected)
GoblinManager: Failed to register cave at 22,41 (Terrain rejected)
GoblinManager: Failed to register cave at 47,95 (Terrain rejected)
GoblinManager: Failed to register cave at 65,58 (Terrain rejected)
GoblinManager: Failed to register cave at 19,75 (Terrain rejected)
GoblinManager: Failed to register cave at 4,68 (Terrain rejected)
GoblinManager: Failed to register cave at 90,72 (Terrain rejected)
GoblinManager: Failed to register cave at 59,68 (Terrain rejected)
GoblinManager: Failed to register cave at 75,48 (Terrain rejected)
GoblinManager: Failed to register cave at 52,99 (Terrain rejected)
GoblinManager: Failed to register cave at 92,28 (Terrain rejected)
GoblinManager: Failed to register cave at 33,88 (Terrain rejected)
GoblinManager: Failed to register cave at 27,90 (Terrain rejected)
GoblinManager: Failed to register cave at 97,41 (Terrain rejected)
GoblinManager: Failed to register cave at 65,8 (Terrain rejected)
GoblinManager: Failed to register cave at 20,54 (Terrain rejected)
GoblinManager: Failed to register cave at 59,48 (Terrain rejected)
GoblinManager: Failed to register cave at 74,71 (Terrain rejected)
GoblinManager: Failed to register cave at 2,41 (Terrain rejected)
GoblinManager: Failed to register cave at 60,83 (Terrain rejected)
GoblinManager: Failed to register cave at 76,22 (Terrain rejected)
GoblinManager: Failed to register cave at 35,72 (Terrain rejected)
GoblinManager: Failed to register cave at 35,86 (Terrain rejected)
GoblinManager: Failed to register cave at 15,17 (Terrain rejected)
GoblinManager: Failed to register cave at 31,3 (Terrain rejected)
GoblinManager: Failed to register cave at 33,60 (Terrain rejected)
GoblinManager: Failed to register cave at 79,81 (Terrain rejected)
GoblinManager: Failed to register cave at 3,62 (Terrain rejected)
GoblinManager: Failed to register cave at 73,48 (Terrain rejected)
GoblinManager: Failed to register cave at 50,45 (Terrain rejected)
GoblinManager: Failed to register cave at 32,33 (Terrain rejected)
GoblinManager: Failed to register cave at 86,30 (Terrain rejected)
GoblinManager: Failed to register cave at 99,77 (Terrain rejected)
GoblinManager: Failed to register cave at 66,82 (Terrain rejected)
GoblinManager: Failed to register cave at 97,42 (Terrain rejected)
GoblinManager: Failed to register cave at 15,63 (Terrain rejected)
GoblinManager: Failed to register cave at 31,60 (Terrain rejected)
GoblinManager: Failed to register cave at 90,40 (Terrain rejected)
GoblinManager: Failed to register cave at 68,72 (Terrain rejected)
GoblinManager: Failed to register cave at 71,31 (Terrain rejected)
GoblinManager: Failed to register cave at 14,85 (Terrain rejected)
GoblinManager: Failed to register cave at 69,26 (Terrain rejected)
GoblinManager: Failed to register cave at 95,90 (Terrain rejected)
GoblinManager: Failed to register cave at 91,73 (Terrain rejected)
GoblinManager: Failed to register cave at 31,76 (Terrain rejected)
GoblinManager: Failed to register cave at 53,29 (Terrain rejected)
GoblinManager: Failed to register cave at 26,42 (Terrain rejected)
GoblinManager: Failed to register cave at 13,15 (Terrain rejected)
GoblinManager: Failed to register cave at 51,0 (Terrain rejected)
GoblinManager: Failed to register cave at 64,40 (Terrain rejected)
GoblinManager: Failed to register cave at 98,7 (Terrain rejected)
GoblinManager: Failed to register cave at 29,63 (Terrain rejected)
GoblinManager: Failed to register cave at 45,86 (Terrain rejected)
GoblinManager: Failed to register cave at 89,32 (Terrain rejected)
GoblinManager: Failed to register cave at 58,67 (Terrain rejected)
GoblinManager: Failed to register cave at 12,27 (Terrain rejected)
GoblinManager: Failed to register cave at 23,87 (Terrain rejected)
GoblinManager: Failed to register cave at 79,91 (Terrain rejected)
GoblinManager: Failed to register cave at 80,96 (Terrain rejected)
GoblinManager: Failed to register cave at 97,0 (Terrain rejected)
GoblinManager: Failed to register cave at 54,77 (Terrain rejected)
GoblinManager: Failed to register cave at 56,5 (Terrain rejected)
GoblinManager: Failed to register cave at 29,45 (Terrain rejected)
GoblinManager: Failed to register cave at 57,73 (Terrain rejected)
GoblinManager: Failed to register cave at 7,79 (Terrain rejected)
GoblinManager: Failed to register cave at 56,65 (Terrain rejected)
GoblinManager: Failed to register cave at 7,65 (Terrain rejected)
GoblinManager: Failed to register cave at 32,58 (Terrain rejected)
GoblinManager: Failed to register cave at 89,1 (Terrain rejected)
GoblinManager: Failed to register cave at 31,67 (Terrain rejected)
GoblinManager: Failed to register cave at 70,11 (Terrain rejected)
GoblinManager: Failed to register cave at 22,69 (Terrain rejected)
GoblinManager: Failed to register cave at 17,0 (Terrain rejected)
GoblinManager: Failed to register cave at 93,44 (Terrain rejected)
GoblinManager: Failed to register cave at 23,33 (Terrain rejected)
GoblinManager: Failed to register cave at 47,80 (Terrain rejected)
GoblinManager: Failed to register cave at 29,99 (Terrain rejected)
GoblinManager: Failed to register cave at 63,49 (Terrain rejected)
GoblinManager: Failed to register cave at 72,43 (Terrain rejected)
GoblinManager: Failed to register cave at 46,97 (Terrain rejected)
GoblinManager: Failed to register cave at 96,47 (Terrain rejected)
GoblinManager: Failed to register cave at 39,31 (Terrain rejected)
GoblinManager: Failed to register cave at 42,89 (Terrain rejected)
GoblinManager: Failed to register cave at 93,2 (Terrain rejected)
GoblinManager: Failed to register cave at 66,52 (Terrain rejected)
GoblinManager: Failed to register cave at 64,8 (Terrain rejected)
GoblinManager: Failed to register cave at 6,46 (Terrain rejected)
GoblinManager: Failed to register cave at 6,6 (Terrain rejected)
GoblinManager: Failed to register cave at 20,95 (Terrain rejected)
GoblinManager: Failed to register cave at 93,6 (Terrain rejected)
GoblinManager: Failed to register cave at 2,74 (Terrain rejected)
GoblinManager: Failed to register cave at 9,55 (Terrain rejected)
GoblinManager: Failed to register cave at 97,11 (Terrain rejected)
GoblinManager: Failed to register cave at 53,62 (Terrain rejected)
GoblinManager: Failed to register cave at 56,27 (Terrain rejected)
GoblinManager: Failed to register cave at 30,5 (Terrain rejected)
GoblinManager: Failed to register cave at 6,57 (Terrain rejected)
GoblinManager: Failed to register cave at 63,32 (Terrain rejected)
GoblinManager: Failed to register cave at 28,39 (Terrain rejected)
GoblinManager: Failed to register cave at 7,0 (Terrain rejected)
GoblinManager: Failed to register cave at 59,26 (Terrain rejected)
GoblinManager: Failed to register cave at 63,3 (Terrain rejected)
GoblinManager: Failed to register cave at 23,40 (Terrain rejected)
GoblinManager: Failed to register cave at 58,59 (Terrain rejected)
GoblinManager: Failed to register cave at 51,38 (Terrain rejected)
GoblinManager: Failed to register cave at 8,28 (Terrain rejected)
GoblinManager: Failed to register cave at 92,22 (Terrain rejected)
GoblinManager: Failed to register cave at 74,62 (Terrain rejected)
GoblinManager: Failed to register cave at 71,44 (Terrain rejected)
GoblinManager: Failed to register cave at 28,85 (Terrain rejected)
GoblinManager: Failed to register cave at 38,8 (Terrain rejected)
GoblinManager: Failed to register cave at 29,93 (Terrain rejected)
GoblinManager: Failed to register cave at 87,22 (Terrain rejected)
GoblinManager: Failed to register cave at 44,84 (Terrain rejected)
GoblinManager: Failed to register cave at 58,23 (Terrain rejected)
GoblinManager: Failed to register cave at 41,52 (Terrain rejected)
GoblinManager: Failed to register cave at 72,77 (Terrain rejected)
GoblinManager: Failed to register cave at 53,80 (Terrain rejected)
GoblinManager: Failed to register cave at 90,16 (Terrain rejected)
GoblinManager: Failed to register cave at 3,17 (Terrain rejected)
GoblinManager: Failed to register cave at 52,71 (Terrain rejected)
GoblinManager: Failed to register cave at 77,39 (Terrain rejected)
GoblinManager: Failed to register cave at 87,77 (Terrain rejected)
GoblinManager: Failed to register cave at 71,30 (Terrain rejected)
GoblinManager: Failed to register cave at 40,5 (Terrain rejected)
GoblinManager: Failed to register cave at 99,81 (Terrain rejected)
GoblinManager: Failed to register cave at 76,50 (Terrain rejected)
GoblinManager: Failed to register cave at 99,15 (Terrain rejected)
GoblinManager: Failed to register cave at 65,85 (Terrain rejected)
GoblinManager: Failed to register cave at 13,54 (Terrain rejected)
GoblinManager: Failed to register cave at 95,76 (Terrain rejected)
GoblinManager: Failed to register cave at 65,14 (Terrain rejected)
GoblinManager: Failed to register cave at 79,51 (Terrain rejected)
GoblinManager: Failed to register cave at 94,49 (Terrain rejected)
GoblinManager: Failed to register cave at 65,73 (Terrain rejected)
GoblinManager: Failed to register cave at 3,69 (Terrain rejected)
GoblinManager: Failed to register cave at 33,69 (Terrain rejected)
GoblinManager: Failed to register cave at 29,42 (Terrain rejected)
GoblinManager: Failed to register cave at 6,92 (Terrain rejected)
GoblinManager: Failed to register cave at 29,95 (Terrain rejected)
GoblinManager: Failed to register cave at 84,82 (Terrain rejected)
GoblinManager: Failed to register cave at 3,45 (Terrain rejected)
GoblinManager: Failed to register cave at 61,30 (Terrain rejected)
GoblinManager: Failed to register cave at 65,91 (Terrain rejected)
GoblinManager: Failed to register cave at 85,22 (Terrain rejected)
GoblinManager: Failed to register cave at 12,15 (Terrain rejected)
GoblinManager: Failed to register cave at 25,4 (Terrain rejected)
GoblinManager: Failed to register cave at 65,84 (Terrain rejected)
GoblinManager: Failed to register cave at 23,45 (Terrain rejected)
GoblinManager: Failed to register cave at 7,8 (Terrain rejected)
GoblinManager: Failed to register cave at 71,36 (Terrain rejected)
GoblinManager: Failed to register cave at 31,48 (Terrain rejected)
GoblinManager: Failed to register cave at 15,72 (Terrain rejected)
GoblinManager: Failed to register cave at 55,3 (Terrain rejected)
GoblinManager: Failed to register cave at 0,87 (Terrain rejected)
GoblinManager: Failed to register cave at 97,31 (Terrain rejected)
GoblinManager: Failed to register cave at 60,81 (Terrain rejected)
GoblinManager: Failed to register cave at 61,31 (Terrain rejected)
GoblinManager: Failed to register cave at 68,40 (Terrain rejected)
GoblinManager: Failed to register cave at 76,66 (Terrain rejected)
GoblinManager: Failed to register cave at 9,90 (Terrain rejected)
GoblinManager: Failed to register cave at 54,38 (Terrain rejected)
GoblinManager: Failed to register cave at 9,87 (Terrain rejected)
GoblinManager: Failed to register cave at 75,83 (Terrain rejected)
GoblinManager: Failed to register cave at 2,9 (Terrain rejected)
GoblinManager: Failed to register cave at 25,32 (Terrain rejected)
GoblinManager: Failed to register cave at 86,89 (Terrain rejected)
GoblinManager: Failed to register cave at 26,25 (Terrain rejected)
GoblinManager: Failed to register cave at 69,84 (Terrain rejected)
GoblinManager: Failed to register cave at 22,74 (Terrain rejected)
GoblinManager: Failed to register cave at 75,96 (Terrain rejected)
GoblinManager: Failed to register cave at 49,18 (Terrain rejected)
GoblinManager: Failed to register cave at 13,65 (Terrain rejected)
GoblinManager: Failed to register cave at 60,51 (Terrain rejected)
GoblinManager: Failed to register cave at 1,87 (Terrain rejected)
GoblinManager: Failed to register cave at 30,59 (Terrain rejected)
GoblinManager: Failed to register cave at 38,54 (Terrain rejected)
GoblinManager: Failed to register cave at 24,46 (Terrain rejected)
GoblinManager: Failed to register cave at 30,23 (Terrain rejected)
GoblinManager: Failed to register cave at 72,3 (Terrain rejected)
GoblinManager: Failed to register cave at 33,70 (Terrain rejected)
GoblinManager: Failed to register cave at 2,29 (Terrain rejected)
GoblinManager: Failed to register cave at 8,6 (Terrain rejected)
GoblinManager: Failed to register cave at 4,21 (Terrain rejected)
GoblinManager: Failed to register cave at 98,61 (Terrain rejected)
GoblinManager: Failed to register cave at 89,99 (Terrain rejected)
GoblinManager: Failed to register cave at 45,86 (Terrain rejected)
GoblinManager: Failed to register cave at 72,92 (Terrain rejected)
GoblinManager: Failed to register cave at 83,17 (Terrain rejected)
GoblinManager: Failed to register cave at 46,52 (Terrain rejected)
GoblinManager: Failed to register cave at 36,91 (Terrain rejected)
GoblinManager: Failed to register cave at 0,24 (Terrain rejected)
GoblinManager: Failed to register cave at 93,42 (Terrain rejected)
GoblinManager: Failed to register cave at 98,67 (Terrain rejected)
GoblinManager: Failed to register cave at 86,13 (Terrain rejected)
GoblinManager: Failed to register cave at 30,97 (Terrain rejected)
GoblinManager: Failed to register cave at 71,89 (Terrain rejected)
GoblinManager: Failed to register cave at 84,21 (Terrain rejected)
GoblinManager: Failed to register cave at 47,4 (Terrain rejected)
GoblinManager: Failed to register cave at 23,12 (Terrain rejected)
GoblinManager: Failed to register cave at 69,20 (Terrain rejected)
GoblinManager: Failed to register cave at 2,76 (Terrain rejected)
GoblinManager: Failed to register cave at 16,6 (Terrain rejected)
GoblinManager: Failed to register cave at 77,52 (Terrain rejected)
GoblinManager: Failed to register cave at 51,88 (Terrain rejected)
GoblinManager: Failed to register cave at 79,46 (Terrain rejected)
GoblinManager: Failed to register cave at 56,36 (Terrain rejected)
GoblinManager: Failed to register cave at 61,74 (Terrain rejected)
GoblinManager: Failed to register cave at 92,41 (Terrain rejected)
GoblinManager: Failed to register cave at 19,19 (Terrain rejected)
GoblinManager: Failed to register cave at 31,72 (Terrain rejected)
GoblinManager: Failed to register cave at 62,53 (Terrain rejected)
GoblinManager: Failed to register cave at 91,2 (Terrain rejected)
GoblinManager: Failed to register cave at 51,98 (Terrain rejected)
GoblinManager: Failed to register cave at 43,38 (Terrain rejected)
GoblinManager: Failed to register cave at 86,53 (Terrain rejected)
GoblinManager: Failed to register cave at 75,34 (Terrain rejected)
GoblinManager: Failed to register cave at 2,22 (Terrain rejected)
GoblinManager: Failed to register cave at 8,60 (Terrain rejected)
GoblinManager: Failed to register cave at 40,8 (Terrain rejected)
GoblinManager: Failed to register cave at 77,78 (Terrain rejected)
GoblinManager: Failed to register cave at 10,70 (Terrain rejected)
GoblinManager: Failed to register cave at 51,1 (Terrain rejected)
GoblinManager: Failed to register cave at 34,78 (Terrain rejected)
GoblinManager: Failed to register cave at 82,87 (Terrain rejected)
GoblinManager: Failed to register cave at 41,53 (Terrain rejected)
GoblinManager: Failed to register cave at 47,85 (Terrain rejected)
GoblinManager: Failed to register cave at 96,7 (Terrain rejected)
GoblinManager: Failed to register cave at 19,95 (Terrain rejected)
GoblinManager: Failed to register cave at 56,23 (Terrain rejected)
GoblinManager: Failed to register cave at 27,99 (Terrain rejected)
GoblinManager: Failed to register cave at 63,87 (Terrain rejected)
GoblinManager: Failed to register cave at 60,0 (Terrain rejected)
GoblinManager: Failed to register cave at 49,44 (Terrain rejected)
GoblinManager: Failed to register cave at 4,60 (Terrain rejected)
GoblinManager: Failed to register cave at 25,77 (Terrain rejected)
GoblinManager: Failed to register cave at 72,9 (Terrain rejected)
GoblinManager: Failed to register cave at 35,84 (Terrain rejected)
GoblinManager: Failed to register cave at 47,10 (Terrain rejected)
GoblinManager: Failed to register cave at 29,87 (Terrain rejected)
GoblinManager: Failed to register cave at 22,86 (Terrain rejected)
GoblinManager: Failed to register cave at 34,97 (Terrain rejected)
GoblinManager: Failed to register cave at 33,44 (Terrain rejected)
GoblinManager: Failed to register cave at 70,1 (Terrain rejected)
GoblinManager: Failed to register cave at 16,55 (Terrain rejected)
GoblinManager: Failed to register cave at 9,10 (Terrain rejected)
GoblinManager: Failed to register cave at 45,60 (Terrain rejected)
GoblinManager: Failed to register cave at 86,93 (Terrain rejected)
GoblinManager: Failed to register cave at 37,49 (Terrain rejected)
GoblinManager: Failed to register cave at 89,49 (Terrain rejected)
GoblinManager: Failed to register cave at 32,36 (Terrain rejected)
GoblinManager: Failed to register cave at 94,92 (Terrain rejected)
GoblinManager: Failed to register cave at 81,77 (Terrain rejected)
GoblinManager: Failed to register cave at 55,45 (Terrain rejected)
GoblinManager: Failed to register cave at 75,72 (Terrain rejected)
GoblinManager: Failed to register cave at 37,32 (Terrain rejected)
GoblinManager: Failed to register cave at 66,66 (Terrain rejected)
GoblinManager: Failed to register cave at 91,83 (Terrain rejected)
GoblinManager: Failed to register cave at 49,3 (Terrain rejected)
GoblinManager: Failed to register cave at 54,45 (Terrain rejected)
GoblinManager: Failed to register cave at 61,64 (Terrain rejected)
GoblinManager: Failed to register cave at 22,97 (Terrain rejected)
GoblinManager: Failed to register cave at 92,8 (Terrain rejected)
GoblinManager: Failed to register cave at 7,8 (Terrain rejected)
GoblinManager: Failed to register cave at 18,24 (Terrain rejected)
GoblinManager: Failed to register cave at 8,45 (Terrain rejected)
GoblinManager: Failed to register cave at 58,31 (Terrain rejected)
GoblinManager: Failed to register cave at 94,35 (Terrain rejected)
GoblinManager: Failed to register cave at 64,59 (Terrain rejected)
GoblinManager: Failed to register cave at 75,41 (Terrain rejected)
GoblinManager: Failed to register cave at 38,92 (Terrain rejected)
GoblinManager: Failed to register cave at 43,54 (Terrain rejected)
GoblinManager: Failed to register cave at 77,98 (Terrain rejected)
GoblinManager: Failed to register cave at 37,10 (Terrain rejected)
GoblinManager: Failed to register cave at 94,17 (Terrain rejected)
GoblinManager: Failed to register cave at 28,49 (Terrain rejected)
GoblinManager: Failed to register cave at 56,97 (Terrain rejected)
GoblinManager: Failed to register cave at 37,12 (Terrain rejected)
GoblinManager: Failed to register cave at 89,19 (Terrain rejected)
GoblinManager: Failed to register cave at 58,56 (Terrain rejected)
GoblinManager: Failed to register cave at 3,47 (Terrain rejected)
GoblinManager: Failed to register cave at 65,80 (Terrain rejected)
GoblinManager: Failed to register cave at 5,53 (Terrain rejected)
GoblinManager: Failed to register cave at 39,23 (Terrain rejected)
GoblinManager: Failed to register cave at 11,96 (Terrain rejected)
GoblinManager: Failed to register cave at 32,2 (Terrain rejected)
GoblinManager: Failed to register cave at 15,21 (Terrain rejected)
GoblinManager: Failed to register cave at 42,56 (Terrain rejected)
GoblinManager: Failed to register cave at 15,92 (Terrain rejected)
GoblinManager: Failed to register cave at 70,4 (Terrain rejected)
GoblinManager: Failed to register cave at 45,26 (Terrain rejected)
GoblinManager: Failed to register cave at 69,93 (Terrain rejected)
GoblinManager: Failed to register cave at 73,56 (Terrain rejected)
GoblinManager: Failed to register cave at 62,70 (Terrain rejected)
GoblinManager: Failed to register cave at 16,56 (Terrain rejected)
GoblinManager: Failed to register cave at 90,27 (Terrain rejected)
GoblinManager: Failed to register cave at 96,12 (Terrain rejected)
GoblinManager: Failed to register cave at 31,53 (Terrain rejected)
GoblinManager: Failed to register cave at 13,77 (Terrain rejected)
GoblinManager: Failed to register cave at 87,41 (Terrain rejected)
GoblinManager: Failed to register cave at 50,88 (Terrain rejected)
GoblinManager: Failed to register cave at 98,80 (Terrain rejected)
GoblinManager: Failed to register cave at 33,53 (Terrain rejected)
GoblinManager: Failed to register cave at 24,75 (Terrain rejected)
GoblinManager: Failed to register cave at 16,32 (Terrain rejected)
GoblinManager: Failed to register cave at 7,30 (Terrain rejected)
GoblinManager: Failed to register cave at 39,62 (Terrain rejected)
GoblinManager: Failed to register cave at 0,26 (Terrain rejected)
GoblinManager: Failed to register cave at 14,80 (Terrain rejected)
GoblinManager: Failed to register cave at 34,36 (Terrain rejected)
GoblinManager: Failed to register cave at 75,92 (Terrain rejected)
GoblinManager: Failed to register cave at 43,83 (Terrain rejected)
GoblinManager: Failed to register cave at 94,85 (Terrain rejected)
GoblinManager: Failed to register cave at 62,11 (Terrain rejected)
GoblinManager: Failed to register cave at 53,82 (Terrain rejected)
GoblinManager: Failed to register cave at 58,5 (Terrain rejected)
GoblinManager: Failed to register cave at 97,65 (Terrain rejected)
GoblinManager: Failed to register cave at 89,12 (Terrain rejected)
GoblinManager: Failed to register cave at 21,6 (Terrain rejected)
GoblinManager: Failed to register cave at 36,45 (Terrain rejected)
GoblinManager: Failed to register cave at 62,93 (Terrain rejected)
GoblinManager: Failed to register cave at 27,53 (Terrain rejected)
GoblinManager: Failed to register cave at 18,17 (Terrain rejected)
GoblinManager: Failed to register cave at 23,46 (Terrain rejected)
GoblinManager: Failed to register cave at 29,7 (Terrain rejected)
GoblinManager: Failed to register cave at 3,31 (Terrain rejected)
GoblinManager: Failed to register cave at 12,66 (Terrain rejected)
GoblinManager: Failed to register cave at 25,74 (Terrain rejected)
GoblinManager: Failed to register cave at 8,96 (Terrain rejected)
GoblinManager: Failed to register cave at 57,0 (Terrain rejected)
GoblinManager: Failed to register cave at 93,31 (Terrain rejected)
GoblinManager: Failed to register cave at 30,91 (Terrain rejected)
GoblinManager: Failed to register cave at 31,15 (Terrain rejected)
GoblinManager: Failed to register cave at 9,17 (Terrain rejected)
GoblinManager: Failed to register cave at 96,29 (Terrain rejected)
GoblinManager: Failed to register cave at 29,16 (Terrain rejected)
GoblinManager: Failed to register cave at 24,2 (Terrain rejected)
GoblinManager: Failed to register cave at 86,64 (Terrain rejected)
GoblinManager: Failed to register cave at 57,63 (Terrain rejected)
GoblinManager: Failed to register cave at 45,42 (Terrain rejected)
GoblinManager: Failed to register cave at 31,69 (Terrain rejected)
GoblinManager: Failed to register cave at 33,27 (Terrain rejected)
GoblinManager: Failed to register cave at 7,43 (Terrain rejected)
GoblinManager: Failed to register cave at 56,41 (Terrain rejected)
GoblinManager: Failed to register cave at 12,52 (Terrain rejected)
GoblinManager: Failed to register cave at 73,61 (Terrain rejected)
GoblinManager: Failed to register cave at 3,15 (Terrain rejected)
GoblinManager: Failed to register cave at 21,36 (Terrain rejected)
GoblinManager: Failed to register cave at 21,12 (Terrain rejected)
GoblinManager: Failed to register cave at 83,39 (Terrain rejected)
GoblinManager: Failed to register cave at 46,23 (Terrain rejected)
GoblinManager: Failed to register cave at 98,22 (Terrain rejected)
GoblinManager: Failed to register cave at 70,31 (Terrain rejected)
GoblinManager: Failed to register cave at 27,20 (Terrain rejected)
GoblinManager: Failed to register cave at 76,9 (Terrain rejected)
GoblinManager: Failed to register cave at 48,45 (Terrain rejected)
GoblinManager: Failed to register cave at 79,60 (Terrain rejected)
GoblinManager: Failed to register cave at 46,92 (Terrain rejected)
GoblinManager: Failed to register cave at 24,39 (Terrain rejected)
GoblinManager: Failed to register cave at 41,40 (Terrain rejected)
GoblinManager: Failed to register cave at 1,84 (Terrain rejected)
GoblinManager: Failed to register cave at 57,96 (Terrain rejected)
GoblinManager: Failed to register cave at 55,27 (Terrain rejected)
GoblinManager: Failed to register cave at 10,63 (Terrain rejected)
GoblinManager: Failed to register cave at 50,86 (Terrain rejected)
GoblinManager: Failed to register cave at 73,98 (Terrain rejected)
GoblinManager: Failed to register cave at 34,98 (Terrain rejected)
GoblinManager: Failed to register cave at 52,27 (Terrain rejected)
GoblinManager: Failed to register cave at 49,13 (Terrain rejected)
GoblinManager: Failed to register cave at 11,96 (Terrain rejected)
GoblinManager: Failed to register cave at 20,12 (Terrain rejected)
GoblinManager: Failed to register cave at 2,58 (Terrain rejected)
GoblinManager: Failed to register cave at 65,91 (Terrain rejected)
GoblinManager: Failed to register cave at 63,65 (Terrain rejected)
GoblinManager: Failed to register cave at 16,74 (Terrain rejected)
GoblinManager: Failed to register cave at 27,53 (Terrain rejected)
GoblinManager: Failed to register cave at 73,51 (Terrain rejected)
GoblinManager: Failed to register cave at 35,90 (Terrain rejected)
GoblinManager: Failed to register cave at 96,71 (Terrain rejected)
GoblinManager: Failed to register cave at 4,52 (Terrain rejected)
GoblinManager: Failed to register cave at 23,48 (Terrain rejected)
GoblinManager: Failed to register cave at 71,84 (Terrain rejected)
GoblinManager: Failed to register cave at 8,91 (Terrain rejected)
GoblinManager: Failed to register cave at 95,21 (Terrain rejected)
GoblinManager: Failed to register cave at 88,43 (Terrain rejected)
GoblinManager: Failed to register cave at 52,2 (Terrain rejected)
GoblinManager: Failed to register cave at 54,52 (Terrain rejected)
GoblinManager: Failed to register cave at 70,14 (Terrain rejected)
GoblinManager: Failed to register cave at 67,81 (Terrain rejected)
GoblinManager: Failed to register cave at 8,43 (Terrain rejected)
GoblinManager: Failed to register cave at 77,64 (Terrain rejected)
GoblinManager: Failed to register cave at 31,22 (Terrain rejected)
GoblinManager: Failed to register cave at 95,6 (Terrain rejected)
GoblinManager: Failed to register cave at 42,24 (Terrain rejected)
GoblinManager: Failed to register cave at 80,62 (Terrain rejected)
GoblinManager: Failed to register cave at 31,74 (Terrain rejected)
GoblinManager: Failed to register cave at 57,55 (Terrain rejected)
GoblinManager: Failed to register cave at 42,98 (Terrain rejected)
GoblinManager: Failed to register cave at 86,32 (Terrain rejected)
GoblinManager: Failed to register cave at 38,32 (Terrain rejected)
GoblinManager: Failed to register cave at 42,44 (Terrain rejected)
GoblinManager: Failed to register cave at 99,71 (Terrain rejected)
GoblinManager: Failed to register cave at 14,52 (Terrain rejected)
GoblinManager: Failed to register cave at 3,28 (Terrain rejected)
GoblinManager: Failed to register cave at 67,46 (Terrain rejected)
GoblinManager: Failed to register cave at 87,88 (Terrain rejected)
GoblinManager: Failed to register cave at 79,71 (Terrain rejected)
GoblinManager: Failed to register cave at 29,80 (Terrain rejected)
GoblinManager: Failed to register cave at 0,96 (Terrain rejected)
GoblinManager: Failed to register cave at 28,20 (Terrain rejected)
GoblinManager: Failed to register cave at 90,3 (Terrain rejected)
GoblinManager: Failed to register cave at 81,98 (Terrain rejected)
GoblinManager: Failed to register cave at 87,78 (Terrain rejected)
GoblinManager: Failed to register cave at 52,90 (Terrain rejected)
GoblinManager: Failed to register cave at 75,20 (Terrain rejected)
GoblinManager: Failed to register cave at 55,22 (Terrain rejected)
GoblinManager: Failed to register cave at 21,19 (Terrain rejected)
GoblinManager: Failed to register cave at 84,99 (Terrain rejected)
GoblinManager: Failed to register cave at 72,69 (Terrain rejected)
GoblinManager: Failed to register cave at 36,80 (Terrain rejected)
GoblinManager: Failed to register cave at 3,56 (Terrain rejected)
GoblinManager: Failed to register cave at 25,40 (Terrain rejected)
GoblinManager: Failed to register cave at 22,27 (Terrain rejected)
GoblinManager: Failed to register cave at 44,73 (Terrain rejected)
GoblinManager: Failed to register cave at 86,91 (Terrain rejected)
GoblinManager: Failed to register cave at 45,92 (Terrain rejected)
GoblinManager: Failed to register cave at 97,12 (Terrain rejected)
GoblinManager: Failed to register cave at 88,50 (Terrain rejected)
GoblinManager: Failed to register cave at 57,28 (Terrain rejected)
GoblinManager: Failed to register cave at 85,6 (Terrain rejected)
GoblinManager: Failed to register cave at 67,22 (Terrain rejected)
GoblinManager: Failed to register cave at 39,11 (Terrain rejected)
GoblinManager: Failed to register cave at 38,54 (Terrain rejected)
GoblinManager: Failed to register cave at 19,18 (Terrain rejected)
GoblinManager: Failed to register cave at 10,87 (Terrain rejected)
GoblinManager: Failed to register cave at 2,74 (Terrain rejected)
GoblinManager: Failed to register cave at 97,6 (Terrain rejected)
GoblinManager: Failed to register cave at 47,87 (Terrain rejected)
GoblinManager: Failed to register cave at 14,67 (Terrain rejected)
GoblinManager: Failed to register cave at 89,82 (Terrain rejected)
GoblinManager: Failed to register cave at 1,2 (Terrain rejected)
GoblinManager: Failed to register cave at 23,32 (Terrain rejected)
GoblinManager: Failed to register cave at 71,78 (Terrain rejected)
GoblinManager: Failed to register cave at 15,7 (Terrain rejected)
GoblinManager: Failed to register cave at 14,53 (Terrain rejected)
GoblinManager: Failed to register cave at 71,70 (Terrain rejected)
GoblinManager: Failed to register cave at 94,40 (Terrain rejected)
GoblinManager: Failed to register cave at 24,25 (Terrain rejected)
GoblinManager: Failed to register cave at 2,35 (Terrain rejected)
GoblinManager: Failed to register cave at 20,67 (Terrain rejected)
GoblinManager: Failed to register cave at 48,6 (Terrain rejected)
GoblinManager: Failed to register cave at 6,17 (Terrain rejected)
GoblinManager: Failed to register cave at 48,27 (Terrain rejected)
GoblinManager: Failed to register cave at 98,77 (Terrain rejected)
GoblinManager: Failed to register cave at 68,51 (Terrain rejected)
GoblinManager: Failed to register cave at 6,21 (Terrain rejected)
GoblinManager: Failed to register cave at 6,81 (Terrain rejected)
GoblinManager: Failed to register cave at 70,21 (Terrain rejected)
GoblinManager: Failed to register cave at 83,8 (Terrain rejected)
GoblinManager: Failed to register cave at 54,83 (Terrain rejected)
GoblinManager: Failed to register cave at 14,78 (Terrain rejected)
GoblinManager: Failed to register cave at 69,64 (Terrain rejected)
GoblinManager: Failed to register cave at 11,51 (Terrain rejected)
GoblinManager: Failed to register cave at 94,78 (Terrain rejected)
GoblinManager: Failed to register cave at 19,47 (Terrain rejected)
GoblinManager: Failed to register cave at 15,35 (Terrain rejected)
GoblinManager: Failed to register cave at 69,71 (Terrain rejected)
GoblinManager: Failed to register cave at 66,65 (Terrain rejected)
GoblinManager: Failed to register cave at 26,53 (Terrain rejected)
GoblinManager: Failed to register cave at 88,22 (Terrain rejected)
GoblinManager: Failed to register cave at 11,22 (Terrain rejected)
GoblinManager: Failed to register cave at 65,99 (Terrain rejected)
GoblinManager: Failed to register cave at 15,52 (Terrain rejected)
GoblinManager: Failed to register cave at 53,70 (Terrain rejected)
GoblinManager: Failed to register cave at 56,58 (Terrain rejected)
GoblinManager: Failed to register cave at 93,29 (Terrain rejected)
GoblinManager: Failed to register cave at 14,34 (Terrain rejected)
GoblinManager: Failed to register cave at 39,58 (Terrain rejected)
GoblinManager: Failed to register cave at 33,61 (Terrain rejected)
GoblinManager: Failed to register cave at 25,80 (Terrain rejected)
GoblinManager: Failed to register cave at 22,1 (Terrain rejected)
GoblinManager: Failed to register cave at 69,43 (Terrain rejected)
GoblinManager: Failed to register cave at 31,91 (Terrain rejected)
GoblinManager: Failed to register cave at 4,44 (Terrain rejected)
GoblinManager: Failed to register cave at 29,51 (Terrain rejected)
GoblinManager: Failed to register cave at 17,16 (Terrain rejected)
GoblinManager: Failed to register cave at 37,52 (Terrain rejected)
GoblinManager: Failed to register cave at 37,1 (Terrain rejected)
GoblinManager: Failed to register cave at 8,2 (Terrain rejected)
GoblinManager: Failed to register cave at 40,25 (Terrain rejected)
GoblinManager: Failed to register cave at 95,22 (Terrain rejected)
GoblinManager: Failed to register cave at 20,13 (Terrain rejected)
GoblinManager: Failed to register cave at 16,70 (Terrain rejected)
GoblinManager: Failed to register cave at 84,32 (Terrain rejected)
GoblinManager: Failed to register cave at 2,66 (Terrain rejected)
GoblinManager: Failed to register cave at 22,94 (Terrain rejected)
GoblinManager: Failed to register cave at 92,20 (Terrain rejected)
GoblinManager: Failed to register cave at 64,56 (Terrain rejected)
GoblinManager: Failed to register cave at 64,75 (Terrain rejected)
GoblinManager: Failed to register cave at 87,57 (Terrain rejected)
GoblinManager: Failed to register cave at 0,25 (Terrain rejected)
GoblinManager: Failed to register cave at 64,25 (Terrain rejected)
GoblinManager: Failed to register cave at 60,84 (Terrain rejected)
GoblinManager: Failed to register cave at 51,37 (Terrain rejected)
GoblinManager: Failed to register cave at 63,57 (Terrain rejected)
GoblinManager: Failed to register cave at 60,59 (Terrain rejected)
GoblinManager: Failed to register cave at 75,67 (Terrain rejected)
GoblinManager: Failed to register cave at 71,16 (Terrain rejected)
GoblinManager: Failed to register cave at 36,71 (Terrain rejected)
GoblinManager: Failed to register cave at 17,25 (Terrain rejected)
GoblinManager: Failed to register cave at 20,59 (Terrain rejected)
GoblinManager: Failed to register cave at 39,67 (Terrain rejected)
GoblinManager: Failed to register cave at 18,63 (Terrain rejected)
GoblinManager: Failed to register cave at 9,74 (Terrain rejected)
GoblinManager: Failed to register cave at 25,67 (Terrain rejected)
GoblinManager: Failed to register cave at 61,87 (Terrain rejected)
GoblinManager: Failed to register cave at 30,78 (Terrain rejected)
GoblinManager: Failed to register cave at 83,11 (Terrain rejected)
GoblinManager: Failed to register cave at 21,96 (Terrain rejected)
GoblinManager: Failed to register cave at 51,17 (Terrain rejected)
GoblinManager: Failed to register cave at 85,51 (Terrain rejected)
GoblinManager: Failed to register cave at 97,85 (Terrain rejected)
GoblinManager: Failed to register cave at 16,59 (Terrain rejected)
GoblinManager: Failed to register cave at 16,69 (Terrain rejected)
GoblinManager: Failed to register cave at 76,43 (Terrain rejected)
GoblinManager: Failed to register cave at 89,98 (Terrain rejected)
GoblinManager: Failed to register cave at 96,76 (Terrain rejected)
GoblinManager: Failed to register cave at 53,54 (Terrain rejected)
GoblinManager: Failed to register cave at 73,81 (Terrain rejected)
GoblinManager: Failed to register cave at 86,87 (Terrain rejected)
GoblinManager: Failed to register cave at 23,86 (Terrain rejected)
GoblinManager: Failed to register cave at 99,63 (Terrain rejected)
GoblinManager: Failed to register cave at 81,60 (Terrain rejected)
GoblinManager: Failed to register cave at 71,78 (Terrain rejected)
GoblinManager: Failed to register cave at 19,19 (Terrain rejected)
GoblinManager: Failed to register cave at 8,69 (Terrain rejected)
GoblinManager: Failed to register cave at 22,26 (Terrain rejected)
GoblinManager: Failed to register cave at 75,7 (Terrain rejected)
GoblinManager: Failed to register cave at 19,67 (Terrain rejected)
GoblinManager: Failed to register cave at 46,93 (Terrain rejected)
GoblinManager: Failed to register cave at 53,27 (Terrain rejected)
GoblinManager: Failed to register cave at 51,18 (Terrain rejected)
GoblinManager: Failed to register cave at 41,92 (Terrain rejected)
GoblinManager: Failed to register cave at 65,93 (Terrain rejected)
GoblinManager: Failed to register cave at 71,41 (Terrain rejected)
GoblinManager: Failed to register cave at 79,98 (Terrain rejected)
GoblinManager: Failed to register cave at 1,21 (Terrain rejected)
GoblinManager: Failed to register cave at 72,61 (Terrain rejected)
GoblinManager: Failed to register cave at 40,19 (Terrain rejected)
GoblinManager: Failed to register cave at 98,44 (Terrain rejected)
GoblinManager: Failed to register cave at 16,11 (Terrain rejected)
GoblinManager: Failed to register cave at 89,33 (Terrain rejected)
GoblinManager: Failed to register cave at 2,88 (Terrain rejected)
GoblinManager: Failed to register cave at 80,67 (Terrain rejected)
GoblinManager: Failed to register cave at 88,69 (Terrain rejected)
GoblinManager: Failed to register cave at 77,15 (Terrain rejected)
GoblinManager: Failed to register cave at 72,19 (Terrain rejected)
GoblinManager: Failed to register cave at 96,86 (Terrain rejected)
GoblinManager: Failed to register cave at 1,92 (Terrain rejected)
GoblinManager: Failed to register cave at 92,32 (Terrain rejected)
GoblinManager: Failed to register cave at 46,73 (Terrain rejected)
GoblinManager: Failed to register cave at 27,44 (Terrain rejected)
GoblinManager: Failed to register cave at 89,67 (Terrain rejected)
GoblinManager: Failed to register cave at 33,3 (Terrain rejected)
GoblinManager: Failed to register cave at 45,26 (Terrain rejected)
GoblinManager: Failed to register cave at 1,46 (Terrain rejected)
GoblinManager: Failed to register cave at 12,0 (Terrain rejected)
GoblinManager: Failed to register cave at 24,90 (Terrain rejected)
GoblinManager: Failed to register cave at 71,15 (Terrain rejected)
GoblinManager: Failed to register cave at 76,23 (Terrain rejected)
GoblinManager: Failed to register cave at 8,89 (Terrain rejected)
GoblinManager: Failed to register cave at 23,17 (Terrain rejected)
GoblinManager: Failed to register cave at 92,23 (Terrain rejected)
GoblinManager: Failed to register cave at 88,21 (Terrain rejected)
GoblinManager: Failed to register cave at 33,45 (Terrain rejected)
GoblinManager: Failed to register cave at 87,19 (Terrain rejected)
GoblinManager: Failed to register cave at 62,31 (Terrain rejected)
GoblinManager: Failed to register cave at 96,17 (Terrain rejected)
GoblinManager: Failed to register cave at 51,65 (Terrain rejected)
GoblinManager: Failed to register cave at 75,70 (Terrain rejected)
GoblinManager: Failed to register cave at 49,86 (Terrain rejected)
GoblinManager: Failed to register cave at 42,90 (Terrain rejected)
GoblinManager: Failed to register cave at 56,44 (Terrain rejected)
GoblinManager: Failed to register cave at 70,87 (Terrain rejected)
GoblinManager: Failed to register cave at 37,0 (Terrain rejected)
GoblinManager: Failed to register cave at 91,23 (Terrain rejected)
GoblinManager: Failed to register cave at 44,73 (Terrain rejected)
GoblinManager: Failed to register cave at 74,4 (Terrain rejected)
GoblinManager: Failed to register cave at 54,86 (Terrain rejected)
GoblinManager: Failed to register cave at 2,98 (Terrain rejected)
GoblinManager: Failed to register cave at 27,82 (Terrain rejected)
GoblinManager: Failed to register cave at 88,0 (Terrain rejected)
GoblinManager: Failed to register cave at 87,31 (Terrain rejected)
GoblinManager: Failed to register cave at 26,2 (Terrain rejected)
GoblinManager: Failed to register cave at 90,51 (Terrain rejected)
GoblinManager: Failed to register cave at 17,30 (Terrain rejected)
GoblinManager: Failed to register cave at 76,24 (Terrain rejected)
GoblinManager: Failed to register cave at 93,55 (Terrain rejected)
GoblinManager: Failed to register cave at 88,50 (Terrain rejected)
GoblinManager: Failed to register cave at 39,39 (Terrain rejected)
GoblinManager: Failed to register cave at 84,10 (Terrain rejected)
GoblinManager: Failed to register cave at 13,82 (Terrain rejected)
GoblinManager: Failed to register cave at 92,48 (Terrain rejected)
GoblinManager: Failed to register cave at 36,34 (Terrain rejected)
GoblinManager: Failed to register cave at 0,87 (Terrain rejected)
GoblinManager: Failed to register cave at 54,82 (Terrain rejected)
GoblinManager: Failed to register cave at 77,5 (Terrain rejected)
GoblinManager: Failed to register cave at 28,41 (Terrain rejected)
GoblinManager: Failed to register cave at 24,58 (Terrain rejected)
GoblinManager: Failed to register cave at 94,88 (Terrain rejected)
GoblinManager: Failed to register cave at 89,88 (Terrain rejected)
GoblinManager: Failed to register cave at 11,47 (Terrain rejected)
GoblinManager: Failed to register cave at 16,71 (Terrain rejected)
GoblinManager: Failed to register cave at 31,17 (Terrain rejected)
GoblinManager: Failed to register cave at 26,4 (Terrain rejected)
GoblinManager: Failed to register cave at 69,27 (Terrain rejected)
GoblinManager: Failed to register cave at 71,31 (Terrain rejected)
GoblinManager: Failed to register cave at 93,75 (Terrain rejected)
GoblinManager: Failed to register cave at 85,78 (Terrain rejected)
GoblinManager: Failed to register cave at 7,7 (Terrain rejected)
GoblinManager: Failed to register cave at 25,56 (Terrain rejected)
GoblinManager: Failed to register cave at 55,4 (Terrain rejected)
GoblinManager: Failed to register cave at 18,32 (Terrain rejected)
GoblinManager: Failed to register cave at 72,3 (Terrain rejected)
GoblinManager: Failed to register cave at 71,61 (Terrain rejected)
GoblinManager: Failed to register cave at 14,15 (Terrain rejected)
GoblinManager: Failed to register cave at 60,19 (Terrain rejected)
GoblinManager: Failed to register cave at 60,50 (Terrain rejected)
GoblinManager: Failed to register cave at 61,85 (Terrain rejected)
GoblinManager: Failed to register cave at 53,26 (Terrain rejected)
GoblinManager: Failed to register cave at 82,75 (Terrain rejected)
GoblinManager: Failed to register cave at 23,83 (Terrain rejected)
GoblinManager: Failed to register cave at 83,93 (Terrain rejected)
GoblinManager: Failed to register cave at 37,54 (Terrain rejected)
GoblinManager: Failed to register cave at 97,38 (Terrain rejected)
GoblinManager: Failed to register cave at 86,29 (Terrain rejected)
GoblinManager: Failed to register cave at 72,54 (Terrain rejected)
GoblinManager: Failed to register cave at 65,81 (Terrain rejected)
GoblinManager: Failed to register cave at 36,21 (Terrain rejected)
GoblinManager: Failed to register cave at 69,2 (Terrain rejected)
GoblinManager: Failed to register cave at 93,24 (Terrain rejected)
GoblinManager: Failed to register cave at 5,7 (Terrain rejected)
GoblinManager: Failed to register cave at 30,83 (Terrain rejected)
GoblinManager: Failed to register cave at 89,4 (Terrain rejected)
GoblinManager: Failed to register cave at 36,51 (Terrain rejected)
GoblinManager: Failed to register cave at 84,18 (Terrain rejected)
GoblinManager: Failed to register cave at 40,37 (Terrain rejected)
GoblinManager: Failed to register cave at 55,81 (Terrain rejected)
GoblinManager: Failed to register cave at 34,46 (Terrain rejected)
GoblinManager: Failed to register cave at 57,1 (Terrain rejected)
GoblinManager: Failed to register cave at 96,49 (Terrain rejected)
GoblinManager: Failed to register cave at 39,11 (Terrain rejected)
GoblinManager: Failed to register cave at 4,72 (Terrain rejected)
GoblinManager: Failed to register cave at 49,11 (Terrain rejected)
GoblinManager: Failed to register cave at 97,78 (Terrain rejected)
GoblinManager: Failed to register cave at 53,67 (Terrain rejected)
GoblinManager: Failed to register cave at 63,64 (Terrain rejected)
GoblinManager: Failed to register cave at 85,76 (Terrain rejected)
GoblinManager: Failed to register cave at 67,46 (Terrain rejected)
GoblinManager: Failed to register cave at 52,52 (Terrain rejected)
GoblinManager: Failed to register cave at 67,54 (Terrain rejected)
GoblinManager: Failed to register cave at 29,84 (Terrain rejected)
GoblinManager: Failed to register cave at 18,79 (Terrain rejected)
GoblinManager: Failed to register cave at 16,30 (Terrain rejected)
GoblinManager: Failed to register cave at 46,64 (Terrain rejected)
GoblinManager: Failed to register cave at 4,88 (Terrain rejected)
GoblinManager: Failed to register cave at 37,29 (Terrain rejected)
GoblinManager: Failed to register cave at 73,66 (Terrain rejected)
GoblinManager: Failed to register cave at 52,9 (Terrain rejected)
GoblinManager: Failed to register cave at 90,40 (Terrain rejected)
GoblinManager: Failed to register cave at 9,25 (Terrain rejected)
GoblinManager: Failed to register cave at 48,54 (Terrain rejected)
GoblinManager: Failed to register cave at 85,86 (Terrain rejected)
GoblinManager: Failed to register cave at 30,41 (Terrain rejected)
GoblinManager: Failed to register cave at 20,94 (Terrain rejected)
GoblinManager: Failed to register cave at 18,32 (Terrain rejected)
GoblinManager: Failed to register cave at 60,94 (Terrain rejected)
GoblinManager: Failed to register cave at 21,87 (Terrain rejected)
GoblinManager: Failed to register cave at 86,75 (Terrain rejected)
GoblinManager: Failed to register cave at 94,13 (Terrain rejected)
GoblinManager: Failed to register cave at 59,81 (Terrain rejected)
GoblinManager: Failed to register cave at 15,0 (Terrain rejected)
GoblinManager: Failed to register cave at 75,90 (Terrain rejected)
GoblinManager: Failed to register cave at 25,72 (Terrain rejected)
GoblinManager: Failed to register cave at 48,37 (Terrain rejected)
GoblinManager: Failed to register cave at 41,37 (Terrain rejected)
GoblinManager: Failed to register cave at 76,77 (Terrain rejected)
GoblinManager: Failed to register cave at 76,36 (Terrain rejected)
GoblinManager: Failed to register cave at 51,91 (Terrain rejected)
GoblinManager: Failed to register cave at 30,71 (Terrain rejected)
GoblinManager: Failed to register cave at 69,47 (Terrain rejected)
GoblinManager: Failed to register cave at 15,15 (Terrain rejected)
GoblinManager: Failed to register cave at 36,85 (Terrain rejected)
GoblinManager: Failed to register cave at 97,41 (Terrain rejected)
GoblinManager: Failed to register cave at 28,23 (Terrain rejected)
GoblinManager: Failed to register cave at 40,86 (Terrain rejected)
GoblinManager: Failed to register cave at 2,10 (Terrain rejected)
GoblinManager: Failed to register cave at 38,56 (Terrain rejected)
GoblinManager: Failed to register cave at 55,68 (Terrain rejected)
GoblinManager: Failed to register cave at 36,84 (Terrain rejected)
GoblinManager: Failed to register cave at 56,66 (Terrain rejected)
GoblinManager: Failed to register cave at 33,21 (Terrain rejected)
GoblinManager: Failed to register cave at 26,67 (Terrain rejected)
GoblinManager: Failed to register cave at 46,84 (Terrain rejected)
GoblinManager: Failed to register cave at 86,45 (Terrain rejected)
GoblinManager: Failed to register cave at 79,9 (Terrain rejected)
GoblinManager: Failed to register cave at 0,10 (Terrain rejected)
GoblinManager: Failed to register cave at 25,7 (Terrain rejected)
GoblinManager: Failed to register cave at 54,98 (Terrain rejected)
GoblinManager: Failed to register cave at 28,33 (Terrain rejected)
GoblinManager: Failed to register cave at 27,18 (Terrain rejected)
GoblinManager: Failed to register cave at 29,86 (Terrain rejected)
GoblinManager: Failed to register cave at 99,65 (Terrain rejected)
GoblinManager: Failed to register cave at 11,29 (Terrain rejected)
GoblinManager: Failed to register cave at 27,71 (Terrain rejected)
GoblinManager: Failed to register cave at 74,98 (Terrain rejected)
GoblinManager: Failed to register cave at 97,9 (Terrain rejected)
GoblinManager: Failed to register cave at 11,72 (Terrain rejected)
GoblinManager: Failed to register cave at 63,87 (Terrain rejected)
GoblinManager: Failed to register cave at 59,84 (Terrain rejected)
GoblinManager: Failed to register cave at 61,14 (Terrain rejected)
GoblinManager: Failed to register cave at 60,15 (Terrain rejected)
GoblinManager: Failed to register cave at 71,56 (Terrain rejected)
GoblinManager: Failed to register cave at 59,25 (Terrain rejected)
GoblinManager: Failed to register cave at 12,66 (Terrain rejected)
GoblinManager: Failed to register cave at 83,67 (Terrain rejected)
GoblinManager: Failed to register cave at 59,34 (Terrain rejected)
GoblinManager: Failed to register cave at 47,67 (Terrain rejected)
GoblinManager: Failed to register cave at 25,88 (Terrain rejected)
GoblinManager: Failed to register cave at 3,66 (Terrain rejected)
GoblinManager: Failed to register cave at 82,27 (Terrain rejected)
GoblinManager: Failed to register cave at 26,92 (Terrain rejected)
GoblinManager: Failed to register cave at 27,63 (Terrain rejected)
GoblinManager: Failed to register cave at 2,35 (Terrain rejected)
GoblinManager: Failed to register cave at 84,18 (Terrain rejected)
GoblinManager: Failed to register cave at 84,5 (Terrain rejected)
GoblinManager: Failed to register cave at 92,93 (Terrain rejected)
GoblinManager: Failed to register cave at 6,34 (Terrain rejected)
GoblinManager: Failed to register cave at 30,60 (Terrain rejected)
GoblinManager: Failed to register cave at 49,71 (Terrain rejected)
GoblinManager: Failed to register cave at 33,26 (Terrain rejected)
GoblinManager: Failed to register cave at 15,16 (Terrain rejected)
GoblinManager: Failed to register cave at 40,2 (Terrain rejected)
GoblinManager: Failed to register cave at 21,85 (Terrain rejected)
GoblinManager: Failed to register cave at 78,9 (Terrain rejected)
GoblinManager: Failed to register cave at 48,39 (Terrain rejected)
GoblinManager: Failed to register cave at 19,38 (Terrain rejected)
GoblinManager: Failed to register cave at 0,17 (Terrain rejected)
GoblinManager: Failed to register cave at 94,11 (Terrain rejected)
GoblinManager: Failed to register cave at 31,82 (Terrain rejected)
GoblinManager: Failed to register cave at 65,4 (Terrain rejected)
GoblinManager: Failed to register cave at 36,42 (Terrain rejected)
GoblinManager: Failed to register cave at 32,27 (Terrain rejected)
GoblinManager: Failed to register cave at 75,51 (Terrain rejected)
GoblinManager: Failed to register cave at 95,46 (Terrain rejected)
GoblinManager: Failed to register cave at 42,42 (Terrain rejected)
GoblinManager: Failed to register cave at 84,57 (Terrain rejected)
GoblinManager: Failed to register cave at 98,6 (Terrain rejected)
GoblinManager: Failed to register cave at 92,77 (Terrain rejected)
GoblinManager: Failed to register cave at 61,85 (Terrain rejected)
GoblinManager: Failed to register cave at 81,26 (Terrain rejected)
GoblinManager: Failed to register cave at 58,63 (Terrain rejected)
GoblinManager: Failed to register cave at 85,1 (Terrain rejected)
GoblinManager: Failed to register cave at 86,64 (Terrain rejected)
GoblinManager: Failed to register cave at 4,5 (Terrain rejected)
GoblinManager: Failed to register cave at 92,31 (Terrain rejected)
GoblinManager: Failed to register cave at 43,46 (Terrain rejected)
GoblinManager: Failed to register cave at 75,48 (Terrain rejected)
GoblinManager: Failed to register cave at 39,30 (Terrain rejected)
GoblinManager: Failed to register cave at 77,52 (Terrain rejected)
GoblinManager: Failed to register cave at 78,29 (Terrain rejected)
GoblinManager: Failed to register cave at 85,3 (Terrain rejected)
GoblinManager: Failed to register cave at 63,93 (Terrain rejected)
GoblinManager: Failed to register cave at 99,78 (Terrain rejected)
GoblinManager: Failed to register cave at 96,70 (Terrain rejected)
GoblinManager: Failed to register cave at 89,57 (Terrain rejected)
GoblinManager: Failed to register cave at 15,2 (Terrain rejected)
GoblinManager: Failed to register cave at 3,16 (Terrain rejected)
GoblinManager: Failed to register cave at 45,62 (Terrain rejected)
GoblinManager: Failed to register cave at 44,92 (Terrain rejected)
GoblinManager: Failed to register cave at 69,35 (Terrain rejected)
GoblinManager: Failed to register cave at 28,19 (Terrain rejected)
GoblinManager: Failed to register cave at 59,6 (Terrain rejected)
GoblinManager: Failed to register cave at 66,7 (Terrain rejected)
GoblinManager: Failed to register cave at 54,86 (Terrain rejected)
GoblinManager: Failed to register cave at 67,47 (Terrain rejected)
GoblinManager: Failed to register cave at 58,1 (Terrain rejected)
GoblinManager: Failed to register cave at 99,75 (Terrain rejected)
GoblinManager: Failed to register cave at 93,71 (Terrain rejected)
GoblinManager: Failed to register cave at 79,23 (Terrain rejected)
GoblinManager: Failed to register cave at 95,62 (Terrain rejected)
GoblinManager: Failed to register cave at 34,55 (Terrain rejected)
GoblinManager: Failed to register cave at 69,67 (Terrain rejected)
GoblinManager: Failed to register cave at 96,44 (Terrain rejected)
GoblinManager: Failed to register cave at 26,13 (Terrain rejected)
GoblinManager: Failed to register cave at 29,3 (Terrain rejected)
GoblinManager: Failed to register cave at 13,20 (Terrain rejected)
GoblinManager: Failed to register cave at 33,49 (Terrain rejected)
GoblinManager: Failed to register cave at 17,69 (Terrain rejected)
GoblinManager: Failed to register cave at 82,52 (Terrain rejected)
GoblinManager: Failed to register cave at 85,51 (Terrain rejected)
GoblinManager: Failed to register cave at 57,18 (Terrain rejected)
GoblinManager: Failed to register cave at 36,19 (Terrain rejected)
GoblinManager: Failed to register cave at 85,76 (Terrain rejected)
GoblinManager: Failed to register cave at 98,20 (Terrain rejected)
GoblinManager: Failed to register cave at 68,35 (Terrain rejected)
GoblinManager: Failed to register cave at 17,66 (Terrain rejected)
GoblinManager: Failed to register cave at 28,45 (Terrain rejected)
GoblinManager: Failed to register cave at 8,53 (Terrain rejected)
GoblinManager: Failed to register cave at 32,17 (Terrain rejected)
GoblinManager: Failed to register cave at 24,68 (Terrain rejected)
GoblinManager: Failed to register cave at 96,73 (Terrain rejected)
GoblinManager: Failed to register cave at 0,82 (Terrain rejected)
GoblinManager: Failed to register cave at 92,19 (Terrain rejected)
GoblinManager: Failed to register cave at 66,73 (Terrain rejected)
GoblinManager: Failed to register cave at 59,40 (Terrain rejected)
GoblinManager: Failed to register cave at 97,7 (Terrain rejected)
GoblinManager: Failed to register cave at 66,4 (Terrain rejected)
GoblinManager: Failed to register cave at 67,17 (Terrain rejected)
GoblinManager: Failed to register cave at 9,83 (Terrain rejected)
GoblinManager: Failed to register cave at 66,12 (Terrain rejected)
GoblinManager: Failed to register cave at 92,51 (Terrain rejected)
GoblinManager: Failed to register cave at 56,69 (Terrain rejected)
GoblinManager: Failed to register cave at 68,80 (Terrain rejected)
GoblinManager: Failed to register cave at 8,79 (Terrain rejected)
GoblinManager: Failed to register cave at 45,78 (Terrain rejected)
GoblinManager: Failed to register cave at 26,66 (Terrain rejected)
GoblinManager: Failed to register cave at 30,24 (Terrain rejected)
GoblinManager: Failed to register cave at 3,83 (Terrain rejected)
GoblinManager: Failed to register cave at 29,39 (Terrain rejected)
GoblinManager: Failed to register cave at 80,63 (Terrain rejected)
GoblinManager: Failed to register cave at 44,88 (Terrain rejected)
GoblinManager: Failed to register cave at 14,1 (Terrain rejected)
GoblinManager: Failed to register cave at 41,78 (Terrain rejected)
GoblinManager: Failed to register cave at 59,74 (Terrain rejected)
GoblinManager: Failed to register cave at 53,90 (Terrain rejected)
GoblinManager: Failed to register cave at 92,80 (Terrain rejected)
GoblinManager: Failed to register cave at 91,56 (Terrain rejected)
GoblinManager: Failed to register cave at 97,22 (Terrain rejected)
GoblinManager: Failed to register cave at 25,18 (Terrain rejected)
GoblinManager: Failed to register cave at 27,98 (Terrain rejected)
GoblinManager: Failed to register cave at 84,80 (Terrain rejected)
GoblinManager: Failed to register cave at 93,78 (Terrain rejected)
GoblinManager: Failed to register cave at 16,65 (Terrain rejected)
GoblinManager: Failed to register cave at 76,4 (Terrain rejected)
GoblinManager: Failed to register cave at 19,48 (Terrain rejected)
GoblinManager: Failed to register cave at 99,28 (Terrain rejected)
GoblinManager: Failed to register cave at 27,43 (Terrain rejected)
GoblinManager: Failed to register cave at 58,12 (Terrain rejected)
GoblinManager: Failed to register cave at 95,34 (Terrain rejected)
GoblinManager: Failed to register cave at 95,83 (Terrain rejected)
GoblinManager: Failed to register cave at 7,57 (Terrain rejected)
GoblinManager: Failed to register cave at 78,34 (Terrain rejected)
GoblinManager: Failed to register cave at 96,91 (Terrain rejected)
GoblinManager: Failed to register cave at 19,33 (Terrain rejected)
GoblinManager: Failed to register cave at 6,27 (Terrain rejected)
GoblinManager: Failed to register cave at 14,92 (Terrain rejected)
GoblinManager: Failed to register cave at 28,7 (Terrain rejected)
GoblinManager: Failed to register cave at 13,7 (Terrain rejected)
GoblinManager: Failed to register cave at 19,16 (Terrain rejected)
GoblinManager: Failed to register cave at 94,34 (Terrain rejected)
GoblinManager: Failed to register cave at 66,41 (Terrain rejected)
GoblinManager: Failed to register cave at 69,49 (Terrain rejected)
GoblinManager: Failed to register cave at 7,45 (Terrain rejected)
GoblinManager: Failed to register cave at 82,50 (Terrain rejected)
GoblinManager: Failed to register cave at 30,40 (Terrain rejected)
GoblinManager: Failed to register cave at 54,96 (Terrain rejected)
GoblinManager: Failed to register cave at 41,81 (Terrain rejected)
GoblinManager: Failed to register cave at 20,14 (Terrain rejected)
GoblinManager: Failed to register cave at 35,73 (Terrain rejected)
GoblinManager: Failed to register cave at 32,10 (Terrain rejected)
GoblinManager: Failed to register cave at 27,68 (Terrain rejected)
GoblinManager: Failed to register cave at 64,46 (Terrain rejected)
GoblinManager: Failed to register cave at 46,13 (Terrain rejected)
GoblinManager: Failed to register cave at 50,40 (Terrain rejected)
GoblinManager: Failed to register cave at 30,7 (Terrain rejected)
GoblinManager: Failed to register cave at 92,48 (Terrain rejected)
GoblinManager: Failed to register cave at 63,8 (Terrain rejected)
GoblinManager: Failed to register cave at 68,49 (Terrain rejected)
GoblinManager: Failed to register cave at 22,31 (Terrain rejected)
GoblinManager: Failed to register cave at 65,7 (Terrain rejected)
GoblinManager: Failed to register cave at 20,56 (Terrain rejected)
GoblinManager: Failed to register cave at 79,36 (Terrain rejected)
GoblinManager: Failed to register cave at 32,78 (Terrain rejected)
GoblinManager: Failed to register cave at 93,24 (Terrain rejected)
GoblinManager: Failed to register cave at 61,75 (Terrain rejected)
GoblinManager: Failed to register cave at 33,56 (Terrain rejected)
GoblinManager: Failed to register cave at 66,76 (Terrain rejected)
GoblinManager: Failed to register cave at 57,3 (Terrain rejected)
GoblinManager: Failed to register cave at 67,68 (Terrain rejected)
GoblinManager: Failed to register cave at 38,22 (Terrain rejected)
GoblinManager: Failed to register cave at 91,53 (Terrain rejected)
GoblinManager: Failed to register cave at 79,66 (Terrain rejected)
GoblinManager: Failed to register cave at 86,69 (Terrain rejected)
GoblinManager: Failed to register cave at 70,17 (Terrain rejected)
GoblinManager: Failed to register cave at 29,83 (Terrain rejected)
GoblinManager: Failed to register cave at 75,43 (Terrain rejected)
GoblinManager: Failed to register cave at 93,3 (Terrain rejected)
GoblinManager: Failed to register cave at 60,46 (Terrain rejected)
GoblinManager: Failed to register cave at 43,51 (Terrain rejected)
GoblinManager: Failed to register cave at 22,13 (Terrain rejected)
GoblinManager: Failed to register cave at 64,95 (Terrain rejected)
GoblinManager: Failed to register cave at 4,42 (Terrain rejected)
GoblinManager: Failed to register cave at 73,92 (Terrain rejected)
GoblinManager: Failed to register cave at 8,93 (Terrain rejected)
GoblinManager: Failed to register cave at 35,9 (Terrain rejected)
GoblinManager: Failed to register cave at 56,52 (Terrain rejected)
GoblinManager: Failed to register cave at 46,81 (Terrain rejected)
GoblinManager: Failed to register cave at 57,78 (Terrain rejected)
GoblinManager: Failed to register cave at 51,39 (Terrain rejected)
GoblinManager: Failed to register cave at 60,51 (Terrain rejected)
GoblinManager: Failed to register cave at 51,3 (Terrain rejected)
GoblinManager: Failed to register cave at 10,44 (Terrain rejected)
GoblinManager: Failed to register cave at 64,78 (Terrain rejected)
GoblinManager: Failed to register cave at 67,83 (Terrain rejected)
GoblinManager: Failed to register cave at 35,66 (Terrain rejected)
GoblinManager: Failed to register cave at 10,92 (Terrain rejected)
GoblinManager: Failed to register cave at 76,17 (Terrain rejected)
GoblinManager: Failed to register cave at 2,0 (Terrain rejected)
GoblinManager: Failed to register cave at 31,4 (Terrain rejected)
GoblinManager: Failed to register cave at 73,1 (Terrain rejected)
GoblinManager: Failed to register cave at 34,23 (Terrain rejected)
GoblinManager: Failed to register cave at 94,8 (Terrain rejected)
GoblinManager: Failed to register cave at 15,27 (Terrain rejected)
GoblinManager: Failed to register cave at 48,82 (Terrain rejected)
GoblinManager: Failed to register cave at 67,38 (Terrain rejected)
GoblinManager: Failed to register cave at 42,86 (Terrain rejected)
GoblinManager: Failed to register cave at 54,50 (Terrain rejected)
GoblinManager: Failed to register cave at 53,36 (Terrain rejected)
GoblinManager: Failed to register cave at 67,55 (Terrain rejected)
GoblinManager: Failed to register cave at 3,53 (Terrain rejected)
GoblinManager: Failed to register cave at 58,88 (Terrain rejected)
GoblinManager: Failed to register cave at 69,36 (Terrain rejected)
GoblinManager: Failed to register cave at 24,1 (Terrain rejected)
GoblinManager: Failed to register cave at 65,83 (Terrain rejected)
GoblinManager: Failed to register cave at 25,73 (Terrain rejected)
GoblinManager: Failed to register cave at 55,49 (Terrain rejected)
GoblinManager: Failed to register cave at 22,33 (Terrain rejected)
GoblinManager: Failed to register cave at 82,57 (Terrain rejected)
GoblinManager: Failed to register cave at 65,3 (Terrain rejected)
GoblinManager: Failed to register cave at 84,97 (Terrain rejected)
GoblinManager: Failed to register cave at 15,82 (Terrain rejected)
GoblinManager: Failed to register cave at 33,79 (Terrain rejected)
GoblinManager: Failed to register cave at 43,7 (Terrain rejected)
GoblinManager: Failed to register cave at 48,65 (Terrain rejected)
GoblinManager: Failed to register cave at 10,26 (Terrain rejected)
GoblinManager: Failed to register cave at 59,46 (Terrain rejected)
GoblinManager: Failed to register cave at 59,34 (Terrain rejected)
GoblinManager: Failed to register cave at 2,61 (Terrain rejected)
GoblinManager: Failed to register cave at 92,26 (Terrain rejected)
GoblinManager: Failed to register cave at 4,5 (Terrain rejected)
GoblinManager: Failed to register cave at 84,87 (Terrain rejected)
GoblinManager: Failed to register cave at 32,70 (Terrain rejected)
GoblinManager: Failed to register cave at 12,35 (Terrain rejected)
GoblinManager: Failed to register cave at 16,15 (Terrain rejected)
GoblinManager: Failed to register cave at 46,29 (Terrain rejected)
GoblinManager: Failed to register cave at 84,69 (Terrain rejected)
GoblinManager: Failed to register cave at 16,38 (Terrain rejected)
GoblinManager: Failed to register cave at 33,92 (Terrain rejected)
GoblinManager: Failed to register cave at 17,39 (Terrain rejected)
GoblinManager: Failed to register cave at 52,29 (Terrain rejected)
GoblinManager: Failed to register cave at 9,76 (Terrain rejected)
GoblinManager: Failed to register cave at 97,96 (Terrain rejected)
GoblinManager: Failed to register cave at 41,19 (Terrain rejected)
GoblinManager: Failed to register cave at 71,60 (Terrain rejected)
GoblinManager: Failed to register cave at 75,80 (Terrain rejected)
GoblinManager: Failed to register cave at 72,39 (Terrain rejected)
GoblinManager: Failed to register cave at 45,61 (Terrain rejected)
GoblinManager: Failed to register cave at 19,65 (Terrain rejected)
GoblinManager: Failed to register cave at 23,11 (Terrain rejected)
GoblinManager: Failed to register cave at 64,1 (Terrain rejected)
GoblinManager: Failed to register cave at 48,5 (Terrain rejected)
GoblinManager: Failed to register cave at 10,8 (Terrain rejected)
GoblinManager: Failed to register cave at 65,91 (Terrain rejected)
GoblinManager: Failed to register cave at 95,7 (Terrain rejected)
GoblinManager: Failed to register cave at 78,96 (Terrain rejected)
GoblinManager: Failed to register cave at 34,57 (Terrain rejected)
GoblinManager: Failed to register cave at 71,99 (Terrain rejected)
GoblinManager: Failed to register cave at 90,16 (Terrain rejected)
GoblinManager: Failed to register cave at 24,46 (Terrain rejected)
GoblinManager: Failed to register cave at 42,7 (Terrain rejected)
GoblinManager: Failed to register cave at 98,84 (Terrain rejected)
GoblinManager: Failed to register cave at 29,16 (Terrain rejected)
GoblinManager: Failed to register cave at 53,90 (Terrain rejected)
GoblinManager: Failed to register cave at 66,9 (Terrain rejected)
GoblinManager: Failed to register cave at 8,40 (Terrain rejected)
GoblinManager: Failed to register cave at 2,99 (Terrain rejected)
GoblinManager: Failed to register cave at 30,50 (Terrain rejected)
GoblinManager: Failed to register cave at 23,40 (Terrain rejected)
GoblinManager: Failed to register cave at 56,40 (Terrain rejected)
GoblinManager: Failed to register cave at 17,43 (Terrain rejected)
GoblinManager: Failed to register cave at 60,69 (Terrain rejected)
GoblinManager: Failed to register cave at 3,35 (Terrain rejected)
GoblinManager: Failed to register cave at 82,21 (Terrain rejected)
GoblinManager: Failed to register cave at 49,5 (Terrain rejected)
GoblinManager: Failed to register cave at 69,19 (Terrain rejected)
GoblinManager: Failed to register cave at 87,40 (Terrain rejected)
GoblinManager: Failed to register cave at 32,82 (Terrain rejected)
GoblinManager: Failed to register cave at 27,5 (Terrain rejected)
GoblinManager: Failed to register cave at 86,76 (Terrain rejected)
GoblinManager: Failed to register cave at 28,88 (Terrain rejected)
GoblinManager: Failed to register cave at 26,3 (Terrain rejected)
GoblinManager: Failed to register cave at 53,99 (Terrain rejected)
GoblinManager: Failed to register cave at 78,66 (Terrain rejected)
GoblinManager: Failed to register cave at 90,11 (Terrain rejected)
GoblinManager: Failed to register cave at 23,14 (Terrain rejected)
GoblinManager: Failed to register cave at 33,34 (Terrain rejected)
GoblinManager: Failed to register cave at 63,7 (Terrain rejected)
GoblinManager: Failed to register cave at 1,83 (Terrain rejected)
GoblinManager: Failed to register cave at 11,18 (Terrain rejected)
GoblinManager: Failed to register cave at 98,65 (Terrain rejected)
GoblinManager: Failed to register cave at 82,64 (Terrain rejected)
GoblinManager: Failed to register cave at 87,72 (Terrain rejected)
GoblinManager: Failed to register cave at 61,25 (Terrain rejected)
GoblinManager: Failed to register cave at 21,48 (Terrain rejected)
GoblinManager: Failed to register cave at 54,21 (Terrain rejected)
GoblinManager: Failed to register cave at 44,65 (Terrain rejected)
GoblinManager: Failed to register cave at 74,60 (Terrain rejected)
GoblinManager: Failed to register cave at 69,98 (Terrain rejected)
GoblinManager: Failed to register cave at 38,11 (Terrain rejected)
GoblinManager: Failed to register cave at 49,75 (Terrain rejected)
GoblinManager: Failed to register cave at 81,64 (Terrain rejected)
GoblinManager: Failed to register cave at 64,3 (Terrain rejected)
GoblinManager: Failed to register cave at 24,87 (Terrain rejected)
GoblinManager: Failed to register cave at 97,29 (Terrain rejected)
GoblinManager: Failed to register cave at 3,80 (Terrain rejected)
GoblinManager: Failed to register cave at 64,91 (Terrain rejected)
GoblinManager: Failed to register cave at 75,66 (Terrain rejected)
GoblinManager: Failed to register cave at 68,35 (Terrain rejected)
GoblinManager: Failed to register cave at 87,70 (Terrain rejected)
GoblinManager: Failed to register cave at 79,31 (Terrain rejected)
GoblinManager: Failed to register cave at 65,21 (Terrain rejected)
GoblinManager: Failed to register cave at 64,7 (Terrain rejected)
GoblinManager: Failed to register cave at 44,19 (Terrain rejected)
GoblinManager: Failed to register cave at 31,0 (Terrain rejected)
GoblinManager: Failed to register cave at 57,15 (Terrain rejected)
GoblinManager: Failed to register cave at 14,96 (Terrain rejected)
GoblinManager: Failed to register cave at 61,85 (Terrain rejected)
GoblinManager: Failed to register cave at 47,26 (Terrain rejected)
GoblinManager: Failed to register cave at 21,91 (Terrain rejected)
GoblinManager: Failed to register cave at 20,30 (Terrain rejected)
GoblinManager: Failed to register cave at 44,3 (Terrain rejected)
GoblinManager: Failed to register cave at 5,73 (Terrain rejected)
GoblinManager: Failed to register cave at 24,15 (Terrain rejected)
GoblinManager: Failed to register cave at 28,45 (Terrain rejected)
GoblinManager: Failed to register cave at 5,95 (Terrain rejected)
GoblinManager: Failed to register cave at 6,90 (Terrain rejected)
GoblinManager: Failed to register cave at 71,43 (Terrain rejected)
GoblinManager: Failed to register cave at 52,33 (Terrain rejected)
GoblinManager: Failed to register cave at 70,29 (Terrain rejected)
GoblinManager: Failed to register cave at 71,95 (Terrain rejected)
GoblinManager: Failed to register cave at 66,42 (Terrain rejected)
GoblinManager: Failed to register cave at 98,69 (Terrain rejected)
GoblinManager: Failed to register cave at 15,60 (Terrain rejected)
GoblinManager: Failed to register cave at 47,96 (Terrain rejected)
GoblinManager: Failed to register cave at 6,98 (Terrain rejected)
GoblinManager: Failed to register cave at 52,61 (Terrain rejected)
GoblinManager: Failed to register cave at 4,48 (Terrain rejected)
GoblinManager: Failed to register cave at 23,22 (Terrain rejected)
GoblinManager: Failed to register cave at 39,79 (Terrain rejected)
GoblinManager: Failed to register cave at 86,44 (Terrain rejected)
GoblinManager: Failed to register cave at 22,93 (Terrain rejected)
GoblinManager: Failed to register cave at 51,35 (Terrain rejected)
GoblinManager: Failed to register cave at 66,11 (Terrain rejected)
GoblinManager: Failed to register cave at 60,77 (Terrain rejected)
GoblinManager: Failed to register cave at 6,79 (Terrain rejected)
GoblinManager: Failed to register cave at 86,86 (Terrain rejected)
GoblinManager: Failed to register cave at 65,85 (Terrain rejected)
GoblinManager: Failed to register cave at 76,1 (Terrain rejected)
GoblinManager: Failed to register cave at 76,48 (Terrain rejected)
GoblinManager: Failed to register cave at 18,80 (Terrain rejected)
GoblinManager: Failed to register cave at 19,19 (Terrain rejected)
GoblinManager: Failed to register cave at 61,57 (Terrain rejected)
GoblinManager: Failed to register cave at 12,69 (Terrain rejected)
GoblinManager: Failed to register cave at 86,29 (Terrain rejected)
GoblinManager: Failed to register cave at 79,9 (Terrain rejected)
GoblinManager: Failed to register cave at 48,82 (Terrain rejected)
GoblinManager: Failed to register cave at 72,20 (Terrain rejected)
GoblinManager: Failed to register cave at 59,83 (Terrain rejected)
GoblinManager: Failed to register cave at 57,14 (Terrain rejected)
GoblinManager: Failed to register cave at 25,60 (Terrain rejected)
GoblinManager: Failed to register cave at 20,21 (Terrain rejected)
GoblinManager: Failed to register cave at 28,60 (Terrain rejected)
GoblinManager: Failed to register cave at 91,52 (Terrain rejected)
GoblinManager: Failed to register cave at 71,18 (Terrain rejected)
GoblinManager: Failed to register cave at 51,50 (Terrain rejected)
GoblinManager: Failed to register cave at 53,42 (Terrain rejected)
GoblinManager: Failed to register cave at 4,59 (Terrain rejected)
GoblinManager: Failed to register cave at 60,26 (Terrain rejected)
GoblinManager: Failed to register cave at 18,24 (Terrain rejected)
GoblinManager: Failed to register cave at 66,73 (Terrain rejected)
GoblinManager: Failed to register cave at 45,30 (Terrain rejected)
GoblinManager: Failed to register cave at 78,68 (Terrain rejected)
GoblinManager: Failed to register cave at 8,19 (Terrain rejected)
GoblinManager: Failed to register cave at 66,37 (Terrain rejected)
GoblinManager: Failed to register cave at 45,90 (Terrain rejected)
GoblinManager: Failed to register cave at 57,77 (Terrain rejected)
GoblinManager: Failed to register cave at 6,33 (Terrain rejected)
GoblinManager: Failed to register cave at 0,48 (Terrain rejected)
GoblinManager: Failed to register cave at 47,57 (Terrain rejected)
GoblinManager: Failed to register cave at 10,72 (Terrain rejected)
GoblinManager: Failed to register cave at 24,87 (Terrain rejected)
GoblinManager: Failed to register cave at 24,71 (Terrain rejected)
GoblinManager: Failed to register cave at 35,46 (Terrain rejected)
GoblinManager: Failed to register cave at 58,5 (Terrain rejected)
GoblinManager: Failed to register cave at 88,99 (Terrain rejected)
GoblinManager: Failed to register cave at 86,27 (Terrain rejected)
GoblinManager: Failed to register cave at 14,40 (Terrain rejected)
GoblinManager: Failed to register cave at 91,27 (Terrain rejected)
GoblinManager: Failed to register cave at 83,55 (Terrain rejected)
GoblinManager: Failed to register cave at 38,23 (Terrain rejected)
GoblinManager: Failed to register cave at 31,15 (Terrain rejected)
GoblinManager: Failed to register cave at 25,83 (Terrain rejected)
GoblinManager: Failed to register cave at 0,16 (Terrain rejected)
GoblinManager: Failed to register cave at 22,79 (Terrain rejected)
GoblinManager: Failed to register cave at 40,39 (Terrain rejected)
GoblinManager: Failed to register cave at 76,89 (Terrain rejected)
GoblinManager: Failed to register cave at 44,58 (Terrain rejected)
GoblinManager: Failed to register cave at 14,84 (Terrain rejected)
GoblinManager: Failed to register cave at 62,40 (Terrain rejected)
GoblinManager: Failed to register cave at 41,31 (Terrain rejected)
GoblinManager: Failed to register cave at 74,34 (Terrain rejected)
GoblinManager: Failed to register cave at 31,95 (Terrain rejected)
GoblinManager: Failed to register cave at 13,26 (Terrain rejected)
GoblinManager: Failed to register cave at 93,2 (Terrain rejected)
GoblinManager: Failed to register cave at 35,32 (Terrain rejected)
GoblinManager: Failed to register cave at 6,45 (Terrain rejected)
GoblinManager: Failed to register cave at 15,26 (Terrain rejected)
GoblinManager: Failed to register cave at 82,37 (Terrain rejected)
GoblinManager: Failed to register cave at 64,61 (Terrain rejected)
GoblinManager: Failed to register cave at 93,18 (Terrain rejected)
GoblinManager: Failed to register cave at 28,3 (Terrain rejected)
GoblinManager: Failed to register cave at 96,99 (Terrain rejected)
GoblinManager: Failed to register cave at 35,66 (Terrain rejected)
GoblinManager: Failed to register cave at 31,54 (Terrain rejected)
GoblinManager: Failed to register cave at 83,6 (Terrain rejected)
GoblinManager: Failed to register cave at 3,50 (Terrain rejected)
GoblinManager: Failed to register cave at 50,13 (Terrain rejected)
GoblinManager: Failed to register cave at 1,28 (Terrain rejected)
GoblinManager: Failed to register cave at 19,51 (Terrain rejected)
GoblinManager: Failed to register cave at 60,79 (Terrain rejected)
GoblinManager: Failed to register cave at 52,89 (Terrain rejected)
GoblinManager: Failed to register cave at 51,63 (Terrain rejected)
GoblinManager: Failed to register cave at 56,34 (Terrain rejected)
GoblinManager: Failed to register cave at 24,99 (Terrain rejected)
GoblinManager: Failed to register cave at 88,55 (Terrain rejected)
GoblinManager: Failed to register cave at 46,18 (Terrain rejected)
GoblinManager: Failed to register cave at 59,83 (Terrain rejected)
GoblinManager: Failed to register cave at 39,77 (Terrain rejected)
GoblinManager: Failed to register cave at 49,62 (Terrain rejected)
GoblinManager: Failed to register cave at 3,13 (Terrain rejected)
GoblinManager: Failed to register cave at 83,57 (Terrain rejected)
GoblinManager: Failed to register cave at 39,76 (Terrain rejected)
GoblinManager: Failed to register cave at 17,1 (Terrain rejected)
GoblinManager: Failed to register cave at 82,76 (Terrain rejected)
GoblinManager: Failed to register cave at 50,87 (Terrain rejected)
GoblinManager: Failed to register cave at 6,68 (Terrain rejected)
GoblinManager: Failed to register cave at 26,44 (Terrain rejected)
GoblinManager: Failed to register cave at 34,11 (Terrain rejected)
GoblinManager: Failed to register cave at 25,34 (Terrain rejected)
GoblinManager: Failed to register cave at 99,25 (Terrain rejected)
GoblinManager: Failed to register cave at 96,36 (Terrain rejected)
GoblinManager: Failed to register cave at 77,62 (Terrain rejected)
GoblinManager: Failed to register cave at 89,0 (Terrain rejected)
GoblinManager: Failed to register cave at 21,0 (Terrain rejected)
GoblinManager: Failed to register cave at 36,24 (Terrain rejected)
GoblinManager: Failed to register cave at 32,70 (Terrain rejected)
GoblinManager: Failed to register cave at 97,24 (Terrain rejected)
GoblinManager: Failed to register cave at 39,68 (Terrain rejected)
GoblinManager: Failed to register cave at 46,95 (Terrain rejected)
GoblinManager: Failed to register cave at 57,31 (Terrain rejected)
GoblinManager: Failed to register cave at 2,56 (Terrain rejected)
GoblinManager: Failed to register cave at 50,63 (Terrain rejected)
GoblinManager: Failed to register cave at 20,12 (Terrain rejected)
GoblinManager: Failed to register cave at 21,17 (Terrain rejected)
GoblinManager: Failed to register cave at 10,81 (Terrain rejected)
GoblinManager: Failed to register cave at 70,96 (Terrain rejected)
GoblinManager: Failed to register cave at 39,17 (Terrain rejected)
GoblinManager: Failed to register cave at 1,47 (Terrain rejected)
GoblinManager: Failed to register cave at 61,74 (Terrain rejected)
GoblinManager: Failed to register cave at 36,64 (Terrain rejected)
GoblinManager: Failed to register cave at 23,86 (Terrain rejected)
GoblinManager: Failed to register cave at 69,91 (Terrain rejected)
GoblinManager: Failed to register cave at 37,1 (Terrain rejected)
GoblinManager: Failed to register cave at 35,47 (Terrain rejected)
GoblinManager: Failed to register cave at 3,94 (Terrain rejected)
GoblinManager: Failed to register cave at 45,13 (Terrain rejected)
GoblinManager: Failed to register cave at 40,80 (Terrain rejected)
GoblinManager: Failed to register cave at 60,14 (Terrain rejected)
GoblinManager: Failed to register cave at 73,99 (Terrain rejected)
GoblinManager: Failed to register cave at 29,73 (Terrain rejected)
GoblinManager: Failed to register cave at 46,87 (Terrain rejected)
GoblinManager: Failed to register cave at 4,14 (Terrain rejected)
GoblinManager: Failed to register cave at 3,54 (Terrain rejected)
GoblinManager: Failed to register cave at 9,39 (Terrain rejected)
GoblinManager: Failed to register cave at 19,74 (Terrain rejected)
GoblinManager: Failed to register cave at 24,42 (Terrain rejected)
GoblinManager: Failed to register cave at 31,45 (Terrain rejected)
GoblinManager: Failed to register cave at 39,1 (Terrain rejected)
GoblinManager: Failed to register cave at 68,72 (Terrain rejected)
GoblinManager: Failed to register cave at 20,20 (Terrain rejected)
GoblinManager: Failed to register cave at 32,97 (Terrain rejected)
GoblinManager: Failed to register cave at 5,50 (Terrain rejected)
GoblinManager: Failed to register cave at 18,96 (Terrain rejected)
GoblinManager: Failed to register cave at 79,80 (Terrain rejected)
GoblinManager: Failed to register cave at 64,52 (Terrain rejected)
GoblinManager: Failed to register cave at 51,81 (Terrain rejected)
GoblinManager: Failed to register cave at 2,83 (Terrain rejected)
GoblinManager: Failed to register cave at 81,37 (Terrain rejected)
GoblinManager: Failed to register cave at 53,35 (Terrain rejected)
GoblinManager: Failed to register cave at 89,90 (Terrain rejected)
GoblinManager: Failed to register cave at 61,93 (Terrain rejected)
GoblinManager: Failed to register cave at 9,53 (Terrain rejected)
GoblinManager: Failed to register cave at 27,28 (Terrain rejected)
GoblinManager: Failed to register cave at 82,3 (Terrain rejected)
GoblinManager: Failed to register cave at 62,88 (Terrain rejected)
GoblinManager: Failed to register cave at 79,41 (Terrain rejected)
GoblinManager: Failed to register cave at 64,96 (Terrain rejected)
GoblinManager: Failed to register cave at 51,36 (Terrain rejected)
GoblinManager: Failed to register cave at 56,15 (Terrain rejected)
GoblinManager: Failed to register cave at 75,65 (Terrain rejected)
GoblinManager: Failed to register cave at 44,58 (Terrain rejected)
GoblinManager: Failed to register cave at 38,4 (Terrain rejected)
GoblinManager: Failed to register cave at 4,0 (Terrain rejected)
GoblinManager: Failed to register cave at 36,92 (Terrain rejected)
GoblinManager: Failed to register cave at 2,5 (Terrain rejected)
GoblinManager: Failed to register cave at 5,29 (Terrain rejected)
GoblinManager: Failed to register cave at 31,13 (Terrain rejected)
GoblinManager: Failed to register cave at 98,42 (Terrain rejected)
GoblinManager: Failed to register cave at 50,40 (Terrain rejected)
GoblinManager: Failed to register cave at 49,10 (Terrain rejected)
GoblinManager: Failed to register cave at 53,64 (Terrain rejected)
GoblinManager: Failed to register cave at 92,32 (Terrain rejected)
GoblinManager: Failed to register cave at 55,81 (Terrain rejected)
GoblinManager: Failed to register cave at 35,38 (Terrain rejected)
GoblinManager: Failed to register cave at 15,7 (Terrain rejected)
GoblinManager: Failed to register cave at 54,34 (Terrain rejected)
GoblinManager: Failed to register cave at 38,21 (Terrain rejected)
GoblinManager: Failed to register cave at 87,28 (Terrain rejected)
GoblinManager: Failed to register cave at 27,67 (Terrain rejected)
GoblinManager: Failed to register cave at 15,93 (Terrain rejected)
GoblinManager: Failed to register cave at 83,11 (Terrain rejected)
GoblinManager: Failed to register cave at 76,53 (Terrain rejected)
GoblinManager: Failed to register cave at 83,46 (Terrain rejected)
GoblinManager: Failed to register cave at 76,44 (Terrain rejected)
GoblinManager: Failed to register cave at 76,2 (Terrain rejected)
GoblinManager: Failed to register cave at 89,59 (Terrain rejected)
GoblinManager: Failed to register cave at 88,80 (Terrain rejected)
GoblinManager: Failed to register cave at 17,87 (Terrain rejected)
GoblinManager: Failed to register cave at 22,35 (Terrain rejected)
GoblinManager: Failed to register cave at 75,12 (Terrain rejected)
GoblinManager: Failed to register cave at 12,3 (Terrain rejected)
GoblinManager: Failed to register cave at 42,82 (Terrain rejected)
GoblinManager: Failed to register cave at 52,39 (Terrain rejected)
GoblinManager: Failed to register cave at 17,12 (Terrain rejected)
GoblinManager: Failed to register cave at 52,44 (Terrain rejected)
GoblinManager: Failed to register cave at 27,96 (Terrain rejected)
GoblinManager: Failed to register cave at 88,24 (Terrain rejected)
GoblinManager: Failed to register cave at 33,87 (Terrain rejected)
GoblinManager: Failed to register cave at 10,97 (Terrain rejected)
GoblinManager: Failed to register cave at 86,46 (Terrain rejected)
GoblinManager: Failed to register cave at 62,25 (Terrain rejected)
GoblinManager: Failed to register cave at 72,95 (Terrain rejected)
GoblinManager: Failed to register cave at 78,68 (Terrain rejected)
GoblinManager: Failed to register cave at 55,35 (Terrain rejected)
GoblinManager: Failed to register cave at 23,60 (Terrain rejected)
GoblinManager: Failed to register cave at 62,19 (Terrain rejected)
GoblinManager: Failed to register cave at 51,58 (Terrain rejected)
GoblinManager: Failed to register cave at 72,82 (Terrain rejected)
GoblinManager: Failed to register cave at 52,65 (Terrain rejected)
GoblinManager: Failed to register cave at 74,39 (Terrain rejected)
GoblinManager: Failed to register cave at 64,86 (Terrain rejected)
GoblinManager: Failed to register cave at 91,94 (Terrain rejected)
GoblinManager: Failed to register cave at 46,23 (Terrain rejected)
GoblinManager: Failed to register cave at 25,44 (Terrain rejected)
GoblinManager: Failed to register cave at 5,13 (Terrain rejected)
GoblinManager: Failed to register cave at 87,66 (Terrain rejected)
GoblinManager: Failed to register cave at 36,27 (Terrain rejected)
GoblinManager: Failed to register cave at 5,44 (Terrain rejected)
GoblinManager: Failed to register cave at 89,79 (Terrain rejected)
GoblinManager: Failed to register cave at 20,94 (Terrain rejected)
GoblinManager: Failed to register cave at 5,85 (Terrain rejected)
GoblinManager: Failed to register cave at 94,31 (Terrain rejected)
GoblinManager: Failed to register cave at 51,46 (Terrain rejected)
GoblinManager: Failed to register cave at 53,92 (Terrain rejected)
GoblinManager: Failed to register cave at 18,33 (Terrain rejected)
GoblinManager: Failed to register cave at 43,33 (Terrain rejected)
GoblinManager: Failed to register cave at 71,26 (Terrain rejected)
GoblinManager: Failed to register cave at 95,2 (Terrain rejected)
GoblinManager: Failed to register cave at 77,82 (Terrain rejected)
GoblinManager: Failed to register cave at 43,2 (Terrain rejected)
GoblinManager: Failed to register cave at 41,1 (Terrain rejected)
GoblinManager: Failed to register cave at 29,65 (Terrain rejected)
GoblinManager: Failed to register cave at 22,71 (Terrain rejected)
GoblinManager: Failed to register cave at 9,5 (Terrain rejected)
GoblinManager: Failed to register cave at 34,5 (Terrain rejected)
GoblinManager: Failed to register cave at 68,30 (Terrain rejected)
GoblinManager: Failed to register cave at 36,31 (Terrain rejected)
GoblinManager: Failed to register cave at 2,10 (Terrain rejected)
GoblinManager: Failed to register cave at 68,60 (Terrain rejected)
GoblinManager: Failed to register cave at 18,23 (Terrain rejected)
GoblinManager: Failed to register cave at 9,69 (Terrain rejected)
GoblinManager: Failed to register cave at 96,7 (Terrain rejected)
GoblinManager: Failed to register cave at 31,14 (Terrain rejected)
GoblinManager: Failed to register cave at 85,14 (Terrain rejected)
GoblinManager: Failed to register cave at 52,16 (Terrain rejected)
GoblinManager: Failed to register cave at 98,36 (Terrain rejected)
GoblinManager: Failed to register cave at 43,74 (Terrain rejected)
GoblinManager: Failed to register cave at 59,75 (Terrain rejected)
GoblinManager: Failed to register cave at 24,80 (Terrain rejected)
GoblinManager: Failed to register cave at 78,66 (Terrain rejected)
GoblinManager: Failed to register cave at 61,7 (Terrain rejected)
GoblinManager: Failed to register cave at 65,4 (Terrain rejected)
GoblinManager: Failed to register cave at 58,82 (Terrain rejected)
GoblinManager: Failed to register cave at 15,9 (Terrain rejected)
GoblinManager: Failed to register cave at 10,23 (Terrain rejected)
GoblinManager: Failed to register cave at 72,97 (Terrain rejected)
GoblinManager: Failed to register cave at 43,71 (Terrain rejected)
GoblinManager: Failed to register cave at 86,74 (Terrain rejected)
GoblinManager: Failed to register cave at 6,2 (Terrain rejected)
GoblinManager: Failed to register cave at 41,61 (Terrain rejected)
GoblinManager: Failed to register cave at 23,94 (Terrain rejected)
GoblinManager: Failed to register cave at 65,19 (Terrain rejected)
GoblinManager: Failed to register cave at 29,35 (Terrain rejected)
GoblinManager: Failed to register cave at 99,4 (Terrain rejected)
GoblinManager: Failed to register cave at 56,70 (Terrain rejected)
GoblinManager: Failed to register cave at 36,59 (Terrain rejected)
GoblinManager: Failed to register cave at 24,13 (Terrain rejected)
GoblinManager: Failed to register cave at 39,47 (Terrain rejected)
GoblinManager: Failed to register cave at 99,92 (Terrain rejected)
GoblinManager: Failed to register cave at 25,9 (Terrain rejected)
GoblinManager: Failed to register cave at 21,68 (Terrain rejected)
GoblinManager: Failed to register cave at 65,98 (Terrain rejected)
GoblinManager: Failed to register cave at 33,91 (Terrain rejected)
GoblinManager: Failed to register cave at 76,3 (Terrain rejected)
GoblinManager: Failed to register cave at 97,70 (Terrain rejected)
GoblinManager: Failed to register cave at 49,49 (Terrain rejected)
GoblinManager: Failed to register cave at 99,47 (Terrain rejected)
GoblinManager: Failed to register cave at 39,54 (Terrain rejected)
GoblinManager: Failed to register cave at 3,35 (Terrain rejected)
GoblinManager: Failed to register cave at 49,25 (Terrain rejected)
GoblinManager: Failed to register cave at 29,14 (Terrain rejected)
GoblinManager: Failed to register cave at 69,57 (Terrain rejected)
GoblinManager: Failed to register cave at 15,18 (Terrain rejected)
GoblinManager: Failed to register cave at 30,87 (Terrain rejected)
GoblinManager: Failed to register cave at 74,57 (Terrain rejected)
GoblinManager: Failed to register cave at 4,85 (Terrain rejected)
GoblinManager: Failed to register cave at 22,5 (Terrain rejected)
GoblinManager: Failed to register cave at 94,9 (Terrain rejected)
GoblinManager: Failed to register cave at 73,79 (Terrain rejected)
GoblinManager: Failed to register cave at 28,79 (Terrain rejected)
GoblinManager: Failed to register cave at 76,30 (Terrain rejected)
GoblinManager: Failed to register cave at 20,41 (Terrain rejected)
GoblinManager: Failed to register cave at 98,33 (Terrain rejected)
GoblinManager: Failed to register cave at 56,44 (Terrain rejected)
GoblinManager: Failed to register cave at 4,74 (Terrain rejected)
GoblinManager: Failed to register cave at 78,90 (Terrain rejected)
GoblinManager: Failed to register cave at 94,46 (Terrain rejected)
GoblinManager: Failed to register cave at 3,18 (Terrain rejected)
GoblinManager: Failed to register cave at 24,80 (Terrain rejected)
GoblinManager: Failed to register cave at 19,91 (Terrain rejected)
GoblinManager: Failed to register cave at 2,37 (Terrain rejected)
GoblinManager: Failed to register cave at 85,0 (Terrain rejected)
GoblinManager: Failed to register cave at 14,53 (Terrain rejected)
GoblinManager: Failed to register cave at 95,26 (Terrain rejected)
GoblinManager: Failed to register cave at 82,19 (Terrain rejected)
GoblinManager: Failed to register cave at 95,98 (Terrain rejected)
GoblinManager: Failed to register cave at 64,54 (Terrain rejected)
GoblinManager: Failed to register cave at 25,27 (Terrain rejected)
GoblinManager: Failed to register cave at 82,56 (Terrain rejected)
GoblinManager: Failed to register cave at 31,60 (Terrain rejected)
GoblinManager: Failed to register cave at 23,14 (Terrain rejected)
GoblinManager: Failed to register cave at 74,1 (Terrain rejected)
GoblinManager: Failed to register cave at 66,70 (Terrain rejected)
GoblinManager: Failed to register cave at 4,30 (Terrain rejected)
GoblinManager: Failed to register cave at 97,29 (Terrain rejected)
GoblinManager: Failed to register cave at 36,69 (Terrain rejected)
GoblinManager: Failed to register cave at 4,67 (Terrain rejected)
GoblinManager: Failed to register cave at 3,46 (Terrain rejected)
GoblinManager: Failed to register cave at 38,26 (Terrain rejected)
GoblinManager: Failed to register cave at 58,86 (Terrain rejected)
GoblinManager: Failed to register cave at 38,82 (Terrain rejected)
GoblinManager: Failed to register cave at 0,82 (Terrain rejected)
GoblinManager: Failed to register cave at 39,51 (Terrain rejected)
GoblinManager: Failed to register cave at 46,36 (Terrain rejected)
GoblinManager: Failed to register cave at 53,73 (Terrain rejected)
GoblinManager: Failed to register cave at 99,26 (Terrain rejected)
GoblinManager: Failed to register cave at 61,78 (Terrain rejected)
GoblinManager: Failed to register cave at 38,83 (Terrain rejected)
GoblinManager: Failed to register cave at 42,69 (Terrain rejected)
GoblinManager: Failed to register cave at 86,55 (Terrain rejected)
GoblinManager: Failed to register cave at 97,10 (Terrain rejected)
GoblinManager: Failed to register cave at 97,36 (Terrain rejected)
GoblinManager: Failed to register cave at 71,30 (Terrain rejected)
GoblinManager: Failed to register cave at 53,62 (Terrain rejected)
GoblinManager: Failed to register cave at 94,16 (Terrain rejected)
GoblinManager: Failed to register cave at 58,66 (Terrain rejected)
GoblinManager: Failed to register cave at 80,83 (Terrain rejected)
GoblinManager: Failed to register cave at 71,42 (Terrain rejected)
GoblinManager: Failed to register cave at 64,43 (Terrain rejected)
GoblinManager: Failed to register cave at 25,76 (Terrain rejected)
GoblinManager: Failed to register cave at 63,84 (Terrain rejected)
GoblinManager: Failed to register cave at 53,60 (Terrain rejected)
GoblinManager: Failed to register cave at 74,6 (Terrain rejected)
GoblinManager: Failed to register cave at 34,1 (Terrain rejected)
GoblinManager: Failed to register cave at 55,47 (Terrain rejected)
GoblinManager: Failed to register cave at 53,89 (Terrain rejected)
GoblinManager: Failed to register cave at 83,74 (Terrain rejected)
GoblinManager: Failed to register cave at 84,5 (Terrain rejected)
GoblinManager: Failed to register cave at 76,96 (Terrain rejected)
GoblinManager: Failed to register cave at 86,44 (Terrain rejected)
GoblinManager: Failed to register cave at 11,13 (Terrain rejected)
GoblinManager: Failed to register cave at 63,17 (Terrain rejected)
GoblinManager: Failed to register cave at 48,19 (Terrain rejected)
GoblinManager: Failed to register cave at 7,50 (Terrain rejected)
GoblinManager: Failed to register cave at 67,92 (Terrain rejected)
GoblinManager: Failed to register cave at 8,34 (Terrain rejected)
GoblinManager: Failed to register cave at 84,89 (Terrain rejected)
GoblinManager: Failed to register cave at 85,95 (Terrain rejected)
GoblinManager: Failed to register cave at 79,80 (Terrain rejected)
GoblinManager: Failed to register cave at 19,45 (Terrain rejected)
GoblinManager: Failed to register cave at 26,63 (Terrain rejected)
GoblinManager: Failed to register cave at 87,50 (Terrain rejected)
GoblinManager: Failed to register cave at 69,31 (Terrain rejected)
GoblinManager: Failed to register cave at 61,26 (Terrain rejected)
GoblinManager: Failed to register cave at 45,19 (Terrain rejected)
GoblinManager: Failed to register cave at 28,50 (Terrain rejected)
GoblinManager: Failed to register cave at 79,3 (Terrain rejected)
GoblinManager: Failed to register cave at 78,99 (Terrain rejected)
GoblinManager: Failed to register cave at 79,69 (Terrain rejected)
GoblinManager: Failed to register cave at 5,96 (Terrain rejected)
GoblinManager: Failed to register cave at 47,75 (Terrain rejected)
GoblinManager: Failed to register cave at 38,13 (Terrain rejected)
GoblinManager: Failed to register cave at 87,30 (Terrain rejected)
GoblinManager: Failed to register cave at 8,15 (Terrain rejected)
GoblinManager: Failed to register cave at 82,89 (Terrain rejected)
GoblinManager: Failed to register cave at 54,77 (Terrain rejected)
GoblinManager: Failed to register cave at 95,9 (Terrain rejected)
GoblinManager: Failed to register cave at 60,89 (Terrain rejected)
GoblinManager: Failed to register cave at 52,74 (Terrain rejected)
GoblinManager: Failed to register cave at 43,28 (Terrain rejected)
GoblinManager: Failed to register cave at 10,25 (Terrain rejected)
GoblinManager: Failed to register cave at 83,87 (Terrain rejected)
GoblinManager: Failed to register cave at 66,8 (Terrain rejected)
GoblinManager: Failed to register cave at 66,27 (Terrain rejected)
GoblinManager: Failed to register cave at 41,35 (Terrain rejected)
GoblinManager: Failed to register cave at 54,7 (Terrain rejected)
GoblinManager: Failed to register cave at 77,12 (Terrain rejected)
GoblinManager: Failed to register cave at 97,24 (Terrain rejected)
GoblinManager: Failed to register cave at 5,78 (Terrain rejected)
GoblinManager: Failed to register cave at 60,33 (Terrain rejected)
GoblinManager: Failed to register cave at 97,66 (Terrain rejected)
GoblinManager: Failed to register cave at 47,8 (Terrain rejected)
GoblinManager: Failed to register cave at 37,24 (Terrain rejected)
GoblinManager: Failed to register cave at 42,36 (Terrain rejected)
GoblinManager: Failed to register cave at 93,65 (Terrain rejected)
GoblinManager: Failed to register cave at 71,47 (Terrain rejected)
GoblinManager: Failed to register cave at 11,28 (Terrain rejected)
GoblinManager: Failed to register cave at 17,35 (Terrain rejected)
GoblinManager: Failed to register cave at 87,7 (Terrain rejected)
GoblinManager: Failed to register cave at 18,9 (Terrain rejected)
GoblinManager: Failed to register cave at 74,7 (Terrain rejected)
GoblinManager: Failed to register cave at 10,68 (Terrain rejected)
GoblinManager: Failed to register cave at 4,34 (Terrain rejected)
GoblinManager: Failed to register cave at 68,90 (Terrain rejected)
GoblinManager: Failed to register cave at 4,53 (Terrain rejected)
GoblinManager: Failed to register cave at 15,55 (Terrain rejected)
GoblinManager: Failed to register cave at 66,50 (Terrain rejected)
GoblinManager: Failed to register cave at 16,9 (Terrain rejected)
GoblinManager: Failed to register cave at 78,94 (Terrain rejected)
GoblinManager: Failed to register cave at 49,11 (Terrain rejected)
GoblinManager: Failed to register cave at 12,67 (Terrain rejected)
GoblinManager: Failed to register cave at 65,88 (Terrain rejected)
GoblinManager: Failed to register cave at 11,75 (Terrain rejected)
GoblinManager: Failed to register cave at 72,81 (Terrain rejected)
GoblinManager: Failed to register cave at 10,22 (Terrain rejected)
GoblinManager: Failed to register cave at 68,97 (Terrain rejected)
GoblinManager: Failed to register cave at 16,61 (Terrain rejected)
GoblinManager: Failed to register cave at 60,39 (Terrain rejected)
GoblinManager: Failed to register cave at 62,65 (Terrain rejected)
GoblinManager: Failed to register cave at 11,85 (Terrain rejected)
GoblinManager: Failed to register cave at 50,11 (Terrain rejected)
GoblinManager: Failed to register cave at 69,35 (Terrain rejected)
GoblinManager: Failed to register cave at 5,57 (Terrain rejected)
GoblinManager: Failed to register cave at 78,3 (Terrain rejected)
GoblinManager: Failed to register cave at 60,57 (Terrain rejected)
GoblinManager: Failed to register cave at 97,80 (Terrain rejected)
GoblinManager: Failed to register cave at 60,9 (Terrain rejected)
GoblinManager: Failed to register cave at 61,24 (Terrain rejected)
GoblinManager: Failed to register cave at 42,69 (Terrain rejected)
GoblinManager: Failed to register cave at 39,52 (Terrain rejected)
GoblinManager: Failed to register cave at 13,90 (Terrain rejected)
GoblinManager: Failed to register cave at 50,44 (Terrain rejected)
GoblinManager: Failed to register cave at 83,63 (Terrain rejected)
GoblinManager: Failed to register cave at 68,55 (Terrain rejected)
GoblinManager: Failed to register cave at 36,63 (Terrain rejected)
GoblinManager: Failed to register cave at 36,58 (Terrain rejected)
GoblinManager: Failed to register cave at 73,31 (Terrain rejected)
GoblinManager: Failed to register cave at 83,96 (Terrain rejected)
GoblinManager: Failed to register cave at 52,92 (Terrain rejected)
GoblinManager: Failed to register cave at 12,84 (Terrain rejected)
GoblinManager: Failed to register cave at 3,69 (Terrain rejected)
GoblinManager: Failed to register cave at 83,12 (Terrain rejected)
GoblinManager: Failed to register cave at 52,82 (Terrain rejected)
GoblinManager: Failed to register cave at 36,18 (Terrain rejected)
GoblinManager: Failed to register cave at 95,86 (Terrain rejected)
GoblinManager: Failed to register cave at 90,63 (Terrain rejected)
GoblinManager: Failed to register cave at 52,64 (Terrain rejected)
GoblinManager: Failed to register cave at 76,46 (Terrain rejected)
GoblinManager: Failed to register cave at 59,68 (Terrain rejected)
GoblinManager: Failed to register cave at 70,59 (Terrain rejected)
GoblinManager: Failed to register cave at 95,78 (Terrain rejected)
GoblinManager: Failed to register cave at 4,28 (Terrain rejected)
GoblinManager: Failed to register cave at 9,46 (Terrain rejected)
GoblinManager: Failed to register cave at 83,15 (Terrain rejected)
GoblinManager: Failed to register cave at 98,83 (Terrain rejected)
GoblinManager: Failed to register cave at 76,96 (Terrain rejected)
GoblinManager: Failed to register cave at 60,77 (Terrain rejected)
GoblinManager: Failed to register cave at 98,92 (Terrain rejected)
GoblinManager: Failed to register cave at 45,72 (Terrain rejected)
GoblinManager: Failed to register cave at 70,11 (Terrain rejected)
GoblinManager: Failed to register cave at 6,68 (Terrain rejected)
GoblinManager: Failed to register cave at 8,98 (Terrain rejected)
GoblinManager: Failed to register cave at 49,22 (Terrain rejected)
GoblinManager: Failed to register cave at 67,28 (Terrain rejected)
GoblinManager: Failed to register cave at 63,56 (Terrain rejected)
GoblinManager: Failed to register cave at 5,64 (Terrain rejected)
GoblinManager: Failed to register cave at 43,46 (Terrain rejected)
GoblinManager: Failed to register cave at 82,60 (Terrain rejected)
GoblinManager: Failed to register cave at 69,60 (Terrain rejected)
GoblinManager: Failed to register cave at 97,91 (Terrain rejected)
GoblinManager: Failed to register cave at 93,50 (Terrain rejected)
GoblinManager: Failed to register cave at 81,52 (Terrain rejected)
GoblinManager: Failed to register cave at 29,5 (Terrain rejected)
GoblinManager: Failed to register cave at 78,23 (Terrain rejected)
GoblinManager: Failed to register cave at 90,2 (Terrain rejected)
GoblinManager: Failed to register cave at 38,86 (Terrain rejected)
GoblinManager: Failed to register cave at 41,63 (Terrain rejected)
GoblinManager: Failed to register cave at 78,75 (Terrain rejected)
GoblinManager: Failed to register cave at 17,36 (Terrain rejected)
GoblinManager: Failed to register cave at 66,85 (Terrain rejected)
GoblinManager: Failed to register cave at 9,7 (Terrain rejected)
GoblinManager: Failed to register cave at 49,95 (Terrain rejected)
GoblinManager: Failed to register cave at 91,48 (Terrain rejected)
GoblinManager: Failed to register cave at 63,17 (Terrain rejected)
GoblinManager: Failed to register cave at 82,14 (Terrain rejected)
GoblinManager: Failed to register cave at 44,19 (Terrain rejected)
GoblinManager: Failed to register cave at 43,20 (Terrain rejected)
GoblinManager: Failed to register cave at 96,47 (Terrain rejected)
GoblinManager: Failed to register cave at 3,76 (Terrain rejected)
GoblinManager: Failed to register cave at 37,13 (Terrain rejected)
GoblinManager: Failed to register cave at 53,74 (Terrain rejected)
GoblinManager: Failed to register cave at 55,78 (Terrain rejected)
GoblinManager: Failed to register cave at 79,58 (Terrain rejected)
GoblinManager: Failed to register cave at 5,4 (Terrain rejected)
GoblinManager: Failed to register cave at 16,73 (Terrain rejected)
GoblinManager: Failed to register cave at 0,70 (Terrain rejected)
GoblinManager: Failed to register cave at 47,54 (Terrain rejected)
GoblinManager: Failed to register cave at 25,50 (Terrain rejected)
GoblinManager: Failed to register cave at 34,80 (Terrain rejected)
GoblinManager: Failed to register cave at 73,70 (Terrain rejected)
GoblinManager: Failed to register cave at 75,59 (Terrain rejected)
GoblinManager: Failed to register cave at 93,96 (Terrain rejected)
GoblinManager: Failed to register cave at 61,45 (Terrain rejected)
GoblinManager: Failed to register cave at 51,35 (Terrain rejected)
GoblinManager: Failed to register cave at 39,49 (Terrain rejected)
GoblinManager: Failed to register cave at 79,74 (Terrain rejected)
GoblinManager: Failed to register cave at 26,28 (Terrain rejected)
GoblinManager: Failed to register cave at 93,18 (Terrain rejected)
GoblinManager: Failed to register cave at 86,34 (Terrain rejected)
GoblinManager: Failed to register cave at 6,13 (Terrain rejected)
GoblinManager: Failed to register cave at 25,67 (Terrain rejected)
GoblinManager: Failed to register cave at 78,96 (Terrain rejected)
GoblinManager: Failed to register cave at 85,61 (Terrain rejected)
GoblinManager: Failed to register cave at 60,45 (Terrain rejected)
GoblinManager: Failed to register cave at 3,33 (Terrain rejected)
GoblinManager: Failed to register cave at 78,84 (Terrain rejected)
GoblinManager: Failed to register cave at 24,91 (Terrain rejected)
GoblinManager: Failed to register cave at 78,5 (Terrain rejected)
GoblinManager: Failed to register cave at 57,83 (Terrain rejected)
GoblinManager: Failed to register cave at 40,69 (Terrain rejected)
GoblinManager: Failed to register cave at 65,60 (Terrain rejected)
GoblinManager: Failed to register cave at 60,93 (Terrain rejected)
GoblinManager: Failed to register cave at 92,86 (Terrain rejected)
GoblinManager: Failed to register cave at 89,20 (Terrain rejected)
GoblinManager: Failed to register cave at 8,87 (Terrain rejected)
GoblinManager: Failed to register cave at 33,85 (Terrain rejected)
GoblinManager: Failed to register cave at 86,53 (Terrain rejected)
GoblinManager: Failed to register cave at 44,83 (Terrain rejected)
GoblinManager: Failed to register cave at 71,34 (Terrain rejected)
GoblinManager: Failed to register cave at 58,53 (Terrain rejected)
GoblinManager: Failed to register cave at 43,49 (Terrain rejected)
GoblinManager: Failed to register cave at 21,88 (Terrain rejected)
GoblinManager: Failed to register cave at 25,42 (Terrain rejected)
GoblinManager: Failed to register cave at 66,19 (Terrain rejected)
GoblinManager: Failed to register cave at 14,66 (Terrain rejected)
GoblinManager: Failed to register cave at 87,96 (Terrain rejected)
GoblinManager: Failed to register cave at 83,8 (Terrain rejected)
GoblinManager: Failed to register cave at 40,33 (Terrain rejected)
GoblinManager: Failed to register cave at 41,22 (Terrain rejected)
GoblinManager: Failed to register cave at 71,67 (Terrain rejected)
GoblinManager: Failed to register cave at 5,7 (Terrain rejected)
GoblinManager: Failed to register cave at 73,34 (Terrain rejected)
GoblinManager: Failed to register cave at 41,60 (Terrain rejected)
GoblinManager: Failed to register cave at 34,53 (Terrain rejected)
GoblinManager: Failed to register cave at 88,92 (Terrain rejected)
GoblinManager: Failed to register cave at 30,10 (Terrain rejected)
GoblinManager: Failed to register cave at 14,98 (Terrain rejected)
GoblinManager: Failed to register cave at 71,89 (Terrain rejected)
GoblinManager: Failed to register cave at 23,41 (Terrain rejected)
GoblinManager: Failed to register cave at 11,77 (Terrain rejected)
GoblinManager: Failed to register cave at 50,37 (Terrain rejected)
GoblinManager: Failed to register cave at 22,49 (Terrain rejected)
GoblinManager: Failed to register cave at 35,65 (Terrain rejected)
GoblinManager: Failed to register cave at 31,31 (Terrain rejected)
GoblinManager: Failed to register cave at 70,4 (Terrain rejected)
GoblinManager: Failed to register cave at 30,8 (Terrain rejected)
GoblinManager: Failed to register cave at 10,9 (Terrain rejected)
GoblinManager: Failed to register cave at 6,50 (Terrain rejected)
GoblinManager: Failed to register cave at 95,31 (Terrain rejected)
GoblinManager: Failed to register cave at 49,26 (Terrain rejected)
GoblinManager: Failed to register cave at 97,82 (Terrain rejected)
GoblinManager: Failed to register cave at 41,15 (Terrain rejected)
GoblinManager: Failed to register cave at 5,51 (Terrain rejected)
GoblinManager: Failed to register cave at 39,2 (Terrain rejected)
GoblinManager: Failed to register cave at 85,13 (Terrain rejected)
GoblinManager: Failed to register cave at 41,9 (Terrain rejected)
GoblinManager: Failed to register cave at 18,93 (Terrain rejected)
GoblinManager: Failed to register cave at 91,40 (Terrain rejected)
GoblinManager: Failed to register cave at 23,33 (Terrain rejected)
GoblinManager: Failed to register cave at 99,71 (Terrain rejected)
GoblinManager: Failed to register cave at 93,63 (Terrain rejected)
GoblinManager: Failed to register cave at 85,91 (Terrain rejected)
GoblinManager: Failed to register cave at 60,34 (Terrain rejected)
GoblinManager: Failed to register cave at 68,80 (Terrain rejected)
GoblinManager: Failed to register cave at 74,25 (Terrain rejected)
GoblinManager: Failed to register cave at 21,38 (Terrain rejected)
GoblinManager: Failed to register cave at 39,97 (Terrain rejected)
GoblinManager: Failed to register cave at 91,56 (Terrain rejected)
GoblinManager: Failed to register cave at 76,11 (Terrain rejected)
GoblinManager: Failed to register cave at 77,73 (Terrain rejected)
GoblinManager: Failed to register cave at 5,31 (Terrain rejected)
GoblinManager: Failed to register cave at 50,68 (Terrain rejected)
GoblinManager: Failed to register cave at 41,84 (Terrain rejected)
GoblinManager: Failed to register cave at 41,23 (Terrain rejected)
GoblinManager: Failed to register cave at 24,71 (Terrain rejected)
GoblinManager: Failed to register cave at 99,73 (Terrain rejected)
GoblinManager: Failed to register cave at 11,82 (Terrain rejected)
GoblinManager: Failed to register cave at 50,10 (Terrain rejected)
GoblinManager: Failed to register cave at 15,80 (Terrain rejected)
GoblinManager: Failed to register cave at 61,11 (Terrain rejected)
GoblinManager: Failed to register cave at 55,3 (Terrain rejected)
GoblinManager: Failed to register cave at 59,90 (Terrain rejected)
GoblinManager: Failed to register cave at 51,3 (Terrain rejected)
GoblinManager: Failed to register cave at 93,37 (Terrain rejected)
GoblinManager: Failed to register cave at 54,47 (Terrain rejected)
GoblinManager: Failed to register cave at 96,77 (Terrain rejected)
GoblinManager: Failed to register cave at 60,57 (Terrain rejected)
GoblinManager: Failed to register cave at 72,55 (Terrain rejected)
GoblinManager: Failed to register cave at 32,80 (Terrain rejected)
GoblinManager: Failed to register cave at 65,15 (Terrain rejected)
GoblinManager: Failed to register cave at 10,39 (Terrain rejected)
GoblinManager: Failed to register cave at 64,45 (Terrain rejected)
GoblinManager: Failed to register cave at 61,66 (Terrain rejected)
GoblinManager: Failed to register cave at 55,29 (Terrain rejected)
GoblinManager: Failed to register cave at 6,16 (Terrain rejected)
GoblinManager: Failed to register cave at 83,27 (Terrain rejected)
GoblinManager: Failed to register cave at 69,73 (Terrain rejected)
GoblinManager: Failed to register cave at 90,73 (Terrain rejected)
GoblinManager: Failed to register cave at 69,21 (Terrain rejected)
GoblinManager: Failed to register cave at 66,48 (Terrain rejected)
GoblinManager: Failed to register cave at 83,80 (Terrain rejected)
GoblinManager: Failed to register cave at 14,72 (Terrain rejected)
GoblinManager: Failed to register cave at 77,73 (Terrain rejected)
GoblinManager: Failed to register cave at 18,54 (Terrain rejected)
GoblinManager: Failed to register cave at 37,99 (Terrain rejected)
GoblinManager: Failed to register cave at 40,11 (Terrain rejected)
GoblinManager: Failed to register cave at 57,38 (Terrain rejected)
GoblinManager: Failed to register cave at 32,11 (Terrain rejected)
GoblinManager: Failed to register cave at 9,82 (Terrain rejected)
GoblinManager: Failed to register cave at 37,42 (Terrain rejected)
GoblinManager: Failed to register cave at 34,95 (Terrain rejected)
GoblinManager: Failed to register cave at 28,6 (Terrain rejected)
GoblinManager: Failed to register cave at 25,57 (Terrain rejected)
GoblinManager: Failed to register cave at 10,42 (Terrain rejected)
GoblinManager: Failed to register cave at 17,45 (Terrain rejected)
GoblinManager: Failed to register cave at 88,98 (Terrain rejected)
GoblinManager: Failed to register cave at 46,54 (Terrain rejected)
GoblinManager: Failed to register cave at 49,4 (Terrain rejected)
GoblinManager: Failed to register cave at 65,33 (Terrain rejected)
GoblinManager: Failed to register cave at 26,15 (Terrain rejected)
GoblinManager: Failed to register cave at 69,6 (Terrain rejected)
GoblinManager: Failed to register cave at 50,71 (Terrain rejected)
GoblinManager: Failed to register cave at 53,92 (Terrain rejected)
GoblinManager: Failed to register cave at 16,58 (Terrain rejected)
GoblinManager: Failed to register cave at 36,44 (Terrain rejected)
GoblinManager: Failed to register cave at 34,61 (Terrain rejected)
GoblinManager: Failed to register cave at 83,34 (Terrain rejected)
GoblinManager: Failed to register cave at 61,22 (Terrain rejected)
GoblinManager: Failed to register cave at 69,28 (Terrain rejected)
GoblinManager: Failed to register cave at 56,55 (Terrain rejected)
GoblinManager: Failed to register cave at 71,93 (Terrain rejected)
GoblinManager: Failed to register cave at 68,74 (Terrain rejected)
GoblinManager: Failed to register cave at 95,55 (Terrain rejected)
GoblinManager: Failed to register cave at 41,36 (Terrain rejected)
GoblinManager: Failed to register cave at 62,51 (Terrain rejected)
GoblinManager: Failed to register cave at 68,38 (Terrain rejected)
GoblinManager: Failed to register cave at 30,51 (Terrain rejected)
GoblinManager: Failed to register cave at 15,71 (Terrain rejected)
GoblinManager: Failed to register cave at 80,2 (Terrain rejected)
GoblinManager: Failed to register cave at 84,60 (Terrain rejected)
GoblinManager: Failed to register cave at 49,95 (Terrain rejected)
GoblinManager: Failed to register cave at 0,66 (Terrain rejected)
GoblinManager: Failed to register cave at 77,73 (Terrain rejected)
GoblinManager: Failed to register cave at 30,20 (Terrain rejected)
GoblinManager: Failed to register cave at 36,37 (Terrain rejected)
GoblinManager: Failed to register cave at 22,96 (Terrain rejected)
GoblinManager: Failed to register cave at 88,33 (Terrain rejected)
GoblinManager: Failed to register cave at 39,76 (Terrain rejected)
GoblinManager: Failed to register cave at 84,47 (Terrain rejected)
GoblinManager: Failed to register cave at 80,53 (Terrain rejected)
GoblinManager: Failed to register cave at 82,97 (Terrain rejected)
GoblinManager: Failed to register cave at 40,14 (Terrain rejected)
GoblinManager: Failed to register cave at 48,82 (Terrain rejected)
GoblinManager: Failed to register cave at 98,52 (Terrain rejected)
GoblinManager: Failed to register cave at 76,34 (Terrain rejected)
GoblinManager: Failed to register cave at 66,84 (Terrain rejected)
GoblinManager: Failed to register cave at 78,46 (Terrain rejected)
GoblinManager: Failed to register cave at 20,30 (Terrain rejected)
GoblinManager: Failed to register cave at 93,23 (Terrain rejected)
GoblinManager: Failed to register cave at 29,64 (Terrain rejected)
GoblinManager: Failed to register cave at 41,84 (Terrain rejected)
GoblinManager: Failed to register cave at 41,24 (Terrain rejected)
GoblinManager: Failed to register cave at 85,93 (Terrain rejected)
GoblinManager: Failed to register cave at 46,26 (Terrain rejected)
GoblinManager: Failed to register cave at 52,5 (Terrain rejected)
GoblinManager: Failed to register cave at 11,93 (Terrain rejected)
GoblinManager: Failed to register cave at 82,45 (Terrain rejected)
GoblinManager: Failed to register cave at 27,44 (Terrain rejected)
GoblinManager: Failed to register cave at 30,30 (Terrain rejected)
GoblinManager: Failed to register cave at 68,9 (Terrain rejected)
GoblinManager: Failed to register cave at 16,80 (Terrain rejected)
GoblinManager: Failed to register cave at 10,7 (Terrain rejected)
GoblinManager: Failed to register cave at 9,79 (Terrain rejected)
GoblinManager: Failed to register cave at 10,39 (Terrain rejected)
GoblinManager: Failed to register cave at 45,42 (Terrain rejected)
GoblinManager: Failed to register cave at 16,48 (Terrain rejected)
GoblinManager: Failed to register cave at 64,78 (Terrain rejected)
GoblinManager: Failed to register cave at 33,60 (Terrain rejected)
GoblinManager: Failed to register cave at 34,70 (Terrain rejected)
GoblinManager: Failed to register cave at 37,99 (Terrain rejected)
GoblinManager: Failed to register cave at 82,63 (Terrain rejected)
GoblinManager: Failed to register cave at 60,26 (Terrain rejected)
GoblinManager: Failed to register cave at 22,57 (Terrain rejected)
GoblinManager: Failed to register cave at 74,5 (Terrain rejected)
GoblinManager: Failed to register cave at 3,90 (Terrain rejected)
GoblinManager: Failed to register cave at 48,25 (Terrain rejected)
GoblinManager: Failed to register cave at 64,49 (Terrain rejected)
GoblinManager: Failed to register cave at 39,21 (Terrain rejected)
GoblinManager: Failed to register cave at 63,91 (Terrain rejected)
GoblinManager: Failed to register cave at 12,7 (Terrain rejected)
GoblinManager: Failed to register cave at 66,62 (Terrain rejected)
GoblinManager: Failed to register cave at 63,85 (Terrain rejected)
GoblinManager: Failed to register cave at 90,43 (Terrain rejected)
GoblinManager: Failed to register cave at 55,99 (Terrain rejected)
GoblinManager: Failed to register cave at 14,2 (Terrain rejected)
GoblinManager: Failed to register cave at 26,40 (Terrain rejected)
GoblinManager: Failed to register cave at 83,2 (Terrain rejected)
GoblinManager: Failed to register cave at 59,40 (Terrain rejected)
GoblinManager: Failed to register cave at 39,3 (Terrain rejected)
GoblinManager: Failed to register cave at 97,5 (Terrain rejected)
GoblinManager: Failed to register cave at 50,59 (Terrain rejected)
GoblinManager: Failed to register cave at 65,17 (Terrain rejected)
GoblinManager: Failed to register cave at 88,44 (Terrain rejected)
GoblinManager: Failed to register cave at 44,3 (Terrain rejected)
GoblinManager: Failed to register cave at 21,59 (Terrain rejected)
GoblinManager: Failed to register cave at 27,65 (Terrain rejected)
GoblinManager: Failed to register cave at 23,38 (Terrain rejected)
GoblinManager: Failed to register cave at 20,84 (Terrain rejected)
GoblinManager: Failed to register cave at 26,71 (Terrain rejected)
GoblinManager: Failed to register cave at 0,64 (Terrain rejected)
GoblinManager: Failed to register cave at 40,61 (Terrain rejected)
GoblinManager: Failed to register cave at 80,68 (Terrain rejected)
GoblinManager: Failed to register cave at 11,24 (Terrain rejected)
GoblinManager: Failed to register cave at 34,21 (Terrain rejected)
GoblinManager: Failed to register cave at 4,12 (Terrain rejected)
GoblinManager: Failed to register cave at 82,94 (Terrain rejected)
GoblinManager: Failed to register cave at 32,12 (Terrain rejected)
GoblinManager: Failed to register cave at 63,9 (Terrain rejected)
GoblinManager: Failed to register cave at 33,29 (Terrain rejected)
GoblinManager: Failed to register cave at 20,38 (Terrain rejected)
GoblinManager: Failed to register cave at 13,33 (Terrain rejected)
GoblinManager: Failed to register cave at 30,44 (Terrain rejected)
GoblinManager: Failed to register cave at 69,43 (Terrain rejected)
GoblinManager: Failed to register cave at 52,27 (Terrain rejected)
GoblinManager: Failed to register cave at 26,47 (Terrain rejected)
GoblinManager: Failed to register cave at 81,97 (Terrain rejected)
GoblinManager: Failed to register cave at 99,36 (Terrain rejected)
GoblinManager: Failed to register cave at 28,65 (Terrain rejected)
GoblinManager: Failed to register cave at 64,57 (Terrain rejected)
GoblinManager: Failed to register cave at 39,3 (Terrain rejected)
GoblinManager: Failed to register cave at 58,25 (Terrain rejected)
GoblinManager: Failed to register cave at 26,57 (Terrain rejected)
GoblinManager: Failed to register cave at 60,75 (Terrain rejected)
GoblinManager: Failed to register cave at 20,97 (Terrain rejected)
GoblinManager: Failed to register cave at 58,79 (Terrain rejected)
GoblinManager: Failed to register cave at 75,60 (Terrain rejected)
GoblinManager: Failed to register cave at 86,57 (Terrain rejected)
GoblinManager: Failed to register cave at 17,72 (Terrain rejected)
GoblinManager: Failed to register cave at 11,72 (Terrain rejected)
GoblinManager: Failed to register cave at 34,35 (Terrain rejected)
GoblinManager: Failed to register cave at 81,82 (Terrain rejected)
GoblinManager: Failed to register cave at 57,95 (Terrain rejected)
GoblinManager: Failed to register cave at 39,33 (Terrain rejected)
GoblinManager: Failed to register cave at 11,74 (Terrain rejected)
GoblinManager: Failed to register cave at 78,31 (Terrain rejected)
GoblinManager: Failed to register cave at 35,82 (Terrain rejected)
GoblinManager: Failed to register cave at 47,74 (Terrain rejected)
GoblinManager: Failed to register cave at 92,4 (Terrain rejected)
GoblinManager: Failed to register cave at 59,13 (Terrain rejected)
GoblinManager: Failed to register cave at 30,65 (Terrain rejected)
GoblinManager: Failed to register cave at 67,86 (Terrain rejected)
GoblinManager: Failed to register cave at 80,45 (Terrain rejected)
GoblinManager: Failed to register cave at 42,46 (Terrain rejected)
GoblinManager: Failed to register cave at 10,76 (Terrain rejected)
GoblinManager: Failed to register cave at 16,33 (Terrain rejected)
GoblinManager: Failed to register cave at 81,19 (Terrain rejected)
GoblinManager: Failed to register cave at 47,84 (Terrain rejected)
GoblinManager: Failed to register cave at 51,45 (Terrain rejected)
GoblinManager: Failed to register cave at 5,25 (Terrain rejected)
GoblinManager: Failed to register cave at 50,20 (Terrain rejected)
GoblinManager: Failed to register cave at 16,33 (Terrain rejected)
GoblinManager: Failed to register cave at 94,49 (Terrain rejected)
GoblinManager: Failed to register cave at 11,91 (Terrain rejected)
GoblinManager: Failed to register cave at 21,20 (Terrain rejected)
GoblinManager: Failed to register cave at 33,93 (Terrain rejected)
GoblinManager: Failed to register cave at 27,80 (Terrain rejected)
GoblinManager: Failed to register cave at 10,63 (Terrain rejected)
GoblinManager: Failed to register cave at 54,70 (Terrain rejected)
GoblinManager: Failed to register cave at 10,66 (Terrain rejected)
GoblinManager: Failed to register cave at 62,87 (Terrain rejected)
GoblinManager: Failed to register cave at 28,31 (Terrain rejected)
GoblinManager: Failed to register cave at 43,64 (Terrain rejected)
GoblinManager: Failed to register cave at 11,85 (Terrain rejected)
GoblinManager: Failed to register cave at 8,75 (Terrain rejected)
GoblinManager: Failed to register cave at 86,90 (Terrain rejected)
GoblinManager: Failed to register cave at 19,97 (Terrain rejected)
GoblinManager: Failed to register cave at 36,21 (Terrain rejected)
GoblinManager: Failed to register cave at 32,79 (Terrain rejected)
GoblinManager: Failed to register cave at 35,44 (Terrain rejected)
GoblinManager: Failed to register cave at 25,67 (Terrain rejected)
GoblinManager: Failed to register cave at 67,77 (Terrain rejected)
GoblinManager: Failed to register cave at 48,8 (Terrain rejected)
GoblinManager: Failed to register cave at 48,19 (Terrain rejected)
GoblinManager: Failed to register cave at 72,53 (Terrain rejected)
GoblinManager: Failed to register cave at 18,99 (Terrain rejected)
GoblinManager: Failed to register cave at 97,27 (Terrain rejected)
GoblinManager: Failed to register cave at 99,78 (Terrain rejected)
GoblinManager: Failed to register cave at 50,13 (Terrain rejected)
GoblinManager: Failed to register cave at 84,39 (Terrain rejected)
GoblinManager: Failed to register cave at 69,59 (Terrain rejected)
GoblinManager: Failed to register cave at 22,68 (Terrain rejected)
GoblinManager: Failed to register cave at 74,35 (Terrain rejected)
GoblinManager: Failed to register cave at 93,45 (Terrain rejected)
GoblinManager: Failed to register cave at 7,74 (Terrain rejected)
GoblinManager: Failed to register cave at 43,54 (Terrain rejected)
GoblinManager: Failed to register cave at 25,68 (Terrain rejected)
GoblinManager: Failed to register cave at 74,93 (Terrain rejected)
GoblinManager: Failed to register cave at 49,87 (Terrain rejected)
GoblinManager: Failed to register cave at 65,86 (Terrain rejected)
GoblinManager: Failed to register cave at 5,78 (Terrain rejected)
GoblinManager: Failed to register cave at 87,84 (Terrain rejected)
GoblinManager: Failed to register cave at 68,99 (Terrain rejected)
GoblinManager: Failed to register cave at 16,31 (Terrain rejected)
GoblinManager: Failed to register cave at 36,55 (Terrain rejected)
GoblinManager: Failed to register cave at 11,17 (Terrain rejected)
GoblinManager: Failed to register cave at 97,10 (Terrain rejected)
GoblinManager: Failed to register cave at 28,17 (Terrain rejected)
GoblinManager: Failed to register cave at 70,5 (Terrain rejected)
GoblinManager: Failed to register cave at 44,53 (Terrain rejected)
GoblinManager: Failed to register cave at 71,18 (Terrain rejected)
GoblinManager: Failed to register cave at 81,73 (Terrain rejected)
GoblinManager: Failed to register cave at 21,30 (Terrain rejected)
GoblinManager: Failed to register cave at 46,62 (Terrain rejected)
GoblinManager: Failed to register cave at 28,18 (Terrain rejected)
GoblinManager: Failed to register cave at 98,14 (Terrain rejected)
GoblinManager: Failed to register cave at 97,45 (Terrain rejected)
GoblinManager: Failed to register cave at 35,55 (Terrain rejected)
GoblinManager: Failed to register cave at 7,49 (Terrain rejected)
GoblinManager: Failed to register cave at 45,52 (Terrain rejected)
GoblinManager: Failed to register cave at 82,69 (Terrain rejected)
GoblinManager: Failed to register cave at 56,46 (Terrain rejected)
GoblinManager: Failed to register cave at 48,94 (Terrain rejected)
GoblinManager: Failed to register cave at 52,72 (Terrain rejected)
GoblinManager: Failed to register cave at 88,29 (Terrain rejected)
GoblinManager: Failed to register cave at 83,71 (Terrain rejected)
GoblinManager: Failed to register cave at 9,36 (Terrain rejected)
GoblinManager: Failed to register cave at 4,39 (Terrain rejected)
GoblinManager: Failed to register cave at 51,41 (Terrain rejected)
GoblinManager: Failed to register cave at 49,5 (Terrain rejected)
GoblinManager: Failed to register cave at 30,20 (Terrain rejected)
GoblinManager: Failed to register cave at 75,22 (Terrain rejected)
GoblinManager: Failed to register cave at 14,53 (Terrain rejected)
GoblinManager: Failed to register cave at 78,4 (Terrain rejected)
GoblinManager: Failed to register cave at 94,23 (Terrain rejected)
GoblinManager: Failed to register cave at 57,42 (Terrain rejected)
GoblinManager: Failed to register cave at 40,6 (Terrain rejected)
GoblinManager: Failed to register cave at 37,13 (Terrain rejected)
GoblinManager: Failed to register cave at 78,11 (Terrain rejected)
GoblinManager: Failed to register cave at 70,64 (Terrain rejected)
GoblinManager: Failed to register cave at 71,64 (Terrain rejected)
GoblinManager: Failed to register cave at 0,53 (Terrain rejected)
GoblinManager: Failed to register cave at 76,26 (Terrain rejected)
GoblinManager: Failed to register cave at 8,42 (Terrain rejected)
GoblinManager: Failed to register cave at 32,37 (Terrain rejected)
GoblinManager: Failed to register cave at 24,36 (Terrain rejected)
GoblinManager: Failed to register cave at 67,5 (Terrain rejected)
GoblinManager: Failed to register cave at 24,3 (Terrain rejected)
GoblinManager: Failed to register cave at 42,80 (Terrain rejected)
GoblinManager: Failed to register cave at 52,24 (Terrain rejected)
GoblinManager: Failed to register cave at 61,30 (Terrain rejected)
GoblinManager: Failed to register cave at 26,92 (Terrain rejected)
GoblinManager: Failed to register cave at 32,59 (Terrain rejected)
GoblinManager: Failed to register cave at 70,7 (Terrain rejected)
GoblinManager: Failed to register cave at 94,3 (Terrain rejected)
GoblinManager: Failed to register cave at 84,65 (Terrain rejected)
GoblinManager: Failed to register cave at 69,82 (Terrain rejected)
GoblinManager: Failed to register cave at 60,41 (Terrain rejected)
GoblinManager: Failed to register cave at 60,20 (Terrain rejected)
GoblinManager: Failed to register cave at 41,29 (Terrain rejected)
GoblinManager: Failed to register cave at 64,64 (Terrain rejected)
GoblinManager: Failed to register cave at 56,23 (Terrain rejected)
GoblinManager: Failed to register cave at 74,59 (Terrain rejected)
GoblinManager: Failed to register cave at 64,82 (Terrain rejected)
GoblinManager: Failed to register cave at 27,17 (Terrain rejected)
GoblinManager: Failed to register cave at 66,68 (Terrain rejected)
GoblinManager: Failed to register cave at 72,52 (Terrain rejected)
GoblinManager: Failed to register cave at 60,22 (Terrain rejected)
GoblinManager: Failed to register cave at 70,55 (Terrain rejected)
GoblinManager: Failed to register cave at 21,94 (Terrain rejected)
GoblinManager: Failed to register cave at 61,43 (Terrain rejected)
GoblinManager: Failed to register cave at 1,76 (Terrain rejected)
GoblinManager: Failed to register cave at 81,45 (Terrain rejected)
GoblinManager: Failed to register cave at 79,56 (Terrain rejected)
GoblinManager: Failed to register cave at 86,66 (Terrain rejected)
GoblinManager: Failed to register cave at 77,71 (Terrain rejected)
GoblinManager: Failed to register cave at 43,20 (Terrain rejected)
GoblinManager: Failed to register cave at 5,15 (Terrain rejected)
GoblinManager: Failed to register cave at 77,98 (Terrain rejected)
GoblinManager: Failed to register cave at 55,95 (Terrain rejected)
GoblinManager: Failed to register cave at 15,95 (Terrain rejected)
GoblinManager: Failed to register cave at 84,60 (Terrain rejected)
GoblinManager: Failed to register cave at 83,86 (Terrain rejected)
GoblinManager: Failed to register cave at 25,37 (Terrain rejected)
GoblinManager: Failed to register cave at 31,20 (Terrain rejected)
GoblinManager: Failed to register cave at 58,12 (Terrain rejected)
GoblinManager: Failed to register cave at 55,98 (Terrain rejected)
GoblinManager: Failed to register cave at 58,79 (Terrain rejected)
GoblinManager: Failed to register cave at 25,4 (Terrain rejected)
GoblinManager: Failed to register cave at 95,70 (Terrain rejected)
GoblinManager: Failed to register cave at 52,91 (Terrain rejected)
GoblinManager: Failed to register cave at 35,67 (Terrain rejected)
GoblinManager: Failed to register cave at 26,49 (Terrain rejected)
GoblinManager: Failed to register cave at 62,51 (Terrain rejected)
GoblinManager: Failed to register cave at 65,1 (Terrain rejected)
GoblinManager: Failed to register cave at 18,75 (Terrain rejected)
GoblinManager: Failed to register cave at 66,93 (Terrain rejected)
GoblinManager: Failed to register cave at 8,50 (Terrain rejected)
GoblinManager: Failed to register cave at 67,77 (Terrain rejected)
GoblinManager: Failed to register cave at 36,40 (Terrain rejected)
GoblinManager: Failed to register cave at 35,64 (Terrain rejected)
GoblinManager: Failed to register cave at 95,36 (Terrain rejected)
GoblinManager: Failed to register cave at 16,88 (Terrain rejected)
GoblinManager: Failed to register cave at 21,0 (Terrain rejected)
GoblinManager: Failed to register cave at 93,9 (Terrain rejected)
GoblinManager: Failed to register cave at 55,67 (Terrain rejected)
GoblinManager: Failed to register cave at 63,78 (Terrain rejected)
GoblinManager: Failed to register cave at 35,21 (Terrain rejected)
GoblinManager: Failed to register cave at 27,86 (Terrain rejected)
GoblinManager: Failed to register cave at 78,49 (Terrain rejected)
GoblinManager: Failed to register cave at 52,88 (Terrain rejected)
GoblinManager: Failed to register cave at 60,67 (Terrain rejected)
GoblinManager: Failed to register cave at 51,69 (Terrain rejected)
GoblinManager: Failed to register cave at 77,68 (Terrain rejected)
GoblinManager: Failed to register cave at 61,13 (Terrain rejected)
GoblinManager: Failed to register cave at 97,36 (Terrain rejected)
GoblinManager: Failed to register cave at 14,4 (Terrain rejected)
GoblinManager: Failed to register cave at 57,99 (Terrain rejected)
GoblinManager: Failed to register cave at 77,95 (Terrain rejected)
GoblinManager: Failed to register cave at 63,11 (Terrain rejected)
GoblinManager: Failed to register cave at 42,63 (Terrain rejected)
GoblinManager: Failed to register cave at 22,58 (Terrain rejected)
GoblinManager: Failed to register cave at 74,99 (Terrain rejected)
GoblinManager: Failed to register cave at 88,57 (Terrain rejected)
GoblinManager: Failed to register cave at 40,86 (Terrain rejected)
GoblinManager: Failed to register cave at 45,23 (Terrain rejected)
GoblinManager: Failed to register cave at 0,5 (Terrain rejected)
GoblinManager: Failed to register cave at 88,73 (Terrain rejected)
GoblinManager: Failed to register cave at 55,64 (Terrain rejected)
GoblinManager: Failed to register cave at 71,40 (Terrain rejected)
GoblinManager: Failed to register cave at 14,70 (Terrain rejected)
GoblinManager: Failed to register cave at 17,83 (Terrain rejected)
GoblinManager: Failed to register cave at 94,26 (Terrain rejected)
GoblinManager: Failed to register cave at 28,91 (Terrain rejected)
GoblinManager: Failed to register cave at 75,6 (Terrain rejected)
GoblinManager: Failed to register cave at 65,49 (Terrain rejected)
GoblinManager: Failed to register cave at 60,55 (Terrain rejected)
GoblinManager: Failed to register cave at 47,9 (Terrain rejected)
GoblinManager: Failed to register cave at 90,37 (Terrain rejected)
GoblinManager: Failed to register cave at 29,62 (Terrain rejected)
GoblinManager: Failed to register cave at 63,56 (Terrain rejected)
GoblinManager: Failed to register cave at 52,67 (Terrain rejected)
GoblinManager: Failed to register cave at 88,16 (Terrain rejected)
GoblinManager: Failed to register cave at 49,62 (Terrain rejected)
GoblinManager: Failed to register cave at 33,70 (Terrain rejected)
GoblinManager: Failed to register cave at 99,3 (Terrain rejected)
GoblinManager: Failed to register cave at 43,72 (Terrain rejected)
GoblinManager: Failed to register cave at 81,26 (Terrain rejected)
GoblinManager: Failed to register cave at 68,61 (Terrain rejected)
GoblinManager: Failed to register cave at 29,73 (Terrain rejected)
GoblinManager: Failed to register cave at 74,49 (Terrain rejected)
GoblinManager: Failed to register cave at 91,9 (Terrain rejected)
GoblinManager: Failed to register cave at 60,18 (Terrain rejected)
GoblinManager: Failed to register cave at 32,91 (Terrain rejected)
GoblinManager: Failed to register cave at 47,54 (Terrain rejected)
GoblinManager: Failed to register cave at 50,45 (Terrain rejected)
GoblinManager: Failed to register cave at 49,74 (Terrain rejected)
GoblinManager: Failed to register cave at 17,72 (Terrain rejected)
GoblinManager: Failed to register cave at 13,68 (Terrain rejected)
GoblinManager: Failed to register cave at 84,89 (Terrain rejected)
GoblinManager: Failed to register cave at 59,19 (Terrain rejected)
GoblinManager: Failed to register cave at 89,50 (Terrain rejected)
GoblinManager: Failed to register cave at 90,29 (Terrain rejected)
GoblinManager: Failed to register cave at 78,37 (Terrain rejected)
GoblinManager: Failed to register cave at 20,15 (Terrain rejected)
GoblinManager: Failed to register cave at 11,59 (Terrain rejected)
GoblinManager: Failed to register cave at 44,84 (Terrain rejected)
GoblinManager: Failed to register cave at 41,85 (Terrain rejected)
GoblinManager: Failed to register cave at 29,59 (Terrain rejected)
GoblinManager: Failed to register cave at 86,26 (Terrain rejected)
GoblinManager: Failed to register cave at 69,50 (Terrain rejected)
GoblinManager: Failed to register cave at 44,60 (Terrain rejected)
GoblinManager: Failed to register cave at 17,73 (Terrain rejected)
GoblinManager: Failed to register cave at 78,63 (Terrain rejected)
GoblinManager: Failed to register cave at 38,21 (Terrain rejected)
GoblinManager: Failed to register cave at 38,93 (Terrain rejected)
GoblinManager: Failed to register cave at 42,67 (Terrain rejected)
GoblinManager: Failed to register cave at 65,98 (Terrain rejected)
GoblinManager: Failed to register cave at 76,64 (Terrain rejected)
GoblinManager: Failed to register cave at 52,55 (Terrain rejected)
GoblinManager: Failed to register cave at 92,32 (Terrain rejected)
GoblinManager: Failed to register cave at 55,2 (Terrain rejected)
GoblinManager: Failed to register cave at 60,68 (Terrain rejected)
GoblinManager: Failed to register cave at 52,41 (Terrain rejected)
GoblinManager: Failed to register cave at 45,7 (Terrain rejected)
GoblinManager: Failed to register cave at 9,1 (Terrain rejected)
GoblinManager: Failed to register cave at 68,72 (Terrain rejected)
GoblinManager: Failed to register cave at 31,89 (Terrain rejected)
GoblinManager: Failed to register cave at 14,28 (Terrain rejected)
GoblinManager: Failed to register cave at 69,77 (Terrain rejected)
GoblinManager: Failed to register cave at 36,73 (Terrain rejected)
GoblinManager: Failed to register cave at 27,88 (Terrain rejected)
GoblinManager: Failed to register cave at 4,55 (Terrain rejected)
GoblinManager: Failed to register cave at 67,48 (Terrain rejected)
GoblinManager: Failed to register cave at 41,33 (Terrain rejected)
GoblinManager: Failed to register cave at 76,47 (Terrain rejected)
GoblinManager: Failed to register cave at 22,81 (Terrain rejected)
GoblinManager: Failed to register cave at 82,49 (Terrain rejected)
GoblinManager: Failed to register cave at 91,86 (Terrain rejected)
GoblinManager: Failed to register cave at 8,7 (Terrain rejected)
GoblinManager: Failed to register cave at 11,10 (Terrain rejected)
GoblinManager: Failed to register cave at 77,3 (Terrain rejected)
GoblinManager: Failed to register cave at 94,16 (Terrain rejected)
GoblinManager: Failed to register cave at 22,73 (Terrain rejected)
GoblinManager: Failed to register cave at 24,55 (Terrain rejected)
GoblinManager: Failed to register cave at 24,9 (Terrain rejected)
GoblinManager: Failed to register cave at 58,51 (Terrain rejected)
GoblinManager: Failed to register cave at 25,33 (Terrain rejected)
GoblinManager: Failed to register cave at 37,62 (Terrain rejected)
GoblinManager: Failed to register cave at 33,33 (Terrain rejected)
GoblinManager: Failed to register cave at 72,41 (Terrain rejected)
GoblinManager: Failed to register cave at 41,66 (Terrain rejected)
GoblinManager: Failed to register cave at 96,74 (Terrain rejected)
GoblinManager: Failed to register cave at 73,55 (Terrain rejected)
GoblinManager: Failed to register cave at 55,3 (Terrain rejected)
GoblinManager: Failed to register cave at 36,29 (Terrain rejected)
GoblinManager: Failed to register cave at 97,54 (Terrain rejected)
GoblinManager: Failed to register cave at 96,21 (Terrain rejected)
GoblinManager: Failed to register cave at 82,54 (Terrain rejected)
GoblinManager: Failed to register cave at 26,8 (Terrain rejected)
GoblinManager: Failed to register cave at 77,89 (Terrain rejected)
GoblinManager: Failed to register cave at 32,17 (Terrain rejected)
GoblinManager: Failed to register cave at 58,13 (Terrain rejected)
GoblinManager: Failed to register cave at 45,34 (Terrain rejected)
GoblinManager: Failed to register cave at 56,19 (Terrain rejected)
GoblinManager: Failed to register cave at 61,48 (Terrain rejected)
GoblinManager: Failed to register cave at 44,62 (Terrain rejected)
GoblinManager: Failed to register cave at 29,25 (Terrain rejected)
GoblinManager: Failed to register cave at 13,81 (Terrain rejected)
GoblinManager: Failed to register cave at 49,36 (Terrain rejected)
GoblinManager: Failed to register cave at 36,25 (Terrain rejected)
GoblinManager: Failed to register cave at 23,21 (Terrain rejected)
GoblinManager: Failed to register cave at 85,34 (Terrain rejected)
GoblinManager: Failed to register cave at 72,21 (Terrain rejected)
GoblinManager: Failed to register cave at 6,86 (Terrain rejected)
GoblinManager: Failed to register cave at 21,91 (Terrain rejected)
GoblinManager: Failed to register cave at 64,45 (Terrain rejected)
GoblinManager: Failed to register cave at 73,79 (Terrain rejected)
GoblinManager: Failed to register cave at 94,49 (Terrain rejected)
GoblinManager: Failed to register cave at 36,9 (Terrain rejected)
GoblinManager: Failed to register cave at 85,93 (Terrain rejected)
GoblinManager: Failed to register cave at 41,40 (Terrain rejected)
GoblinManager: Failed to register cave at 25,82 (Terrain rejected)
GoblinManager: Failed to register cave at 91,50 (Terrain rejected)
GoblinManager: Failed to register cave at 96,31 (Terrain rejected)
GoblinManager: Failed to register cave at 67,52 (Terrain rejected)
GoblinManager: Failed to register cave at 25,14 (Terrain rejected)
GoblinManager: Failed to register cave at 13,75 (Terrain rejected)
GoblinManager: Failed to register cave at 54,55 (Terrain rejected)
GoblinManager: Failed to register cave at 49,66 (Terrain rejected)
GoblinManager: Failed to register cave at 35,14 (Terrain rejected)
GoblinManager: Failed to register cave at 82,26 (Terrain rejected)
GoblinManager: Failed to register cave at 95,34 (Terrain rejected)
GoblinManager: Failed to register cave at 76,84 (Terrain rejected)
GoblinManager: Failed to register cave at 25,49 (Terrain rejected)
GoblinManager: Failed to register cave at 44,87 (Terrain rejected)
GoblinManager: Failed to register cave at 96,97 (Terrain rejected)
GoblinManager: Failed to register cave at 27,10 (Terrain rejected)
GoblinManager: Failed to register cave at 84,70 (Terrain rejected)
GoblinManager: Failed to register cave at 46,59 (Terrain rejected)
GoblinManager: Failed to register cave at 10,11 (Terrain rejected)
GoblinManager: Failed to register cave at 60,70 (Terrain rejected)
GoblinManager: Failed to register cave at 67,55 (Terrain rejected)
GoblinManager: Failed to register cave at 28,81 (Terrain rejected)
GoblinManager: Failed to register cave at 23,86 (Terrain rejected)
GoblinManager: Failed to register cave at 52,28 (Terrain rejected)
GoblinManager: Failed to register cave at 9,34 (Terrain rejected)
GoblinManager: Failed to register cave at 28,70 (Terrain rejected)
GoblinManager: Failed to register cave at 70,45 (Terrain rejected)
GoblinManager: Failed to register cave at 55,10 (Terrain rejected)
GoblinManager: Failed to register cave at 75,84 (Terrain rejected)
GoblinManager: Failed to register cave at 67,16 (Terrain rejected)
GoblinManager: Failed to register cave at 28,87 (Terrain rejected)
GoblinManager: Failed to register cave at 37,57 (Terrain rejected)
GoblinManager: Failed to register cave at 82,63 (Terrain rejected)
GoblinManager: Failed to register cave at 20,43 (Terrain rejected)
GoblinManager: Failed to register cave at 59,5 (Terrain rejected)
GoblinManager: Failed to register cave at 28,33 (Terrain rejected)
GoblinManager: Failed to register cave at 48,5 (Terrain rejected)
GoblinManager: Failed to register cave at 32,16 (Terrain rejected)
GoblinManager: Failed to register cave at 63,82 (Terrain rejected)
GoblinManager: Failed to register cave at 25,23 (Terrain rejected)
GoblinManager: Failed to register cave at 97,53 (Terrain rejected)
GoblinManager: Failed to register cave at 6,53 (Terrain rejected)
GoblinManager: Failed to register cave at 35,1 (Terrain rejected)
GoblinManager: Failed to register cave at 72,17 (Terrain rejected)
GoblinManager: Failed to register cave at 80,70 (Terrain rejected)
GoblinManager: Failed to register cave at 98,12 (Terrain rejected)
GoblinManager: Failed to register cave at 70,82 (Terrain rejected)
GoblinManager: Failed to register cave at 95,10 (Terrain rejected)
GoblinManager: Failed to register cave at 73,69 (Terrain rejected)
GoblinManager: Failed to register cave at 55,12 (Terrain rejected)
GoblinManager: Failed to register cave at 76,5 (Terrain rejected)
GoblinManager: Failed to register cave at 25,1 (Terrain rejected)
GoblinManager: Failed to register cave at 64,11 (Terrain rejected)
GoblinManager: Failed to register cave at 52,72 (Terrain rejected)
GoblinManager: Failed to register cave at 11,51 (Terrain rejected)
GoblinManager: Failed to register cave at 74,32 (Terrain rejected)
GoblinManager: Failed to register cave at 91,6 (Terrain rejected)
GoblinManager: Failed to register cave at 15,0 (Terrain rejected)
GoblinManager: Failed to register cave at 63,40 (Terrain rejected)
GoblinManager: Failed to register cave at 34,12 (Terrain rejected)
GoblinManager: Failed to register cave at 43,86 (Terrain rejected)
GoblinManager: Failed to register cave at 41,48 (Terrain rejected)
GoblinManager: Failed to register cave at 64,57 (Terrain rejected)
GoblinManager: Failed to register cave at 58,16 (Terrain rejected)
GoblinManager: Failed to register cave at 91,80 (Terrain rejected)
GoblinManager: Failed to register cave at 14,1 (Terrain rejected)
GoblinManager: Failed to register cave at 33,30 (Terrain rejected)
GoblinManager: Failed to register cave at 6,13 (Terrain rejected)
GoblinManager: Failed to register cave at 2,91 (Terrain rejected)
GoblinManager: Failed to register cave at 86,17 (Terrain rejected)
GoblinManager: Failed to register cave at 55,44 (Terrain rejected)
GoblinManager: Failed to register cave at 70,18 (Terrain rejected)
GoblinManager: Failed to register cave at 31,7 (Terrain rejected)
GoblinManager: Failed to register cave at 73,12 (Terrain rejected)
GoblinManager: Failed to register cave at 61,31 (Terrain rejected)
GoblinManager: Failed to register cave at 40,11 (Terrain rejected)
GoblinManager: Failed to register cave at 22,88 (Terrain rejected)
GoblinManager: Failed to register cave at 57,31 (Terrain rejected)
GoblinManager: Failed to register cave at 36,93 (Terrain rejected)
GoblinManager: Failed to register cave at 39,89 (Terrain rejected)
GoblinManager: Failed to register cave at 43,9 (Terrain rejected)
GoblinManager: Failed to register cave at 10,50 (Terrain rejected)
GoblinManager: Failed to register cave at 1,23 (Terrain rejected)
GoblinManager: Failed to register cave at 12,35 (Terrain rejected)
GoblinManager: Failed to register cave at 18,12 (Terrain rejected)
GoblinManager: Failed to register cave at 42,8 (Terrain rejected)
GoblinManager: Failed to register cave at 42,2 (Terrain rejected)
GoblinManager: Failed to register cave at 56,83 (Terrain rejected)
GoblinManager: Failed to register cave at 65,40 (Terrain rejected)
GoblinManager: Failed to register cave at 63,48 (Terrain rejected)
GoblinManager: Failed to register cave at 62,16 (Terrain rejected)
GoblinManager: Failed to register cave at 70,66 (Terrain rejected)
GoblinManager: Failed to register cave at 37,29 (Terrain rejected)
GoblinManager: Failed to register cave at 61,78 (Terrain rejected)
GoblinManager: Failed to register cave at 61,50 (Terrain rejected)
GoblinManager: Failed to register cave at 13,15 (Terrain rejected)
GoblinManager: Failed to register cave at 37,32 (Terrain rejected)
GoblinManager: Failed to register cave at 61,77 (Terrain rejected)
GoblinManager: Failed to register cave at 56,26 (Terrain rejected)
GoblinManager: Failed to register cave at 12,86 (Terrain rejected)
GoblinManager: Failed to register cave at 50,50 (Terrain rejected)
GoblinManager: Failed to register cave at 58,89 (Terrain rejected)
GoblinManager: Failed to register cave at 91,69 (Terrain rejected)
GoblinManager: Failed to register cave at 59,32 (Terrain rejected)
GoblinManager: Failed to register cave at 26,92 (Terrain rejected)
GoblinManager: Failed to register cave at 83,18 (Terrain rejected)
GoblinManager: Failed to register cave at 48,94 (Terrain rejected)
GoblinManager: Failed to register cave at 72,39 (Terrain rejected)
GoblinManager: Failed to register cave at 65,4 (Terrain rejected)
GoblinManager: Failed to register cave at 88,90 (Terrain rejected)
GoblinManager: Failed to register cave at 15,39 (Terrain rejected)
GoblinManager: Failed to register cave at 18,84 (Terrain rejected)
GoblinManager: Failed to register cave at 8,88 (Terrain rejected)
GoblinManager: Failed to register cave at 80,98 (Terrain rejected)
GoblinManager: Failed to register cave at 26,56 (Terrain rejected)
GoblinManager: Failed to register cave at 16,66 (Terrain rejected)
GoblinManager: Failed to register cave at 90,70 (Terrain rejected)
GoblinManager: Failed to register cave at 20,71 (Terrain rejected)
GoblinManager: Failed to register cave at 66,13 (Terrain rejected)
GoblinManager: Failed to register cave at 32,62 (Terrain rejected)
GoblinManager: Failed to register cave at 40,43 (Terrain rejected)
GoblinManager: Failed to register cave at 7,43 (Terrain rejected)
GoblinManager: Failed to register cave at 53,65 (Terrain rejected)
GoblinManager: Failed to register cave at 85,49 (Terrain rejected)
GoblinManager: Failed to register cave at 41,33 (Terrain rejected)
GoblinManager: Failed to register cave at 57,98 (Terrain rejected)
GoblinManager: Failed to register cave at 41,96 (Terrain rejected)
GoblinManager: Failed to register cave at 18,47 (Terrain rejected)
GoblinManager: Failed to register cave at 19,62 (Terrain rejected)
GoblinManager: Failed to register cave at 34,93 (Terrain rejected)
GoblinManager: Failed to register cave at 58,37 (Terrain rejected)
GoblinManager: Failed to register cave at 16,28 (Terrain rejected)
GoblinManager: Failed to register cave at 16,62 (Terrain rejected)
GoblinManager: Failed to register cave at 59,8 (Terrain rejected)
GoblinManager: Failed to register cave at 97,3 (Terrain rejected)
GoblinManager: Failed to register cave at 78,69 (Terrain rejected)
GoblinManager: Failed to register cave at 4,43 (Terrain rejected)
GoblinManager: Failed to register cave at 71,1 (Terrain rejected)
GoblinManager: Failed to register cave at 28,33 (Terrain rejected)
GoblinManager: Failed to register cave at 93,57 (Terrain rejected)
GoblinManager: Failed to register cave at 51,17 (Terrain rejected)
GoblinManager: Failed to register cave at 43,21 (Terrain rejected)
GoblinManager: Failed to register cave at 19,18 (Terrain rejected)
GoblinManager: Failed to register cave at 85,77 (Terrain rejected)
GoblinManager: Failed to register cave at 89,62 (Terrain rejected)
GoblinManager: Failed to register cave at 14,41 (Terrain rejected)
GoblinManager: Failed to register cave at 91,34 (Terrain rejected)
GoblinManager: Failed to register cave at 65,52 (Terrain rejected)
GoblinManager: Failed to register cave at 20,30 (Terrain rejected)
GoblinManager: Failed to register cave at 80,62 (Terrain rejected)
GoblinManager: Failed to register cave at 64,49 (Terrain rejected)
GoblinManager: Failed to register cave at 91,68 (Terrain rejected)
GoblinManager: Failed to register cave at 11,96 (Terrain rejected)
GoblinManager: Failed to register cave at 5,91 (Terrain rejected)
GoblinManager: Failed to register cave at 98,20 (Terrain rejected)
GoblinManager: Failed to register cave at 88,18 (Terrain rejected)
GoblinManager: Failed to register cave at 13,86 (Terrain rejected)
GoblinManager: Failed to register cave at 91,51 (Terrain rejected)
GoblinManager: Failed to register cave at 96,71 (Terrain rejected)
GoblinManager: Failed to register cave at 59,26 (Terrain rejected)
GoblinManager: Failed to register cave at 71,93 (Terrain rejected)
GoblinManager: Failed to register cave at 96,30 (Terrain rejected)
GoblinManager: Failed to register cave at 33,13 (Terrain rejected)
GoblinManager: Failed to register cave at 71,52 (Terrain rejected)
GoblinManager: Failed to register cave at 69,28 (Terrain rejected)
GoblinManager: Failed to register cave at 61,14 (Terrain rejected)
GoblinManager: Failed to register cave at 32,19 (Terrain rejected)
GoblinManager: Failed to register cave at 98,73 (Terrain rejected)
GoblinManager: Failed to register cave at 42,28 (Terrain rejected)
GoblinManager: Failed to register cave at 2,48 (Terrain rejected)
GoblinManager: Failed to register cave at 4,15 (Terrain rejected)
GoblinManager: Failed to register cave at 66,29 (Terrain rejected)
GoblinManager: Failed to register cave at 21,89 (Terrain rejected)
GoblinManager: Failed to register cave at 80,97 (Terrain rejected)
GoblinManager: Failed to register cave at 21,55 (Terrain rejected)
GoblinManager: Failed to register cave at 64,40 (Terrain rejected)
GoblinManager: Failed to register cave at 61,80 (Terrain rejected)
GoblinManager: Failed to register cave at 64,78 (Terrain rejected)
GoblinManager: Failed to register cave at 33,41 (Terrain rejected)
GoblinManager: Failed to register cave at 93,38 (Terrain rejected)
GoblinManager: Failed to register cave at 6,11 (Terrain rejected)
GoblinManager: Failed to register cave at 27,77 (Terrain rejected)
GoblinManager: Failed to register cave at 23,41 (Terrain rejected)
GoblinManager: Failed to register cave at 63,92 (Terrain rejected)
GoblinManager: Failed to register cave at 87,35 (Terrain rejected)
GoblinManager: Failed to register cave at 11,8 (Terrain rejected)
GoblinManager: Failed to register cave at 0,8 (Terrain rejected)
GoblinManager: Failed to register cave at 40,69 (Terrain rejected)
GoblinManager: Failed to register cave at 42,16 (Terrain rejected)
GoblinManager: Failed to register cave at 10,22 (Terrain rejected)
GoblinManager: Failed to register cave at 9,92 (Terrain rejected)
GoblinManager: Failed to register cave at 84,82 (Terrain rejected)
GoblinManager: Failed to register cave at 90,57 (Terrain rejected)
GoblinManager: Failed to register cave at 86,81 (Terrain rejected)
GoblinManager: Failed to register cave at 36,93 (Terrain rejected)
GoblinManager: Failed to register cave at 9,56 (Terrain rejected)
GoblinManager: Failed to register cave at 91,32 (Terrain rejected)
GoblinManager: Failed to register cave at 89,40 (Terrain rejected)
GoblinManager: Failed to register cave at 14,29 (Terrain rejected)
GoblinManager: Failed to register cave at 83,61 (Terrain rejected)
GoblinManager: Failed to register cave at 20,93 (Terrain rejected)
GoblinManager: Failed to register cave at 17,39 (Terrain rejected)
GoblinManager: Failed to register cave at 74,21 (Terrain rejected)
GoblinManager: Failed to register cave at 6,33 (Terrain rejected)
GoblinManager: Failed to register cave at 50,8 (Terrain rejected)
GoblinManager: Failed to register cave at 39,61 (Terrain rejected)
GoblinManager: Failed to register cave at 68,89 (Terrain rejected)
GoblinManager: Failed to register cave at 91,74 (Terrain rejected)
GoblinManager: Failed to register cave at 83,22 (Terrain rejected)
GoblinManager: Failed to register cave at 93,80 (Terrain rejected)
GoblinManager: Failed to register cave at 47,50 (Terrain rejected)
GoblinManager: Failed to register cave at 82,45 (Terrain rejected)
GoblinManager: Failed to register cave at 25,39 (Terrain rejected)
GoblinManager: Failed to register cave at 13,43 (Terrain rejected)
GoblinManager: Failed to register cave at 69,94 (Terrain rejected)
GoblinManager: Failed to register cave at 95,94 (Terrain rejected)
GoblinManager: Failed to register cave at 62,86 (Terrain rejected)
GoblinManager: Failed to register cave at 6,27 (Terrain rejected)
GoblinManager: Failed to register cave at 21,27 (Terrain rejected)
GoblinManager: Failed to register cave at 67,63 (Terrain rejected)
GoblinManager: Failed to register cave at 91,33 (Terrain rejected)
GoblinManager: Failed to register cave at 62,86 (Terrain rejected)
GoblinManager: Failed to register cave at 43,18 (Terrain rejected)
GoblinManager: Failed to register cave at 44,22 (Terrain rejected)
GoblinManager: Failed to register cave at 25,19 (Terrain rejected)
GoblinManager: Failed to register cave at 27,53 (Terrain rejected)
GoblinManager: Failed to register cave at 58,46 (Terrain rejected)
GoblinManager: Failed to register cave at 83,5 (Terrain rejected)
GoblinManager: Failed to register cave at 49,9 (Terrain rejected)
GoblinManager: Failed to register cave at 16,25 (Terrain rejected)
GoblinManager: Failed to register cave at 78,17 (Terrain rejected)
GoblinManager: Failed to register cave at 50,53 (Terrain rejected)
GoblinManager: Failed to register cave at 37,64 (Terrain rejected)
GoblinManager: Failed to register cave at 25,45 (Terrain rejected)
GoblinManager: Failed to register cave at 70,3 (Terrain rejected)
GoblinManager: Failed to register cave at 62,34 (Terrain rejected)
GoblinManager: Failed to register cave at 24,32 (Terrain rejected)
GoblinManager: Failed to register cave at 54,69 (Terrain rejected)
GoblinManager: Failed to register cave at 20,30 (Terrain rejected)
GoblinManager: Failed to register cave at 86,96 (Terrain rejected)
GoblinManager: Failed to register cave at 60,10 (Terrain rejected)
GoblinManager: Failed to register cave at 29,81 (Terrain rejected)
GoblinManager: Failed to register cave at 90,87 (Terrain rejected)
GoblinManager: Failed to register cave at 80,39 (Terrain rejected)
GoblinManager: Failed to register cave at 22,43 (Terrain rejected)
GoblinManager: Failed to register cave at 92,5 (Terrain rejected)
GoblinManager: Failed to register cave at 84,99 (Terrain rejected)
GoblinManager: Failed to register cave at 7,71 (Terrain rejected)
GoblinManager: Failed to register cave at 31,2 (Terrain rejected)
GoblinManager: Failed to register cave at 47,15 (Terrain rejected)
GoblinManager: Failed to register cave at 60,49 (Terrain rejected)
GoblinManager: Failed to register cave at 92,93 (Terrain rejected)
GoblinManager: Failed to register cave at 50,38 (Terrain rejected)
GoblinManager: Failed to register cave at 43,26 (Terrain rejected)
GoblinManager: Failed to register cave at 50,15 (Terrain rejected)
GoblinManager: Failed to register cave at 98,20 (Terrain rejected)
GoblinManager: Failed to register cave at 90,22 (Terrain rejected)
GoblinManager: Failed to register cave at 24,19 (Terrain rejected)
GoblinManager: Failed to register cave at 57,3 (Terrain rejected)
GoblinManager: Failed to register cave at 22,92 (Terrain rejected)
GoblinManager: Failed to register cave at 87,29 (Terrain rejected)
GoblinManager: Failed to register cave at 22,41 (Terrain rejected)
GoblinManager: Failed to register cave at 84,80 (Terrain rejected)
GoblinManager: Failed to register cave at 85,55 (Terrain rejected)
GoblinManager: Failed to register cave at 89,38 (Terrain rejected)
GoblinManager: Failed to register cave at 74,54 (Terrain rejected)
GoblinManager: Failed to register cave at 69,41 (Terrain rejected)
GoblinManager: Failed to register cave at 18,73 (Terrain rejected)
GoblinManager: Failed to register cave at 39,67 (Terrain rejected)
GoblinManager: Failed to register cave at 55,71 (Terrain rejected)
GoblinManager: Failed to register cave at 65,56 (Terrain rejected)
GoblinManager: Failed to register cave at 50,8 (Terrain rejected)
GoblinManager: Failed to register cave at 99,10 (Terrain rejected)
GoblinManager: Failed to register cave at 63,51 (Terrain rejected)
GoblinManager: Failed to register cave at 56,63 (Terrain rejected)
GoblinManager: Failed to register cave at 0,90 (Terrain rejected)
GoblinManager: Failed to register cave at 60,35 (Terrain rejected)
GoblinManager: Failed to register cave at 70,12 (Terrain rejected)
GoblinManager: Failed to register cave at 57,94 (Terrain rejected)
GoblinManager: Failed to register cave at 18,88 (Terrain rejected)
GoblinManager: Failed to register cave at 31,53 (Terrain rejected)
GoblinManager: Failed to register cave at 43,37 (Terrain rejected)
GoblinManager: Failed to register cave at 46,80 (Terrain rejected)
GoblinManager: Failed to register cave at 73,27 (Terrain rejected)
GoblinManager: Failed to register cave at 65,17 (Terrain rejected)
GoblinManager: Failed to register cave at 87,69 (Terrain rejected)
GoblinManager: Failed to register cave at 13,97 (Terrain rejected)
GoblinManager: Failed to register cave at 49,77 (Terrain rejected)
GoblinManager: Failed to register cave at 84,85 (Terrain rejected)
GoblinManager: Failed to register cave at 81,69 (Terrain rejected)
GoblinManager: Failed to register cave at 41,58 (Terrain rejected)
GoblinManager: Failed to register cave at 72,49 (Terrain rejected)
GoblinManager: Failed to register cave at 75,98 (Terrain rejected)
GoblinManager: Failed to register cave at 37,30 (Terrain rejected)
GoblinManager: Failed to register cave at 34,68 (Terrain rejected)
GoblinManager: Failed to register cave at 38,54 (Terrain rejected)
GoblinManager: Failed to register cave at 94,72 (Terrain rejected)
GoblinManager: Failed to register cave at 61,72 (Terrain rejected)
GoblinManager: Failed to register cave at 12,74 (Terrain rejected)
GoblinManager: Failed to register cave at 58,39 (Terrain rejected)
GoblinManager: Failed to register cave at 28,93 (Terrain rejected)
GoblinManager: Failed to register cave at 42,84 (Terrain rejected)
GoblinManager: Failed to register cave at 42,49 (Terrain rejected)
GoblinManager: Failed to register cave at 65,49 (Terrain rejected)
GoblinManager: Failed to register cave at 42,83 (Terrain rejected)
GoblinManager: Failed to register cave at 7,59 (Terrain rejected)
GoblinManager: Failed to register cave at 37,44 (Terrain rejected)
GoblinManager: Failed to register cave at 32,93 (Terrain rejected)
GoblinManager: Failed to register cave at 7,77 (Terrain rejected)
GoblinManager: Failed to register cave at 2,16 (Terrain rejected)
GoblinManager: Failed to register cave at 70,49 (Terrain rejected)
GoblinManager: Failed to register cave at 57,48 (Terrain rejected)
GoblinManager: Failed to register cave at 60,32 (Terrain rejected)
GoblinManager: Failed to register cave at 23,60 (Terrain rejected)
GoblinManager: Failed to register cave at 90,30 (Terrain rejected)
GoblinManager: Failed to register cave at 46,12 (Terrain rejected)
GoblinManager: Failed to register cave at 79,19 (Terrain rejected)
GoblinManager: Failed to register cave at 62,21 (Terrain rejected)
GoblinManager: Failed to register cave at 39,22 (Terrain rejected)
GoblinManager: Failed to register cave at 2,46 (Terrain rejected)
GoblinManager: Failed to register cave at 98,42 (Terrain rejected)
GoblinManager: Failed to register cave at 76,19 (Terrain rejected)
GoblinManager: Failed to register cave at 71,22 (Terrain rejected)
GoblinManager: Failed to register cave at 52,91 (Terrain rejected)
GoblinManager: Failed to register cave at 16,7 (Terrain rejected)
GoblinManager: Failed to register cave at 86,75 (Terrain rejected)
GoblinManager: Failed to register cave at 96,48 (Terrain rejected)
GoblinManager: Failed to register cave at 56,35 (Terrain rejected)
GoblinManager: Failed to register cave at 45,95 (Terrain rejected)
GoblinManager: Failed to register cave at 94,93 (Terrain rejected)
GoblinManager: Failed to register cave at 29,70 (Terrain rejected)
GoblinManager: Failed to register cave at 39,38 (Terrain rejected)
GoblinManager: Failed to register cave at 22,13 (Terrain rejected)
GoblinManager: Failed to register cave at 99,78 (Terrain rejected)
GoblinManager: Failed to register cave at 7,68 (Terrain rejected)
GoblinManager: Failed to register cave at 38,39 (Terrain rejected)
GoblinManager: Failed to register cave at 90,44 (Terrain rejected)
GoblinManager: Failed to register cave at 26,15 (Terrain rejected)
GoblinManager: Failed to register cave at 53,23 (Terrain rejected)
GoblinManager: Failed to register cave at 48,55 (Terrain rejected)
GoblinManager: Failed to register cave at 50,44 (Terrain rejected)
GoblinManager: Failed to register cave at 24,65 (Terrain rejected)
GoblinManager: Failed to register cave at 75,96 (Terrain rejected)
GoblinManager: Failed to register cave at 75,27 (Terrain rejected)
GoblinManager: Failed to register cave at 33,87 (Terrain rejected)
GoblinManager: Failed to register cave at 6,41 (Terrain rejected)
GoblinManager: Failed to register cave at 56,56 (Terrain rejected)
GoblinManager: Failed to register cave at 87,14 (Terrain rejected)
GoblinManager: Failed to register cave at 32,37 (Terrain rejected)
GoblinManager: Failed to register cave at 67,9 (Terrain rejected)
GoblinManager: Failed to register cave at 88,11 (Terrain rejected)
GoblinManager: Failed to register cave at 73,25 (Terrain rejected)
GoblinManager: Failed to register cave at 4,35 (Terrain rejected)
GoblinManager: Failed to register cave at 64,70 (Terrain rejected)
GoblinManager: Failed to register cave at 98,7 (Terrain rejected)
GoblinManager: Failed to register cave at 36,53 (Terrain rejected)
GoblinManager: Failed to register cave at 8,36 (Terrain rejected)
GoblinManager: Failed to register cave at 22,1 (Terrain rejected)
GoblinManager: Failed to register cave at 21,98 (Terrain rejected)
GoblinManager: Failed to register cave at 59,82 (Terrain rejected)
GoblinManager: Failed to register cave at 95,63 (Terrain rejected)
GoblinManager: Failed to register cave at 33,50 (Terrain rejected)
GoblinManager: Failed to register cave at 62,37 (Terrain rejected)
GoblinManager: Failed to register cave at 85,50 (Terrain rejected)
GoblinManager: Failed to register cave at 32,5 (Terrain rejected)
GoblinManager: Failed to register cave at 60,72 (Terrain rejected)
GoblinManager: Failed to register cave at 33,75 (Terrain rejected)
GoblinManager: Failed to register cave at 87,31 (Terrain rejected)
GoblinManager: Failed to register cave at 92,63 (Terrain rejected)
GoblinManager: Failed to register cave at 93,58 (Terrain rejected)
GoblinManager: Failed to register cave at 30,9 (Terrain rejected)
GoblinManager: Failed to register cave at 49,62 (Terrain rejected)
GoblinManager: Failed to register cave at 89,51 (Terrain rejected)
GoblinManager: Failed to register cave at 38,47 (Terrain rejected)
GoblinManager: Failed to register cave at 94,29 (Terrain rejected)
GoblinManager: Failed to register cave at 25,21 (Terrain rejected)
GoblinManager: Failed to register cave at 39,61 (Terrain rejected)
GoblinManager: Failed to register cave at 72,80 (Terrain rejected)
GoblinManager: Failed to register cave at 62,9 (Terrain rejected)
GoblinManager: Failed to register cave at 31,45 (Terrain rejected)
GoblinManager: Failed to register cave at 12,83 (Terrain rejected)
GoblinManager: Failed to register cave at 45,14 (Terrain rejected)
GoblinManager: Failed to register cave at 49,37 (Terrain rejected)
GoblinManager: Failed to register cave at 88,66 (Terrain rejected)
GoblinManager: Failed to register cave at 87,72 (Terrain rejected)
GoblinManager: Failed to register cave at 64,5 (Terrain rejected)
GoblinManager: Failed to register cave at 40,5 (Terrain rejected)
GoblinManager: Failed to register cave at 90,85 (Terrain rejected)
GoblinManager: Failed to register cave at 16,42 (Terrain rejected)
GoblinManager: Failed to register cave at 58,42 (Terrain rejected)
GoblinManager: Failed to register cave at 31,96 (Terrain rejected)
GoblinManager: Failed to register cave at 78,63 (Terrain rejected)
GoblinManager: Failed to register cave at 46,69 (Terrain rejected)
GoblinManager: Failed to register cave at 79,80 (Terrain rejected)
GoblinManager: Failed to register cave at 22,62 (Terrain rejected)
GoblinManager: Failed to register cave at 89,9 (Terrain rejected)
GoblinManager: Failed to register cave at 99,74 (Terrain rejected)
GoblinManager: Failed to register cave at 81,43 (Terrain rejected)
GoblinManager: Failed to register cave at 14,36 (Terrain rejected)
GoblinManager: Failed to register cave at 33,41 (Terrain rejected)
GoblinManager: Failed to register cave at 50,58 (Terrain rejected)
GoblinManager: Failed to register cave at 9,44 (Terrain rejected)
GoblinManager: Failed to register cave at 36,9 (Terrain rejected)
GoblinManager: Failed to register cave at 94,75 (Terrain rejected)
GoblinManager: Failed to register cave at 17,73 (Terrain rejected)
GoblinManager: Failed to register cave at 84,62 (Terrain rejected)
GoblinManager: Failed to register cave at 90,28 (Terrain rejected)
GoblinManager: Failed to register cave at 95,81 (Terrain rejected)
GoblinManager: Failed to register cave at 51,73 (Terrain rejected)
GoblinManager: Failed to register cave at 99,41 (Terrain rejected)
GoblinManager: Failed to register cave at 24,0 (Terrain rejected)
GoblinManager: Failed to register cave at 7,56 (Terrain rejected)
GoblinManager: Failed to register cave at 20,49 (Terrain rejected)
GoblinManager: Failed to register cave at 29,49 (Terrain rejected)
GoblinManager: Failed to register cave at 33,24 (Terrain rejected)
GoblinManager: Failed to register cave at 5,93 (Terrain rejected)
GoblinManager: Failed to register cave at 79,22 (Terrain rejected)
GoblinManager: Failed to register cave at 97,27 (Terrain rejected)
GoblinManager: Failed to register cave at 35,60 (Terrain rejected)
GoblinManager: Failed to register cave at 88,51 (Terrain rejected)
GoblinManager: Failed to register cave at 99,72 (Terrain rejected)
GoblinManager: Failed to register cave at 53,51 (Terrain rejected)
GoblinManager: Failed to register cave at 18,89 (Terrain rejected)
GoblinManager: Failed to register cave at 25,10 (Terrain rejected)
GoblinManager: Failed to register cave at 29,91 (Terrain rejected)
GoblinManager: Failed to register cave at 75,81 (Terrain rejected)
GoblinManager: Failed to register cave at 72,89 (Terrain rejected)
GoblinManager: Failed to register cave at 26,44 (Terrain rejected)
GoblinManager: Failed to register cave at 81,70 (Terrain rejected)
GoblinManager: Failed to register cave at 90,88 (Terrain rejected)
GoblinManager: Failed to register cave at 19,55 (Terrain rejected)
GoblinManager: Failed to register cave at 48,37 (Terrain rejected)
GoblinManager: Failed to register cave at 25,10 (Terrain rejected)
GoblinManager: Failed to register cave at 86,32 (Terrain rejected)
GoblinManager: Failed to register cave at 63,37 (Terrain rejected)
GoblinManager: Failed to register cave at 27,58 (Terrain rejected)
GoblinManager: Failed to register cave at 96,86 (Terrain rejected)
GoblinManager: Failed to register cave at 51,44 (Terrain rejected)
GoblinManager: Failed to register cave at 72,50 (Terrain rejected)
GoblinManager: Failed to register cave at 39,10 (Terrain rejected)
GoblinManager: Failed to register cave at 22,64 (Terrain rejected)
GoblinManager: Failed to register cave at 11,95 (Terrain rejected)
GoblinManager: Failed to register cave at 72,39 (Terrain rejected)
GoblinManager: Failed to register cave at 92,87 (Terrain rejected)
GoblinManager: Failed to register cave at 78,37 (Terrain rejected)
GoblinManager: Failed to register cave at 43,34 (Terrain rejected)
GoblinManager: Failed to register cave at 49,15 (Terrain rejected)
GoblinManager: Failed to register cave at 69,60 (Terrain rejected)
GoblinManager: Failed to register cave at 78,46 (Terrain rejected)
GoblinManager: Failed to register cave at 56,58 (Terrain rejected)
GoblinManager: Failed to register cave at 73,8 (Terrain rejected)
GoblinManager: Failed to register cave at 13,78 (Terrain rejected)
GoblinManager: Failed to register cave at 21,47 (Terrain rejected)
GoblinManager: Failed to register cave at 33,77 (Terrain rejected)
GoblinManager: Failed to register cave at 20,5 (Terrain rejected)
GoblinManager: Failed to register cave at 46,78 (Terrain rejected)
GoblinManager: Failed to register cave at 16,81 (Terrain rejected)
GoblinManager: Failed to register cave at 46,92 (Terrain rejected)
GoblinManager: Failed to register cave at 16,53 (Terrain rejected)
GoblinManager: Failed to register cave at 80,42 (Terrain rejected)
GoblinManager: Failed to register cave at 60,50 (Terrain rejected)
GoblinManager: Failed to register cave at 39,4 (Terrain rejected)
GoblinManager: Failed to register cave at 35,64 (Terrain rejected)
GoblinManager: Failed to register cave at 62,9 (Terrain rejected)
GoblinManager: Failed to register cave at 20,35 (Terrain rejected)
GoblinManager: Failed to register cave at 44,89 (Terrain rejected)
GoblinManager: Failed to register cave at 31,46 (Terrain rejected)
GoblinManager: Failed to register cave at 11,8 (Terrain rejected)
GoblinManager: Failed to register cave at 39,26 (Terrain rejected)
GoblinManager: Failed to register cave at 80,11 (Terrain rejected)
GoblinManager: Failed to register cave at 62,19 (Terrain rejected)
GoblinManager: Failed to register cave at 11,9 (Terrain rejected)
GoblinManager: Failed to register cave at 74,80 (Terrain rejected)
GoblinManager: Failed to register cave at 76,28 (Terrain rejected)
GoblinManager: Failed to register cave at 37,46 (Terrain rejected)
GoblinManager: Failed to register cave at 48,76 (Terrain rejected)
GoblinManager: Failed to register cave at 3,3 (Terrain rejected)
GoblinManager: Failed to register cave at 51,9 (Terrain rejected)
GoblinManager: Failed to register cave at 23,60 (Terrain rejected)
GoblinManager: Failed to register cave at 31,2 (Terrain rejected)
GoblinManager: Failed to register cave at 28,3 (Terrain rejected)
GoblinManager: Failed to register cave at 49,10 (Terrain rejected)
GoblinManager: Failed to register cave at 46,15 (Terrain rejected)
GoblinManager: Failed to register cave at 40,93 (Terrain rejected)
GoblinManager: Failed to register cave at 1,31 (Terrain rejected)
GoblinManager: Failed to register cave at 31,8 (Terrain rejected)
GoblinManager: Failed to register cave at 85,87 (Terrain rejected)
GoblinManager: Failed to register cave at 77,68 (Terrain rejected)
GoblinManager: Failed to register cave at 86,76 (Terrain rejected)
GoblinManager: Failed to register cave at 58,21 (Terrain rejected)
GoblinManager: Failed to register cave at 29,74 (Terrain rejected)
GoblinManager: Failed to register cave at 18,88 (Terrain rejected)
GoblinManager: Failed to register cave at 49,62 (Terrain rejected)
GoblinManager: Failed to register cave at 85,59 (Terrain rejected)
GoblinManager: Failed to register cave at 31,76 (Terrain rejected)
GoblinManager: Failed to register cave at 49,19 (Terrain rejected)
GoblinManager: Failed to register cave at 22,66 (Terrain rejected)
GoblinManager: Failed to register cave at 55,26 (Terrain rejected)
GoblinManager: Failed to register cave at 14,89 (Terrain rejected)
GoblinManager: Failed to register cave at 26,75 (Terrain rejected)
GoblinManager: Failed to register cave at 33,26 (Terrain rejected)
GoblinManager: Failed to register cave at 95,17 (Terrain rejected)
GoblinManager: Failed to register cave at 82,15 (Terrain rejected)
GoblinManager: Failed to register cave at 27,67 (Terrain rejected)
GoblinManager: Failed to register cave at 48,75 (Terrain rejected)
GoblinManager: Failed to register cave at 88,80 (Terrain rejected)
GoblinManager: Failed to register cave at 37,68 (Terrain rejected)
GoblinManager: Failed to register cave at 18,76 (Terrain rejected)
GoblinManager: Failed to register cave at 8,98 (Terrain rejected)
GoblinManager: Failed to register cave at 99,54 (Terrain rejected)
GoblinManager: Failed to register cave at 36,76 (Terrain rejected)
GoblinManager: Failed to register cave at 93,96 (Terrain rejected)
GoblinManager: Failed to register cave at 19,86 (Terrain rejected)
GoblinManager: Failed to register cave at 83,85 (Terrain rejected)
GoblinManager: Failed to register cave at 74,17 (Terrain rejected)
GoblinManager: Failed to register cave at 47,21 (Terrain rejected)
GoblinManager: Failed to register cave at 30,30 (Terrain rejected)
GoblinManager: Failed to register cave at 66,19 (Terrain rejected)
GoblinManager: Failed to register cave at 90,45 (Terrain rejected)
GoblinManager: Failed to register cave at 25,84 (Terrain rejected)
GoblinManager: Failed to register cave at 59,90 (Terrain rejected)
GoblinManager: Failed to register cave at 96,37 (Terrain rejected)
GoblinManager: Failed to register cave at 82,21 (Terrain rejected)
GoblinManager: Failed to register cave at 75,66 (Terrain rejected)
GoblinManager: Failed to register cave at 10,31 (Terrain rejected)
GoblinManager: Failed to register cave at 16,0 (Terrain rejected)
GoblinManager: Failed to register cave at 88,42 (Terrain rejected)
GoblinManager: Failed to register cave at 83,97 (Terrain rejected)
GoblinManager: Failed to register cave at 88,30 (Terrain rejected)
GoblinManager: Failed to register cave at 65,42 (Terrain rejected)
GoblinManager: Failed to register cave at 54,47 (Terrain rejected)
GoblinManager: Failed to register cave at 48,18 (Terrain rejected)
GoblinManager: Failed to register cave at 97,43 (Terrain rejected)
GoblinManager: Failed to register cave at 12,93 (Terrain rejected)
GoblinManager: Failed to register cave at 34,95 (Terrain rejected)
GoblinManager: Failed to register cave at 47,6 (Terrain rejected)
GoblinManager: Failed to register cave at 68,26 (Terrain rejected)
GoblinManager: Failed to register cave at 75,81 (Terrain rejected)
GoblinManager: Failed to register cave at 41,86 (Terrain rejected)
GoblinManager: Failed to register cave at 87,47 (Terrain rejected)
GoblinManager: Failed to register cave at 31,85 (Terrain rejected)
GoblinManager: Failed to register cave at 77,48 (Terrain rejected)
GoblinManager: Failed to register cave at 68,78 (Terrain rejected)
GoblinManager: Failed to register cave at 84,32 (Terrain rejected)
GoblinManager: Failed to register cave at 81,33 (Terrain rejected)
GoblinManager: Failed to register cave at 36,17 (Terrain rejected)
GoblinManager: Failed to register cave at 69,63 (Terrain rejected)
GoblinManager: Failed to register cave at 57,12 (Terrain rejected)
GoblinManager: Failed to register cave at 45,4 (Terrain rejected)
GoblinManager: Failed to register cave at 99,42 (Terrain rejected)
GoblinManager: Failed to register cave at 97,17 (Terrain rejected)
GoblinManager: Failed to register cave at 31,99 (Terrain rejected)
GoblinManager: Failed to register cave at 6,42 (Terrain rejected)
GoblinManager: Failed to register cave at 34,48 (Terrain rejected)
GoblinManager: Failed to register cave at 26,10 (Terrain rejected)
GoblinManager: Failed to register cave at 19,8 (Terrain rejected)
GoblinManager: Failed to register cave at 82,50 (Terrain rejected)
GoblinManager: Failed to register cave at 10,60 (Terrain rejected)
GoblinManager: Failed to register cave at 59,96 (Terrain rejected)
GoblinManager: Failed to register cave at 2,60 (Terrain rejected)
GoblinManager: Failed to register cave at 14,89 (Terrain rejected)
GoblinManager: Failed to register cave at 43,81 (Terrain rejected)
GoblinManager: Failed to register cave at 59,43 (Terrain rejected)
GoblinManager: Failed to register cave at 24,98 (Terrain rejected)
GoblinManager: Failed to register cave at 31,43 (Terrain rejected)
GoblinManager: Failed to register cave at 55,10 (Terrain rejected)
GoblinManager: Failed to register cave at 51,25 (Terrain rejected)
GoblinManager: Failed to register cave at 96,44 (Terrain rejected)
GoblinManager: Failed to register cave at 61,45 (Terrain rejected)
GoblinManager: Failed to register cave at 64,94 (Terrain rejected)
GoblinManager: Failed to register cave at 92,18 (Terrain rejected)
GoblinManager: Failed to register cave at 36,91 (Terrain rejected)
GoblinManager: Failed to register cave at 74,14 (Terrain rejected)
GoblinManager: Failed to register cave at 22,76 (Terrain rejected)
GoblinManager: Failed to register cave at 29,45 (Terrain rejected)
GoblinManager: Failed to register cave at 74,72 (Terrain rejected)
GoblinManager: Failed to register cave at 82,21 (Terrain rejected)
GoblinManager: Failed to register cave at 13,70 (Terrain rejected)
GoblinManager: Failed to register cave at 2,75 (Terrain rejected)
GoblinManager: Failed to register cave at 34,83 (Terrain rejected)
GoblinManager: Failed to register cave at 81,33 (Terrain rejected)
GoblinManager: Failed to register cave at 29,8 (Terrain rejected)
GoblinManager: Failed to register cave at 99,69 (Terrain rejected)
GoblinManager: Failed to register cave at 51,99 (Terrain rejected)
GoblinManager: Failed to register cave at 79,47 (Terrain rejected)
GoblinManager: Failed to register cave at 8,47 (Terrain rejected)
GoblinManager: Failed to register cave at 38,62 (Terrain rejected)
GoblinManager: Failed to register cave at 82,33 (Terrain rejected)
GoblinManager: Failed to register cave at 32,67 (Terrain rejected)
GoblinManager: Failed to register cave at 89,23 (Terrain rejected)
GoblinManager: Failed to register cave at 51,26 (Terrain rejected)
GoblinManager: Failed to register cave at 96,82 (Terrain rejected)
GoblinManager: Failed to register cave at 40,93 (Terrain rejected)
GoblinManager: Failed to register cave at 16,27 (Terrain rejected)
GoblinManager: Failed to register cave at 22,74 (Terrain rejected)
GoblinManager: Failed to register cave at 33,99 (Terrain rejected)
GoblinManager: Failed to register cave at 39,19 (Terrain rejected)
GoblinManager: Failed to register cave at 42,2 (Terrain rejected)
GoblinManager: Failed to register cave at 76,33 (Terrain rejected)
GoblinManager: Failed to register cave at 13,54 (Terrain rejected)
GoblinManager: Failed to register cave at 39,85 (Terrain rejected)
GoblinManager: Failed to register cave at 93,72 (Terrain rejected)
GoblinManager: Failed to register cave at 4,19 (Terrain rejected)
GoblinManager: Failed to register cave at 72,94 (Terrain rejected)
GoblinManager: Failed to register cave at 9,12 (Terrain rejected)
GoblinManager: Failed to register cave at 46,15 (Terrain rejected)
GoblinManager: Failed to register cave at 99,88 (Terrain rejected)
GoblinManager: Failed to register cave at 25,69 (Terrain rejected)
GoblinManager: Failed to register cave at 26,37 (Terrain rejected)
GoblinManager: Failed to register cave at 23,31 (Terrain rejected)
GoblinManager: Failed to register cave at 52,56 (Terrain rejected)
GoblinManager: Failed to register cave at 78,31 (Terrain rejected)
GoblinManager: Failed to register cave at 34,95 (Terrain rejected)
GoblinManager: Failed to register cave at 15,71 (Terrain rejected)
GoblinManager: Failed to register cave at 80,64 (Terrain rejected)
GoblinManager: Failed to register cave at 13,81 (Terrain rejected)
GoblinManager: Failed to register cave at 75,44 (Terrain rejected)
GoblinManager: Failed to register cave at 83,43 (Terrain rejected)
GoblinManager: Failed to register cave at 53,0 (Terrain rejected)
GoblinManager: Failed to register cave at 23,24 (Terrain rejected)
GoblinManager: Failed to register cave at 3,43 (Terrain rejected)
GoblinManager: Failed to register cave at 53,91 (Terrain rejected)
GoblinManager: Failed to register cave at 19,38 (Terrain rejected)
GoblinManager: Failed to register cave at 62,97 (Terrain rejected)
GoblinManager: Failed to register cave at 45,10 (Terrain rejected)
GoblinManager: Failed to register cave at 79,37 (Terrain rejected)
GoblinManager: Failed to register cave at 50,78 (Terrain rejected)
GoblinManager: Failed to register cave at 20,44 (Terrain rejected)
GoblinManager: Failed to register cave at 18,20 (Terrain rejected)
GoblinManager: Failed to register cave at 40,24 (Terrain rejected)
GoblinManager: Failed to register cave at 99,49 (Terrain rejected)
GoblinManager: Failed to register cave at 73,60 (Terrain rejected)
GoblinManager: Failed to register cave at 86,64 (Terrain rejected)
GoblinManager: Failed to register cave at 45,78 (Terrain rejected)
GoblinManager: Failed to register cave at 33,45 (Terrain rejected)
GoblinManager: Failed to register cave at 40,0 (Terrain rejected)
GoblinManager: Failed to register cave at 10,11 (Terrain rejected)
GoblinManager: Failed to register cave at 41,94 (Terrain rejected)
GoblinManager: Failed to register cave at 3,91 (Terrain rejected)
GoblinManager: Failed to register cave at 77,95 (Terrain rejected)
GoblinManager: Failed to register cave at 91,32 (Terrain rejected)
GoblinManager: Failed to register cave at 9,58 (Terrain rejected)
GoblinManager: Failed to register cave at 30,0 (Terrain rejected)
GoblinManager: Failed to register cave at 28,50 (Terrain rejected)
GoblinManager: Failed to register cave at 50,7 (Terrain rejected)
GoblinManager: Failed to register cave at 70,45 (Terrain rejected)
GoblinManager: Failed to register cave at 47,68 (Terrain rejected)
GoblinManager: Failed to register cave at 88,13 (Terrain rejected)
GoblinManager: Failed to register cave at 18,56 (Terrain rejected)
GoblinManager: Failed to register cave at 4,26 (Terrain rejected)
GoblinManager: Failed to register cave at 76,17 (Terrain rejected)
GoblinManager: Failed to register cave at 93,42 (Terrain rejected)
GoblinManager: Failed to register cave at 79,10 (Terrain rejected)
GoblinManager: Failed to register cave at 48,14 (Terrain rejected)
GoblinManager: Failed to register cave at 86,50 (Terrain rejected)
GoblinManager: Failed to register cave at 33,77 (Terrain rejected)
GoblinManager: Failed to register cave at 1,11 (Terrain rejected)
GoblinManager: Failed to register cave at 77,45 (Terrain rejected)
GoblinManager: Failed to register cave at 45,52 (Terrain rejected)
GoblinManager: Failed to register cave at 36,92 (Terrain rejected)
GoblinManager: Failed to register cave at 29,90 (Terrain rejected)
GoblinManager: Failed to register cave at 78,60 (Terrain rejected)
GoblinManager: Failed to register cave at 30,40 (Terrain rejected)
GoblinManager: Failed to register cave at 62,72 (Terrain rejected)
GoblinManager: Failed to register cave at 57,77 (Terrain rejected)
GoblinManager: Failed to register cave at 75,21 (Terrain rejected)
GoblinManager: Failed to register cave at 17,41 (Terrain rejected)
GoblinManager: Failed to register cave at 47,59 (Terrain rejected)
GoblinManager: Failed to register cave at 5,31 (Terrain rejected)
GoblinManager: Failed to register cave at 83,63 (Terrain rejected)
GoblinManager: Failed to register cave at 96,15 (Terrain rejected)
GoblinManager: Failed to register cave at 96,13 (Terrain rejected)
GoblinManager: Failed to register cave at 12,90 (Terrain rejected)
GoblinManager: Failed to register cave at 1,55 (Terrain rejected)
GoblinManager: Failed to register cave at 64,6 (Terrain rejected)
GoblinManager: Failed to register cave at 92,99 (Terrain rejected)
GoblinManager: Failed to register cave at 23,49 (Terrain rejected)
GoblinManager: Failed to register cave at 61,98 (Terrain rejected)
GoblinManager: Failed to register cave at 91,13 (Terrain rejected)
GoblinManager: Failed to register cave at 84,76 (Terrain rejected)
GoblinManager: Failed to register cave at 85,22 (Terrain rejected)
GoblinManager: Failed to register cave at 14,27 (Terrain rejected)
GoblinManager: Failed to register cave at 93,61 (Terrain rejected)
GoblinManager: Failed to register cave at 19,46 (Terrain rejected)
GoblinManager: Failed to register cave at 56,43 (Terrain rejected)
GoblinManager: Failed to register cave at 3,83 (Terrain rejected)
GoblinManager: Failed to register cave at 71,12 (Terrain rejected)
GoblinManager: Failed to register cave at 59,44 (Terrain rejected)
GoblinManager: Failed to register cave at 12,10 (Terrain rejected)
GoblinManager: Failed to register cave at 5,99 (Terrain rejected)
GoblinManager: Failed to register cave at 53,82 (Terrain rejected)
GoblinManager: Failed to register cave at 78,36 (Terrain rejected)
GoblinManager: Failed to register cave at 32,83 (Terrain rejected)
GoblinManager: Failed to register cave at 20,80 (Terrain rejected)
GoblinManager: Failed to register cave at 45,71 (Terrain rejected)
GoblinManager: Failed to register cave at 60,39 (Terrain rejected)
GoblinManager: Failed to register cave at 81,48 (Terrain rejected)
GoblinManager: Failed to register cave at 63,99 (Terrain rejected)
GoblinManager: Failed to register cave at 90,47 (Terrain rejected)
GoblinManager: Failed to register cave at 47,75 (Terrain rejected)
GoblinManager: Failed to register cave at 80,64 (Terrain rejected)
GoblinManager: Failed to register cave at 51,53 (Terrain rejected)
GoblinManager: Failed to register cave at 54,39 (Terrain rejected)
GoblinManager: Failed to register cave at 25,59 (Terrain rejected)
GoblinManager: Failed to register cave at 91,24 (Terrain rejected)
GoblinManager: Failed to register cave at 14,66 (Terrain rejected)
GoblinManager: Failed to register cave at 13,5 (Terrain rejected)
GoblinManager: Failed to register cave at 93,38 (Terrain rejected)
GoblinManager: Failed to register cave at 94,69 (Terrain rejected)
GoblinManager: Failed to register cave at 94,61 (Terrain rejected)
GoblinManager: Failed to register cave at 54,88 (Terrain rejected)
GoblinManager: Failed to register cave at 34,96 (Terrain rejected)
GoblinManager: Failed to register cave at 97,60 (Terrain rejected)
GoblinManager: Failed to register cave at 74,7 (Terrain rejected)
GoblinManager: Failed to register cave at 80,79 (Terrain rejected)
GoblinManager: Failed to register cave at 63,93 (Terrain rejected)
GoblinManager: Failed to register cave at 5,22 (Terrain rejected)
GoblinManager: Failed to register cave at 80,49 (Terrain rejected)
GoblinManager: Failed to register cave at 75,4 (Terrain rejected)
GoblinManager: Failed to register cave at 62,36 (Terrain rejected)
GoblinManager: Failed to register cave at 82,83 (Terrain rejected)
GoblinManager: Failed to register cave at 62,89 (Terrain rejected)
GoblinManager: Failed to register cave at 80,86 (Terrain rejected)
GoblinManager: Failed to register cave at 89,28 (Terrain rejected)
GoblinManager: Failed to register cave at 60,14 (Terrain rejected)
GoblinManager: Failed to register cave at 27,21 (Terrain rejected)
GoblinManager: Failed to register cave at 24,15 (Terrain rejected)
GoblinManager: Failed to register cave at 29,71 (Terrain rejected)
GoblinManager: Failed to register cave at 5,0 (Terrain rejected)
GoblinManager: Failed to register cave at 7,63 (Terrain rejected)
GoblinManager: Failed to register cave at 1,81 (Terrain rejected)
GoblinManager: Failed to register cave at 87,57 (Terrain rejected)
GoblinManager: Failed to register cave at 67,39 (Terrain rejected)
GoblinManager: Failed to register cave at 59,62 (Terrain rejected)
GoblinManager: Failed to register cave at 56,69 (Terrain rejected)
GoblinManager: Failed to register cave at 17,2 (Terrain rejected)
GoblinManager: Failed to register cave at 55,90 (Terrain rejected)
GoblinManager: Failed to register cave at 73,3 (Terrain rejected)
GoblinManager: Failed to register cave at 51,25 (Terrain rejected)
GoblinManager: Failed to register cave at 91,17 (Terrain rejected)
GoblinManager: Failed to register cave at 1,30 (Terrain rejected)
GoblinManager: Failed to register cave at 45,21 (Terrain rejected)
GoblinManager: Failed to register cave at 84,31 (Terrain rejected)
GoblinManager: Failed to register cave at 57,32 (Terrain rejected)
GoblinManager: Failed to register cave at 16,22 (Terrain rejected)
GoblinManager: Failed to register cave at 2,34 (Terrain rejected)
GoblinManager: Failed to register cave at 47,45 (Terrain rejected)
GoblinManager: Failed to register cave at 27,81 (Terrain rejected)
GoblinManager: Failed to register cave at 44,50 (Terrain rejected)
GoblinManager: Failed to register cave at 65,85 (Terrain rejected)
GoblinManager: Failed to register cave at 21,99 (Terrain rejected)
GoblinManager: Failed to register cave at 56,36 (Terrain rejected)
GoblinManager: Failed to register cave at 12,4 (Terrain rejected)
GoblinManager: Failed to register cave at 27,64 (Terrain rejected)
GoblinManager: Failed to register cave at 61,45 (Terrain rejected)
GoblinManager: Failed to register cave at 97,51 (Terrain rejected)
GoblinManager: Failed to register cave at 4,84 (Terrain rejected)
GoblinManager: Failed to register cave at 86,32 (Terrain rejected)
GoblinManager: Failed to register cave at 97,26 (Terrain rejected)
GoblinManager: Failed to register cave at 30,38 (Terrain rejected)
GoblinManager: Failed to register cave at 7,91 (Terrain rejected)
GoblinManager: Failed to register cave at 27,80 (Terrain rejected)
GoblinManager: Failed to register cave at 56,46 (Terrain rejected)
GoblinManager: Failed to register cave at 46,13 (Terrain rejected)
GoblinManager: Failed to register cave at 76,14 (Terrain rejected)
GoblinManager: Failed to register cave at 66,84 (Terrain rejected)
GoblinManager: Failed to register cave at 11,21 (Terrain rejected)
GoblinManager: Failed to register cave at 52,82 (Terrain rejected)
GoblinManager: Failed to register cave at 55,68 (Terrain rejected)
GoblinManager: Failed to register cave at 96,36 (Terrain rejected)
GoblinManager: Failed to register cave at 20,30 (Terrain rejected)
GoblinManager: Failed to register cave at 70,76 (Terrain rejected)
GoblinManager: Failed to register cave at 7,75 (Terrain rejected)
GoblinManager: Failed to register cave at 4,78 (Terrain rejected)
GoblinManager: Failed to register cave at 3,83 (Terrain rejected)
GoblinManager: Failed to register cave at 73,84 (Terrain rejected)
GoblinManager: Failed to register cave at 16,65 (Terrain rejected)
GoblinManager: Failed to register cave at 18,48 (Terrain rejected)
GoblinManager: Failed to register cave at 65,12 (Terrain rejected)
GoblinManager: Failed to register cave at 54,49 (Terrain rejected)
GoblinManager: Failed to register cave at 96,84 (Terrain rejected)
GoblinManager: Failed to register cave at 50,66 (Terrain rejected)
GoblinManager: Failed to register cave at 90,66 (Terrain rejected)
GoblinManager: Failed to register cave at 0,6 (Terrain rejected)
GoblinManager: Failed to register cave at 12,82 (Terrain rejected)
GoblinManager: Failed to register cave at 53,90 (Terrain rejected)
GoblinManager: Failed to register cave at 79,83 (Terrain rejected)
GoblinManager: Failed to register cave at 73,48 (Terrain rejected)
GoblinManager: Failed to register cave at 93,21 (Terrain rejected)
GoblinManager: Failed to register cave at 87,6 (Terrain rejected)

[90mstdout[2m | src/tests/LoadJitabata.test.js[2m > [22m[2mPost-Load Jitabata Reproduction[2m > [22m[2mshould NOT flap between Job and Wander after load
[22m[39m[Game] Dispose called for Game Instance.

 [32m笨・[39m src/tests/LoadJitabata.test.js [2m([22m[2m1 test[22m[2m)[22m[33m 392[2mms[22m[39m
     [33m[2m笨・[22m[39m should NOT flap between Job and Wander after load [33m 389[2mms[22m[39m
stderr | src/tests/StressTest.test.js > Large Scale Stress Testing (Phase 26) > should handle 200 units and 50 goblins without crashing (Spawn Storm)
[FATAL_GAME_LOOP] TypeError: this.terrain.resetPathfindingBudget is not a function
    at Game.update (C:/Users/mooya/develop/test/src/Game.ts:2182:26)
    at Game.animate (C:/Users/mooya/develop/test/src/Game.ts:2542:18)
    at C:/Users/mooya/develop/test/src/tests/StressTest.test.js:144:18
    at file:///C:/Users/mooya/develop/test/node_modules/@vitest/runner/dist/index.js:145:11
    at file:///C:/Users/mooya/develop/test/node_modules/@vitest/runner/dist/index.js:915:26
    at file:///C:/Users/mooya/develop/test/node_modules/@vitest/runner/dist/index.js:1240:20
    at new Promise (<anonymous>)
    at runWithTimeout (file:///C:/Users/mooya/develop/test/node_modules/@vitest/runner/dist/index.js:1206:10)
    at file:///C:/Users/mooya/develop/test/node_modules/@vitest/runner/dist/index.js:1650:37
    at Traces.$ (file:///C:/Users/mooya/develop/test/node_modules/vitest/dist/chunks/traces.U4xDYhzZ.js:115:27)
[FATAL_GAME_LOOP] TypeError: this.terrain.resetPathfindingBudget is not a function
    at Game.update (C:/Users/mooya/develop/test/src/Game.ts:2182:26)
    at Game.animate (C:/Users/mooya/develop/test/src/Game.ts:2542:18)
    at C:/Users/mooya/develop/test/src/tests/StressTest.test.js:144:18
    at file:///C:/Users/mooya/develop/test/node_modules/@vitest/runner/dist/index.js:145:11
    at file:///C:/Users/mooya/develop/test/node_modules/@vitest/runner/dist/index.js:915:26
    at file:///C:/Users/mooya/develop/test/node_modules/@vitest/runner/dist/index.js:1240:20
    at new Promise (<anonymous>)
    at runWithTimeout (file:///C:/Users/mooya/develop/test/node_modules/@vitest/runner/dist/index.js:1206:10)
    at file:///C:/Users/mooya/develop/test/node_modules/@vitest/runner/dist/index.js:1650:37
    at Traces.$ (file:///C:/Users/mooya/develop/test/node_modules/vitest/dist/chunks/traces.U4xDYhzZ.js:115:27)
[FATAL_GAME_LOOP] TypeError: this.terrain.resetPathfindingBudget is not a function
    at Game.update (C:/Users/mooya/develop/test/src/Game.ts:2182:26)
    at Game.animate (C:/Users/mooya/develop/test/src/Game.ts:2542:18)
    at C:/Users/mooya/develop/test/src/tests/StressTest.test.js:144:18
    at file:///C:/Users/mooya/develop/test/node_modules/@vitest/runner/dist/index.js:145:11
    at file:///C:/Users/mooya/develop/test/node_modules/@vitest/runner/dist/index.js:915:26
    at file:///C:/Users/mooya/develop/test/node_modules/@vitest/runner/dist/index.js:1240:20
    at new Promise (<anonymous>)
    at runWithTimeout (file:///C:/Users/mooya/develop/test/node_modules/@vitest/runner/dist/index.js:1206:10)
    at file:///C:/Users/mooya/develop/test/node_modules/@vitest/runner/dist/index.js:1650:37
    at Traces.$ (file:///C:/Users/mooya/develop/test/node_modules/vitest/dist/chunks/traces.U4xDYhzZ.js:115:27)
[FATAL_GAME_LOOP] TypeError: this.terrain.resetPathfindingBudget is not a function
    at Game.update (C:/Users/mooya/develop/test/src/Game.ts:2182:26)
    at Game.animate (C:/Users/mooya/develop/test/src/Game.ts:2542:18)
    at C:/Users/mooya/develop/test/src/tests/StressTest.test.js:144:18
    at file:///C:/Users/mooya/develop/test/node_modules/@vitest/runner/dist/index.js:145:11
    at file:///C:/Users/mooya/develop/test/node_modules/@vitest/runner/dist/index.js:915:26
    at file:///C:/Users/mooya/develop/test/node_modules/@vitest/runner/dist/index.js:1240:20
    at new Promise (<anonymous>)
    at runWithTimeout (file:///C:/Users/mooya/develop/test/node_modules/@vitest/runner/dist/index.js:1206:10)
    at file:///C:/Users/mooya/develop/test/node_modules/@vitest/runner/dist/index.js:1650:37
    at Traces.$ (file:///C:/Users/mooya/develop/test/node_modules/vitest/dist/chunks/traces.U4xDYhzZ.js:115:27)
[FATAL_GAME_LOOP] TypeError: this.terrain.resetPathfindingBudget is not a function
    at Game.update (C:/Users/mooya/develop/test/src/Game.ts:2182:26)
    at Game.animate (C:/Users/mooya/develop/test/src/Game.ts:2542:18)
    at C:/Users/mooya/develop/test/src/tests/StressTest.test.js:144:18
    at file:///C:/Users/mooya/develop/test/node_modules/@vitest/runner/dist/index.js:145:11
    at file:///C:/Users/mooya/develop/test/node_modules/@vitest/runner/dist/index.js:915:26
    at file:///C:/Users/mooya/develop/test/node_modules/@vitest/runner/dist/index.js:1240:20
    at new Promise (<anonymous>)
    at runWithTimeout (file:///C:/Users/mooya/develop/test/node_modules/@vitest/runner/dist/index.js:1206:10)
    at file:///C:/Users/mooya/develop/test/node_modules/@vitest/runner/dist/index.js:1650:37
    at Traces.$ (file:///C:/Users/mooya/develop/test/node_modules/vitest/dist/chunks/traces.U4xDYhzZ.js:115:27)
[FATAL_GAME_LOOP] TypeError: this.terrain.resetPathfindingBudget is not a function
    at Game.update (C:/Users/mooya/develop/test/src/Game.ts:2182:26)
    at Game.animate (C:/Users/mooya/develop/test/src/Game.ts:2542:18)
    at C:/Users/mooya/develop/test/src/tests/StressTest.test.js:144:18
    at file:///C:/Users/mooya/develop/test/node_modules/@vitest/runner/dist/index.js:145:11
    at file:///C:/Users/mooya/develop/test/node_modules/@vitest/runner/dist/index.js:915:26
    at file:///C:/Users/mooya/develop/test/node_modules/@vitest/runner/dist/index.js:1240:20
    at new Promise (<anonymous>)
    at runWithTimeout (file:///C:/Users/mooya/develop/test/node_modules/@vitest/runner/dist/index.js:1206:10)
    at file:///C:/Users/mooya/develop/test/node_modules/@vitest/runner/dist/index.js:1650:37
    at Traces.$ (file:///C:/Users/mooya/develop/test/node_modules/vitest/dist/chunks/traces.U4xDYhzZ.js:115:27)
[FATAL_GAME_LOOP] TypeError: this.terrain.resetPathfindingBudget is not a function
    at Game.update (C:/Users/mooya/develop/test/src/Game.ts:2182:26)
    at Game.animate (C:/Users/mooya/develop/test/src/Game.ts:2542:18)
    at C:/Users/mooya/develop/test/src/tests/StressTest.test.js:144:18
    at file:///C:/Users/mooya/develop/test/node_modules/@vitest/runner/dist/index.js:145:11
    at file:///C:/Users/mooya/develop/test/node_modules/@vitest/runner/dist/index.js:915:26
    at file:///C:/Users/mooya/develop/test/node_modules/@vitest/runner/dist/index.js:1240:20
    at new Promise (<anonymous>)
    at runWithTimeout (file:///C:/Users/mooya/develop/test/node_modules/@vitest/runner/dist/index.js:1206:10)
    at file:///C:/Users/mooya/develop/test/node_modules/@vitest/runner/dist/index.js:1650:37
    at Traces.$ (file:///C:/Users/mooya/develop/test/node_modules/vitest/dist/chunks/traces.U4xDYhzZ.js:115:27)
[FATAL_GAME_LOOP] TypeError: this.terrain.resetPathfindingBudget is not a function
    at Game.update (C:/Users/mooya/develop/test/src/Game.ts:2182:26)
    at Game.animate (C:/Users/mooya/develop/test/src/Game.ts:2542:18)
    at C:/Users/mooya/develop/test/src/tests/StressTest.test.js:144:18
    at file:///C:/Users/mooya/develop/test/node_modules/@vitest/runner/dist/index.js:145:11
    at file:///C:/Users/mooya/develop/test/node_modules/@vitest/runner/dist/index.js:915:26
    at file:///C:/Users/mooya/develop/test/node_modules/@vitest/runner/dist/index.js:1240:20
    at new Promise (<anonymous>)
    at runWithTimeout (file:///C:/Users/mooya/develop/test/node_modules/@vitest/runner/dist/index.js:1206:10)
    at file:///C:/Users/mooya/develop/test/node_modules/@vitest/runner/dist/index.js:1650:37
    at Traces.$ (file:///C:/Users/mooya/develop/test/node_modules/vitest/dist/chunks/traces.U4xDYhzZ.js:115:27)
[FATAL_GAME_LOOP] TypeError: this.terrain.resetPathfindingBudget is not a function
    at Game.update (C:/Users/mooya/develop/test/src/Game.ts:2182:26)
    at Game.animate (C:/Users/mooya/develop/test/src/Game.ts:2542:18)
    at C:/Users/mooya/develop/test/src/tests/StressTest.test.js:144:18
    at file:///C:/Users/mooya/develop/test/node_modules/@vitest/runner/dist/index.js:145:11
    at file:///C:/Users/mooya/develop/test/node_modules/@vitest/runner/dist/index.js:915:26
    at file:///C:/Users/mooya/develop/test/node_modules/@vitest/runner/dist/index.js:1240:20
    at new Promise (<anonymous>)
    at runWithTimeout (file:///C:/Users/mooya/develop/test/node_modules/@vitest/runner/dist/index.js:1206:10)
    at file:///C:/Users/mooya/develop/test/node_modules/@vitest/runner/dist/index.js:1650:37
    at Traces.$ (file:///C:/Users/mooya/develop/test/node_modules/vitest/dist/chunks/traces.U4xDYhzZ.js:115:27)
[FATAL_GAME_LOOP] TypeError: this.terrain.resetPathfindingBudget is not a function
    at Game.update (C:/Users/mooya/develop/test/src/Game.ts:2182:26)
    at Game.animate (C:/Users/mooya/develop/test/src/Game.ts:2542:18)
    at C:/Users/mooya/develop/test/src/tests/StressTest.test.js:144:18
    at file:///C:/Users/mooya/develop/test/node_modules/@vitest/runner/dist/index.js:145:11
    at file:///C:/Users/mooya/develop/test/node_modules/@vitest/runner/dist/index.js:915:26
    at file:///C:/Users/mooya/develop/test/node_modules/@vitest/runner/dist/index.js:1240:20
    at new Promise (<anonymous>)
    at runWithTimeout (file:///C:/Users/mooya/develop/test/node_modules/@vitest/runner/dist/index.js:1206:10)
    at file:///C:/Users/mooya/develop/test/node_modules/@vitest/runner/dist/index.js:1650:37
    at Traces.$ (file:///C:/Users/mooya/develop/test/node_modules/vitest/dist/chunks/traces.U4xDYhzZ.js:115:27)
[FATAL_GAME_LOOP] Suppressing further errors.

[90mstdout[2m | src/tests/StressTest.test.js[2m > [22m[2mLarge Scale Stress Testing (Phase 26)[2m > [22m[2mshould handle 200 units and 50 goblins without crashing (Spawn Storm)
[22m[39m[Stress] Spawning 200 Units...
[Entity 0] CONSTRUCTOR START: type=unit at 10,10
[Entity 0] Calling registerEntity...
[Entity 0] registerEntity returned.
[Entity 0] Calling updatePosition...
[Entity 0] updatePosition returned.
[DIAG] Actor Created ID: 0
[DIAG] Actor smartMove type: function
[DIAG] Actor smartMove body snapshot: smartMove(tx, tz, time, depth = 0) {
    if (isNaN(tx) || isNaN(tz)) {
      console.error(`[Actor $
[UnitCore.js] Unit Created ID:0 Role:worker Pos:10,10 Special:false
[Unit 0] State Change: None -> Wander
[UnitCore.js] Unit Created ID:0 Role:worker Pos:10,10
[UnitCore.js] Unit Construction Finished ID:0
[Entity 1] CONSTRUCTOR START: type=unit at 10,10
[Entity 1] Calling registerEntity...
[Entity 1] registerEntity returned.
[Entity 1] Calling updatePosition...
[Entity 1] updatePosition returned.
[DIAG] Actor Created ID: 1
[DIAG] Actor smartMove type: function
[DIAG] Actor smartMove body snapshot: smartMove(tx, tz, time, depth = 0) {
    if (isNaN(tx) || isNaN(tz)) {
      console.error(`[Actor $
[UnitCore.js] Unit Created ID:1 Role:worker Pos:10,10 Special:false
[UnitCore.js] Unit Created ID:1 Role:worker Pos:10,10
[UnitCore.js] Unit Construction Finished ID:1
[Entity 2] CONSTRUCTOR START: type=unit at 10,10
[Entity 2] Calling registerEntity...
[Entity 2] registerEntity returned.
[Entity 2] Calling updatePosition...
[Entity 2] updatePosition returned.
[DIAG] Actor Created ID: 2
[DIAG] Actor smartMove type: function
[DIAG] Actor smartMove body snapshot: smartMove(tx, tz, time, depth = 0) {
    if (isNaN(tx) || isNaN(tz)) {
      console.error(`[Actor $
[UnitCore.js] Unit Created ID:2 Role:worker Pos:10,10 Special:false
[UnitCore.js] Unit Created ID:2 Role:worker Pos:10,10
[UnitCore.js] Unit Construction Finished ID:2
[Entity 3] CONSTRUCTOR START: type=unit at 10,10
[Entity 3] Calling registerEntity...
[Entity 3] registerEntity returned.
[Entity 3] Calling updatePosition...
[Entity 3] updatePosition returned.
[DIAG] Actor Created ID: 3
[DIAG] Actor smartMove type: function
[DIAG] Actor smartMove body snapshot: smartMove(tx, tz, time, depth = 0) {
    if (isNaN(tx) || isNaN(tz)) {
      console.error(`[Actor $
[UnitCore.js] Unit Created ID:3 Role:worker Pos:10,10 Special:false
[UnitCore.js] Unit Created ID:3 Role:worker Pos:10,10
[UnitCore.js] Unit Construction Finished ID:3
[Entity 4] CONSTRUCTOR START: type=unit at 10,10
[Entity 4] Calling registerEntity...
[Entity 4] registerEntity returned.
[Entity 4] Calling updatePosition...
[Entity 4] updatePosition returned.
[DIAG] Actor Created ID: 4
[DIAG] Actor smartMove type: function
[DIAG] Actor smartMove body snapshot: smartMove(tx, tz, time, depth = 0) {
    if (isNaN(tx) || isNaN(tz)) {
      console.error(`[Actor $
[UnitCore.js] Unit Created ID:4 Role:worker Pos:10,10 Special:false
[UnitCore.js] Unit Created ID:4 Role:worker Pos:10,10
[UnitCore.js] Unit Construction Finished ID:4
[Entity 5] CONSTRUCTOR START: type=unit at 10,10
[Entity 5] Calling registerEntity...
[Entity 5] registerEntity returned.
[Entity 5] Calling updatePosition...
[Entity 5] updatePosition returned.
[DIAG] Actor Created ID: 5
[DIAG] Actor smartMove type: function
[DIAG] Actor smartMove body snapshot: smartMove(tx, tz, time, depth = 0) {
    if (isNaN(tx) || isNaN(tz)) {
      console.error(`[Actor $
[UnitCore.js] Unit Created ID:5 Role:worker Pos:10,10 Special:false
[UnitCore.js] Unit Created ID:5 Role:worker Pos:10,10
[UnitCore.js] Unit Construction Finished ID:5
[Entity 6] CONSTRUCTOR START: type=unit at 10,10
[Entity 6] Calling registerEntity...
[Entity 6] registerEntity returned.
[Entity 6] Calling updatePosition...
[Entity 6] updatePosition returned.
[DIAG] Actor Created ID: 6
[DIAG] Actor smartMove type: function
[DIAG] Actor smartMove body snapshot: smartMove(tx, tz, time, depth = 0) {
    if (isNaN(tx) || isNaN(tz)) {
      console.error(`[Actor $
[UnitCore.js] Unit Created ID:6 Role:worker Pos:10,10 Special:false
[UnitCore.js] Unit Created ID:6 Role:worker Pos:10,10
[UnitCore.js] Unit Construction Finished ID:6
[Entity 7] CONSTRUCTOR START: type=unit at 10,10
[Entity 7] Calling registerEntity...
[Entity 7] registerEntity returned.
[Entity 7] Calling updatePosition...
[Entity 7] updatePosition returned.
[DIAG] Actor Created ID: 7
[DIAG] Actor smartMove type: function
[DIAG] Actor smartMove body snapshot: smartMove(tx, tz, time, depth = 0) {
    if (isNaN(tx) || isNaN(tz)) {
      console.error(`[Actor $
[UnitCore.js] Unit Created ID:7 Role:worker Pos:10,10 Special:false
[UnitCore.js] Unit Created ID:7 Role:worker Pos:10,10
[UnitCore.js] Unit Construction Finished ID:7
[Entity 8] CONSTRUCTOR START: type=unit at 10,10
[Entity 8] Calling registerEntity...
[Entity 8] registerEntity returned.
[Entity 8] Calling updatePosition...
[Entity 8] updatePosition returned.
[DIAG] Actor Created ID: 8
[DIAG] Actor smartMove type: function
[DIAG] Actor smartMove body snapshot: smartMove(tx, tz, time, depth = 0) {
    if (isNaN(tx) || isNaN(tz)) {
      console.error(`[Actor $
[UnitCore.js] Unit Created ID:8 Role:worker Pos:10,10 Special:false
[UnitCore.js] Unit Created ID:8 Role:worker Pos:10,10
[UnitCore.js] Unit Construction Finished ID:8
[Entity 9] CONSTRUCTOR START: type=unit at 10,10
[Entity 9] Calling registerEntity...
[Entity 9] registerEntity returned.
[Entity 9] Calling updatePosition...
[Entity 9] updatePosition returned.
[DIAG] Actor Created ID: 9
[DIAG] Actor smartMove type: function
[DIAG] Actor smartMove body snapshot: smartMove(tx, tz, time, depth = 0) {
    if (isNaN(tx) || isNaN(tz)) {
      console.error(`[Actor $
[UnitCore.js] Unit Created ID:9 Role:worker Pos:10,10 Special:false
[UnitCore.js] Unit Created ID:9 Role:worker Pos:10,10
[UnitCore.js] Unit Construction Finished ID:9
[Entity 10] CONSTRUCTOR START: type=unit at 10,10
[Entity 10] Calling registerEntity...
[Entity 10] registerEntity returned.
[Entity 10] Calling updatePosition...
[Entity 10] updatePosition returned.
[DIAG] Actor Created ID: 10
[DIAG] Actor smartMove type: function
[DIAG] Actor smartMove body snapshot: smartMove(tx, tz, time, depth = 0) {
    if (isNaN(tx) || isNaN(tz)) {
      console.error(`[Actor $
[UnitCore.js] Unit Created ID:10 Role:worker Pos:10,10 Special:false
[UnitCore.js] Unit Created ID:10 Role:worker Pos:10,10
[UnitCore.js] Unit Construction Finished ID:10
[Entity 11] CONSTRUCTOR START: type=unit at 10,10
[Entity 11] Calling registerEntity...
[Entity 11] registerEntity returned.
[Entity 11] Calling updatePosition...
[Entity 11] updatePosition returned.
[DIAG] Actor Created ID: 11
[DIAG] Actor smartMove type: function
[DIAG] Actor smartMove body snapshot: smartMove(tx, tz, time, depth = 0) {
    if (isNaN(tx) || isNaN(tz)) {
      console.error(`[Actor $
[UnitCore.js] Unit Created ID:11 Role:worker Pos:10,10 Special:false
[UnitCore.js] Unit Created ID:11 Role:worker Pos:10,10
[UnitCore.js] Unit Construction Finished ID:11
[Entity 12] CONSTRUCTOR START: type=unit at 10,10
[Entity 12] Calling registerEntity...
[Entity 12] registerEntity returned.
[Entity 12] Calling updatePosition...
[Entity 12] updatePosition returned.
[DIAG] Actor Created ID: 12
[DIAG] Actor smartMove type: function
[DIAG] Actor smartMove body snapshot: smartMove(tx, tz, time, depth = 0) {
    if (isNaN(tx) || isNaN(tz)) {
      console.error(`[Actor $
[UnitCore.js] Unit Created ID:12 Role:worker Pos:10,10 Special:false
[UnitCore.js] Unit Created ID:12 Role:worker Pos:10,10
[UnitCore.js] Unit Construction Finished ID:12
[Entity 13] CONSTRUCTOR START: type=unit at 10,10
[Entity 13] Calling registerEntity...
[Entity 13] registerEntity returned.
[Entity 13] Calling updatePosition...
[Entity 13] updatePosition returned.
[DIAG] Actor Created ID: 13
[DIAG] Actor smartMove type: function
[DIAG] Actor smartMove body snapshot: smartMove(tx, tz, time, depth = 0) {
    if (isNaN(tx) || isNaN(tz)) {
      console.error(`[Actor $
[UnitCore.js] Unit Created ID:13 Role:worker Pos:10,10 Special:false
[UnitCore.js] Unit Created ID:13 Role:worker Pos:10,10
[UnitCore.js] Unit Construction Finished ID:13
[Entity 14] CONSTRUCTOR START: type=unit at 10,10
[Entity 14] Calling registerEntity...
[Entity 14] registerEntity returned.
[Entity 14] Calling updatePosition...
[Entity 14] updatePosition returned.
[DIAG] Actor Created ID: 14
[DIAG] Actor smartMove type: function
[DIAG] Actor smartMove body snapshot: smartMove(tx, tz, time, depth = 0) {
    if (isNaN(tx) || isNaN(tz)) {
      console.error(`[Actor $
[UnitCore.js] Unit Created ID:14 Role:worker Pos:10,10 Special:false
[UnitCore.js] Unit Created ID:14 Role:worker Pos:10,10
[UnitCore.js] Unit Construction Finished ID:14
[Entity 15] CONSTRUCTOR START: type=unit at 10,10
[Entity 15] Calling registerEntity...
[Entity 15] registerEntity returned.
[Entity 15] Calling updatePosition...
[Entity 15] updatePosition returned.
[DIAG] Actor Created ID: 15
[DIAG] Actor smartMove type: function
[DIAG] Actor smartMove body snapshot: smartMove(tx, tz, time, depth = 0) {
    if (isNaN(tx) || isNaN(tz)) {
      console.error(`[Actor $
[UnitCore.js] Unit Created ID:15 Role:worker Pos:10,10 Special:false
[UnitCore.js] Unit Created ID:15 Role:worker Pos:10,10
[UnitCore.js] Unit Construction Finished ID:15
[Entity 16] CONSTRUCTOR START: type=unit at 10,10
[Entity 16] Calling registerEntity...
[Entity 16] registerEntity returned.
[Entity 16] Calling updatePosition...
[Entity 16] updatePosition returned.
[DIAG] Actor Created ID: 16
[DIAG] Actor smartMove type: function
[DIAG] Actor smartMove body snapshot: smartMove(tx, tz, time, depth = 0) {
    if (isNaN(tx) || isNaN(tz)) {
      console.error(`[Actor $
[UnitCore.js] Unit Created ID:16 Role:worker Pos:10,10 Special:false
[UnitCore.js] Unit Created ID:16 Role:worker Pos:10,10
[UnitCore.js] Unit Construction Finished ID:16
[Entity 17] CONSTRUCTOR START: type=unit at 10,10
[Entity 17] Calling registerEntity...
[Entity 17] registerEntity returned.
[Entity 17] Calling updatePosition...
[Entity 17] updatePosition returned.
[DIAG] Actor Created ID: 17
[DIAG] Actor smartMove type: function
[DIAG] Actor smartMove body snapshot: smartMove(tx, tz, time, depth = 0) {
    if (isNaN(tx) || isNaN(tz)) {
      console.error(`[Actor $
[UnitCore.js] Unit Created ID:17 Role:worker Pos:10,10 Special:false
[UnitCore.js] Unit Created ID:17 Role:worker Pos:10,10
[UnitCore.js] Unit Construction Finished ID:17
[Entity 18] CONSTRUCTOR START: type=unit at 10,10
[Entity 18] Calling registerEntity...
[Entity 18] registerEntity returned.
[Entity 18] Calling updatePosition...
[Entity 18] updatePosition returned.
[DIAG] Actor Created ID: 18
[DIAG] Actor smartMove type: function
[DIAG] Actor smartMove body snapshot: smartMove(tx, tz, time, depth = 0) {
    if (isNaN(tx) || isNaN(tz)) {
      console.error(`[Actor $
[UnitCore.js] Unit Created ID:18 Role:worker Pos:10,10 Special:false
[UnitCore.js] Unit Created ID:18 Role:worker Pos:10,10
[UnitCore.js] Unit Construction Finished ID:18
[Entity 19] CONSTRUCTOR START: type=unit at 10,10
[Entity 19] Calling registerEntity...
[Entity 19] registerEntity returned.
[Entity 19] Calling updatePosition...
[Entity 19] updatePosition returned.
[DIAG] Actor Created ID: 19
[DIAG] Actor smartMove type: function
[DIAG] Actor smartMove body snapshot: smartMove(tx, tz, time, depth = 0) {
    if (isNaN(tx) || isNaN(tz)) {
      console.error(`[Actor $
[UnitCore.js] Unit Created ID:19 Role:worker Pos:10,10 Special:false
[UnitCore.js] Unit Created ID:19 Role:worker Pos:10,10
[UnitCore.js] Unit Construction Finished ID:19
[Entity 20] CONSTRUCTOR START: type=unit at 10,10
[Entity 20] Calling registerEntity...
[Entity 20] registerEntity returned.
[Entity 20] Calling updatePosition...
[Entity 20] updatePosition returned.
[DIAG] Actor Created ID: 20
[DIAG] Actor smartMove type: function
[DIAG] Actor smartMove body snapshot: smartMove(tx, tz, time, depth = 0) {
    if (isNaN(tx) || isNaN(tz)) {
      console.error(`[Actor $
[UnitCore.js] Unit Created ID:20 Role:worker Pos:10,10 Special:false
[UnitCore.js] Unit Created ID:20 Role:worker Pos:10,10
[UnitCore.js] Unit Construction Finished ID:20
[Entity 21] CONSTRUCTOR START: type=unit at 10,10
[Entity 21] Calling registerEntity...
[Entity 21] registerEntity returned.
[Entity 21] Calling updatePosition...
[Entity 21] updatePosition returned.
[DIAG] Actor Created ID: 21
[DIAG] Actor smartMove type: function
[DIAG] Actor smartMove body snapshot: smartMove(tx, tz, time, depth = 0) {
    if (isNaN(tx) || isNaN(tz)) {
      console.error(`[Actor $
[UnitCore.js] Unit Created ID:21 Role:worker Pos:10,10 Special:false
[UnitCore.js] Unit Created ID:21 Role:worker Pos:10,10
[UnitCore.js] Unit Construction Finished ID:21
[Entity 22] CONSTRUCTOR START: type=unit at 10,10
[Entity 22] Calling registerEntity...
[Entity 22] registerEntity returned.
[Entity 22] Calling updatePosition...
[Entity 22] updatePosition returned.
[DIAG] Actor Created ID: 22
[DIAG] Actor smartMove type: function
[DIAG] Actor smartMove body snapshot: smartMove(tx, tz, time, depth = 0) {
    if (isNaN(tx) || isNaN(tz)) {
      console.error(`[Actor $
[UnitCore.js] Unit Created ID:22 Role:worker Pos:10,10 Special:false
[UnitCore.js] Unit Created ID:22 Role:worker Pos:10,10
[UnitCore.js] Unit Construction Finished ID:22
[Entity 23] CONSTRUCTOR START: type=unit at 10,10
[Entity 23] Calling registerEntity...
[Entity 23] registerEntity returned.
[Entity 23] Calling updatePosition...
[Entity 23] updatePosition returned.
[DIAG] Actor Created ID: 23
[DIAG] Actor smartMove type: function
[DIAG] Actor smartMove body snapshot: smartMove(tx, tz, time, depth = 0) {
    if (isNaN(tx) || isNaN(tz)) {
      console.error(`[Actor $
[UnitCore.js] Unit Created ID:23 Role:worker Pos:10,10 Special:false
[UnitCore.js] Unit Created ID:23 Role:worker Pos:10,10
[UnitCore.js] Unit Construction Finished ID:23
[Entity 24] CONSTRUCTOR START: type=unit at 10,10
[Entity 24] Calling registerEntity...
[Entity 24] registerEntity returned.
[Entity 24] Calling updatePosition...
[Entity 24] updatePosition returned.
[DIAG] Actor Created ID: 24
[DIAG] Actor smartMove type: function
[DIAG] Actor smartMove body snapshot: smartMove(tx, tz, time, depth = 0) {
    if (isNaN(tx) || isNaN(tz)) {
      console.error(`[Actor $
[UnitCore.js] Unit Created ID:24 Role:worker Pos:10,10 Special:false
[UnitCore.js] Unit Created ID:24 Role:worker Pos:10,10
[UnitCore.js] Unit Construction Finished ID:24
[Entity 25] CONSTRUCTOR START: type=unit at 10,10
[Entity 25] Calling registerEntity...
[Entity 25] registerEntity returned.
[Entity 25] Calling updatePosition...
[Entity 25] updatePosition returned.
[DIAG] Actor Created ID: 25
[DIAG] Actor smartMove type: function
[DIAG] Actor smartMove body snapshot: smartMove(tx, tz, time, depth = 0) {
    if (isNaN(tx) || isNaN(tz)) {
      console.error(`[Actor $
[UnitCore.js] Unit Created ID:25 Role:worker Pos:10,10 Special:false
[UnitCore.js] Unit Created ID:25 Role:worker Pos:10,10
[UnitCore.js] Unit Construction Finished ID:25
[Entity 26] CONSTRUCTOR START: type=unit at 10,10
[Entity 26] Calling registerEntity...
[Entity 26] registerEntity returned.
[Entity 26] Calling updatePosition...
[Entity 26] updatePosition returned.
[DIAG] Actor Created ID: 26
[DIAG] Actor smartMove type: function
[DIAG] Actor smartMove body snapshot: smartMove(tx, tz, time, depth = 0) {
    if (isNaN(tx) || isNaN(tz)) {
      console.error(`[Actor $
[UnitCore.js] Unit Created ID:26 Role:worker Pos:10,10 Special:false
[UnitCore.js] Unit Created ID:26 Role:worker Pos:10,10
[UnitCore.js] Unit Construction Finished ID:26
[Entity 27] CONSTRUCTOR START: type=unit at 10,10
[Entity 27] Calling registerEntity...
[Entity 27] registerEntity returned.
[Entity 27] Calling updatePosition...
[Entity 27] updatePosition returned.
[DIAG] Actor Created ID: 27
[DIAG] Actor smartMove type: function
[DIAG] Actor smartMove body snapshot: smartMove(tx, tz, time, depth = 0) {
    if (isNaN(tx) || isNaN(tz)) {
      console.error(`[Actor $
[UnitCore.js] Unit Created ID:27 Role:worker Pos:10,10 Special:false
[UnitCore.js] Unit Created ID:27 Role:worker Pos:10,10
[UnitCore.js] Unit Construction Finished ID:27
[Entity 28] CONSTRUCTOR START: type=unit at 10,10
[Entity 28] Calling registerEntity...
[Entity 28] registerEntity returned.
[Entity 28] Calling updatePosition...
[Entity 28] updatePosition returned.
[DIAG] Actor Created ID: 28
[DIAG] Actor smartMove type: function
[DIAG] Actor smartMove body snapshot: smartMove(tx, tz, time, depth = 0) {
    if (isNaN(tx) || isNaN(tz)) {
      console.error(`[Actor $
[UnitCore.js] Unit Created ID:28 Role:worker Pos:10,10 Special:false
[UnitCore.js] Unit Created ID:28 Role:worker Pos:10,10
[UnitCore.js] Unit Construction Finished ID:28
[Entity 29] CONSTRUCTOR START: type=unit at 10,10
[Entity 29] Calling registerEntity...
[Entity 29] registerEntity returned.
[Entity 29] Calling updatePosition...
[Entity 29] updatePosition returned.
[DIAG] Actor Created ID: 29
[DIAG] Actor smartMove type: function
[DIAG] Actor smartMove body snapshot: smartMove(tx, tz, time, depth = 0) {
    if (isNaN(tx) || isNaN(tz)) {
      console.error(`[Actor $
[UnitCore.js] Unit Created ID:29 Role:worker Pos:10,10 Special:false
[UnitCore.js] Unit Created ID:29 Role:worker Pos:10,10
[UnitCore.js] Unit Construction Finished ID:29
[Entity 30] CONSTRUCTOR START: type=unit at 10,10
[Entity 30] Calling registerEntity...
[Entity 30] registerEntity returned.
[Entity 30] Calling updatePosition...
[Entity 30] updatePosition returned.
[DIAG] Actor Created ID: 30
[DIAG] Actor smartMove type: function
[DIAG] Actor smartMove body snapshot: smartMove(tx, tz, time, depth = 0) {
    if (isNaN(tx) || isNaN(tz)) {
      console.error(`[Actor $
[UnitCore.js] Unit Created ID:30 Role:worker Pos:10,10 Special:false
[UnitCore.js] Unit Created ID:30 Role:worker Pos:10,10
[UnitCore.js] Unit Construction Finished ID:30
[Entity 31] CONSTRUCTOR START: type=unit at 10,10
[Entity 31] Calling registerEntity...
[Entity 31] registerEntity returned.
[Entity 31] Calling updatePosition...
[Entity 31] updatePosition returned.
[DIAG] Actor Created ID: 31
[DIAG] Actor smartMove type: function
[DIAG] Actor smartMove body snapshot: smartMove(tx, tz, time, depth = 0) {
    if (isNaN(tx) || isNaN(tz)) {
      console.error(`[Actor $
[UnitCore.js] Unit Created ID:31 Role:worker Pos:10,10 Special:false
[UnitCore.js] Unit Created ID:31 Role:worker Pos:10,10
[UnitCore.js] Unit Construction Finished ID:31
[Entity 32] CONSTRUCTOR START: type=unit at 10,10
[Entity 32] Calling registerEntity...
[Entity 32] registerEntity returned.
[Entity 32] Calling updatePosition...
[Entity 32] updatePosition returned.
[DIAG] Actor Created ID: 32
[DIAG] Actor smartMove type: function
[DIAG] Actor smartMove body snapshot: smartMove(tx, tz, time, depth = 0) {
    if (isNaN(tx) || isNaN(tz)) {
      console.error(`[Actor $
[UnitCore.js] Unit Created ID:32 Role:worker Pos:10,10 Special:false
[UnitCore.js] Unit Created ID:32 Role:worker Pos:10,10
[UnitCore.js] Unit Construction Finished ID:32
[Entity 33] CONSTRUCTOR START: type=unit at 10,10
[Entity 33] Calling registerEntity...
[Entity 33] registerEntity returned.
[Entity 33] Calling updatePosition...
[Entity 33] updatePosition returned.
[DIAG] Actor Created ID: 33
[DIAG] Actor smartMove type: function
[DIAG] Actor smartMove body snapshot: smartMove(tx, tz, time, depth = 0) {
    if (isNaN(tx) || isNaN(tz)) {
      console.error(`[Actor $
[UnitCore.js] Unit Created ID:33 Role:worker Pos:10,10 Special:false
[UnitCore.js] Unit Created ID:33 Role:worker Pos:10,10
[UnitCore.js] Unit Construction Finished ID:33
[Entity 34] CONSTRUCTOR START: type=unit at 10,10
[Entity 34] Calling registerEntity...
[Entity 34] registerEntity returned.
[Entity 34] Calling updatePosition...
[Entity 34] updatePosition returned.
[DIAG] Actor Created ID: 34
[DIAG] Actor smartMove type: function
[DIAG] Actor smartMove body snapshot: smartMove(tx, tz, time, depth = 0) {
    if (isNaN(tx) || isNaN(tz)) {
      console.error(`[Actor $
[UnitCore.js] Unit Created ID:34 Role:worker Pos:10,10 Special:false
[UnitCore.js] Unit Created ID:34 Role:worker Pos:10,10
[UnitCore.js] Unit Construction Finished ID:34
[Entity 35] CONSTRUCTOR START: type=unit at 10,10
[Entity 35] Calling registerEntity...
[Entity 35] registerEntity returned.
[Entity 35] Calling updatePosition...
[Entity 35] updatePosition returned.
[DIAG] Actor Created ID: 35
[DIAG] Actor smartMove type: function
[DIAG] Actor smartMove body snapshot: smartMove(tx, tz, time, depth = 0) {
    if (isNaN(tx) || isNaN(tz)) {
      console.error(`[Actor $
[UnitCore.js] Unit Created ID:35 Role:worker Pos:10,10 Special:false
[UnitCore.js] Unit Created ID:35 Role:worker Pos:10,10
[UnitCore.js] Unit Construction Finished ID:35
[Entity 36] CONSTRUCTOR START: type=unit at 10,10
[Entity 36] Calling registerEntity...
[Entity 36] registerEntity returned.
[Entity 36] Calling updatePosition...
[Entity 36] updatePosition returned.
[DIAG] Actor Created ID: 36
[DIAG] Actor smartMove type: function
[DIAG] Actor smartMove body snapshot: smartMove(tx, tz, time, depth = 0) {
    if (isNaN(tx) || isNaN(tz)) {
      console.error(`[Actor $
[UnitCore.js] Unit Created ID:36 Role:worker Pos:10,10 Special:false
[UnitCore.js] Unit Created ID:36 Role:worker Pos:10,10
[UnitCore.js] Unit Construction Finished ID:36
[Entity 37] CONSTRUCTOR START: type=unit at 10,10
[Entity 37] Calling registerEntity...
[Entity 37] registerEntity returned.
[Entity 37] Calling updatePosition...
[Entity 37] updatePosition returned.
[DIAG] Actor Created ID: 37
[DIAG] Actor smartMove type: function
[DIAG] Actor smartMove body snapshot: smartMove(tx, tz, time, depth = 0) {
    if (isNaN(tx) || isNaN(tz)) {
      console.error(`[Actor $
[UnitCore.js] Unit Created ID:37 Role:worker Pos:10,10 Special:false
[UnitCore.js] Unit Created ID:37 Role:worker Pos:10,10
[UnitCore.js] Unit Construction Finished ID:37
[Entity 38] CONSTRUCTOR START: type=unit at 10,10
[Entity 38] Calling registerEntity...
[Entity 38] registerEntity returned.
[Entity 38] Calling updatePosition...
[Entity 38] updatePosition returned.
[DIAG] Actor Created ID: 38
[DIAG] Actor smartMove type: function
[DIAG] Actor smartMove body snapshot: smartMove(tx, tz, time, depth = 0) {
    if (isNaN(tx) || isNaN(tz)) {
      console.error(`[Actor $
[UnitCore.js] Unit Created ID:38 Role:worker Pos:10,10 Special:false
[UnitCore.js] Unit Created ID:38 Role:worker Pos:10,10
[UnitCore.js] Unit Construction Finished ID:38
[Entity 39] CONSTRUCTOR START: type=unit at 10,10
[Entity 39] Calling registerEntity...
[Entity 39] registerEntity returned.
[Entity 39] Calling updatePosition...
[Entity 39] updatePosition returned.
[DIAG] Actor Created ID: 39
[DIAG] Actor smartMove type: function
[DIAG] Actor smartMove body snapshot: smartMove(tx, tz, time, depth = 0) {
    if (isNaN(tx) || isNaN(tz)) {
      console.error(`[Actor $
[UnitCore.js] Unit Created ID:39 Role:worker Pos:10,10 Special:false
[UnitCore.js] Unit Created ID:39 Role:worker Pos:10,10
[UnitCore.js] Unit Construction Finished ID:39
[Entity 40] CONSTRUCTOR START: type=unit at 10,10
[Entity 40] Calling registerEntity...
[Entity 40] registerEntity returned.
[Entity 40] Calling updatePosition...
[Entity 40] updatePosition returned.
[DIAG] Actor Created ID: 40
[DIAG] Actor smartMove type: function
[DIAG] Actor smartMove body snapshot: smartMove(tx, tz, time, depth = 0) {
    if (isNaN(tx) || isNaN(tz)) {
      console.error(`[Actor $
[UnitCore.js] Unit Created ID:40 Role:worker Pos:10,10 Special:false
[UnitCore.js] Unit Created ID:40 Role:worker Pos:10,10
[UnitCore.js] Unit Construction Finished ID:40
[Entity 41] CONSTRUCTOR START: type=unit at 10,10
[Entity 41] Calling registerEntity...
[Entity 41] registerEntity returned.
[Entity 41] Calling updatePosition...
[Entity 41] updatePosition returned.
[DIAG] Actor Created ID: 41
[DIAG] Actor smartMove type: function
[DIAG] Actor smartMove body snapshot: smartMove(tx, tz, time, depth = 0) {
    if (isNaN(tx) || isNaN(tz)) {
      console.error(`[Actor $
[UnitCore.js] Unit Created ID:41 Role:worker Pos:10,10 Special:false
[UnitCore.js] Unit Created ID:41 Role:worker Pos:10,10
[UnitCore.js] Unit Construction Finished ID:41
[Entity 42] CONSTRUCTOR START: type=unit at 10,10
[Entity 42] Calling registerEntity...
[Entity 42] registerEntity returned.
[Entity 42] Calling updatePosition...
[Entity 42] updatePosition returned.
[DIAG] Actor Created ID: 42
[DIAG] Actor smartMove type: function
[DIAG] Actor smartMove body snapshot: smartMove(tx, tz, time, depth = 0) {
    if (isNaN(tx) || isNaN(tz)) {
      console.error(`[Actor $
[UnitCore.js] Unit Created ID:42 Role:worker Pos:10,10 Special:false
[UnitCore.js] Unit Created ID:42 Role:worker Pos:10,10
[UnitCore.js] Unit Construction Finished ID:42
[Entity 43] CONSTRUCTOR START: type=unit at 10,10
[Entity 43] Calling registerEntity...
[Entity 43] registerEntity returned.
[Entity 43] Calling updatePosition...
[Entity 43] updatePosition returned.
[DIAG] Actor Created ID: 43
[DIAG] Actor smartMove type: function
[DIAG] Actor smartMove body snapshot: smartMove(tx, tz, time, depth = 0) {
    if (isNaN(tx) || isNaN(tz)) {
      console.error(`[Actor $
[UnitCore.js] Unit Created ID:43 Role:worker Pos:10,10 Special:false
[UnitCore.js] Unit Created ID:43 Role:worker Pos:10,10
[UnitCore.js] Unit Construction Finished ID:43
[Entity 44] CONSTRUCTOR START: type=unit at 10,10
[Entity 44] Calling registerEntity...
[Entity 44] registerEntity returned.
[Entity 44] Calling updatePosition...
[Entity 44] updatePosition returned.
[DIAG] Actor Created ID: 44
[DIAG] Actor smartMove type: function
[DIAG] Actor smartMove body snapshot: smartMove(tx, tz, time, depth = 0) {
    if (isNaN(tx) || isNaN(tz)) {
      console.error(`[Actor $
[UnitCore.js] Unit Created ID:44 Role:worker Pos:10,10 Special:false
[UnitCore.js] Unit Created ID:44 Role:worker Pos:10,10
[UnitCore.js] Unit Construction Finished ID:44
[Entity 45] CONSTRUCTOR START: type=unit at 10,10
[Entity 45] Calling registerEntity...
[Entity 45] registerEntity returned.
[Entity 45] Calling updatePosition...
[Entity 45] updatePosition returned.
[DIAG] Actor Created ID: 45
[DIAG] Actor smartMove type: function
[DIAG] Actor smartMove body snapshot: smartMove(tx, tz, time, depth = 0) {
    if (isNaN(tx) || isNaN(tz)) {
      console.error(`[Actor $
[UnitCore.js] Unit Created ID:45 Role:worker Pos:10,10 Special:false
[UnitCore.js] Unit Created ID:45 Role:worker Pos:10,10
[UnitCore.js] Unit Construction Finished ID:45
[Entity 46] CONSTRUCTOR START: type=unit at 10,10
[Entity 46] Calling registerEntity...
[Entity 46] registerEntity returned.
[Entity 46] Calling updatePosition...
[Entity 46] updatePosition returned.
[DIAG] Actor Created ID: 46
[DIAG] Actor smartMove type: function
[DIAG] Actor smartMove body snapshot: smartMove(tx, tz, time, depth = 0) {
    if (isNaN(tx) || isNaN(tz)) {
      console.error(`[Actor $
[UnitCore.js] Unit Created ID:46 Role:worker Pos:10,10 Special:false
[UnitCore.js] Unit Created ID:46 Role:worker Pos:10,10
[UnitCore.js] Unit Construction Finished ID:46
[Entity 47] CONSTRUCTOR START: type=unit at 10,10
[Entity 47] Calling registerEntity...
[Entity 47] registerEntity returned.
[Entity 47] Calling updatePosition...
[Entity 47] updatePosition returned.
[DIAG] Actor Created ID: 47
[DIAG] Actor smartMove type: function
[DIAG] Actor smartMove body snapshot: smartMove(tx, tz, time, depth = 0) {
    if (isNaN(tx) || isNaN(tz)) {
      console.error(`[Actor $
[UnitCore.js] Unit Created ID:47 Role:worker Pos:10,10 Special:false
[UnitCore.js] Unit Created ID:47 Role:worker Pos:10,10
[UnitCore.js] Unit Construction Finished ID:47
[Entity 48] CONSTRUCTOR START: type=unit at 10,10
[Entity 48] Calling registerEntity...
[Entity 48] registerEntity returned.
[Entity 48] Calling updatePosition...
[Entity 48] updatePosition returned.
[DIAG] Actor Created ID: 48
[DIAG] Actor smartMove type: function
[DIAG] Actor smartMove body snapshot: smartMove(tx, tz, time, depth = 0) {
    if (isNaN(tx) || isNaN(tz)) {
      console.error(`[Actor $
[UnitCore.js] Unit Created ID:48 Role:worker Pos:10,10 Special:false
[UnitCore.js] Unit Created ID:48 Role:worker Pos:10,10
[UnitCore.js] Unit Construction Finished ID:48
[Entity 49] CONSTRUCTOR START: type=unit at 10,10
[Entity 49] Calling registerEntity...
[Entity 49] registerEntity returned.
[Entity 49] Calling updatePosition...
[Entity 49] updatePosition returned.
[DIAG] Actor Created ID: 49
[DIAG] Actor smartMove type: function
[DIAG] Actor smartMove body snapshot: smartMove(tx, tz, time, depth = 0) {
    if (isNaN(tx) || isNaN(tz)) {
      console.error(`[Actor $
[UnitCore.js] Unit Created ID:49 Role:worker Pos:10,10 Special:false
[UnitCore.js] Unit Created ID:49 Role:worker Pos:10,10
[UnitCore.js] Unit Construction Finished ID:49
[Entity 50] CONSTRUCTOR START: type=unit at 10,10
[Entity 50] Calling registerEntity...
[Entity 50] registerEntity returned.
[Entity 50] Calling updatePosition...
[Entity 50] updatePosition returned.
[DIAG] Actor Created ID: 50
[DIAG] Actor smartMove type: function
[DIAG] Actor smartMove body snapshot: smartMove(tx, tz, time, depth = 0) {
    if (isNaN(tx) || isNaN(tz)) {
      console.error(`[Actor $
[UnitCore.js] Unit Created ID:50 Role:worker Pos:10,10 Special:false
[UnitCore.js] Unit Created ID:50 Role:worker Pos:10,10
[UnitCore.js] Unit Construction Finished ID:50
[Entity 51] CONSTRUCTOR START: type=unit at 10,10
[Entity 51] Calling registerEntity...
[Entity 51] registerEntity returned.
[Entity 51] Calling updatePosition...
[Entity 51] updatePosition returned.
[DIAG] Actor Created ID: 51
[DIAG] Actor smartMove type: function
[DIAG] Actor smartMove body snapshot: smartMove(tx, tz, time, depth = 0) {
    if (isNaN(tx) || isNaN(tz)) {
      console.error(`[Actor $
[UnitCore.js] Unit Created ID:51 Role:worker Pos:10,10 Special:false
[UnitCore.js] Unit Created ID:51 Role:worker Pos:10,10
[UnitCore.js] Unit Construction Finished ID:51
[Entity 52] CONSTRUCTOR START: type=unit at 10,10
[Entity 52] Calling registerEntity...
[Entity 52] registerEntity returned.
[Entity 52] Calling updatePosition...
[Entity 52] updatePosition returned.
[DIAG] Actor Created ID: 52
[DIAG] Actor smartMove type: function
[DIAG] Actor smartMove body snapshot: smartMove(tx, tz, time, depth = 0) {
    if (isNaN(tx) || isNaN(tz)) {
      console.error(`[Actor $
[UnitCore.js] Unit Created ID:52 Role:worker Pos:10,10 Special:false
[UnitCore.js] Unit Created ID:52 Role:worker Pos:10,10
[UnitCore.js] Unit Construction Finished ID:52
[Entity 53] CONSTRUCTOR START: type=unit at 10,10
[Entity 53] Calling registerEntity...
[Entity 53] registerEntity returned.
[Entity 53] Calling updatePosition...
[Entity 53] updatePosition returned.
[DIAG] Actor Created ID: 53
[DIAG] Actor smartMove type: function
[DIAG] Actor smartMove body snapshot: smartMove(tx, tz, time, depth = 0) {
    if (isNaN(tx) || isNaN(tz)) {
      console.error(`[Actor $
[UnitCore.js] Unit Created ID:53 Role:worker Pos:10,10 Special:false
[UnitCore.js] Unit Created ID:53 Role:worker Pos:10,10
[UnitCore.js] Unit Construction Finished ID:53
[Entity 54] CONSTRUCTOR START: type=unit at 10,10
[Entity 54] Calling registerEntity...
[Entity 54] registerEntity returned.
[Entity 54] Calling updatePosition...
[Entity 54] updatePosition returned.
[DIAG] Actor Created ID: 54
[DIAG] Actor smartMove type: function
[DIAG] Actor smartMove body snapshot: smartMove(tx, tz, time, depth = 0) {
    if (isNaN(tx) || isNaN(tz)) {
      console.error(`[Actor $
[UnitCore.js] Unit Created ID:54 Role:worker Pos:10,10 Special:false
[UnitCore.js] Unit Created ID:54 Role:worker Pos:10,10
[UnitCore.js] Unit Construction Finished ID:54
[Entity 55] CONSTRUCTOR START: type=unit at 10,10
[Entity 55] Calling registerEntity...
[Entity 55] registerEntity returned.
[Entity 55] Calling updatePosition...
[Entity 55] updatePosition returned.
[DIAG] Actor Created ID: 55
[DIAG] Actor smartMove type: function
[DIAG] Actor smartMove body snapshot: smartMove(tx, tz, time, depth = 0) {
    if (isNaN(tx) || isNaN(tz)) {
      console.error(`[Actor $
[UnitCore.js] Unit Created ID:55 Role:worker Pos:10,10 Special:false
[UnitCore.js] Unit Created ID:55 Role:worker Pos:10,10
[UnitCore.js] Unit Construction Finished ID:55
[Entity 56] CONSTRUCTOR START: type=unit at 10,10
[Entity 56] Calling registerEntity...
[Entity 56] registerEntity returned.
[Entity 56] Calling updatePosition...
[Entity 56] updatePosition returned.
[DIAG] Actor Created ID: 56
[DIAG] Actor smartMove type: function
[DIAG] Actor smartMove body snapshot: smartMove(tx, tz, time, depth = 0) {
    if (isNaN(tx) || isNaN(tz)) {
      console.error(`[Actor $
[UnitCore.js] Unit Created ID:56 Role:worker Pos:10,10 Special:false
[UnitCore.js] Unit Created ID:56 Role:worker Pos:10,10
[UnitCore.js] Unit Construction Finished ID:56
[Entity 57] CONSTRUCTOR START: type=unit at 10,10
[Entity 57] Calling registerEntity...
[Entity 57] registerEntity returned.
[Entity 57] Calling updatePosition...
[Entity 57] updatePosition returned.
[DIAG] Actor Created ID: 57
[DIAG] Actor smartMove type: function
[DIAG] Actor smartMove body snapshot: smartMove(tx, tz, time, depth = 0) {
    if (isNaN(tx) || isNaN(tz)) {
      console.error(`[Actor $
[UnitCore.js] Unit Created ID:57 Role:worker Pos:10,10 Special:false
[UnitCore.js] Unit Created ID:57 Role:worker Pos:10,10
[UnitCore.js] Unit Construction Finished ID:57
[Entity 58] CONSTRUCTOR START: type=unit at 10,10
[Entity 58] Calling registerEntity...
[Entity 58] registerEntity returned.
[Entity 58] Calling updatePosition...
[Entity 58] updatePosition returned.
[DIAG] Actor Created ID: 58
[DIAG] Actor smartMove type: function
[DIAG] Actor smartMove body snapshot: smartMove(tx, tz, time, depth = 0) {
    if (isNaN(tx) || isNaN(tz)) {
      console.error(`[Actor $
[UnitCore.js] Unit Created ID:58 Role:worker Pos:10,10 Special:false
[UnitCore.js] Unit Created ID:58 Role:worker Pos:10,10
[UnitCore.js] Unit Construction Finished ID:58
[Entity 59] CONSTRUCTOR START: type=unit at 10,10
[Entity 59] Calling registerEntity...
[Entity 59] registerEntity returned.
[Entity 59] Calling updatePosition...
[Entity 59] updatePosition returned.
[DIAG] Actor Created ID: 59
[DIAG] Actor smartMove type: function
[DIAG] Actor smartMove body snapshot: smartMove(tx, tz, time, depth = 0) {
    if (isNaN(tx) || isNaN(tz)) {
      console.error(`[Actor $
[UnitCore.js] Unit Created ID:59 Role:worker Pos:10,10 Special:false
[UnitCore.js] Unit Created ID:59 Role:worker Pos:10,10
[UnitCore.js] Unit Construction Finished ID:59
[Entity 60] CONSTRUCTOR START: type=unit at 10,10
[Entity 60] Calling registerEntity...
[Entity 60] registerEntity returned.
[Entity 60] Calling updatePosition...
[Entity 60] updatePosition returned.
[DIAG] Actor Created ID: 60
[DIAG] Actor smartMove type: function
[DIAG] Actor smartMove body snapshot: smartMove(tx, tz, time, depth = 0) {
    if (isNaN(tx) || isNaN(tz)) {
      console.error(`[Actor $
[UnitCore.js] Unit Created ID:60 Role:worker Pos:10,10 Special:false
[UnitCore.js] Unit Created ID:60 Role:worker Pos:10,10
[UnitCore.js] Unit Construction Finished ID:60
[Entity 61] CONSTRUCTOR START: type=unit at 10,10
[Entity 61] Calling registerEntity...
[Entity 61] registerEntity returned.
[Entity 61] Calling updatePosition...
[Entity 61] updatePosition returned.
[DIAG] Actor Created ID: 61
[DIAG] Actor smartMove type: function
[DIAG] Actor smartMove body snapshot: smartMove(tx, tz, time, depth = 0) {
    if (isNaN(tx) || isNaN(tz)) {
      console.error(`[Actor $
[UnitCore.js] Unit Created ID:61 Role:worker Pos:10,10 Special:false
[UnitCore.js] Unit Created ID:61 Role:worker Pos:10,10
[UnitCore.js] Unit Construction Finished ID:61
[Entity 62] CONSTRUCTOR START: type=unit at 10,10
[Entity 62] Calling registerEntity...
[Entity 62] registerEntity returned.
[Entity 62] Calling updatePosition...
[Entity 62] updatePosition returned.
[DIAG] Actor Created ID: 62
[DIAG] Actor smartMove type: function
[DIAG] Actor smartMove body snapshot: smartMove(tx, tz, time, depth = 0) {
    if (isNaN(tx) || isNaN(tz)) {
      console.error(`[Actor $
[UnitCore.js] Unit Created ID:62 Role:worker Pos:10,10 Special:false
[UnitCore.js] Unit Created ID:62 Role:worker Pos:10,10
[UnitCore.js] Unit Construction Finished ID:62
[Entity 63] CONSTRUCTOR START: type=unit at 10,10
[Entity 63] Calling registerEntity...
[Entity 63] registerEntity returned.
[Entity 63] Calling updatePosition...
[Entity 63] updatePosition returned.
[DIAG] Actor Created ID: 63
[DIAG] Actor smartMove type: function
[DIAG] Actor smartMove body snapshot: smartMove(tx, tz, time, depth = 0) {
    if (isNaN(tx) || isNaN(tz)) {
      console.error(`[Actor $
[UnitCore.js] Unit Created ID:63 Role:worker Pos:10,10 Special:false
[UnitCore.js] Unit Created ID:63 Role:worker Pos:10,10
[UnitCore.js] Unit Construction Finished ID:63
[Entity 64] CONSTRUCTOR START: type=unit at 10,10
[Entity 64] Calling registerEntity...
[Entity 64] registerEntity returned.
[Entity 64] Calling updatePosition...
[Entity 64] updatePosition returned.
[DIAG] Actor Created ID: 64
[DIAG] Actor smartMove type: function
[DIAG] Actor smartMove body snapshot: smartMove(tx, tz, time, depth = 0) {
    if (isNaN(tx) || isNaN(tz)) {
      console.error(`[Actor $
[UnitCore.js] Unit Created ID:64 Role:worker Pos:10,10 Special:false
[UnitCore.js] Unit Created ID:64 Role:worker Pos:10,10
[UnitCore.js] Unit Construction Finished ID:64
[Entity 65] CONSTRUCTOR START: type=unit at 10,10
[Entity 65] Calling registerEntity...
[Entity 65] registerEntity returned.
[Entity 65] Calling updatePosition...
[Entity 65] updatePosition returned.
[DIAG] Actor Created ID: 65
[DIAG] Actor smartMove type: function
[DIAG] Actor smartMove body snapshot: smartMove(tx, tz, time, depth = 0) {
    if (isNaN(tx) || isNaN(tz)) {
      console.error(`[Actor $
[UnitCore.js] Unit Created ID:65 Role:worker Pos:10,10 Special:false
[UnitCore.js] Unit Created ID:65 Role:worker Pos:10,10
[UnitCore.js] Unit Construction Finished ID:65
[Entity 66] CONSTRUCTOR START: type=unit at 10,10
[Entity 66] Calling registerEntity...
[Entity 66] registerEntity returned.
[Entity 66] Calling updatePosition...
[Entity 66] updatePosition returned.
[DIAG] Actor Created ID: 66
[DIAG] Actor smartMove type: function
[DIAG] Actor smartMove body snapshot: smartMove(tx, tz, time, depth = 0) {
    if (isNaN(tx) || isNaN(tz)) {
      console.error(`[Actor $
[UnitCore.js] Unit Created ID:66 Role:worker Pos:10,10 Special:false
[UnitCore.js] Unit Created ID:66 Role:worker Pos:10,10
[UnitCore.js] Unit Construction Finished ID:66
[Entity 67] CONSTRUCTOR START: type=unit at 10,10
[Entity 67] Calling registerEntity...
[Entity 67] registerEntity returned.
[Entity 67] Calling updatePosition...
[Entity 67] updatePosition returned.
[DIAG] Actor Created ID: 67
[DIAG] Actor smartMove type: function
[DIAG] Actor smartMove body snapshot: smartMove(tx, tz, time, depth = 0) {
    if (isNaN(tx) || isNaN(tz)) {
      console.error(`[Actor $
[UnitCore.js] Unit Created ID:67 Role:worker Pos:10,10 Special:false
[UnitCore.js] Unit Created ID:67 Role:worker Pos:10,10
[UnitCore.js] Unit Construction Finished ID:67
[Entity 68] CONSTRUCTOR START: type=unit at 10,10
[Entity 68] Calling registerEntity...
[Entity 68] registerEntity returned.
[Entity 68] Calling updatePosition...
[Entity 68] updatePosition returned.
[DIAG] Actor Created ID: 68
[DIAG] Actor smartMove type: function
[DIAG] Actor smartMove body snapshot: smartMove(tx, tz, time, depth = 0) {
    if (isNaN(tx) || isNaN(tz)) {
      console.error(`[Actor $
[UnitCore.js] Unit Created ID:68 Role:worker Pos:10,10 Special:false
[UnitCore.js] Unit Created ID:68 Role:worker Pos:10,10
[UnitCore.js] Unit Construction Finished ID:68
[Entity 69] CONSTRUCTOR START: type=unit at 10,10
[Entity 69] Calling registerEntity...
[Entity 69] registerEntity returned.
[Entity 69] Calling updatePosition...
[Entity 69] updatePosition returned.
[DIAG] Actor Created ID: 69
[DIAG] Actor smartMove type: function
[DIAG] Actor smartMove body snapshot: smartMove(tx, tz, time, depth = 0) {
    if (isNaN(tx) || isNaN(tz)) {
      console.error(`[Actor $
[UnitCore.js] Unit Created ID:69 Role:worker Pos:10,10 Special:false
[UnitCore.js] Unit Created ID:69 Role:worker Pos:10,10
[UnitCore.js] Unit Construction Finished ID:69
[Entity 70] CONSTRUCTOR START: type=unit at 10,10
[Entity 70] Calling registerEntity...
[Entity 70] registerEntity returned.
[Entity 70] Calling updatePosition...
[Entity 70] updatePosition returned.
[DIAG] Actor Created ID: 70
[DIAG] Actor smartMove type: function
[DIAG] Actor smartMove body snapshot: smartMove(tx, tz, time, depth = 0) {
    if (isNaN(tx) || isNaN(tz)) {
      console.error(`[Actor $
[UnitCore.js] Unit Created ID:70 Role:worker Pos:10,10 Special:false
[UnitCore.js] Unit Created ID:70 Role:worker Pos:10,10
[UnitCore.js] Unit Construction Finished ID:70
[Entity 71] CONSTRUCTOR START: type=unit at 10,10
[Entity 71] Calling registerEntity...
[Entity 71] registerEntity returned.
[Entity 71] Calling updatePosition...
[Entity 71] updatePosition returned.
[DIAG] Actor Created ID: 71
[DIAG] Actor smartMove type: function
[DIAG] Actor smartMove body snapshot: smartMove(tx, tz, time, depth = 0) {
    if (isNaN(tx) || isNaN(tz)) {
      console.error(`[Actor $
[UnitCore.js] Unit Created ID:71 Role:worker Pos:10,10 Special:false
[UnitCore.js] Unit Created ID:71 Role:worker Pos:10,10
[UnitCore.js] Unit Construction Finished ID:71
[Entity 72] CONSTRUCTOR START: type=unit at 10,10
[Entity 72] Calling registerEntity...
[Entity 72] registerEntity returned.
[Entity 72] Calling updatePosition...
[Entity 72] updatePosition returned.
[DIAG] Actor Created ID: 72
[DIAG] Actor smartMove type: function
[DIAG] Actor smartMove body snapshot: smartMove(tx, tz, time, depth = 0) {
    if (isNaN(tx) || isNaN(tz)) {
      console.error(`[Actor $
[UnitCore.js] Unit Created ID:72 Role:worker Pos:10,10 Special:false
[UnitCore.js] Unit Created ID:72 Role:worker Pos:10,10
[UnitCore.js] Unit Construction Finished ID:72
[Entity 73] CONSTRUCTOR START: type=unit at 10,10
[Entity 73] Calling registerEntity...
[Entity 73] registerEntity returned.
[Entity 73] Calling updatePosition...
[Entity 73] updatePosition returned.
[DIAG] Actor Created ID: 73
[DIAG] Actor smartMove type: function
[DIAG] Actor smartMove body snapshot: smartMove(tx, tz, time, depth = 0) {
    if (isNaN(tx) || isNaN(tz)) {
      console.error(`[Actor $
[UnitCore.js] Unit Created ID:73 Role:worker Pos:10,10 Special:false
[UnitCore.js] Unit Created ID:73 Role:worker Pos:10,10
[UnitCore.js] Unit Construction Finished ID:73
[Entity 74] CONSTRUCTOR START: type=unit at 10,10
[Entity 74] Calling registerEntity...
[Entity 74] registerEntity returned.
[Entity 74] Calling updatePosition...
[Entity 74] updatePosition returned.
[DIAG] Actor Created ID: 74
[DIAG] Actor smartMove type: function
[DIAG] Actor smartMove body snapshot: smartMove(tx, tz, time, depth = 0) {
    if (isNaN(tx) || isNaN(tz)) {
      console.error(`[Actor $
[UnitCore.js] Unit Created ID:74 Role:worker Pos:10,10 Special:false
[UnitCore.js] Unit Created ID:74 Role:worker Pos:10,10
[UnitCore.js] Unit Construction Finished ID:74
[Entity 75] CONSTRUCTOR START: type=unit at 10,10
[Entity 75] Calling registerEntity...
[Entity 75] registerEntity returned.
[Entity 75] Calling updatePosition...
[Entity 75] updatePosition returned.
[DIAG] Actor Created ID: 75
[DIAG] Actor smartMove type: function
[DIAG] Actor smartMove body snapshot: smartMove(tx, tz, time, depth = 0) {
    if (isNaN(tx) || isNaN(tz)) {
      console.error(`[Actor $
[UnitCore.js] Unit Created ID:75 Role:worker Pos:10,10 Special:false
[UnitCore.js] Unit Created ID:75 Role:worker Pos:10,10
[UnitCore.js] Unit Construction Finished ID:75
[Entity 76] CONSTRUCTOR START: type=unit at 10,10
[Entity 76] Calling registerEntity...
[Entity 76] registerEntity returned.
[Entity 76] Calling updatePosition...
[Entity 76] updatePosition returned.
[DIAG] Actor Created ID: 76
[DIAG] Actor smartMove type: function
[DIAG] Actor smartMove body snapshot: smartMove(tx, tz, time, depth = 0) {
    if (isNaN(tx) || isNaN(tz)) {
      console.error(`[Actor $
[UnitCore.js] Unit Created ID:76 Role:worker Pos:10,10 Special:false
[UnitCore.js] Unit Created ID:76 Role:worker Pos:10,10
[UnitCore.js] Unit Construction Finished ID:76
[Entity 77] CONSTRUCTOR START: type=unit at 10,10
[Entity 77] Calling registerEntity...
[Entity 77] registerEntity returned.
[Entity 77] Calling updatePosition...
[Entity 77] updatePosition returned.
[DIAG] Actor Created ID: 77
[DIAG] Actor smartMove type: function
[DIAG] Actor smartMove body snapshot: smartMove(tx, tz, time, depth = 0) {
    if (isNaN(tx) || isNaN(tz)) {
      console.error(`[Actor $
[UnitCore.js] Unit Created ID:77 Role:worker Pos:10,10 Special:false
[UnitCore.js] Unit Created ID:77 Role:worker Pos:10,10
[UnitCore.js] Unit Construction Finished ID:77
[Entity 78] CONSTRUCTOR START: type=unit at 10,10
[Entity 78] Calling registerEntity...
[Entity 78] registerEntity returned.
[Entity 78] Calling updatePosition...
[Entity 78] updatePosition returned.
[DIAG] Actor Created ID: 78
[DIAG] Actor smartMove type: function
[DIAG] Actor smartMove body snapshot: smartMove(tx, tz, time, depth = 0) {
    if (isNaN(tx) || isNaN(tz)) {
      console.error(`[Actor $
[UnitCore.js] Unit Created ID:78 Role:worker Pos:10,10 Special:false
[UnitCore.js] Unit Created ID:78 Role:worker Pos:10,10
[UnitCore.js] Unit Construction Finished ID:78
[Entity 79] CONSTRUCTOR START: type=unit at 10,10
[Entity 79] Calling registerEntity...
[Entity 79] registerEntity returned.
[Entity 79] Calling updatePosition...
[Entity 79] updatePosition returned.
[DIAG] Actor Created ID: 79
[DIAG] Actor smartMove type: function
[DIAG] Actor smartMove body snapshot: smartMove(tx, tz, time, depth = 0) {
    if (isNaN(tx) || isNaN(tz)) {
      console.error(`[Actor $
[UnitCore.js] Unit Created ID:79 Role:worker Pos:10,10 Special:false
[UnitCore.js] Unit Created ID:79 Role:worker Pos:10,10
[UnitCore.js] Unit Construction Finished ID:79
[Entity 80] CONSTRUCTOR START: type=unit at 10,10
[Entity 80] Calling registerEntity...
[Entity 80] registerEntity returned.
[Entity 80] Calling updatePosition...
[Entity 80] updatePosition returned.
[DIAG] Actor Created ID: 80
[DIAG] Actor smartMove type: function
[DIAG] Actor smartMove body snapshot: smartMove(tx, tz, time, depth = 0) {
    if (isNaN(tx) || isNaN(tz)) {
      console.error(`[Actor $
[UnitCore.js] Unit Created ID:80 Role:worker Pos:10,10 Special:false
[UnitCore.js] Unit Created ID:80 Role:worker Pos:10,10
[UnitCore.js] Unit Construction Finished ID:80
[Entity 81] CONSTRUCTOR START: type=unit at 10,10
[Entity 81] Calling registerEntity...
[Entity 81] registerEntity returned.
[Entity 81] Calling updatePosition...
[Entity 81] updatePosition returned.
[DIAG] Actor Created ID: 81
[DIAG] Actor smartMove type: function
[DIAG] Actor smartMove body snapshot: smartMove(tx, tz, time, depth = 0) {
    if (isNaN(tx) || isNaN(tz)) {
      console.error(`[Actor $
[UnitCore.js] Unit Created ID:81 Role:worker Pos:10,10 Special:false
[UnitCore.js] Unit Created ID:81 Role:worker Pos:10,10
[UnitCore.js] Unit Construction Finished ID:81
[Entity 82] CONSTRUCTOR START: type=unit at 10,10
[Entity 82] Calling registerEntity...
[Entity 82] registerEntity returned.
[Entity 82] Calling updatePosition...
[Entity 82] updatePosition returned.
[DIAG] Actor Created ID: 82
[DIAG] Actor smartMove type: function
[DIAG] Actor smartMove body snapshot: smartMove(tx, tz, time, depth = 0) {
    if (isNaN(tx) || isNaN(tz)) {
      console.error(`[Actor $
[UnitCore.js] Unit Created ID:82 Role:worker Pos:10,10 Special:false
[UnitCore.js] Unit Created ID:82 Role:worker Pos:10,10
[UnitCore.js] Unit Construction Finished ID:82
[Entity 83] CONSTRUCTOR START: type=unit at 10,10
[Entity 83] Calling registerEntity...
[Entity 83] registerEntity returned.
[Entity 83] Calling updatePosition...
[Entity 83] updatePosition returned.
[DIAG] Actor Created ID: 83
[DIAG] Actor smartMove type: function
[DIAG] Actor smartMove body snapshot: smartMove(tx, tz, time, depth = 0) {
    if (isNaN(tx) || isNaN(tz)) {
      console.error(`[Actor $
[UnitCore.js] Unit Created ID:83 Role:worker Pos:10,10 Special:false
[UnitCore.js] Unit Created ID:83 Role:worker Pos:10,10
[UnitCore.js] Unit Construction Finished ID:83
[Entity 84] CONSTRUCTOR START: type=unit at 10,10
[Entity 84] Calling registerEntity...
[Entity 84] registerEntity returned.
[Entity 84] Calling updatePosition...
[Entity 84] updatePosition returned.
[DIAG] Actor Created ID: 84
[DIAG] Actor smartMove type: function
[DIAG] Actor smartMove body snapshot: smartMove(tx, tz, time, depth = 0) {
    if (isNaN(tx) || isNaN(tz)) {
      console.error(`[Actor $
[UnitCore.js] Unit Created ID:84 Role:worker Pos:10,10 Special:false
[UnitCore.js] Unit Created ID:84 Role:worker Pos:10,10
[UnitCore.js] Unit Construction Finished ID:84
[Entity 85] CONSTRUCTOR START: type=unit at 10,10
[Entity 85] Calling registerEntity...
[Entity 85] registerEntity returned.
[Entity 85] Calling updatePosition...
[Entity 85] updatePosition returned.
[DIAG] Actor Created ID: 85
[DIAG] Actor smartMove type: function
[DIAG] Actor smartMove body snapshot: smartMove(tx, tz, time, depth = 0) {
    if (isNaN(tx) || isNaN(tz)) {
      console.error(`[Actor $
[UnitCore.js] Unit Created ID:85 Role:worker Pos:10,10 Special:false
[UnitCore.js] Unit Created ID:85 Role:worker Pos:10,10
[UnitCore.js] Unit Construction Finished ID:85
[Entity 86] CONSTRUCTOR START: type=unit at 10,10
[Entity 86] Calling registerEntity...
[Entity 86] registerEntity returned.
[Entity 86] Calling updatePosition...
[Entity 86] updatePosition returned.
[DIAG] Actor Created ID: 86
[DIAG] Actor smartMove type: function
[DIAG] Actor smartMove body snapshot: smartMove(tx, tz, time, depth = 0) {
    if (isNaN(tx) || isNaN(tz)) {
      console.error(`[Actor $
[UnitCore.js] Unit Created ID:86 Role:worker Pos:10,10 Special:false
[UnitCore.js] Unit Created ID:86 Role:worker Pos:10,10
[UnitCore.js] Unit Construction Finished ID:86
[Entity 87] CONSTRUCTOR START: type=unit at 10,10
[Entity 87] Calling registerEntity...
[Entity 87] registerEntity returned.
[Entity 87] Calling updatePosition...
[Entity 87] updatePosition returned.
[DIAG] Actor Created ID: 87
[DIAG] Actor smartMove type: function
[DIAG] Actor smartMove body snapshot: smartMove(tx, tz, time, depth = 0) {
    if (isNaN(tx) || isNaN(tz)) {
      console.error(`[Actor $
[UnitCore.js] Unit Created ID:87 Role:worker Pos:10,10 Special:false
[UnitCore.js] Unit Created ID:87 Role:worker Pos:10,10
[UnitCore.js] Unit Construction Finished ID:87
[Entity 88] CONSTRUCTOR START: type=unit at 10,10
[Entity 88] Calling registerEntity...
[Entity 88] registerEntity returned.
[Entity 88] Calling updatePosition...
[Entity 88] updatePosition returned.
[DIAG] Actor Created ID: 88
[DIAG] Actor smartMove type: function
[DIAG] Actor smartMove body snapshot: smartMove(tx, tz, time, depth = 0) {
    if (isNaN(tx) || isNaN(tz)) {
      console.error(`[Actor $
[UnitCore.js] Unit Created ID:88 Role:worker Pos:10,10 Special:false
[UnitCore.js] Unit Created ID:88 Role:worker Pos:10,10
[UnitCore.js] Unit Construction Finished ID:88
[Entity 89] CONSTRUCTOR START: type=unit at 10,10
[Entity 89] Calling registerEntity...
[Entity 89] registerEntity returned.
[Entity 89] Calling updatePosition...
[Entity 89] updatePosition returned.
[DIAG] Actor Created ID: 89
[DIAG] Actor smartMove type: function
[DIAG] Actor smartMove body snapshot: smartMove(tx, tz, time, depth = 0) {
    if (isNaN(tx) || isNaN(tz)) {
      console.error(`[Actor $
[UnitCore.js] Unit Created ID:89 Role:worker Pos:10,10 Special:false
[UnitCore.js] Unit Created ID:89 Role:worker Pos:10,10
[UnitCore.js] Unit Construction Finished ID:89
[Entity 90] CONSTRUCTOR START: type=unit at 10,10
[Entity 90] Calling registerEntity...
[Entity 90] registerEntity returned.
[Entity 90] Calling updatePosition...
[Entity 90] updatePosition returned.
[DIAG] Actor Created ID: 90
[DIAG] Actor smartMove type: function
[DIAG] Actor smartMove body snapshot: smartMove(tx, tz, time, depth = 0) {
    if (isNaN(tx) || isNaN(tz)) {
      console.error(`[Actor $
[UnitCore.js] Unit Created ID:90 Role:worker Pos:10,10 Special:false
[UnitCore.js] Unit Created ID:90 Role:worker Pos:10,10
[UnitCore.js] Unit Construction Finished ID:90
[Entity 91] CONSTRUCTOR START: type=unit at 10,10
[Entity 91] Calling registerEntity...
[Entity 91] registerEntity returned.
[Entity 91] Calling updatePosition...
[Entity 91] updatePosition returned.
[DIAG] Actor Created ID: 91
[DIAG] Actor smartMove type: function
[DIAG] Actor smartMove body snapshot: smartMove(tx, tz, time, depth = 0) {
    if (isNaN(tx) || isNaN(tz)) {
      console.error(`[Actor $
[UnitCore.js] Unit Created ID:91 Role:worker Pos:10,10 Special:false
[UnitCore.js] Unit Created ID:91 Role:worker Pos:10,10
[UnitCore.js] Unit Construction Finished ID:91
[Entity 92] CONSTRUCTOR START: type=unit at 10,10
[Entity 92] Calling registerEntity...
[Entity 92] registerEntity returned.
[Entity 92] Calling updatePosition...
[Entity 92] updatePosition returned.
[DIAG] Actor Created ID: 92
[DIAG] Actor smartMove type: function
[DIAG] Actor smartMove body snapshot: smartMove(tx, tz, time, depth = 0) {
    if (isNaN(tx) || isNaN(tz)) {
      console.error(`[Actor $
[UnitCore.js] Unit Created ID:92 Role:worker Pos:10,10 Special:false
[UnitCore.js] Unit Created ID:92 Role:worker Pos:10,10
[UnitCore.js] Unit Construction Finished ID:92
[Entity 93] CONSTRUCTOR START: type=unit at 10,10
[Entity 93] Calling registerEntity...
[Entity 93] registerEntity returned.
[Entity 93] Calling updatePosition...
[Entity 93] updatePosition returned.
[DIAG] Actor Created ID: 93
[DIAG] Actor smartMove type: function
[DIAG] Actor smartMove body snapshot: smartMove(tx, tz, time, depth = 0) {
    if (isNaN(tx) || isNaN(tz)) {
      console.error(`[Actor $
[UnitCore.js] Unit Created ID:93 Role:worker Pos:10,10 Special:false
[UnitCore.js] Unit Created ID:93 Role:worker Pos:10,10
[UnitCore.js] Unit Construction Finished ID:93
[Entity 94] CONSTRUCTOR START: type=unit at 10,10
[Entity 94] Calling registerEntity...
[Entity 94] registerEntity returned.
[Entity 94] Calling updatePosition...
[Entity 94] updatePosition returned.
[DIAG] Actor Created ID: 94
[DIAG] Actor smartMove type: function
[DIAG] Actor smartMove body snapshot: smartMove(tx, tz, time, depth = 0) {
    if (isNaN(tx) || isNaN(tz)) {
      console.error(`[Actor $
[UnitCore.js] Unit Created ID:94 Role:worker Pos:10,10 Special:false
[UnitCore.js] Unit Created ID:94 Role:worker Pos:10,10
[UnitCore.js] Unit Construction Finished ID:94
[Entity 95] CONSTRUCTOR START: type=unit at 10,10
[Entity 95] Calling registerEntity...
[Entity 95] registerEntity returned.
[Entity 95] Calling updatePosition...
[Entity 95] updatePosition returned.
[DIAG] Actor Created ID: 95
[DIAG] Actor smartMove type: function
[DIAG] Actor smartMove body snapshot: smartMove(tx, tz, time, depth = 0) {
    if (isNaN(tx) || isNaN(tz)) {
      console.error(`[Actor $
[UnitCore.js] Unit Created ID:95 Role:worker Pos:10,10 Special:false
[UnitCore.js] Unit Created ID:95 Role:worker Pos:10,10
[UnitCore.js] Unit Construction Finished ID:95
[Entity 96] CONSTRUCTOR START: type=unit at 10,10
[Entity 96] Calling registerEntity...
[Entity 96] registerEntity returned.
[Entity 96] Calling updatePosition...
[Entity 96] updatePosition returned.
[DIAG] Actor Created ID: 96
[DIAG] Actor smartMove type: function
[DIAG] Actor smartMove body snapshot: smartMove(tx, tz, time, depth = 0) {
    if (isNaN(tx) || isNaN(tz)) {
      console.error(`[Actor $
[UnitCore.js] Unit Created ID:96 Role:worker Pos:10,10 Special:false
[UnitCore.js] Unit Created ID:96 Role:worker Pos:10,10
[UnitCore.js] Unit Construction Finished ID:96
[Entity 97] CONSTRUCTOR START: type=unit at 10,10
[Entity 97] Calling registerEntity...
[Entity 97] registerEntity returned.
[Entity 97] Calling updatePosition...
[Entity 97] updatePosition returned.
[DIAG] Actor Created ID: 97
[DIAG] Actor smartMove type: function
[DIAG] Actor smartMove body snapshot: smartMove(tx, tz, time, depth = 0) {
    if (isNaN(tx) || isNaN(tz)) {
      console.error(`[Actor $
[UnitCore.js] Unit Created ID:97 Role:worker Pos:10,10 Special:false
[UnitCore.js] Unit Created ID:97 Role:worker Pos:10,10
[UnitCore.js] Unit Construction Finished ID:97
[Entity 98] CONSTRUCTOR START: type=unit at 10,10
[Entity 98] Calling registerEntity...
[Entity 98] registerEntity returned.
[Entity 98] Calling updatePosition...
[Entity 98] updatePosition returned.
[DIAG] Actor Created ID: 98
[DIAG] Actor smartMove type: function
[DIAG] Actor smartMove body snapshot: smartMove(tx, tz, time, depth = 0) {
    if (isNaN(tx) || isNaN(tz)) {
      console.error(`[Actor $
[UnitCore.js] Unit Created ID:98 Role:worker Pos:10,10 Special:false
[UnitCore.js] Unit Created ID:98 Role:worker Pos:10,10
[UnitCore.js] Unit Construction Finished ID:98
[Entity 99] CONSTRUCTOR START: type=unit at 10,10
[Entity 99] Calling registerEntity...
[Entity 99] registerEntity returned.
[Entity 99] Calling updatePosition...
[Entity 99] updatePosition returned.
[DIAG] Actor Created ID: 99
[DIAG] Actor smartMove type: function
[DIAG] Actor smartMove body snapshot: smartMove(tx, tz, time, depth = 0) {
    if (isNaN(tx) || isNaN(tz)) {
      console.error(`[Actor $
[UnitCore.js] Unit Created ID:99 Role:worker Pos:10,10 Special:false
[UnitCore.js] Unit Created ID:99 Role:worker Pos:10,10
[UnitCore.js] Unit Construction Finished ID:99
[Entity 100] CONSTRUCTOR START: type=unit at 10,10
[Entity 100] Calling registerEntity...
[Entity 100] registerEntity returned.
[Entity 100] Calling updatePosition...
[Entity 100] updatePosition returned.
[DIAG] Actor Created ID: 100
[DIAG] Actor smartMove type: function
[DIAG] Actor smartMove body snapshot: smartMove(tx, tz, time, depth = 0) {
    if (isNaN(tx) || isNaN(tz)) {
      console.error(`[Actor $
[UnitCore.js] Unit Created ID:100 Role:worker Pos:10,10 Special:false
[UnitCore.js] Unit Created ID:100 Role:worker Pos:10,10
[UnitCore.js] Unit Construction Finished ID:100
[Entity 101] CONSTRUCTOR START: type=unit at 10,10
[Entity 101] Calling registerEntity...
[Entity 101] registerEntity returned.
[Entity 101] Calling updatePosition...
[Entity 101] updatePosition returned.
[DIAG] Actor Created ID: 101
[DIAG] Actor smartMove type: function
[DIAG] Actor smartMove body snapshot: smartMove(tx, tz, time, depth = 0) {
    if (isNaN(tx) || isNaN(tz)) {
      console.error(`[Actor $
[UnitCore.js] Unit Created ID:101 Role:worker Pos:10,10 Special:false
[UnitCore.js] Unit Created ID:101 Role:worker Pos:10,10
[UnitCore.js] Unit Construction Finished ID:101
[Entity 102] CONSTRUCTOR START: type=unit at 10,10
[Entity 102] Calling registerEntity...
[Entity 102] registerEntity returned.
[Entity 102] Calling updatePosition...
[Entity 102] updatePosition returned.
[DIAG] Actor Created ID: 102
[DIAG] Actor smartMove type: function
[DIAG] Actor smartMove body snapshot: smartMove(tx, tz, time, depth = 0) {
    if (isNaN(tx) || isNaN(tz)) {
      console.error(`[Actor $
[UnitCore.js] Unit Created ID:102 Role:worker Pos:10,10 Special:false
[UnitCore.js] Unit Created ID:102 Role:worker Pos:10,10
[UnitCore.js] Unit Construction Finished ID:102
[Entity 103] CONSTRUCTOR START: type=unit at 10,10
[Entity 103] Calling registerEntity...
[Entity 103] registerEntity returned.
[Entity 103] Calling updatePosition...
[Entity 103] updatePosition returned.
[DIAG] Actor Created ID: 103
[DIAG] Actor smartMove type: function
[DIAG] Actor smartMove body snapshot: smartMove(tx, tz, time, depth = 0) {
    if (isNaN(tx) || isNaN(tz)) {
      console.error(`[Actor $
[UnitCore.js] Unit Created ID:103 Role:worker Pos:10,10 Special:false
[UnitCore.js] Unit Created ID:103 Role:worker Pos:10,10
[UnitCore.js] Unit Construction Finished ID:103
[Entity 104] CONSTRUCTOR START: type=unit at 10,10
[Entity 104] Calling registerEntity...
[Entity 104] registerEntity returned.
[Entity 104] Calling updatePosition...
[Entity 104] updatePosition returned.
[DIAG] Actor Created ID: 104
[DIAG] Actor smartMove type: function
[DIAG] Actor smartMove body snapshot: smartMove(tx, tz, time, depth = 0) {
    if (isNaN(tx) || isNaN(tz)) {
      console.error(`[Actor $
[UnitCore.js] Unit Created ID:104 Role:worker Pos:10,10 Special:false
[UnitCore.js] Unit Created ID:104 Role:worker Pos:10,10
[UnitCore.js] Unit Construction Finished ID:104
[Entity 105] CONSTRUCTOR START: type=unit at 10,10
[Entity 105] Calling registerEntity...
[Entity 105] registerEntity returned.
[Entity 105] Calling updatePosition...
[Entity 105] updatePosition returned.
[DIAG] Actor Created ID: 105
[DIAG] Actor smartMove type: function
[DIAG] Actor smartMove body snapshot: smartMove(tx, tz, time, depth = 0) {
    if (isNaN(tx) || isNaN(tz)) {
      console.error(`[Actor $
[UnitCore.js] Unit Created ID:105 Role:worker Pos:10,10 Special:false
[UnitCore.js] Unit Created ID:105 Role:worker Pos:10,10
[UnitCore.js] Unit Construction Finished ID:105
[Entity 106] CONSTRUCTOR START: type=unit at 10,10
[Entity 106] Calling registerEntity...
[Entity 106] registerEntity returned.
[Entity 106] Calling updatePosition...
[Entity 106] updatePosition returned.
[DIAG] Actor Created ID: 106
[DIAG] Actor smartMove type: function
[DIAG] Actor smartMove body snapshot: smartMove(tx, tz, time, depth = 0) {
    if (isNaN(tx) || isNaN(tz)) {
      console.error(`[Actor $
[UnitCore.js] Unit Created ID:106 Role:worker Pos:10,10 Special:false
[UnitCore.js] Unit Created ID:106 Role:worker Pos:10,10
[UnitCore.js] Unit Construction Finished ID:106
[Entity 107] CONSTRUCTOR START: type=unit at 10,10
[Entity 107] Calling registerEntity...
[Entity 107] registerEntity returned.
[Entity 107] Calling updatePosition...
[Entity 107] updatePosition returned.
[DIAG] Actor Created ID: 107
[DIAG] Actor smartMove type: function
[DIAG] Actor smartMove body snapshot: smartMove(tx, tz, time, depth = 0) {
    if (isNaN(tx) || isNaN(tz)) {
      console.error(`[Actor $
[UnitCore.js] Unit Created ID:107 Role:worker Pos:10,10 Special:false
[UnitCore.js] Unit Created ID:107 Role:worker Pos:10,10
[UnitCore.js] Unit Construction Finished ID:107
[Entity 108] CONSTRUCTOR START: type=unit at 10,10
[Entity 108] Calling registerEntity...
[Entity 108] registerEntity returned.
[Entity 108] Calling updatePosition...
[Entity 108] updatePosition returned.
[DIAG] Actor Created ID: 108
[DIAG] Actor smartMove type: function
[DIAG] Actor smartMove body snapshot: smartMove(tx, tz, time, depth = 0) {
    if (isNaN(tx) || isNaN(tz)) {
      console.error(`[Actor $
[UnitCore.js] Unit Created ID:108 Role:worker Pos:10,10 Special:false
[UnitCore.js] Unit Created ID:108 Role:worker Pos:10,10
[UnitCore.js] Unit Construction Finished ID:108
[Entity 109] CONSTRUCTOR START: type=unit at 10,10
[Entity 109] Calling registerEntity...
[Entity 109] registerEntity returned.
[Entity 109] Calling updatePosition...
[Entity 109] updatePosition returned.
[DIAG] Actor Created ID: 109
[DIAG] Actor smartMove type: function
[DIAG] Actor smartMove body snapshot: smartMove(tx, tz, time, depth = 0) {
    if (isNaN(tx) || isNaN(tz)) {
      console.error(`[Actor $
[UnitCore.js] Unit Created ID:109 Role:worker Pos:10,10 Special:false
[UnitCore.js] Unit Created ID:109 Role:worker Pos:10,10
[UnitCore.js] Unit Construction Finished ID:109
[Entity 110] CONSTRUCTOR START: type=unit at 10,10
[Entity 110] Calling registerEntity...
[Entity 110] registerEntity returned.
[Entity 110] Calling updatePosition...
[Entity 110] updatePosition returned.
[DIAG] Actor Created ID: 110
[DIAG] Actor smartMove type: function
[DIAG] Actor smartMove body snapshot: smartMove(tx, tz, time, depth = 0) {
    if (isNaN(tx) || isNaN(tz)) {
      console.error(`[Actor $
[UnitCore.js] Unit Created ID:110 Role:worker Pos:10,10 Special:false
[UnitCore.js] Unit Created ID:110 Role:worker Pos:10,10
[UnitCore.js] Unit Construction Finished ID:110
[Entity 111] CONSTRUCTOR START: type=unit at 10,10
[Entity 111] Calling registerEntity...
[Entity 111] registerEntity returned.
[Entity 111] Calling updatePosition...
[Entity 111] updatePosition returned.
[DIAG] Actor Created ID: 111
[DIAG] Actor smartMove type: function
[DIAG] Actor smartMove body snapshot: smartMove(tx, tz, time, depth = 0) {
    if (isNaN(tx) || isNaN(tz)) {
      console.error(`[Actor $
[UnitCore.js] Unit Created ID:111 Role:worker Pos:10,10 Special:false
[UnitCore.js] Unit Created ID:111 Role:worker Pos:10,10
[UnitCore.js] Unit Construction Finished ID:111
[Entity 112] CONSTRUCTOR START: type=unit at 10,10
[Entity 112] Calling registerEntity...
[Entity 112] registerEntity returned.
[Entity 112] Calling updatePosition...
[Entity 112] updatePosition returned.
[DIAG] Actor Created ID: 112
[DIAG] Actor smartMove type: function
[DIAG] Actor smartMove body snapshot: smartMove(tx, tz, time, depth = 0) {
    if (isNaN(tx) || isNaN(tz)) {
      console.error(`[Actor $
[UnitCore.js] Unit Created ID:112 Role:worker Pos:10,10 Special:false
[UnitCore.js] Unit Created ID:112 Role:worker Pos:10,10
[UnitCore.js] Unit Construction Finished ID:112
[Entity 113] CONSTRUCTOR START: type=unit at 10,10
[Entity 113] Calling registerEntity...
[Entity 113] registerEntity returned.
[Entity 113] Calling updatePosition...
[Entity 113] updatePosition returned.
[DIAG] Actor Created ID: 113
[DIAG] Actor smartMove type: function
[DIAG] Actor smartMove body snapshot: smartMove(tx, tz, time, depth = 0) {
    if (isNaN(tx) || isNaN(tz)) {
      console.error(`[Actor $
[UnitCore.js] Unit Created ID:113 Role:worker Pos:10,10 Special:false
[UnitCore.js] Unit Created ID:113 Role:worker Pos:10,10
[UnitCore.js] Unit Construction Finished ID:113
[Entity 114] CONSTRUCTOR START: type=unit at 10,10
[Entity 114] Calling registerEntity...
[Entity 114] registerEntity returned.
[Entity 114] Calling updatePosition...
[Entity 114] updatePosition returned.
[DIAG] Actor Created ID: 114
[DIAG] Actor smartMove type: function
[DIAG] Actor smartMove body snapshot: smartMove(tx, tz, time, depth = 0) {
    if (isNaN(tx) || isNaN(tz)) {
      console.error(`[Actor $
[UnitCore.js] Unit Created ID:114 Role:worker Pos:10,10 Special:false
[UnitCore.js] Unit Created ID:114 Role:worker Pos:10,10
[UnitCore.js] Unit Construction Finished ID:114
[Entity 115] CONSTRUCTOR START: type=unit at 10,10
[Entity 115] Calling registerEntity...
[Entity 115] registerEntity returned.
[Entity 115] Calling updatePosition...
[Entity 115] updatePosition returned.
[DIAG] Actor Created ID: 115
[DIAG] Actor smartMove type: function
[DIAG] Actor smartMove body snapshot: smartMove(tx, tz, time, depth = 0) {
    if (isNaN(tx) || isNaN(tz)) {
      console.error(`[Actor $
[UnitCore.js] Unit Created ID:115 Role:worker Pos:10,10 Special:false
[UnitCore.js] Unit Created ID:115 Role:worker Pos:10,10
[UnitCore.js] Unit Construction Finished ID:115
[Entity 116] CONSTRUCTOR START: type=unit at 10,10
[Entity 116] Calling registerEntity...
[Entity 116] registerEntity returned.
[Entity 116] Calling updatePosition...
[Entity 116] updatePosition returned.
[DIAG] Actor Created ID: 116
[DIAG] Actor smartMove type: function
[DIAG] Actor smartMove body snapshot: smartMove(tx, tz, time, depth = 0) {
    if (isNaN(tx) || isNaN(tz)) {
      console.error(`[Actor $
[UnitCore.js] Unit Created ID:116 Role:worker Pos:10,10 Special:false
[UnitCore.js] Unit Created ID:116 Role:worker Pos:10,10
[UnitCore.js] Unit Construction Finished ID:116
[Entity 117] CONSTRUCTOR START: type=unit at 10,10
[Entity 117] Calling registerEntity...
[Entity 117] registerEntity returned.
[Entity 117] Calling updatePosition...
[Entity 117] updatePosition returned.
[DIAG] Actor Created ID: 117
[DIAG] Actor smartMove type: function
[DIAG] Actor smartMove body snapshot: smartMove(tx, tz, time, depth = 0) {
    if (isNaN(tx) || isNaN(tz)) {
      console.error(`[Actor $
[UnitCore.js] Unit Created ID:117 Role:worker Pos:10,10 Special:false
[UnitCore.js] Unit Created ID:117 Role:worker Pos:10,10
[UnitCore.js] Unit Construction Finished ID:117
[Entity 118] CONSTRUCTOR START: type=unit at 10,10
[Entity 118] Calling registerEntity...
[Entity 118] registerEntity returned.
[Entity 118] Calling updatePosition...
[Entity 118] updatePosition returned.
[DIAG] Actor Created ID: 118
[DIAG] Actor smartMove type: function
[DIAG] Actor smartMove body snapshot: smartMove(tx, tz, time, depth = 0) {
    if (isNaN(tx) || isNaN(tz)) {
      console.error(`[Actor $
[UnitCore.js] Unit Created ID:118 Role:worker Pos:10,10 Special:false
[UnitCore.js] Unit Created ID:118 Role:worker Pos:10,10
[UnitCore.js] Unit Construction Finished ID:118
[Entity 119] CONSTRUCTOR START: type=unit at 10,10
[Entity 119] Calling registerEntity...
[Entity 119] registerEntity returned.
[Entity 119] Calling updatePosition...
[Entity 119] updatePosition returned.
[DIAG] Actor Created ID: 119
[DIAG] Actor smartMove type: function
[DIAG] Actor smartMove body snapshot: smartMove(tx, tz, time, depth = 0) {
    if (isNaN(tx) || isNaN(tz)) {
      console.error(`[Actor $
[UnitCore.js] Unit Created ID:119 Role:worker Pos:10,10 Special:false
[UnitCore.js] Unit Created ID:119 Role:worker Pos:10,10
[UnitCore.js] Unit Construction Finished ID:119
[Entity 120] CONSTRUCTOR START: type=unit at 10,10
[Entity 120] Calling registerEntity...
[Entity 120] registerEntity returned.
[Entity 120] Calling updatePosition...
[Entity 120] updatePosition returned.
[DIAG] Actor Created ID: 120
[DIAG] Actor smartMove type: function
[DIAG] Actor smartMove body snapshot: smartMove(tx, tz, time, depth = 0) {
    if (isNaN(tx) || isNaN(tz)) {
      console.error(`[Actor $
[UnitCore.js] Unit Created ID:120 Role:worker Pos:10,10 Special:false
[UnitCore.js] Unit Created ID:120 Role:worker Pos:10,10
[UnitCore.js] Unit Construction Finished ID:120
[Entity 121] CONSTRUCTOR START: type=unit at 10,10
[Entity 121] Calling registerEntity...
[Entity 121] registerEntity returned.
[Entity 121] Calling updatePosition...
[Entity 121] updatePosition returned.
[DIAG] Actor Created ID: 121
[DIAG] Actor smartMove type: function
[DIAG] Actor smartMove body snapshot: smartMove(tx, tz, time, depth = 0) {
    if (isNaN(tx) || isNaN(tz)) {
      console.error(`[Actor $
[UnitCore.js] Unit Created ID:121 Role:worker Pos:10,10 Special:false
[UnitCore.js] Unit Created ID:121 Role:worker Pos:10,10
[UnitCore.js] Unit Construction Finished ID:121
[Entity 122] CONSTRUCTOR START: type=unit at 10,10
[Entity 122] Calling registerEntity...
[Entity 122] registerEntity returned.
[Entity 122] Calling updatePosition...
[Entity 122] updatePosition returned.
[DIAG] Actor Created ID: 122
[DIAG] Actor smartMove type: function
[DIAG] Actor smartMove body snapshot: smartMove(tx, tz, time, depth = 0) {
    if (isNaN(tx) || isNaN(tz)) {
      console.error(`[Actor $
[UnitCore.js] Unit Created ID:122 Role:worker Pos:10,10 Special:false
[UnitCore.js] Unit Created ID:122 Role:worker Pos:10,10
[UnitCore.js] Unit Construction Finished ID:122
[Entity 123] CONSTRUCTOR START: type=unit at 10,10
[Entity 123] Calling registerEntity...
[Entity 123] registerEntity returned.
[Entity 123] Calling updatePosition...
[Entity 123] updatePosition returned.
[DIAG] Actor Created ID: 123
[DIAG] Actor smartMove type: function
[DIAG] Actor smartMove body snapshot: smartMove(tx, tz, time, depth = 0) {
    if (isNaN(tx) || isNaN(tz)) {
      console.error(`[Actor $
[UnitCore.js] Unit Created ID:123 Role:worker Pos:10,10 Special:false
[UnitCore.js] Unit Created ID:123 Role:worker Pos:10,10
[UnitCore.js] Unit Construction Finished ID:123
[Entity 124] CONSTRUCTOR START: type=unit at 10,10
[Entity 124] Calling registerEntity...
[Entity 124] registerEntity returned.
[Entity 124] Calling updatePosition...
[Entity 124] updatePosition returned.
[DIAG] Actor Created ID: 124
[DIAG] Actor smartMove type: function
[DIAG] Actor smartMove body snapshot: smartMove(tx, tz, time, depth = 0) {
    if (isNaN(tx) || isNaN(tz)) {
      console.error(`[Actor $
[UnitCore.js] Unit Created ID:124 Role:worker Pos:10,10 Special:false
[UnitCore.js] Unit Created ID:124 Role:worker Pos:10,10
[UnitCore.js] Unit Construction Finished ID:124
[Entity 125] CONSTRUCTOR START: type=unit at 10,10
[Entity 125] Calling registerEntity...
[Entity 125] registerEntity returned.
[Entity 125] Calling updatePosition...
[Entity 125] updatePosition returned.
[DIAG] Actor Created ID: 125
[DIAG] Actor smartMove type: function
[DIAG] Actor smartMove body snapshot: smartMove(tx, tz, time, depth = 0) {
    if (isNaN(tx) || isNaN(tz)) {
      console.error(`[Actor $
[UnitCore.js] Unit Created ID:125 Role:worker Pos:10,10 Special:false
[UnitCore.js] Unit Created ID:125 Role:worker Pos:10,10
[UnitCore.js] Unit Construction Finished ID:125
[Entity 126] CONSTRUCTOR START: type=unit at 10,10
[Entity 126] Calling registerEntity...
[Entity 126] registerEntity returned.
[Entity 126] Calling updatePosition...
[Entity 126] updatePosition returned.
[DIAG] Actor Created ID: 126
[DIAG] Actor smartMove type: function
[DIAG] Actor smartMove body snapshot: smartMove(tx, tz, time, depth = 0) {
    if (isNaN(tx) || isNaN(tz)) {
      console.error(`[Actor $
[UnitCore.js] Unit Created ID:126 Role:worker Pos:10,10 Special:false
[UnitCore.js] Unit Created ID:126 Role:worker Pos:10,10
[UnitCore.js] Unit Construction Finished ID:126
[Entity 127] CONSTRUCTOR START: type=unit at 10,10
[Entity 127] Calling registerEntity...
[Entity 127] registerEntity returned.
[Entity 127] Calling updatePosition...
[Entity 127] updatePosition returned.
[DIAG] Actor Created ID: 127
[DIAG] Actor smartMove type: function
[DIAG] Actor smartMove body snapshot: smartMove(tx, tz, time, depth = 0) {
    if (isNaN(tx) || isNaN(tz)) {
      console.error(`[Actor $
[UnitCore.js] Unit Created ID:127 Role:worker Pos:10,10 Special:false
[UnitCore.js] Unit Created ID:127 Role:worker Pos:10,10
[UnitCore.js] Unit Construction Finished ID:127
[Entity 128] CONSTRUCTOR START: type=unit at 10,10
[Entity 128] Calling registerEntity...
[Entity 128] registerEntity returned.
[Entity 128] Calling updatePosition...
[Entity 128] updatePosition returned.
[DIAG] Actor Created ID: 128
[DIAG] Actor smartMove type: function
[DIAG] Actor smartMove body snapshot: smartMove(tx, tz, time, depth = 0) {
    if (isNaN(tx) || isNaN(tz)) {
      console.error(`[Actor $
[UnitCore.js] Unit Created ID:128 Role:worker Pos:10,10 Special:false
[UnitCore.js] Unit Created ID:128 Role:worker Pos:10,10
[UnitCore.js] Unit Construction Finished ID:128
[Entity 129] CONSTRUCTOR START: type=unit at 10,10
[Entity 129] Calling registerEntity...
[Entity 129] registerEntity returned.
[Entity 129] Calling updatePosition...
[Entity 129] updatePosition returned.
[DIAG] Actor Created ID: 129
[DIAG] Actor smartMove type: function
[DIAG] Actor smartMove body snapshot: smartMove(tx, tz, time, depth = 0) {
    if (isNaN(tx) || isNaN(tz)) {
      console.error(`[Actor $
[UnitCore.js] Unit Created ID:129 Role:worker Pos:10,10 Special:false
[UnitCore.js] Unit Created ID:129 Role:worker Pos:10,10
[UnitCore.js] Unit Construction Finished ID:129
[Entity 130] CONSTRUCTOR START: type=unit at 10,10
[Entity 130] Calling registerEntity...
[Entity 130] registerEntity returned.
[Entity 130] Calling updatePosition...
[Entity 130] updatePosition returned.
[DIAG] Actor Created ID: 130
[DIAG] Actor smartMove type: function
[DIAG] Actor smartMove body snapshot: smartMove(tx, tz, time, depth = 0) {
    if (isNaN(tx) || isNaN(tz)) {
      console.error(`[Actor $
[UnitCore.js] Unit Created ID:130 Role:worker Pos:10,10 Special:false
[UnitCore.js] Unit Created ID:130 Role:worker Pos:10,10
[UnitCore.js] Unit Construction Finished ID:130
[Entity 131] CONSTRUCTOR START: type=unit at 10,10
[Entity 131] Calling registerEntity...
[Entity 131] registerEntity returned.
[Entity 131] Calling updatePosition...
[Entity 131] updatePosition returned.
[DIAG] Actor Created ID: 131
[DIAG] Actor smartMove type: function
[DIAG] Actor smartMove body snapshot: smartMove(tx, tz, time, depth = 0) {
    if (isNaN(tx) || isNaN(tz)) {
      console.error(`[Actor $
[UnitCore.js] Unit Created ID:131 Role:worker Pos:10,10 Special:false
[UnitCore.js] Unit Created ID:131 Role:worker Pos:10,10
[UnitCore.js] Unit Construction Finished ID:131
[Entity 132] CONSTRUCTOR START: type=unit at 10,10
[Entity 132] Calling registerEntity...
[Entity 132] registerEntity returned.
[Entity 132] Calling updatePosition...
[Entity 132] updatePosition returned.
[DIAG] Actor Created ID: 132
[DIAG] Actor smartMove type: function
[DIAG] Actor smartMove body snapshot: smartMove(tx, tz, time, depth = 0) {
    if (isNaN(tx) || isNaN(tz)) {
      console.error(`[Actor $
[UnitCore.js] Unit Created ID:132 Role:worker Pos:10,10 Special:false
[UnitCore.js] Unit Created ID:132 Role:worker Pos:10,10
[UnitCore.js] Unit Construction Finished ID:132
[Entity 133] CONSTRUCTOR START: type=unit at 10,10
[Entity 133] Calling registerEntity...
[Entity 133] registerEntity returned.
[Entity 133] Calling updatePosition...
[Entity 133] updatePosition returned.
[DIAG] Actor Created ID: 133
[DIAG] Actor smartMove type: function
[DIAG] Actor smartMove body snapshot: smartMove(tx, tz, time, depth = 0) {
    if (isNaN(tx) || isNaN(tz)) {
      console.error(`[Actor $
[UnitCore.js] Unit Created ID:133 Role:worker Pos:10,10 Special:false
[UnitCore.js] Unit Created ID:133 Role:worker Pos:10,10
[UnitCore.js] Unit Construction Finished ID:133
[Entity 134] CONSTRUCTOR START: type=unit at 10,10
[Entity 134] Calling registerEntity...
[Entity 134] registerEntity returned.
[Entity 134] Calling updatePosition...
[Entity 134] updatePosition returned.
[DIAG] Actor Created ID: 134
[DIAG] Actor smartMove type: function
[DIAG] Actor smartMove body snapshot: smartMove(tx, tz, time, depth = 0) {
    if (isNaN(tx) || isNaN(tz)) {
      console.error(`[Actor $
[UnitCore.js] Unit Created ID:134 Role:worker Pos:10,10 Special:false
[UnitCore.js] Unit Created ID:134 Role:worker Pos:10,10
[UnitCore.js] Unit Construction Finished ID:134
[Entity 135] CONSTRUCTOR START: type=unit at 10,10
[Entity 135] Calling registerEntity...
[Entity 135] registerEntity returned.
[Entity 135] Calling updatePosition...
[Entity 135] updatePosition returned.
[DIAG] Actor Created ID: 135
[DIAG] Actor smartMove type: function
[DIAG] Actor smartMove body snapshot: smartMove(tx, tz, time, depth = 0) {
    if (isNaN(tx) || isNaN(tz)) {
      console.error(`[Actor $
[UnitCore.js] Unit Created ID:135 Role:worker Pos:10,10 Special:false
[UnitCore.js] Unit Created ID:135 Role:worker Pos:10,10
[UnitCore.js] Unit Construction Finished ID:135
[Entity 136] CONSTRUCTOR START: type=unit at 10,10
[Entity 136] Calling registerEntity...
[Entity 136] registerEntity returned.
[Entity 136] Calling updatePosition...
[Entity 136] updatePosition returned.
[DIAG] Actor Created ID: 136
[DIAG] Actor smartMove type: function
[DIAG] Actor smartMove body snapshot: smartMove(tx, tz, time, depth = 0) {
    if (isNaN(tx) || isNaN(tz)) {
      console.error(`[Actor $
[UnitCore.js] Unit Created ID:136 Role:worker Pos:10,10 Special:false
[UnitCore.js] Unit Created ID:136 Role:worker Pos:10,10
[UnitCore.js] Unit Construction Finished ID:136
[Entity 137] CONSTRUCTOR START: type=unit at 10,10
[Entity 137] Calling registerEntity...
[Entity 137] registerEntity returned.
[Entity 137] Calling updatePosition...
[Entity 137] updatePosition returned.
[DIAG] Actor Created ID: 137
[DIAG] Actor smartMove type: function
[DIAG] Actor smartMove body snapshot: smartMove(tx, tz, time, depth = 0) {
    if (isNaN(tx) || isNaN(tz)) {
      console.error(`[Actor $
[UnitCore.js] Unit Created ID:137 Role:worker Pos:10,10 Special:false
[UnitCore.js] Unit Created ID:137 Role:worker Pos:10,10
[UnitCore.js] Unit Construction Finished ID:137
[Entity 138] CONSTRUCTOR START: type=unit at 10,10
[Entity 138] Calling registerEntity...
[Entity 138] registerEntity returned.
[Entity 138] Calling updatePosition...
[Entity 138] updatePosition returned.
[DIAG] Actor Created ID: 138
[DIAG] Actor smartMove type: function
[DIAG] Actor smartMove body snapshot: smartMove(tx, tz, time, depth = 0) {
    if (isNaN(tx) || isNaN(tz)) {
      console.error(`[Actor $
[UnitCore.js] Unit Created ID:138 Role:worker Pos:10,10 Special:false
[UnitCore.js] Unit Created ID:138 Role:worker Pos:10,10
[UnitCore.js] Unit Construction Finished ID:138
[Entity 139] CONSTRUCTOR START: type=unit at 10,10
[Entity 139] Calling registerEntity...
[Entity 139] registerEntity returned.
[Entity 139] Calling updatePosition...
[Entity 139] updatePosition returned.
[DIAG] Actor Created ID: 139
[DIAG] Actor smartMove type: function
[DIAG] Actor smartMove body snapshot: smartMove(tx, tz, time, depth = 0) {
    if (isNaN(tx) || isNaN(tz)) {
      console.error(`[Actor $
[UnitCore.js] Unit Created ID:139 Role:worker Pos:10,10 Special:false
[UnitCore.js] Unit Created ID:139 Role:worker Pos:10,10
[UnitCore.js] Unit Construction Finished ID:139
[Entity 140] CONSTRUCTOR START: type=unit at 10,10
[Entity 140] Calling registerEntity...
[Entity 140] registerEntity returned.
[Entity 140] Calling updatePosition...
[Entity 140] updatePosition returned.
[DIAG] Actor Created ID: 140
[DIAG] Actor smartMove type: function
[DIAG] Actor smartMove body snapshot: smartMove(tx, tz, time, depth = 0) {
    if (isNaN(tx) || isNaN(tz)) {
      console.error(`[Actor $
[UnitCore.js] Unit Created ID:140 Role:worker Pos:10,10 Special:false
[UnitCore.js] Unit Created ID:140 Role:worker Pos:10,10
[UnitCore.js] Unit Construction Finished ID:140
[Entity 141] CONSTRUCTOR START: type=unit at 10,10
[Entity 141] Calling registerEntity...
[Entity 141] registerEntity returned.
[Entity 141] Calling updatePosition...
[Entity 141] updatePosition returned.
[DIAG] Actor Created ID: 141
[DIAG] Actor smartMove type: function
[DIAG] Actor smartMove body snapshot: smartMove(tx, tz, time, depth = 0) {
    if (isNaN(tx) || isNaN(tz)) {
      console.error(`[Actor $
[UnitCore.js] Unit Created ID:141 Role:worker Pos:10,10 Special:false
[UnitCore.js] Unit Created ID:141 Role:worker Pos:10,10
[UnitCore.js] Unit Construction Finished ID:141
[Entity 142] CONSTRUCTOR START: type=unit at 10,10
[Entity 142] Calling registerEntity...
[Entity 142] registerEntity returned.
[Entity 142] Calling updatePosition...
[Entity 142] updatePosition returned.
[DIAG] Actor Created ID: 142
[DIAG] Actor smartMove type: function
[DIAG] Actor smartMove body snapshot: smartMove(tx, tz, time, depth = 0) {
    if (isNaN(tx) || isNaN(tz)) {
      console.error(`[Actor $
[UnitCore.js] Unit Created ID:142 Role:worker Pos:10,10 Special:false
[UnitCore.js] Unit Created ID:142 Role:worker Pos:10,10
[UnitCore.js] Unit Construction Finished ID:142
[Entity 143] CONSTRUCTOR START: type=unit at 10,10
[Entity 143] Calling registerEntity...
[Entity 143] registerEntity returned.
[Entity 143] Calling updatePosition...
[Entity 143] updatePosition returned.
[DIAG] Actor Created ID: 143
[DIAG] Actor smartMove type: function
[DIAG] Actor smartMove body snapshot: smartMove(tx, tz, time, depth = 0) {
    if (isNaN(tx) || isNaN(tz)) {
      console.error(`[Actor $
[UnitCore.js] Unit Created ID:143 Role:worker Pos:10,10 Special:false
[UnitCore.js] Unit Created ID:143 Role:worker Pos:10,10
[UnitCore.js] Unit Construction Finished ID:143
[Entity 144] CONSTRUCTOR START: type=unit at 10,10
[Entity 144] Calling registerEntity...
[Entity 144] registerEntity returned.
[Entity 144] Calling updatePosition...
[Entity 144] updatePosition returned.
[DIAG] Actor Created ID: 144
[DIAG] Actor smartMove type: function
[DIAG] Actor smartMove body snapshot: smartMove(tx, tz, time, depth = 0) {
    if (isNaN(tx) || isNaN(tz)) {
      console.error(`[Actor $
[UnitCore.js] Unit Created ID:144 Role:worker Pos:10,10 Special:false
[UnitCore.js] Unit Created ID:144 Role:worker Pos:10,10
[UnitCore.js] Unit Construction Finished ID:144
[Entity 145] CONSTRUCTOR START: type=unit at 10,10
[Entity 145] Calling registerEntity...
[Entity 145] registerEntity returned.
[Entity 145] Calling updatePosition...
[Entity 145] updatePosition returned.
[DIAG] Actor Created ID: 145
[DIAG] Actor smartMove type: function
[DIAG] Actor smartMove body snapshot: smartMove(tx, tz, time, depth = 0) {
    if (isNaN(tx) || isNaN(tz)) {
      console.error(`[Actor $
[UnitCore.js] Unit Created ID:145 Role:worker Pos:10,10 Special:false
[UnitCore.js] Unit Created ID:145 Role:worker Pos:10,10
[UnitCore.js] Unit Construction Finished ID:145
[Entity 146] CONSTRUCTOR START: type=unit at 10,10
[Entity 146] Calling registerEntity...
[Entity 146] registerEntity returned.
[Entity 146] Calling updatePosition...
[Entity 146] updatePosition returned.
[DIAG] Actor Created ID: 146
[DIAG] Actor smartMove type: function
[DIAG] Actor smartMove body snapshot: smartMove(tx, tz, time, depth = 0) {
    if (isNaN(tx) || isNaN(tz)) {
      console.error(`[Actor $
[UnitCore.js] Unit Created ID:146 Role:worker Pos:10,10 Special:false
[UnitCore.js] Unit Created ID:146 Role:worker Pos:10,10
[UnitCore.js] Unit Construction Finished ID:146
[Entity 147] CONSTRUCTOR START: type=unit at 10,10
[Entity 147] Calling registerEntity...
[Entity 147] registerEntity returned.
[Entity 147] Calling updatePosition...
[Entity 147] updatePosition returned.
[DIAG] Actor Created ID: 147
[DIAG] Actor smartMove type: function
[DIAG] Actor smartMove body snapshot: smartMove(tx, tz, time, depth = 0) {
    if (isNaN(tx) || isNaN(tz)) {
      console.error(`[Actor $
[UnitCore.js] Unit Created ID:147 Role:worker Pos:10,10 Special:false
[UnitCore.js] Unit Created ID:147 Role:worker Pos:10,10
[UnitCore.js] Unit Construction Finished ID:147
[Entity 148] CONSTRUCTOR START: type=unit at 10,10
[Entity 148] Calling registerEntity...
[Entity 148] registerEntity returned.
[Entity 148] Calling updatePosition...
[Entity 148] updatePosition returned.
[DIAG] Actor Created ID: 148
[DIAG] Actor smartMove type: function
[DIAG] Actor smartMove body snapshot: smartMove(tx, tz, time, depth = 0) {
    if (isNaN(tx) || isNaN(tz)) {
      console.error(`[Actor $
[UnitCore.js] Unit Created ID:148 Role:worker Pos:10,10 Special:false
[UnitCore.js] Unit Created ID:148 Role:worker Pos:10,10
[UnitCore.js] Unit Construction Finished ID:148
[Entity 149] CONSTRUCTOR START: type=unit at 10,10
[Entity 149] Calling registerEntity...
[Entity 149] registerEntity returned.
[Entity 149] Calling updatePosition...
[Entity 149] updatePosition returned.
[DIAG] Actor Created ID: 149
[DIAG] Actor smartMove type: function
[DIAG] Actor smartMove body snapshot: smartMove(tx, tz, time, depth = 0) {
    if (isNaN(tx) || isNaN(tz)) {
      console.error(`[Actor $
[UnitCore.js] Unit Created ID:149 Role:worker Pos:10,10 Special:false
[UnitCore.js] Unit Created ID:149 Role:worker Pos:10,10
[UnitCore.js] Unit Construction Finished ID:149
[Entity 150] CONSTRUCTOR START: type=unit at 10,10
[Entity 150] Calling registerEntity...
[Entity 150] registerEntity returned.
[Entity 150] Calling updatePosition...
[Entity 150] updatePosition returned.
[DIAG] Actor Created ID: 150
[DIAG] Actor smartMove type: function
[DIAG] Actor smartMove body snapshot: smartMove(tx, tz, time, depth = 0) {
    if (isNaN(tx) || isNaN(tz)) {
      console.error(`[Actor $
[UnitCore.js] Unit Created ID:150 Role:worker Pos:10,10 Special:false
[UnitCore.js] Unit Created ID:150 Role:worker Pos:10,10
[UnitCore.js] Unit Construction Finished ID:150
[Entity 151] CONSTRUCTOR START: type=unit at 10,10
[Entity 151] Calling registerEntity...
[Entity 151] registerEntity returned.
[Entity 151] Calling updatePosition...
[Entity 151] updatePosition returned.
[DIAG] Actor Created ID: 151
[DIAG] Actor smartMove type: function
[DIAG] Actor smartMove body snapshot: smartMove(tx, tz, time, depth = 0) {
    if (isNaN(tx) || isNaN(tz)) {
      console.error(`[Actor $
[UnitCore.js] Unit Created ID:151 Role:worker Pos:10,10 Special:false
[UnitCore.js] Unit Created ID:151 Role:worker Pos:10,10
[UnitCore.js] Unit Construction Finished ID:151
[Entity 152] CONSTRUCTOR START: type=unit at 10,10
[Entity 152] Calling registerEntity...
[Entity 152] registerEntity returned.
[Entity 152] Calling updatePosition...
[Entity 152] updatePosition returned.
[DIAG] Actor Created ID: 152
[DIAG] Actor smartMove type: function
[DIAG] Actor smartMove body snapshot: smartMove(tx, tz, time, depth = 0) {
    if (isNaN(tx) || isNaN(tz)) {
      console.error(`[Actor $
[UnitCore.js] Unit Created ID:152 Role:worker Pos:10,10 Special:false
[UnitCore.js] Unit Created ID:152 Role:worker Pos:10,10
[UnitCore.js] Unit Construction Finished ID:152
[Entity 153] CONSTRUCTOR START: type=unit at 10,10
[Entity 153] Calling registerEntity...
[Entity 153] registerEntity returned.
[Entity 153] Calling updatePosition...
[Entity 153] updatePosition returned.
[DIAG] Actor Created ID: 153
[DIAG] Actor smartMove type: function
[DIAG] Actor smartMove body snapshot: smartMove(tx, tz, time, depth = 0) {
    if (isNaN(tx) || isNaN(tz)) {
      console.error(`[Actor $
[UnitCore.js] Unit Created ID:153 Role:worker Pos:10,10 Special:false
[UnitCore.js] Unit Created ID:153 Role:worker Pos:10,10
[UnitCore.js] Unit Construction Finished ID:153
[Entity 154] CONSTRUCTOR START: type=unit at 10,10
[Entity 154] Calling registerEntity...
[Entity 154] registerEntity returned.
[Entity 154] Calling updatePosition...
[Entity 154] updatePosition returned.
[DIAG] Actor Created ID: 154
[DIAG] Actor smartMove type: function
[DIAG] Actor smartMove body snapshot: smartMove(tx, tz, time, depth = 0) {
    if (isNaN(tx) || isNaN(tz)) {
      console.error(`[Actor $
[UnitCore.js] Unit Created ID:154 Role:worker Pos:10,10 Special:false
[UnitCore.js] Unit Created ID:154 Role:worker Pos:10,10
[UnitCore.js] Unit Construction Finished ID:154
[Entity 155] CONSTRUCTOR START: type=unit at 10,10
[Entity 155] Calling registerEntity...
[Entity 155] registerEntity returned.
[Entity 155] Calling updatePosition...
[Entity 155] updatePosition returned.
[DIAG] Actor Created ID: 155
[DIAG] Actor smartMove type: function
[DIAG] Actor smartMove body snapshot: smartMove(tx, tz, time, depth = 0) {
    if (isNaN(tx) || isNaN(tz)) {
      console.error(`[Actor $
[UnitCore.js] Unit Created ID:155 Role:worker Pos:10,10 Special:false
[UnitCore.js] Unit Created ID:155 Role:worker Pos:10,10
[UnitCore.js] Unit Construction Finished ID:155
[Entity 156] CONSTRUCTOR START: type=unit at 10,10
[Entity 156] Calling registerEntity...
[Entity 156] registerEntity returned.
[Entity 156] Calling updatePosition...
[Entity 156] updatePosition returned.
[DIAG] Actor Created ID: 156
[DIAG] Actor smartMove type: function
[DIAG] Actor smartMove body snapshot: smartMove(tx, tz, time, depth = 0) {
    if (isNaN(tx) || isNaN(tz)) {
      console.error(`[Actor $
[UnitCore.js] Unit Created ID:156 Role:worker Pos:10,10 Special:false
[UnitCore.js] Unit Created ID:156 Role:worker Pos:10,10
[UnitCore.js] Unit Construction Finished ID:156
[Entity 157] CONSTRUCTOR START: type=unit at 10,10
[Entity 157] Calling registerEntity...
[Entity 157] registerEntity returned.
[Entity 157] Calling updatePosition...
[Entity 157] updatePosition returned.
[DIAG] Actor Created ID: 157
[DIAG] Actor smartMove type: function
[DIAG] Actor smartMove body snapshot: smartMove(tx, tz, time, depth = 0) {
    if (isNaN(tx) || isNaN(tz)) {
      console.error(`[Actor $
[UnitCore.js] Unit Created ID:157 Role:worker Pos:10,10 Special:false
[UnitCore.js] Unit Created ID:157 Role:worker Pos:10,10
[UnitCore.js] Unit Construction Finished ID:157
[Entity 158] CONSTRUCTOR START: type=unit at 10,10
[Entity 158] Calling registerEntity...
[Entity 158] registerEntity returned.
[Entity 158] Calling updatePosition...
[Entity 158] updatePosition returned.
[DIAG] Actor Created ID: 158
[DIAG] Actor smartMove type: function
[DIAG] Actor smartMove body snapshot: smartMove(tx, tz, time, depth = 0) {
    if (isNaN(tx) || isNaN(tz)) {
      console.error(`[Actor $
[UnitCore.js] Unit Created ID:158 Role:worker Pos:10,10 Special:false
[UnitCore.js] Unit Created ID:158 Role:worker Pos:10,10
[UnitCore.js] Unit Construction Finished ID:158
[Entity 159] CONSTRUCTOR START: type=unit at 10,10
[Entity 159] Calling registerEntity...
[Entity 159] registerEntity returned.
[Entity 159] Calling updatePosition...
[Entity 159] updatePosition returned.
[DIAG] Actor Created ID: 159
[DIAG] Actor smartMove type: function
[DIAG] Actor smartMove body snapshot: smartMove(tx, tz, time, depth = 0) {
    if (isNaN(tx) || isNaN(tz)) {
      console.error(`[Actor $
[UnitCore.js] Unit Created ID:159 Role:worker Pos:10,10 Special:false
[UnitCore.js] Unit Created ID:159 Role:worker Pos:10,10
[UnitCore.js] Unit Construction Finished ID:159
[Entity 160] CONSTRUCTOR START: type=unit at 10,10
[Entity 160] Calling registerEntity...
[Entity 160] registerEntity returned.
[Entity 160] Calling updatePosition...
[Entity 160] updatePosition returned.
[DIAG] Actor Created ID: 160
[DIAG] Actor smartMove type: function
[DIAG] Actor smartMove body snapshot: smartMove(tx, tz, time, depth = 0) {
    if (isNaN(tx) || isNaN(tz)) {
      console.error(`[Actor $
[UnitCore.js] Unit Created ID:160 Role:worker Pos:10,10 Special:false
[UnitCore.js] Unit Created ID:160 Role:worker Pos:10,10
[UnitCore.js] Unit Construction Finished ID:160
[Entity 161] CONSTRUCTOR START: type=unit at 10,10
[Entity 161] Calling registerEntity...
[Entity 161] registerEntity returned.
[Entity 161] Calling updatePosition...
[Entity 161] updatePosition returned.
[DIAG] Actor Created ID: 161
[DIAG] Actor smartMove type: function
[DIAG] Actor smartMove body snapshot: smartMove(tx, tz, time, depth = 0) {
    if (isNaN(tx) || isNaN(tz)) {
      console.error(`[Actor $
[UnitCore.js] Unit Created ID:161 Role:worker Pos:10,10 Special:false
[UnitCore.js] Unit Created ID:161 Role:worker Pos:10,10
[UnitCore.js] Unit Construction Finished ID:161
[Entity 162] CONSTRUCTOR START: type=unit at 10,10
[Entity 162] Calling registerEntity...
[Entity 162] registerEntity returned.
[Entity 162] Calling updatePosition...
[Entity 162] updatePosition returned.
[DIAG] Actor Created ID: 162
[DIAG] Actor smartMove type: function
[DIAG] Actor smartMove body snapshot: smartMove(tx, tz, time, depth = 0) {
    if (isNaN(tx) || isNaN(tz)) {
      console.error(`[Actor $
[UnitCore.js] Unit Created ID:162 Role:worker Pos:10,10 Special:false
[UnitCore.js] Unit Created ID:162 Role:worker Pos:10,10
[UnitCore.js] Unit Construction Finished ID:162
[Entity 163] CONSTRUCTOR START: type=unit at 10,10
[Entity 163] Calling registerEntity...
[Entity 163] registerEntity returned.
[Entity 163] Calling updatePosition...
[Entity 163] updatePosition returned.
[DIAG] Actor Created ID: 163
[DIAG] Actor smartMove type: function
[DIAG] Actor smartMove body snapshot: smartMove(tx, tz, time, depth = 0) {
    if (isNaN(tx) || isNaN(tz)) {
      console.error(`[Actor $
[UnitCore.js] Unit Created ID:163 Role:worker Pos:10,10 Special:false
[UnitCore.js] Unit Created ID:163 Role:worker Pos:10,10
[UnitCore.js] Unit Construction Finished ID:163
[Entity 164] CONSTRUCTOR START: type=unit at 10,10
[Entity 164] Calling registerEntity...
[Entity 164] registerEntity returned.
[Entity 164] Calling updatePosition...
[Entity 164] updatePosition returned.
[DIAG] Actor Created ID: 164
[DIAG] Actor smartMove type: function
[DIAG] Actor smartMove body snapshot: smartMove(tx, tz, time, depth = 0) {
    if (isNaN(tx) || isNaN(tz)) {
      console.error(`[Actor $
[UnitCore.js] Unit Created ID:164 Role:worker Pos:10,10 Special:false
[UnitCore.js] Unit Created ID:164 Role:worker Pos:10,10
[UnitCore.js] Unit Construction Finished ID:164
[Entity 165] CONSTRUCTOR START: type=unit at 10,10
[Entity 165] Calling registerEntity...
[Entity 165] registerEntity returned.
[Entity 165] Calling updatePosition...
[Entity 165] updatePosition returned.
[DIAG] Actor Created ID: 165
[DIAG] Actor smartMove type: function
[DIAG] Actor smartMove body snapshot: smartMove(tx, tz, time, depth = 0) {
    if (isNaN(tx) || isNaN(tz)) {
      console.error(`[Actor $
[UnitCore.js] Unit Created ID:165 Role:worker Pos:10,10 Special:false
[UnitCore.js] Unit Created ID:165 Role:worker Pos:10,10
[UnitCore.js] Unit Construction Finished ID:165
[Entity 166] CONSTRUCTOR START: type=unit at 10,10
[Entity 166] Calling registerEntity...
[Entity 166] registerEntity returned.
[Entity 166] Calling updatePosition...
[Entity 166] updatePosition returned.
[DIAG] Actor Created ID: 166
[DIAG] Actor smartMove type: function
[DIAG] Actor smartMove body snapshot: smartMove(tx, tz, time, depth = 0) {
    if (isNaN(tx) || isNaN(tz)) {
      console.error(`[Actor $
[UnitCore.js] Unit Created ID:166 Role:worker Pos:10,10 Special:false
[UnitCore.js] Unit Created ID:166 Role:worker Pos:10,10
[UnitCore.js] Unit Construction Finished ID:166
[Entity 167] CONSTRUCTOR START: type=unit at 10,10
[Entity 167] Calling registerEntity...
[Entity 167] registerEntity returned.
[Entity 167] Calling updatePosition...
[Entity 167] updatePosition returned.
[DIAG] Actor Created ID: 167
[DIAG] Actor smartMove type: function
[DIAG] Actor smartMove body snapshot: smartMove(tx, tz, time, depth = 0) {
    if (isNaN(tx) || isNaN(tz)) {
      console.error(`[Actor $
[UnitCore.js] Unit Created ID:167 Role:worker Pos:10,10 Special:false
[UnitCore.js] Unit Created ID:167 Role:worker Pos:10,10
[UnitCore.js] Unit Construction Finished ID:167
[Entity 168] CONSTRUCTOR START: type=unit at 10,10
[Entity 168] Calling registerEntity...
[Entity 168] registerEntity returned.
[Entity 168] Calling updatePosition...
[Entity 168] updatePosition returned.
[DIAG] Actor Created ID: 168
[DIAG] Actor smartMove type: function
[DIAG] Actor smartMove body snapshot: smartMove(tx, tz, time, depth = 0) {
    if (isNaN(tx) || isNaN(tz)) {
      console.error(`[Actor $
[UnitCore.js] Unit Created ID:168 Role:worker Pos:10,10 Special:false
[UnitCore.js] Unit Created ID:168 Role:worker Pos:10,10
[UnitCore.js] Unit Construction Finished ID:168
[Entity 169] CONSTRUCTOR START: type=unit at 10,10
[Entity 169] Calling registerEntity...
[Entity 169] registerEntity returned.
[Entity 169] Calling updatePosition...
[Entity 169] updatePosition returned.
[DIAG] Actor Created ID: 169
[DIAG] Actor smartMove type: function
[DIAG] Actor smartMove body snapshot: smartMove(tx, tz, time, depth = 0) {
    if (isNaN(tx) || isNaN(tz)) {
      console.error(`[Actor $
[UnitCore.js] Unit Created ID:169 Role:worker Pos:10,10 Special:false
[UnitCore.js] Unit Created ID:169 Role:worker Pos:10,10
[UnitCore.js] Unit Construction Finished ID:169
[Entity 170] CONSTRUCTOR START: type=unit at 10,10
[Entity 170] Calling registerEntity...
[Entity 170] registerEntity returned.
[Entity 170] Calling updatePosition...
[Entity 170] updatePosition returned.
[DIAG] Actor Created ID: 170
[DIAG] Actor smartMove type: function
[DIAG] Actor smartMove body snapshot: smartMove(tx, tz, time, depth = 0) {
    if (isNaN(tx) || isNaN(tz)) {
      console.error(`[Actor $
[UnitCore.js] Unit Created ID:170 Role:worker Pos:10,10 Special:false
[UnitCore.js] Unit Created ID:170 Role:worker Pos:10,10
[UnitCore.js] Unit Construction Finished ID:170
[Entity 171] CONSTRUCTOR START: type=unit at 10,10
[Entity 171] Calling registerEntity...
[Entity 171] registerEntity returned.
[Entity 171] Calling updatePosition...
[Entity 171] updatePosition returned.
[DIAG] Actor Created ID: 171
[DIAG] Actor smartMove type: function
[DIAG] Actor smartMove body snapshot: smartMove(tx, tz, time, depth = 0) {
    if (isNaN(tx) || isNaN(tz)) {
      console.error(`[Actor $
[UnitCore.js] Unit Created ID:171 Role:worker Pos:10,10 Special:false
[UnitCore.js] Unit Created ID:171 Role:worker Pos:10,10
[UnitCore.js] Unit Construction Finished ID:171
[Entity 172] CONSTRUCTOR START: type=unit at 10,10
[Entity 172] Calling registerEntity...
[Entity 172] registerEntity returned.
[Entity 172] Calling updatePosition...
[Entity 172] updatePosition returned.
[DIAG] Actor Created ID: 172
[DIAG] Actor smartMove type: function
[DIAG] Actor smartMove body snapshot: smartMove(tx, tz, time, depth = 0) {
    if (isNaN(tx) || isNaN(tz)) {
      console.error(`[Actor $
[UnitCore.js] Unit Created ID:172 Role:worker Pos:10,10 Special:false
[UnitCore.js] Unit Created ID:172 Role:worker Pos:10,10
[UnitCore.js] Unit Construction Finished ID:172
[Entity 173] CONSTRUCTOR START: type=unit at 10,10
[Entity 173] Calling registerEntity...
[Entity 173] registerEntity returned.
[Entity 173] Calling updatePosition...
[Entity 173] updatePosition returned.
[DIAG] Actor Created ID: 173
[DIAG] Actor smartMove type: function
[DIAG] Actor smartMove body snapshot: smartMove(tx, tz, time, depth = 0) {
    if (isNaN(tx) || isNaN(tz)) {
      console.error(`[Actor $
[UnitCore.js] Unit Created ID:173 Role:worker Pos:10,10 Special:false
[UnitCore.js] Unit Created ID:173 Role:worker Pos:10,10
[UnitCore.js] Unit Construction Finished ID:173
[Entity 174] CONSTRUCTOR START: type=unit at 10,10
[Entity 174] Calling registerEntity...
[Entity 174] registerEntity returned.
[Entity 174] Calling updatePosition...
[Entity 174] updatePosition returned.
[DIAG] Actor Created ID: 174
[DIAG] Actor smartMove type: function
[DIAG] Actor smartMove body snapshot: smartMove(tx, tz, time, depth = 0) {
    if (isNaN(tx) || isNaN(tz)) {
      console.error(`[Actor $
[UnitCore.js] Unit Created ID:174 Role:worker Pos:10,10 Special:false
[UnitCore.js] Unit Created ID:174 Role:worker Pos:10,10
[UnitCore.js] Unit Construction Finished ID:174
[Entity 175] CONSTRUCTOR START: type=unit at 10,10
[Entity 175] Calling registerEntity...
[Entity 175] registerEntity returned.
[Entity 175] Calling updatePosition...
[Entity 175] updatePosition returned.
[DIAG] Actor Created ID: 175
[DIAG] Actor smartMove type: function
[DIAG] Actor smartMove body snapshot: smartMove(tx, tz, time, depth = 0) {
    if (isNaN(tx) || isNaN(tz)) {
      console.error(`[Actor $
[UnitCore.js] Unit Created ID:175 Role:worker Pos:10,10 Special:false
[UnitCore.js] Unit Created ID:175 Role:worker Pos:10,10
[UnitCore.js] Unit Construction Finished ID:175
[Entity 176] CONSTRUCTOR START: type=unit at 10,10
[Entity 176] Calling registerEntity...
[Entity 176] registerEntity returned.
[Entity 176] Calling updatePosition...
[Entity 176] updatePosition returned.
[DIAG] Actor Created ID: 176
[DIAG] Actor smartMove type: function
[DIAG] Actor smartMove body snapshot: smartMove(tx, tz, time, depth = 0) {
    if (isNaN(tx) || isNaN(tz)) {
      console.error(`[Actor $
[UnitCore.js] Unit Created ID:176 Role:worker Pos:10,10 Special:false
[UnitCore.js] Unit Created ID:176 Role:worker Pos:10,10
[UnitCore.js] Unit Construction Finished ID:176
[Entity 177] CONSTRUCTOR START: type=unit at 10,10
[Entity 177] Calling registerEntity...
[Entity 177] registerEntity returned.
[Entity 177] Calling updatePosition...
[Entity 177] updatePosition returned.
[DIAG] Actor Created ID: 177
[DIAG] Actor smartMove type: function
[DIAG] Actor smartMove body snapshot: smartMove(tx, tz, time, depth = 0) {
    if (isNaN(tx) || isNaN(tz)) {
      console.error(`[Actor $
[UnitCore.js] Unit Created ID:177 Role:worker Pos:10,10 Special:false
[UnitCore.js] Unit Created ID:177 Role:worker Pos:10,10
[UnitCore.js] Unit Construction Finished ID:177
[Entity 178] CONSTRUCTOR START: type=unit at 10,10
[Entity 178] Calling registerEntity...
[Entity 178] registerEntity returned.
[Entity 178] Calling updatePosition...
[Entity 178] updatePosition returned.
[DIAG] Actor Created ID: 178
[DIAG] Actor smartMove type: function
[DIAG] Actor smartMove body snapshot: smartMove(tx, tz, time, depth = 0) {
    if (isNaN(tx) || isNaN(tz)) {
      console.error(`[Actor $
[UnitCore.js] Unit Created ID:178 Role:worker Pos:10,10 Special:false
[UnitCore.js] Unit Created ID:178 Role:worker Pos:10,10
[UnitCore.js] Unit Construction Finished ID:178
[Entity 179] CONSTRUCTOR START: type=unit at 10,10
[Entity 179] Calling registerEntity...
[Entity 179] registerEntity returned.
[Entity 179] Calling updatePosition...
[Entity 179] updatePosition returned.
[DIAG] Actor Created ID: 179
[DIAG] Actor smartMove type: function
[DIAG] Actor smartMove body snapshot: smartMove(tx, tz, time, depth = 0) {
    if (isNaN(tx) || isNaN(tz)) {
      console.error(`[Actor $
[UnitCore.js] Unit Created ID:179 Role:worker Pos:10,10 Special:false
[UnitCore.js] Unit Created ID:179 Role:worker Pos:10,10
[UnitCore.js] Unit Construction Finished ID:179
[Entity 180] CONSTRUCTOR START: type=unit at 10,10
[Entity 180] Calling registerEntity...
[Entity 180] registerEntity returned.
[Entity 180] Calling updatePosition...
[Entity 180] updatePosition returned.
[DIAG] Actor Created ID: 180
[DIAG] Actor smartMove type: function
[DIAG] Actor smartMove body snapshot: smartMove(tx, tz, time, depth = 0) {
    if (isNaN(tx) || isNaN(tz)) {
      console.error(`[Actor $
[UnitCore.js] Unit Created ID:180 Role:worker Pos:10,10 Special:false
[UnitCore.js] Unit Created ID:180 Role:worker Pos:10,10
[UnitCore.js] Unit Construction Finished ID:180
[Entity 181] CONSTRUCTOR START: type=unit at 10,10
[Entity 181] Calling registerEntity...
[Entity 181] registerEntity returned.
[Entity 181] Calling updatePosition...
[Entity 181] updatePosition returned.
[DIAG] Actor Created ID: 181
[DIAG] Actor smartMove type: function
[DIAG] Actor smartMove body snapshot: smartMove(tx, tz, time, depth = 0) {
    if (isNaN(tx) || isNaN(tz)) {
      console.error(`[Actor $
[UnitCore.js] Unit Created ID:181 Role:worker Pos:10,10 Special:false
[UnitCore.js] Unit Created ID:181 Role:worker Pos:10,10
[UnitCore.js] Unit Construction Finished ID:181
[Entity 182] CONSTRUCTOR START: type=unit at 10,10
[Entity 182] Calling registerEntity...
[Entity 182] registerEntity returned.
[Entity 182] Calling updatePosition...
[Entity 182] updatePosition returned.
[DIAG] Actor Created ID: 182
[DIAG] Actor smartMove type: function
[DIAG] Actor smartMove body snapshot: smartMove(tx, tz, time, depth = 0) {
    if (isNaN(tx) || isNaN(tz)) {
      console.error(`[Actor $
[UnitCore.js] Unit Created ID:182 Role:worker Pos:10,10 Special:false
[UnitCore.js] Unit Created ID:182 Role:worker Pos:10,10
[UnitCore.js] Unit Construction Finished ID:182
[Entity 183] CONSTRUCTOR START: type=unit at 10,10
[Entity 183] Calling registerEntity...
[Entity 183] registerEntity returned.
[Entity 183] Calling updatePosition...
[Entity 183] updatePosition returned.
[DIAG] Actor Created ID: 183
[DIAG] Actor smartMove type: function
[DIAG] Actor smartMove body snapshot: smartMove(tx, tz, time, depth = 0) {
    if (isNaN(tx) || isNaN(tz)) {
      console.error(`[Actor $
[UnitCore.js] Unit Created ID:183 Role:worker Pos:10,10 Special:false
[UnitCore.js] Unit Created ID:183 Role:worker Pos:10,10
[UnitCore.js] Unit Construction Finished ID:183
[Entity 184] CONSTRUCTOR START: type=unit at 10,10
[Entity 184] Calling registerEntity...
[Entity 184] registerEntity returned.
[Entity 184] Calling updatePosition...
[Entity 184] updatePosition returned.
[DIAG] Actor Created ID: 184
[DIAG] Actor smartMove type: function
[DIAG] Actor smartMove body snapshot: smartMove(tx, tz, time, depth = 0) {
    if (isNaN(tx) || isNaN(tz)) {
      console.error(`[Actor $
[UnitCore.js] Unit Created ID:184 Role:worker Pos:10,10 Special:false
[UnitCore.js] Unit Created ID:184 Role:worker Pos:10,10
[UnitCore.js] Unit Construction Finished ID:184
[Entity 185] CONSTRUCTOR START: type=unit at 10,10
[Entity 185] Calling registerEntity...
[Entity 185] registerEntity returned.
[Entity 185] Calling updatePosition...
[Entity 185] updatePosition returned.
[DIAG] Actor Created ID: 185
[DIAG] Actor smartMove type: function
[DIAG] Actor smartMove body snapshot: smartMove(tx, tz, time, depth = 0) {
    if (isNaN(tx) || isNaN(tz)) {
      console.error(`[Actor $
[UnitCore.js] Unit Created ID:185 Role:worker Pos:10,10 Special:false
[UnitCore.js] Unit Created ID:185 Role:worker Pos:10,10
[UnitCore.js] Unit Construction Finished ID:185
[Entity 186] CONSTRUCTOR START: type=unit at 10,10
[Entity 186] Calling registerEntity...
[Entity 186] registerEntity returned.
[Entity 186] Calling updatePosition...
[Entity 186] updatePosition returned.
[DIAG] Actor Created ID: 186
[DIAG] Actor smartMove type: function
[DIAG] Actor smartMove body snapshot: smartMove(tx, tz, time, depth = 0) {
    if (isNaN(tx) || isNaN(tz)) {
      console.error(`[Actor $
[UnitCore.js] Unit Created ID:186 Role:worker Pos:10,10 Special:false
[UnitCore.js] Unit Created ID:186 Role:worker Pos:10,10
[UnitCore.js] Unit Construction Finished ID:186
[Entity 187] CONSTRUCTOR START: type=unit at 10,10
[Entity 187] Calling registerEntity...
[Entity 187] registerEntity returned.
[Entity 187] Calling updatePosition...
[Entity 187] updatePosition returned.
[DIAG] Actor Created ID: 187
[DIAG] Actor smartMove type: function
[DIAG] Actor smartMove body snapshot: smartMove(tx, tz, time, depth = 0) {
    if (isNaN(tx) || isNaN(tz)) {
      console.error(`[Actor $
[UnitCore.js] Unit Created ID:187 Role:worker Pos:10,10 Special:false
[UnitCore.js] Unit Created ID:187 Role:worker Pos:10,10
[UnitCore.js] Unit Construction Finished ID:187
[Entity 188] CONSTRUCTOR START: type=unit at 10,10
[Entity 188] Calling registerEntity...
[Entity 188] registerEntity returned.
[Entity 188] Calling updatePosition...
[Entity 188] updatePosition returned.
[DIAG] Actor Created ID: 188
[DIAG] Actor smartMove type: function
[DIAG] Actor smartMove body snapshot: smartMove(tx, tz, time, depth = 0) {
    if (isNaN(tx) || isNaN(tz)) {
      console.error(`[Actor $
[UnitCore.js] Unit Created ID:188 Role:worker Pos:10,10 Special:false
[UnitCore.js] Unit Created ID:188 Role:worker Pos:10,10
[UnitCore.js] Unit Construction Finished ID:188
[Entity 189] CONSTRUCTOR START: type=unit at 10,10
[Entity 189] Calling registerEntity...
[Entity 189] registerEntity returned.
[Entity 189] Calling updatePosition...
[Entity 189] updatePosition returned.
[DIAG] Actor Created ID: 189
[DIAG] Actor smartMove type: function
[DIAG] Actor smartMove body snapshot: smartMove(tx, tz, time, depth = 0) {
    if (isNaN(tx) || isNaN(tz)) {
      console.error(`[Actor $
[UnitCore.js] Unit Created ID:189 Role:worker Pos:10,10 Special:false
[UnitCore.js] Unit Created ID:189 Role:worker Pos:10,10
[UnitCore.js] Unit Construction Finished ID:189
[Entity 190] CONSTRUCTOR START: type=unit at 10,10
[Entity 190] Calling registerEntity...
[Entity 190] registerEntity returned.
[Entity 190] Calling updatePosition...
[Entity 190] updatePosition returned.
[DIAG] Actor Created ID: 190
[DIAG] Actor smartMove type: function
[DIAG] Actor smartMove body snapshot: smartMove(tx, tz, time, depth = 0) {
    if (isNaN(tx) || isNaN(tz)) {
      console.error(`[Actor $
[UnitCore.js] Unit Created ID:190 Role:worker Pos:10,10 Special:false
[UnitCore.js] Unit Created ID:190 Role:worker Pos:10,10
[UnitCore.js] Unit Construction Finished ID:190
[Entity 191] CONSTRUCTOR START: type=unit at 10,10
[Entity 191] Calling registerEntity...
[Entity 191] registerEntity returned.
[Entity 191] Calling updatePosition...
[Entity 191] updatePosition returned.
[DIAG] Actor Created ID: 191
[DIAG] Actor smartMove type: function
[DIAG] Actor smartMove body snapshot: smartMove(tx, tz, time, depth = 0) {
    if (isNaN(tx) || isNaN(tz)) {
      console.error(`[Actor $
[UnitCore.js] Unit Created ID:191 Role:worker Pos:10,10 Special:false
[UnitCore.js] Unit Created ID:191 Role:worker Pos:10,10
[UnitCore.js] Unit Construction Finished ID:191
[Entity 192] CONSTRUCTOR START: type=unit at 10,10
[Entity 192] Calling registerEntity...
[Entity 192] registerEntity returned.
[Entity 192] Calling updatePosition...
[Entity 192] updatePosition returned.
[DIAG] Actor Created ID: 192
[DIAG] Actor smartMove type: function
[DIAG] Actor smartMove body snapshot: smartMove(tx, tz, time, depth = 0) {
    if (isNaN(tx) || isNaN(tz)) {
      console.error(`[Actor $
[UnitCore.js] Unit Created ID:192 Role:worker Pos:10,10 Special:false
[UnitCore.js] Unit Created ID:192 Role:worker Pos:10,10
[UnitCore.js] Unit Construction Finished ID:192
[Entity 193] CONSTRUCTOR START: type=unit at 10,10
[Entity 193] Calling registerEntity...
[Entity 193] registerEntity returned.
[Entity 193] Calling updatePosition...
[Entity 193] updatePosition returned.
[DIAG] Actor Created ID: 193
[DIAG] Actor smartMove type: function
[DIAG] Actor smartMove body snapshot: smartMove(tx, tz, time, depth = 0) {
    if (isNaN(tx) || isNaN(tz)) {
      console.error(`[Actor $
[UnitCore.js] Unit Created ID:193 Role:worker Pos:10,10 Special:false
[UnitCore.js] Unit Created ID:193 Role:worker Pos:10,10
[UnitCore.js] Unit Construction Finished ID:193
[Entity 194] CONSTRUCTOR START: type=unit at 10,10
[Entity 194] Calling registerEntity...
[Entity 194] registerEntity returned.
[Entity 194] Calling updatePosition...
[Entity 194] updatePosition returned.
[DIAG] Actor Created ID: 194
[DIAG] Actor smartMove type: function
[DIAG] Actor smartMove body snapshot: smartMove(tx, tz, time, depth = 0) {
    if (isNaN(tx) || isNaN(tz)) {
      console.error(`[Actor $
[UnitCore.js] Unit Created ID:194 Role:worker Pos:10,10 Special:false
[UnitCore.js] Unit Created ID:194 Role:worker Pos:10,10
[UnitCore.js] Unit Construction Finished ID:194
[Entity 195] CONSTRUCTOR START: type=unit at 10,10
[Entity 195] Calling registerEntity...
[Entity 195] registerEntity returned.
[Entity 195] Calling updatePosition...
[Entity 195] updatePosition returned.
[DIAG] Actor Created ID: 195
[DIAG] Actor smartMove type: function
[DIAG] Actor smartMove body snapshot: smartMove(tx, tz, time, depth = 0) {
    if (isNaN(tx) || isNaN(tz)) {
      console.error(`[Actor $
[UnitCore.js] Unit Created ID:195 Role:worker Pos:10,10 Special:false
[UnitCore.js] Unit Created ID:195 Role:worker Pos:10,10
[UnitCore.js] Unit Construction Finished ID:195
[Entity 196] CONSTRUCTOR START: type=unit at 10,10
[Entity 196] Calling registerEntity...
[Entity 196] registerEntity returned.
[Entity 196] Calling updatePosition...
[Entity 196] updatePosition returned.
[DIAG] Actor Created ID: 196
[DIAG] Actor smartMove type: function
[DIAG] Actor smartMove body snapshot: smartMove(tx, tz, time, depth = 0) {
    if (isNaN(tx) || isNaN(tz)) {
      console.error(`[Actor $
[UnitCore.js] Unit Created ID:196 Role:worker Pos:10,10 Special:false
[UnitCore.js] Unit Created ID:196 Role:worker Pos:10,10
[UnitCore.js] Unit Construction Finished ID:196
[Entity 197] CONSTRUCTOR START: type=unit at 10,10
[Entity 197] Calling registerEntity...
[Entity 197] registerEntity returned.
[Entity 197] Calling updatePosition...
[Entity 197] updatePosition returned.
[DIAG] Actor Created ID: 197
[DIAG] Actor smartMove type: function
[DIAG] Actor smartMove body snapshot: smartMove(tx, tz, time, depth = 0) {
    if (isNaN(tx) || isNaN(tz)) {
      console.error(`[Actor $
[UnitCore.js] Unit Created ID:197 Role:worker Pos:10,10 Special:false
[UnitCore.js] Unit Created ID:197 Role:worker Pos:10,10
[UnitCore.js] Unit Construction Finished ID:197
[Entity 198] CONSTRUCTOR START: type=unit at 10,10
[Entity 198] Calling registerEntity...
[Entity 198] registerEntity returned.
[Entity 198] Calling updatePosition...
[Entity 198] updatePosition returned.
[DIAG] Actor Created ID: 198
[DIAG] Actor smartMove type: function
[DIAG] Actor smartMove body snapshot: smartMove(tx, tz, time, depth = 0) {
    if (isNaN(tx) || isNaN(tz)) {
      console.error(`[Actor $
[UnitCore.js] Unit Created ID:198 Role:worker Pos:10,10 Special:false
[UnitCore.js] Unit Created ID:198 Role:worker Pos:10,10
[UnitCore.js] Unit Construction Finished ID:198
[Entity 199] CONSTRUCTOR START: type=unit at 10,10
[Entity 199] Calling registerEntity...
[Entity 199] registerEntity returned.
[Entity 199] Calling updatePosition...
[Entity 199] updatePosition returned.
[DIAG] Actor Created ID: 199
[DIAG] Actor smartMove type: function
[DIAG] Actor smartMove body snapshot: smartMove(tx, tz, time, depth = 0) {
    if (isNaN(tx) || isNaN(tz)) {
      console.error(`[Actor $
[UnitCore.js] Unit Created ID:199 Role:worker Pos:10,10 Special:false
[UnitCore.js] Unit Created ID:199 Role:worker Pos:10,10
[UnitCore.js] Unit Construction Finished ID:199
[Stress] Spawning 50 Goblins...
[Entity 200] CONSTRUCTOR START: type=goblin at 6,16
[Entity 200] Calling registerEntity...
[Entity 200] registerEntity returned.
[Entity 200] Calling updatePosition...
[Entity 200] updatePosition returned.
[DIAG] Actor Created ID: 200
[DIAG] Actor smartMove type: function
[DIAG] Actor smartMove body snapshot: smartMove(tx, tz, time, depth = 0) {
    if (isNaN(tx) || isNaN(tz)) {
      console.error(`[Actor $
[Entity 201] CONSTRUCTOR START: type=goblin at 1,32
[Entity 201] Calling registerEntity...
[Entity 201] registerEntity returned.
[Entity 201] Calling updatePosition...
[Entity 201] updatePosition returned.
[DIAG] Actor Created ID: 201
[DIAG] Actor smartMove type: function
[DIAG] Actor smartMove body snapshot: smartMove(tx, tz, time, depth = 0) {
    if (isNaN(tx) || isNaN(tz)) {
      console.error(`[Actor $
[Entity 202] CONSTRUCTOR START: type=goblin at 16,49
[Entity 202] Calling registerEntity...
[Entity 202] registerEntity returned.
[Entity 202] Calling updatePosition...
[Entity 202] updatePosition returned.
[DIAG] Actor Created ID: 202
[DIAG] Actor smartMove type: function
[DIAG] Actor smartMove body snapshot: smartMove(tx, tz, time, depth = 0) {
    if (isNaN(tx) || isNaN(tz)) {
      console.error(`[Actor $
[Entity 203] CONSTRUCTOR START: type=goblin at 40,38
[Entity 203] Calling registerEntity...
[Entity 203] registerEntity returned.
[Entity 203] Calling updatePosition...
[Entity 203] updatePosition returned.
[DIAG] Actor Created ID: 203
[DIAG] Actor smartMove type: function
[DIAG] Actor smartMove body snapshot: smartMove(tx, tz, time, depth = 0) {
    if (isNaN(tx) || isNaN(tz)) {
      console.error(`[Actor $
[Entity 204] CONSTRUCTOR START: type=goblin at 43,16
[Entity 204] Calling registerEntity...
[Entity 204] registerEntity returned.
[Entity 204] Calling updatePosition...
[Entity 204] updatePosition returned.
[DIAG] Actor Created ID: 204
[DIAG] Actor smartMove type: function
[DIAG] Actor smartMove body snapshot: smartMove(tx, tz, time, depth = 0) {
    if (isNaN(tx) || isNaN(tz)) {
      console.error(`[Actor $
[Entity 205] CONSTRUCTOR START: type=goblin at 11,16
[Entity 205] Calling registerEntity...
[Entity 205] registerEntity returned.
[Entity 205] Calling updatePosition...
[Entity 205] updatePosition returned.
[DIAG] Actor Created ID: 205
[DIAG] Actor smartMove type: function
[DIAG] Actor smartMove body snapshot: smartMove(tx, tz, time, depth = 0) {
    if (isNaN(tx) || isNaN(tz)) {
      console.error(`[Actor $
[Entity 206] CONSTRUCTOR START: type=goblin at 9,26
[Entity 206] Calling registerEntity...
[Entity 206] registerEntity returned.
[Entity 206] Calling updatePosition...
[Entity 206] updatePosition returned.
[DIAG] Actor Created ID: 206
[DIAG] Actor smartMove type: function
[DIAG] Actor smartMove body snapshot: smartMove(tx, tz, time, depth = 0) {
    if (isNaN(tx) || isNaN(tz)) {
      console.error(`[Actor $
[Entity 207] CONSTRUCTOR START: type=goblin at 24,32
[Entity 207] Calling registerEntity...
[Entity 207] registerEntity returned.
[Entity 207] Calling updatePosition...
[Entity 207] updatePosition returned.
[DIAG] Actor Created ID: 207
[DIAG] Actor smartMove type: function
[DIAG] Actor smartMove body snapshot: smartMove(tx, tz, time, depth = 0) {
    if (isNaN(tx) || isNaN(tz)) {
      console.error(`[Actor $
[Entity 208] CONSTRUCTOR START: type=goblin at 0,2
[Entity 208] Calling registerEntity...
[Entity 208] registerEntity returned.
[Entity 208] Calling updatePosition...
[Entity 208] updatePosition returned.
[DIAG] Actor Created ID: 208
[DIAG] Actor smartMove type: function
[DIAG] Actor smartMove body snapshot: smartMove(tx, tz, time, depth = 0) {
    if (isNaN(tx) || isNaN(tz)) {
      console.error(`[Actor $
[Entity 209] CONSTRUCTOR START: type=goblin at 7,36
[Entity 209] Calling registerEntity...
[Entity 209] registerEntity returned.
[Entity 209] Calling updatePosition...
[Entity 209] updatePosition returned.
[DIAG] Actor Created ID: 209
[DIAG] Actor smartMove type: function
[DIAG] Actor smartMove body snapshot: smartMove(tx, tz, time, depth = 0) {
    if (isNaN(tx) || isNaN(tz)) {
      console.error(`[Actor $
[Entity 210] CONSTRUCTOR START: type=goblin at 27,33
[Entity 210] Calling registerEntity...
[Entity 210] registerEntity returned.
[Entity 210] Calling updatePosition...
[Entity 210] updatePosition returned.
[DIAG] Actor Created ID: 210
[DIAG] Actor smartMove type: function
[DIAG] Actor smartMove body snapshot: smartMove(tx, tz, time, depth = 0) {
    if (isNaN(tx) || isNaN(tz)) {
      console.error(`[Actor $
[Entity 211] CONSTRUCTOR START: type=goblin at 43,26
[Entity 211] Calling registerEntity...
[Entity 211] registerEntity returned.
[Entity 211] Calling updatePosition...
[Entity 211] updatePosition returned.
[DIAG] Actor Created ID: 211
[DIAG] Actor smartMove type: function
[DIAG] Actor smartMove body snapshot: smartMove(tx, tz, time, depth = 0) {
    if (isNaN(tx) || isNaN(tz)) {
      console.error(`[Actor $
[Entity 212] CONSTRUCTOR START: type=goblin at 38,4
[Entity 212] Calling registerEntity...
[Entity 212] registerEntity returned.
[Entity 212] Calling updatePosition...
[Entity 212] updatePosition returned.
[DIAG] Actor Created ID: 212
[DIAG] Actor smartMove type: function
[DIAG] Actor smartMove body snapshot: smartMove(tx, tz, time, depth = 0) {
    if (isNaN(tx) || isNaN(tz)) {
      console.error(`[Actor $
[Entity 213] CONSTRUCTOR START: type=goblin at 28,14
[Entity 213] Calling registerEntity...
[Entity 213] registerEntity returned.
[Entity 213] Calling updatePosition...
[Entity 213] updatePosition returned.
[DIAG] Actor Created ID: 213
[DIAG] Actor smartMove type: function
[DIAG] Actor smartMove body snapshot: smartMove(tx, tz, time, depth = 0) {
    if (isNaN(tx) || isNaN(tz)) {
      console.error(`[Actor $
[Entity 214] CONSTRUCTOR START: type=goblin at 35,32
[Entity 214] Calling registerEntity...
[Entity 214] registerEntity returned.
[Entity 214] Calling updatePosition...
[Entity 214] updatePosition returned.
[DIAG] Actor Created ID: 214
[DIAG] Actor smartMove type: function
[DIAG] Actor smartMove body snapshot: smartMove(tx, tz, time, depth = 0) {
    if (isNaN(tx) || isNaN(tz)) {
      console.error(`[Actor $
[Entity 215] CONSTRUCTOR START: type=goblin at 36,18
[Entity 215] Calling registerEntity...
[Entity 215] registerEntity returned.
[Entity 215] Calling updatePosition...
[Entity 215] updatePosition returned.
[DIAG] Actor Created ID: 215
[DIAG] Actor smartMove type: function
[DIAG] Actor smartMove body snapshot: smartMove(tx, tz, time, depth = 0) {
    if (isNaN(tx) || isNaN(tz)) {
      console.error(`[Actor $
[Entity 216] CONSTRUCTOR START: type=goblin at 3,31
[Entity 216] Calling registerEntity...
[Entity 216] registerEntity returned.
[Entity 216] Calling updatePosition...
[Entity 216] updatePosition returned.
[DIAG] Actor Created ID: 216
[DIAG] Actor smartMove type: function
[DIAG] Actor smartMove body snapshot: smartMove(tx, tz, time, depth = 0) {
    if (isNaN(tx) || isNaN(tz)) {
      console.error(`[Actor $
[Entity 217] CONSTRUCTOR START: type=goblin at 40,31
[Entity 217] Calling registerEntity...
[Entity 217] registerEntity returned.
[Entity 217] Calling updatePosition...
[Entity 217] updatePosition returned.
[DIAG] Actor Created ID: 217
[DIAG] Actor smartMove type: function
[DIAG] Actor smartMove body snapshot: smartMove(tx, tz, time, depth = 0) {
    if (isNaN(tx) || isNaN(tz)) {
      console.error(`[Actor $
[Entity 218] CONSTRUCTOR START: type=goblin at 20,0
[Entity 218] Calling registerEntity...
[Entity 218] registerEntity returned.
[Entity 218] Calling updatePosition...
[Entity 218] updatePosition returned.
[DIAG] Actor Created ID: 218
[DIAG] Actor smartMove type: function
[DIAG] Actor smartMove body snapshot: smartMove(tx, tz, time, depth = 0) {
    if (isNaN(tx) || isNaN(tz)) {
      console.error(`[Actor $
[Entity 219] CONSTRUCTOR START: type=goblin at 4,33
[Entity 219] Calling registerEntity...
[Entity 219] registerEntity returned.
[Entity 219] Calling updatePosition...
[Entity 219] updatePosition returned.
[DIAG] Actor Created ID: 219
[DIAG] Actor smartMove type: function
[DIAG] Actor smartMove body snapshot: smartMove(tx, tz, time, depth = 0) {
    if (isNaN(tx) || isNaN(tz)) {
      console.error(`[Actor $
[Entity 220] CONSTRUCTOR START: type=goblin at 43,24
[Entity 220] Calling registerEntity...
[Entity 220] registerEntity returned.
[Entity 220] Calling updatePosition...
[Entity 220] updatePosition returned.
[DIAG] Actor Created ID: 220
[DIAG] Actor smartMove type: function
[DIAG] Actor smartMove body snapshot: smartMove(tx, tz, time, depth = 0) {
    if (isNaN(tx) || isNaN(tz)) {
      console.error(`[Actor $
[Entity 221] CONSTRUCTOR START: type=goblin at 32,40
[Entity 221] Calling registerEntity...
[Entity 221] registerEntity returned.
[Entity 221] Calling updatePosition...
[Entity 221] updatePosition returned.
[DIAG] Actor Created ID: 221
[DIAG] Actor smartMove type: function
[DIAG] Actor smartMove body snapshot: smartMove(tx, tz, time, depth = 0) {
    if (isNaN(tx) || isNaN(tz)) {
      console.error(`[Actor $
[Entity 222] CONSTRUCTOR START: type=goblin at 27,1
[Entity 222] Calling registerEntity...
[Entity 222] registerEntity returned.
[Entity 222] Calling updatePosition...
[Entity 222] updatePosition returned.
[DIAG] Actor Created ID: 222
[DIAG] Actor smartMove type: function
[DIAG] Actor smartMove body snapshot: smartMove(tx, tz, time, depth = 0) {
    if (isNaN(tx) || isNaN(tz)) {
      console.error(`[Actor $
[Entity 223] CONSTRUCTOR START: type=goblin at 47,12
[Entity 223] Calling registerEntity...
[Entity 223] registerEntity returned.
[Entity 223] Calling updatePosition...
[Entity 223] updatePosition returned.
[DIAG] Actor Created ID: 223
[DIAG] Actor smartMove type: function
[DIAG] Actor smartMove body snapshot: smartMove(tx, tz, time, depth = 0) {
    if (isNaN(tx) || isNaN(tz)) {
      console.error(`[Actor $
[Entity 224] CONSTRUCTOR START: type=goblin at 31,34
[Entity 224] Calling registerEntity...
[Entity 224] registerEntity returned.
[Entity 224] Calling updatePosition...
[Entity 224] updatePosition returned.
[DIAG] Actor Created ID: 224
[DIAG] Actor smartMove type: function
[DIAG] Actor smartMove body snapshot: smartMove(tx, tz, time, depth = 0) {
    if (isNaN(tx) || isNaN(tz)) {
      console.error(`[Actor $
[Entity 225] CONSTRUCTOR START: type=goblin at 21,20
[Entity 225] Calling registerEntity...
[Entity 225] registerEntity returned.
[Entity 225] Calling updatePosition...
[Entity 225] updatePosition returned.
[DIAG] Actor Created ID: 225
[DIAG] Actor smartMove type: function
[DIAG] Actor smartMove body snapshot: smartMove(tx, tz, time, depth = 0) {
    if (isNaN(tx) || isNaN(tz)) {
      console.error(`[Actor $
[Entity 226] CONSTRUCTOR START: type=goblin at 12,17
[Entity 226] Calling registerEntity...
[Entity 226] registerEntity returned.
[Entity 226] Calling updatePosition...
[Entity 226] updatePosition returned.
[DIAG] Actor Created ID: 226
[DIAG] Actor smartMove type: function
[DIAG] Actor smartMove body snapshot: smartMove(tx, tz, time, depth = 0) {
    if (isNaN(tx) || isNaN(tz)) {
      console.error(`[Actor $
[Entity 227] CONSTRUCTOR START: type=goblin at 35,22
[Entity 227] Calling registerEntity...
[Entity 227] registerEntity returned.
[Entity 227] Calling updatePosition...
[Entity 227] updatePosition returned.
[DIAG] Actor Created ID: 227
[DIAG] Actor smartMove type: function
[DIAG] Actor smartMove body snapshot: smartMove(tx, tz, time, depth = 0) {
    if (isNaN(tx) || isNaN(tz)) {
      console.error(`[Actor $
[Entity 228] CONSTRUCTOR START: type=goblin at 3,34
[Entity 228] Calling registerEntity...
[Entity 228] registerEntity returned.
[Entity 228] Calling updatePosition...
[Entity 228] updatePosition returned.
[DIAG] Actor Created ID: 228
[DIAG] Actor smartMove type: function
[DIAG] Actor smartMove body snapshot: smartMove(tx, tz, time, depth = 0) {
    if (isNaN(tx) || isNaN(tz)) {
      console.error(`[Actor $
[Entity 229] CONSTRUCTOR START: type=goblin at 35,14
[Entity 229] Calling registerEntity...
[Entity 229] registerEntity returned.
[Entity 229] Calling updatePosition...
[Entity 229] updatePosition returned.
[DIAG] Actor Created ID: 229
[DIAG] Actor smartMove type: function
[DIAG] Actor smartMove body snapshot: smartMove(tx, tz, time, depth = 0) {
    if (isNaN(tx) || isNaN(tz)) {
      console.error(`[Actor $
[Entity 230] CONSTRUCTOR START: type=goblin at 0,5
[Entity 230] Calling registerEntity...
[Entity 230] registerEntity returned.
[Entity 230] Calling updatePosition...
[Entity 230] updatePosition returned.
[DIAG] Actor Created ID: 230
[DIAG] Actor smartMove type: function
[DIAG] Actor smartMove body snapshot: smartMove(tx, tz, time, depth = 0) {
    if (isNaN(tx) || isNaN(tz)) {
      console.error(`[Actor $
[Entity 231] CONSTRUCTOR START: type=goblin at 5,7
[Entity 231] Calling registerEntity...
[Entity 231] registerEntity returned.
[Entity 231] Calling updatePosition...
[Entity 231] updatePosition returned.
[DIAG] Actor Created ID: 231
[DIAG] Actor smartMove type: function
[DIAG] Actor smartMove body snapshot: smartMove(tx, tz, time, depth = 0) {
    if (isNaN(tx) || isNaN(tz)) {
      console.error(`[Actor $
[Entity 232] CONSTRUCTOR START: type=goblin at 17,48
[Entity 232] Calling registerEntity...
[Entity 232] registerEntity returned.
[Entity 232] Calling updatePosition...
[Entity 232] updatePosition returned.
[DIAG] Actor Created ID: 232
[DIAG] Actor smartMove type: function
[DIAG] Actor smartMove body snapshot: smartMove(tx, tz, time, depth = 0) {
    if (isNaN(tx) || isNaN(tz)) {
      console.error(`[Actor $
[Entity 233] CONSTRUCTOR START: type=goblin at 15,23
[Entity 233] Calling registerEntity...
[Entity 233] registerEntity returned.
[Entity 233] Calling updatePosition...
[Entity 233] updatePosition returned.
[DIAG] Actor Created ID: 233
[DIAG] Actor smartMove type: function
[DIAG] Actor smartMove body snapshot: smartMove(tx, tz, time, depth = 0) {
    if (isNaN(tx) || isNaN(tz)) {
      console.error(`[Actor $
[Entity 234] CONSTRUCTOR START: type=goblin at 11,31
[Entity 234] Calling registerEntity...
[Entity 234] registerEntity returned.
[Entity 234] Calling updatePosition...
[Entity 234] updatePosition returned.
[DIAG] Actor Created ID: 234
[DIAG] Actor smartMove type: function
[DIAG] Actor smartMove body snapshot: smartMove(tx, tz, time, depth = 0) {
    if (isNaN(tx) || isNaN(tz)) {
      console.error(`[Actor $
[Entity 235] CONSTRUCTOR START: type=goblin at 17,40
[Entity 235] Calling registerEntity...
[Entity 235] registerEntity returned.
[Entity 235] Calling updatePosition...
[Entity 235] updatePosition returned.
[DIAG] Actor Created ID: 235
[DIAG] Actor smartMove type: function
[DIAG] Actor smartMove body snapshot: smartMove(tx, tz, time, depth = 0) {
    if (isNaN(tx) || isNaN(tz)) {
      console.error(`[Actor $
[Entity 236] CONSTRUCTOR START: type=goblin at 38,42
[Entity 236] Calling registerEntity...
[Entity 236] registerEntity returned.
[Entity 236] Calling updatePosition...
[Entity 236] updatePosition returned.
[DIAG] Actor Created ID: 236
[DIAG] Actor smartMove type: function
[DIAG] Actor smartMove body snapshot: smartMove(tx, tz, time, depth = 0) {
    if (isNaN(tx) || isNaN(tz)) {
      console.error(`[Actor $
[Entity 237] CONSTRUCTOR START: type=goblin at 14,4
[Entity 237] Calling registerEntity...
[Entity 237] registerEntity returned.
[Entity 237] Calling updatePosition...
[Entity 237] updatePosition returned.
[DIAG] Actor Created ID: 237
[DIAG] Actor smartMove type: function
[DIAG] Actor smartMove body snapshot: smartMove(tx, tz, time, depth = 0) {
    if (isNaN(tx) || isNaN(tz)) {
      console.error(`[Actor $
[Entity 238] CONSTRUCTOR START: type=goblin at 38,33
[Entity 238] Calling registerEntity...
[Entity 238] registerEntity returned.
[Entity 238] Calling updatePosition...
[Entity 238] updatePosition returned.
[DIAG] Actor Created ID: 238
[DIAG] Actor smartMove type: function
[DIAG] Actor smartMove body snapshot: smartMove(tx, tz, time, depth = 0) {
    if (isNaN(tx) || isNaN(tz)) {
      console.error(`[Actor $
[Entity 239] CONSTRUCTOR START: type=goblin at 42,27
[Entity 239] Calling registerEntity...
[Entity 239] registerEntity returned.
[Entity 239] Calling updatePosition...
[Entity 239] updatePosition returned.
[DIAG] Actor Created ID: 239
[DIAG] Actor smartMove type: function
[DIAG] Actor smartMove body snapshot: smartMove(tx, tz, time, depth = 0) {
    if (isNaN(tx) || isNaN(tz)) {
      console.error(`[Actor $
[Entity 240] CONSTRUCTOR START: type=goblin at 28,12
[Entity 240] Calling registerEntity...
[Entity 240] registerEntity returned.
[Entity 240] Calling updatePosition...
[Entity 240] updatePosition returned.
[DIAG] Actor Created ID: 240
[DIAG] Actor smartMove type: function
[DIAG] Actor smartMove body snapshot: smartMove(tx, tz, time, depth = 0) {
    if (isNaN(tx) || isNaN(tz)) {
      console.error(`[Actor $
[Entity 241] CONSTRUCTOR START: type=goblin at 26,27
[Entity 241] Calling registerEntity...
[Entity 241] registerEntity returned.
[Entity 241] Calling updatePosition...
[Entity 241] updatePosition returned.
[DIAG] Actor Created ID: 241
[DIAG] Actor smartMove type: function
[DIAG] Actor smartMove body snapshot: smartMove(tx, tz, time, depth = 0) {
    if (isNaN(tx) || isNaN(tz)) {
      console.error(`[Actor $
[Entity 242] CONSTRUCTOR START: type=goblin at 9,35
[Entity 242] Calling registerEntity...
[Entity 242] registerEntity returned.
[Entity 242] Calling updatePosition...
[Entity 242] updatePosition returned.
[DIAG] Actor Created ID: 242
[DIAG] Actor smartMove type: function
[DIAG] Actor smartMove body snapshot: smartMove(tx, tz, time, depth = 0) {
    if (isNaN(tx) || isNaN(tz)) {
      console.error(`[Actor $
[Entity 243] CONSTRUCTOR START: type=goblin at 36,39
[Entity 243] Calling registerEntity...
[Entity 243] registerEntity returned.
[Entity 243] Calling updatePosition...
[Entity 243] updatePosition returned.
[DIAG] Actor Created ID: 243
[DIAG] Actor smartMove type: function
[DIAG] Actor smartMove body snapshot: smartMove(tx, tz, time, depth = 0) {
    if (isNaN(tx) || isNaN(tz)) {
      console.error(`[Actor $
[Entity 244] CONSTRUCTOR START: type=goblin at 31,23
[Entity 244] Calling registerEntity...
[Entity 244] registerEntity returned.
[Entity 244] Calling updatePosition...
[Entity 244] updatePosition returned.
[DIAG] Actor Created ID: 244
[DIAG] Actor smartMove type: function
[DIAG] Actor smartMove body snapshot: smartMove(tx, tz, time, depth = 0) {
    if (isNaN(tx) || isNaN(tz)) {
      console.error(`[Actor $
[Entity 245] CONSTRUCTOR START: type=goblin at 29,26
[Entity 245] Calling registerEntity...
[Entity 245] registerEntity returned.
[Entity 245] Calling updatePosition...
[Entity 245] updatePosition returned.
[DIAG] Actor Created ID: 245
[DIAG] Actor smartMove type: function
[DIAG] Actor smartMove body snapshot: smartMove(tx, tz, time, depth = 0) {
    if (isNaN(tx) || isNaN(tz)) {
      console.error(`[Actor $
[Entity 246] CONSTRUCTOR START: type=goblin at 12,22
[Entity 246] Calling registerEntity...
[Entity 246] registerEntity returned.
[Entity 246] Calling updatePosition...
[Entity 246] updatePosition returned.
[DIAG] Actor Created ID: 246
[DIAG] Actor smartMove type: function
[DIAG] Actor smartMove body snapshot: smartMove(tx, tz, time, depth = 0) {
    if (isNaN(tx) || isNaN(tz)) {
      console.error(`[Actor $
[Entity 247] CONSTRUCTOR START: type=goblin at 49,10
[Entity 247] Calling registerEntity...
[Entity 247] registerEntity returned.
[Entity 247] Calling updatePosition...
[Entity 247] updatePosition returned.
[DIAG] Actor Created ID: 247
[DIAG] Actor smartMove type: function
[DIAG] Actor smartMove body snapshot: smartMove(tx, tz, time, depth = 0) {
    if (isNaN(tx) || isNaN(tz)) {
      console.error(`[Actor $
[Entity 248] CONSTRUCTOR START: type=goblin at 25,36
[Entity 248] Calling registerEntity...
[Entity 248] registerEntity returned.
[Entity 248] Calling updatePosition...
[Entity 248] updatePosition returned.
[DIAG] Actor Created ID: 248
[DIAG] Actor smartMove type: function
[DIAG] Actor smartMove body snapshot: smartMove(tx, tz, time, depth = 0) {
    if (isNaN(tx) || isNaN(tz)) {
      console.error(`[Actor $
[Entity 249] CONSTRUCTOR START: type=goblin at 34,24
[Entity 249] Calling registerEntity...
[Entity 249] registerEntity returned.
[Entity 249] Calling updatePosition...
[Entity 249] updatePosition returned.
[DIAG] Actor Created ID: 249
[DIAG] Actor smartMove type: function
[DIAG] Actor smartMove body snapshot: smartMove(tx, tz, time, depth = 0) {
    if (isNaN(tx) || isNaN(tz)) {
      console.error(`[Actor $
[Stress] Running Simulation Loop for 100 Frames...
[Actor 0] Resetting Unreachable (Target changed or initializing)
[Actor 1] Resetting Unreachable (Target changed or initializing)
[Actor 2] Resetting Unreachable (Target changed or initializing)
[Actor 3] Resetting Unreachable (Target changed or initializing)
[Actor 4] Resetting Unreachable (Target changed or initializing)
[Actor 5] Resetting Unreachable (Target changed or initializing)
[Actor 6] Resetting Unreachable (Target changed or initializing)
[Actor 7] Resetting Unreachable (Target changed or initializing)
[Actor 8] Resetting Unreachable (Target changed or initializing)
[Actor 9] Resetting Unreachable (Target changed or initializing)
[Actor 10] Resetting Unreachable (Target changed or initializing)
[Actor 11] Resetting Unreachable (Target changed or initializing)
[Actor 12] Resetting Unreachable (Target changed or initializing)
[Actor 13] Resetting Unreachable (Target changed or initializing)
[Actor 14] Resetting Unreachable (Target changed or initializing)
[Actor 15] Resetting Unreachable (Target changed or initializing)
[Actor 16] Resetting Unreachable (Target changed or initializing)
[Actor 17] Resetting Unreachable (Target changed or initializing)
[Actor 18] Resetting Unreachable (Target changed or initializing)
[Actor 19] Resetting Unreachable (Target changed or initializing)
[Actor 20] Resetting Unreachable (Target changed or initializing)
[Actor 21] Resetting Unreachable (Target changed or initializing)
[Actor 22] Resetting Unreachable (Target changed or initializing)
[Actor 23] Resetting Unreachable (Target changed or initializing)
[Actor 24] Resetting Unreachable (Target changed or initializing)
[Actor 25] Resetting Unreachable (Target changed or initializing)
[Actor 26] Resetting Unreachable (Target changed or initializing)
[Actor 27] Resetting Unreachable (Target changed or initializing)
[Actor 28] Resetting Unreachable (Target changed or initializing)
[Actor 29] Resetting Unreachable (Target changed or initializing)
[Actor 30] Resetting Unreachable (Target changed or initializing)
[Actor 31] Resetting Unreachable (Target changed or initializing)
[Actor 32] Resetting Unreachable (Target changed or initializing)
[Actor 33] Resetting Unreachable (Target changed or initializing)
[Actor 34] Resetting Unreachable (Target changed or initializing)
[Actor 35] Resetting Unreachable (Target changed or initializing)
[Actor 36] Resetting Unreachable (Target changed or initializing)
[Actor 37] Resetting Unreachable (Target changed or initializing)
[Actor 38] Resetting Unreachable (Target changed or initializing)
[Actor 39] Resetting Unreachable (Target changed or initializing)
[Actor 40] Resetting Unreachable (Target changed or initializing)
[Actor 41] Resetting Unreachable (Target changed or initializing)
[Actor 42] Resetting Unreachable (Target changed or initializing)
[Actor 43] Resetting Unreachable (Target changed or initializing)
[Actor 44] Resetting Unreachable (Target changed or initializing)
[Actor 45] Resetting Unreachable (Target changed or initializing)
[Actor 46] Resetting Unreachable (Target changed or initializing)
[Actor 47] Resetting Unreachable (Target changed or initializing)
[Actor 48] Resetting Unreachable (Target changed or initializing)
[Actor 49] Resetting Unreachable (Target changed or initializing)
[Actor 50] Resetting Unreachable (Target changed or initializing)
[Actor 51] Resetting Unreachable (Target changed or initializing)
[Actor 52] Resetting Unreachable (Target changed or initializing)
[Actor 53] Resetting Unreachable (Target changed or initializing)
[Actor 54] Resetting Unreachable (Target changed or initializing)
[Actor 55] Resetting Unreachable (Target changed or initializing)
[Actor 56] Resetting Unreachable (Target changed or initializing)
[Actor 57] Resetting Unreachable (Target changed or initializing)
[Actor 58] Resetting Unreachable (Target changed or initializing)
[Actor 59] Resetting Unreachable (Target changed or initializing)
[Actor 60] Resetting Unreachable (Target changed or initializing)
[Actor 61] Resetting Unreachable (Target changed or initializing)
[Actor 62] Resetting Unreachable (Target changed or initializing)
[Actor 63] Resetting Unreachable (Target changed or initializing)
[Actor 64] Resetting Unreachable (Target changed or initializing)
[Actor 65] Resetting Unreachable (Target changed or initializing)
[Actor 66] Resetting Unreachable (Target changed or initializing)
[Actor 67] Resetting Unreachable (Target changed or initializing)
[Actor 68] Resetting Unreachable (Target changed or initializing)
[Actor 69] Resetting Unreachable (Target changed or initializing)
[Actor 70] Resetting Unreachable (Target changed or initializing)
[Actor 71] Resetting Unreachable (Target changed or initializing)
[Actor 72] Resetting Unreachable (Target changed or initializing)
[Actor 73] Resetting Unreachable (Target changed or initializing)
[Actor 74] Resetting Unreachable (Target changed or initializing)
[Actor 75] Resetting Unreachable (Target changed or initializing)
[Actor 76] Resetting Unreachable (Target changed or initializing)
[Actor 77] Resetting Unreachable (Target changed or initializing)
[Actor 78] Resetting Unreachable (Target changed or initializing)
[Actor 79] Resetting Unreachable (Target changed or initializing)
[Actor 80] Resetting Unreachable (Target changed or initializing)
[Actor 81] Resetting Unreachable (Target changed or initializing)
[Actor 82] Resetting Unreachable (Target changed or initializing)
[Actor 83] Resetting Unreachable (Target changed or initializing)
[Actor 84] Resetting Unreachable (Target changed or initializing)
[Actor 85] Resetting Unreachable (Target changed or initializing)
[Actor 86] Resetting Unreachable (Target changed or initializing)
[Actor 87] Resetting Unreachable (Target changed or initializing)
[Actor 88] Resetting Unreachable (Target changed or initializing)
[Actor 89] Resetting Unreachable (Target changed or initializing)
[Actor 90] Resetting Unreachable (Target changed or initializing)
[Actor 91] Resetting Unreachable (Target changed or initializing)
[Actor 92] Resetting Unreachable (Target changed or initializing)
[Actor 93] Resetting Unreachable (Target changed or initializing)
[Actor 94] Resetting Unreachable (Target changed or initializing)
[Actor 95] Resetting Unreachable (Target changed or initializing)
[Actor 96] Resetting Unreachable (Target changed or initializing)
[Actor 97] Resetting Unreachable (Target changed or initializing)
[Actor 98] Resetting Unreachable (Target changed or initializing)
[Actor 99] Resetting Unreachable (Target changed or initializing)
[Actor 100] Resetting Unreachable (Target changed or initializing)
[Actor 101] Resetting Unreachable (Target changed or initializing)
[Actor 102] Resetting Unreachable (Target changed or initializing)
[Actor 103] Resetting Unreachable (Target changed or initializing)
[Actor 104] Resetting Unreachable (Target changed or initializing)
[Actor 105] Resetting Unreachable (Target changed or initializing)
[Actor 106] Resetting Unreachable (Target changed or initializing)
[Actor 107] Resetting Unreachable (Target changed or initializing)
[Actor 108] Resetting Unreachable (Target changed or initializing)
[Actor 109] Resetting Unreachable (Target changed or initializing)
[Actor 110] Resetting Unreachable (Target changed or initializing)
[Actor 111] Resetting Unreachable (Target changed or initializing)
[Actor 112] Resetting Unreachable (Target changed or initializing)
[Actor 113] Resetting Unreachable (Target changed or initializing)
[Actor 114] Resetting Unreachable (Target changed or initializing)
[Actor 115] Resetting Unreachable (Target changed or initializing)
[Actor 116] Resetting Unreachable (Target changed or initializing)
[Actor 117] Resetting Unreachable (Target changed or initializing)
[Actor 118] Resetting Unreachable (Target changed or initializing)
[Actor 119] Resetting Unreachable (Target changed or initializing)
[Actor 120] Resetting Unreachable (Target changed or initializing)
[Actor 121] Resetting Unreachable (Target changed or initializing)
[Actor 122] Resetting Unreachable (Target changed or initializing)
[Actor 123] Resetting Unreachable (Target changed or initializing)
[Actor 124] Resetting Unreachable (Target changed or initializing)
[Actor 125] Resetting Unreachable (Target changed or initializing)
[Actor 126] Resetting Unreachable (Target changed or initializing)
[Actor 127] Resetting Unreachable (Target changed or initializing)
[Actor 128] Resetting Unreachable (Target changed or initializing)
[Actor 129] Resetting Unreachable (Target changed or initializing)
[Actor 130] Resetting Unreachable (Target changed or initializing)
[Actor 131] Resetting Unreachable (Target changed or initializing)
[Actor 132] Resetting Unreachable (Target changed or initializing)
[Actor 133] Resetting Unreachable (Target changed or initializing)
[Actor 134] Resetting Unreachable (Target changed or initializing)
[Actor 135] Resetting Unreachable (Target changed or initializing)
[Actor 136] Resetting Unreachable (Target changed or initializing)
[Actor 137] Resetting Unreachable (Target changed or initializing)
[Actor 138] Resetting Unreachable (Target changed or initializing)
[Actor 139] Resetting Unreachable (Target changed or initializing)
[Actor 140] Resetting Unreachable (Target changed or initializing)
[Actor 141] Resetting Unreachable (Target changed or initializing)
[Actor 142] Resetting Unreachable (Target changed or initializing)
[Actor 143] Resetting Unreachable (Target changed or initializing)
[Actor 144] Resetting Unreachable (Target changed or initializing)
[Actor 145] Resetting Unreachable (Target changed or initializing)
[Actor 146] Resetting Unreachable (Target changed or initializing)
[Actor 147] Resetting Unreachable (Target changed or initializing)
[Actor 148] Resetting Unreachable (Target changed or initializing)
[Actor 149] Resetting Unreachable (Target changed or initializing)
[Actor 150] Resetting Unreachable (Target changed or initializing)
[Actor 151] Resetting Unreachable (Target changed or initializing)
[Actor 152] Resetting Unreachable (Target changed or initializing)
[Actor 153] Resetting Unreachable (Target changed or initializing)
[Actor 154] Resetting Unreachable (Target changed or initializing)
[Actor 155] Resetting Unreachable (Target changed or initializing)
[Actor 156] Resetting Unreachable (Target changed or initializing)
[Actor 157] Resetting Unreachable (Target changed or initializing)
[Actor 158] Resetting Unreachable (Target changed or initializing)
[Actor 159] Resetting Unreachable (Target changed or initializing)
[Actor 160] Resetting Unreachable (Target changed or initializing)
[Actor 161] Resetting Unreachable (Target changed or initializing)
[Actor 162] Resetting Unreachable (Target changed or initializing)
[Actor 163] Resetting Unreachable (Target changed or initializing)
[Actor 164] Resetting Unreachable (Target changed or initializing)
[Actor 165] Resetting Unreachable (Target changed or initializing)
[Actor 166] Resetting Unreachable (Target changed or initializing)
[Actor 167] Resetting Unreachable (Target changed or initializing)
[Actor 168] Resetting Unreachable (Target changed or initializing)
[Actor 169] Resetting Unreachable (Target changed or initializing)
[Actor 170] Resetting Unreachable (Target changed or initializing)
[Actor 171] Resetting Unreachable (Target changed or initializing)
[Actor 172] Resetting Unreachable (Target changed or initializing)
[Actor 173] Resetting Unreachable (Target changed or initializing)
[Actor 174] Resetting Unreachable (Target changed or initializing)
[Actor 175] Resetting Unreachable (Target changed or initializing)
[Actor 176] Resetting Unreachable (Target changed or initializing)
[Actor 177] Resetting Unreachable (Target changed or initializing)
[Actor 178] Resetting Unreachable (Target changed or initializing)
[Actor 179] Resetting Unreachable (Target changed or initializing)
[Actor 180] Resetting Unreachable (Target changed or initializing)
[Actor 181] Resetting Unreachable (Target changed or initializing)
[Actor 182] Resetting Unreachable (Target changed or initializing)
[Actor 183] Resetting Unreachable (Target changed or initializing)
[Actor 184] Resetting Unreachable (Target changed or initializing)
[Actor 185] Resetting Unreachable (Target changed or initializing)
[Actor 186] Resetting Unreachable (Target changed or initializing)
[Actor 187] Resetting Unreachable (Target changed or initializing)
[Actor 188] Resetting Unreachable (Target changed or initializing)
[Actor 189] Resetting Unreachable (Target changed or initializing)
[Actor 190] Resetting Unreachable (Target changed or initializing)
[Actor 191] Resetting Unreachable (Target changed or initializing)
[Actor 192] Resetting Unreachable (Target changed or initializing)
[Actor 193] Resetting Unreachable (Target changed or initializing)
[Actor 194] Resetting Unreachable (Target changed or initializing)
[Actor 195] Resetting Unreachable (Target changed or initializing)
[Actor 196] Resetting Unreachable (Target changed or initializing)
[Actor 197] Resetting Unreachable (Target changed or initializing)
[Actor 198] Resetting Unreachable (Target changed or initializing)
[Actor 199] Resetting Unreachable (Target changed or initializing)
[Actor 0] Resetting Unreachable (Target changed or initializing)
[Actor 1] Resetting Unreachable (Target changed or initializing)
[Actor 2] Resetting Unreachable (Target changed or initializing)
[Actor 3] Resetting Unreachable (Target changed or initializing)
[Actor 4] Resetting Unreachable (Target changed or initializing)
[Actor 5] Resetting Unreachable (Target changed or initializing)
[Actor 6] Resetting Unreachable (Target changed or initializing)
[Actor 7] Resetting Unreachable (Target changed or initializing)
[Actor 8] Resetting Unreachable (Target changed or initializing)
[Actor 9] Resetting Unreachable (Target changed or initializing)
[Actor 10] Resetting Unreachable (Target changed or initializing)
[Actor 11] Resetting Unreachable (Target changed or initializing)
[Actor 12] Resetting Unreachable (Target changed or initializing)
[Actor 13] Resetting Unreachable (Target changed or initializing)
[Actor 14] Resetting Unreachable (Target changed or initializing)
[Actor 15] Resetting Unreachable (Target changed or initializing)
[Actor 16] Resetting Unreachable (Target changed or initializing)
[Actor 17] Resetting Unreachable (Target changed or initializing)
[Actor 18] Resetting Unreachable (Target changed or initializing)
[Actor 19] Resetting Unreachable (Target changed or initializing)
[Actor 20] Resetting Unreachable (Target changed or initializing)
[Actor 21] Resetting Unreachable (Target changed or initializing)
[Actor 22] Resetting Unreachable (Target changed or initializing)
[Actor 23] Resetting Unreachable (Target changed or initializing)
[Actor 24] Resetting Unreachable (Target changed or initializing)
[Actor 25] Resetting Unreachable (Target changed or initializing)
[Actor 26] Resetting Unreachable (Target changed or initializing)
[Actor 27] Resetting Unreachable (Target changed or initializing)
[Actor 28] Resetting Unreachable (Target changed or initializing)
[Actor 29] Resetting Unreachable (Target changed or initializing)
[Actor 30] Resetting Unreachable (Target changed or initializing)
[Actor 31] Resetting Unreachable (Target changed or initializing)
[Actor 32] Resetting Unreachable (Target changed or initializing)
[Actor 33] Resetting Unreachable (Target changed or initializing)
[Actor 34] Resetting Unreachable (Target changed or initializing)
[Actor 35] Resetting Unreachable (Target changed or initializing)
[Actor 36] Resetting Unreachable (Target changed or initializing)
[Actor 37] Resetting Unreachable (Target changed or initializing)
[Actor 38] Resetting Unreachable (Target changed or initializing)
[Actor 39] Resetting Unreachable (Target changed or initializing)
[Actor 40] Resetting Unreachable (Target changed or initializing)
[Actor 41] Resetting Unreachable (Target changed or initializing)
[Actor 42] Resetting Unreachable (Target changed or initializing)
[Actor 43] Resetting Unreachable (Target changed or initializing)
[Actor 44] Resetting Unreachable (Target changed or initializing)
[Actor 45] Resetting Unreachable (Target changed or initializing)
[Actor 46] Resetting Unreachable (Target changed or initializing)
[Actor 47] Resetting Unreachable (Target changed or initializing)
[Actor 48] Resetting Unreachable (Target changed or initializing)
[Actor 49] Resetting Unreachable (Target changed or initializing)
[Actor 50] Resetting Unreachable (Target changed or initializing)
[Actor 51] Resetting Unreachable (Target changed or initializing)
[Actor 52] Resetting Unreachable (Target changed or initializing)
[Actor 53] Resetting Unreachable (Target changed or initializing)
[Actor 54] Resetting Unreachable (Target changed or initializing)
[Actor 55] Resetting Unreachable (Target changed or initializing)
[Actor 56] Resetting Unreachable (Target changed or initializing)
[Actor 57] Resetting Unreachable (Target changed or initializing)
[Actor 58] Resetting Unreachable (Target changed or initializing)
[Actor 59] Resetting Unreachable (Target changed or initializing)
[Actor 60] Resetting Unreachable (Target changed or initializing)
[Actor 61] Resetting Unreachable (Target changed or initializing)
[Actor 62] Resetting Unreachable (Target changed or initializing)
[Actor 63] Resetting Unreachable (Target changed or initializing)
[Actor 64] Resetting Unreachable (Target changed or initializing)
[Actor 65] Resetting Unreachable (Target changed or initializing)
[Actor 66] Resetting Unreachable (Target changed or initializing)
[Actor 67] Resetting Unreachable (Target changed or initializing)
[Actor 68] Resetting Unreachable (Target changed or initializing)
[Actor 69] Resetting Unreachable (Target changed or initializing)
[Actor 70] Resetting Unreachable (Target changed or initializing)
[Actor 71] Resetting Unreachable (Target changed or initializing)
[Actor 72] Resetting Unreachable (Target changed or initializing)
[Actor 73] Resetting Unreachable (Target changed or initializing)
[Actor 74] Resetting Unreachable (Target changed or initializing)
[Actor 75] Resetting Unreachable (Target changed or initializing)
[Actor 76] Resetting Unreachable (Target changed or initializing)
[Actor 77] Resetting Unreachable (Target changed or initializing)
[Actor 78] Resetting Unreachable (Target changed or initializing)
[Actor 79] Resetting Unreachable (Target changed or initializing)
[Actor 80] Resetting Unreachable (Target changed or initializing)
[Actor 81] Resetting Unreachable (Target changed or initializing)
[Actor 82] Resetting Unreachable (Target changed or initializing)
[Actor 83] Resetting Unreachable (Target changed or initializing)
[Actor 84] Resetting Unreachable (Target changed or initializing)
[Actor 85] Resetting Unreachable (Target changed or initializing)
[Actor 86] Resetting Unreachable (Target changed or initializing)
[Actor 87] Resetting Unreachable (Target changed or initializing)
[Actor 88] Resetting Unreachable (Target changed or initializing)
[Actor 89] Resetting Unreachable (Target changed or initializing)
[Actor 90] Resetting Unreachable (Target changed or initializing)
[Actor 91] Resetting Unreachable (Target changed or initializing)
[Actor 92] Resetting Unreachable (Target changed or initializing)
[Actor 93] Resetting Unreachable (Target changed or initializing)
[Actor 94] Resetting Unreachable (Target changed or initializing)
[Actor 95] Resetting Unreachable (Target changed or initializing)
[Actor 96] Resetting Unreachable (Target changed or initializing)
[Actor 97] Resetting Unreachable (Target changed or initializing)
[Actor 98] Resetting Unreachable (Target changed or initializing)
[Actor 99] Resetting Unreachable (Target changed or initializing)
[Actor 100] Resetting Unreachable (Target changed or initializing)
[Actor 101] Resetting Unreachable (Target changed or initializing)
[Actor 102] Resetting Unreachable (Target changed or initializing)
[Actor 103] Resetting Unreachable (Target changed or initializing)
[Actor 104] Resetting Unreachable (Target changed or initializing)
[Actor 105] Resetting Unreachable (Target changed or initializing)
[Actor 106] Resetting Unreachable (Target changed or initializing)
[Actor 107] Resetting Unreachable (Target changed or initializing)
[Actor 108] Resetting Unreachable (Target changed or initializing)
[Actor 109] Resetting Unreachable (Target changed or initializing)
[Actor 110] Resetting Unreachable (Target changed or initializing)
[Actor 111] Resetting Unreachable (Target changed or initializing)
[Actor 112] Resetting Unreachable (Target changed or initializing)
[Actor 113] Resetting Unreachable (Target changed or initializing)
[Actor 114] Resetting Unreachable (Target changed or initializing)
[Actor 115] Resetting Unreachable (Target changed or initializing)
[Actor 116] Resetting Unreachable (Target changed or initializing)
[Actor 117] Resetting Unreachable (Target changed or initializing)
[Actor 118] Resetting Unreachable (Target changed or initializing)
[Actor 119] Resetting Unreachable (Target changed or initializing)
[Actor 120] Resetting Unreachable (Target changed or initializing)
[Actor 121] Resetting Unreachable (Target changed or initializing)
[Actor 122] Resetting Unreachable (Target changed or initializing)
[Actor 123] Resetting Unreachable (Target changed or initializing)
[Actor 124] Resetting Unreachable (Target changed or initializing)
[Actor 125] Resetting Unreachable (Target changed or initializing)
[Actor 126] Resetting Unreachable (Target changed or initializing)
[Actor 127] Resetting Unreachable (Target changed or initializing)
[Actor 128] Resetting Unreachable (Target changed or initializing)
[Actor 129] Resetting Unreachable (Target changed or initializing)
[Actor 130] Resetting Unreachable (Target changed or initializing)
[Actor 131] Resetting Unreachable (Target changed or initializing)
[Actor 132] Resetting Unreachable (Target changed or initializing)
[Actor 133] Resetting Unreachable (Target changed or initializing)
[Actor 134] Resetting Unreachable (Target changed or initializing)
[Actor 135] Resetting Unreachable (Target changed or initializing)
[Actor 136] Resetting Unreachable (Target changed or initializing)
[Actor 137] Resetting Unreachable (Target changed or initializing)
[Actor 138] Resetting Unreachable (Target changed or initializing)
[Actor 139] Resetting Unreachable (Target changed or initializing)
[Actor 140] Resetting Unreachable (Target changed or initializing)
[Actor 141] Resetting Unreachable (Target changed or initializing)
[Actor 142] Resetting Unreachable (Target changed or initializing)
[Actor 143] Resetting Unreachable (Target changed or initializing)
[Actor 144] Resetting Unreachable (Target changed or initializing)
[Actor 145] Resetting Unreachable (Target changed or initializing)
[Actor 146] Resetting Unreachable (Target changed or initializing)
[Actor 147] Resetting Unreachable (Target changed or initializing)
[Actor 148] Resetting Unreachable (Target changed or initializing)
[Actor 149] Resetting Unreachable (Target changed or initializing)
[Actor 150] Resetting Unreachable (Target changed or initializing)
[Actor 151] Resetting Unreachable (Target changed or initializing)
[Actor 152] Resetting Unreachable (Target changed or initializing)
[Actor 153] Resetting Unreachable (Target changed or initializing)
[Actor 154] Resetting Unreachable (Target changed or initializing)
[Actor 155] Resetting Unreachable (Target changed or initializing)
[Actor 156] Resetting Unreachable (Target changed or initializing)
[Actor 157] Resetting Unreachable (Target changed or initializing)
[Actor 158] Resetting Unreachable (Target changed or initializing)
[Actor 159] Resetting Unreachable (Target changed or initializing)
[Actor 160] Resetting Unreachable (Target changed or initializing)
[Actor 161] Resetting Unreachable (Target changed or initializing)
[Actor 162] Resetting Unreachable (Target changed or initializing)
[Actor 163] Resetting Unreachable (Target changed or initializing)
[Actor 164] Resetting Unreachable (Target changed or initializing)
[Actor 165] Resetting Unreachable (Target changed or initializing)
[Actor 166] Resetting Unreachable (Target changed or initializing)
[Actor 167] Resetting Unreachable (Target changed or initializing)
[Actor 168] Resetting Unreachable (Target changed or initializing)
[Actor 169] Resetting Unreachable (Target changed or initializing)
[Actor 170] Resetting Unreachable (Target changed or initializing)
[Actor 171] Resetting Unreachable (Target changed or initializing)
[Actor 172] Resetting Unreachable (Target changed or initializing)
[Actor 173] Resetting Unreachable (Target changed or initializing)
[Actor 174] Resetting Unreachable (Target changed or initializing)
[Actor 175] Resetting Unreachable (Target changed or initializing)
[Actor 176] Resetting Unreachable (Target changed or initializing)
[Actor 177] Resetting Unreachable (Target changed or initializing)
[Actor 178] Resetting Unreachable (Target changed or initializing)
[Actor 179] Resetting Unreachable (Target changed or initializing)
[Actor 180] Resetting Unreachable (Target changed or initializing)
[Actor 181] Resetting Unreachable (Target changed or initializing)
[Actor 182] Resetting Unreachable (Target changed or initializing)
[Actor 183] Resetting Unreachable (Target changed or initializing)
[Actor 184] Resetting Unreachable (Target changed or initializing)
[Actor 185] Resetting Unreachable (Target changed or initializing)
[Actor 186] Resetting Unreachable (Target changed or initializing)
[Actor 187] Resetting Unreachable (Target changed or initializing)
[Actor 188] Resetting Unreachable (Target changed or initializing)
[Actor 189] Resetting Unreachable (Target changed or initializing)
[Actor 190] Resetting Unreachable (Target changed or initializing)
[Actor 191] Resetting Unreachable (Target changed or initializing)
[Actor 192] Resetting Unreachable (Target changed or initializing)
[Actor 193] Resetting Unreachable (Target changed or initializing)
[Actor 194] Resetting Unreachable (Target changed or initializing)
[Actor 195] Resetting Unreachable (Target changed or initializing)
[Actor 196] Resetting Unreachable (Target changed or initializing)
[Actor 197] Resetting Unreachable (Target changed or initializing)
[Actor 198] Resetting Unreachable (Target changed or initializing)
[Actor 199] Resetting Unreachable (Target changed or initializing)
[Actor 0] Resetting Unreachable (Target changed or initializing)
[Actor 1] Resetting Unreachable (Target changed or initializing)
[Actor 2] Resetting Unreachable (Target changed or initializing)
[Actor 3] Resetting Unreachable (Target changed or initializing)
[Actor 4] Resetting Unreachable (Target changed or initializing)
[Actor 5] Resetting Unreachable (Target changed or initializing)
[Actor 6] Resetting Unreachable (Target changed or initializing)
[Actor 7] Resetting Unreachable (Target changed or initializing)
[Actor 8] Resetting Unreachable (Target changed or initializing)
[Actor 9] Resetting Unreachable (Target changed or initializing)
[Actor 10] Resetting Unreachable (Target changed or initializing)
[Actor 11] Resetting Unreachable (Target changed or initializing)
[Actor 12] Resetting Unreachable (Target changed or initializing)
[Actor 13] Resetting Unreachable (Target changed or initializing)
[Actor 14] Resetting Unreachable (Target changed or initializing)
[Actor 15] Resetting Unreachable (Target changed or initializing)
[Actor 16] Resetting Unreachable (Target changed or initializing)
[Actor 17] Resetting Unreachable (Target changed or initializing)
[Actor 18] Resetting Unreachable (Target changed or initializing)
[Actor 19] Resetting Unreachable (Target changed or initializing)
[Actor 20] Resetting Unreachable (Target changed or initializing)
[Actor 21] Resetting Unreachable (Target changed or initializing)
[Actor 22] Resetting Unreachable (Target changed or initializing)
[Actor 23] Resetting Unreachable (Target changed or initializing)
[Actor 24] Resetting Unreachable (Target changed or initializing)
[Actor 25] Resetting Unreachable (Target changed or initializing)
[Actor 26] Resetting Unreachable (Target changed or initializing)
[Actor 27] Resetting Unreachable (Target changed or initializing)
[Actor 28] Resetting Unreachable (Target changed or initializing)
[Actor 29] Resetting Unreachable (Target changed or initializing)
[Actor 30] Resetting Unreachable (Target changed or initializing)
[Actor 31] Resetting Unreachable (Target changed or initializing)
[Actor 32] Resetting Unreachable (Target changed or initializing)
[Actor 33] Resetting Unreachable (Target changed or initializing)
[Actor 34] Resetting Unreachable (Target changed or initializing)
[Actor 35] Resetting Unreachable (Target changed or initializing)
[Actor 36] Resetting Unreachable (Target changed or initializing)
[Actor 37] Resetting Unreachable (Target changed or initializing)
[Actor 38] Resetting Unreachable (Target changed or initializing)
[Actor 39] Resetting Unreachable (Target changed or initializing)
[Actor 40] Resetting Unreachable (Target changed or initializing)
[Actor 41] Resetting Unreachable (Target changed or initializing)
[Actor 42] Resetting Unreachable (Target changed or initializing)
[Actor 43] Resetting Unreachable (Target changed or initializing)
[Actor 44] Resetting Unreachable (Target changed or initializing)
[Actor 45] Resetting Unreachable (Target changed or initializing)
[Actor 46] Resetting Unreachable (Target changed or initializing)
[Actor 47] Resetting Unreachable (Target changed or initializing)
[Actor 48] Resetting Unreachable (Target changed or initializing)
[Actor 49] Resetting Unreachable (Target changed or initializing)
[Actor 50] Resetting Unreachable (Target changed or initializing)
[Actor 51] Resetting Unreachable (Target changed or initializing)
[Actor 52] Resetting Unreachable (Target changed or initializing)
[Actor 53] Resetting Unreachable (Target changed or initializing)
[Actor 54] Resetting Unreachable (Target changed or initializing)
[Actor 55] Resetting Unreachable (Target changed or initializing)
[Actor 56] Resetting Unreachable (Target changed or initializing)
[Actor 57] Resetting Unreachable (Target changed or initializing)
[Actor 58] Resetting Unreachable (Target changed or initializing)
[Actor 59] Resetting Unreachable (Target changed or initializing)
[Actor 60] Resetting Unreachable (Target changed or initializing)
[Actor 61] Resetting Unreachable (Target changed or initializing)
[Actor 62] Resetting Unreachable (Target changed or initializing)
[Actor 63] Resetting Unreachable (Target changed or initializing)
[Actor 64] Resetting Unreachable (Target changed or initializing)
[Actor 65] Resetting Unreachable (Target changed or initializing)
[Actor 66] Resetting Unreachable (Target changed or initializing)
[Actor 67] Resetting Unreachable (Target changed or initializing)
[Actor 68] Resetting Unreachable (Target changed or initializing)
[Actor 69] Resetting Unreachable (Target changed or initializing)
[Actor 70] Resetting Unreachable (Target changed or initializing)
[Actor 71] Resetting Unreachable (Target changed or initializing)
[Actor 72] Resetting Unreachable (Target changed or initializing)
[Actor 73] Resetting Unreachable (Target changed or initializing)
[Actor 74] Resetting Unreachable (Target changed or initializing)
[Actor 75] Resetting Unreachable (Target changed or initializing)
[Actor 76] Resetting Unreachable (Target changed or initializing)
[Actor 77] Resetting Unreachable (Target changed or initializing)
[Actor 78] Resetting Unreachable (Target changed or initializing)
[Actor 79] Resetting Unreachable (Target changed or initializing)
[Actor 80] Resetting Unreachable (Target changed or initializing)
[Actor 81] Resetting Unreachable (Target changed or initializing)
[Actor 82] Resetting Unreachable (Target changed or initializing)
[Actor 83] Resetting Unreachable (Target changed or initializing)
[Actor 84] Resetting Unreachable (Target changed or initializing)
[Actor 85] Resetting Unreachable (Target changed or initializing)
[Actor 86] Resetting Unreachable (Target changed or initializing)
[Actor 87] Resetting Unreachable (Target changed or initializing)
[Actor 88] Resetting Unreachable (Target changed or initializing)
[Actor 89] Resetting Unreachable (Target changed or initializing)
[Actor 90] Resetting Unreachable (Target changed or initializing)
[Actor 91] Resetting Unreachable (Target changed or initializing)
[Actor 92] Resetting Unreachable (Target changed or initializing)
[Actor 93] Resetting Unreachable (Target changed or initializing)
[Actor 94] Resetting Unreachable (Target changed or initializing)
[Actor 95] Resetting Unreachable (Target changed or initializing)
[Actor 96] Resetting Unreachable (Target changed or initializing)
[Actor 97] Resetting Unreachable (Target changed or initializing)
[Actor 98] Resetting Unreachable (Target changed or initializing)
[Actor 99] Resetting Unreachable (Target changed or initializing)
[Actor 100] Resetting Unreachable (Target changed or initializing)
[Actor 101] Resetting Unreachable (Target changed or initializing)
[Actor 102] Resetting Unreachable (Target changed or initializing)
[Actor 103] Resetting Unreachable (Target changed or initializing)
[Actor 104] Resetting Unreachable (Target changed or initializing)
[Actor 105] Resetting Unreachable (Target changed or initializing)
[Actor 106] Resetting Unreachable (Target changed or initializing)
[Actor 107] Resetting Unreachable (Target changed or initializing)
[Actor 108] Resetting Unreachable (Target changed or initializing)
[Actor 109] Resetting Unreachable (Target changed or initializing)
[Actor 110] Resetting Unreachable (Target changed or initializing)
[Actor 111] Resetting Unreachable (Target changed or initializing)
[Actor 112] Resetting Unreachable (Target changed or initializing)
[Actor 113] Resetting Unreachable (Target changed or initializing)
[Actor 114] Resetting Unreachable (Target changed or initializing)
[Actor 115] Resetting Unreachable (Target changed or initializing)
[Actor 116] Resetting Unreachable (Target changed or initializing)
[Actor 117] Resetting Unreachable (Target changed or initializing)
[Actor 118] Resetting Unreachable (Target changed or initializing)
[Actor 119] Resetting Unreachable (Target changed or initializing)
[Actor 120] Resetting Unreachable (Target changed or initializing)
[Actor 121] Resetting Unreachable (Target changed or initializing)
[Actor 122] Resetting Unreachable (Target changed or initializing)
[Actor 123] Resetting Unreachable (Target changed or initializing)
[Actor 124] Resetting Unreachable (Target changed or initializing)
[Actor 125] Resetting Unreachable (Target changed or initializing)
[Actor 126] Resetting Unreachable (Target changed or initializing)
[Actor 127] Resetting Unreachable (Target changed or initializing)
[Actor 128] Resetting Unreachable (Target changed or initializing)
[Actor 129] Resetting Unreachable (Target changed or initializing)
[Actor 130] Resetting Unreachable (Target changed or initializing)
[Actor 131] Resetting Unreachable (Target changed or initializing)
[Actor 132] Resetting Unreachable (Target changed or initializing)
[Actor 133] Resetting Unreachable (Target changed or initializing)
[Actor 134] Resetting Unreachable (Target changed or initializing)
[Actor 135] Resetting Unreachable (Target changed or initializing)
[Actor 136] Resetting Unreachable (Target changed or initializing)
[Actor 137] Resetting Unreachable (Target changed or initializing)
[Actor 138] Resetting Unreachable (Target changed or initializing)
[Actor 139] Resetting Unreachable (Target changed or initializing)
[Actor 140] Resetting Unreachable (Target changed or initializing)
[Actor 141] Resetting Unreachable (Target changed or initializing)
[Actor 142] Resetting Unreachable (Target changed or initializing)
[Actor 143] Resetting Unreachable (Target changed or initializing)
[Actor 144] Resetting Unreachable (Target changed or initializing)
[Actor 145] Resetting Unreachable (Target changed or initializing)
[Actor 146] Resetting Unreachable (Target changed or initializing)
[Actor 147] Resetting Unreachable (Target changed or initializing)
[Actor 148] Resetting Unreachable (Target changed or initializing)
[Actor 149] Resetting Unreachable (Target changed or initializing)
[Actor 150] Resetting Unreachable (Target changed or initializing)
[Actor 151] Resetting Unreachable (Target changed or initializing)
[Actor 152] Resetting Unreachable (Target changed or initializing)
[Actor 153] Resetting Unreachable (Target changed or initializing)
[Actor 154] Resetting Unreachable (Target changed or initializing)
[Actor 155] Resetting Unreachable (Target changed or initializing)
[Actor 156] Resetting Unreachable (Target changed or initializing)
[Actor 157] Resetting Unreachable (Target changed or initializing)
[Actor 158] Resetting Unreachable (Target changed or initializing)
[Actor 159] Resetting Unreachable (Target changed or initializing)
[Actor 160] Resetting Unreachable (Target changed or initializing)
[Actor 161] Resetting Unreachable (Target changed or initializing)
[Actor 162] Resetting Unreachable (Target changed or initializing)
[Actor 163] Resetting Unreachable (Target changed or initializing)
[Actor 164] Resetting Unreachable (Target changed or initializing)
[Actor 165] Resetting Unreachable (Target changed or initializing)
[Actor 166] Resetting Unreachable (Target changed or initializing)
[Actor 167] Resetting Unreachable (Target changed or initializing)
[Actor 168] Resetting Unreachable (Target changed or initializing)
[Actor 169] Resetting Unreachable (Target changed or initializing)
[Actor 170] Resetting Unreachable (Target changed or initializing)
[Actor 171] Resetting Unreachable (Target changed or initializing)
[Actor 172] Resetting Unreachable (Target changed or initializing)
[Actor 173] Resetting Unreachable (Target changed or initializing)
[Actor 174] Resetting Unreachable (Target changed or initializing)
[Actor 175] Resetting Unreachable (Target changed or initializing)
[Actor 176] Resetting Unreachable (Target changed or initializing)
[Actor 177] Resetting Unreachable (Target changed or initializing)
[Actor 178] Resetting Unreachable (Target changed or initializing)
[Actor 179] Resetting Unreachable (Target changed or initializing)
[Actor 180] Resetting Unreachable (Target changed or initializing)
[Actor 181] Resetting Unreachable (Target changed or initializing)
[Actor 182] Resetting Unreachable (Target changed or initializing)
[Actor 183] Resetting Unreachable (Target changed or initializing)
[Actor 184] Resetting Unreachable (Target changed or initializing)
[Actor 185] Resetting Unreachable (Target changed or initializing)
[Actor 186] Resetting Unreachable (Target changed or initializing)
[Actor 187] Resetting Unreachable (Target changed or initializing)
[Actor 188] Resetting Unreachable (Target changed or initializing)
[Actor 189] Resetting Unreachable (Target changed or initializing)
[Actor 190] Resetting Unreachable (Target changed or initializing)
[Actor 191] Resetting Unreachable (Target changed or initializing)
[Actor 192] Resetting Unreachable (Target changed or initializing)
[Actor 193] Resetting Unreachable (Target changed or initializing)
[Actor 194] Resetting Unreachable (Target changed or initializing)
[Actor 195] Resetting Unreachable (Target changed or initializing)
[Actor 196] Resetting Unreachable (Target changed or initializing)
[Actor 197] Resetting Unreachable (Target changed or initializing)
[Actor 198] Resetting Unreachable (Target changed or initializing)
[Actor 199] Resetting Unreachable (Target changed or initializing)
[Game Heartbeat] Active:false Loading:false Units:200 Goblins:50 Time:0.0
[Actor 0] Resetting Unreachable (Target changed or initializing)
[Actor 1] Resetting Unreachable (Target changed or initializing)
[Actor 2] Resetting Unreachable (Target changed or initializing)
[Actor 3] Resetting Unreachable (Target changed or initializing)
[Actor 4] Resetting Unreachable (Target changed or initializing)
[Actor 5] Resetting Unreachable (Target changed or initializing)
[Actor 6] Resetting Unreachable (Target changed or initializing)
[Actor 7] Resetting Unreachable (Target changed or initializing)
[Actor 8] Resetting Unreachable (Target changed or initializing)
[Actor 9] Resetting Unreachable (Target changed or initializing)
[Actor 10] Resetting Unreachable (Target changed or initializing)
[Actor 11] Resetting Unreachable (Target changed or initializing)
[Actor 12] Resetting Unreachable (Target changed or initializing)
[Actor 13] Resetting Unreachable (Target changed or initializing)
[Actor 14] Resetting Unreachable (Target changed or initializing)
[Actor 15] Resetting Unreachable (Target changed or initializing)
[Actor 16] Resetting Unreachable (Target changed or initializing)
[Actor 17] Resetting Unreachable (Target changed or initializing)
[Actor 18] Resetting Unreachable (Target changed or initializing)
[Actor 19] Resetting Unreachable (Target changed or initializing)
[Actor 20] Resetting Unreachable (Target changed or initializing)
[Actor 21] Resetting Unreachable (Target changed or initializing)
[Actor 22] Resetting Unreachable (Target changed or initializing)
[Actor 23] Resetting Unreachable (Target changed or initializing)
[Actor 24] Resetting Unreachable (Target changed or initializing)
[Actor 25] Resetting Unreachable (Target changed or initializing)
[Actor 26] Resetting Unreachable (Target changed or initializing)
[Actor 27] Resetting Unreachable (Target changed or initializing)
[Actor 28] Resetting Unreachable (Target changed or initializing)
[Actor 29] Resetting Unreachable (Target changed or initializing)
[Actor 30] Resetting Unreachable (Target changed or initializing)
[Actor 31] Resetting Unreachable (Target changed or initializing)
[Actor 32] Resetting Unreachable (Target changed or initializing)
[Actor 33] Resetting Unreachable (Target changed or initializing)
[Actor 34] Resetting Unreachable (Target changed or initializing)
[Actor 35] Resetting Unreachable (Target changed or initializing)
[Actor 36] Resetting Unreachable (Target changed or initializing)
[Actor 37] Resetting Unreachable (Target changed or initializing)
[Actor 38] Resetting Unreachable (Target changed or initializing)
[Actor 39] Resetting Unreachable (Target changed or initializing)
[Actor 40] Resetting Unreachable (Target changed or initializing)
[Actor 41] Resetting Unreachable (Target changed or initializing)
[Actor 42] Resetting Unreachable (Target changed or initializing)
[Actor 43] Resetting Unreachable (Target changed or initializing)
[Actor 44] Resetting Unreachable (Target changed or initializing)
[Actor 45] Resetting Unreachable (Target changed or initializing)
[Actor 46] Resetting Unreachable (Target changed or initializing)
[Actor 47] Resetting Unreachable (Target changed or initializing)
[Actor 48] Resetting Unreachable (Target changed or initializing)
[Actor 49] Resetting Unreachable (Target changed or initializing)
[Actor 50] Resetting Unreachable (Target changed or initializing)
[Actor 51] Resetting Unreachable (Target changed or initializing)
[Actor 52] Resetting Unreachable (Target changed or initializing)
[Actor 53] Resetting Unreachable (Target changed or initializing)
[Actor 54] Resetting Unreachable (Target changed or initializing)
[Actor 55] Resetting Unreachable (Target changed or initializing)
[Actor 56] Resetting Unreachable (Target changed or initializing)
[Actor 57] Resetting Unreachable (Target changed or initializing)
[Actor 58] Resetting Unreachable (Target changed or initializing)
[Actor 59] Resetting Unreachable (Target changed or initializing)
[Actor 60] Resetting Unreachable (Target changed or initializing)
[Actor 61] Resetting Unreachable (Target changed or initializing)
[Actor 62] Resetting Unreachable (Target changed or initializing)
[Actor 63] Resetting Unreachable (Target changed or initializing)
[Actor 64] Resetting Unreachable (Target changed or initializing)
[Actor 65] Resetting Unreachable (Target changed or initializing)
[Actor 66] Resetting Unreachable (Target changed or initializing)
[Actor 67] Resetting Unreachable (Target changed or initializing)
[Actor 68] Resetting Unreachable (Target changed or initializing)
[Actor 69] Resetting Unreachable (Target changed or initializing)
[Actor 70] Resetting Unreachable (Target changed or initializing)
[Actor 71] Resetting Unreachable (Target changed or initializing)
[Actor 72] Resetting Unreachable (Target changed or initializing)
[Actor 73] Resetting Unreachable (Target changed or initializing)
[Actor 74] Resetting Unreachable (Target changed or initializing)
[Actor 75] Resetting Unreachable (Target changed or initializing)
[Actor 76] Resetting Unreachable (Target changed or initializing)
[Actor 77] Resetting Unreachable (Target changed or initializing)
[Actor 78] Resetting Unreachable (Target changed or initializing)
[Actor 79] Resetting Unreachable (Target changed or initializing)
[Actor 80] Resetting Unreachable (Target changed or initializing)
[Actor 81] Resetting Unreachable (Target changed or initializing)
[Actor 82] Resetting Unreachable (Target changed or initializing)
[Actor 83] Resetting Unreachable (Target changed or initializing)
[Actor 84] Resetting Unreachable (Target changed or initializing)
[Actor 85] Resetting Unreachable (Target changed or initializing)
[Actor 86] Resetting Unreachable (Target changed or initializing)
[Actor 87] Resetting Unreachable (Target changed or initializing)
[Actor 88] Resetting Unreachable (Target changed or initializing)
[Actor 89] Resetting Unreachable (Target changed or initializing)
[Actor 90] Resetting Unreachable (Target changed or initializing)
[Actor 91] Resetting Unreachable (Target changed or initializing)
[Actor 92] Resetting Unreachable (Target changed or initializing)
[Actor 93] Resetting Unreachable (Target changed or initializing)
[Actor 94] Resetting Unreachable (Target changed or initializing)
[Actor 95] Resetting Unreachable (Target changed or initializing)
[Actor 96] Resetting Unreachable (Target changed or initializing)
[Actor 97] Resetting Unreachable (Target changed or initializing)
[Actor 98] Resetting Unreachable (Target changed or initializing)
[Actor 99] Resetting Unreachable (Target changed or initializing)
[Actor 100] Resetting Unreachable (Target changed or initializing)
[Actor 101] Resetting Unreachable (Target changed or initializing)
[Actor 102] Resetting Unreachable (Target changed or initializing)
[Actor 103] Resetting Unreachable (Target changed or initializing)
[Actor 104] Resetting Unreachable (Target changed or initializing)
[Actor 105] Resetting Unreachable (Target changed or initializing)
[Actor 106] Resetting Unreachable (Target changed or initializing)
[Actor 107] Resetting Unreachable (Target changed or initializing)
[Actor 108] Resetting Unreachable (Target changed or initializing)
[Actor 109] Resetting Unreachable (Target changed or initializing)
[Actor 110] Resetting Unreachable (Target changed or initializing)
[Actor 111] Resetting Unreachable (Target changed or initializing)
[Actor 112] Resetting Unreachable (Target changed or initializing)
[Actor 113] Resetting Unreachable (Target changed or initializing)
[Actor 114] Resetting Unreachable (Target changed or initializing)
[Actor 115] Resetting Unreachable (Target changed or initializing)
[Actor 116] Resetting Unreachable (Target changed or initializing)
[Actor 117] Resetting Unreachable (Target changed or initializing)
[Actor 118] Resetting Unreachable (Target changed or initializing)
[Actor 119] Resetting Unreachable (Target changed or initializing)
[Actor 120] Resetting Unreachable (Target changed or initializing)
[Actor 121] Resetting Unreachable (Target changed or initializing)
[Actor 122] Resetting Unreachable (Target changed or initializing)
[Actor 123] Resetting Unreachable (Target changed or initializing)
[Actor 124] Resetting Unreachable (Target changed or initializing)
[Actor 125] Resetting Unreachable (Target changed or initializing)
[Actor 126] Resetting Unreachable (Target changed or initializing)
[Actor 127] Resetting Unreachable (Target changed or initializing)
[Actor 128] Resetting Unreachable (Target changed or initializing)
[Actor 129] Resetting Unreachable (Target changed or initializing)
[Actor 130] Resetting Unreachable (Target changed or initializing)
[Actor 131] Resetting Unreachable (Target changed or initializing)
[Actor 132] Resetting Unreachable (Target changed or initializing)
[Actor 133] Resetting Unreachable (Target changed or initializing)
[Actor 134] Resetting Unreachable (Target changed or initializing)
[Actor 135] Resetting Unreachable (Target changed or initializing)
[Actor 136] Resetting Unreachable (Target changed or initializing)
[Actor 137] Resetting Unreachable (Target changed or initializing)
[Actor 138] Resetting Unreachable (Target changed or initializing)
[Actor 139] Resetting Unreachable (Target changed or initializing)
[Actor 140] Resetting Unreachable (Target changed or initializing)
[Actor 141] Resetting Unreachable (Target changed or initializing)
[Actor 142] Resetting Unreachable (Target changed or initializing)
[Actor 143] Resetting Unreachable (Target changed or initializing)
[Actor 144] Resetting Unreachable (Target changed or initializing)
[Actor 145] Resetting Unreachable (Target changed or initializing)
[Actor 146] Resetting Unreachable (Target changed or initializing)
[Actor 147] Resetting Unreachable (Target changed or initializing)
[Actor 148] Resetting Unreachable (Target changed or initializing)
[Actor 149] Resetting Unreachable (Target changed or initializing)
[Actor 150] Resetting Unreachable (Target changed or initializing)
[Actor 151] Resetting Unreachable (Target changed or initializing)
[Actor 152] Resetting Unreachable (Target changed or initializing)
[Actor 153] Resetting Unreachable (Target changed or initializing)
[Actor 154] Resetting Unreachable (Target changed or initializing)
[Actor 155] Resetting Unreachable (Target changed or initializing)
[Actor 156] Resetting Unreachable (Target changed or initializing)
[Actor 157] Resetting Unreachable (Target changed or initializing)
[Actor 158] Resetting Unreachable (Target changed or initializing)
[Actor 159] Resetting Unreachable (Target changed or initializing)
[Actor 160] Resetting Unreachable (Target changed or initializing)
[Actor 161] Resetting Unreachable (Target changed or initializing)
[Actor 162] Resetting Unreachable (Target changed or initializing)
[Actor 163] Resetting Unreachable (Target changed or initializing)
[Actor 164] Resetting Unreachable (Target changed or initializing)
[Actor 165] Resetting Unreachable (Target changed or initializing)
[Actor 166] Resetting Unreachable (Target changed or initializing)
[Actor 167] Resetting Unreachable (Target changed or initializing)
[Actor 168] Resetting Unreachable (Target changed or initializing)
[Actor 169] Resetting Unreachable (Target changed or initializing)
[Actor 170] Resetting Unreachable (Target changed or initializing)
[Actor 171] Resetting Unreachable (Target changed or initializing)
[Actor 172] Resetting Unreachable (Target changed or initializing)
[Actor 173] Resetting Unreachable (Target changed or initializing)
[Actor 174] Resetting Unreachable (Target changed or initializing)
[Actor 175] Resetting Unreachable (Target changed or initializing)
[Actor 176] Resetting Unreachable (Target changed or initializing)
[Actor 177] Resetting Unreachable (Target changed or initializing)
[Actor 178] Resetting Unreachable (Target changed or initializing)
[Actor 179] Resetting Unreachable (Target changed or initializing)
[Actor 180] Resetting Unreachable (Target changed or initializing)
[Actor 181] Resetting Unreachable (Target changed or initializing)
[Actor 182] Resetting Unreachable (Target changed or initializing)
[Actor 183] Resetting Unreachable (Target changed or initializing)
[Actor 184] Resetting Unreachable (Target changed or initializing)
[Actor 185] Resetting Unreachable (Target changed or initializing)
[Actor 186] Resetting Unreachable (Target changed or initializing)
[Actor 187] Resetting Unreachable (Target changed or initializing)
[Actor 188] Resetting Unreachable (Target changed or initializing)
[Actor 189] Resetting Unreachable (Target changed or initializing)
[Actor 190] Resetting Unreachable (Target changed or initializing)
[Actor 191] Resetting Unreachable (Target changed or initializing)
[Actor 192] Resetting Unreachable (Target changed or initializing)
[Actor 193] Resetting Unreachable (Target changed or initializing)
[Actor 194] Resetting Unreachable (Target changed or initializing)
[Actor 195] Resetting Unreachable (Target changed or initializing)
[Actor 196] Resetting Unreachable (Target changed or initializing)
[Actor 197] Resetting Unreachable (Target changed or initializing)
[Actor 198] Resetting Unreachable (Target changed or initializing)
[Actor 199] Resetting Unreachable (Target changed or initializing)
[Actor 0] Resetting Unreachable (Target changed or initializing)
[Actor 1] Resetting Unreachable (Target changed or initializing)
[Actor 2] Resetting Unreachable (Target changed or initializing)
[Actor 3] Resetting Unreachable (Target changed or initializing)
[Actor 4] Resetting Unreachable (Target changed or initializing)
[Actor 5] Resetting Unreachable (Target changed or initializing)
[Actor 6] Resetting Unreachable (Target changed or initializing)
[Actor 7] Resetting Unreachable (Target changed or initializing)
[Actor 8] Resetting Unreachable (Target changed or initializing)
[Actor 9] Resetting Unreachable (Target changed or initializing)
[Actor 10] Resetting Unreachable (Target changed or initializing)
[Actor 11] Resetting Unreachable (Target changed or initializing)
[Actor 12] Resetting Unreachable (Target changed or initializing)
[Actor 13] Resetting Unreachable (Target changed or initializing)
[Actor 14] Resetting Unreachable (Target changed or initializing)
[Actor 15] Resetting Unreachable (Target changed or initializing)
[Actor 16] Resetting Unreachable (Target changed or initializing)
[Actor 17] Resetting Unreachable (Target changed or initializing)
[Actor 18] Resetting Unreachable (Target changed or initializing)
[Actor 19] Resetting Unreachable (Target changed or initializing)
[Actor 20] Resetting Unreachable (Target changed or initializing)
[Actor 21] Resetting Unreachable (Target changed or initializing)
[Actor 22] Resetting Unreachable (Target changed or initializing)
[Actor 23] Resetting Unreachable (Target changed or initializing)
[Actor 24] Resetting Unreachable (Target changed or initializing)
[Actor 25] Resetting Unreachable (Target changed or initializing)
[Actor 26] Resetting Unreachable (Target changed or initializing)
[Actor 27] Resetting Unreachable (Target changed or initializing)
[Actor 28] Resetting Unreachable (Target changed or initializing)
[Actor 29] Resetting Unreachable (Target changed or initializing)
[Actor 30] Resetting Unreachable (Target changed or initializing)
[Actor 31] Resetting Unreachable (Target changed or initializing)
[Actor 32] Resetting Unreachable (Target changed or initializing)
[Actor 33] Resetting Unreachable (Target changed or initializing)
[Actor 34] Resetting Unreachable (Target changed or initializing)
[Actor 35] Resetting Unreachable (Target changed or initializing)
[Actor 36] Resetting Unreachable (Target changed or initializing)
[Actor 37] Resetting Unreachable (Target changed or initializing)
[Actor 38] Resetting Unreachable (Target changed or initializing)
[Actor 39] Resetting Unreachable (Target changed or initializing)
[Actor 40] Resetting Unreachable (Target changed or initializing)
[Actor 41] Resetting Unreachable (Target changed or initializing)
[Actor 42] Resetting Unreachable (Target changed or initializing)
[Actor 43] Resetting Unreachable (Target changed or initializing)
[Actor 44] Resetting Unreachable (Target changed or initializing)
[Actor 45] Resetting Unreachable (Target changed or initializing)
[Actor 46] Resetting Unreachable (Target changed or initializing)
[Actor 47] Resetting Unreachable (Target changed or initializing)
[Actor 48] Resetting Unreachable (Target changed or initializing)
[Actor 49] Resetting Unreachable (Target changed or initializing)
[Actor 50] Resetting Unreachable (Target changed or initializing)
[Actor 51] Resetting Unreachable (Target changed or initializing)
[Actor 52] Resetting Unreachable (Target changed or initializing)
[Actor 53] Resetting Unreachable (Target changed or initializing)
[Actor 54] Resetting Unreachable (Target changed or initializing)
[Actor 55] Resetting Unreachable (Target changed or initializing)
[Actor 56] Resetting Unreachable (Target changed or initializing)
[Actor 57] Resetting Unreachable (Target changed or initializing)
[Actor 58] Resetting Unreachable (Target changed or initializing)
[Actor 59] Resetting Unreachable (Target changed or initializing)
[Actor 60] Resetting Unreachable (Target changed or initializing)
[Actor 61] Resetting Unreachable (Target changed or initializing)
[Actor 62] Resetting Unreachable (Target changed or initializing)
[Actor 63] Resetting Unreachable (Target changed or initializing)
[Actor 64] Resetting Unreachable (Target changed or initializing)
[Actor 65] Resetting Unreachable (Target changed or initializing)
[Actor 66] Resetting Unreachable (Target changed or initializing)
[Actor 67] Resetting Unreachable (Target changed or initializing)
[Actor 68] Resetting Unreachable (Target changed or initializing)
[Actor 69] Resetting Unreachable (Target changed or initializing)
[Actor 70] Resetting Unreachable (Target changed or initializing)
[Actor 71] Resetting Unreachable (Target changed or initializing)
[Actor 72] Resetting Unreachable (Target changed or initializing)
[Actor 73] Resetting Unreachable (Target changed or initializing)
[Actor 74] Resetting Unreachable (Target changed or initializing)
[Actor 75] Resetting Unreachable (Target changed or initializing)
[Actor 76] Resetting Unreachable (Target changed or initializing)
[Actor 77] Resetting Unreachable (Target changed or initializing)
[Actor 78] Resetting Unreachable (Target changed or initializing)
[Actor 79] Resetting Unreachable (Target changed or initializing)
[Actor 80] Resetting Unreachable (Target changed or initializing)
[Actor 81] Resetting Unreachable (Target changed or initializing)
[Actor 82] Resetting Unreachable (Target changed or initializing)
[Actor 83] Resetting Unreachable (Target changed or initializing)
[Actor 84] Resetting Unreachable (Target changed or initializing)
[Actor 85] Resetting Unreachable (Target changed or initializing)
[Actor 86] Resetting Unreachable (Target changed or initializing)
[Actor 87] Resetting Unreachable (Target changed or initializing)
[Actor 88] Resetting Unreachable (Target changed or initializing)
[Actor 89] Resetting Unreachable (Target changed or initializing)
[Actor 90] Resetting Unreachable (Target changed or initializing)
[Actor 91] Resetting Unreachable (Target changed or initializing)
[Actor 92] Resetting Unreachable (Target changed or initializing)
[Actor 93] Resetting Unreachable (Target changed or initializing)
[Actor 94] Resetting Unreachable (Target changed or initializing)
[Actor 95] Resetting Unreachable (Target changed or initializing)
[Actor 96] Resetting Unreachable (Target changed or initializing)
[Actor 97] Resetting Unreachable (Target changed or initializing)
[Actor 98] Resetting Unreachable (Target changed or initializing)
[Actor 99] Resetting Unreachable (Target changed or initializing)
[Actor 100] Resetting Unreachable (Target changed or initializing)
[Actor 101] Resetting Unreachable (Target changed or initializing)
[Actor 102] Resetting Unreachable (Target changed or initializing)
[Actor 103] Resetting Unreachable (Target changed or initializing)
[Actor 104] Resetting Unreachable (Target changed or initializing)
[Actor 105] Resetting Unreachable (Target changed or initializing)
[Actor 106] Resetting Unreachable (Target changed or initializing)
[Actor 107] Resetting Unreachable (Target changed or initializing)
[Actor 108] Resetting Unreachable (Target changed or initializing)
[Actor 109] Resetting Unreachable (Target changed or initializing)
[Actor 110] Resetting Unreachable (Target changed or initializing)
[Actor 111] Resetting Unreachable (Target changed or initializing)
[Actor 112] Resetting Unreachable (Target changed or initializing)
[Actor 113] Resetting Unreachable (Target changed or initializing)
[Actor 114] Resetting Unreachable (Target changed or initializing)
[Actor 115] Resetting Unreachable (Target changed or initializing)
[Actor 116] Resetting Unreachable (Target changed or initializing)
[Actor 117] Resetting Unreachable (Target changed or initializing)
[Actor 118] Resetting Unreachable (Target changed or initializing)
[Actor 119] Resetting Unreachable (Target changed or initializing)
[Actor 120] Resetting Unreachable (Target changed or initializing)
[Actor 121] Resetting Unreachable (Target changed or initializing)
[Actor 122] Resetting Unreachable (Target changed or initializing)
[Actor 123] Resetting Unreachable (Target changed or initializing)
[Actor 124] Resetting Unreachable (Target changed or initializing)
[Actor 125] Resetting Unreachable (Target changed or initializing)
[Actor 126] Resetting Unreachable (Target changed or initializing)
[Actor 127] Resetting Unreachable (Target changed or initializing)
[Actor 128] Resetting Unreachable (Target changed or initializing)
[Actor 129] Resetting Unreachable (Target changed or initializing)
[Actor 130] Resetting Unreachable (Target changed or initializing)
[Actor 131] Resetting Unreachable (Target changed or initializing)
[Actor 132] Resetting Unreachable (Target changed or initializing)
[Actor 133] Resetting Unreachable (Target changed or initializing)
[Actor 134] Resetting Unreachable (Target changed or initializing)
[Actor 135] Resetting Unreachable (Target changed or initializing)
[Actor 136] Resetting Unreachable (Target changed or initializing)
[Actor 137] Resetting Unreachable (Target changed or initializing)
[Actor 138] Resetting Unreachable (Target changed or initializing)
[Actor 139] Resetting Unreachable (Target changed or initializing)
[Actor 140] Resetting Unreachable (Target changed or initializing)
[Actor 141] Resetting Unreachable (Target changed or initializing)
[Actor 142] Resetting Unreachable (Target changed or initializing)
[Actor 143] Resetting Unreachable (Target changed or initializing)
[Actor 144] Resetting Unreachable (Target changed or initializing)
[Actor 145] Resetting Unreachable (Target changed or initializing)
[Actor 146] Resetting Unreachable (Target changed or initializing)
[Actor 147] Resetting Unreachable (Target changed or initializing)
[Actor 148] Resetting Unreachable (Target changed or initializing)
[Actor 149] Resetting Unreachable (Target changed or initializing)
[Actor 150] Resetting Unreachable (Target changed or initializing)
[Actor 151] Resetting Unreachable (Target changed or initializing)
[Actor 152] Resetting Unreachable (Target changed or initializing)
[Actor 153] Resetting Unreachable (Target changed or initializing)
[Actor 154] Resetting Unreachable (Target changed or initializing)
[Actor 155] Resetting Unreachable (Target changed or initializing)
[Actor 156] Resetting Unreachable (Target changed or initializing)
[Actor 157] Resetting Unreachable (Target changed or initializing)
[Actor 158] Resetting Unreachable (Target changed or initializing)
[Actor 159] Resetting Unreachable (Target changed or initializing)
[Actor 160] Resetting Unreachable (Target changed or initializing)
[Actor 161] Resetting Unreachable (Target changed or initializing)
[Actor 162] Resetting Unreachable (Target changed or initializing)
[Actor 163] Resetting Unreachable (Target changed or initializing)
[Actor 164] Resetting Unreachable (Target changed or initializing)
[Actor 165] Resetting Unreachable (Target changed or initializing)
[Actor 166] Resetting Unreachable (Target changed or initializing)
[Actor 167] Resetting Unreachable (Target changed or initializing)
[Actor 168] Resetting Unreachable (Target changed or initializing)
[Actor 169] Resetting Unreachable (Target changed or initializing)
[Actor 170] Resetting Unreachable (Target changed or initializing)
[Actor 171] Resetting Unreachable (Target changed or initializing)
[Actor 172] Resetting Unreachable (Target changed or initializing)
[Actor 173] Resetting Unreachable (Target changed or initializing)
[Actor 174] Resetting Unreachable (Target changed or initializing)
[Actor 175] Resetting Unreachable (Target changed or initializing)
[Actor 176] Resetting Unreachable (Target changed or initializing)
[Actor 177] Resetting Unreachable (Target changed or initializing)
[Actor 178] Resetting Unreachable (Target changed or initializing)
[Actor 179] Resetting Unreachable (Target changed or initializing)
[Actor 180] Resetting Unreachable (Target changed or initializing)
[Actor 181] Resetting Unreachable (Target changed or initializing)
[Actor 182] Resetting Unreachable (Target changed or initializing)
[Actor 183] Resetting Unreachable (Target changed or initializing)
[Actor 184] Resetting Unreachable (Target changed or initializing)
[Actor 185] Resetting Unreachable (Target changed or initializing)
[Actor 186] Resetting Unreachable (Target changed or initializing)
[Actor 187] Resetting Unreachable (Target changed or initializing)
[Actor 188] Resetting Unreachable (Target changed or initializing)
[Actor 189] Resetting Unreachable (Target changed or initializing)
[Actor 190] Resetting Unreachable (Target changed or initializing)
[Actor 191] Resetting Unreachable (Target changed or initializing)
[Actor 192] Resetting Unreachable (Target changed or initializing)
[Actor 193] Resetting Unreachable (Target changed or initializing)
[Actor 194] Resetting Unreachable (Target changed or initializing)
[Actor 195] Resetting Unreachable (Target changed or initializing)
[Actor 196] Resetting Unreachable (Target changed or initializing)
[Actor 197] Resetting Unreachable (Target changed or initializing)
[Actor 198] Resetting Unreachable (Target changed or initializing)
[Actor 199] Resetting Unreachable (Target changed or initializing)
[Stress] 100 Frames completed in 1600.00ms (Simulated)
[Actor 0] Pathfinding SUCCESS: Got 21 nodes to 71.15330232490797,71.78094136554093
[Actor 0] Resetting Unreachable (Target changed or initializing)
[Actor 1] Pathfinding SUCCESS: Got 21 nodes to 100.89470569375915,65.5544037908561
[Actor 1] Resetting Unreachable (Target changed or initializing)
[Actor 2] Pathfinding SUCCESS: Got 21 nodes to 69.12084691377987,78.78875854279323
[Actor 2] Resetting Unreachable (Target changed or initializing)
[Actor 3] Pathfinding SUCCESS: Got 21 nodes to 36.429090709802296,108.27244941502386
[Actor 3] Resetting Unreachable (Target changed or initializing)
[Actor 4] Pathfinding SUCCESS: Got 21 nodes to 14.729169318871145,119.63756660216593
[Actor 4] Resetting Unreachable (Target changed or initializing)
[Actor 5] Pathfinding SUCCESS: Got 21 nodes to 31.78089131682283,142.678915605453
[Actor 5] Resetting Unreachable (Target changed or initializing)
[Actor 6] Pathfinding SUCCESS: Got 21 nodes to 58.77463599719474,9.445041063684997
[Actor 6] Resetting Unreachable (Target changed or initializing)
[Actor 7] Pathfinding SUCCESS: Got 21 nodes to 9.058725019340537,109.16470808479801
[Actor 7] Resetting Unreachable (Target changed or initializing)
[Actor 8] Pathfinding SUCCESS: Got 21 nodes to 48.428200288307536,33.09851459503617
[Actor 8] Resetting Unreachable (Target changed or initializing)
[Actor 9] Pathfinding SUCCESS: Got 21 nodes to 132.23809011296845,122.62035925152496
[Actor 9] Resetting Unreachable (Target changed or initializing)
[Actor 10] Pathfinding SUCCESS: Got 21 nodes to 55.59066916365478,8.207843441766256
[Actor 10] Resetting Unreachable (Target changed or initializing)
[Actor 11] Pathfinding SUCCESS: Got 21 nodes to 14.03247047223832,66.57279706266037
[Actor 11] Resetting Unreachable (Target changed or initializing)
[Actor 12] Pathfinding SUCCESS: Got 21 nodes to 123.88070120082617,30.883935009237234
[Actor 12] Resetting Unreachable (Target changed or initializing)
[Actor 13] Pathfinding SUCCESS: Got 21 nodes to 43.5971782074773,73.38041720341138
[Actor 13] Resetting Unreachable (Target changed or initializing)
[Actor 14] Pathfinding SUCCESS: Got 21 nodes to 90.99899986249675,7.769968854063931
[Actor 14] Resetting Unreachable (Target changed or initializing)
[Actor 15] Pathfinding SUCCESS: Got 21 nodes to 30.998378880056183,41.602623847393055
[Actor 15] Resetting Unreachable (Target changed or initializing)
[Actor 16] Pathfinding SUCCESS: Got 21 nodes to 89.21062735608317,24.837019970907054
[Actor 16] Resetting Unreachable (Target changed or initializing)
[Actor 17] Pathfinding SUCCESS: Got 21 nodes to 69.60448653398241,115.16228457898171
[Actor 17] Resetting Unreachable (Target changed or initializing)
[Actor 18] Pathfinding SUCCESS: Got 21 nodes to 117.19315412687162,40.648600734288834
[Actor 18] Resetting Unreachable (Target changed or initializing)
[Actor 19] Pathfinding SUCCESS: Got 21 nodes to 26.4943048781697,151.39929320913163
[Actor 19] Resetting Unreachable (Target changed or initializing)
[Actor 20] Pathfinding SUCCESS: Got 21 nodes to 23.833166173657578,103.6691792687873
[Actor 20] Resetting Unreachable (Target changed or initializing)
[Actor 21] Pathfinding SUCCESS: Got 21 nodes to 7.180538417886169,152.63227665035294
[Actor 21] Resetting Unreachable (Target changed or initializing)
[Actor 22] Pathfinding SUCCESS: Got 21 nodes to 139.7217282488418,101.9484221718263
[Actor 22] Resetting Unreachable (Target changed or initializing)
[Actor 23] Pathfinding SUCCESS: Got 21 nodes to 139.07060459407103,116.05031940192144
[Actor 23] Resetting Unreachable (Target changed or initializing)
[Actor 24] Pathfinding SUCCESS: Got 21 nodes to 81.6164038969217,45.652998872925274
[Actor 24] Resetting Unreachable (Target changed or initializing)
[Actor 25] Pathfinding SUCCESS: Got 21 nodes to 107.61833801670936,5.730936286378247
[Actor 25] Resetting Unreachable (Target changed or initializing)
[Actor 26] Pathfinding SUCCESS: Got 21 nodes to 50.7940854290617,138.18485033240123
[Actor 26] Resetting Unreachable (Target changed or initializing)
[Actor 27] Pathfinding SUCCESS: Got 21 nodes to 17.04797731917897,58.81415496227777
[Actor 27] Resetting Unreachable (Target changed or initializing)
[Actor 28] Pathfinding SUCCESS: Got 21 nodes to 67.71759525304202,51.07721258573988
[Actor 28] Resetting Unreachable (Target changed or initializing)
[Actor 29] Pathfinding SUCCESS: Got 21 nodes to 61.77689797946673,144.55837043995214
[Actor 29] Resetting Unreachable (Target changed or initializing)
[Actor 30] Pathfinding SUCCESS: Got 21 nodes to 83.62005295923807,137.16315872667005
[Actor 30] Resetting Unreachable (Target changed or initializing)
[Actor 31] Pathfinding SUCCESS: Got 21 nodes to 70.76333210953118,73.7628607899301
[Actor 31] Resetting Unreachable (Target changed or initializing)
[Actor 32] Pathfinding SUCCESS: Got 21 nodes to 150.81637962691548,13.854285064518075
[Actor 32] Resetting Unreachable (Target changed or initializing)
[Actor 33] Pathfinding SUCCESS: Got 21 nodes to 84.12304593153718,100.87726302239432
[Actor 33] Resetting Unreachable (Target changed or initializing)
[Actor 34] Pathfinding SUCCESS: Got 21 nodes to 92.5809674487808,141.20201712465177
[Actor 34] Resetting Unreachable (Target changed or initializing)
[Actor 35] Pathfinding SUCCESS: Got 21 nodes to 50.79419851128819,119.21844470753956
[Actor 35] Resetting Unreachable (Target changed or initializing)
[Actor 36] Pathfinding SUCCESS: Got 21 nodes to 50.33108036817822,42.97837752289698
[Actor 36] Resetting Unreachable (Target changed or initializing)
[Actor 37] Pathfinding SUCCESS: Got 21 nodes to 41.88127162109039,142.88871020940738
[Actor 37] Resetting Unreachable (Target changed or initializing)
[Actor 38] Pathfinding SUCCESS: Got 21 nodes to 121.27063293421801,54.46130169491381
[Actor 38] Resetting Unreachable (Target changed or initializing)
[Actor 39] Pathfinding SUCCESS: Got 21 nodes to 152.84047182219712,152.38560307452602
[Actor 39] Resetting Unreachable (Target changed or initializing)
[Actor 40] Pathfinding SUCCESS: Got 21 nodes to 41.29517365411116,24.081376230585956
[Actor 40] Resetting Unreachable (Target changed or initializing)
[Actor 41] Pathfinding SUCCESS: Got 21 nodes to 38.20231701664292,118.4030255736627
[Actor 41] Resetting Unreachable (Target changed or initializing)
[Actor 42] Pathfinding SUCCESS: Got 21 nodes to 61.75685885303324,118.86367774222947
[Actor 42] Resetting Unreachable (Target changed or initializing)
[Actor 43] Pathfinding SUCCESS: Got 21 nodes to 25.4209000103889,112.3944212696714
[Actor 43] Resetting Unreachable (Target changed or initializing)
[Actor 44] Pathfinding SUCCESS: Got 21 nodes to 65.8428707070935,44.490942562295096
[Actor 44] Resetting Unreachable (Target changed or initializing)
[Actor 45] Pathfinding SUCCESS: Got 21 nodes to 133.54184507113698,53.49628434195324
[Actor 45] Resetting Unreachable (Target changed or initializing)
[Actor 46] Pathfinding SUCCESS: Got 21 nodes to 135.83762537689836,90.70941908641878
[Actor 46] Resetting Unreachable (Target changed or initializing)
[Actor 47] Pathfinding SUCCESS: Got 21 nodes to 151.12464972982835,67.97093632389124
[Actor 47] Resetting Unreachable (Target changed or initializing)
[Actor 48] Pathfinding SUCCESS: Got 21 nodes to 45.020075510976994,120.97882361527844
[Actor 48] Resetting Unreachable (Target changed or initializing)
[Actor 49] Pathfinding SUCCESS: Got 21 nodes to 46.522826778026875,9.054316497456522
[Actor 49] Resetting Unreachable (Target changed or initializing)
[Actor 50] Pathfinding SUCCESS: Got 21 nodes to 31.03559160828666,19.521804985176058
[Actor 50] Resetting Unreachable (Target changed or initializing)
[Actor 51] Pathfinding SUCCESS: Got 21 nodes to 96.83099848111746,105.67655776890601
[Actor 51] Resetting Unreachable (Target changed or initializing)
[Actor 52] Pathfinding SUCCESS: Got 21 nodes to 87.62723198413285,14.503606818363897
[Actor 52] Resetting Unreachable (Target changed or initializing)
[Actor 53] Pathfinding SUCCESS: Got 21 nodes to 126.45286182518737,43.017015877496405
[Actor 53] Resetting Unreachable (Target changed or initializing)
[Actor 54] Pathfinding SUCCESS: Got 21 nodes to 26.042245741216803,117.43047469139033
[Actor 54] Resetting Unreachable (Target changed or initializing)
[Actor 55] Pathfinding SUCCESS: Got 21 nodes to 150.20169653311837,37.79595075916758
[Actor 55] Resetting Unreachable (Target changed or initializing)
[Actor 56] Pathfinding SUCCESS: Got 21 nodes to 86.59798910788395,103.0863292605322
[Actor 56] Resetting Unreachable (Target changed or initializing)
[Actor 57] Pathfinding SUCCESS: Got 21 nodes to 54.61756713729927,61.24639998751818
[Actor 57] Resetting Unreachable (Target changed or initializing)
[Actor 58] Pathfinding SUCCESS: Got 21 nodes to 6.310706796991923,55.089806929047555
[Actor 58] Resetting Unreachable (Target changed or initializing)
[Actor 59] Pathfinding SUCCESS: Got 21 nodes to 105.97331370306249,51.477151742828426
[Actor 59] Resetting Unreachable (Target changed or initializing)
[Actor 60] Pathfinding SUCCESS: Got 21 nodes to 108.49836933671702,128.6812920932681
[Actor 60] Resetting Unreachable (Target changed or initializing)
[Actor 61] Pathfinding SUCCESS: Got 21 nodes to 127.06575338934489,21.880717096102305
[Actor 61] Resetting Unreachable (Target changed or initializing)
[Actor 62] Pathfinding SUCCESS: Got 21 nodes to 125.35819305743416,32.59102573787167
[Actor 62] Resetting Unreachable (Target changed or initializing)
[Actor 63] Pathfinding SUCCESS: Got 21 nodes to 145.72227606076692,76.80888022019813
[Actor 63] Resetting Unreachable (Target changed or initializing)
[Actor 64] Pathfinding SUCCESS: Got 21 nodes to 59.69910819012419,87.72826077205652
[Actor 64] Resetting Unreachable (Target changed or initializing)
[Actor 65] Pathfinding SUCCESS: Got 21 nodes to 110.94985592562635,95.65252491239164
[Actor 65] Resetting Unreachable (Target changed or initializing)
[Actor 66] Pathfinding SUCCESS: Got 21 nodes to 6.081523653212546,21.188338455329532
[Actor 66] Resetting Unreachable (Target changed or initializing)
[Actor 67] Pathfinding SUCCESS: Got 21 nodes to 103.72964075981692,5.414270774074144
[Actor 67] Resetting Unreachable (Target changed or initializing)
[Actor 68] Pathfinding SUCCESS: Got 21 nodes to 61.406529845686684,77.48144340202525
[Actor 68] Resetting Unreachable (Target changed or initializing)
[Actor 69] Pathfinding SUCCESS: Got 21 nodes to 117.5115667433689,115.53966333168898
[Actor 69] Resetting Unreachable (Target changed or initializing)
[Actor 70] Pathfinding SUCCESS: Got 21 nodes to 137.16725493761206,39.757609367465406
[Actor 70] Resetting Unreachable (Target changed or initializing)
[Actor 71] Pathfinding SUCCESS: Got 21 nodes to 15.028865271896981,120.47587397588077
[Actor 71] Resetting Unreachable (Target changed or initializing)
[Actor 72] Pathfinding SUCCESS: Got 21 nodes to 148.54413977922982,104.66866271316914
[Actor 72] Resetting Unreachable (Target changed or initializing)
[Actor 73] Pathfinding SUCCESS: Got 21 nodes to 108.00344125070615,23.336065481014565
[Actor 73] Resetting Unreachable (Target changed or initializing)
[Actor 74] Pathfinding SUCCESS: Got 21 nodes to 137.8921077517228,28.570409445228524
[Actor 74] Resetting Unreachable (Target changed or initializing)
[Actor 75] Pathfinding SUCCESS: Got 21 nodes to 56.70339775209955,138.97887195603212
[Actor 75] Resetting Unreachable (Target changed or initializing)
[Actor 76] Pathfinding SUCCESS: Got 21 nodes to 23.97352838102,97.74403489015354
[Actor 76] Resetting Unreachable (Target changed or initializing)
[Actor 77] Pathfinding SUCCESS: Got 21 nodes to 20.767430846273033,127.10379834955596
[Actor 77] Resetting Unreachable (Target changed or initializing)
[Actor 78] Pathfinding SUCCESS: Got 21 nodes to 102.74612349135937,87.18098843588947
[Actor 78] Resetting Unreachable (Target changed or initializing)
[Actor 79] Pathfinding SUCCESS: Got 21 nodes to 29.02626300945654,81.88727647562217
[Actor 79] Resetting Unreachable (Target changed or initializing)
[Actor 80] Pathfinding SUCCESS: Got 21 nodes to 44.670513492559635,29.75964874968507
[Actor 80] Resetting Unreachable (Target changed or initializing)
[Actor 81] Pathfinding SUCCESS: Got 21 nodes to 143.36989741487,6.347178967815765
[Actor 81] Resetting Unreachable (Target changed or initializing)
[Actor 82] Pathfinding SUCCESS: Got 21 nodes to 82.61243829124133,115.65954381256131
[Actor 82] Resetting Unreachable (Target changed or initializing)
[Actor 83] Pathfinding SUCCESS: Got 21 nodes to 47.355521459091236,92.93876859344681
[Actor 83] Resetting Unreachable (Target changed or initializing)
[Actor 84] Pathfinding SUCCESS: Got 21 nodes to 78.5790665128097,132.88599481111925
[Actor 84] Resetting Unreachable (Target changed or initializing)
[Actor 85] Pathfinding SUCCESS: Got 21 nodes to 53.530315585173575,38.70749399208537
[Actor 85] Resetting Unreachable (Target changed or initializing)
[Actor 86] Pathfinding SUCCESS: Got 21 nodes to 128.0441700667587,78.46621601107357
[Actor 86] Resetting Unreachable (Target changed or initializing)
[Actor 87] Pathfinding SUCCESS: Got 21 nodes to 154.00563937778557,75.15798608053791
[Actor 87] Resetting Unreachable (Target changed or initializing)
[Actor 88] Pathfinding SUCCESS: Got 21 nodes to 9.105935544167515,72.96522759355524
[Actor 88] Resetting Unreachable (Target changed or initializing)
[Actor 89] Pathfinding SUCCESS: Got 21 nodes to 106.64114564179214,131.8231933216997
[Actor 89] Resetting Unreachable (Target changed or initializing)
[Actor 90] Pathfinding SUCCESS: Got 21 nodes to 140.45921869774008,68.61331333024945
[Actor 90] Resetting Unreachable (Target changed or initializing)
[Actor 91] Pathfinding SUCCESS: Got 21 nodes to 5.592044745903997,103.53668401870792
[Actor 91] Resetting Unreachable (Target changed or initializing)
[Actor 92] Pathfinding SUCCESS: Got 21 nodes to 29.796262625764378,88.00964942803932
[Actor 92] Resetting Unreachable (Target changed or initializing)
[Actor 93] Pathfinding SUCCESS: Got 21 nodes to 143.1280833119295,129.43907911386646
[Actor 93] Resetting Unreachable (Target changed or initializing)
[Actor 94] Pathfinding SUCCESS: Got 21 nodes to 103.08342331453417,65.3360429861082
[Actor 94] Resetting Unreachable (Target changed or initializing)
[Actor 95] Pathfinding SUCCESS: Got 21 nodes to 63.55379643252107,65.32995087186836
[Actor 95] Resetting Unreachable (Target changed or initializing)
[Actor 96] Pathfinding SUCCESS: Got 21 nodes to 65.99059747481354,7.3152300904784155
[Actor 96] Resetting Unreachable (Target changed or initializing)
[Actor 97] Pathfinding SUCCESS: Got 21 nodes to 54.13453256587408,66.77665991295821
[Actor 97] Resetting Unreachable (Target changed or initializing)
[Actor 98] Pathfinding SUCCESS: Got 21 nodes to 59.0601981080146,21.86086947466351
[Actor 98] Resetting Unreachable (Target changed or initializing)
[Actor 99] Pathfinding SUCCESS: Got 21 nodes to 101.30478430897938,8.659512007672383
[Actor 99] Resetting Unreachable (Target changed or initializing)
[Actor 100] Pathfinding SUCCESS: Got 21 nodes to 151.68442030975214,45.93855128510457
[Actor 100] Resetting Unreachable (Target changed or initializing)
[Actor 101] Pathfinding SUCCESS: Got 21 nodes to 95.89679378012116,55.158212384796144
[Actor 101] Resetting Unreachable (Target changed or initializing)
[Actor 102] Pathfinding SUCCESS: Got 21 nodes to 141.77420894425475,116.87633290617117
[Actor 102] Resetting Unreachable (Target changed or initializing)
[Actor 103] Pathfinding SUCCESS: Got 21 nodes to 117.7573596276234,10.15414110818716
[Actor 103] Resetting Unreachable (Target changed or initializing)
[Actor 104] Pathfinding SUCCESS: Got 21 nodes to 80.88014518137139,138.58878642656524
[Actor 104] Resetting Unreachable (Target changed or initializing)
[Actor 105] Pathfinding SUCCESS: Got 21 nodes to 36.42662662137913,91.88050970201698
[Actor 105] Resetting Unreachable (Target changed or initializing)
[Actor 106] Pathfinding SUCCESS: Got 21 nodes to 95.78006560723807,134.74204112121882
[Actor 106] Resetting Unreachable (Target changed or initializing)
[Actor 107] Pathfinding SUCCESS: Got 21 nodes to 74.26295508476086,30.702920592571953
[Actor 107] Resetting Unreachable (Target changed or initializing)
[Actor 108] Pathfinding SUCCESS: Got 21 nodes to 136.27030864423497,32.57627177777135
[Actor 108] Resetting Unreachable (Target changed or initializing)
[Actor 109] Pathfinding SUCCESS: Got 21 nodes to 110.62901166531206,78.67741886342228
[Actor 109] Resetting Unreachable (Target changed or initializing)
[Actor 110] Pathfinding SUCCESS: Got 21 nodes to 8.999492095443014,150.33630931303514
[Actor 110] Resetting Unreachable (Target changed or initializing)
[Actor 111] Pathfinding SUCCESS: Got 21 nodes to 78.30851879237854,120.74091766264452
[Actor 111] Resetting Unreachable (Target changed or initializing)
[Actor 112] Pathfinding SUCCESS: Got 21 nodes to 125.4164229171181,35.32690108137092
[Actor 112] Resetting Unreachable (Target changed or initializing)
[Actor 113] Pathfinding SUCCESS: Got 21 nodes to 151.94281848147637,125.88099933045284
[Actor 113] Resetting Unreachable (Target changed or initializing)
[Actor 114] Pathfinding SUCCESS: Got 21 nodes to 19.050750052343187,89.03549205013687
[Actor 114] Resetting Unreachable (Target changed or initializing)
[Actor 115] Pathfinding SUCCESS: Got 21 nodes to 20.866759665397048,35.87525894903338
[Actor 115] Resetting Unreachable (Target changed or initializing)
[Actor 116] Pathfinding SUCCESS: Got 21 nodes to 14.893010506380628,47.71493717396998
[Actor 116] Resetting Unreachable (Target changed or initializing)
[Actor 117] Pathfinding SUCCESS: Got 21 nodes to 138.05605168455702,68.47288095582243
[Actor 117] Resetting Unreachable (Target changed or initializing)
[Actor 118] Pathfinding SUCCESS: Got 21 nodes to 84.2671447659927,44.299380595659315
[Actor 118] Resetting Unreachable (Target changed or initializing)
[Actor 119] Pathfinding SUCCESS: Got 21 nodes to 51.278772500656096,89.06165558518768
[Actor 119] Resetting Unreachable (Target changed or initializing)
[Actor 120] Pathfinding SUCCESS: Got 21 nodes to 74.75463115397346,150.8748340995736
[Actor 120] Resetting Unreachable (Target changed or initializing)
[Actor 121] Pathfinding SUCCESS: Got 21 nodes to 145.14439067169107,18.641607801665568
[Actor 121] Resetting Unreachable (Target changed or initializing)
[Actor 122] Pathfinding SUCCESS: Got 21 nodes to 34.37420827429666,103.46721087084964
[Actor 122] Resetting Unreachable (Target changed or initializing)
[Actor 123] Pathfinding SUCCESS: Got 21 nodes to 9.217981346201183,40.33959822482294
[Actor 123] Resetting Unreachable (Target changed or initializing)
[Actor 124] Pathfinding SUCCESS: Got 21 nodes to 6.7749110514086786,126.10572359322705
[Actor 124] Resetting Unreachable (Target changed or initializing)
[Actor 125] Pathfinding SUCCESS: Got 21 nodes to 128.05402976958882,25.277236277489852
[Actor 125] Resetting Unreachable (Target changed or initializing)
[Actor 126] Pathfinding SUCCESS: Got 21 nodes to 62.53661226469311,11.33130593254041
[Actor 126] Resetting Unreachable (Target changed or initializing)
[Actor 127] Pathfinding SUCCESS: Got 21 nodes to 71.71812709875906,38.370726081314594
[Actor 127] Resetting Unreachable (Target changed or initializing)
[Actor 128] Pathfinding SUCCESS: Got 21 nodes to 99.15544115167475,96.94285306102043
[Actor 128] Resetting Unreachable (Target changed or initializing)
[Actor 129] Pathfinding SUCCESS: Got 21 nodes to 117.08964905889987,91.57397667877926
[Actor 129] Resetting Unreachable (Target changed or initializing)
[Actor 130] Pathfinding SUCCESS: Got 21 nodes to 151.42167985962863,146.13159070073436
[Actor 130] Resetting Unreachable (Target changed or initializing)
[Actor 131] Pathfinding SUCCESS: Got 21 nodes to 7.963859696085214,30.326470209951925
[Actor 131] Resetting Unreachable (Target changed or initializing)
[Actor 132] Pathfinding SUCCESS: Got 21 nodes to 17.846784004275325,12.64716033679358
[Actor 132] Resetting Unreachable (Target changed or initializing)
[Actor 133] Pathfinding SUCCESS: Got 21 nodes to 133.68718080613405,111.16344908560036
[Actor 133] Resetting Unreachable (Target changed or initializing)
[Actor 134] Pathfinding SUCCESS: Got 21 nodes to 80.45429344432002,59.992069131779886
[Actor 134] Resetting Unreachable (Target changed or initializing)
[Actor 135] Pathfinding SUCCESS: Got 21 nodes to 113.92394294330715,56.847149170812635
[Actor 135] Resetting Unreachable (Target changed or initializing)
[Actor 136] Pathfinding SUCCESS: Got 21 nodes to 147.67948396232052,133.31509902612603
[Actor 136] Resetting Unreachable (Target changed or initializing)
[Actor 137] Pathfinding SUCCESS: Got 21 nodes to 124.132600131856,61.467785449950505
[Actor 137] Resetting Unreachable (Target changed or initializing)
[Actor 138] Pathfinding SUCCESS: Got 21 nodes to 129.1376305572469,147.1560988613273
[Actor 138] Resetting Unreachable (Target changed or initializing)
[Actor 139] Pathfinding SUCCESS: Got 21 nodes to 10.609646310731675,24.846716906229965
[Actor 139] Resetting Unreachable (Target changed or initializing)
[Actor 140] Pathfinding SUCCESS: Got 21 nodes to 30.299489733979406,100.4293428117462
[Actor 140] Resetting Unreachable (Target changed or initializing)
[Actor 141] Pathfinding SUCCESS: Got 21 nodes to 129.0868810246182,6.788683754030684
[Actor 141] Resetting Unreachable (Target changed or initializing)
[Actor 142] Pathfinding SUCCESS: Got 21 nodes to 140.0942172763734,25.059271697737525
[Actor 142] Resetting Unreachable (Target changed or initializing)
[Actor 143] Pathfinding SUCCESS: Got 21 nodes to 139.991415786861,126.15783169367566
[Actor 143] Resetting Unreachable (Target changed or initializing)
[Actor 144] Pathfinding SUCCESS: Got 21 nodes to 105.4951032217525,15.694082943937499
[Actor 144] Resetting Unreachable (Target changed or initializing)
[Actor 145] Pathfinding SUCCESS: Got 21 nodes to 101.8632062366437,20.202003254520626
[Actor 145] Resetting Unreachable (Target changed or initializing)
[Actor 146] Pathfinding SUCCESS: Got 21 nodes to 20.399842172523712,120.79078031763518
[Actor 146] Resetting Unreachable (Target changed or initializing)
[Actor 147] Pathfinding SUCCESS: Got 21 nodes to 128.93946137602555,124.05898208468145
[Actor 147] Resetting Unreachable (Target changed or initializing)
[Actor 148] Pathfinding SUCCESS: Got 21 nodes to 14.82845484602618,133.58772877454106
[Actor 148] Resetting Unreachable (Target changed or initializing)
[Actor 149] Pathfinding SUCCESS: Got 21 nodes to 60.629204208455874,104.99291630040648
[Actor 149] Resetting Unreachable (Target changed or initializing)
[Actor 150] Pathfinding SUCCESS: Got 21 nodes to 69.78823312352687,46.32698495456609
[Actor 150] Resetting Unreachable (Target changed or initializing)
[Actor 151] Pathfinding SUCCESS: Got 21 nodes to 35.82332214124584,149.70373724312523
[Actor 151] Resetting Unreachable (Target changed or initializing)
[Actor 152] Pathfinding SUCCESS: Got 21 nodes to 58.4725296203899,40.6767875148966
[Actor 152] Resetting Unreachable (Target changed or initializing)
[Actor 153] Pathfinding SUCCESS: Got 21 nodes to 132.0847930996567,45.099822758422995
[Actor 153] Resetting Unreachable (Target changed or initializing)
[Actor 154] Pathfinding SUCCESS: Got 21 nodes to 23.993414720656144,88.65979642314288
[Actor 154] Resetting Unreachable (Target changed or initializing)
[Actor 155] Pathfinding SUCCESS: Got 21 nodes to 44.61892592641689,76.14666170991822
[Actor 155] Resetting Unreachable (Target changed or initializing)
[Actor 156] Pathfinding SUCCESS: Got 21 nodes to 95.80553576571961,90.65156062037408
[Actor 156] Resetting Unreachable (Target changed or initializing)
[Actor 157] Pathfinding SUCCESS: Got 21 nodes to 56.412392366823646,27.700981272693266
[Actor 157] Resetting Unreachable (Target changed or initializing)
[Actor 158] Pathfinding SUCCESS: Got 21 nodes to 153.76065046197792,30.238781071164585
[Actor 158] Resetting Unreachable (Target changed or initializing)
[Actor 159] Pathfinding SUCCESS: Got 21 nodes to 96.87585633987868,76.72326690410932
[Actor 159] Resetting Unreachable (Target changed or initializing)
[Actor 160] Pathfinding SUCCESS: Got 21 nodes to 44.33321201637451,93.23753631708429
[Actor 160] Resetting Unreachable (Target changed or initializing)
[Actor 161] Pathfinding SUCCESS: Got 21 nodes to 153.84486503588624,148.90367174288653
[Actor 162] Pathfinding SUCCESS: Got 21 nodes to 58.6906954072928,153.96560274226138
[Actor 162] Resetting Unreachable (Target changed or initializing)
[Actor 163] Pathfinding SUCCESS: Got 21 nodes to 149.67217313076793,145.69076726097865
[Actor 163] Resetting Unreachable (Target changed or initializing)
[Actor 164] Pathfinding SUCCESS: Got 21 nodes to 68.93106737653164,106.28808369766259
[Actor 164] Resetting Unreachable (Target changed or initializing)
[Actor 165] Pathfinding SUCCESS: Got 21 nodes to 145.71719995227465,120.89277264991449
[Actor 165] Resetting Unreachable (Target changed or initializing)
[Actor 166] Pathfinding SUCCESS: Got 21 nodes to 43.486149089892194,125.31903778469733
[Actor 166] Resetting Unreachable (Target changed or initializing)
[Actor 167] Pathfinding SUCCESS: Got 21 nodes to 122.93771872946769,5.806987669614212
[Actor 167] Resetting Unreachable (Target changed or initializing)
[Actor 168] Pathfinding SUCCESS: Got 21 nodes to 118.48428196758587,125.70756061995486
[Actor 168] Resetting Unreachable (Target changed or initializing)
[Actor 169] Pathfinding SUCCESS: Got 21 nodes to 124.69443139916052,98.97953689120703
[Actor 169] Resetting Unreachable (Target changed or initializing)
[Actor 170] Pathfinding SUCCESS: Got 21 nodes to 17.970223604300948,102.78440114873422
[Actor 170] Resetting Unreachable (Target changed or initializing)
[Actor 171] Pathfinding SUCCESS: Got 21 nodes to 115.8973452948666,149.00937434323578
[Actor 171] Resetting Unreachable (Target changed or initializing)
[Actor 172] Pathfinding SUCCESS: Got 21 nodes to 102.04768525995573,84.19327332447675
[Actor 172] Resetting Unreachable (Target changed or initializing)
[Actor 173] Pathfinding SUCCESS: Got 21 nodes to 74.78913547306617,25.027425660319366
[Actor 173] Resetting Unreachable (Target changed or initializing)
[Actor 174] Pathfinding SUCCESS: Got 21 nodes to 67.62427418266995,93.13164597291002
[Actor 174] Resetting Unreachable (Target changed or initializing)
[Actor 175] Pathfinding SUCCESS: Got 21 nodes to 76.33804298623473,117.33778559109294
[Actor 175] Resetting Unreachable (Target changed or initializing)
[Actor 176] Pathfinding SUCCESS: Got 21 nodes to 16.790343914094336,84.00071461638433
[Actor 176] Resetting Unreachable (Target changed or initializing)
[Actor 177] Pathfinding SUCCESS: Got 21 nodes to 40.46174789922518,18.97538757511809
[Actor 177] Resetting Unreachable (Target changed or initializing)
[Actor 178] Pathfinding SUCCESS: Got 21 nodes to 106.028893218976,147.93828515415575
[Actor 178] Resetting Unreachable (Target changed or initializing)
[Actor 179] Pathfinding SUCCESS: Got 21 nodes to 50.31992805010939,29.87318959426067
[Actor 179] Resetting Unreachable (Target changed or initializing)
[Actor 180] Pathfinding SUCCESS: Got 21 nodes to 88.41864786065392,57.6479362019961
[Actor 180] Resetting Unreachable (Target changed or initializing)
[Actor 181] Pathfinding SUCCESS: Got 21 nodes to 8.15699262333845,67.78348953633966
[Actor 181] Resetting Unreachable (Target changed or initializing)
[Actor 182] Pathfinding SUCCESS: Got 21 nodes to 34.88732512568036,154.65157485001103
[Actor 182] Resetting Unreachable (Target changed or initializing)
[Actor 183] Pathfinding SUCCESS: Got 21 nodes to 97.2057327742799,72.70929221787256
[Actor 183] Resetting Unreachable (Target changed or initializing)
[Actor 184] Pathfinding SUCCESS: Got 21 nodes to 9.237155563341721,62.23147539650686
[Actor 184] Resetting Unreachable (Target changed or initializing)
[Actor 185] Pathfinding SUCCESS: Got 21 nodes to 107.40344612340225,134.77374918347238
[Actor 185] Resetting Unreachable (Target changed or initializing)
[Actor 186] Pathfinding SUCCESS: Got 21 nodes to 6.153214807806135,98.19151515573054
[Actor 186] Resetting Unreachable (Target changed or initializing)
[Actor 187] Pathfinding SUCCESS: Got 21 nodes to 151.61439765022516,36.20813335554858
[Actor 187] Resetting Unreachable (Target changed or initializing)
[Actor 188] Pathfinding SUCCESS: Got 21 nodes to 66.98888393290989,27.753795587745795
[Actor 188] Resetting Unreachable (Target changed or initializing)
[Actor 189] Pathfinding SUCCESS: Got 21 nodes to 131.8786178607553,25.25382272936739
[Actor 189] Resetting Unreachable (Target changed or initializing)
[Actor 190] Pathfinding SUCCESS: Got 21 nodes to 10.753873925960317,105.79579702178762
[Actor 190] Resetting Unreachable (Target changed or initializing)
[Actor 191] Pathfinding SUCCESS: Got 21 nodes to 79.59146119211326,123.078442300323
[Actor 191] Resetting Unreachable (Target changed or initializing)
[Actor 192] Pathfinding SUCCESS: Got 21 nodes to 76.58017993531652,91.4127658892984
[Actor 192] Resetting Unreachable (Target changed or initializing)
[Actor 193] Pathfinding SUCCESS: Got 21 nodes to 58.36197071641371,86.17205371689326
[Actor 193] Resetting Unreachable (Target changed or initializing)
[Actor 194] Pathfinding SUCCESS: Got 21 nodes to 93.52291600010975,10.94518946427568
[Actor 194] Resetting Unreachable (Target changed or initializing)
[Actor 195] Pathfinding SUCCESS: Got 21 nodes to 126.74220068533252,43.035986179637064
[Actor 195] Resetting Unreachable (Target changed or initializing)
[Actor 196] Pathfinding SUCCESS: Got 21 nodes to 101.73374590130784,63.5716221978819
[Actor 196] Resetting Unreachable (Target changed or initializing)
[Actor 197] Pathfinding SUCCESS: Got 21 nodes to 152.08050921777445,26.717806012781736
[Actor 197] Resetting Unreachable (Target changed or initializing)
[Actor 198] Pathfinding SUCCESS: Got 21 nodes to 123.70668673737103,17.973540576970045
[Actor 198] Resetting Unreachable (Target changed or initializing)
[Actor 199] Pathfinding SUCCESS: Got 21 nodes to 151.7569795508877,144.99607582184444
[Actor 199] Resetting Unreachable (Target changed or initializing)
[Actor 0] Pathfinding SUCCESS: Got 21 nodes to 71.15330232490797,71.78094136554093
[Actor 1] Pathfinding SUCCESS: Got 21 nodes to 100.89470569375915,65.5544037908561
[Actor 2] Pathfinding SUCCESS: Got 21 nodes to 69.12084691377987,78.78875854279323
[Actor 3] Pathfinding SUCCESS: Got 21 nodes to 36.429090709802296,108.27244941502386
[Actor 4] Pathfinding SUCCESS: Got 21 nodes to 14.729169318871145,119.63756660216593
[Actor 5] Pathfinding SUCCESS: Got 21 nodes to 31.78089131682283,142.678915605453
[Actor 6] Pathfinding SUCCESS: Got 21 nodes to 58.77463599719474,9.445041063684997
[Actor 7] Pathfinding SUCCESS: Got 21 nodes to 9.058725019340537,109.16470808479801
[Actor 8] Pathfinding SUCCESS: Got 21 nodes to 48.428200288307536,33.09851459503617
[Actor 9] Pathfinding SUCCESS: Got 21 nodes to 132.23809011296845,122.62035925152496
[Actor 10] Pathfinding SUCCESS: Got 21 nodes to 55.59066916365478,8.207843441766256
[Actor 11] Pathfinding SUCCESS: Got 21 nodes to 14.03247047223832,66.57279706266037
[Actor 12] Pathfinding SUCCESS: Got 21 nodes to 123.88070120082617,30.883935009237234
[Actor 13] Pathfinding SUCCESS: Got 21 nodes to 43.5971782074773,73.38041720341138
[Actor 14] Pathfinding SUCCESS: Got 21 nodes to 90.99899986249675,7.769968854063931
[Actor 15] Pathfinding SUCCESS: Got 21 nodes to 30.998378880056183,41.602623847393055
[Actor 16] Pathfinding SUCCESS: Got 21 nodes to 89.21062735608317,24.837019970907054
[Actor 17] Pathfinding SUCCESS: Got 21 nodes to 69.60448653398241,115.16228457898171
[Actor 18] Pathfinding SUCCESS: Got 21 nodes to 117.19315412687162,40.648600734288834
[Actor 19] Pathfinding SUCCESS: Got 21 nodes to 26.4943048781697,151.39929320913163
[Actor 20] Pathfinding SUCCESS: Got 21 nodes to 23.833166173657578,103.6691792687873
[Actor 21] Pathfinding SUCCESS: Got 21 nodes to 7.180538417886169,152.63227665035294
[Actor 22] Pathfinding SUCCESS: Got 21 nodes to 139.7217282488418,101.9484221718263
[Actor 23] Pathfinding SUCCESS: Got 21 nodes to 139.07060459407103,116.05031940192144
[Actor 24] Pathfinding SUCCESS: Got 21 nodes to 81.6164038969217,45.652998872925274
[Actor 25] Pathfinding SUCCESS: Got 21 nodes to 107.61833801670936,5.730936286378247
[Actor 26] Pathfinding SUCCESS: Got 21 nodes to 50.7940854290617,138.18485033240123
[Actor 27] Pathfinding SUCCESS: Got 21 nodes to 17.04797731917897,58.81415496227777
[Actor 28] Pathfinding SUCCESS: Got 21 nodes to 67.71759525304202,51.07721258573988
[Actor 29] Pathfinding SUCCESS: Got 21 nodes to 61.77689797946673,144.55837043995214
[Actor 30] Pathfinding SUCCESS: Got 21 nodes to 83.62005295923807,137.16315872667005
[Actor 31] Pathfinding SUCCESS: Got 21 nodes to 70.76333210953118,73.7628607899301
[Actor 32] Pathfinding SUCCESS: Got 21 nodes to 150.81637962691548,13.854285064518075
[Actor 33] Pathfinding SUCCESS: Got 21 nodes to 84.12304593153718,100.87726302239432
[Actor 34] Pathfinding SUCCESS: Got 21 nodes to 92.5809674487808,141.20201712465177
[Actor 35] Pathfinding SUCCESS: Got 21 nodes to 50.79419851128819,119.21844470753956
[Actor 36] Pathfinding SUCCESS: Got 21 nodes to 50.33108036817822,42.97837752289698
[Actor 37] Pathfinding SUCCESS: Got 21 nodes to 41.88127162109039,142.88871020940738
[Actor 38] Pathfinding SUCCESS: Got 21 nodes to 121.27063293421801,54.46130169491381
[Actor 39] Pathfinding SUCCESS: Got 21 nodes to 152.84047182219712,152.38560307452602
[Actor 40] Pathfinding SUCCESS: Got 21 nodes to 41.29517365411116,24.081376230585956
[Actor 41] Pathfinding SUCCESS: Got 21 nodes to 38.20231701664292,118.4030255736627
[Actor 42] Pathfinding SUCCESS: Got 21 nodes to 61.75685885303324,118.86367774222947
[Actor 43] Pathfinding SUCCESS: Got 21 nodes to 25.4209000103889,112.3944212696714
[Actor 44] Pathfinding SUCCESS: Got 21 nodes to 65.8428707070935,44.490942562295096
[Actor 45] Pathfinding SUCCESS: Got 21 nodes to 133.54184507113698,53.49628434195324
[Actor 46] Pathfinding SUCCESS: Got 21 nodes to 135.83762537689836,90.70941908641878
[Actor 47] Pathfinding SUCCESS: Got 21 nodes to 151.12464972982835,67.97093632389124
[Actor 48] Pathfinding SUCCESS: Got 21 nodes to 45.020075510976994,120.97882361527844
[Actor 49] Pathfinding SUCCESS: Got 21 nodes to 46.522826778026875,9.054316497456522
[Actor 50] Pathfinding SUCCESS: Got 21 nodes to 31.03559160828666,19.521804985176058
[Actor 51] Pathfinding SUCCESS: Got 21 nodes to 96.83099848111746,105.67655776890601
[Actor 52] Pathfinding SUCCESS: Got 21 nodes to 87.62723198413285,14.503606818363897
[Actor 53] Pathfinding SUCCESS: Got 21 nodes to 126.45286182518737,43.017015877496405
[Actor 54] Pathfinding SUCCESS: Got 21 nodes to 26.042245741216803,117.43047469139033
[Actor 55] Pathfinding SUCCESS: Got 21 nodes to 150.20169653311837,37.79595075916758
[Actor 56] Pathfinding SUCCESS: Got 21 nodes to 86.59798910788395,103.0863292605322
[Actor 57] Pathfinding SUCCESS: Got 21 nodes to 54.61756713729927,61.24639998751818
[Actor 58] Pathfinding SUCCESS: Got 21 nodes to 6.310706796991923,55.089806929047555
[Actor 59] Pathfinding SUCCESS: Got 21 nodes to 105.97331370306249,51.477151742828426
[Actor 60] Pathfinding SUCCESS: Got 21 nodes to 108.49836933671702,128.6812920932681
[Actor 61] Pathfinding SUCCESS: Got 21 nodes to 127.06575338934489,21.880717096102305
[Actor 62] Pathfinding SUCCESS: Got 21 nodes to 125.35819305743416,32.59102573787167
[Actor 63] Pathfinding SUCCESS: Got 21 nodes to 145.72227606076692,76.80888022019813
[Actor 64] Pathfinding SUCCESS: Got 21 nodes to 59.69910819012419,87.72826077205652
[Actor 65] Pathfinding SUCCESS: Got 21 nodes to 110.94985592562635,95.65252491239164
[Actor 66] Pathfinding SUCCESS: Got 21 nodes to 6.081523653212546,21.188338455329532
[Actor 67] Pathfinding SUCCESS: Got 21 nodes to 103.72964075981692,5.414270774074144
[Actor 68] Pathfinding SUCCESS: Got 21 nodes to 61.406529845686684,77.48144340202525
[Actor 69] Pathfinding SUCCESS: Got 21 nodes to 117.5115667433689,115.53966333168898
[Actor 70] Pathfinding SUCCESS: Got 21 nodes to 137.16725493761206,39.757609367465406
[Actor 71] Pathfinding SUCCESS: Got 21 nodes to 15.028865271896981,120.47587397588077
[Actor 72] Pathfinding SUCCESS: Got 21 nodes to 148.54413977922982,104.66866271316914
[Actor 73] Pathfinding SUCCESS: Got 21 nodes to 108.00344125070615,23.336065481014565
[Actor 74] Pathfinding SUCCESS: Got 21 nodes to 137.8921077517228,28.570409445228524
[Actor 75] Pathfinding SUCCESS: Got 21 nodes to 56.70339775209955,138.97887195603212
[Actor 76] Pathfinding SUCCESS: Got 21 nodes to 23.97352838102,97.74403489015354
[Actor 77] Pathfinding SUCCESS: Got 21 nodes to 20.767430846273033,127.10379834955596
[Actor 78] Pathfinding SUCCESS: Got 21 nodes to 102.74612349135937,87.18098843588947
[Actor 79] Pathfinding SUCCESS: Got 21 nodes to 29.02626300945654,81.88727647562217
[Actor 80] Pathfinding SUCCESS: Got 21 nodes to 44.670513492559635,29.75964874968507
[Actor 81] Pathfinding SUCCESS: Got 21 nodes to 143.36989741487,6.347178967815765
[Actor 82] Pathfinding SUCCESS: Got 21 nodes to 82.61243829124133,115.65954381256131
[Actor 83] Pathfinding SUCCESS: Got 21 nodes to 47.355521459091236,92.93876859344681
[Actor 84] Pathfinding SUCCESS: Got 21 nodes to 78.5790665128097,132.88599481111925
[Actor 85] Pathfinding SUCCESS: Got 21 nodes to 53.530315585173575,38.70749399208537
[Actor 86] Pathfinding SUCCESS: Got 21 nodes to 128.0441700667587,78.46621601107357
[Actor 87] Pathfinding SUCCESS: Got 21 nodes to 154.00563937778557,75.15798608053791
[Actor 88] Pathfinding SUCCESS: Got 21 nodes to 9.105935544167515,72.96522759355524
[Actor 89] Pathfinding SUCCESS: Got 21 nodes to 106.64114564179214,131.8231933216997
[Actor 90] Pathfinding SUCCESS: Got 21 nodes to 140.45921869774008,68.61331333024945
[Actor 91] Pathfinding SUCCESS: Got 21 nodes to 5.592044745903997,103.53668401870792
[Actor 92] Pathfinding SUCCESS: Got 21 nodes to 29.796262625764378,88.00964942803932
[Actor 93] Pathfinding SUCCESS: Got 21 nodes to 143.1280833119295,129.43907911386646
[Actor 94] Pathfinding SUCCESS: Got 21 nodes to 103.08342331453417,65.3360429861082
[Actor 95] Pathfinding SUCCESS: Got 21 nodes to 63.55379643252107,65.32995087186836
[Actor 96] Pathfinding SUCCESS: Got 21 nodes to 65.99059747481354,7.3152300904784155
[Actor 97] Pathfinding SUCCESS: Got 21 nodes to 54.13453256587408,66.77665991295821
[Actor 98] Pathfinding SUCCESS: Got 21 nodes to 59.0601981080146,21.86086947466351
[Actor 99] Pathfinding SUCCESS: Got 21 nodes to 101.30478430897938,8.659512007672383
[Actor 100] Pathfinding SUCCESS: Got 21 nodes to 151.68442030975214,45.93855128510457
[Actor 101] Pathfinding SUCCESS: Got 21 nodes to 95.89679378012116,55.158212384796144
[Actor 102] Pathfinding SUCCESS: Got 21 nodes to 141.77420894425475,116.87633290617117
[Actor 103] Pathfinding SUCCESS: Got 21 nodes to 117.7573596276234,10.15414110818716
[Actor 104] Pathfinding SUCCESS: Got 21 nodes to 80.88014518137139,138.58878642656524
[Actor 105] Pathfinding SUCCESS: Got 21 nodes to 36.42662662137913,91.88050970201698
[Actor 106] Pathfinding SUCCESS: Got 21 nodes to 95.78006560723807,134.74204112121882
[Actor 107] Pathfinding SUCCESS: Got 21 nodes to 74.26295508476086,30.702920592571953
[Actor 108] Pathfinding SUCCESS: Got 21 nodes to 136.27030864423497,32.57627177777135
[Actor 109] Pathfinding SUCCESS: Got 21 nodes to 110.62901166531206,78.67741886342228
[Actor 110] Pathfinding SUCCESS: Got 21 nodes to 8.999492095443014,150.33630931303514
[Actor 111] Pathfinding SUCCESS: Got 21 nodes to 78.30851879237854,120.74091766264452
[Actor 112] Pathfinding SUCCESS: Got 21 nodes to 125.4164229171181,35.32690108137092
[Actor 113] Pathfinding SUCCESS: Got 21 nodes to 151.94281848147637,125.88099933045284
[Actor 114] Pathfinding SUCCESS: Got 21 nodes to 19.050750052343187,89.03549205013687
[Actor 115] Pathfinding SUCCESS: Got 21 nodes to 20.866759665397048,35.87525894903338
[Actor 116] Pathfinding SUCCESS: Got 21 nodes to 14.893010506380628,47.71493717396998
[Actor 117] Pathfinding SUCCESS: Got 21 nodes to 138.05605168455702,68.47288095582243
[Actor 118] Pathfinding SUCCESS: Got 21 nodes to 84.2671447659927,44.299380595659315
[Actor 119] Pathfinding SUCCESS: Got 21 nodes to 51.278772500656096,89.06165558518768
[Actor 120] Pathfinding SUCCESS: Got 21 nodes to 74.75463115397346,150.8748340995736
[Actor 121] Pathfinding SUCCESS: Got 21 nodes to 145.14439067169107,18.641607801665568
[Actor 122] Pathfinding SUCCESS: Got 21 nodes to 34.37420827429666,103.46721087084964
[Actor 123] Pathfinding SUCCESS: Got 21 nodes to 9.217981346201183,40.33959822482294
[Actor 124] Pathfinding SUCCESS: Got 21 nodes to 6.7749110514086786,126.10572359322705
[Actor 125] Pathfinding SUCCESS: Got 21 nodes to 128.05402976958882,25.277236277489852
[Actor 126] Pathfinding SUCCESS: Got 21 nodes to 62.53661226469311,11.33130593254041
[Actor 127] Pathfinding SUCCESS: Got 21 nodes to 71.71812709875906,38.370726081314594
[Actor 128] Pathfinding SUCCESS: Got 21 nodes to 99.15544115167475,96.94285306102043
[Actor 129] Pathfinding SUCCESS: Got 21 nodes to 117.08964905889987,91.57397667877926
[Actor 130] Pathfinding SUCCESS: Got 21 nodes to 151.42167985962863,146.13159070073436
[Actor 131] Pathfinding SUCCESS: Got 21 nodes to 7.963859696085214,30.326470209951925
[Actor 132] Pathfinding SUCCESS: Got 21 nodes to 17.846784004275325,12.64716033679358
[Actor 133] Pathfinding SUCCESS: Got 21 nodes to 133.68718080613405,111.16344908560036
[Actor 134] Pathfinding SUCCESS: Got 21 nodes to 80.45429344432002,59.992069131779886
[Actor 135] Pathfinding SUCCESS: Got 21 nodes to 113.92394294330715,56.847149170812635
[Actor 136] Pathfinding SUCCESS: Got 21 nodes to 147.67948396232052,133.31509902612603
[Actor 137] Pathfinding SUCCESS: Got 21 nodes to 124.132600131856,61.467785449950505
[Actor 138] Pathfinding SUCCESS: Got 21 nodes to 129.1376305572469,147.1560988613273
[Actor 139] Pathfinding SUCCESS: Got 21 nodes to 10.609646310731675,24.846716906229965
[Actor 140] Pathfinding SUCCESS: Got 21 nodes to 30.299489733979406,100.4293428117462
[Actor 141] Pathfinding SUCCESS: Got 21 nodes to 129.0868810246182,6.788683754030684
[Actor 142] Pathfinding SUCCESS: Got 21 nodes to 140.0942172763734,25.059271697737525
[Actor 143] Pathfinding SUCCESS: Got 21 nodes to 139.991415786861,126.15783169367566
[Actor 144] Pathfinding SUCCESS: Got 21 nodes to 105.4951032217525,15.694082943937499
[Actor 145] Pathfinding SUCCESS: Got 21 nodes to 101.8632062366437,20.202003254520626
[Actor 146] Pathfinding SUCCESS: Got 21 nodes to 20.399842172523712,120.79078031763518
[Actor 147] Pathfinding SUCCESS: Got 21 nodes to 128.93946137602555,124.05898208468145
[Actor 148] Pathfinding SUCCESS: Got 21 nodes to 14.82845484602618,133.58772877454106
[Actor 149] Pathfinding SUCCESS: Got 21 nodes to 60.629204208455874,104.99291630040648
[Actor 150] Pathfinding SUCCESS: Got 21 nodes to 69.78823312352687,46.32698495456609
[Actor 151] Pathfinding SUCCESS: Got 21 nodes to 35.82332214124584,149.70373724312523
[Actor 152] Pathfinding SUCCESS: Got 21 nodes to 58.4725296203899,40.6767875148966
[Actor 153] Pathfinding SUCCESS: Got 21 nodes to 132.0847930996567,45.099822758422995
[Actor 154] Pathfinding SUCCESS: Got 21 nodes to 23.993414720656144,88.65979642314288
[Actor 155] Pathfinding SUCCESS: Got 21 nodes to 44.61892592641689,76.14666170991822
[Actor 156] Pathfinding SUCCESS: Got 21 nodes to 95.80553576571961,90.65156062037408
[Actor 157] Pathfinding SUCCESS: Got 21 nodes to 56.412392366823646,27.700981272693266
[Actor 158] Pathfinding SUCCESS: Got 21 nodes to 153.76065046197792,30.238781071164585
[Actor 159] Pathfinding SUCCESS: Got 21 nodes to 96.87585633987868,76.72326690410932
[Actor 160] Pathfinding SUCCESS: Got 21 nodes to 44.33321201637451,93.23753631708429
[Actor 161] Pathfinding SUCCESS: Got 21 nodes to 153.84486503588624,148.90367174288653
[Actor 162] Pathfinding SUCCESS: Got 21 nodes to 58.6906954072928,153.96560274226138
[Actor 163] Pathfinding SUCCESS: Got 21 nodes to 149.67217313076793,145.69076726097865
[Actor 164] Pathfinding SUCCESS: Got 21 nodes to 68.93106737653164,106.28808369766259
[Actor 165] Pathfinding SUCCESS: Got 21 nodes to 145.71719995227465,120.89277264991449
[Actor 166] Pathfinding SUCCESS: Got 21 nodes to 43.486149089892194,125.31903778469733
[Actor 167] Pathfinding SUCCESS: Got 21 nodes to 122.93771872946769,5.806987669614212
[Actor 168] Pathfinding SUCCESS: Got 21 nodes to 118.48428196758587,125.70756061995486
[Actor 169] Pathfinding SUCCESS: Got 21 nodes to 124.69443139916052,98.97953689120703
[Actor 170] Pathfinding SUCCESS: Got 21 nodes to 17.970223604300948,102.78440114873422
[Actor 171] Pathfinding SUCCESS: Got 21 nodes to 115.8973452948666,149.00937434323578
[Actor 172] Pathfinding SUCCESS: Got 21 nodes to 102.04768525995573,84.19327332447675
[Actor 173] Pathfinding SUCCESS: Got 21 nodes to 74.78913547306617,25.027425660319366
[Actor 174] Pathfinding SUCCESS: Got 21 nodes to 67.62427418266995,93.13164597291002
[Actor 175] Pathfinding SUCCESS: Got 21 nodes to 76.33804298623473,117.33778559109294
[Actor 176] Pathfinding SUCCESS: Got 21 nodes to 16.790343914094336,84.00071461638433
[Actor 177] Pathfinding SUCCESS: Got 21 nodes to 40.46174789922518,18.97538757511809
[Actor 178] Pathfinding SUCCESS: Got 21 nodes to 106.028893218976,147.93828515415575
[Actor 179] Pathfinding SUCCESS: Got 21 nodes to 50.31992805010939,29.87318959426067
[Actor 180] Pathfinding SUCCESS: Got 21 nodes to 88.41864786065392,57.6479362019961
[Actor 181] Pathfinding SUCCESS: Got 21 nodes to 8.15699262333845,67.78348953633966
[Actor 182] Pathfinding SUCCESS: Got 21 nodes to 34.88732512568036,154.65157485001103
[Actor 183] Pathfinding SUCCESS: Got 21 nodes to 97.2057327742799,72.70929221787256
[Actor 184] Pathfinding SUCCESS: Got 21 nodes to 9.237155563341721,62.23147539650686
[Actor 185] Pathfinding SUCCESS: Got 21 nodes to 107.40344612340225,134.77374918347238
[Actor 186] Pathfinding SUCCESS: Got 21 nodes to 6.153214807806135,98.19151515573054
[Actor 187] Pathfinding SUCCESS: Got 21 nodes to 151.61439765022516,36.20813335554858
[Actor 188] Pathfinding SUCCESS: Got 21 nodes to 66.98888393290989,27.753795587745795
[Actor 189] Pathfinding SUCCESS: Got 21 nodes to 131.8786178607553,25.25382272936739
[Actor 190] Pathfinding SUCCESS: Got 21 nodes to 10.753873925960317,105.79579702178762
[Actor 191] Pathfinding SUCCESS: Got 21 nodes to 79.59146119211326,123.078442300323
[Actor 192] Pathfinding SUCCESS: Got 21 nodes to 76.58017993531652,91.4127658892984
[Actor 193] Pathfinding SUCCESS: Got 21 nodes to 58.36197071641371,86.17205371689326
[Actor 194] Pathfinding SUCCESS: Got 21 nodes to 93.52291600010975,10.94518946427568
[Actor 195] Pathfinding SUCCESS: Got 21 nodes to 126.74220068533252,43.035986179637064
[Actor 196] Pathfinding SUCCESS: Got 21 nodes to 101.73374590130784,63.5716221978819
[Actor 197] Pathfinding SUCCESS: Got 21 nodes to 152.08050921777445,26.717806012781736
[Actor 198] Pathfinding SUCCESS: Got 21 nodes to 123.70668673737103,17.973540576970045
[Actor 199] Pathfinding SUCCESS: Got 21 nodes to 151.7569795508877,144.99607582184444
[Actor 0] Pathfinding SUCCESS: Got 21 nodes to 71.15330232490797,71.78094136554093
[Actor 1] Pathfinding SUCCESS: Got 21 nodes to 100.89470569375915,65.5544037908561
[Actor 2] Pathfinding SUCCESS: Got 21 nodes to 69.12084691377987,78.78875854279323
[Actor 3] Pathfinding SUCCESS: Got 21 nodes to 36.429090709802296,108.27244941502386
[Actor 4] Pathfinding SUCCESS: Got 21 nodes to 14.729169318871145,119.63756660216593
[Actor 5] Pathfinding SUCCESS: Got 21 nodes to 31.78089131682283,142.678915605453
[Actor 6] Pathfinding SUCCESS: Got 21 nodes to 58.77463599719474,9.445041063684997
[Actor 7] Pathfinding SUCCESS: Got 21 nodes to 9.058725019340537,109.16470808479801
[Actor 8] Pathfinding SUCCESS: Got 21 nodes to 48.428200288307536,33.09851459503617
[Actor 9] Pathfinding SUCCESS: Got 21 nodes to 132.23809011296845,122.62035925152496
[Actor 10] Pathfinding SUCCESS: Got 21 nodes to 55.59066916365478,8.207843441766256
[Actor 11] Pathfinding SUCCESS: Got 21 nodes to 14.03247047223832,66.57279706266037
[Actor 12] Pathfinding SUCCESS: Got 21 nodes to 123.88070120082617,30.883935009237234
[Actor 13] Pathfinding SUCCESS: Got 21 nodes to 43.5971782074773,73.38041720341138
[Actor 14] Pathfinding SUCCESS: Got 21 nodes to 90.99899986249675,7.769968854063931
[Actor 15] Pathfinding SUCCESS: Got 21 nodes to 30.998378880056183,41.602623847393055
[Actor 16] Pathfinding SUCCESS: Got 21 nodes to 89.21062735608317,24.837019970907054
[Actor 17] Pathfinding SUCCESS: Got 21 nodes to 69.60448653398241,115.16228457898171
[Actor 18] Pathfinding SUCCESS: Got 21 nodes to 117.19315412687162,40.648600734288834
[Actor 19] Pathfinding SUCCESS: Got 21 nodes to 26.4943048781697,151.39929320913163
[Actor 20] Pathfinding SUCCESS: Got 21 nodes to 23.833166173657578,103.6691792687873
[Actor 21] Pathfinding SUCCESS: Got 21 nodes to 7.180538417886169,152.63227665035294
[Actor 22] Pathfinding SUCCESS: Got 21 nodes to 139.7217282488418,101.9484221718263
[Actor 23] Pathfinding SUCCESS: Got 21 nodes to 139.07060459407103,116.05031940192144
[Actor 24] Pathfinding SUCCESS: Got 21 nodes to 81.6164038969217,45.652998872925274
[Actor 25] Pathfinding SUCCESS: Got 21 nodes to 107.61833801670936,5.730936286378247
[Actor 26] Pathfinding SUCCESS: Got 21 nodes to 50.7940854290617,138.18485033240123
[Actor 27] Pathfinding SUCCESS: Got 21 nodes to 17.04797731917897,58.81415496227777
[Actor 28] Pathfinding SUCCESS: Got 21 nodes to 67.71759525304202,51.07721258573988
[Actor 29] Pathfinding SUCCESS: Got 21 nodes to 61.77689797946673,144.55837043995214
[Actor 30] Pathfinding SUCCESS: Got 21 nodes to 83.62005295923807,137.16315872667005
[Actor 31] Pathfinding SUCCESS: Got 21 nodes to 70.76333210953118,73.7628607899301
[Actor 32] Pathfinding SUCCESS: Got 21 nodes to 150.81637962691548,13.854285064518075
[Actor 33] Pathfinding SUCCESS: Got 21 nodes to 84.12304593153718,100.87726302239432
[Actor 34] Pathfinding SUCCESS: Got 21 nodes to 92.5809674487808,141.20201712465177
[Actor 35] Pathfinding SUCCESS: Got 21 nodes to 50.79419851128819,119.21844470753956
[Actor 36] Pathfinding SUCCESS: Got 21 nodes to 50.33108036817822,42.97837752289698
[Actor 37] Pathfinding SUCCESS: Got 21 nodes to 41.88127162109039,142.88871020940738
[Actor 38] Pathfinding SUCCESS: Got 21 nodes to 121.27063293421801,54.46130169491381
[Actor 39] Pathfinding SUCCESS: Got 21 nodes to 152.84047182219712,152.38560307452602
[Actor 40] Pathfinding SUCCESS: Got 21 nodes to 41.29517365411116,24.081376230585956
[Actor 41] Pathfinding SUCCESS: Got 21 nodes to 38.20231701664292,118.4030255736627
[Actor 42] Pathfinding SUCCESS: Got 21 nodes to 61.75685885303324,118.86367774222947
[Actor 43] Pathfinding SUCCESS: Got 21 nodes to 25.4209000103889,112.3944212696714
[Actor 44] Pathfinding SUCCESS: Got 21 nodes to 65.8428707070935,44.490942562295096
[Actor 45] Pathfinding SUCCESS: Got 21 nodes to 133.54184507113698,53.49628434195324
[Actor 46] Pathfinding SUCCESS: Got 21 nodes to 135.83762537689836,90.70941908641878
[Actor 47] Pathfinding SUCCESS: Got 21 nodes to 151.12464972982835,67.97093632389124
[Actor 48] Pathfinding SUCCESS: Got 21 nodes to 45.020075510976994,120.97882361527844
[Actor 49] Pathfinding SUCCESS: Got 21 nodes to 46.522826778026875,9.054316497456522
[Actor 50] Pathfinding SUCCESS: Got 21 nodes to 31.03559160828666,19.521804985176058
[Actor 51] Pathfinding SUCCESS: Got 21 nodes to 96.83099848111746,105.67655776890601
[Actor 52] Pathfinding SUCCESS: Got 21 nodes to 87.62723198413285,14.503606818363897
[Actor 53] Pathfinding SUCCESS: Got 21 nodes to 126.45286182518737,43.017015877496405
[Actor 54] Pathfinding SUCCESS: Got 21 nodes to 26.042245741216803,117.43047469139033
[Actor 55] Pathfinding SUCCESS: Got 21 nodes to 150.20169653311837,37.79595075916758
[Actor 56] Pathfinding SUCCESS: Got 21 nodes to 86.59798910788395,103.0863292605322
[Actor 57] Pathfinding SUCCESS: Got 21 nodes to 54.61756713729927,61.24639998751818
[Actor 58] Pathfinding SUCCESS: Got 21 nodes to 6.310706796991923,55.089806929047555
[Actor 59] Pathfinding SUCCESS: Got 21 nodes to 105.97331370306249,51.477151742828426
[Actor 60] Pathfinding SUCCESS: Got 21 nodes to 108.49836933671702,128.6812920932681
[Actor 61] Pathfinding SUCCESS: Got 21 nodes to 127.06575338934489,21.880717096102305
[Actor 62] Pathfinding SUCCESS: Got 21 nodes to 125.35819305743416,32.59102573787167
[Actor 63] Pathfinding SUCCESS: Got 21 nodes to 145.72227606076692,76.80888022019813
[Actor 64] Pathfinding SUCCESS: Got 21 nodes to 59.69910819012419,87.72826077205652
[Actor 65] Pathfinding SUCCESS: Got 21 nodes to 110.94985592562635,95.65252491239164
[Actor 66] Pathfinding SUCCESS: Got 21 nodes to 6.081523653212546,21.188338455329532
[Actor 67] Pathfinding SUCCESS: Got 21 nodes to 103.72964075981692,5.414270774074144
[Actor 68] Pathfinding SUCCESS: Got 21 nodes to 61.406529845686684,77.48144340202525
[Actor 69] Pathfinding SUCCESS: Got 21 nodes to 117.5115667433689,115.53966333168898
[Actor 70] Pathfinding SUCCESS: Got 21 nodes to 137.16725493761206,39.757609367465406
[Actor 71] Pathfinding SUCCESS: Got 21 nodes to 15.028865271896981,120.47587397588077
[Actor 72] Pathfinding SUCCESS: Got 21 nodes to 148.54413977922982,104.66866271316914
[Actor 73] Pathfinding SUCCESS: Got 21 nodes to 108.00344125070615,23.336065481014565
[Actor 74] Pathfinding SUCCESS: Got 21 nodes to 137.8921077517228,28.570409445228524
[Actor 75] Pathfinding SUCCESS: Got 21 nodes to 56.70339775209955,138.97887195603212
[Actor 76] Pathfinding SUCCESS: Got 21 nodes to 23.97352838102,97.74403489015354
[Actor 77] Pathfinding SUCCESS: Got 21 nodes to 20.767430846273033,127.10379834955596
[Actor 78] Pathfinding SUCCESS: Got 21 nodes to 102.74612349135937,87.18098843588947
[Actor 79] Pathfinding SUCCESS: Got 21 nodes to 29.02626300945654,81.88727647562217
[Actor 80] Pathfinding SUCCESS: Got 21 nodes to 44.670513492559635,29.75964874968507
[Actor 81] Pathfinding SUCCESS: Got 21 nodes to 143.36989741487,6.347178967815765
[Actor 82] Pathfinding SUCCESS: Got 21 nodes to 82.61243829124133,115.65954381256131
[Actor 83] Pathfinding SUCCESS: Got 21 nodes to 47.355521459091236,92.93876859344681
[Actor 84] Pathfinding SUCCESS: Got 21 nodes to 78.5790665128097,132.88599481111925
[Actor 85] Pathfinding SUCCESS: Got 21 nodes to 53.530315585173575,38.70749399208537
[Actor 86] Pathfinding SUCCESS: Got 21 nodes to 128.0441700667587,78.46621601107357
[Actor 87] Pathfinding SUCCESS: Got 21 nodes to 154.00563937778557,75.15798608053791
[Actor 88] Pathfinding SUCCESS: Got 21 nodes to 9.105935544167515,72.96522759355524
[Actor 89] Pathfinding SUCCESS: Got 21 nodes to 106.64114564179214,131.8231933216997
[Actor 90] Pathfinding SUCCESS: Got 21 nodes to 140.45921869774008,68.61331333024945
[Actor 91] Pathfinding SUCCESS: Got 21 nodes to 5.592044745903997,103.53668401870792
[Actor 92] Pathfinding SUCCESS: Got 21 nodes to 29.796262625764378,88.00964942803932
[Actor 93] Pathfinding SUCCESS: Got 21 nodes to 143.1280833119295,129.43907911386646
[Actor 94] Pathfinding SUCCESS: Got 21 nodes to 103.08342331453417,65.3360429861082
[Actor 95] Pathfinding SUCCESS: Got 21 nodes to 63.55379643252107,65.32995087186836
[Actor 96] Pathfinding SUCCESS: Got 21 nodes to 65.99059747481354,7.3152300904784155
[Actor 97] Pathfinding SUCCESS: Got 21 nodes to 54.13453256587408,66.77665991295821
[Actor 98] Pathfinding SUCCESS: Got 21 nodes to 59.0601981080146,21.86086947466351
[Actor 99] Pathfinding SUCCESS: Got 21 nodes to 101.30478430897938,8.659512007672383

[90mstdout[2m | src/tests/StressTest.test.js[2m > [22m[2mLarge Scale Stress Testing (Phase 26)[2m > [22m[2mshould handle 200 units and 50 goblins without crashing (Spawn Storm)
[22m[39m[Game] Dispose called for Game Instance.

[90mstdout[2m | src/tests/StressTest.test.js[2m > [22m[2mLarge Scale Stress Testing (Phase 26)[2m > [22m[2mshould complete a 60-second simulation with 100 colliding entities (Chaos Test)
[22m[39m[Game] Init SphereGeometry
[Game] Minimal/Override Init Start
[Game] Minimal: Init Clock
[Game FORCE CONST 2] Assigning terrainOverride to this.terrain
[Game] Minimal: Init Managers
[Game] Minimal: Init GoblinManager
[GoblinManager] 5蛟九・豢樒ｪ溘ｒ逕滓・荳ｭ...
[GoblinManager] DETERMINISM: generateCaves start. rngState=undefined
[GoblinManager] DETERMINISM: Attempt 1: Rnd(0.916017, 0.130243) -> Grid(73, 10) rngState=undefined
[GoblinManager] DETERMINISM: Attempt 2: Rnd(0.186019, 0.363740) -> Grid(14, 29) rngState=undefined
[GoblinManager] DETERMINISM: Attempt 3: Rnd(0.775024, 0.065267) -> Grid(62, 5) rngState=undefined
[GoblinManager] 豢樒ｪ溽函謌仙ｮ御ｺ・ 0/5 (隧ｦ陦悟屓謨ｰ: 5000)
[Game] Minimal: Init EnemyAI
[Game] Minimal: Done. Returning.
[GoblinManager] 5蛟九・豢樒ｪ溘ｒ逕滓・荳ｭ...
[GoblinManager] DETERMINISM: generateCaves start. rngState=undefined
[GoblinManager] DETERMINISM: Attempt 1: Rnd(0.072632, 0.367264) -> Grid(5, 29) rngState=undefined
[GoblinManager] DETERMINISM: Attempt 2: Rnd(0.991080, 0.768208) -> Grid(79, 61) rngState=undefined
[GoblinManager] DETERMINISM: Attempt 3: Rnd(0.579366, 0.399914) -> Grid(46, 31) rngState=undefined
[GoblinManager] 豢樒ｪ溽函謌仙ｮ御ｺ・ 0/5 (隧ｦ陦悟屓謨ｰ: 5000)

[90mstdout[2m | src/tests/SimpleRegion.test.js[2m > [22m[2mSimple Region Connectivity[2m > [22m[2mshould split two islands
[22m[39m[Terrain] Constructor. updatePopulation type: function

 [32m笨・[39m src/tests/SimpleRegion.test.js [2m([22m[2m2 tests[22m[2m)[22m[33m 521[2mms[22m[39m
     [33m[2m笨・[22m[39m should split two islands [33m 318[2mms[22m[39m
[90mstdout[2m | src/tests/RefuseDistraction.test.js[2m > [22m[2mRefuse Distraction Reconstructed[2m > [22m[2mshould prioritize MANUAL move marker over autonomous HOUSE BUILDING
[22m[39mDisposing detached game instance
[Game] Dispose called for Game Instance.

[90mstdout[2m | src/tests/Regression_WorkerLogic.test.js
[22m[39m[DEBUG] Actor.ts loaded

[90mstdout[2m | src/tests/Regression_WorkerLogic.test.js
[22m[39m[DEBUG] Building.ts loaded

[90mstdout[2m | src/tests/Regression_WorkerLogic.test.js
[22m[39m[DEBUG] Terrain.ts top-level load

[90mstdout[2m | src/tests/UnitStress.test.js
[22m[39m[DEBUG] Building.ts loaded

[90mstdout[2m | src/tests/UnitStress.test.js
[22m[39m[DEBUG] Terrain.ts top-level load

[90mstdout[2m | src/tests/UnitStress.test.js
[22m[39m[DEBUG] Actor.ts loaded

[90mstdout[2m | src/tests/Regression_WorkerLogic.test.js
[22m[39m[DEBUG] Goblin.ts loaded

[90mstdout[2m | src/tests/Regression_WorkerLogic.test.js
[22m[39m[Import Debug] Raid: function, Combat: function, Wander: function

[90mstdout[2m | src/tests/SheepHuntingFix.test.js
[22m[39m[DEBUG] Building.ts loaded

[90mstdout[2m | src/tests/SheepHuntingFix.test.js
[22m[39m[DEBUG] Terrain.ts top-level load

[90mstdout[2m | src/tests/Regression_WorkerLogic.test.js
[22m[39m[DEBUG] Game.ts top-level load

[90mstdout[2m | src/tests/Regression_WorkerLogic.test.js[2m > [22m[2mRegression: Worker Logic & Stability[2m > [22m[2mshould NOT abort job during long async pathfinding (prevent oscillation)
[22m[39m[Entity 0] CONSTRUCTOR START: type=unit at 10,10
[Entity 0] Calling updatePosition...
[Entity 0] updatePosition returned.
[DIAG] Actor Created ID: 0
[DIAG] Actor smartMove type: function
[DIAG] Actor smartMove body snapshot: smartMove(tx, tz, time, depth = 0) {
    if (isNaN(tx) || isNaN(tz)) {
      console.error(`[Actor $
[UnitCore.js] Unit Created ID:0 Role:worker Pos:10,10 Special:false
[Unit 0] State Change: None -> Wander
[UnitCore.js] Unit Created ID:0 Role:worker Pos:10,10
[UnitCore.js] Unit Construction Finished ID:0

[90mstdout[2m | src/tests/Regression_WorkerLogic.test.js[2m > [22m[2mRegression: Worker Logic & Stability[2m > [22m[2mshould NOT abort job during long async pathfinding (prevent oscillation)
[22m[39m[Actor 1] Resetting Unreachable (Target changed or initializing)

[90mstdout[2m | src/tests/Regression_WorkerLogic.test.js[2m > [22m[2mRegression: Worker Logic & Stability[2m > [22m[2mshould NOT abort job during long async pathfinding (prevent oscillation)
[22m[39m[Actor 1] Pathfinding SUCCESS: Got 2 nodes to 50,50
[Entity 1] startMove -> isMoving:true. Target:50,50 StartTime:0.0000

[90mstdout[2m | src/tests/UnitStress.test.js
[22m[39m[DEBUG] Goblin.ts loaded

[90mstdout[2m | src/tests/UnitStress.test.js
[22m[39m[Import Debug] Raid: function, Combat: function, Wander: function

[90mstdout[2m | src/tests/SheepHuntingFix.test.js
[22m[39m[DEBUG] Actor.ts loaded

[90mstdout[2m | src/tests/Regression_WorkerLogic.test.js[2m > [22m[2mRegression: Worker Logic & Stability[2m > [22m[2mshould attack nearby Goblin Hut when idle (Passive Worker Fix)
[22m[39mDisposing detached game instance

[90mstdout[2m | src/tests/Regression_WorkerLogic.test.js[2m > [22m[2mRegression: Worker Logic & Stability[2m > [22m[2mshould attack nearby Goblin Hut when idle (Passive Worker Fix)
[22m[39m[Entity 1] CONSTRUCTOR START: type=unit at 10,10
[Entity 1] Calling updatePosition...
[Entity 1] updatePosition returned.
[DIAG] Actor Created ID: 1
[DIAG] Actor smartMove type: function
[DIAG] Actor smartMove body snapshot: smartMove(tx, tz, time, depth = 0) {
    if (isNaN(tx) || isNaN(tz)) {
      console.error(`[Actor $
[UnitCore.js] Unit Created ID:1 Role:worker Pos:10,10 Special:false
[UnitCore.js] Unit Created ID:1 Role:worker Pos:10,10
[UnitCore.js] Unit Construction Finished ID:1

[90mstdout[2m | src/tests/Regression_WorkerLogic.test.js[2m > [22m[2mRegression: Worker Logic & Stability[2m > [22m[2mshould attack nearby Goblin Hut when idle (Passive Worker Fix)
[22m[39m[Actor 1] Resetting Unreachable (Target changed or initializing)

[90mstdout[2m | src/tests/Regression_WorkerLogic.test.js[2m > [22m[2mRegression: Worker Logic & Stability[2m > [22m[2mshould attack nearby Goblin Hut when idle (Passive Worker Fix)
[22m[39m[Actor 1] Pathfinding SUCCESS: Got 2 nodes to 50,50
[Entity 1] startMove -> isMoving:true. Target:50,50 StartTime:100.0160

[90mstdout[2m | src/tests/Regression_WorkerLogic.test.js[2m > [22m[2mRegression: Worker Logic & Stability[2m > [22m[2mshould attack nearby Goblin even if holding a job (Self Defense)
[22m[39mDisposing detached game instance

[90mstdout[2m | src/tests/Regression_WorkerLogic.test.js[2m > [22m[2mRegression: Worker Logic & Stability[2m > [22m[2mshould attack nearby Goblin even if holding a job (Self Defense)
[22m[39m[Entity 2] CONSTRUCTOR START: type=unit at 10,10
[Entity 2] Calling updatePosition...
[Entity 2] updatePosition returned.
[DIAG] Actor Created ID: 2
[DIAG] Actor smartMove type: function
[DIAG] Actor smartMove body snapshot: smartMove(tx, tz, time, depth = 0) {
    if (isNaN(tx) || isNaN(tz)) {
      console.error(`[Actor $
[UnitCore.js] Unit Created ID:2 Role:worker Pos:10,10 Special:false
[UnitCore.js] Unit Created ID:2 Role:worker Pos:10,10
[UnitCore.js] Unit Construction Finished ID:2

[90mstdout[2m | src/tests/Regression_WorkerLogic.test.js[2m > [22m[2mRegression: Worker Logic & Stability[2m > [22m[2mshould attack nearby Goblin even if holding a job (Self Defense)
[22m[39m[Actor 1] Resetting Unreachable (Target changed or initializing)
[DEBUG Unit 1] i=30 id=gob1 gx=10 gz=10 tGx=11 tGz=11 myCell=true gCell=true
Target set: {
  id: [32m'gob1'[39m,
  gridX: [33m11[39m,
  gridZ: [33m11[39m,
  position: { x: [33m11[39m, y: [33m0[39m, z: [33m11[39m },
  isDead: [33mfalse[39m,
  hp: [33m10[39m,
  type: [32m'goblin'[39m,
  takeDamage: [36m[Function: takeDamage][39m
}
[Actor 1] Pathfinding SUCCESS: Got 2 nodes to 80,80
[Entity 1] startMove -> isMoving:true. Target:80,80 StartTime:0.0000

[90mstdout[2m | src/tests/UnitStress.test.js
[22m[39m[DEBUG] Game.ts top-level load

 [32m笨・[39m src/tests/Regression_WorkerLogic.test.js [2m([22m[2m3 tests[22m[2m)[22m[32m 193[2mms[22m[39m
[90mstdout[2m | src/tests/CombatBalance.test.js
[22m[39m[DEBUG] Building.ts loaded

[90mstdout[2m | src/tests/CombatBalance.test.js
[22m[39m[DEBUG] Terrain.ts top-level load

[90mstdout[2m | src/tests/UnitStress.test.js[2m > [22m[2mUnit AI Stress Testing[2m > [22m[2mshould handle 100 units starting distant jobs simultaneously without dropping tasks
[22m[39m[Game] Init SphereGeometry
[Game] Minimal/Override Init Start
[Game] Minimal: Init Clock
[Game FORCE CONST 1] Creating mock terrain
[Game] Minimal: Init Managers
[Game] Minimal: Init GoblinManager
[GoblinManager] 5蛟九・豢樒ｪ溘ｒ逕滓・荳ｭ...
[GoblinManager] DETERMINISM: generateCaves start. rngState=undefined
[GoblinManager] DETERMINISM: Attempt 1: Rnd(0.968571, 0.293779) -> Grid(154, 47) rngState=undefined
[GoblinManager] DETERMINISM: Attempt 2: Rnd(0.514346, 0.500293) -> Grid(82, 80) rngState=undefined
[GoblinManager] DETERMINISM: Attempt 3: Rnd(0.063667, 0.629314) -> Grid(10, 100) rngState=undefined
[GoblinManager] 豢樒ｪ溽函謌仙ｮ御ｺ・ 0/5 (隧ｦ陦悟屓謨ｰ: 5000)
[Game] Minimal: Init EnemyAI
[Game] Minimal: Done. Returning.

[90mstdout[2m | src/tests/CombatBalance.test.js
[22m[39m[DEBUG] Actor.ts loaded

stderr | src/tests/StressTest.test.js > Large Scale Stress Testing (Phase 26) > should complete a 60-second simulation with 100 colliding entities (Chaos Test)
[FATAL_GAME_LOOP] TypeError: this.terrain.resetPathfindingBudget is not a function
    at Game.update (C:/Users/mooya/develop/test/src/Game.ts:2182:26)
    at Game.animate (C:/Users/mooya/develop/test/src/Game.ts:2542:18)
    at C:/Users/mooya/develop/test/src/tests/StressTest.test.js:178:47
    at file:///C:/Users/mooya/develop/test/node_modules/@vitest/runner/dist/index.js:145:11
    at file:///C:/Users/mooya/develop/test/node_modules/@vitest/runner/dist/index.js:915:26
    at file:///C:/Users/mooya/develop/test/node_modules/@vitest/runner/dist/index.js:1240:20
    at new Promise (<anonymous>)
    at runWithTimeout (file:///C:/Users/mooya/develop/test/node_modules/@vitest/runner/dist/index.js:1206:10)
    at file:///C:/Users/mooya/develop/test/node_modules/@vitest/runner/dist/index.js:1650:37
    at Traces.$ (file:///C:/Users/mooya/develop/test/node_modules/vitest/dist/chunks/traces.U4xDYhzZ.js:115:27)
[FATAL_GAME_LOOP] TypeError: this.terrain.resetPathfindingBudget is not a function
    at Game.update (C:/Users/mooya/develop/test/src/Game.ts:2182:26)
    at Game.animate (C:/Users/mooya/develop/test/src/Game.ts:2542:18)
    at C:/Users/mooya/develop/test/src/tests/StressTest.test.js:178:47
    at file:///C:/Users/mooya/develop/test/node_modules/@vitest/runner/dist/index.js:145:11
    at file:///C:/Users/mooya/develop/test/node_modules/@vitest/runner/dist/index.js:915:26
    at file:///C:/Users/mooya/develop/test/node_modules/@vitest/runner/dist/index.js:1240:20
    at new Promise (<anonymous>)
    at runWithTimeout (file:///C:/Users/mooya/develop/test/node_modules/@vitest/runner/dist/index.js:1206:10)
    at file:///C:/Users/mooya/develop/test/node_modules/@vitest/runner/dist/index.js:1650:37
    at Traces.$ (file:///C:/Users/mooya/develop/test/node_modules/vitest/dist/chunks/traces.U4xDYhzZ.js:115:27)
[FATAL_GAME_LOOP] TypeError: this.terrain.resetPathfindingBudget is not a function
    at Game.update (C:/Users/mooya/develop/test/src/Game.ts:2182:26)
    at Game.animate (C:/Users/mooya/develop/test/src/Game.ts:2542:18)
    at C:/Users/mooya/develop/test/src/tests/StressTest.test.js:178:47
    at file:///C:/Users/mooya/develop/test/node_modules/@vitest/runner/dist/index.js:145:11
    at file:///C:/Users/mooya/develop/test/node_modules/@vitest/runner/dist/index.js:915:26
    at file:///C:/Users/mooya/develop/test/node_modules/@vitest/runner/dist/index.js:1240:20
    at new Promise (<anonymous>)
    at runWithTimeout (file:///C:/Users/mooya/develop/test/node_modules/@vitest/runner/dist/index.js:1206:10)
    at file:///C:/Users/mooya/develop/test/node_modules/@vitest/runner/dist/index.js:1650:37
    at Traces.$ (file:///C:/Users/mooya/develop/test/node_modules/vitest/dist/chunks/traces.U4xDYhzZ.js:115:27)
[FATAL_GAME_LOOP] TypeError: this.terrain.resetPathfindingBudget is not a function
    at Game.update (C:/Users/mooya/develop/test/src/Game.ts:2182:26)
    at Game.animate (C:/Users/mooya/develop/test/src/Game.ts:2542:18)
    at C:/Users/mooya/develop/test/src/tests/StressTest.test.js:178:47
    at file:///C:/Users/mooya/develop/test/node_modules/@vitest/runner/dist/index.js:145:11
    at file:///C:/Users/mooya/develop/test/node_modules/@vitest/runner/dist/index.js:915:26
    at file:///C:/Users/mooya/develop/test/node_modules/@vitest/runner/dist/index.js:1240:20
    at new Promise (<anonymous>)
    at runWithTimeout (file:///C:/Users/mooya/develop/test/node_modules/@vitest/runner/dist/index.js:1206:10)
    at file:///C:/Users/mooya/develop/test/node_modules/@vitest/runner/dist/index.js:1650:37
    at Traces.$ (file:///C:/Users/mooya/develop/test/node_modules/vitest/dist/chunks/traces.U4xDYhzZ.js:115:27)
[FATAL_GAME_LOOP] TypeError: this.terrain.resetPathfindingBudget is not a function
    at Game.update (C:/Users/mooya/develop/test/src/Game.ts:2182:26)
    at Game.animate (C:/Users/mooya/develop/test/src/Game.ts:2542:18)
    at C:/Users/mooya/develop/test/src/tests/StressTest.test.js:178:47
    at file:///C:/Users/mooya/develop/test/node_modules/@vitest/runner/dist/index.js:145:11
    at file:///C:/Users/mooya/develop/test/node_modules/@vitest/runner/dist/index.js:915:26
    at file:///C:/Users/mooya/develop/test/node_modules/@vitest/runner/dist/index.js:1240:20
    at new Promise (<anonymous>)
    at runWithTimeout (file:///C:/Users/mooya/develop/test/node_modules/@vitest/runner/dist/index.js:1206:10)
    at file:///C:/Users/mooya/develop/test/node_modules/@vitest/runner/dist/index.js:1650:37
    at Traces.$ (file:///C:/Users/mooya/develop/test/node_modules/vitest/dist/chunks/traces.U4xDYhzZ.js:115:27)
[FATAL_GAME_LOOP] TypeError: this.terrain.resetPathfindingBudget is not a function
    at Game.update (C:/Users/mooya/develop/test/src/Game.ts:2182:26)
    at Game.animate (C:/Users/mooya/develop/test/src/Game.ts:2542:18)
    at C:/Users/mooya/develop/test/src/tests/StressTest.test.js:178:47
    at file:///C:/Users/mooya/develop/test/node_modules/@vitest/runner/dist/index.js:145:11
    at file:///C:/Users/mooya/develop/test/node_modules/@vitest/runner/dist/index.js:915:26
    at file:///C:/Users/mooya/develop/test/node_modules/@vitest/runner/dist/index.js:1240:20
    at new Promise (<anonymous>)
    at runWithTimeout (file:///C:/Users/mooya/develop/test/node_modules/@vitest/runner/dist/index.js:1206:10)
    at file:///C:/Users/mooya/develop/test/node_modules/@vitest/runner/dist/index.js:1650:37
    at Traces.$ (file:///C:/Users/mooya/develop/test/node_modules/vitest/dist/chunks/traces.U4xDYhzZ.js:115:27)
[FATAL_GAME_LOOP] TypeError: this.terrain.resetPathfindingBudget is not a function
    at Game.update (C:/Users/mooya/develop/test/src/Game.ts:2182:26)
    at Game.animate (C:/Users/mooya/develop/test/src/Game.ts:2542:18)
    at C:/Users/mooya/develop/test/src/tests/StressTest.test.js:178:47
    at file:///C:/Users/mooya/develop/test/node_modules/@vitest/runner/dist/index.js:145:11
    at file:///C:/Users/mooya/develop/test/node_modules/@vitest/runner/dist/index.js:915:26
    at file:///C:/Users/mooya/develop/test/node_modules/@vitest/runner/dist/index.js:1240:20
    at new Promise (<anonymous>)
    at runWithTimeout (file:///C:/Users/mooya/develop/test/node_modules/@vitest/runner/dist/index.js:1206:10)
    at file:///C:/Users/mooya/develop/test/node_modules/@vitest/runner/dist/index.js:1650:37
    at Traces.$ (file:///C:/Users/mooya/develop/test/node_modules/vitest/dist/chunks/traces.U4xDYhzZ.js:115:27)
[FATAL_GAME_LOOP] TypeError: this.terrain.resetPathfindingBudget is not a function
    at Game.update (C:/Users/mooya/develop/test/src/Game.ts:2182:26)
    at Game.animate (C:/Users/mooya/develop/test/src/Game.ts:2542:18)
    at C:/Users/mooya/develop/test/src/tests/StressTest.test.js:178:47
    at file:///C:/Users/mooya/develop/test/node_modules/@vitest/runner/dist/index.js:145:11
    at file:///C:/Users/mooya/develop/test/node_modules/@vitest/runner/dist/index.js:915:26
    at file:///C:/Users/mooya/develop/test/node_modules/@vitest/runner/dist/index.js:1240:20
    at new Promise (<anonymous>)
    at runWithTimeout (file:///C:/Users/mooya/develop/test/node_modules/@vitest/runner/dist/index.js:1206:10)
    at file:///C:/Users/mooya/develop/test/node_modules/@vitest/runner/dist/index.js:1650:37
    at Traces.$ (file:///C:/Users/mooya/develop/test/node_modules/vitest/dist/chunks/traces.U4xDYhzZ.js:115:27)
[FATAL_GAME_LOOP] TypeError: this.terrain.resetPathfindingBudget is not a function
    at Game.update (C:/Users/mooya/develop/test/src/Game.ts:2182:26)
    at Game.animate (C:/Users/mooya/develop/test/src/Game.ts:2542:18)
    at C:/Users/mooya/develop/test/src/tests/StressTest.test.js:178:47
    at file:///C:/Users/mooya/develop/test/node_modules/@vitest/runner/dist/index.js:145:11
    at file:///C:/Users/mooya/develop/test/node_modules/@vitest/runner/dist/index.js:915:26
    at file:///C:/Users/mooya/develop/test/node_modules/@vitest/runner/dist/index.js:1240:20
    at new Promise (<anonymous>)
    at runWithTimeout (file:///C:/Users/mooya/develop/test/node_modules/@vitest/runner/dist/index.js:1206:10)
    at file:///C:/Users/mooya/develop/test/node_modules/@vitest/runner/dist/index.js:1650:37
    at Traces.$ (file:///C:/Users/mooya/develop/test/node_modules/vitest/dist/chunks/traces.U4xDYhzZ.js:115:27)
[FATAL_GAME_LOOP] TypeError: this.terrain.resetPathfindingBudget is not a function
    at Game.update (C:/Users/mooya/develop/test/src/Game.ts:2182:26)
    at Game.animate (C:/Users/mooya/develop/test/src/Game.ts:2542:18)
    at C:/Users/mooya/develop/test/src/tests/StressTest.test.js:178:47
    at file:///C:/Users/mooya/develop/test/node_modules/@vitest/runner/dist/index.js:145:11
    at file:///C:/Users/mooya/develop/test/node_modules/@vitest/runner/dist/index.js:915:26
    at file:///C:/Users/mooya/develop/test/node_modules/@vitest/runner/dist/index.js:1240:20
    at new Promise (<anonymous>)
    at runWithTimeout (file:///C:/Users/mooya/develop/test/node_modules/@vitest/runner/dist/index.js:1206:10)
    at file:///C:/Users/mooya/develop/test/node_modules/@vitest/runner/dist/index.js:1650:37
    at Traces.$ (file:///C:/Users/mooya/develop/test/node_modules/vitest/dist/chunks/traces.U4xDYhzZ.js:115:27)
[FATAL_GAME_LOOP] Suppressing further errors.

[90mstdout[2m | src/tests/StressTest.test.js[2m > [22m[2mLarge Scale Stress Testing (Phase 26)[2m > [22m[2mshould complete a 60-second simulation with 100 colliding entities (Chaos Test)
[22m[39m[Entity 250] CONSTRUCTOR START: type=unit at 50,50
[Entity 250] Calling registerEntity...
[Entity 250] registerEntity returned.
[Entity 250] Calling updatePosition...
[Entity 250] updatePosition returned.
[DIAG] Actor Created ID: 250
[DIAG] Actor smartMove type: function
[DIAG] Actor smartMove body snapshot: smartMove(tx, tz, time, depth = 0) {
    if (isNaN(tx) || isNaN(tz)) {
      console.error(`[Actor $
[UnitCore.js] Unit Created ID:200 Role:knight Pos:50,50 Special:false
[UnitCore.js] Unit Created ID:200 Role:knight Pos:50,50
[UnitCore.js] Unit Construction Finished ID:200
[Entity 251] CONSTRUCTOR START: type=unit at 50,50
[Entity 251] Calling registerEntity...
[Entity 251] registerEntity returned.
[Entity 251] Calling updatePosition...
[Entity 251] updatePosition returned.
[DIAG] Actor Created ID: 251
[DIAG] Actor smartMove type: function
[DIAG] Actor smartMove body snapshot: smartMove(tx, tz, time, depth = 0) {
    if (isNaN(tx) || isNaN(tz)) {
      console.error(`[Actor $
[UnitCore.js] Unit Created ID:201 Role:knight Pos:50,50 Special:false
[UnitCore.js] Unit Created ID:201 Role:knight Pos:50,50
[UnitCore.js] Unit Construction Finished ID:201
[Entity 252] CONSTRUCTOR START: type=unit at 50,50
[Entity 252] Calling registerEntity...
[Entity 252] registerEntity returned.
[Entity 252] Calling updatePosition...
[Entity 252] updatePosition returned.
[DIAG] Actor Created ID: 252
[DIAG] Actor smartMove type: function
[DIAG] Actor smartMove body snapshot: smartMove(tx, tz, time, depth = 0) {
    if (isNaN(tx) || isNaN(tz)) {
      console.error(`[Actor $
[UnitCore.js] Unit Created ID:202 Role:knight Pos:50,50 Special:false
[UnitCore.js] Unit Created ID:202 Role:knight Pos:50,50
[UnitCore.js] Unit Construction Finished ID:202
[Entity 253] CONSTRUCTOR START: type=unit at 50,50
[Entity 253] Calling registerEntity...
[Entity 253] registerEntity returned.
[Entity 253] Calling updatePosition...
[Entity 253] updatePosition returned.
[DIAG] Actor Created ID: 253
[DIAG] Actor smartMove type: function
[DIAG] Actor smartMove body snapshot: smartMove(tx, tz, time, depth = 0) {
    if (isNaN(tx) || isNaN(tz)) {
      console.error(`[Actor $
[UnitCore.js] Unit Created ID:203 Role:knight Pos:50,50 Special:false
[UnitCore.js] Unit Created ID:203 Role:knight Pos:50,50
[UnitCore.js] Unit Construction Finished ID:203
[Entity 254] CONSTRUCTOR START: type=unit at 50,50
[Entity 254] Calling registerEntity...
[Entity 254] registerEntity returned.
[Entity 254] Calling updatePosition...
[Entity 254] updatePosition returned.
[DIAG] Actor Created ID: 254
[DIAG] Actor smartMove type: function
[DIAG] Actor smartMove body snapshot: smartMove(tx, tz, time, depth = 0) {
    if (isNaN(tx) || isNaN(tz)) {
      console.error(`[Actor $
[UnitCore.js] Unit Created ID:204 Role:knight Pos:50,50 Special:false
[UnitCore.js] Unit Created ID:204 Role:knight Pos:50,50
[UnitCore.js] Unit Construction Finished ID:204
[Entity 255] CONSTRUCTOR START: type=unit at 50,50
[Entity 255] Calling registerEntity...
[Entity 255] registerEntity returned.
[Entity 255] Calling updatePosition...
[Entity 255] updatePosition returned.
[DIAG] Actor Created ID: 255
[DIAG] Actor smartMove type: function
[DIAG] Actor smartMove body snapshot: smartMove(tx, tz, time, depth = 0) {
    if (isNaN(tx) || isNaN(tz)) {
      console.error(`[Actor $
[UnitCore.js] Unit Created ID:205 Role:knight Pos:50,50 Special:false
[UnitCore.js] Unit Created ID:205 Role:knight Pos:50,50
[UnitCore.js] Unit Construction Finished ID:205
[Entity 256] CONSTRUCTOR START: type=unit at 50,50
[Entity 256] Calling registerEntity...
[Entity 256] registerEntity returned.
[Entity 256] Calling updatePosition...
[Entity 256] updatePosition returned.
[DIAG] Actor Created ID: 256
[DIAG] Actor smartMove type: function
[DIAG] Actor smartMove body snapshot: smartMove(tx, tz, time, depth = 0) {
    if (isNaN(tx) || isNaN(tz)) {
      console.error(`[Actor $
[UnitCore.js] Unit Created ID:206 Role:knight Pos:50,50 Special:false
[UnitCore.js] Unit Created ID:206 Role:knight Pos:50,50
[UnitCore.js] Unit Construction Finished ID:206
[Entity 257] CONSTRUCTOR START: type=unit at 50,50
[Entity 257] Calling registerEntity...
[Entity 257] registerEntity returned.
[Entity 257] Calling updatePosition...
[Entity 257] updatePosition returned.
[DIAG] Actor Created ID: 257
[DIAG] Actor smartMove type: function
[DIAG] Actor smartMove body snapshot: smartMove(tx, tz, time, depth = 0) {
    if (isNaN(tx) || isNaN(tz)) {
      console.error(`[Actor $
[UnitCore.js] Unit Created ID:207 Role:knight Pos:50,50 Special:false
[UnitCore.js] Unit Created ID:207 Role:knight Pos:50,50
[UnitCore.js] Unit Construction Finished ID:207
[Entity 258] CONSTRUCTOR START: type=unit at 50,50
[Entity 258] Calling registerEntity...
[Entity 258] registerEntity returned.
[Entity 258] Calling updatePosition...
[Entity 258] updatePosition returned.
[DIAG] Actor Created ID: 258
[DIAG] Actor smartMove type: function
[DIAG] Actor smartMove body snapshot: smartMove(tx, tz, time, depth = 0) {
    if (isNaN(tx) || isNaN(tz)) {
      console.error(`[Actor $
[UnitCore.js] Unit Created ID:208 Role:knight Pos:50,50 Special:false
[UnitCore.js] Unit Created ID:208 Role:knight Pos:50,50
[UnitCore.js] Unit Construction Finished ID:208
[Entity 259] CONSTRUCTOR START: type=unit at 50,50
[Entity 259] Calling registerEntity...
[Entity 259] registerEntity returned.
[Entity 259] Calling updatePosition...
[Entity 259] updatePosition returned.
[DIAG] Actor Created ID: 259
[DIAG] Actor smartMove type: function
[DIAG] Actor smartMove body snapshot: smartMove(tx, tz, time, depth = 0) {
    if (isNaN(tx) || isNaN(tz)) {
      console.error(`[Actor $
[UnitCore.js] Unit Created ID:209 Role:knight Pos:50,50 Special:false
[UnitCore.js] Unit Created ID:209 Role:knight Pos:50,50
[UnitCore.js] Unit Construction Finished ID:209
[Entity 260] CONSTRUCTOR START: type=unit at 50,50
[Entity 260] Calling registerEntity...
[Entity 260] registerEntity returned.
[Entity 260] Calling updatePosition...
[Entity 260] updatePosition returned.
[DIAG] Actor Created ID: 260
[DIAG] Actor smartMove type: function
[DIAG] Actor smartMove body snapshot: smartMove(tx, tz, time, depth = 0) {
    if (isNaN(tx) || isNaN(tz)) {
      console.error(`[Actor $
[UnitCore.js] Unit Created ID:210 Role:knight Pos:50,50 Special:false
[UnitCore.js] Unit Created ID:210 Role:knight Pos:50,50
[UnitCore.js] Unit Construction Finished ID:210
[Entity 261] CONSTRUCTOR START: type=unit at 50,50
[Entity 261] Calling registerEntity...
[Entity 261] registerEntity returned.
[Entity 261] Calling updatePosition...
[Entity 261] updatePosition returned.
[DIAG] Actor Created ID: 261
[DIAG] Actor smartMove type: function
[DIAG] Actor smartMove body snapshot: smartMove(tx, tz, time, depth = 0) {
    if (isNaN(tx) || isNaN(tz)) {
      console.error(`[Actor $
[UnitCore.js] Unit Created ID:211 Role:knight Pos:50,50 Special:false
[UnitCore.js] Unit Created ID:211 Role:knight Pos:50,50
[UnitCore.js] Unit Construction Finished ID:211
[Entity 262] CONSTRUCTOR START: type=unit at 50,50
[Entity 262] Calling registerEntity...
[Entity 262] registerEntity returned.
[Entity 262] Calling updatePosition...
[Entity 262] updatePosition returned.
[DIAG] Actor Created ID: 262
[DIAG] Actor smartMove type: function
[DIAG] Actor smartMove body snapshot: smartMove(tx, tz, time, depth = 0) {
    if (isNaN(tx) || isNaN(tz)) {
      console.error(`[Actor $
[UnitCore.js] Unit Created ID:212 Role:knight Pos:50,50 Special:false
[UnitCore.js] Unit Created ID:212 Role:knight Pos:50,50
[UnitCore.js] Unit Construction Finished ID:212
[Entity 263] CONSTRUCTOR START: type=unit at 50,50
[Entity 263] Calling registerEntity...
[Entity 263] registerEntity returned.
[Entity 263] Calling updatePosition...
[Entity 263] updatePosition returned.
[DIAG] Actor Created ID: 263
[DIAG] Actor smartMove type: function
[DIAG] Actor smartMove body snapshot: smartMove(tx, tz, time, depth = 0) {
    if (isNaN(tx) || isNaN(tz)) {
      console.error(`[Actor $
[UnitCore.js] Unit Created ID:213 Role:knight Pos:50,50 Special:false
[UnitCore.js] Unit Created ID:213 Role:knight Pos:50,50
[UnitCore.js] Unit Construction Finished ID:213
[Entity 264] CONSTRUCTOR START: type=unit at 50,50
[Entity 264] Calling registerEntity...
[Entity 264] registerEntity returned.
[Entity 264] Calling updatePosition...
[Entity 264] updatePosition returned.
[DIAG] Actor Created ID: 264
[DIAG] Actor smartMove type: function
[DIAG] Actor smartMove body snapshot: smartMove(tx, tz, time, depth = 0) {
    if (isNaN(tx) || isNaN(tz)) {
      console.error(`[Actor $
[UnitCore.js] Unit Created ID:214 Role:knight Pos:50,50 Special:false
[UnitCore.js] Unit Created ID:214 Role:knight Pos:50,50
[UnitCore.js] Unit Construction Finished ID:214
[Entity 265] CONSTRUCTOR START: type=unit at 50,50
[Entity 265] Calling registerEntity...
[Entity 265] registerEntity returned.
[Entity 265] Calling updatePosition...
[Entity 265] updatePosition returned.
[DIAG] Actor Created ID: 265
[DIAG] Actor smartMove type: function
[DIAG] Actor smartMove body snapshot: smartMove(tx, tz, time, depth = 0) {
    if (isNaN(tx) || isNaN(tz)) {
      console.error(`[Actor $
[UnitCore.js] Unit Created ID:215 Role:knight Pos:50,50 Special:false
[UnitCore.js] Unit Created ID:215 Role:knight Pos:50,50
[UnitCore.js] Unit Construction Finished ID:215
[Entity 266] CONSTRUCTOR START: type=unit at 50,50
[Entity 266] Calling registerEntity...
[Entity 266] registerEntity returned.
[Entity 266] Calling updatePosition...
[Entity 266] updatePosition returned.
[DIAG] Actor Created ID: 266
[DIAG] Actor smartMove type: function
[DIAG] Actor smartMove body snapshot: smartMove(tx, tz, time, depth = 0) {
    if (isNaN(tx) || isNaN(tz)) {
      console.error(`[Actor $
[UnitCore.js] Unit Created ID:216 Role:knight Pos:50,50 Special:false
[UnitCore.js] Unit Created ID:216 Role:knight Pos:50,50
[UnitCore.js] Unit Construction Finished ID:216
[Entity 267] CONSTRUCTOR START: type=unit at 50,50
[Entity 267] Calling registerEntity...
[Entity 267] registerEntity returned.
[Entity 267] Calling updatePosition...
[Entity 267] updatePosition returned.
[DIAG] Actor Created ID: 267
[DIAG] Actor smartMove type: function
[DIAG] Actor smartMove body snapshot: smartMove(tx, tz, time, depth = 0) {
    if (isNaN(tx) || isNaN(tz)) {
      console.error(`[Actor $
[UnitCore.js] Unit Created ID:217 Role:knight Pos:50,50 Special:false
[UnitCore.js] Unit Created ID:217 Role:knight Pos:50,50
[UnitCore.js] Unit Construction Finished ID:217
[Entity 268] CONSTRUCTOR START: type=unit at 50,50
[Entity 268] Calling registerEntity...
[Entity 268] registerEntity returned.
[Entity 268] Calling updatePosition...
[Entity 268] updatePosition returned.
[DIAG] Actor Created ID: 268
[DIAG] Actor smartMove type: function
[DIAG] Actor smartMove body snapshot: smartMove(tx, tz, time, depth = 0) {
    if (isNaN(tx) || isNaN(tz)) {
      console.error(`[Actor $
[UnitCore.js] Unit Created ID:218 Role:knight Pos:50,50 Special:false
[UnitCore.js] Unit Created ID:218 Role:knight Pos:50,50
[UnitCore.js] Unit Construction Finished ID:218
[Entity 269] CONSTRUCTOR START: type=unit at 50,50
[Entity 269] Calling registerEntity...
[Entity 269] registerEntity returned.
[Entity 269] Calling updatePosition...
[Entity 269] updatePosition returned.
[DIAG] Actor Created ID: 269
[DIAG] Actor smartMove type: function
[DIAG] Actor smartMove body snapshot: smartMove(tx, tz, time, depth = 0) {
    if (isNaN(tx) || isNaN(tz)) {
      console.error(`[Actor $
[UnitCore.js] Unit Created ID:219 Role:knight Pos:50,50 Special:false
[UnitCore.js] Unit Created ID:219 Role:knight Pos:50,50
[UnitCore.js] Unit Construction Finished ID:219
[Entity 270] CONSTRUCTOR START: type=unit at 50,50
[Entity 270] Calling registerEntity...
[Entity 270] registerEntity returned.
[Entity 270] Calling updatePosition...
[Entity 270] updatePosition returned.
[DIAG] Actor Created ID: 270
[DIAG] Actor smartMove type: function
[DIAG] Actor smartMove body snapshot: smartMove(tx, tz, time, depth = 0) {
    if (isNaN(tx) || isNaN(tz)) {
      console.error(`[Actor $
[UnitCore.js] Unit Created ID:220 Role:knight Pos:50,50 Special:false
[UnitCore.js] Unit Created ID:220 Role:knight Pos:50,50
[UnitCore.js] Unit Construction Finished ID:220
[Entity 271] CONSTRUCTOR START: type=unit at 50,50
[Entity 271] Calling registerEntity...
[Entity 271] registerEntity returned.
[Entity 271] Calling updatePosition...
[Entity 271] updatePosition returned.
[DIAG] Actor Created ID: 271
[DIAG] Actor smartMove type: function
[DIAG] Actor smartMove body snapshot: smartMove(tx, tz, time, depth = 0) {
    if (isNaN(tx) || isNaN(tz)) {
      console.error(`[Actor $
[UnitCore.js] Unit Created ID:221 Role:knight Pos:50,50 Special:false
[UnitCore.js] Unit Created ID:221 Role:knight Pos:50,50
[UnitCore.js] Unit Construction Finished ID:221
[Entity 272] CONSTRUCTOR START: type=unit at 50,50
[Entity 272] Calling registerEntity...
[Entity 272] registerEntity returned.
[Entity 272] Calling updatePosition...
[Entity 272] updatePosition returned.
[DIAG] Actor Created ID: 272
[DIAG] Actor smartMove type: function
[DIAG] Actor smartMove body snapshot: smartMove(tx, tz, time, depth = 0) {
    if (isNaN(tx) || isNaN(tz)) {
      console.error(`[Actor $
[UnitCore.js] Unit Created ID:222 Role:knight Pos:50,50 Special:false
[UnitCore.js] Unit Created ID:222 Role:knight Pos:50,50
[UnitCore.js] Unit Construction Finished ID:222
[Entity 273] CONSTRUCTOR START: type=unit at 50,50
[Entity 273] Calling registerEntity...
[Entity 273] registerEntity returned.
[Entity 273] Calling updatePosition...
[Entity 273] updatePosition returned.
[DIAG] Actor Created ID: 273
[DIAG] Actor smartMove type: function
[DIAG] Actor smartMove body snapshot: smartMove(tx, tz, time, depth = 0) {
    if (isNaN(tx) || isNaN(tz)) {
      console.error(`[Actor $
[UnitCore.js] Unit Created ID:223 Role:knight Pos:50,50 Special:false
[UnitCore.js] Unit Created ID:223 Role:knight Pos:50,50
[UnitCore.js] Unit Construction Finished ID:223
[Entity 274] CONSTRUCTOR START: type=unit at 50,50
[Entity 274] Calling registerEntity...
[Entity 274] registerEntity returned.
[Entity 274] Calling updatePosition...
[Entity 274] updatePosition returned.
[DIAG] Actor Created ID: 274
[DIAG] Actor smartMove type: function
[DIAG] Actor smartMove body snapshot: smartMove(tx, tz, time, depth = 0) {
    if (isNaN(tx) || isNaN(tz)) {
      console.error(`[Actor $
[UnitCore.js] Unit Created ID:224 Role:knight Pos:50,50 Special:false
[UnitCore.js] Unit Created ID:224 Role:knight Pos:50,50
[UnitCore.js] Unit Construction Finished ID:224
[Entity 275] CONSTRUCTOR START: type=unit at 50,50
[Entity 275] Calling registerEntity...
[Entity 275] registerEntity returned.
[Entity 275] Calling updatePosition...
[Entity 275] updatePosition returned.
[DIAG] Actor Created ID: 275
[DIAG] Actor smartMove type: function
[DIAG] Actor smartMove body snapshot: smartMove(tx, tz, time, depth = 0) {
    if (isNaN(tx) || isNaN(tz)) {
      console.error(`[Actor $
[UnitCore.js] Unit Created ID:225 Role:knight Pos:50,50 Special:false
[UnitCore.js] Unit Created ID:225 Role:knight Pos:50,50
[UnitCore.js] Unit Construction Finished ID:225
[Entity 276] CONSTRUCTOR START: type=unit at 50,50
[Entity 276] Calling registerEntity...
[Entity 276] registerEntity returned.
[Entity 276] Calling updatePosition...
[Entity 276] updatePosition returned.
[DIAG] Actor Created ID: 276
[DIAG] Actor smartMove type: function
[DIAG] Actor smartMove body snapshot: smartMove(tx, tz, time, depth = 0) {
    if (isNaN(tx) || isNaN(tz)) {
      console.error(`[Actor $
[UnitCore.js] Unit Created ID:226 Role:knight Pos:50,50 Special:false
[UnitCore.js] Unit Created ID:226 Role:knight Pos:50,50
[UnitCore.js] Unit Construction Finished ID:226
[Entity 277] CONSTRUCTOR START: type=unit at 50,50
[Entity 277] Calling registerEntity...
[Entity 277] registerEntity returned.
[Entity 277] Calling updatePosition...
[Entity 277] updatePosition returned.
[DIAG] Actor Created ID: 277
[DIAG] Actor smartMove type: function
[DIAG] Actor smartMove body snapshot: smartMove(tx, tz, time, depth = 0) {
    if (isNaN(tx) || isNaN(tz)) {
      console.error(`[Actor $
[UnitCore.js] Unit Created ID:227 Role:knight Pos:50,50 Special:false
[UnitCore.js] Unit Created ID:227 Role:knight Pos:50,50
[UnitCore.js] Unit Construction Finished ID:227
[Entity 278] CONSTRUCTOR START: type=unit at 50,50
[Entity 278] Calling registerEntity...
[Entity 278] registerEntity returned.
[Entity 278] Calling updatePosition...
[Entity 278] updatePosition returned.
[DIAG] Actor Created ID: 278
[DIAG] Actor smartMove type: function
[DIAG] Actor smartMove body snapshot: smartMove(tx, tz, time, depth = 0) {
    if (isNaN(tx) || isNaN(tz)) {
      console.error(`[Actor $
[UnitCore.js] Unit Created ID:228 Role:knight Pos:50,50 Special:false
[UnitCore.js] Unit Created ID:228 Role:knight Pos:50,50
[UnitCore.js] Unit Construction Finished ID:228
[Entity 279] CONSTRUCTOR START: type=unit at 50,50
[Entity 279] Calling registerEntity...
[Entity 279] registerEntity returned.
[Entity 279] Calling updatePosition...
[Entity 279] updatePosition returned.
[DIAG] Actor Created ID: 279
[DIAG] Actor smartMove type: function
[DIAG] Actor smartMove body snapshot: smartMove(tx, tz, time, depth = 0) {
    if (isNaN(tx) || isNaN(tz)) {
      console.error(`[Actor $
[UnitCore.js] Unit Created ID:229 Role:knight Pos:50,50 Special:false
[UnitCore.js] Unit Created ID:229 Role:knight Pos:50,50
[UnitCore.js] Unit Construction Finished ID:229
[Entity 280] CONSTRUCTOR START: type=unit at 50,50
[Entity 280] Calling registerEntity...
[Entity 280] registerEntity returned.
[Entity 280] Calling updatePosition...
[Entity 280] updatePosition returned.
[DIAG] Actor Created ID: 280
[DIAG] Actor smartMove type: function
[DIAG] Actor smartMove body snapshot: smartMove(tx, tz, time, depth = 0) {
    if (isNaN(tx) || isNaN(tz)) {
      console.error(`[Actor $
[UnitCore.js] Unit Created ID:230 Role:knight Pos:50,50 Special:false
[UnitCore.js] Unit Created ID:230 Role:knight Pos:50,50
[UnitCore.js] Unit Construction Finished ID:230
[Entity 281] CONSTRUCTOR START: type=unit at 50,50
[Entity 281] Calling registerEntity...
[Entity 281] registerEntity returned.
[Entity 281] Calling updatePosition...
[Entity 281] updatePosition returned.
[DIAG] Actor Created ID: 281
[DIAG] Actor smartMove type: function
[DIAG] Actor smartMove body snapshot: smartMove(tx, tz, time, depth = 0) {
    if (isNaN(tx) || isNaN(tz)) {
      console.error(`[Actor $
[UnitCore.js] Unit Created ID:231 Role:knight Pos:50,50 Special:false
[UnitCore.js] Unit Created ID:231 Role:knight Pos:50,50
[UnitCore.js] Unit Construction Finished ID:231
[Entity 282] CONSTRUCTOR START: type=unit at 50,50
[Entity 282] Calling registerEntity...
[Entity 282] registerEntity returned.
[Entity 282] Calling updatePosition...
[Entity 282] updatePosition returned.
[DIAG] Actor Created ID: 282
[DIAG] Actor smartMove type: function
[DIAG] Actor smartMove body snapshot: smartMove(tx, tz, time, depth = 0) {
    if (isNaN(tx) || isNaN(tz)) {
      console.error(`[Actor $
[UnitCore.js] Unit Created ID:232 Role:knight Pos:50,50 Special:false
[UnitCore.js] Unit Created ID:232 Role:knight Pos:50,50
[UnitCore.js] Unit Construction Finished ID:232
[Entity 283] CONSTRUCTOR START: type=unit at 50,50
[Entity 283] Calling registerEntity...
[Entity 283] registerEntity returned.
[Entity 283] Calling updatePosition...
[Entity 283] updatePosition returned.
[DIAG] Actor Created ID: 283
[DIAG] Actor smartMove type: function
[DIAG] Actor smartMove body snapshot: smartMove(tx, tz, time, depth = 0) {
    if (isNaN(tx) || isNaN(tz)) {
      console.error(`[Actor $
[UnitCore.js] Unit Created ID:233 Role:knight Pos:50,50 Special:false
[UnitCore.js] Unit Created ID:233 Role:knight Pos:50,50
[UnitCore.js] Unit Construction Finished ID:233
[Entity 284] CONSTRUCTOR START: type=unit at 50,50
[Entity 284] Calling registerEntity...
[Entity 284] registerEntity returned.
[Entity 284] Calling updatePosition...
[Entity 284] updatePosition returned.
[DIAG] Actor Created ID: 284
[DIAG] Actor smartMove type: function
[DIAG] Actor smartMove body snapshot: smartMove(tx, tz, time, depth = 0) {
    if (isNaN(tx) || isNaN(tz)) {
      console.error(`[Actor $
[UnitCore.js] Unit Created ID:234 Role:knight Pos:50,50 Special:false
[UnitCore.js] Unit Created ID:234 Role:knight Pos:50,50
[UnitCore.js] Unit Construction Finished ID:234
[Entity 285] CONSTRUCTOR START: type=unit at 50,50
[Entity 285] Calling registerEntity...
[Entity 285] registerEntity returned.
[Entity 285] Calling updatePosition...
[Entity 285] updatePosition returned.
[DIAG] Actor Created ID: 285
[DIAG] Actor smartMove type: function
[DIAG] Actor smartMove body snapshot: smartMove(tx, tz, time, depth = 0) {
    if (isNaN(tx) || isNaN(tz)) {
      console.error(`[Actor $
[UnitCore.js] Unit Created ID:235 Role:knight Pos:50,50 Special:false
[UnitCore.js] Unit Created ID:235 Role:knight Pos:50,50
[UnitCore.js] Unit Construction Finished ID:235
[Entity 286] CONSTRUCTOR START: type=unit at 50,50
[Entity 286] Calling registerEntity...
[Entity 286] registerEntity returned.
[Entity 286] Calling updatePosition...
[Entity 286] updatePosition returned.
[DIAG] Actor Created ID: 286
[DIAG] Actor smartMove type: function
[DIAG] Actor smartMove body snapshot: smartMove(tx, tz, time, depth = 0) {
    if (isNaN(tx) || isNaN(tz)) {
      console.error(`[Actor $
[UnitCore.js] Unit Created ID:236 Role:knight Pos:50,50 Special:false
[UnitCore.js] Unit Created ID:236 Role:knight Pos:50,50
[UnitCore.js] Unit Construction Finished ID:236
[Entity 287] CONSTRUCTOR START: type=unit at 50,50
[Entity 287] Calling registerEntity...
[Entity 287] registerEntity returned.
[Entity 287] Calling updatePosition...
[Entity 287] updatePosition returned.
[DIAG] Actor Created ID: 287
[DIAG] Actor smartMove type: function
[DIAG] Actor smartMove body snapshot: smartMove(tx, tz, time, depth = 0) {
    if (isNaN(tx) || isNaN(tz)) {
      console.error(`[Actor $
[UnitCore.js] Unit Created ID:237 Role:knight Pos:50,50 Special:false
[UnitCore.js] Unit Created ID:237 Role:knight Pos:50,50
[UnitCore.js] Unit Construction Finished ID:237
[Entity 288] CONSTRUCTOR START: type=unit at 50,50
[Entity 288] Calling registerEntity...
[Entity 288] registerEntity returned.
[Entity 288] Calling updatePosition...
[Entity 288] updatePosition returned.
[DIAG] Actor Created ID: 288
[DIAG] Actor smartMove type: function
[DIAG] Actor smartMove body snapshot: smartMove(tx, tz, time, depth = 0) {
    if (isNaN(tx) || isNaN(tz)) {
      console.error(`[Actor $
[UnitCore.js] Unit Created ID:238 Role:knight Pos:50,50 Special:false
[UnitCore.js] Unit Created ID:238 Role:knight Pos:50,50
[UnitCore.js] Unit Construction Finished ID:238
[Entity 289] CONSTRUCTOR START: type=unit at 50,50
[Entity 289] Calling registerEntity...
[Entity 289] registerEntity returned.
[Entity 289] Calling updatePosition...
[Entity 289] updatePosition returned.
[DIAG] Actor Created ID: 289
[DIAG] Actor smartMove type: function
[DIAG] Actor smartMove body snapshot: smartMove(tx, tz, time, depth = 0) {
    if (isNaN(tx) || isNaN(tz)) {
      console.error(`[Actor $
[UnitCore.js] Unit Created ID:239 Role:knight Pos:50,50 Special:false
[UnitCore.js] Unit Created ID:239 Role:knight Pos:50,50
[UnitCore.js] Unit Construction Finished ID:239
[Entity 290] CONSTRUCTOR START: type=unit at 50,50
[Entity 290] Calling registerEntity...
[Entity 290] registerEntity returned.
[Entity 290] Calling updatePosition...
[Entity 290] updatePosition returned.
[DIAG] Actor Created ID: 290
[DIAG] Actor smartMove type: function
[DIAG] Actor smartMove body snapshot: smartMove(tx, tz, time, depth = 0) {
    if (isNaN(tx) || isNaN(tz)) {
      console.error(`[Actor $
[UnitCore.js] Unit Created ID:240 Role:knight Pos:50,50 Special:false
[UnitCore.js] Unit Created ID:240 Role:knight Pos:50,50
[UnitCore.js] Unit Construction Finished ID:240
[Entity 291] CONSTRUCTOR START: type=unit at 50,50
[Entity 291] Calling registerEntity...
[Entity 291] registerEntity returned.
[Entity 291] Calling updatePosition...
[Entity 291] updatePosition returned.
[DIAG] Actor Created ID: 291
[DIAG] Actor smartMove type: function
[DIAG] Actor smartMove body snapshot: smartMove(tx, tz, time, depth = 0) {
    if (isNaN(tx) || isNaN(tz)) {
      console.error(`[Actor $
[UnitCore.js] Unit Created ID:241 Role:knight Pos:50,50 Special:false
[UnitCore.js] Unit Created ID:241 Role:knight Pos:50,50
[UnitCore.js] Unit Construction Finished ID:241
[Entity 292] CONSTRUCTOR START: type=unit at 50,50
[Entity 292] Calling registerEntity...
[Entity 292] registerEntity returned.
[Entity 292] Calling updatePosition...
[Entity 292] updatePosition returned.
[DIAG] Actor Created ID: 292
[DIAG] Actor smartMove type: function
[DIAG] Actor smartMove body snapshot: smartMove(tx, tz, time, depth = 0) {
    if (isNaN(tx) || isNaN(tz)) {
      console.error(`[Actor $
[UnitCore.js] Unit Created ID:242 Role:knight Pos:50,50 Special:false
[UnitCore.js] Unit Created ID:242 Role:knight Pos:50,50
[UnitCore.js] Unit Construction Finished ID:242
[Entity 293] CONSTRUCTOR START: type=unit at 50,50
[Entity 293] Calling registerEntity...
[Entity 293] registerEntity returned.
[Entity 293] Calling updatePosition...
[Entity 293] updatePosition returned.
[DIAG] Actor Created ID: 293
[DIAG] Actor smartMove type: function
[DIAG] Actor smartMove body snapshot: smartMove(tx, tz, time, depth = 0) {
    if (isNaN(tx) || isNaN(tz)) {
      console.error(`[Actor $
[UnitCore.js] Unit Created ID:243 Role:knight Pos:50,50 Special:false
[UnitCore.js] Unit Created ID:243 Role:knight Pos:50,50
[UnitCore.js] Unit Construction Finished ID:243
[Entity 294] CONSTRUCTOR START: type=unit at 50,50
[Entity 294] Calling registerEntity...
[Entity 294] registerEntity returned.
[Entity 294] Calling updatePosition...
[Entity 294] updatePosition returned.
[DIAG] Actor Created ID: 294
[DIAG] Actor smartMove type: function
[DIAG] Actor smartMove body snapshot: smartMove(tx, tz, time, depth = 0) {
    if (isNaN(tx) || isNaN(tz)) {
      console.error(`[Actor $
[UnitCore.js] Unit Created ID:244 Role:knight Pos:50,50 Special:false
[UnitCore.js] Unit Created ID:244 Role:knight Pos:50,50
[UnitCore.js] Unit Construction Finished ID:244
[Entity 295] CONSTRUCTOR START: type=unit at 50,50
[Entity 295] Calling registerEntity...
[Entity 295] registerEntity returned.
[Entity 295] Calling updatePosition...
[Entity 295] updatePosition returned.
[DIAG] Actor Created ID: 295
[DIAG] Actor smartMove type: function
[DIAG] Actor smartMove body snapshot: smartMove(tx, tz, time, depth = 0) {
    if (isNaN(tx) || isNaN(tz)) {
      console.error(`[Actor $
[UnitCore.js] Unit Created ID:245 Role:knight Pos:50,50 Special:false
[UnitCore.js] Unit Created ID:245 Role:knight Pos:50,50
[UnitCore.js] Unit Construction Finished ID:245
[Entity 296] CONSTRUCTOR START: type=unit at 50,50
[Entity 296] Calling registerEntity...
[Entity 296] registerEntity returned.
[Entity 296] Calling updatePosition...
[Entity 296] updatePosition returned.
[DIAG] Actor Created ID: 296
[DIAG] Actor smartMove type: function
[DIAG] Actor smartMove body snapshot: smartMove(tx, tz, time, depth = 0) {
    if (isNaN(tx) || isNaN(tz)) {
      console.error(`[Actor $
[UnitCore.js] Unit Created ID:246 Role:knight Pos:50,50 Special:false
[UnitCore.js] Unit Created ID:246 Role:knight Pos:50,50
[UnitCore.js] Unit Construction Finished ID:246
[Entity 297] CONSTRUCTOR START: type=unit at 50,50
[Entity 297] Calling registerEntity...
[Entity 297] registerEntity returned.
[Entity 297] Calling updatePosition...
[Entity 297] updatePosition returned.
[DIAG] Actor Created ID: 297
[DIAG] Actor smartMove type: function
[DIAG] Actor smartMove body snapshot: smartMove(tx, tz, time, depth = 0) {
    if (isNaN(tx) || isNaN(tz)) {
      console.error(`[Actor $
[UnitCore.js] Unit Created ID:247 Role:knight Pos:50,50 Special:false
[UnitCore.js] Unit Created ID:247 Role:knight Pos:50,50
[UnitCore.js] Unit Construction Finished ID:247
[Entity 298] CONSTRUCTOR START: type=unit at 50,50
[Entity 298] Calling registerEntity...
[Entity 298] registerEntity returned.
[Entity 298] Calling updatePosition...
[Entity 298] updatePosition returned.
[DIAG] Actor Created ID: 298
[DIAG] Actor smartMove type: function
[DIAG] Actor smartMove body snapshot: smartMove(tx, tz, time, depth = 0) {
    if (isNaN(tx) || isNaN(tz)) {
      console.error(`[Actor $
[UnitCore.js] Unit Created ID:248 Role:knight Pos:50,50 Special:false
[UnitCore.js] Unit Created ID:248 Role:knight Pos:50,50
[UnitCore.js] Unit Construction Finished ID:248
[Entity 299] CONSTRUCTOR START: type=unit at 50,50
[Entity 299] Calling registerEntity...
[Entity 299] registerEntity returned.
[Entity 299] Calling updatePosition...
[Entity 299] updatePosition returned.
[DIAG] Actor Created ID: 299
[DIAG] Actor smartMove type: function
[DIAG] Actor smartMove body snapshot: smartMove(tx, tz, time, depth = 0) {
    if (isNaN(tx) || isNaN(tz)) {
      console.error(`[Actor $
[UnitCore.js] Unit Created ID:249 Role:knight Pos:50,50 Special:false
[UnitCore.js] Unit Created ID:249 Role:knight Pos:50,50
[UnitCore.js] Unit Construction Finished ID:249
[Entity 300] CONSTRUCTOR START: type=goblin at 10,10
[Entity 300] Calling registerEntity...
[Entity 300] registerEntity returned.
[Entity 300] Calling updatePosition...
[Entity 300] updatePosition returned.
[DIAG] Actor Created ID: 300
[DIAG] Actor smartMove type: function
[DIAG] Actor smartMove body snapshot: smartMove(tx, tz, time, depth = 0) {
    if (isNaN(tx) || isNaN(tz)) {
      console.error(`[Actor $
[Entity 301] CONSTRUCTOR START: type=goblin at 12,12
[Entity 301] Calling registerEntity...
[Entity 301] registerEntity returned.
[Entity 301] Calling updatePosition...
[Entity 301] updatePosition returned.
[DIAG] Actor Created ID: 301
[DIAG] Actor smartMove type: function
[DIAG] Actor smartMove body snapshot: smartMove(tx, tz, time, depth = 0) {
    if (isNaN(tx) || isNaN(tz)) {
      console.error(`[Actor $
[Entity 302] CONSTRUCTOR START: type=goblin at 14,14
[Entity 302] Calling registerEntity...
[Entity 302] registerEntity returned.
[Entity 302] Calling updatePosition...
[Entity 302] updatePosition returned.
[DIAG] Actor Created ID: 302
[DIAG] Actor smartMove type: function
[DIAG] Actor smartMove body snapshot: smartMove(tx, tz, time, depth = 0) {
    if (isNaN(tx) || isNaN(tz)) {
      console.error(`[Actor $
[Entity 303] CONSTRUCTOR START: type=goblin at 16,16
[Entity 303] Calling registerEntity...
[Entity 303] registerEntity returned.
[Entity 303] Calling updatePosition...
[Entity 303] updatePosition returned.
[DIAG] Actor Created ID: 303
[DIAG] Actor smartMove type: function
[DIAG] Actor smartMove body snapshot: smartMove(tx, tz, time, depth = 0) {
    if (isNaN(tx) || isNaN(tz)) {
      console.error(`[Actor $
[Entity 304] CONSTRUCTOR START: type=goblin at 18,18
[Entity 304] Calling registerEntity...
[Entity 304] registerEntity returned.
[Entity 304] Calling updatePosition...
[Entity 304] updatePosition returned.
[DIAG] Actor Created ID: 304
[DIAG] Actor smartMove type: function
[DIAG] Actor smartMove body snapshot: smartMove(tx, tz, time, depth = 0) {
    if (isNaN(tx) || isNaN(tz)) {
      console.error(`[Actor $
[Entity 305] CONSTRUCTOR START: type=goblin at 20,20
[Entity 305] Calling registerEntity...
[Entity 305] registerEntity returned.
[Entity 305] Calling updatePosition...
[Entity 305] updatePosition returned.
[DIAG] Actor Created ID: 305
[DIAG] Actor smartMove type: function
[DIAG] Actor smartMove body snapshot: smartMove(tx, tz, time, depth = 0) {
    if (isNaN(tx) || isNaN(tz)) {
      console.error(`[Actor $
[Entity 306] CONSTRUCTOR START: type=goblin at 22,22
[Entity 306] Calling registerEntity...
[Entity 306] registerEntity returned.
[Entity 306] Calling updatePosition...
[Entity 306] updatePosition returned.
[DIAG] Actor Created ID: 306
[DIAG] Actor smartMove type: function
[DIAG] Actor smartMove body snapshot: smartMove(tx, tz, time, depth = 0) {
    if (isNaN(tx) || isNaN(tz)) {
      console.error(`[Actor $
[Entity 307] CONSTRUCTOR START: type=goblin at 24,24
[Entity 307] Calling registerEntity...
[Entity 307] registerEntity returned.
[Entity 307] Calling updatePosition...
[Entity 307] updatePosition returned.
[DIAG] Actor Created ID: 307
[DIAG] Actor smartMove type: function
[DIAG] Actor smartMove body snapshot: smartMove(tx, tz, time, depth = 0) {
    if (isNaN(tx) || isNaN(tz)) {
      console.error(`[Actor $
[Entity 308] CONSTRUCTOR START: type=goblin at 26,26
[Entity 308] Calling registerEntity...
[Entity 308] registerEntity returned.
[Entity 308] Calling updatePosition...
[Entity 308] updatePosition returned.
[DIAG] Actor Created ID: 308
[DIAG] Actor smartMove type: function
[DIAG] Actor smartMove body snapshot: smartMove(tx, tz, time, depth = 0) {
    if (isNaN(tx) || isNaN(tz)) {
      console.error(`[Actor $
荘 Goblin King Spawned!
[Entity 309] CONSTRUCTOR START: type=goblin at 28,28
[Entity 309] Calling registerEntity...
[Entity 309] registerEntity returned.
[Entity 309] Calling updatePosition...
[Entity 309] updatePosition returned.
[DIAG] Actor Created ID: 309
[DIAG] Actor smartMove type: function
[DIAG] Actor smartMove body snapshot: smartMove(tx, tz, time, depth = 0) {
    if (isNaN(tx) || isNaN(tz)) {
      console.error(`[Actor $
[Entity 310] CONSTRUCTOR START: type=goblin at 30,30
[Entity 310] Calling registerEntity...
[Entity 310] registerEntity returned.
[Entity 310] Calling updatePosition...
[Entity 310] updatePosition returned.
[DIAG] Actor Created ID: 310
[DIAG] Actor smartMove type: function
[DIAG] Actor smartMove body snapshot: smartMove(tx, tz, time, depth = 0) {
    if (isNaN(tx) || isNaN(tz)) {
      console.error(`[Actor $
[Entity 311] CONSTRUCTOR START: type=goblin at 32,32
[Entity 311] Calling registerEntity...
[Entity 311] registerEntity returned.
[Entity 311] Calling updatePosition...
[Entity 311] updatePosition returned.
[DIAG] Actor Created ID: 311
[DIAG] Actor smartMove type: function
[DIAG] Actor smartMove body snapshot: smartMove(tx, tz, time, depth = 0) {
    if (isNaN(tx) || isNaN(tz)) {
      console.error(`[Actor $
[Entity 312] CONSTRUCTOR START: type=goblin at 34,34
[Entity 312] Calling registerEntity...
[Entity 312] registerEntity returned.
[Entity 312] Calling updatePosition...
[Entity 312] updatePosition returned.
[DIAG] Actor Created ID: 312
[DIAG] Actor smartMove type: function
[DIAG] Actor smartMove body snapshot: smartMove(tx, tz, time, depth = 0) {
    if (isNaN(tx) || isNaN(tz)) {
      console.error(`[Actor $
[Entity 313] CONSTRUCTOR START: type=goblin at 36,36
[Entity 313] Calling registerEntity...
[Entity 313] registerEntity returned.
[Entity 313] Calling updatePosition...
[Entity 313] updatePosition returned.
[DIAG] Actor Created ID: 313
[DIAG] Actor smartMove type: function
[DIAG] Actor smartMove body snapshot: smartMove(tx, tz, time, depth = 0) {
    if (isNaN(tx) || isNaN(tz)) {
      console.error(`[Actor $
[Entity 314] CONSTRUCTOR START: type=goblin at 38,38
[Entity 314] Calling registerEntity...
[Entity 314] registerEntity returned.
[Entity 314] Calling updatePosition...
[Entity 314] updatePosition returned.
[DIAG] Actor Created ID: 314
[DIAG] Actor smartMove type: function
[DIAG] Actor smartMove body snapshot: smartMove(tx, tz, time, depth = 0) {
    if (isNaN(tx) || isNaN(tz)) {
      console.error(`[Actor $
[Entity 315] CONSTRUCTOR START: type=goblin at 40,40
[Entity 315] Calling registerEntity...
[Entity 315] registerEntity returned.
[Entity 315] Calling updatePosition...
[Entity 315] updatePosition returned.
[DIAG] Actor Created ID: 315
[DIAG] Actor smartMove type: function
[DIAG] Actor smartMove body snapshot: smartMove(tx, tz, time, depth = 0) {
    if (isNaN(tx) || isNaN(tz)) {
      console.error(`[Actor $
[Entity 316] CONSTRUCTOR START: type=goblin at 42,42
[Entity 316] Calling registerEntity...
[Entity 316] registerEntity returned.
[Entity 316] Calling updatePosition...
[Entity 316] updatePosition returned.
[DIAG] Actor Created ID: 316
[DIAG] Actor smartMove type: function
[DIAG] Actor smartMove body snapshot: smartMove(tx, tz, time, depth = 0) {
    if (isNaN(tx) || isNaN(tz)) {
      console.error(`[Actor $
[Entity 317] CONSTRUCTOR START: type=goblin at 44,44
[Entity 317] Calling registerEntity...
[Entity 317] registerEntity returned.
[Entity 317] Calling updatePosition...
[Entity 317] updatePosition returned.
[DIAG] Actor Created ID: 317
[DIAG] Actor smartMove type: function
[DIAG] Actor smartMove body snapshot: smartMove(tx, tz, time, depth = 0) {
    if (isNaN(tx) || isNaN(tz)) {
      console.error(`[Actor $
[Entity 318] CONSTRUCTOR START: type=goblin at 46,46
[Entity 318] Calling registerEntity...
[Entity 318] registerEntity returned.
[Entity 318] Calling updatePosition...
[Entity 318] updatePosition returned.
[DIAG] Actor Created ID: 318
[DIAG] Actor smartMove type: function
[DIAG] Actor smartMove body snapshot: smartMove(tx, tz, time, depth = 0) {
    if (isNaN(tx) || isNaN(tz)) {
      console.error(`[Actor $
[Entity 319] CONSTRUCTOR START: type=goblin at 48,48
[Entity 319] Calling registerEntity...
[Entity 319] registerEntity returned.
[Entity 319] Calling updatePosition...
[Entity 319] updatePosition returned.
[DIAG] Actor Created ID: 319
[DIAG] Actor smartMove type: function
[DIAG] Actor smartMove body snapshot: smartMove(tx, tz, time, depth = 0) {
    if (isNaN(tx) || isNaN(tz)) {
      console.error(`[Actor $
[Entity 320] CONSTRUCTOR START: type=goblin at 50,50
[Entity 320] Calling registerEntity...
[Entity 320] registerEntity returned.
[Entity 320] Calling updatePosition...
[Entity 320] updatePosition returned.
[DIAG] Actor Created ID: 320
[DIAG] Actor smartMove type: function
[DIAG] Actor smartMove body snapshot: smartMove(tx, tz, time, depth = 0) {
    if (isNaN(tx) || isNaN(tz)) {
      console.error(`[Actor $
[Entity 321] CONSTRUCTOR START: type=goblin at 52,52
[Entity 321] Calling registerEntity...
[Entity 321] registerEntity returned.
[Entity 321] Calling updatePosition...
[Entity 321] updatePosition returned.
[DIAG] Actor Created ID: 321
[DIAG] Actor smartMove type: function
[DIAG] Actor smartMove body snapshot: smartMove(tx, tz, time, depth = 0) {
    if (isNaN(tx) || isNaN(tz)) {
      console.error(`[Actor $
[Entity 322] CONSTRUCTOR START: type=goblin at 54,54
[Entity 322] Calling registerEntity...
[Entity 322] registerEntity returned.
[Entity 322] Calling updatePosition...
[Entity 322] updatePosition returned.
[DIAG] Actor Created ID: 322
[DIAG] Actor smartMove type: function
[DIAG] Actor smartMove body snapshot: smartMove(tx, tz, time, depth = 0) {
    if (isNaN(tx) || isNaN(tz)) {
      console.error(`[Actor $
[Entity 323] CONSTRUCTOR START: type=goblin at 56,56
[Entity 323] Calling registerEntity...
[Entity 323] registerEntity returned.
[Entity 323] Calling updatePosition...
[Entity 323] updatePosition returned.
[DIAG] Actor Created ID: 323
[DIAG] Actor smartMove type: function
[DIAG] Actor smartMove body snapshot: smartMove(tx, tz, time, depth = 0) {
    if (isNaN(tx) || isNaN(tz)) {
      console.error(`[Actor $
[Entity 324] CONSTRUCTOR START: type=goblin at 58,58
[Entity 324] Calling registerEntity...
[Entity 324] registerEntity returned.
[Entity 324] Calling updatePosition...
[Entity 324] updatePosition returned.
[DIAG] Actor Created ID: 324
[DIAG] Actor smartMove type: function
[DIAG] Actor smartMove body snapshot: smartMove(tx, tz, time, depth = 0) {
    if (isNaN(tx) || isNaN(tz)) {
      console.error(`[Actor $
[Entity 325] CONSTRUCTOR START: type=goblin at 60,60
[Entity 325] Calling registerEntity...
[Entity 325] registerEntity returned.
[Entity 325] Calling updatePosition...
[Entity 325] updatePosition returned.
[DIAG] Actor Created ID: 325
[DIAG] Actor smartMove type: function
[DIAG] Actor smartMove body snapshot: smartMove(tx, tz, time, depth = 0) {
    if (isNaN(tx) || isNaN(tz)) {
      console.error(`[Actor $
[Entity 326] CONSTRUCTOR START: type=goblin at 62,62
[Entity 326] Calling registerEntity...
[Entity 326] registerEntity returned.
[Entity 326] Calling updatePosition...
[Entity 326] updatePosition returned.
[DIAG] Actor Created ID: 326
[DIAG] Actor smartMove type: function
[DIAG] Actor smartMove body snapshot: smartMove(tx, tz, time, depth = 0) {
    if (isNaN(tx) || isNaN(tz)) {
      console.error(`[Actor $
[Entity 327] CONSTRUCTOR START: type=goblin at 64,64
[Entity 327] Calling registerEntity...
[Entity 327] registerEntity returned.
[Entity 327] Calling updatePosition...
[Entity 327] updatePosition returned.
[DIAG] Actor Created ID: 327
[DIAG] Actor smartMove type: function
[DIAG] Actor smartMove body snapshot: smartMove(tx, tz, time, depth = 0) {
    if (isNaN(tx) || isNaN(tz)) {
      console.error(`[Actor $
[Entity 328] CONSTRUCTOR START: type=goblin at 66,66
[Entity 328] Calling registerEntity...
[Entity 328] registerEntity returned.
[Entity 328] Calling updatePosition...
[Entity 328] updatePosition returned.
[DIAG] Actor Created ID: 328
[DIAG] Actor smartMove type: function
[DIAG] Actor smartMove body snapshot: smartMove(tx, tz, time, depth = 0) {
    if (isNaN(tx) || isNaN(tz)) {
      console.error(`[Actor $
[Entity 329] CONSTRUCTOR START: type=goblin at 68,68
[Entity 329] Calling registerEntity...
[Entity 329] registerEntity returned.
[Entity 329] Calling updatePosition...
[Entity 329] updatePosition returned.
[DIAG] Actor Created ID: 329
[DIAG] Actor smartMove type: function
[DIAG] Actor smartMove body snapshot: smartMove(tx, tz, time, depth = 0) {
    if (isNaN(tx) || isNaN(tz)) {
      console.error(`[Actor $
[Entity 330] CONSTRUCTOR START: type=goblin at 70,70
[Entity 330] Calling registerEntity...
[Entity 330] registerEntity returned.
[Entity 330] Calling updatePosition...
[Entity 330] updatePosition returned.
[DIAG] Actor Created ID: 330
[DIAG] Actor smartMove type: function
[DIAG] Actor smartMove body snapshot: smartMove(tx, tz, time, depth = 0) {
    if (isNaN(tx) || isNaN(tz)) {
      console.error(`[Actor $
[Entity 331] CONSTRUCTOR START: type=goblin at 72,72
[Entity 331] Calling registerEntity...
[Entity 331] registerEntity returned.
[Entity 331] Calling updatePosition...
[Entity 331] updatePosition returned.
[DIAG] Actor Created ID: 331
[DIAG] Actor smartMove type: function
[DIAG] Actor smartMove body snapshot: smartMove(tx, tz, time, depth = 0) {
    if (isNaN(tx) || isNaN(tz)) {
      console.error(`[Actor $
[Entity 332] CONSTRUCTOR START: type=goblin at 74,74
[Entity 332] Calling registerEntity...
[Entity 332] registerEntity returned.
[Entity 332] Calling updatePosition...
[Entity 332] updatePosition returned.
[DIAG] Actor Created ID: 332
[DIAG] Actor smartMove type: function
[DIAG] Actor smartMove body snapshot: smartMove(tx, tz, time, depth = 0) {
    if (isNaN(tx) || isNaN(tz)) {
      console.error(`[Actor $
[Entity 333] CONSTRUCTOR START: type=goblin at 76,76
[Entity 333] Calling registerEntity...
[Entity 333] registerEntity returned.
[Entity 333] Calling updatePosition...
[Entity 333] updatePosition returned.
[DIAG] Actor Created ID: 333
[DIAG] Actor smartMove type: function
[DIAG] Actor smartMove body snapshot: smartMove(tx, tz, time, depth = 0) {
    if (isNaN(tx) || isNaN(tz)) {
      console.error(`[Actor $
[Entity 334] CONSTRUCTOR START: type=goblin at 78,78
[Entity 334] Calling registerEntity...
[Entity 334] registerEntity returned.
[Entity 334] Calling updatePosition...
[Entity 334] updatePosition returned.
[DIAG] Actor Created ID: 334
[DIAG] Actor smartMove type: function
[DIAG] Actor smartMove body snapshot: smartMove(tx, tz, time, depth = 0) {
    if (isNaN(tx) || isNaN(tz)) {
      console.error(`[Actor $
[Entity 335] CONSTRUCTOR START: type=goblin at 80,80
[Entity 335] Calling registerEntity...
[Entity 335] registerEntity returned.
[Entity 335] Calling updatePosition...
[Entity 335] updatePosition returned.
[DIAG] Actor Created ID: 335
[DIAG] Actor smartMove type: function
[DIAG] Actor smartMove body snapshot: smartMove(tx, tz, time, depth = 0) {
    if (isNaN(tx) || isNaN(tz)) {
      console.error(`[Actor $
[Entity 336] CONSTRUCTOR START: type=goblin at 82,82
[Entity 336] Calling registerEntity...
[Entity 336] registerEntity returned.
[Entity 336] Calling updatePosition...
[Entity 336] updatePosition returned.
[DIAG] Actor Created ID: 336
[DIAG] Actor smartMove type: function
[DIAG] Actor smartMove body snapshot: smartMove(tx, tz, time, depth = 0) {
    if (isNaN(tx) || isNaN(tz)) {
      console.error(`[Actor $
[Entity 337] CONSTRUCTOR START: type=goblin at 84,84
[Entity 337] Calling registerEntity...
[Entity 337] registerEntity returned.
[Entity 337] Calling updatePosition...
[Entity 337] updatePosition returned.
[DIAG] Actor Created ID: 337
[DIAG] Actor smartMove type: function
[DIAG] Actor smartMove body snapshot: smartMove(tx, tz, time, depth = 0) {
    if (isNaN(tx) || isNaN(tz)) {
      console.error(`[Actor $
[Entity 338] CONSTRUCTOR START: type=goblin at 86,86
[Entity 338] Calling registerEntity...
[Entity 338] registerEntity returned.
[Entity 338] Calling updatePosition...
[Entity 338] updatePosition returned.
[DIAG] Actor Created ID: 338
[DIAG] Actor smartMove type: function
[DIAG] Actor smartMove body snapshot: smartMove(tx, tz, time, depth = 0) {
    if (isNaN(tx) || isNaN(tz)) {
      console.error(`[Actor $
[Entity 339] CONSTRUCTOR START: type=goblin at 88,88
[Entity 339] Calling registerEntity...
[Entity 339] registerEntity returned.
[Entity 339] Calling updatePosition...
[Entity 339] updatePosition returned.
[DIAG] Actor Created ID: 339
[DIAG] Actor smartMove type: function
[DIAG] Actor smartMove body snapshot: smartMove(tx, tz, time, depth = 0) {
    if (isNaN(tx) || isNaN(tz)) {
      console.error(`[Actor $
[Entity 340] CONSTRUCTOR START: type=goblin at 90,90
[Entity 340] Calling registerEntity...
[Entity 340] registerEntity returned.
[Entity 340] Calling updatePosition...
[Entity 340] updatePosition returned.
[DIAG] Actor Created ID: 340
[DIAG] Actor smartMove type: function
[DIAG] Actor smartMove body snapshot: smartMove(tx, tz, time, depth = 0) {
    if (isNaN(tx) || isNaN(tz)) {
      console.error(`[Actor $
[Entity 341] CONSTRUCTOR START: type=goblin at 92,92
[Entity 341] Calling registerEntity...
[Entity 341] registerEntity returned.
[Entity 341] Calling updatePosition...
[Entity 341] updatePosition returned.
[DIAG] Actor Created ID: 341
[DIAG] Actor smartMove type: function
[DIAG] Actor smartMove body snapshot: smartMove(tx, tz, time, depth = 0) {
    if (isNaN(tx) || isNaN(tz)) {
      console.error(`[Actor $
[Entity 342] CONSTRUCTOR START: type=goblin at 94,94
[Entity 342] Calling registerEntity...
[Entity 342] registerEntity returned.
[Entity 342] Calling updatePosition...
[Entity 342] updatePosition returned.
[DIAG] Actor Created ID: 342
[DIAG] Actor smartMove type: function
[DIAG] Actor smartMove body snapshot: smartMove(tx, tz, time, depth = 0) {
    if (isNaN(tx) || isNaN(tz)) {
      console.error(`[Actor $
[Entity 343] CONSTRUCTOR START: type=goblin at 96,96
[Entity 343] Calling registerEntity...
[Entity 343] registerEntity returned.
[Entity 343] Calling updatePosition...
[Entity 343] updatePosition returned.
[DIAG] Actor Created ID: 343
[DIAG] Actor smartMove type: function
[DIAG] Actor smartMove body snapshot: smartMove(tx, tz, time, depth = 0) {
    if (isNaN(tx) || isNaN(tz)) {
      console.error(`[Actor $
[Entity 344] CONSTRUCTOR START: type=goblin at 98,98
[Entity 344] Calling registerEntity...
[Entity 344] registerEntity returned.
[Entity 344] Calling updatePosition...
[Entity 344] updatePosition returned.
[DIAG] Actor Created ID: 344
[DIAG] Actor smartMove type: function
[DIAG] Actor smartMove body snapshot: smartMove(tx, tz, time, depth = 0) {
    if (isNaN(tx) || isNaN(tz)) {
      console.error(`[Actor $
[Entity 345] CONSTRUCTOR START: type=goblin at 100,100
[Entity 345] Calling registerEntity...
[Entity 345] registerEntity returned.
[Entity 345] Calling updatePosition...
[Entity 345] updatePosition returned.
[DIAG] Actor Created ID: 345
[DIAG] Actor smartMove type: function
[DIAG] Actor smartMove body snapshot: smartMove(tx, tz, time, depth = 0) {
    if (isNaN(tx) || isNaN(tz)) {
      console.error(`[Actor $
[Entity 346] CONSTRUCTOR START: type=goblin at 102,102
[Entity 346] Calling registerEntity...
[Entity 346] registerEntity returned.
[Entity 346] Calling updatePosition...
[Entity 346] updatePosition returned.
[DIAG] Actor Created ID: 346
[DIAG] Actor smartMove type: function
[DIAG] Actor smartMove body snapshot: smartMove(tx, tz, time, depth = 0) {
    if (isNaN(tx) || isNaN(tz)) {
      console.error(`[Actor $
[Entity 347] CONSTRUCTOR START: type=goblin at 104,104
[Entity 347] Calling registerEntity...
[Entity 347] registerEntity returned.
[Entity 347] Calling updatePosition...
[Entity 347] updatePosition returned.
[DIAG] Actor Created ID: 347
[DIAG] Actor smartMove type: function
[DIAG] Actor smartMove body snapshot: smartMove(tx, tz, time, depth = 0) {
    if (isNaN(tx) || isNaN(tz)) {
      console.error(`[Actor $
[Entity 348] CONSTRUCTOR START: type=goblin at 106,106
[Entity 348] Calling registerEntity...
[Entity 348] registerEntity returned.
[Entity 348] Calling updatePosition...
[Entity 348] updatePosition returned.
[DIAG] Actor Created ID: 348
[DIAG] Actor smartMove type: function
[DIAG] Actor smartMove body snapshot: smartMove(tx, tz, time, depth = 0) {
    if (isNaN(tx) || isNaN(tz)) {
      console.error(`[Actor $
[Entity 349] CONSTRUCTOR START: type=goblin at 108,108
[Entity 349] Calling registerEntity...
[Entity 349] registerEntity returned.
[Entity 349] Calling updatePosition...
[Entity 349] updatePosition returned.
[DIAG] Actor Created ID: 349
[DIAG] Actor smartMove type: function
[DIAG] Actor smartMove body snapshot: smartMove(tx, tz, time, depth = 0) {
    if (isNaN(tx) || isNaN(tz)) {
      console.error(`[Actor $
[Stress] Starting 60s Chaos Simulation...
[Game Heartbeat] Active:false Loading:false Units:50 Goblins:50 Time:0.0
[Game Heartbeat] Active:false Loading:false Units:50 Goblins:50 Time:0.0
[Game Heartbeat] Active:false Loading:false Units:50 Goblins:50 Time:0.0
[Game Heartbeat] Active:false Loading:false Units:50 Goblins:50 Time:0.0
[Game Heartbeat] Active:false Loading:false Units:50 Goblins:50 Time:0.0
[Game Heartbeat] Active:false Loading:false Units:50 Goblins:50 Time:0.0
[Game Heartbeat] Active:false Loading:false Units:50 Goblins:50 Time:0.0
[Game Heartbeat] Active:false Loading:false Units:50 Goblins:50 Time:0.0
[Game Heartbeat] Active:false Loading:false Units:50 Goblins:50 Time:0.0
[Game Heartbeat] Active:false Loading:false Units:50 Goblins:50 Time:0.0
[Stress] Chaos Result: 50 Units vs 50 Goblins alive.

[90mstdout[2m | src/tests/StressTest.test.js[2m > [22m[2mLarge Scale Stress Testing (Phase 26)[2m > [22m[2mshould complete a 60-second simulation with 100 colliding entities (Chaos Test)
[22m[39m[Game] Dispose called for Game Instance.

[90mstdout[2m | src/tests/SheepHuntingFix.test.js
[22m[39m[DEBUG] Goblin.ts loaded

[90mstdout[2m | src/tests/SheepHuntingFix.test.js
[22m[39m[Import Debug] Raid: function, Combat: function, Wander: function

[90mstdout[2m | src/tests/CombatBalance.test.js
[22m[39m[DEBUG] Goblin.ts loaded

 [32m笨・[39m src/tests/StressTest.test.js [2m([22m[2m2 tests[22m[2m)[22m[33m 988[2mms[22m[39m
     [33m[2m笨・[22m[39m should handle 200 units and 50 goblins without crashing (Spawn Storm) [33m 340[2mms[22m[39m
     [33m[2m笨・[22m[39m should complete a 60-second simulation with 100 colliding entities (Chaos Test) [33m 645[2mms[22m[39m
[90mstdout[2m | src/tests/SheepHuntingFix.test.js
[22m[39m[DEBUG] Game.ts top-level load

[90mstdout[2m | src/tests/CombatBalance.test.js
[22m[39m[Import Debug] Raid: function, Combat: function, Wander: function

[90mstdout[2m | src/tests/ComplexInteraction.test.js
[22m[39m[DEBUG] Building.ts loaded

[90mstdout[2m | src/tests/ComplexInteraction.test.js
[22m[39m[DEBUG] Terrain.ts top-level load

[90mstdout[2m | src/tests/CombatBalance.test.js
[22m[39m[DEBUG] Game.ts top-level load

[90mstdout[2m | src/tests/ComplexInteraction.test.js
[22m[39m[DEBUG] Actor.ts loaded

[90mstdout[2m | src/tests/CombatBalance.test.js[2m > [22m[2mCombat Balance Verification[2m > [22m[2mWorker vs Normal Goblin (Expected: Goblin Win due to stats buff)
[22m[39m[Game] Init SphereGeometry
[Game] Minimal/Override Init Start
[Game] Minimal: Init Clock
[Game FORCE CONST 1] Assigning terrainOverride to this.terrain
[Game] Minimal: Init Managers
[Game] Minimal: Init GoblinManager
[GoblinManager] 5蛟九・豢樒ｪ溘ｒ逕滓・荳ｭ...
[GoblinManager] DETERMINISM: generateCaves start. rngState=undefined
[GoblinManager] DETERMINISM: Attempt 1: Rnd(0.747975, 0.805161) -> Grid(119, 128) rngState=undefined
[GoblinManager] DETERMINISM: Attempt 2: Rnd(0.309623, 0.135396) -> Grid(49, 21) rngState=undefined
[GoblinManager] DETERMINISM: Attempt 3: Rnd(0.063548, 0.195154) -> Grid(10, 31) rngState=undefined
[GoblinManager] 豢樒ｪ溽函謌仙ｮ御ｺ・ 0/5 (隧ｦ陦悟屓謨ｰ: 5000)
[Game] Minimal: Init EnemyAI
[Game] Minimal: Done. Returning.
[GoblinManager] 5蛟九・豢樒ｪ溘ｒ逕滓・荳ｭ...
[GoblinManager] DETERMINISM: generateCaves start. rngState=undefined
[GoblinManager] DETERMINISM: Attempt 1: Rnd(0.489608, 0.395250) -> Grid(78, 63) rngState=undefined
[GoblinManager] DETERMINISM: Attempt 2: Rnd(0.484690, 0.343505) -> Grid(77, 54) rngState=undefined
[GoblinManager] DETERMINISM: Attempt 3: Rnd(0.270452, 0.519283) -> Grid(43, 83) rngState=undefined
[GoblinManager] 豢樒ｪ溽函謌仙ｮ御ｺ・ 0/5 (隧ｦ陦悟屓謨ｰ: 5000)

[90mstdout[2m | src/tests/SheepHuntingFix.test.js[2m > [22m[2mSheep Hunting Logic & Manager Update Fix[2m > [22m[2mshould remove dead sheep during manager update
[22m[39m[Game] Init SphereGeometry
[Game] Minimal/Override Init Start
[Game] Minimal: Init Clock
[Game FORCE CONST 1] Creating mock terrain
[Game] Minimal: Init Managers
[Game] Minimal: Init GoblinManager
[GoblinManager] 5蛟九・豢樒ｪ溘ｒ逕滓・荳ｭ...
[GoblinManager] DETERMINISM: generateCaves start. rngState=undefined
[GoblinManager] DETERMINISM: Attempt 1: Rnd(0.546688, 0.753967) -> Grid(87, 120) rngState=undefined
[GoblinManager] DETERMINISM: Attempt 2: Rnd(0.867326, 0.107723) -> Grid(138, 17) rngState=undefined
[GoblinManager] DETERMINISM: Attempt 3: Rnd(0.090686, 0.895966) -> Grid(14, 143) rngState=undefined
[GoblinManager] 豢樒ｪ溽函謌仙ｮ御ｺ・ 0/5 (隧ｦ陦悟屓謨ｰ: 5000)
[Game] Minimal: Init EnemyAI
[Game] Minimal: Done. Returning.
Resetting SheepManager...
[Entity 0] CONSTRUCTOR START: type=sheep at 50,28
[Entity 0] Calling registerEntity...
[Entity 0] registerEntity returned.
[Entity 0] Calling updatePosition...
[Entity 0] updatePosition returned.
[DIAG] Actor Created ID: 0
[DIAG] Actor smartMove type: function
[DIAG] Actor smartMove body snapshot: smartMove(tx, tz, time, depth = 0) {
    if (isNaN(tx) || isNaN(tz)) {
      console.error(`[Actor $
[Actor 0] CHANGE STATE: None -> SheepWander Request:null 
[Entity 1] CONSTRUCTOR START: type=sheep at 65,143
[Entity 1] Calling registerEntity...
[Entity 1] registerEntity returned.
[Entity 1] Calling updatePosition...
[Entity 1] updatePosition returned.
[DIAG] Actor Created ID: 1
[DIAG] Actor smartMove type: function
[DIAG] Actor smartMove body snapshot: smartMove(tx, tz, time, depth = 0) {
    if (isNaN(tx) || isNaN(tz)) {
      console.error(`[Actor $
[Entity 2] CONSTRUCTOR START: type=sheep at 60,112
[Entity 2] Calling registerEntity...
[Entity 2] registerEntity returned.
[Entity 2] Calling updatePosition...
[Entity 2] updatePosition returned.
[DIAG] Actor Created ID: 2
[DIAG] Actor smartMove type: function
[DIAG] Actor smartMove body snapshot: smartMove(tx, tz, time, depth = 0) {
    if (isNaN(tx) || isNaN(tz)) {
      console.error(`[Actor $
[Entity 3] CONSTRUCTOR START: type=sheep at 28,88
[Entity 3] Calling registerEntity...
[Entity 3] registerEntity returned.
[Entity 3] Calling updatePosition...
[Entity 3] updatePosition returned.
[DIAG] Actor Created ID: 3
[DIAG] Actor smartMove type: function
[DIAG] Actor smartMove body snapshot: smartMove(tx, tz, time, depth = 0) {
    if (isNaN(tx) || isNaN(tz)) {
      console.error(`[Actor $
[Entity 4] CONSTRUCTOR START: type=sheep at 58,153
[Entity 4] Calling registerEntity...
[Entity 4] registerEntity returned.
[Entity 4] Calling updatePosition...
[Entity 4] updatePosition returned.
[DIAG] Actor Created ID: 4
[DIAG] Actor smartMove type: function
[DIAG] Actor smartMove body snapshot: smartMove(tx, tz, time, depth = 0) {
    if (isNaN(tx) || isNaN(tz)) {
      console.error(`[Actor $
[Entity 5] CONSTRUCTOR START: type=sheep at 92,149
[Entity 5] Calling registerEntity...
[Entity 5] registerEntity returned.
[Entity 5] Calling updatePosition...
[Entity 5] updatePosition returned.
[DIAG] Actor Created ID: 5
[DIAG] Actor smartMove type: function
[DIAG] Actor smartMove body snapshot: smartMove(tx, tz, time, depth = 0) {
    if (isNaN(tx) || isNaN(tz)) {
      console.error(`[Actor $
[Entity 6] CONSTRUCTOR START: type=sheep at 59,13
[Entity 6] Calling registerEntity...
[Entity 6] registerEntity returned.
[Entity 6] Calling updatePosition...
[Entity 6] updatePosition returned.
[DIAG] Actor Created ID: 6
[DIAG] Actor smartMove type: function
[DIAG] Actor smartMove body snapshot: smartMove(tx, tz, time, depth = 0) {
    if (isNaN(tx) || isNaN(tz)) {
      console.error(`[Actor $
[Entity 7] CONSTRUCTOR START: type=sheep at 95,94
[Entity 7] Calling registerEntity...
[Entity 7] registerEntity returned.
[Entity 7] Calling updatePosition...
[Entity 7] updatePosition returned.
[DIAG] Actor Created ID: 7
[DIAG] Actor smartMove type: function
[DIAG] Actor smartMove body snapshot: smartMove(tx, tz, time, depth = 0) {
    if (isNaN(tx) || isNaN(tz)) {
      console.error(`[Actor $
[Entity 8] CONSTRUCTOR START: type=sheep at 146,152
[Entity 8] Calling registerEntity...
[Entity 8] registerEntity returned.
[Entity 8] Calling updatePosition...
[Entity 8] updatePosition returned.
[DIAG] Actor Created ID: 8
[DIAG] Actor smartMove type: function
[DIAG] Actor smartMove body snapshot: smartMove(tx, tz, time, depth = 0) {
    if (isNaN(tx) || isNaN(tz)) {
      console.error(`[Actor $
[Entity 9] CONSTRUCTOR START: type=sheep at 25,120
[Entity 9] Calling registerEntity...
[Entity 9] registerEntity returned.
[Entity 9] Calling updatePosition...
[Entity 9] updatePosition returned.
[DIAG] Actor Created ID: 9
[DIAG] Actor smartMove type: function
[DIAG] Actor smartMove body snapshot: smartMove(tx, tz, time, depth = 0) {
    if (isNaN(tx) || isNaN(tz)) {
      console.error(`[Actor $

stderr | src/tests/UnitStress.test.js > Unit AI Stress Testing > should handle 100 units starting distant jobs simultaneously without dropping tasks
[Game] Warning: markerMaterial missing or invalid. Using fallback.
[Game] Warning: markerMaterial missing or invalid. Using fallback.
[Game] Warning: markerMaterial missing or invalid. Using fallback.
[Game] Warning: markerMaterial missing or invalid. Using fallback.
[Game] Warning: markerMaterial missing or invalid. Using fallback.
[Game] Warning: markerMaterial missing or invalid. Using fallback.
[Game] Warning: markerMaterial missing or invalid. Using fallback.
[Game] Warning: markerMaterial missing or invalid. Using fallback.
[Game] Warning: markerMaterial missing or invalid. Using fallback.
[Game] Warning: markerMaterial missing or invalid. Using fallback.
[Game] Warning: markerMaterial missing or invalid. Using fallback.
[Game] Warning: markerMaterial missing or invalid. Using fallback.
[Game] Warning: markerMaterial missing or invalid. Using fallback.
[Game] Warning: markerMaterial missing or invalid. Using fallback.
[Game] Warning: markerMaterial missing or invalid. Using fallback.
[Game] Warning: markerMaterial missing or invalid. Using fallback.
[Game] Warning: markerMaterial missing or invalid. Using fallback.
[Game] Warning: markerMaterial missing or invalid. Using fallback.
[Game] Warning: markerMaterial missing or invalid. Using fallback.
[Game] Warning: markerMaterial missing or invalid. Using fallback.
[Game] Warning: markerMaterial missing or invalid. Using fallback.
[Game] Warning: markerMaterial missing or invalid. Using fallback.
[Game] Warning: markerMaterial missing or invalid. Using fallback.
[Game] Warning: markerMaterial missing or invalid. Using fallback.
[Game] Warning: markerMaterial missing or invalid. Using fallback.
[Game] Warning: markerMaterial missing or invalid. Using fallback.
[Game] Warning: markerMaterial missing or invalid. Using fallback.
[Game] Warning: markerMaterial missing or invalid. Using fallback.
[Game] Warning: markerMaterial missing or invalid. Using fallback.
[Game] Warning: markerMaterial missing or invalid. Using fallback.
[Game] Warning: markerMaterial missing or invalid. Using fallback.
[Game] Warning: markerMaterial missing or invalid. Using fallback.
[Game] Warning: markerMaterial missing or invalid. Using fallback.
[Game] Warning: markerMaterial missing or invalid. Using fallback.
[Game] Warning: markerMaterial missing or invalid. Using fallback.
[Game] Warning: markerMaterial missing or invalid. Using fallback.
[Game] Warning: markerMaterial missing or invalid. Using fallback.
[Game] Warning: markerMaterial missing or invalid. Using fallback.
[Game] Warning: markerMaterial missing or invalid. Using fallback.
[Game] Warning: markerMaterial missing or invalid. Using fallback.
[Game] Warning: markerMaterial missing or invalid. Using fallback.
[Game] Warning: markerMaterial missing or invalid. Using fallback.
[Game] Warning: markerMaterial missing or invalid. Using fallback.
[Game] Warning: markerMaterial missing or invalid. Using fallback.
[Game] Warning: markerMaterial missing or invalid. Using fallback.
[Game] Warning: markerMaterial missing or invalid. Using fallback.
[Game] Warning: markerMaterial missing or invalid. Using fallback.
[Game] Warning: markerMaterial missing or invalid. Using fallback.
[Game] Warning: markerMaterial missing or invalid. Using fallback.
[Game] Warning: markerMaterial missing or invalid. Using fallback.
[Game] Warning: markerMaterial missing or invalid. Using fallback.
[Game] Warning: markerMaterial missing or invalid. Using fallback.
[Game] Warning: markerMaterial missing or invalid. Using fallback.
[Game] Warning: markerMaterial missing or invalid. Using fallback.
[Game] Warning: markerMaterial missing or invalid. Using fallback.
[Game] Warning: markerMaterial missing or invalid. Using fallback.
[Game] Warning: markerMaterial missing or invalid. Using fallback.
[Game] Warning: markerMaterial missing or invalid. Using fallback.
[Game] Warning: markerMaterial missing or invalid. Using fallback.
[Game] Warning: markerMaterial missing or invalid. Using fallback.
[Game] Warning: markerMaterial missing or invalid. Using fallback.
[Game] Warning: markerMaterial missing or invalid. Using fallback.
[Game] Warning: markerMaterial missing or invalid. Using fallback.
[Game] Warning: markerMaterial missing or invalid. Using fallback.
[Game] Warning: markerMaterial missing or invalid. Using fallback.
[Game] Warning: markerMaterial missing or invalid. Using fallback.
[Game] Warning: markerMaterial missing or invalid. Using fallback.
[Game] Warning: markerMaterial missing or invalid. Using fallback.
[Game] Warning: markerMaterial missing or invalid. Using fallback.
[Game] Warning: markerMaterial missing or invalid. Using fallback.
[Game] Warning: markerMaterial missing or invalid. Using fallback.
[Game] Warning: markerMaterial missing or invalid. Using fallback.
[Game] Warning: markerMaterial missing or invalid. Using fallback.
[Game] Warning: markerMaterial missing or invalid. Using fallback.
[Game] Warning: markerMaterial missing or invalid. Using fallback.
[Game] Warning: markerMaterial missing or invalid. Using fallback.
[Game] Warning: markerMaterial missing or invalid. Using fallback.
[Game] Warning: markerMaterial missing or invalid. Using fallback.
[Game] Warning: markerMaterial missing or invalid. Using fallback.
[Game] Warning: markerMaterial missing or invalid. Using fallback.
[Game] Warning: markerMaterial missing or invalid. Using fallback.
[Game] Warning: markerMaterial missing or invalid. Using fallback.
[Game] Warning: markerMaterial missing or invalid. Using fallback.
[Game] Warning: markerMaterial missing or invalid. Using fallback.
[Game] Warning: markerMaterial missing or invalid. Using fallback.
[Game] Warning: markerMaterial missing or invalid. Using fallback.
[Game] Warning: markerMaterial missing or invalid. Using fallback.
[Game] Warning: markerMaterial missing or invalid. Using fallback.
[Game] Warning: markerMaterial missing or invalid. Using fallback.
[Game] Warning: markerMaterial missing or invalid. Using fallback.
[Game] Warning: markerMaterial missing or invalid. Using fallback.
[Game] Warning: markerMaterial missing or invalid. Using fallback.
[Game] Warning: markerMaterial missing or invalid. Using fallback.
[Game] Warning: markerMaterial missing or invalid. Using fallback.
[Game] Warning: markerMaterial missing or invalid. Using fallback.
[Game] Warning: markerMaterial missing or invalid. Using fallback.
[Game] Warning: markerMaterial missing or invalid. Using fallback.
[Game] Warning: markerMaterial missing or invalid. Using fallback.
[Game] Warning: markerMaterial missing or invalid. Using fallback.
[Game] Warning: markerMaterial missing or invalid. Using fallback.

[90mstdout[2m | src/tests/UnitStress.test.js[2m > [22m[2mUnit AI Stress Testing[2m > [22m[2mshould handle 100 units starting distant jobs simultaneously without dropping tasks
[22m[39m[Entity 0] CONSTRUCTOR START: type=unit at 2,2
[Entity 0] Calling registerEntity...
[Entity 0] registerEntity returned.
[Entity 0] Calling updatePosition...
[Entity 0] updatePosition returned.
[DIAG] Actor Created ID: 0
[DIAG] Actor smartMove type: function
[DIAG] Actor smartMove body snapshot: smartMove(tx, tz, time, depth = 0) {
    if (isNaN(tx) || isNaN(tz)) {
      console.error(`[Actor $
[UnitCore.js] Unit Created ID:0 Role:worker Pos:2,2 Special:false
[Unit 0] State Change: None -> Wander
[UnitCore.js] Unit Created ID:0 Role:worker Pos:2,2
[UnitCore.js] Unit Construction Finished ID:0
[Game] Request Added: raise at (100,100) ID:req_0
[Game] No worker in radius 80 for Manual Req req_0. Trying Global Scan...
[Unit 0] State Change: Wander -> Job
[Actor 0] Resetting Unreachable (Target changed or initializing)
[Entity 1] CONSTRUCTOR START: type=unit at 2,2
[Entity 1] Calling registerEntity...
[Entity 1] registerEntity returned.
[Entity 1] Calling updatePosition...
[Entity 1] updatePosition returned.
[DIAG] Actor Created ID: 1
[DIAG] Actor smartMove type: function
[DIAG] Actor smartMove body snapshot: smartMove(tx, tz, time, depth = 0) {
    if (isNaN(tx) || isNaN(tz)) {
      console.error(`[Actor $
[UnitCore.js] Unit Created ID:1 Role:worker Pos:2,2 Special:false
[UnitCore.js] Unit Created ID:1 Role:worker Pos:2,2
[UnitCore.js] Unit Construction Finished ID:1
[Game] Request Added: raise at (100,100) ID:req_1
[Game] No worker in radius 80 for Manual Req req_1. Trying Global Scan...
[Actor 1] Resetting Unreachable (Target changed or initializing)
[Entity 2] CONSTRUCTOR START: type=unit at 2,2
[Entity 2] Calling registerEntity...
[Entity 2] registerEntity returned.
[Entity 2] Calling updatePosition...
[Entity 2] updatePosition returned.
[DIAG] Actor Created ID: 2
[DIAG] Actor smartMove type: function
[DIAG] Actor smartMove body snapshot: smartMove(tx, tz, time, depth = 0) {
    if (isNaN(tx) || isNaN(tz)) {
      console.error(`[Actor $
[UnitCore.js] Unit Created ID:2 Role:worker Pos:2,2 Special:false
[UnitCore.js] Unit Created ID:2 Role:worker Pos:2,2
[UnitCore.js] Unit Construction Finished ID:2
[Game] Request Added: raise at (100,100) ID:req_2
[Game] No worker in radius 80 for Manual Req req_2. Trying Global Scan...
[Actor 2] Resetting Unreachable (Target changed or initializing)
[Entity 3] CONSTRUCTOR START: type=unit at 2,2
[Entity 3] Calling registerEntity...
[Entity 3] registerEntity returned.
[Entity 3] Calling updatePosition...
[Entity 3] updatePosition returned.
[DIAG] Actor Created ID: 3
[DIAG] Actor smartMove type: function
[DIAG] Actor smartMove body snapshot: smartMove(tx, tz, time, depth = 0) {
    if (isNaN(tx) || isNaN(tz)) {
      console.error(`[Actor $
[UnitCore.js] Unit Created ID:3 Role:worker Pos:2,2 Special:false
[UnitCore.js] Unit Created ID:3 Role:worker Pos:2,2
[UnitCore.js] Unit Construction Finished ID:3
[Game] Request Added: raise at (100,100) ID:req_3
[Game] No worker in radius 80 for Manual Req req_3. Trying Global Scan...
[Actor 3] Resetting Unreachable (Target changed or initializing)
[Entity 4] CONSTRUCTOR START: type=unit at 2,2
[Entity 4] Calling registerEntity...
[Entity 4] registerEntity returned.
[Entity 4] Calling updatePosition...
[Entity 4] updatePosition returned.
[DIAG] Actor Created ID: 4
[DIAG] Actor smartMove type: function
[DIAG] Actor smartMove body snapshot: smartMove(tx, tz, time, depth = 0) {
    if (isNaN(tx) || isNaN(tz)) {
      console.error(`[Actor $
[UnitCore.js] Unit Created ID:4 Role:worker Pos:2,2 Special:false
[UnitCore.js] Unit Created ID:4 Role:worker Pos:2,2
[UnitCore.js] Unit Construction Finished ID:4
[Game] Request Added: raise at (100,100) ID:req_4
[Game] No worker in radius 80 for Manual Req req_4. Trying Global Scan...
[Actor 4] Resetting Unreachable (Target changed or initializing)
[Entity 5] CONSTRUCTOR START: type=unit at 2,2
[Entity 5] Calling registerEntity...
[Entity 5] registerEntity returned.
[Entity 5] Calling updatePosition...
[Entity 5] updatePosition returned.
[DIAG] Actor Created ID: 5
[DIAG] Actor smartMove type: function
[DIAG] Actor smartMove body snapshot: smartMove(tx, tz, time, depth = 0) {
    if (isNaN(tx) || isNaN(tz)) {
      console.error(`[Actor $
[UnitCore.js] Unit Created ID:5 Role:worker Pos:2,2 Special:false
[UnitCore.js] Unit Created ID:5 Role:worker Pos:2,2
[UnitCore.js] Unit Construction Finished ID:5
[Game] Request Added: raise at (100,100) ID:req_5
[Game] No worker in radius 80 for Manual Req req_5. Trying Global Scan...
[Actor 5] Resetting Unreachable (Target changed or initializing)
[Entity 6] CONSTRUCTOR START: type=unit at 2,2
[Entity 6] Calling registerEntity...
[Entity 6] registerEntity returned.
[Entity 6] Calling updatePosition...
[Entity 6] updatePosition returned.
[DIAG] Actor Created ID: 6
[DIAG] Actor smartMove type: function
[DIAG] Actor smartMove body snapshot: smartMove(tx, tz, time, depth = 0) {
    if (isNaN(tx) || isNaN(tz)) {
      console.error(`[Actor $
[UnitCore.js] Unit Created ID:6 Role:worker Pos:2,2 Special:false
[UnitCore.js] Unit Created ID:6 Role:worker Pos:2,2
[UnitCore.js] Unit Construction Finished ID:6
[Game] Request Added: raise at (100,100) ID:req_6
[Game] No worker in radius 80 for Manual Req req_6. Trying Global Scan...
[Actor 6] Resetting Unreachable (Target changed or initializing)
[Entity 7] CONSTRUCTOR START: type=unit at 2,2
[Entity 7] Calling registerEntity...
[Entity 7] registerEntity returned.
[Entity 7] Calling updatePosition...
[Entity 7] updatePosition returned.
[DIAG] Actor Created ID: 7
[DIAG] Actor smartMove type: function
[DIAG] Actor smartMove body snapshot: smartMove(tx, tz, time, depth = 0) {
    if (isNaN(tx) || isNaN(tz)) {
      console.error(`[Actor $
[UnitCore.js] Unit Created ID:7 Role:worker Pos:2,2 Special:false
[UnitCore.js] Unit Created ID:7 Role:worker Pos:2,2
[UnitCore.js] Unit Construction Finished ID:7
[Game] Request Added: raise at (100,100) ID:req_7
[Game] No worker in radius 80 for Manual Req req_7. Trying Global Scan...
[Actor 7] Resetting Unreachable (Target changed or initializing)
[Entity 8] CONSTRUCTOR START: type=unit at 2,2
[Entity 8] Calling registerEntity...
[Entity 8] registerEntity returned.
[Entity 8] Calling updatePosition...
[Entity 8] updatePosition returned.
[DIAG] Actor Created ID: 8
[DIAG] Actor smartMove type: function
[DIAG] Actor smartMove body snapshot: smartMove(tx, tz, time, depth = 0) {
    if (isNaN(tx) || isNaN(tz)) {
      console.error(`[Actor $
[UnitCore.js] Unit Created ID:8 Role:worker Pos:2,2 Special:false
[UnitCore.js] Unit Created ID:8 Role:worker Pos:2,2
[UnitCore.js] Unit Construction Finished ID:8
[Game] Request Added: raise at (100,100) ID:req_8
[Game] No worker in radius 80 for Manual Req req_8. Trying Global Scan...
[Actor 8] Resetting Unreachable (Target changed or initializing)
[Entity 9] CONSTRUCTOR START: type=unit at 2,2
[Entity 9] Calling registerEntity...
[Entity 9] registerEntity returned.
[Entity 9] Calling updatePosition...
[Entity 9] updatePosition returned.
[DIAG] Actor Created ID: 9
[DIAG] Actor smartMove type: function
[DIAG] Actor smartMove body snapshot: smartMove(tx, tz, time, depth = 0) {
    if (isNaN(tx) || isNaN(tz)) {
      console.error(`[Actor $
[UnitCore.js] Unit Created ID:9 Role:worker Pos:2,2 Special:false
[UnitCore.js] Unit Created ID:9 Role:worker Pos:2,2
[UnitCore.js] Unit Construction Finished ID:9
[Game] Request Added: raise at (100,100) ID:req_9
[Game] No worker in radius 80 for Manual Req req_9. Trying Global Scan...
[Actor 9] Resetting Unreachable (Target changed or initializing)
[Entity 10] CONSTRUCTOR START: type=unit at 2,2
[Entity 10] Calling registerEntity...
[Entity 10] registerEntity returned.
[Entity 10] Calling updatePosition...
[Entity 10] updatePosition returned.
[DIAG] Actor Created ID: 10
[DIAG] Actor smartMove type: function
[DIAG] Actor smartMove body snapshot: smartMove(tx, tz, time, depth = 0) {
    if (isNaN(tx) || isNaN(tz)) {
      console.error(`[Actor $
[UnitCore.js] Unit Created ID:10 Role:worker Pos:2,2 Special:false
[UnitCore.js] Unit Created ID:10 Role:worker Pos:2,2
[UnitCore.js] Unit Construction Finished ID:10
[Game] Request Added: raise at (100,100) ID:req_10
[Game] No worker in radius 80 for Manual Req req_10. Trying Global Scan...
[Actor 10] Resetting Unreachable (Target changed or initializing)
[Entity 11] CONSTRUCTOR START: type=unit at 2,2
[Entity 11] Calling registerEntity...
[Entity 11] registerEntity returned.
[Entity 11] Calling updatePosition...
[Entity 11] updatePosition returned.
[DIAG] Actor Created ID: 11
[DIAG] Actor smartMove type: function
[DIAG] Actor smartMove body snapshot: smartMove(tx, tz, time, depth = 0) {
    if (isNaN(tx) || isNaN(tz)) {
      console.error(`[Actor $
[UnitCore.js] Unit Created ID:11 Role:worker Pos:2,2 Special:false
[UnitCore.js] Unit Created ID:11 Role:worker Pos:2,2
[UnitCore.js] Unit Construction Finished ID:11
[Game] Request Added: raise at (100,100) ID:req_11
[Game] No worker in radius 80 for Manual Req req_11. Trying Global Scan...
[Actor 11] Resetting Unreachable (Target changed or initializing)
[Entity 12] CONSTRUCTOR START: type=unit at 2,2
[Entity 12] Calling registerEntity...
[Entity 12] registerEntity returned.
[Entity 12] Calling updatePosition...
[Entity 12] updatePosition returned.
[DIAG] Actor Created ID: 12
[DIAG] Actor smartMove type: function
[DIAG] Actor smartMove body snapshot: smartMove(tx, tz, time, depth = 0) {
    if (isNaN(tx) || isNaN(tz)) {
      console.error(`[Actor $
[UnitCore.js] Unit Created ID:12 Role:worker Pos:2,2 Special:false
[UnitCore.js] Unit Created ID:12 Role:worker Pos:2,2
[UnitCore.js] Unit Construction Finished ID:12
[Game] Request Added: raise at (100,100) ID:req_12
[Game] No worker in radius 80 for Manual Req req_12. Trying Global Scan...
[Actor 12] Resetting Unreachable (Target changed or initializing)
[Entity 13] CONSTRUCTOR START: type=unit at 2,2
[Entity 13] Calling registerEntity...
[Entity 13] registerEntity returned.
[Entity 13] Calling updatePosition...
[Entity 13] updatePosition returned.
[DIAG] Actor Created ID: 13
[DIAG] Actor smartMove type: function
[DIAG] Actor smartMove body snapshot: smartMove(tx, tz, time, depth = 0) {
    if (isNaN(tx) || isNaN(tz)) {
      console.error(`[Actor $
[UnitCore.js] Unit Created ID:13 Role:worker Pos:2,2 Special:false
[UnitCore.js] Unit Created ID:13 Role:worker Pos:2,2
[UnitCore.js] Unit Construction Finished ID:13
[Game] Request Added: raise at (100,100) ID:req_13
[Game] No worker in radius 80 for Manual Req req_13. Trying Global Scan...
[Actor 13] Resetting Unreachable (Target changed or initializing)
[Entity 14] CONSTRUCTOR START: type=unit at 2,2
[Entity 14] Calling registerEntity...
[Entity 14] registerEntity returned.
[Entity 14] Calling updatePosition...
[Entity 14] updatePosition returned.
[DIAG] Actor Created ID: 14
[DIAG] Actor smartMove type: function
[DIAG] Actor smartMove body snapshot: smartMove(tx, tz, time, depth = 0) {
    if (isNaN(tx) || isNaN(tz)) {
      console.error(`[Actor $
[UnitCore.js] Unit Created ID:14 Role:worker Pos:2,2 Special:false
[UnitCore.js] Unit Created ID:14 Role:worker Pos:2,2
[UnitCore.js] Unit Construction Finished ID:14
[Game] Request Added: raise at (100,100) ID:req_14
[Game] No worker in radius 80 for Manual Req req_14. Trying Global Scan...
[Actor 14] Resetting Unreachable (Target changed or initializing)
[Entity 15] CONSTRUCTOR START: type=unit at 2,2
[Entity 15] Calling registerEntity...
[Entity 15] registerEntity returned.
[Entity 15] Calling updatePosition...
[Entity 15] updatePosition returned.
[DIAG] Actor Created ID: 15
[DIAG] Actor smartMove type: function
[DIAG] Actor smartMove body snapshot: smartMove(tx, tz, time, depth = 0) {
    if (isNaN(tx) || isNaN(tz)) {
      console.error(`[Actor $
[UnitCore.js] Unit Created ID:15 Role:worker Pos:2,2 Special:false
[UnitCore.js] Unit Created ID:15 Role:worker Pos:2,2
[UnitCore.js] Unit Construction Finished ID:15
[Game] Request Added: raise at (100,100) ID:req_15
[Game] No worker in radius 80 for Manual Req req_15. Trying Global Scan...
[Actor 15] Resetting Unreachable (Target changed or initializing)
[Entity 16] CONSTRUCTOR START: type=unit at 2,2
[Entity 16] Calling registerEntity...
[Entity 16] registerEntity returned.
[Entity 16] Calling updatePosition...
[Entity 16] updatePosition returned.
[DIAG] Actor Created ID: 16
[DIAG] Actor smartMove type: function
[DIAG] Actor smartMove body snapshot: smartMove(tx, tz, time, depth = 0) {
    if (isNaN(tx) || isNaN(tz)) {
      console.error(`[Actor $
[UnitCore.js] Unit Created ID:16 Role:worker Pos:2,2 Special:false
[UnitCore.js] Unit Created ID:16 Role:worker Pos:2,2
[UnitCore.js] Unit Construction Finished ID:16
[Game] Request Added: raise at (100,100) ID:req_16
[Game] No worker in radius 80 for Manual Req req_16. Trying Global Scan...
[Actor 16] Resetting Unreachable (Target changed or initializing)
[Entity 17] CONSTRUCTOR START: type=unit at 2,2
[Entity 17] Calling registerEntity...
[Entity 17] registerEntity returned.
[Entity 17] Calling updatePosition...
[Entity 17] updatePosition returned.
[DIAG] Actor Created ID: 17
[DIAG] Actor smartMove type: function
[DIAG] Actor smartMove body snapshot: smartMove(tx, tz, time, depth = 0) {
    if (isNaN(tx) || isNaN(tz)) {
      console.error(`[Actor $
[UnitCore.js] Unit Created ID:17 Role:worker Pos:2,2 Special:false
[UnitCore.js] Unit Created ID:17 Role:worker Pos:2,2
[UnitCore.js] Unit Construction Finished ID:17
[Game] Request Added: raise at (100,100) ID:req_17
[Game] No worker in radius 80 for Manual Req req_17. Trying Global Scan...
[Actor 17] Resetting Unreachable (Target changed or initializing)
[Entity 18] CONSTRUCTOR START: type=unit at 2,2
[Entity 18] Calling registerEntity...
[Entity 18] registerEntity returned.
[Entity 18] Calling updatePosition...
[Entity 18] updatePosition returned.
[DIAG] Actor Created ID: 18
[DIAG] Actor smartMove type: function
[DIAG] Actor smartMove body snapshot: smartMove(tx, tz, time, depth = 0) {
    if (isNaN(tx) || isNaN(tz)) {
      console.error(`[Actor $
[UnitCore.js] Unit Created ID:18 Role:worker Pos:2,2 Special:false
[UnitCore.js] Unit Created ID:18 Role:worker Pos:2,2
[UnitCore.js] Unit Construction Finished ID:18
[Game] Request Added: raise at (100,100) ID:req_18
[Game] No worker in radius 80 for Manual Req req_18. Trying Global Scan...
[Actor 18] Resetting Unreachable (Target changed or initializing)
[Entity 19] CONSTRUCTOR START: type=unit at 2,2
[Entity 19] Calling registerEntity...
[Entity 19] registerEntity returned.
[Entity 19] Calling updatePosition...
[Entity 19] updatePosition returned.
[DIAG] Actor Created ID: 19
[DIAG] Actor smartMove type: function
[DIAG] Actor smartMove body snapshot: smartMove(tx, tz, time, depth = 0) {
    if (isNaN(tx) || isNaN(tz)) {
      console.error(`[Actor $
[UnitCore.js] Unit Created ID:19 Role:worker Pos:2,2 Special:false
[UnitCore.js] Unit Created ID:19 Role:worker Pos:2,2
[UnitCore.js] Unit Construction Finished ID:19
[Game] Request Added: raise at (100,100) ID:req_19
[Game] No worker in radius 80 for Manual Req req_19. Trying Global Scan...
[Actor 19] Resetting Unreachable (Target changed or initializing)
[Entity 20] CONSTRUCTOR START: type=unit at 2,2
[Entity 20] Calling registerEntity...
[Entity 20] registerEntity returned.
[Entity 20] Calling updatePosition...
[Entity 20] updatePosition returned.
[DIAG] Actor Created ID: 20
[DIAG] Actor smartMove type: function
[DIAG] Actor smartMove body snapshot: smartMove(tx, tz, time, depth = 0) {
    if (isNaN(tx) || isNaN(tz)) {
      console.error(`[Actor $
[UnitCore.js] Unit Created ID:20 Role:worker Pos:2,2 Special:false
[UnitCore.js] Unit Created ID:20 Role:worker Pos:2,2
[UnitCore.js] Unit Construction Finished ID:20
[Game] Request Added: raise at (100,100) ID:req_20
[Game] No worker in radius 80 for Manual Req req_20. Trying Global Scan...
[Actor 20] Resetting Unreachable (Target changed or initializing)
[Entity 21] CONSTRUCTOR START: type=unit at 2,2
[Entity 21] Calling registerEntity...
[Entity 21] registerEntity returned.
[Entity 21] Calling updatePosition...
[Entity 21] updatePosition returned.
[DIAG] Actor Created ID: 21
[DIAG] Actor smartMove type: function
[DIAG] Actor smartMove body snapshot: smartMove(tx, tz, time, depth = 0) {
    if (isNaN(tx) || isNaN(tz)) {
      console.error(`[Actor $
[UnitCore.js] Unit Created ID:21 Role:worker Pos:2,2 Special:false
[UnitCore.js] Unit Created ID:21 Role:worker Pos:2,2
[UnitCore.js] Unit Construction Finished ID:21
[Game] Request Added: raise at (100,100) ID:req_21
[Game] No worker in radius 80 for Manual Req req_21. Trying Global Scan...
[Actor 21] Resetting Unreachable (Target changed or initializing)
[Entity 22] CONSTRUCTOR START: type=unit at 2,2
[Entity 22] Calling registerEntity...
[Entity 22] registerEntity returned.
[Entity 22] Calling updatePosition...
[Entity 22] updatePosition returned.
[DIAG] Actor Created ID: 22
[DIAG] Actor smartMove type: function
[DIAG] Actor smartMove body snapshot: smartMove(tx, tz, time, depth = 0) {
    if (isNaN(tx) || isNaN(tz)) {
      console.error(`[Actor $
[UnitCore.js] Unit Created ID:22 Role:worker Pos:2,2 Special:false
[UnitCore.js] Unit Created ID:22 Role:worker Pos:2,2
[UnitCore.js] Unit Construction Finished ID:22
[Game] Request Added: raise at (100,100) ID:req_22
[Game] No worker in radius 80 for Manual Req req_22. Trying Global Scan...
[Actor 22] Resetting Unreachable (Target changed or initializing)
[Entity 23] CONSTRUCTOR START: type=unit at 2,2
[Entity 23] Calling registerEntity...
[Entity 23] registerEntity returned.
[Entity 23] Calling updatePosition...
[Entity 23] updatePosition returned.
[DIAG] Actor Created ID: 23
[DIAG] Actor smartMove type: function
[DIAG] Actor smartMove body snapshot: smartMove(tx, tz, time, depth = 0) {
    if (isNaN(tx) || isNaN(tz)) {
      console.error(`[Actor $
[UnitCore.js] Unit Created ID:23 Role:worker Pos:2,2 Special:false
[UnitCore.js] Unit Created ID:23 Role:worker Pos:2,2
[UnitCore.js] Unit Construction Finished ID:23
[Game] Request Added: raise at (100,100) ID:req_23
[Game] No worker in radius 80 for Manual Req req_23. Trying Global Scan...
[Actor 23] Resetting Unreachable (Target changed or initializing)
[Entity 24] CONSTRUCTOR START: type=unit at 2,2
[Entity 24] Calling registerEntity...
[Entity 24] registerEntity returned.
[Entity 24] Calling updatePosition...
[Entity 24] updatePosition returned.
[DIAG] Actor Created ID: 24
[DIAG] Actor smartMove type: function
[DIAG] Actor smartMove body snapshot: smartMove(tx, tz, time, depth = 0) {
    if (isNaN(tx) || isNaN(tz)) {
      console.error(`[Actor $
[UnitCore.js] Unit Created ID:24 Role:worker Pos:2,2 Special:false
[UnitCore.js] Unit Created ID:24 Role:worker Pos:2,2
[UnitCore.js] Unit Construction Finished ID:24
[Game] Request Added: raise at (100,100) ID:req_24
[Game] No worker in radius 80 for Manual Req req_24. Trying Global Scan...
[Actor 24] Resetting Unreachable (Target changed or initializing)
[Entity 25] CONSTRUCTOR START: type=unit at 2,2
[Entity 25] Calling registerEntity...
[Entity 25] registerEntity returned.
[Entity 25] Calling updatePosition...
[Entity 25] updatePosition returned.
[DIAG] Actor Created ID: 25
[DIAG] Actor smartMove type: function
[DIAG] Actor smartMove body snapshot: smartMove(tx, tz, time, depth = 0) {
    if (isNaN(tx) || isNaN(tz)) {
      console.error(`[Actor $
[UnitCore.js] Unit Created ID:25 Role:worker Pos:2,2 Special:false
[UnitCore.js] Unit Created ID:25 Role:worker Pos:2,2
[UnitCore.js] Unit Construction Finished ID:25
[Game] Request Added: raise at (100,100) ID:req_25
[Game] No worker in radius 80 for Manual Req req_25. Trying Global Scan...
[Actor 25] Resetting Unreachable (Target changed or initializing)
[Entity 26] CONSTRUCTOR START: type=unit at 2,2
[Entity 26] Calling registerEntity...
[Entity 26] registerEntity returned.
[Entity 26] Calling updatePosition...
[Entity 26] updatePosition returned.
[DIAG] Actor Created ID: 26
[DIAG] Actor smartMove type: function
[DIAG] Actor smartMove body snapshot: smartMove(tx, tz, time, depth = 0) {
    if (isNaN(tx) || isNaN(tz)) {
      console.error(`[Actor $
[UnitCore.js] Unit Created ID:26 Role:worker Pos:2,2 Special:false
[UnitCore.js] Unit Created ID:26 Role:worker Pos:2,2
[UnitCore.js] Unit Construction Finished ID:26
[Game] Request Added: raise at (100,100) ID:req_26
[Game] No worker in radius 80 for Manual Req req_26. Trying Global Scan...
[Actor 26] Resetting Unreachable (Target changed or initializing)
[Entity 27] CONSTRUCTOR START: type=unit at 2,2
[Entity 27] Calling registerEntity...
[Entity 27] registerEntity returned.
[Entity 27] Calling updatePosition...
[Entity 27] updatePosition returned.
[DIAG] Actor Created ID: 27
[DIAG] Actor smartMove type: function
[DIAG] Actor smartMove body snapshot: smartMove(tx, tz, time, depth = 0) {
    if (isNaN(tx) || isNaN(tz)) {
      console.error(`[Actor $
[UnitCore.js] Unit Created ID:27 Role:worker Pos:2,2 Special:false
[UnitCore.js] Unit Created ID:27 Role:worker Pos:2,2
[UnitCore.js] Unit Construction Finished ID:27
[Game] Request Added: raise at (100,100) ID:req_27
[Game] No worker in radius 80 for Manual Req req_27. Trying Global Scan...
[Actor 27] Resetting Unreachable (Target changed or initializing)
[Entity 28] CONSTRUCTOR START: type=unit at 2,2
[Entity 28] Calling registerEntity...
[Entity 28] registerEntity returned.
[Entity 28] Calling updatePosition...
[Entity 28] updatePosition returned.
[DIAG] Actor Created ID: 28
[DIAG] Actor smartMove type: function
[DIAG] Actor smartMove body snapshot: smartMove(tx, tz, time, depth = 0) {
    if (isNaN(tx) || isNaN(tz)) {
      console.error(`[Actor $
[UnitCore.js] Unit Created ID:28 Role:worker Pos:2,2 Special:false
[UnitCore.js] Unit Created ID:28 Role:worker Pos:2,2
[UnitCore.js] Unit Construction Finished ID:28
[Game] Request Added: raise at (100,100) ID:req_28
[Game] No worker in radius 80 for Manual Req req_28. Trying Global Scan...
[Actor 28] Resetting Unreachable (Target changed or initializing)
[Entity 29] CONSTRUCTOR START: type=unit at 2,2
[Entity 29] Calling registerEntity...
[Entity 29] registerEntity returned.
[Entity 29] Calling updatePosition...
[Entity 29] updatePosition returned.
[DIAG] Actor Created ID: 29
[DIAG] Actor smartMove type: function
[DIAG] Actor smartMove body snapshot: smartMove(tx, tz, time, depth = 0) {
    if (isNaN(tx) || isNaN(tz)) {
      console.error(`[Actor $
[UnitCore.js] Unit Created ID:29 Role:worker Pos:2,2 Special:false
[UnitCore.js] Unit Created ID:29 Role:worker Pos:2,2
[UnitCore.js] Unit Construction Finished ID:29
[Game] Request Added: raise at (100,100) ID:req_29
[Game] No worker in radius 80 for Manual Req req_29. Trying Global Scan...
[Actor 29] Resetting Unreachable (Target changed or initializing)
[Entity 30] CONSTRUCTOR START: type=unit at 2,2
[Entity 30] Calling registerEntity...
[Entity 30] registerEntity returned.
[Entity 30] Calling updatePosition...
[Entity 30] updatePosition returned.
[DIAG] Actor Created ID: 30
[DIAG] Actor smartMove type: function
[DIAG] Actor smartMove body snapshot: smartMove(tx, tz, time, depth = 0) {
    if (isNaN(tx) || isNaN(tz)) {
      console.error(`[Actor $
[UnitCore.js] Unit Created ID:30 Role:worker Pos:2,2 Special:false
[UnitCore.js] Unit Created ID:30 Role:worker Pos:2,2
[UnitCore.js] Unit Construction Finished ID:30
[Game] Request Added: raise at (100,100) ID:req_30
[Game] No worker in radius 80 for Manual Req req_30. Trying Global Scan...
[Actor 30] Resetting Unreachable (Target changed or initializing)
[Entity 31] CONSTRUCTOR START: type=unit at 2,2
[Entity 31] Calling registerEntity...
[Entity 31] registerEntity returned.
[Entity 31] Calling updatePosition...
[Entity 31] updatePosition returned.
[DIAG] Actor Created ID: 31
[DIAG] Actor smartMove type: function
[DIAG] Actor smartMove body snapshot: smartMove(tx, tz, time, depth = 0) {
    if (isNaN(tx) || isNaN(tz)) {
      console.error(`[Actor $
[UnitCore.js] Unit Created ID:31 Role:worker Pos:2,2 Special:false
[UnitCore.js] Unit Created ID:31 Role:worker Pos:2,2
[UnitCore.js] Unit Construction Finished ID:31
[Game] Request Added: raise at (100,100) ID:req_31
[Game] No worker in radius 80 for Manual Req req_31. Trying Global Scan...
[Actor 31] Resetting Unreachable (Target changed or initializing)
[Entity 32] CONSTRUCTOR START: type=unit at 2,2
[Entity 32] Calling registerEntity...
[Entity 32] registerEntity returned.
[Entity 32] Calling updatePosition...
[Entity 32] updatePosition returned.
[DIAG] Actor Created ID: 32
[DIAG] Actor smartMove type: function
[DIAG] Actor smartMove body snapshot: smartMove(tx, tz, time, depth = 0) {
    if (isNaN(tx) || isNaN(tz)) {
      console.error(`[Actor $
[UnitCore.js] Unit Created ID:32 Role:worker Pos:2,2 Special:false
[UnitCore.js] Unit Created ID:32 Role:worker Pos:2,2
[UnitCore.js] Unit Construction Finished ID:32
[Game] Request Added: raise at (100,100) ID:req_32
[Game] No worker in radius 80 for Manual Req req_32. Trying Global Scan...
[Actor 32] Resetting Unreachable (Target changed or initializing)
[Entity 33] CONSTRUCTOR START: type=unit at 2,2
[Entity 33] Calling registerEntity...
[Entity 33] registerEntity returned.
[Entity 33] Calling updatePosition...
[Entity 33] updatePosition returned.
[DIAG] Actor Created ID: 33
[DIAG] Actor smartMove type: function
[DIAG] Actor smartMove body snapshot: smartMove(tx, tz, time, depth = 0) {
    if (isNaN(tx) || isNaN(tz)) {
      console.error(`[Actor $
[UnitCore.js] Unit Created ID:33 Role:worker Pos:2,2 Special:false
[UnitCore.js] Unit Created ID:33 Role:worker Pos:2,2
[UnitCore.js] Unit Construction Finished ID:33
[Game] Request Added: raise at (100,100) ID:req_33
[Game] No worker in radius 80 for Manual Req req_33. Trying Global Scan...
[Actor 33] Resetting Unreachable (Target changed or initializing)
[Entity 34] CONSTRUCTOR START: type=unit at 2,2
[Entity 34] Calling registerEntity...
[Entity 34] registerEntity returned.
[Entity 34] Calling updatePosition...
[Entity 34] updatePosition returned.
[DIAG] Actor Created ID: 34
[DIAG] Actor smartMove type: function
[DIAG] Actor smartMove body snapshot: smartMove(tx, tz, time, depth = 0) {
    if (isNaN(tx) || isNaN(tz)) {
      console.error(`[Actor $
[UnitCore.js] Unit Created ID:34 Role:worker Pos:2,2 Special:false
[UnitCore.js] Unit Created ID:34 Role:worker Pos:2,2
[UnitCore.js] Unit Construction Finished ID:34
[Game] Request Added: raise at (100,100) ID:req_34
[Game] No worker in radius 80 for Manual Req req_34. Trying Global Scan...
[Actor 34] Resetting Unreachable (Target changed or initializing)
[Entity 35] CONSTRUCTOR START: type=unit at 2,2
[Entity 35] Calling registerEntity...
[Entity 35] registerEntity returned.
[Entity 35] Calling updatePosition...
[Entity 35] updatePosition returned.
[DIAG] Actor Created ID: 35
[DIAG] Actor smartMove type: function
[DIAG] Actor smartMove body snapshot: smartMove(tx, tz, time, depth = 0) {
    if (isNaN(tx) || isNaN(tz)) {
      console.error(`[Actor $
[UnitCore.js] Unit Created ID:35 Role:worker Pos:2,2 Special:false
[UnitCore.js] Unit Created ID:35 Role:worker Pos:2,2
[UnitCore.js] Unit Construction Finished ID:35
[Game] Request Added: raise at (100,100) ID:req_35
[Game] No worker in radius 80 for Manual Req req_35. Trying Global Scan...
[Actor 35] Resetting Unreachable (Target changed or initializing)
[Entity 36] CONSTRUCTOR START: type=unit at 2,2
[Entity 36] Calling registerEntity...
[Entity 36] registerEntity returned.
[Entity 36] Calling updatePosition...
[Entity 36] updatePosition returned.
[DIAG] Actor Created ID: 36
[DIAG] Actor smartMove type: function
[DIAG] Actor smartMove body snapshot: smartMove(tx, tz, time, depth = 0) {
    if (isNaN(tx) || isNaN(tz)) {
      console.error(`[Actor $
[UnitCore.js] Unit Created ID:36 Role:worker Pos:2,2 Special:false
[UnitCore.js] Unit Created ID:36 Role:worker Pos:2,2
[UnitCore.js] Unit Construction Finished ID:36
[Game] Request Added: raise at (100,100) ID:req_36
[Game] No worker in radius 80 for Manual Req req_36. Trying Global Scan...
[Actor 36] Resetting Unreachable (Target changed or initializing)
[Entity 37] CONSTRUCTOR START: type=unit at 2,2
[Entity 37] Calling registerEntity...
[Entity 37] registerEntity returned.
[Entity 37] Calling updatePosition...
[Entity 37] updatePosition returned.
[DIAG] Actor Created ID: 37
[DIAG] Actor smartMove type: function
[DIAG] Actor smartMove body snapshot: smartMove(tx, tz, time, depth = 0) {
    if (isNaN(tx) || isNaN(tz)) {
      console.error(`[Actor $
[UnitCore.js] Unit Created ID:37 Role:worker Pos:2,2 Special:false
[UnitCore.js] Unit Created ID:37 Role:worker Pos:2,2
[UnitCore.js] Unit Construction Finished ID:37
[Game] Request Added: raise at (100,100) ID:req_37
[Game] No worker in radius 80 for Manual Req req_37. Trying Global Scan...
[Actor 37] Resetting Unreachable (Target changed or initializing)
[Entity 38] CONSTRUCTOR START: type=unit at 2,2
[Entity 38] Calling registerEntity...
[Entity 38] registerEntity returned.
[Entity 38] Calling updatePosition...
[Entity 38] updatePosition returned.
[DIAG] Actor Created ID: 38
[DIAG] Actor smartMove type: function
[DIAG] Actor smartMove body snapshot: smartMove(tx, tz, time, depth = 0) {
    if (isNaN(tx) || isNaN(tz)) {
      console.error(`[Actor $
[UnitCore.js] Unit Created ID:38 Role:worker Pos:2,2 Special:false
[UnitCore.js] Unit Created ID:38 Role:worker Pos:2,2
[UnitCore.js] Unit Construction Finished ID:38
[Game] Request Added: raise at (100,100) ID:req_38
[Game] No worker in radius 80 for Manual Req req_38. Trying Global Scan...
[Actor 38] Resetting Unreachable (Target changed or initializing)
[Entity 39] CONSTRUCTOR START: type=unit at 2,2
[Entity 39] Calling registerEntity...
[Entity 39] registerEntity returned.
[Entity 39] Calling updatePosition...
[Entity 39] updatePosition returned.
[DIAG] Actor Created ID: 39
[DIAG] Actor smartMove type: function
[DIAG] Actor smartMove body snapshot: smartMove(tx, tz, time, depth = 0) {
    if (isNaN(tx) || isNaN(tz)) {
      console.error(`[Actor $
[UnitCore.js] Unit Created ID:39 Role:worker Pos:2,2 Special:false
[UnitCore.js] Unit Created ID:39 Role:worker Pos:2,2
[UnitCore.js] Unit Construction Finished ID:39
[Game] Request Added: raise at (100,100) ID:req_39
[Game] No worker in radius 80 for Manual Req req_39. Trying Global Scan...
[Actor 39] Resetting Unreachable (Target changed or initializing)
[Entity 40] CONSTRUCTOR START: type=unit at 2,2
[Entity 40] Calling registerEntity...
[Entity 40] registerEntity returned.
[Entity 40] Calling updatePosition...
[Entity 40] updatePosition returned.
[DIAG] Actor Created ID: 40
[DIAG] Actor smartMove type: function
[DIAG] Actor smartMove body snapshot: smartMove(tx, tz, time, depth = 0) {
    if (isNaN(tx) || isNaN(tz)) {
      console.error(`[Actor $
[UnitCore.js] Unit Created ID:40 Role:worker Pos:2,2 Special:false
[UnitCore.js] Unit Created ID:40 Role:worker Pos:2,2
[UnitCore.js] Unit Construction Finished ID:40
[Game] Request Added: raise at (100,100) ID:req_40
[Game] No worker in radius 80 for Manual Req req_40. Trying Global Scan...
[Actor 40] Resetting Unreachable (Target changed or initializing)
[Entity 41] CONSTRUCTOR START: type=unit at 2,2
[Entity 41] Calling registerEntity...
[Entity 41] registerEntity returned.
[Entity 41] Calling updatePosition...
[Entity 41] updatePosition returned.
[DIAG] Actor Created ID: 41
[DIAG] Actor smartMove type: function
[DIAG] Actor smartMove body snapshot: smartMove(tx, tz, time, depth = 0) {
    if (isNaN(tx) || isNaN(tz)) {
      console.error(`[Actor $
[UnitCore.js] Unit Created ID:41 Role:worker Pos:2,2 Special:false
[UnitCore.js] Unit Created ID:41 Role:worker Pos:2,2
[UnitCore.js] Unit Construction Finished ID:41
[Game] Request Added: raise at (100,100) ID:req_41
[Game] No worker in radius 80 for Manual Req req_41. Trying Global Scan...
[Actor 41] Resetting Unreachable (Target changed or initializing)
[Entity 42] CONSTRUCTOR START: type=unit at 2,2
[Entity 42] Calling registerEntity...
[Entity 42] registerEntity returned.
[Entity 42] Calling updatePosition...
[Entity 42] updatePosition returned.
[DIAG] Actor Created ID: 42
[DIAG] Actor smartMove type: function
[DIAG] Actor smartMove body snapshot: smartMove(tx, tz, time, depth = 0) {
    if (isNaN(tx) || isNaN(tz)) {
      console.error(`[Actor $
[UnitCore.js] Unit Created ID:42 Role:worker Pos:2,2 Special:false
[UnitCore.js] Unit Created ID:42 Role:worker Pos:2,2
[UnitCore.js] Unit Construction Finished ID:42
[Game] Request Added: raise at (100,100) ID:req_42
[Game] No worker in radius 80 for Manual Req req_42. Trying Global Scan...
[Actor 42] Resetting Unreachable (Target changed or initializing)
[Entity 43] CONSTRUCTOR START: type=unit at 2,2
[Entity 43] Calling registerEntity...
[Entity 43] registerEntity returned.
[Entity 43] Calling updatePosition...
[Entity 43] updatePosition returned.
[DIAG] Actor Created ID: 43
[DIAG] Actor smartMove type: function
[DIAG] Actor smartMove body snapshot: smartMove(tx, tz, time, depth = 0) {
    if (isNaN(tx) || isNaN(tz)) {
      console.error(`[Actor $
[UnitCore.js] Unit Created ID:43 Role:worker Pos:2,2 Special:false
[UnitCore.js] Unit Created ID:43 Role:worker Pos:2,2
[UnitCore.js] Unit Construction Finished ID:43
[Game] Request Added: raise at (100,100) ID:req_43
[Game] No worker in radius 80 for Manual Req req_43. Trying Global Scan...
[Actor 43] Resetting Unreachable (Target changed or initializing)
[Entity 44] CONSTRUCTOR START: type=unit at 2,2
[Entity 44] Calling registerEntity...
[Entity 44] registerEntity returned.
[Entity 44] Calling updatePosition...
[Entity 44] updatePosition returned.
[DIAG] Actor Created ID: 44
[DIAG] Actor smartMove type: function
[DIAG] Actor smartMove body snapshot: smartMove(tx, tz, time, depth = 0) {
    if (isNaN(tx) || isNaN(tz)) {
      console.error(`[Actor $
[UnitCore.js] Unit Created ID:44 Role:worker Pos:2,2 Special:false
[UnitCore.js] Unit Created ID:44 Role:worker Pos:2,2
[UnitCore.js] Unit Construction Finished ID:44
[Game] Request Added: raise at (100,100) ID:req_44
[Game] No worker in radius 80 for Manual Req req_44. Trying Global Scan...
[Actor 44] Resetting Unreachable (Target changed or initializing)
[Entity 45] CONSTRUCTOR START: type=unit at 2,2
[Entity 45] Calling registerEntity...
[Entity 45] registerEntity returned.
[Entity 45] Calling updatePosition...
[Entity 45] updatePosition returned.
[DIAG] Actor Created ID: 45
[DIAG] Actor smartMove type: function
[DIAG] Actor smartMove body snapshot: smartMove(tx, tz, time, depth = 0) {
    if (isNaN(tx) || isNaN(tz)) {
      console.error(`[Actor $
[UnitCore.js] Unit Created ID:45 Role:worker Pos:2,2 Special:false
[UnitCore.js] Unit Created ID:45 Role:worker Pos:2,2
[UnitCore.js] Unit Construction Finished ID:45
[Game] Request Added: raise at (100,100) ID:req_45
[Game] No worker in radius 80 for Manual Req req_45. Trying Global Scan...
[Actor 45] Resetting Unreachable (Target changed or initializing)
[Entity 46] CONSTRUCTOR START: type=unit at 2,2
[Entity 46] Calling registerEntity...
[Entity 46] registerEntity returned.
[Entity 46] Calling updatePosition...
[Entity 46] updatePosition returned.
[DIAG] Actor Created ID: 46
[DIAG] Actor smartMove type: function
[DIAG] Actor smartMove body snapshot: smartMove(tx, tz, time, depth = 0) {
    if (isNaN(tx) || isNaN(tz)) {
      console.error(`[Actor $
[UnitCore.js] Unit Created ID:46 Role:worker Pos:2,2 Special:false
[UnitCore.js] Unit Created ID:46 Role:worker Pos:2,2
[UnitCore.js] Unit Construction Finished ID:46
[Game] Request Added: raise at (100,100) ID:req_46
[Game] No worker in radius 80 for Manual Req req_46. Trying Global Scan...
[Actor 46] Resetting Unreachable (Target changed or initializing)
[Entity 47] CONSTRUCTOR START: type=unit at 2,2
[Entity 47] Calling registerEntity...
[Entity 47] registerEntity returned.
[Entity 47] Calling updatePosition...
[Entity 47] updatePosition returned.
[DIAG] Actor Created ID: 47
[DIAG] Actor smartMove type: function
[DIAG] Actor smartMove body snapshot: smartMove(tx, tz, time, depth = 0) {
    if (isNaN(tx) || isNaN(tz)) {
      console.error(`[Actor $
[UnitCore.js] Unit Created ID:47 Role:worker Pos:2,2 Special:false
[UnitCore.js] Unit Created ID:47 Role:worker Pos:2,2
[UnitCore.js] Unit Construction Finished ID:47
[Game] Request Added: raise at (100,100) ID:req_47
[Game] No worker in radius 80 for Manual Req req_47. Trying Global Scan...
[Actor 47] Resetting Unreachable (Target changed or initializing)
[Entity 48] CONSTRUCTOR START: type=unit at 2,2
[Entity 48] Calling registerEntity...
[Entity 48] registerEntity returned.
[Entity 48] Calling updatePosition...
[Entity 48] updatePosition returned.
[DIAG] Actor Created ID: 48
[DIAG] Actor smartMove type: function
[DIAG] Actor smartMove body snapshot: smartMove(tx, tz, time, depth = 0) {
    if (isNaN(tx) || isNaN(tz)) {
      console.error(`[Actor $
[UnitCore.js] Unit Created ID:48 Role:worker Pos:2,2 Special:false
[UnitCore.js] Unit Created ID:48 Role:worker Pos:2,2
[UnitCore.js] Unit Construction Finished ID:48
[Game] Request Added: raise at (100,100) ID:req_48
[Game] No worker in radius 80 for Manual Req req_48. Trying Global Scan...
[Actor 48] Resetting Unreachable (Target changed or initializing)
[Entity 49] CONSTRUCTOR START: type=unit at 2,2
[Entity 49] Calling registerEntity...
[Entity 49] registerEntity returned.
[Entity 49] Calling updatePosition...
[Entity 49] updatePosition returned.
[DIAG] Actor Created ID: 49
[DIAG] Actor smartMove type: function
[DIAG] Actor smartMove body snapshot: smartMove(tx, tz, time, depth = 0) {
    if (isNaN(tx) || isNaN(tz)) {
      console.error(`[Actor $
[UnitCore.js] Unit Created ID:49 Role:worker Pos:2,2 Special:false
[UnitCore.js] Unit Created ID:49 Role:worker Pos:2,2
[UnitCore.js] Unit Construction Finished ID:49
[Game] Request Added: raise at (100,100) ID:req_49
[Game] No worker in radius 80 for Manual Req req_49. Trying Global Scan...
[Actor 49] Resetting Unreachable (Target changed or initializing)
[Entity 50] CONSTRUCTOR START: type=unit at 2,2
[Entity 50] Calling registerEntity...
[Entity 50] registerEntity returned.
[Entity 50] Calling updatePosition...
[Entity 50] updatePosition returned.
[DIAG] Actor Created ID: 50
[DIAG] Actor smartMove type: function
[DIAG] Actor smartMove body snapshot: smartMove(tx, tz, time, depth = 0) {
    if (isNaN(tx) || isNaN(tz)) {
      console.error(`[Actor $
[UnitCore.js] Unit Created ID:50 Role:worker Pos:2,2 Special:false
[UnitCore.js] Unit Created ID:50 Role:worker Pos:2,2
[UnitCore.js] Unit Construction Finished ID:50
[Game] Request Added: raise at (100,100) ID:req_50
[Game] No worker in radius 80 for Manual Req req_50. Trying Global Scan...
[Actor 50] Resetting Unreachable (Target changed or initializing)
[Entity 51] CONSTRUCTOR START: type=unit at 2,2
[Entity 51] Calling registerEntity...
[Entity 51] registerEntity returned.
[Entity 51] Calling updatePosition...
[Entity 51] updatePosition returned.
[DIAG] Actor Created ID: 51
[DIAG] Actor smartMove type: function
[DIAG] Actor smartMove body snapshot: smartMove(tx, tz, time, depth = 0) {
    if (isNaN(tx) || isNaN(tz)) {
      console.error(`[Actor $
[UnitCore.js] Unit Created ID:51 Role:worker Pos:2,2 Special:false
[UnitCore.js] Unit Created ID:51 Role:worker Pos:2,2
[UnitCore.js] Unit Construction Finished ID:51
[Game] Request Added: raise at (100,100) ID:req_51
[Game] No worker in radius 80 for Manual Req req_51. Trying Global Scan...
[Actor 51] Resetting Unreachable (Target changed or initializing)
[Entity 52] CONSTRUCTOR START: type=unit at 2,2
[Entity 52] Calling registerEntity...
[Entity 52] registerEntity returned.
[Entity 52] Calling updatePosition...
[Entity 52] updatePosition returned.
[DIAG] Actor Created ID: 52
[DIAG] Actor smartMove type: function
[DIAG] Actor smartMove body snapshot: smartMove(tx, tz, time, depth = 0) {
    if (isNaN(tx) || isNaN(tz)) {
      console.error(`[Actor $
[UnitCore.js] Unit Created ID:52 Role:worker Pos:2,2 Special:false
[UnitCore.js] Unit Created ID:52 Role:worker Pos:2,2
[UnitCore.js] Unit Construction Finished ID:52
[Game] Request Added: raise at (100,100) ID:req_52
[Game] No worker in radius 80 for Manual Req req_52. Trying Global Scan...
[Actor 52] Resetting Unreachable (Target changed or initializing)
[Entity 53] CONSTRUCTOR START: type=unit at 2,2
[Entity 53] Calling registerEntity...
[Entity 53] registerEntity returned.
[Entity 53] Calling updatePosition...
[Entity 53] updatePosition returned.
[DIAG] Actor Created ID: 53
[DIAG] Actor smartMove type: function
[DIAG] Actor smartMove body snapshot: smartMove(tx, tz, time, depth = 0) {
    if (isNaN(tx) || isNaN(tz)) {
      console.error(`[Actor $
[UnitCore.js] Unit Created ID:53 Role:worker Pos:2,2 Special:false
[UnitCore.js] Unit Created ID:53 Role:worker Pos:2,2
[UnitCore.js] Unit Construction Finished ID:53
[Game] Request Added: raise at (100,100) ID:req_53
[Game] No worker in radius 80 for Manual Req req_53. Trying Global Scan...
[Actor 53] Resetting Unreachable (Target changed or initializing)
[Entity 54] CONSTRUCTOR START: type=unit at 2,2
[Entity 54] Calling registerEntity...
[Entity 54] registerEntity returned.
[Entity 54] Calling updatePosition...
[Entity 54] updatePosition returned.
[DIAG] Actor Created ID: 54
[DIAG] Actor smartMove type: function
[DIAG] Actor smartMove body snapshot: smartMove(tx, tz, time, depth = 0) {
    if (isNaN(tx) || isNaN(tz)) {
      console.error(`[Actor $
[UnitCore.js] Unit Created ID:54 Role:worker Pos:2,2 Special:false
[UnitCore.js] Unit Created ID:54 Role:worker Pos:2,2
[UnitCore.js] Unit Construction Finished ID:54
[Game] Request Added: raise at (100,100) ID:req_54
[Game] No worker in radius 80 for Manual Req req_54. Trying Global Scan...
[Actor 54] Resetting Unreachable (Target changed or initializing)
[Entity 55] CONSTRUCTOR START: type=unit at 2,2
[Entity 55] Calling registerEntity...
[Entity 55] registerEntity returned.
[Entity 55] Calling updatePosition...
[Entity 55] updatePosition returned.
[DIAG] Actor Created ID: 55
[DIAG] Actor smartMove type: function
[DIAG] Actor smartMove body snapshot: smartMove(tx, tz, time, depth = 0) {
    if (isNaN(tx) || isNaN(tz)) {
      console.error(`[Actor $
[UnitCore.js] Unit Created ID:55 Role:worker Pos:2,2 Special:false
[UnitCore.js] Unit Created ID:55 Role:worker Pos:2,2
[UnitCore.js] Unit Construction Finished ID:55
[Game] Request Added: raise at (100,100) ID:req_55
[Game] No worker in radius 80 for Manual Req req_55. Trying Global Scan...
[Actor 55] Resetting Unreachable (Target changed or initializing)
[Entity 56] CONSTRUCTOR START: type=unit at 2,2
[Entity 56] Calling registerEntity...
[Entity 56] registerEntity returned.
[Entity 56] Calling updatePosition...
[Entity 56] updatePosition returned.
[DIAG] Actor Created ID: 56
[DIAG] Actor smartMove type: function
[DIAG] Actor smartMove body snapshot: smartMove(tx, tz, time, depth = 0) {
    if (isNaN(tx) || isNaN(tz)) {
      console.error(`[Actor $
[UnitCore.js] Unit Created ID:56 Role:worker Pos:2,2 Special:false
[UnitCore.js] Unit Created ID:56 Role:worker Pos:2,2
[UnitCore.js] Unit Construction Finished ID:56
[Game] Request Added: raise at (100,100) ID:req_56
[Game] No worker in radius 80 for Manual Req req_56. Trying Global Scan...
[Actor 56] Resetting Unreachable (Target changed or initializing)
[Entity 57] CONSTRUCTOR START: type=unit at 2,2
[Entity 57] Calling registerEntity...
[Entity 57] registerEntity returned.
[Entity 57] Calling updatePosition...
[Entity 57] updatePosition returned.
[DIAG] Actor Created ID: 57
[DIAG] Actor smartMove type: function
[DIAG] Actor smartMove body snapshot: smartMove(tx, tz, time, depth = 0) {
    if (isNaN(tx) || isNaN(tz)) {
      console.error(`[Actor $
[UnitCore.js] Unit Created ID:57 Role:worker Pos:2,2 Special:false
[UnitCore.js] Unit Created ID:57 Role:worker Pos:2,2
[UnitCore.js] Unit Construction Finished ID:57
[Game] Request Added: raise at (100,100) ID:req_57
[Game] No worker in radius 80 for Manual Req req_57. Trying Global Scan...
[Actor 57] Resetting Unreachable (Target changed or initializing)
[Entity 58] CONSTRUCTOR START: type=unit at 2,2
[Entity 58] Calling registerEntity...
[Entity 58] registerEntity returned.
[Entity 58] Calling updatePosition...
[Entity 58] updatePosition returned.
[DIAG] Actor Created ID: 58
[DIAG] Actor smartMove type: function
[DIAG] Actor smartMove body snapshot: smartMove(tx, tz, time, depth = 0) {
    if (isNaN(tx) || isNaN(tz)) {
      console.error(`[Actor $
[UnitCore.js] Unit Created ID:58 Role:worker Pos:2,2 Special:false
[UnitCore.js] Unit Created ID:58 Role:worker Pos:2,2
[UnitCore.js] Unit Construction Finished ID:58
[Game] Request Added: raise at (100,100) ID:req_58
[Game] No worker in radius 80 for Manual Req req_58. Trying Global Scan...
[Actor 58] Resetting Unreachable (Target changed or initializing)
[Entity 59] CONSTRUCTOR START: type=unit at 2,2
[Entity 59] Calling registerEntity...
[Entity 59] registerEntity returned.
[Entity 59] Calling updatePosition...
[Entity 59] updatePosition returned.
[DIAG] Actor Created ID: 59
[DIAG] Actor smartMove type: function
[DIAG] Actor smartMove body snapshot: smartMove(tx, tz, time, depth = 0) {
    if (isNaN(tx) || isNaN(tz)) {
      console.error(`[Actor $
[UnitCore.js] Unit Created ID:59 Role:worker Pos:2,2 Special:false
[UnitCore.js] Unit Created ID:59 Role:worker Pos:2,2
[UnitCore.js] Unit Construction Finished ID:59
[Game] Request Added: raise at (100,100) ID:req_59
[Game] No worker in radius 80 for Manual Req req_59. Trying Global Scan...
[Actor 59] Resetting Unreachable (Target changed or initializing)
[Entity 60] CONSTRUCTOR START: type=unit at 2,2
[Entity 60] Calling registerEntity...
[Entity 60] registerEntity returned.
[Entity 60] Calling updatePosition...
[Entity 60] updatePosition returned.
[DIAG] Actor Created ID: 60
[DIAG] Actor smartMove type: function
[DIAG] Actor smartMove body snapshot: smartMove(tx, tz, time, depth = 0) {
    if (isNaN(tx) || isNaN(tz)) {
      console.error(`[Actor $
[UnitCore.js] Unit Created ID:60 Role:worker Pos:2,2 Special:false
[UnitCore.js] Unit Created ID:60 Role:worker Pos:2,2
[UnitCore.js] Unit Construction Finished ID:60
[Game] Request Added: raise at (100,100) ID:req_60
[Game] No worker in radius 80 for Manual Req req_60. Trying Global Scan...
[Actor 60] Resetting Unreachable (Target changed or initializing)
[Entity 61] CONSTRUCTOR START: type=unit at 2,2
[Entity 61] Calling registerEntity...
[Entity 61] registerEntity returned.
[Entity 61] Calling updatePosition...
[Entity 61] updatePosition returned.
[DIAG] Actor Created ID: 61
[DIAG] Actor smartMove type: function
[DIAG] Actor smartMove body snapshot: smartMove(tx, tz, time, depth = 0) {
    if (isNaN(tx) || isNaN(tz)) {
      console.error(`[Actor $
[UnitCore.js] Unit Created ID:61 Role:worker Pos:2,2 Special:false
[UnitCore.js] Unit Created ID:61 Role:worker Pos:2,2
[UnitCore.js] Unit Construction Finished ID:61
[Game] Request Added: raise at (100,100) ID:req_61
[Game] No worker in radius 80 for Manual Req req_61. Trying Global Scan...
[Actor 61] Resetting Unreachable (Target changed or initializing)
[Entity 62] CONSTRUCTOR START: type=unit at 2,2
[Entity 62] Calling registerEntity...
[Entity 62] registerEntity returned.
[Entity 62] Calling updatePosition...
[Entity 62] updatePosition returned.
[DIAG] Actor Created ID: 62
[DIAG] Actor smartMove type: function
[DIAG] Actor smartMove body snapshot: smartMove(tx, tz, time, depth = 0) {
    if (isNaN(tx) || isNaN(tz)) {
      console.error(`[Actor $
[UnitCore.js] Unit Created ID:62 Role:worker Pos:2,2 Special:false
[UnitCore.js] Unit Created ID:62 Role:worker Pos:2,2
[UnitCore.js] Unit Construction Finished ID:62
[Game] Request Added: raise at (100,100) ID:req_62
[Game] No worker in radius 80 for Manual Req req_62. Trying Global Scan...
[Actor 62] Resetting Unreachable (Target changed or initializing)
[Entity 63] CONSTRUCTOR START: type=unit at 2,2
[Entity 63] Calling registerEntity...
[Entity 63] registerEntity returned.
[Entity 63] Calling updatePosition...
[Entity 63] updatePosition returned.
[DIAG] Actor Created ID: 63
[DIAG] Actor smartMove type: function
[DIAG] Actor smartMove body snapshot: smartMove(tx, tz, time, depth = 0) {
    if (isNaN(tx) || isNaN(tz)) {
      console.error(`[Actor $
[UnitCore.js] Unit Created ID:63 Role:worker Pos:2,2 Special:false
[UnitCore.js] Unit Created ID:63 Role:worker Pos:2,2
[UnitCore.js] Unit Construction Finished ID:63
[Game] Request Added: raise at (100,100) ID:req_63
[Game] No worker in radius 80 for Manual Req req_63. Trying Global Scan...
[Actor 63] Resetting Unreachable (Target changed or initializing)
[Entity 64] CONSTRUCTOR START: type=unit at 2,2
[Entity 64] Calling registerEntity...
[Entity 64] registerEntity returned.
[Entity 64] Calling updatePosition...
[Entity 64] updatePosition returned.
[DIAG] Actor Created ID: 64
[DIAG] Actor smartMove type: function
[DIAG] Actor smartMove body snapshot: smartMove(tx, tz, time, depth = 0) {
    if (isNaN(tx) || isNaN(tz)) {
      console.error(`[Actor $
[UnitCore.js] Unit Created ID:64 Role:worker Pos:2,2 Special:false
[UnitCore.js] Unit Created ID:64 Role:worker Pos:2,2
[UnitCore.js] Unit Construction Finished ID:64
[Game] Request Added: raise at (100,100) ID:req_64
[Game] No worker in radius 80 for Manual Req req_64. Trying Global Scan...
[Actor 64] Resetting Unreachable (Target changed or initializing)
[Entity 65] CONSTRUCTOR START: type=unit at 2,2
[Entity 65] Calling registerEntity...
[Entity 65] registerEntity returned.
[Entity 65] Calling updatePosition...
[Entity 65] updatePosition returned.
[DIAG] Actor Created ID: 65
[DIAG] Actor smartMove type: function
[DIAG] Actor smartMove body snapshot: smartMove(tx, tz, time, depth = 0) {
    if (isNaN(tx) || isNaN(tz)) {
      console.error(`[Actor $
[UnitCore.js] Unit Created ID:65 Role:worker Pos:2,2 Special:false
[UnitCore.js] Unit Created ID:65 Role:worker Pos:2,2
[UnitCore.js] Unit Construction Finished ID:65
[Game] Request Added: raise at (100,100) ID:req_65
[Game] No worker in radius 80 for Manual Req req_65. Trying Global Scan...
[Actor 65] Resetting Unreachable (Target changed or initializing)
[Entity 66] CONSTRUCTOR START: type=unit at 2,2
[Entity 66] Calling registerEntity...
[Entity 66] registerEntity returned.
[Entity 66] Calling updatePosition...
[Entity 66] updatePosition returned.
[DIAG] Actor Created ID: 66
[DIAG] Actor smartMove type: function
[DIAG] Actor smartMove body snapshot: smartMove(tx, tz, time, depth = 0) {
    if (isNaN(tx) || isNaN(tz)) {
      console.error(`[Actor $
[UnitCore.js] Unit Created ID:66 Role:worker Pos:2,2 Special:false
[UnitCore.js] Unit Created ID:66 Role:worker Pos:2,2
[UnitCore.js] Unit Construction Finished ID:66
[Game] Request Added: raise at (100,100) ID:req_66
[Game] No worker in radius 80 for Manual Req req_66. Trying Global Scan...
[Actor 66] Resetting Unreachable (Target changed or initializing)
[Entity 67] CONSTRUCTOR START: type=unit at 2,2
[Entity 67] Calling registerEntity...
[Entity 67] registerEntity returned.
[Entity 67] Calling updatePosition...
[Entity 67] updatePosition returned.
[DIAG] Actor Created ID: 67
[DIAG] Actor smartMove type: function
[DIAG] Actor smartMove body snapshot: smartMove(tx, tz, time, depth = 0) {
    if (isNaN(tx) || isNaN(tz)) {
      console.error(`[Actor $
[UnitCore.js] Unit Created ID:67 Role:worker Pos:2,2 Special:false
[UnitCore.js] Unit Created ID:67 Role:worker Pos:2,2
[UnitCore.js] Unit Construction Finished ID:67
[Game] Request Added: raise at (100,100) ID:req_67
[Game] No worker in radius 80 for Manual Req req_67. Trying Global Scan...
[Actor 67] Resetting Unreachable (Target changed or initializing)
[Entity 68] CONSTRUCTOR START: type=unit at 2,2
[Entity 68] Calling registerEntity...
[Entity 68] registerEntity returned.
[Entity 68] Calling updatePosition...
[Entity 68] updatePosition returned.
[DIAG] Actor Created ID: 68
[DIAG] Actor smartMove type: function
[DIAG] Actor smartMove body snapshot: smartMove(tx, tz, time, depth = 0) {
    if (isNaN(tx) || isNaN(tz)) {
      console.error(`[Actor $
[UnitCore.js] Unit Created ID:68 Role:worker Pos:2,2 Special:false
[UnitCore.js] Unit Created ID:68 Role:worker Pos:2,2
[UnitCore.js] Unit Construction Finished ID:68
[Game] Request Added: raise at (100,100) ID:req_68
[Game] No worker in radius 80 for Manual Req req_68. Trying Global Scan...
[Actor 68] Resetting Unreachable (Target changed or initializing)
[Entity 69] CONSTRUCTOR START: type=unit at 2,2
[Entity 69] Calling registerEntity...
[Entity 69] registerEntity returned.
[Entity 69] Calling updatePosition...
[Entity 69] updatePosition returned.
[DIAG] Actor Created ID: 69
[DIAG] Actor smartMove type: function
[DIAG] Actor smartMove body snapshot: smartMove(tx, tz, time, depth = 0) {
    if (isNaN(tx) || isNaN(tz)) {
      console.error(`[Actor $
[UnitCore.js] Unit Created ID:69 Role:worker Pos:2,2 Special:false
[UnitCore.js] Unit Created ID:69 Role:worker Pos:2,2
[UnitCore.js] Unit Construction Finished ID:69
[Game] Request Added: raise at (100,100) ID:req_69
[Game] No worker in radius 80 for Manual Req req_69. Trying Global Scan...
[Actor 69] Resetting Unreachable (Target changed or initializing)
[Entity 70] CONSTRUCTOR START: type=unit at 2,2
[Entity 70] Calling registerEntity...
[Entity 70] registerEntity returned.
[Entity 70] Calling updatePosition...
[Entity 70] updatePosition returned.
[DIAG] Actor Created ID: 70
[DIAG] Actor smartMove type: function
[DIAG] Actor smartMove body snapshot: smartMove(tx, tz, time, depth = 0) {
    if (isNaN(tx) || isNaN(tz)) {
      console.error(`[Actor $
[UnitCore.js] Unit Created ID:70 Role:worker Pos:2,2 Special:false
[UnitCore.js] Unit Created ID:70 Role:worker Pos:2,2
[UnitCore.js] Unit Construction Finished ID:70
[Game] Request Added: raise at (100,100) ID:req_70
[Game] No worker in radius 80 for Manual Req req_70. Trying Global Scan...
[Actor 70] Resetting Unreachable (Target changed or initializing)
[Entity 71] CONSTRUCTOR START: type=unit at 2,2
[Entity 71] Calling registerEntity...
[Entity 71] registerEntity returned.
[Entity 71] Calling updatePosition...
[Entity 71] updatePosition returned.
[DIAG] Actor Created ID: 71
[DIAG] Actor smartMove type: function
[DIAG] Actor smartMove body snapshot: smartMove(tx, tz, time, depth = 0) {
    if (isNaN(tx) || isNaN(tz)) {
      console.error(`[Actor $
[UnitCore.js] Unit Created ID:71 Role:worker Pos:2,2 Special:false
[UnitCore.js] Unit Created ID:71 Role:worker Pos:2,2
[UnitCore.js] Unit Construction Finished ID:71
[Game] Request Added: raise at (100,100) ID:req_71
[Game] No worker in radius 80 for Manual Req req_71. Trying Global Scan...
[Actor 71] Resetting Unreachable (Target changed or initializing)
[Entity 72] CONSTRUCTOR START: type=unit at 2,2
[Entity 72] Calling registerEntity...
[Entity 72] registerEntity returned.
[Entity 72] Calling updatePosition...
[Entity 72] updatePosition returned.
[DIAG] Actor Created ID: 72
[DIAG] Actor smartMove type: function
[DIAG] Actor smartMove body snapshot: smartMove(tx, tz, time, depth = 0) {
    if (isNaN(tx) || isNaN(tz)) {
      console.error(`[Actor $
[UnitCore.js] Unit Created ID:72 Role:worker Pos:2,2 Special:false
[UnitCore.js] Unit Created ID:72 Role:worker Pos:2,2
[UnitCore.js] Unit Construction Finished ID:72
[Game] Request Added: raise at (100,100) ID:req_72
[Game] No worker in radius 80 for Manual Req req_72. Trying Global Scan...
[Actor 72] Resetting Unreachable (Target changed or initializing)
[Entity 73] CONSTRUCTOR START: type=unit at 2,2
[Entity 73] Calling registerEntity...
[Entity 73] registerEntity returned.
[Entity 73] Calling updatePosition...
[Entity 73] updatePosition returned.
[DIAG] Actor Created ID: 73
[DIAG] Actor smartMove type: function
[DIAG] Actor smartMove body snapshot: smartMove(tx, tz, time, depth = 0) {
    if (isNaN(tx) || isNaN(tz)) {
      console.error(`[Actor $
[UnitCore.js] Unit Created ID:73 Role:worker Pos:2,2 Special:false
[UnitCore.js] Unit Created ID:73 Role:worker Pos:2,2
[UnitCore.js] Unit Construction Finished ID:73
[Game] Request Added: raise at (100,100) ID:req_73
[Game] No worker in radius 80 for Manual Req req_73. Trying Global Scan...
[Actor 73] Resetting Unreachable (Target changed or initializing)
[Entity 74] CONSTRUCTOR START: type=unit at 2,2
[Entity 74] Calling registerEntity...
[Entity 74] registerEntity returned.
[Entity 74] Calling updatePosition...
[Entity 74] updatePosition returned.
[DIAG] Actor Created ID: 74
[DIAG] Actor smartMove type: function
[DIAG] Actor smartMove body snapshot: smartMove(tx, tz, time, depth = 0) {
    if (isNaN(tx) || isNaN(tz)) {
      console.error(`[Actor $
[UnitCore.js] Unit Created ID:74 Role:worker Pos:2,2 Special:false
[UnitCore.js] Unit Created ID:74 Role:worker Pos:2,2
[UnitCore.js] Unit Construction Finished ID:74
[Game] Request Added: raise at (100,100) ID:req_74
[Game] No worker in radius 80 for Manual Req req_74. Trying Global Scan...
[Actor 74] Resetting Unreachable (Target changed or initializing)
[Entity 75] CONSTRUCTOR START: type=unit at 2,2
[Entity 75] Calling registerEntity...
[Entity 75] registerEntity returned.
[Entity 75] Calling updatePosition...
[Entity 75] updatePosition returned.
[DIAG] Actor Created ID: 75
[DIAG] Actor smartMove type: function
[DIAG] Actor smartMove body snapshot: smartMove(tx, tz, time, depth = 0) {
    if (isNaN(tx) || isNaN(tz)) {
      console.error(`[Actor $
[UnitCore.js] Unit Created ID:75 Role:worker Pos:2,2 Special:false
[UnitCore.js] Unit Created ID:75 Role:worker Pos:2,2
[UnitCore.js] Unit Construction Finished ID:75
[Game] Request Added: raise at (100,100) ID:req_75
[Game] No worker in radius 80 for Manual Req req_75. Trying Global Scan...
[Actor 75] Resetting Unreachable (Target changed or initializing)
[Entity 76] CONSTRUCTOR START: type=unit at 2,2
[Entity 76] Calling registerEntity...
[Entity 76] registerEntity returned.
[Entity 76] Calling updatePosition...
[Entity 76] updatePosition returned.
[DIAG] Actor Created ID: 76
[DIAG] Actor smartMove type: function
[DIAG] Actor smartMove body snapshot: smartMove(tx, tz, time, depth = 0) {
    if (isNaN(tx) || isNaN(tz)) {
      console.error(`[Actor $
[UnitCore.js] Unit Created ID:76 Role:worker Pos:2,2 Special:false
[UnitCore.js] Unit Created ID:76 Role:worker Pos:2,2
[UnitCore.js] Unit Construction Finished ID:76
[Game] Request Added: raise at (100,100) ID:req_76
[Game] No worker in radius 80 for Manual Req req_76. Trying Global Scan...
[Actor 76] Resetting Unreachable (Target changed or initializing)
[Entity 77] CONSTRUCTOR START: type=unit at 2,2
[Entity 77] Calling registerEntity...
[Entity 77] registerEntity returned.
[Entity 77] Calling updatePosition...
[Entity 77] updatePosition returned.
[DIAG] Actor Created ID: 77
[DIAG] Actor smartMove type: function
[DIAG] Actor smartMove body snapshot: smartMove(tx, tz, time, depth = 0) {
    if (isNaN(tx) || isNaN(tz)) {
      console.error(`[Actor $
[UnitCore.js] Unit Created ID:77 Role:worker Pos:2,2 Special:false
[UnitCore.js] Unit Created ID:77 Role:worker Pos:2,2
[UnitCore.js] Unit Construction Finished ID:77
[Game] Request Added: raise at (100,100) ID:req_77
[Game] No worker in radius 80 for Manual Req req_77. Trying Global Scan...
[Actor 77] Resetting Unreachable (Target changed or initializing)
[Entity 78] CONSTRUCTOR START: type=unit at 2,2
[Entity 78] Calling registerEntity...
[Entity 78] registerEntity returned.
[Entity 78] Calling updatePosition...
[Entity 78] updatePosition returned.
[DIAG] Actor Created ID: 78
[DIAG] Actor smartMove type: function
[DIAG] Actor smartMove body snapshot: smartMove(tx, tz, time, depth = 0) {
    if (isNaN(tx) || isNaN(tz)) {
      console.error(`[Actor $
[UnitCore.js] Unit Created ID:78 Role:worker Pos:2,2 Special:false
[UnitCore.js] Unit Created ID:78 Role:worker Pos:2,2
[UnitCore.js] Unit Construction Finished ID:78
[Game] Request Added: raise at (100,100) ID:req_78
[Game] No worker in radius 80 for Manual Req req_78. Trying Global Scan...
[Actor 78] Resetting Unreachable (Target changed or initializing)
[Entity 79] CONSTRUCTOR START: type=unit at 2,2
[Entity 79] Calling registerEntity...
[Entity 79] registerEntity returned.
[Entity 79] Calling updatePosition...
[Entity 79] updatePosition returned.
[DIAG] Actor Created ID: 79
[DIAG] Actor smartMove type: function
[DIAG] Actor smartMove body snapshot: smartMove(tx, tz, time, depth = 0) {
    if (isNaN(tx) || isNaN(tz)) {
      console.error(`[Actor $
[UnitCore.js] Unit Created ID:79 Role:worker Pos:2,2 Special:false
[UnitCore.js] Unit Created ID:79 Role:worker Pos:2,2
[UnitCore.js] Unit Construction Finished ID:79
[Game] Request Added: raise at (100,100) ID:req_79
[Game] No worker in radius 80 for Manual Req req_79. Trying Global Scan...
[Actor 79] Resetting Unreachable (Target changed or initializing)
[Entity 80] CONSTRUCTOR START: type=unit at 2,2
[Entity 80] Calling registerEntity...
[Entity 80] registerEntity returned.
[Entity 80] Calling updatePosition...
[Entity 80] updatePosition returned.
[DIAG] Actor Created ID: 80
[DIAG] Actor smartMove type: function
[DIAG] Actor smartMove body snapshot: smartMove(tx, tz, time, depth = 0) {
    if (isNaN(tx) || isNaN(tz)) {
      console.error(`[Actor $
[UnitCore.js] Unit Created ID:80 Role:worker Pos:2,2 Special:false
[UnitCore.js] Unit Created ID:80 Role:worker Pos:2,2
[UnitCore.js] Unit Construction Finished ID:80
[Game] Request Added: raise at (100,100) ID:req_80
[Game] No worker in radius 80 for Manual Req req_80. Trying Global Scan...
[Actor 80] Resetting Unreachable (Target changed or initializing)
[Entity 81] CONSTRUCTOR START: type=unit at 2,2
[Entity 81] Calling registerEntity...
[Entity 81] registerEntity returned.
[Entity 81] Calling updatePosition...
[Entity 81] updatePosition returned.
[DIAG] Actor Created ID: 81
[DIAG] Actor smartMove type: function
[DIAG] Actor smartMove body snapshot: smartMove(tx, tz, time, depth = 0) {
    if (isNaN(tx) || isNaN(tz)) {
      console.error(`[Actor $
[UnitCore.js] Unit Created ID:81 Role:worker Pos:2,2 Special:false
[UnitCore.js] Unit Created ID:81 Role:worker Pos:2,2
[UnitCore.js] Unit Construction Finished ID:81
[Game] Request Added: raise at (100,100) ID:req_81
[Game] No worker in radius 80 for Manual Req req_81. Trying Global Scan...
[Actor 81] Resetting Unreachable (Target changed or initializing)
[Entity 82] CONSTRUCTOR START: type=unit at 2,2
[Entity 82] Calling registerEntity...
[Entity 82] registerEntity returned.
[Entity 82] Calling updatePosition...
[Entity 82] updatePosition returned.
[DIAG] Actor Created ID: 82
[DIAG] Actor smartMove type: function
[DIAG] Actor smartMove body snapshot: smartMove(tx, tz, time, depth = 0) {
    if (isNaN(tx) || isNaN(tz)) {
      console.error(`[Actor $
[UnitCore.js] Unit Created ID:82 Role:worker Pos:2,2 Special:false
[UnitCore.js] Unit Created ID:82 Role:worker Pos:2,2
[UnitCore.js] Unit Construction Finished ID:82
[Game] Request Added: raise at (100,100) ID:req_82
[Game] No worker in radius 80 for Manual Req req_82. Trying Global Scan...
[Actor 82] Resetting Unreachable (Target changed or initializing)
[Entity 83] CONSTRUCTOR START: type=unit at 2,2
[Entity 83] Calling registerEntity...
[Entity 83] registerEntity returned.
[Entity 83] Calling updatePosition...
[Entity 83] updatePosition returned.
[DIAG] Actor Created ID: 83
[DIAG] Actor smartMove type: function
[DIAG] Actor smartMove body snapshot: smartMove(tx, tz, time, depth = 0) {
    if (isNaN(tx) || isNaN(tz)) {
      console.error(`[Actor $
[UnitCore.js] Unit Created ID:83 Role:worker Pos:2,2 Special:false
[UnitCore.js] Unit Created ID:83 Role:worker Pos:2,2
[UnitCore.js] Unit Construction Finished ID:83
[Game] Request Added: raise at (100,100) ID:req_83
[Game] No worker in radius 80 for Manual Req req_83. Trying Global Scan...
[Actor 83] Resetting Unreachable (Target changed or initializing)
[Entity 84] CONSTRUCTOR START: type=unit at 2,2
[Entity 84] Calling registerEntity...
[Entity 84] registerEntity returned.
[Entity 84] Calling updatePosition...
[Entity 84] updatePosition returned.
[DIAG] Actor Created ID: 84
[DIAG] Actor smartMove type: function
[DIAG] Actor smartMove body snapshot: smartMove(tx, tz, time, depth = 0) {
    if (isNaN(tx) || isNaN(tz)) {
      console.error(`[Actor $
[UnitCore.js] Unit Created ID:84 Role:worker Pos:2,2 Special:false
[UnitCore.js] Unit Created ID:84 Role:worker Pos:2,2
[UnitCore.js] Unit Construction Finished ID:84
[Game] Request Added: raise at (100,100) ID:req_84
[Game] No worker in radius 80 for Manual Req req_84. Trying Global Scan...
[Actor 84] Resetting Unreachable (Target changed or initializing)
[Entity 85] CONSTRUCTOR START: type=unit at 2,2
[Entity 85] Calling registerEntity...
[Entity 85] registerEntity returned.
[Entity 85] Calling updatePosition...
[Entity 85] updatePosition returned.
[DIAG] Actor Created ID: 85
[DIAG] Actor smartMove type: function
[DIAG] Actor smartMove body snapshot: smartMove(tx, tz, time, depth = 0) {
    if (isNaN(tx) || isNaN(tz)) {
      console.error(`[Actor $
[UnitCore.js] Unit Created ID:85 Role:worker Pos:2,2 Special:false
[UnitCore.js] Unit Created ID:85 Role:worker Pos:2,2
[UnitCore.js] Unit Construction Finished ID:85
[Game] Request Added: raise at (100,100) ID:req_85
[Game] No worker in radius 80 for Manual Req req_85. Trying Global Scan...
[Actor 85] Resetting Unreachable (Target changed or initializing)
[Entity 86] CONSTRUCTOR START: type=unit at 2,2
[Entity 86] Calling registerEntity...
[Entity 86] registerEntity returned.
[Entity 86] Calling updatePosition...
[Entity 86] updatePosition returned.
[DIAG] Actor Created ID: 86
[DIAG] Actor smartMove type: function
[DIAG] Actor smartMove body snapshot: smartMove(tx, tz, time, depth = 0) {
    if (isNaN(tx) || isNaN(tz)) {
      console.error(`[Actor $
[UnitCore.js] Unit Created ID:86 Role:worker Pos:2,2 Special:false
[UnitCore.js] Unit Created ID:86 Role:worker Pos:2,2
[UnitCore.js] Unit Construction Finished ID:86
[Game] Request Added: raise at (100,100) ID:req_86
[Game] No worker in radius 80 for Manual Req req_86. Trying Global Scan...
[Actor 86] Resetting Unreachable (Target changed or initializing)
[Entity 87] CONSTRUCTOR START: type=unit at 2,2
[Entity 87] Calling registerEntity...
[Entity 87] registerEntity returned.
[Entity 87] Calling updatePosition...
[Entity 87] updatePosition returned.
[DIAG] Actor Created ID: 87
[DIAG] Actor smartMove type: function
[DIAG] Actor smartMove body snapshot: smartMove(tx, tz, time, depth = 0) {
    if (isNaN(tx) || isNaN(tz)) {
      console.error(`[Actor $
[UnitCore.js] Unit Created ID:87 Role:worker Pos:2,2 Special:false
[UnitCore.js] Unit Created ID:87 Role:worker Pos:2,2
[UnitCore.js] Unit Construction Finished ID:87
[Game] Request Added: raise at (100,100) ID:req_87
[Game] No worker in radius 80 for Manual Req req_87. Trying Global Scan...
[Actor 87] Resetting Unreachable (Target changed or initializing)
[Entity 88] CONSTRUCTOR START: type=unit at 2,2
[Entity 88] Calling registerEntity...
[Entity 88] registerEntity returned.
[Entity 88] Calling updatePosition...
[Entity 88] updatePosition returned.
[DIAG] Actor Created ID: 88
[DIAG] Actor smartMove type: function
[DIAG] Actor smartMove body snapshot: smartMove(tx, tz, time, depth = 0) {
    if (isNaN(tx) || isNaN(tz)) {
      console.error(`[Actor $
[UnitCore.js] Unit Created ID:88 Role:worker Pos:2,2 Special:false
[UnitCore.js] Unit Created ID:88 Role:worker Pos:2,2
[UnitCore.js] Unit Construction Finished ID:88
[Game] Request Added: raise at (100,100) ID:req_88
[Game] No worker in radius 80 for Manual Req req_88. Trying Global Scan...
[Actor 88] Resetting Unreachable (Target changed or initializing)
[Entity 89] CONSTRUCTOR START: type=unit at 2,2
[Entity 89] Calling registerEntity...
[Entity 89] registerEntity returned.
[Entity 89] Calling updatePosition...
[Entity 89] updatePosition returned.
[DIAG] Actor Created ID: 89
[DIAG] Actor smartMove type: function
[DIAG] Actor smartMove body snapshot: smartMove(tx, tz, time, depth = 0) {
    if (isNaN(tx) || isNaN(tz)) {
      console.error(`[Actor $
[UnitCore.js] Unit Created ID:89 Role:worker Pos:2,2 Special:false
[UnitCore.js] Unit Created ID:89 Role:worker Pos:2,2
[UnitCore.js] Unit Construction Finished ID:89
[Game] Request Added: raise at (100,100) ID:req_89
[Game] No worker in radius 80 for Manual Req req_89. Trying Global Scan...
[Actor 89] Resetting Unreachable (Target changed or initializing)
[Entity 90] CONSTRUCTOR START: type=unit at 2,2
[Entity 90] Calling registerEntity...
[Entity 90] registerEntity returned.
[Entity 90] Calling updatePosition...
[Entity 90] updatePosition returned.
[DIAG] Actor Created ID: 90
[DIAG] Actor smartMove type: function
[DIAG] Actor smartMove body snapshot: smartMove(tx, tz, time, depth = 0) {
    if (isNaN(tx) || isNaN(tz)) {
      console.error(`[Actor $
[UnitCore.js] Unit Created ID:90 Role:worker Pos:2,2 Special:false
[UnitCore.js] Unit Created ID:90 Role:worker Pos:2,2
[UnitCore.js] Unit Construction Finished ID:90
[Game] Request Added: raise at (100,100) ID:req_90
[Game] No worker in radius 80 for Manual Req req_90. Trying Global Scan...
[Actor 90] Resetting Unreachable (Target changed or initializing)
[Entity 91] CONSTRUCTOR START: type=unit at 2,2
[Entity 91] Calling registerEntity...
[Entity 91] registerEntity returned.
[Entity 91] Calling updatePosition...
[Entity 91] updatePosition returned.
[DIAG] Actor Created ID: 91
[DIAG] Actor smartMove type: function
[DIAG] Actor smartMove body snapshot: smartMove(tx, tz, time, depth = 0) {
    if (isNaN(tx) || isNaN(tz)) {
      console.error(`[Actor $
[UnitCore.js] Unit Created ID:91 Role:worker Pos:2,2 Special:false
[UnitCore.js] Unit Created ID:91 Role:worker Pos:2,2
[UnitCore.js] Unit Construction Finished ID:91
[Game] Request Added: raise at (100,100) ID:req_91
[Game] No worker in radius 80 for Manual Req req_91. Trying Global Scan...
[Actor 91] Resetting Unreachable (Target changed or initializing)
[Entity 92] CONSTRUCTOR START: type=unit at 2,2
[Entity 92] Calling registerEntity...
[Entity 92] registerEntity returned.
[Entity 92] Calling updatePosition...
[Entity 92] updatePosition returned.
[DIAG] Actor Created ID: 92
[DIAG] Actor smartMove type: function
[DIAG] Actor smartMove body snapshot: smartMove(tx, tz, time, depth = 0) {
    if (isNaN(tx) || isNaN(tz)) {
      console.error(`[Actor $
[UnitCore.js] Unit Created ID:92 Role:worker Pos:2,2 Special:false
[UnitCore.js] Unit Created ID:92 Role:worker Pos:2,2
[UnitCore.js] Unit Construction Finished ID:92
[Game] Request Added: raise at (100,100) ID:req_92
[Game] No worker in radius 80 for Manual Req req_92. Trying Global Scan...
[Actor 92] Resetting Unreachable (Target changed or initializing)
[Entity 93] CONSTRUCTOR START: type=unit at 2,2
[Entity 93] Calling registerEntity...
[Entity 93] registerEntity returned.
[Entity 93] Calling updatePosition...
[Entity 93] updatePosition returned.
[DIAG] Actor Created ID: 93
[DIAG] Actor smartMove type: function
[DIAG] Actor smartMove body snapshot: smartMove(tx, tz, time, depth = 0) {
    if (isNaN(tx) || isNaN(tz)) {
      console.error(`[Actor $
[UnitCore.js] Unit Created ID:93 Role:worker Pos:2,2 Special:false
[UnitCore.js] Unit Created ID:93 Role:worker Pos:2,2
[UnitCore.js] Unit Construction Finished ID:93
[Game] Request Added: raise at (100,100) ID:req_93
[Game] No worker in radius 80 for Manual Req req_93. Trying Global Scan...
[Actor 93] Resetting Unreachable (Target changed or initializing)
[Entity 94] CONSTRUCTOR START: type=unit at 2,2
[Entity 94] Calling registerEntity...
[Entity 94] registerEntity returned.
[Entity 94] Calling updatePosition...
[Entity 94] updatePosition returned.
[DIAG] Actor Created ID: 94
[DIAG] Actor smartMove type: function
[DIAG] Actor smartMove body snapshot: smartMove(tx, tz, time, depth = 0) {
    if (isNaN(tx) || isNaN(tz)) {
      console.error(`[Actor $
[UnitCore.js] Unit Created ID:94 Role:worker Pos:2,2 Special:false
[UnitCore.js] Unit Created ID:94 Role:worker Pos:2,2
[UnitCore.js] Unit Construction Finished ID:94
[Game] Request Added: raise at (100,100) ID:req_94
[Game] No worker in radius 80 for Manual Req req_94. Trying Global Scan...
[Actor 94] Resetting Unreachable (Target changed or initializing)
[Entity 95] CONSTRUCTOR START: type=unit at 2,2
[Entity 95] Calling registerEntity...
[Entity 95] registerEntity returned.
[Entity 95] Calling updatePosition...
[Entity 95] updatePosition returned.
[DIAG] Actor Created ID: 95
[DIAG] Actor smartMove type: function
[DIAG] Actor smartMove body snapshot: smartMove(tx, tz, time, depth = 0) {
    if (isNaN(tx) || isNaN(tz)) {
      console.error(`[Actor $
[UnitCore.js] Unit Created ID:95 Role:worker Pos:2,2 Special:false
[UnitCore.js] Unit Created ID:95 Role:worker Pos:2,2
[UnitCore.js] Unit Construction Finished ID:95
[Game] Request Added: raise at (100,100) ID:req_95
[Game] No worker in radius 80 for Manual Req req_95. Trying Global Scan...
[Actor 95] Resetting Unreachable (Target changed or initializing)
[Entity 96] CONSTRUCTOR START: type=unit at 2,2
[Entity 96] Calling registerEntity...
[Entity 96] registerEntity returned.
[Entity 96] Calling updatePosition...
[Entity 96] updatePosition returned.
[DIAG] Actor Created ID: 96
[DIAG] Actor smartMove type: function
[DIAG] Actor smartMove body snapshot: smartMove(tx, tz, time, depth = 0) {
    if (isNaN(tx) || isNaN(tz)) {
      console.error(`[Actor $
[UnitCore.js] Unit Created ID:96 Role:worker Pos:2,2 Special:false
[UnitCore.js] Unit Created ID:96 Role:worker Pos:2,2
[UnitCore.js] Unit Construction Finished ID:96
[Game] Request Added: raise at (100,100) ID:req_96
[Game] No worker in radius 80 for Manual Req req_96. Trying Global Scan...
[Actor 96] Resetting Unreachable (Target changed or initializing)
[Entity 97] CONSTRUCTOR START: type=unit at 2,2
[Entity 97] Calling registerEntity...
[Entity 97] registerEntity returned.
[Entity 97] Calling updatePosition...
[Entity 97] updatePosition returned.
[DIAG] Actor Created ID: 97
[DIAG] Actor smartMove type: function
[DIAG] Actor smartMove body snapshot: smartMove(tx, tz, time, depth = 0) {
    if (isNaN(tx) || isNaN(tz)) {
      console.error(`[Actor $
[UnitCore.js] Unit Created ID:97 Role:worker Pos:2,2 Special:false
[UnitCore.js] Unit Created ID:97 Role:worker Pos:2,2
[UnitCore.js] Unit Construction Finished ID:97
[Game] Request Added: raise at (100,100) ID:req_97
[Game] No worker in radius 80 for Manual Req req_97. Trying Global Scan...
[Actor 97] Resetting Unreachable (Target changed or initializing)
[Entity 98] CONSTRUCTOR START: type=unit at 2,2
[Entity 98] Calling registerEntity...
[Entity 98] registerEntity returned.
[Entity 98] Calling updatePosition...
[Entity 98] updatePosition returned.
[DIAG] Actor Created ID: 98
[DIAG] Actor smartMove type: function
[DIAG] Actor smartMove body snapshot: smartMove(tx, tz, time, depth = 0) {
    if (isNaN(tx) || isNaN(tz)) {
      console.error(`[Actor $
[UnitCore.js] Unit Created ID:98 Role:worker Pos:2,2 Special:false
[UnitCore.js] Unit Created ID:98 Role:worker Pos:2,2
[UnitCore.js] Unit Construction Finished ID:98
[Game] Request Added: raise at (100,100) ID:req_98
[Game] No worker in radius 80 for Manual Req req_98. Trying Global Scan...
[Actor 98] Resetting Unreachable (Target changed or initializing)
[Entity 99] CONSTRUCTOR START: type=unit at 2,2
[Entity 99] Calling registerEntity...
[Entity 99] registerEntity returned.
[Entity 99] Calling updatePosition...
[Entity 99] updatePosition returned.
[DIAG] Actor Created ID: 99
[DIAG] Actor smartMove type: function
[DIAG] Actor smartMove body snapshot: smartMove(tx, tz, time, depth = 0) {
    if (isNaN(tx) || isNaN(tz)) {
      console.error(`[Actor $
[UnitCore.js] Unit Created ID:99 Role:worker Pos:2,2 Special:false
[UnitCore.js] Unit Created ID:99 Role:worker Pos:2,2
[UnitCore.js] Unit Construction Finished ID:99
[Game] Request Added: raise at (100,100) ID:req_99
[Game] No worker in radius 80 for Manual Req req_99. Trying Global Scan...
[Actor 99] Resetting Unreachable (Target changed or initializing)
[Actor 0] Pathfinding SUCCESS: Got 1 nodes to 100,100
[Entity 0] startMove -> isMoving:true. Target:100,100 StartTime:0.0000
[Actor 1] Pathfinding SUCCESS: Got 1 nodes to 100,100
[Entity 1] startMove -> isMoving:true. Target:100,100 StartTime:0.0000
[Actor 2] Pathfinding SUCCESS: Got 1 nodes to 100,100
[Entity 2] startMove -> isMoving:true. Target:100,100 StartTime:0.0000
[Actor 3] Pathfinding SUCCESS: Got 1 nodes to 100,100
[Entity 3] startMove -> isMoving:true. Target:100,100 StartTime:0.0000
[Actor 4] Pathfinding SUCCESS: Got 1 nodes to 100,100
[Entity 4] startMove -> isMoving:true. Target:100,100 StartTime:0.0000
[Actor 5] Pathfinding SUCCESS: Got 1 nodes to 100,100
[Entity 5] startMove -> isMoving:true. Target:100,100 StartTime:0.0000
[Actor 6] Pathfinding SUCCESS: Got 1 nodes to 100,100
[Entity 6] startMove -> isMoving:true. Target:100,100 StartTime:0.0000
[Actor 7] Pathfinding SUCCESS: Got 1 nodes to 100,100
[Entity 7] startMove -> isMoving:true. Target:100,100 StartTime:0.0000
[Actor 8] Pathfinding SUCCESS: Got 1 nodes to 100,100
[Entity 8] startMove -> isMoving:true. Target:100,100 StartTime:0.0000
[Actor 9] Pathfinding SUCCESS: Got 1 nodes to 100,100
[Entity 9] startMove -> isMoving:true. Target:100,100 StartTime:0.0000
[Actor 10] Pathfinding SUCCESS: Got 1 nodes to 100,100
[Entity 10] startMove -> isMoving:true. Target:100,100 StartTime:0.0000
[Actor 11] Pathfinding SUCCESS: Got 1 nodes to 100,100
[Entity 11] startMove -> isMoving:true. Target:100,100 StartTime:0.0000
[Actor 12] Pathfinding SUCCESS: Got 1 nodes to 100,100
[Entity 12] startMove -> isMoving:true. Target:100,100 StartTime:0.0000
[Actor 13] Pathfinding SUCCESS: Got 1 nodes to 100,100
[Entity 13] startMove -> isMoving:true. Target:100,100 StartTime:0.0000
[Actor 14] Pathfinding SUCCESS: Got 1 nodes to 100,100
[Entity 14] startMove -> isMoving:true. Target:100,100 StartTime:0.0000
[Actor 15] Pathfinding SUCCESS: Got 1 nodes to 100,100
[Entity 15] startMove -> isMoving:true. Target:100,100 StartTime:0.0000
[Actor 16] Pathfinding SUCCESS: Got 1 nodes to 100,100
[Entity 16] startMove -> isMoving:true. Target:100,100 StartTime:0.0000
[Actor 17] Pathfinding SUCCESS: Got 1 nodes to 100,100
[Entity 17] startMove -> isMoving:true. Target:100,100 StartTime:0.0000
[Actor 18] Pathfinding SUCCESS: Got 1 nodes to 100,100
[Entity 18] startMove -> isMoving:true. Target:100,100 StartTime:0.0000
[Actor 19] Pathfinding SUCCESS: Got 1 nodes to 100,100
[Entity 19] startMove -> isMoving:true. Target:100,100 StartTime:0.0000
[Actor 20] Pathfinding SUCCESS: Got 1 nodes to 100,100
[Entity 20] startMove -> isMoving:true. Target:100,100 StartTime:0.0000
[Actor 21] Pathfinding SUCCESS: Got 1 nodes to 100,100
[Entity 21] startMove -> isMoving:true. Target:100,100 StartTime:0.0000
[Actor 22] Pathfinding SUCCESS: Got 1 nodes to 100,100
[Entity 22] startMove -> isMoving:true. Target:100,100 StartTime:0.0000
[Actor 23] Pathfinding SUCCESS: Got 1 nodes to 100,100
[Entity 23] startMove -> isMoving:true. Target:100,100 StartTime:0.0000
[Actor 24] Pathfinding SUCCESS: Got 1 nodes to 100,100
[Entity 24] startMove -> isMoving:true. Target:100,100 StartTime:0.0000
[Actor 25] Pathfinding SUCCESS: Got 1 nodes to 100,100
[Entity 25] startMove -> isMoving:true. Target:100,100 StartTime:0.0000
[Actor 26] Pathfinding SUCCESS: Got 1 nodes to 100,100
[Entity 26] startMove -> isMoving:true. Target:100,100 StartTime:0.0000
[Actor 27] Pathfinding SUCCESS: Got 1 nodes to 100,100
[Entity 27] startMove -> isMoving:true. Target:100,100 StartTime:0.0000
[Actor 28] Pathfinding SUCCESS: Got 1 nodes to 100,100
[Entity 28] startMove -> isMoving:true. Target:100,100 StartTime:0.0000
[Actor 29] Pathfinding SUCCESS: Got 1 nodes to 100,100
[Entity 29] startMove -> isMoving:true. Target:100,100 StartTime:0.0000
[Actor 30] Pathfinding SUCCESS: Got 1 nodes to 100,100
[Entity 30] startMove -> isMoving:true. Target:100,100 StartTime:0.0000
[Actor 31] Pathfinding SUCCESS: Got 1 nodes to 100,100
[Entity 31] startMove -> isMoving:true. Target:100,100 StartTime:0.0000
[Actor 32] Pathfinding SUCCESS: Got 1 nodes to 100,100
[Entity 32] startMove -> isMoving:true. Target:100,100 StartTime:0.0000
[Actor 33] Pathfinding SUCCESS: Got 1 nodes to 100,100
[Entity 33] startMove -> isMoving:true. Target:100,100 StartTime:0.0000
[Actor 34] Pathfinding SUCCESS: Got 1 nodes to 100,100
[Entity 34] startMove -> isMoving:true. Target:100,100 StartTime:0.0000
[Actor 35] Pathfinding SUCCESS: Got 1 nodes to 100,100
[Entity 35] startMove -> isMoving:true. Target:100,100 StartTime:0.0000
[Actor 36] Pathfinding SUCCESS: Got 1 nodes to 100,100
[Entity 36] startMove -> isMoving:true. Target:100,100 StartTime:0.0000
[Actor 37] Pathfinding SUCCESS: Got 1 nodes to 100,100
[Entity 37] startMove -> isMoving:true. Target:100,100 StartTime:0.0000
[Actor 38] Pathfinding SUCCESS: Got 1 nodes to 100,100
[Entity 38] startMove -> isMoving:true. Target:100,100 StartTime:0.0000
[Actor 39] Pathfinding SUCCESS: Got 1 nodes to 100,100
[Entity 39] startMove -> isMoving:true. Target:100,100 StartTime:0.0000
[Actor 40] Pathfinding SUCCESS: Got 1 nodes to 100,100
[Entity 40] startMove -> isMoving:true. Target:100,100 StartTime:0.0000
[Actor 41] Pathfinding SUCCESS: Got 1 nodes to 100,100
[Entity 41] startMove -> isMoving:true. Target:100,100 StartTime:0.0000
[Actor 42] Pathfinding SUCCESS: Got 1 nodes to 100,100
[Entity 42] startMove -> isMoving:true. Target:100,100 StartTime:0.0000
[Actor 43] Pathfinding SUCCESS: Got 1 nodes to 100,100
[Entity 43] startMove -> isMoving:true. Target:100,100 StartTime:0.0000
[Actor 44] Pathfinding SUCCESS: Got 1 nodes to 100,100
[Entity 44] startMove -> isMoving:true. Target:100,100 StartTime:0.0000
[Actor 45] Pathfinding SUCCESS: Got 1 nodes to 100,100
[Entity 45] startMove -> isMoving:true. Target:100,100 StartTime:0.0000
[Actor 46] Pathfinding SUCCESS: Got 1 nodes to 100,100
[Entity 46] startMove -> isMoving:true. Target:100,100 StartTime:0.0000
[Actor 47] Pathfinding SUCCESS: Got 1 nodes to 100,100
[Entity 47] startMove -> isMoving:true. Target:100,100 StartTime:0.0000
[Actor 48] Pathfinding SUCCESS: Got 1 nodes to 100,100
[Entity 48] startMove -> isMoving:true. Target:100,100 StartTime:0.0000
[Actor 49] Pathfinding SUCCESS: Got 1 nodes to 100,100
[Entity 49] startMove -> isMoving:true. Target:100,100 StartTime:0.0000
[Actor 50] Pathfinding SUCCESS: Got 1 nodes to 100,100
[Entity 50] startMove -> isMoving:true. Target:100,100 StartTime:0.0000
[Actor 51] Pathfinding SUCCESS: Got 1 nodes to 100,100
[Entity 51] startMove -> isMoving:true. Target:100,100 StartTime:0.0000
[Actor 52] Pathfinding SUCCESS: Got 1 nodes to 100,100
[Entity 52] startMove -> isMoving:true. Target:100,100 StartTime:0.0000
[Actor 53] Pathfinding SUCCESS: Got 1 nodes to 100,100
[Entity 53] startMove -> isMoving:true. Target:100,100 StartTime:0.0000
[Actor 54] Pathfinding SUCCESS: Got 1 nodes to 100,100
[Entity 54] startMove -> isMoving:true. Target:100,100 StartTime:0.0000
[Actor 55] Pathfinding SUCCESS: Got 1 nodes to 100,100
[Entity 55] startMove -> isMoving:true. Target:100,100 StartTime:0.0000
[Actor 56] Pathfinding SUCCESS: Got 1 nodes to 100,100
[Entity 56] startMove -> isMoving:true. Target:100,100 StartTime:0.0000
[Actor 57] Pathfinding SUCCESS: Got 1 nodes to 100,100
[Entity 57] startMove -> isMoving:true. Target:100,100 StartTime:0.0000
[Actor 58] Pathfinding SUCCESS: Got 1 nodes to 100,100
[Entity 58] startMove -> isMoving:true. Target:100,100 StartTime:0.0000
[Actor 59] Pathfinding SUCCESS: Got 1 nodes to 100,100
[Entity 59] startMove -> isMoving:true. Target:100,100 StartTime:0.0000
[Actor 60] Pathfinding SUCCESS: Got 1 nodes to 100,100
[Entity 60] startMove -> isMoving:true. Target:100,100 StartTime:0.0000
[Actor 61] Pathfinding SUCCESS: Got 1 nodes to 100,100
[Entity 61] startMove -> isMoving:true. Target:100,100 StartTime:0.0000
[Actor 62] Pathfinding SUCCESS: Got 1 nodes to 100,100
[Entity 62] startMove -> isMoving:true. Target:100,100 StartTime:0.0000
[Actor 63] Pathfinding SUCCESS: Got 1 nodes to 100,100
[Entity 63] startMove -> isMoving:true. Target:100,100 StartTime:0.0000
[Actor 64] Pathfinding SUCCESS: Got 1 nodes to 100,100
[Entity 64] startMove -> isMoving:true. Target:100,100 StartTime:0.0000
[Actor 65] Pathfinding SUCCESS: Got 1 nodes to 100,100
[Entity 65] startMove -> isMoving:true. Target:100,100 StartTime:0.0000
[Actor 66] Pathfinding SUCCESS: Got 1 nodes to 100,100
[Entity 66] startMove -> isMoving:true. Target:100,100 StartTime:0.0000
[Actor 67] Pathfinding SUCCESS: Got 1 nodes to 100,100
[Entity 67] startMove -> isMoving:true. Target:100,100 StartTime:0.0000
[Actor 68] Pathfinding SUCCESS: Got 1 nodes to 100,100
[Entity 68] startMove -> isMoving:true. Target:100,100 StartTime:0.0000
[Actor 69] Pathfinding SUCCESS: Got 1 nodes to 100,100
[Entity 69] startMove -> isMoving:true. Target:100,100 StartTime:0.0000
[Actor 70] Pathfinding SUCCESS: Got 1 nodes to 100,100
[Entity 70] startMove -> isMoving:true. Target:100,100 StartTime:0.0000
[Actor 71] Pathfinding SUCCESS: Got 1 nodes to 100,100
[Entity 71] startMove -> isMoving:true. Target:100,100 StartTime:0.0000
[Actor 72] Pathfinding SUCCESS: Got 1 nodes to 100,100
[Entity 72] startMove -> isMoving:true. Target:100,100 StartTime:0.0000
[Actor 73] Pathfinding SUCCESS: Got 1 nodes to 100,100
[Entity 73] startMove -> isMoving:true. Target:100,100 StartTime:0.0000
[Actor 74] Pathfinding SUCCESS: Got 1 nodes to 100,100
[Entity 74] startMove -> isMoving:true. Target:100,100 StartTime:0.0000
[Actor 75] Pathfinding SUCCESS: Got 1 nodes to 100,100
[Entity 75] startMove -> isMoving:true. Target:100,100 StartTime:0.0000
[Actor 76] Pathfinding SUCCESS: Got 1 nodes to 100,100
[Entity 76] startMove -> isMoving:true. Target:100,100 StartTime:0.0000
[Actor 77] Pathfinding SUCCESS: Got 1 nodes to 100,100
[Entity 77] startMove -> isMoving:true. Target:100,100 StartTime:0.0000
[Actor 78] Pathfinding SUCCESS: Got 1 nodes to 100,100
[Entity 78] startMove -> isMoving:true. Target:100,100 StartTime:0.0000
[Actor 79] Pathfinding SUCCESS: Got 1 nodes to 100,100
[Entity 79] startMove -> isMoving:true. Target:100,100 StartTime:0.0000
[Actor 80] Pathfinding SUCCESS: Got 1 nodes to 100,100
[Entity 80] startMove -> isMoving:true. Target:100,100 StartTime:0.0000
[Actor 81] Pathfinding SUCCESS: Got 1 nodes to 100,100
[Entity 81] startMove -> isMoving:true. Target:100,100 StartTime:0.0000
[Actor 82] Pathfinding SUCCESS: Got 1 nodes to 100,100
[Entity 82] startMove -> isMoving:true. Target:100,100 StartTime:0.0000
[Actor 83] Pathfinding SUCCESS: Got 1 nodes to 100,100
[Entity 83] startMove -> isMoving:true. Target:100,100 StartTime:0.0000
[Actor 84] Pathfinding SUCCESS: Got 1 nodes to 100,100
[Entity 84] startMove -> isMoving:true. Target:100,100 StartTime:0.0000
[Actor 85] Pathfinding SUCCESS: Got 1 nodes to 100,100
[Entity 85] startMove -> isMoving:true. Target:100,100 StartTime:0.0000
[Actor 86] Pathfinding SUCCESS: Got 1 nodes to 100,100
[Entity 86] startMove -> isMoving:true. Target:100,100 StartTime:0.0000
[Actor 87] Pathfinding SUCCESS: Got 1 nodes to 100,100
[Entity 87] startMove -> isMoving:true. Target:100,100 StartTime:0.0000
[Actor 88] Pathfinding SUCCESS: Got 1 nodes to 100,100
[Entity 88] startMove -> isMoving:true. Target:100,100 StartTime:0.0000
[Actor 89] Pathfinding SUCCESS: Got 1 nodes to 100,100
[Entity 89] startMove -> isMoving:true. Target:100,100 StartTime:0.0000
[Actor 90] Pathfinding SUCCESS: Got 1 nodes to 100,100
[Entity 90] startMove -> isMoving:true. Target:100,100 StartTime:0.0000
[Actor 91] Pathfinding SUCCESS: Got 1 nodes to 100,100
[Entity 91] startMove -> isMoving:true. Target:100,100 StartTime:0.0000
[Actor 92] Pathfinding SUCCESS: Got 1 nodes to 100,100
[Entity 92] startMove -> isMoving:true. Target:100,100 StartTime:0.0000
[Actor 93] Pathfinding SUCCESS: Got 1 nodes to 100,100
[Entity 93] startMove -> isMoving:true. Target:100,100 StartTime:0.0000
[Actor 94] Pathfinding SUCCESS: Got 1 nodes to 100,100
[Entity 94] startMove -> isMoving:true. Target:100,100 StartTime:0.0000
[Actor 95] Pathfinding SUCCESS: Got 1 nodes to 100,100
[Entity 95] startMove -> isMoving:true. Target:100,100 StartTime:0.0000
[Actor 96] Pathfinding SUCCESS: Got 1 nodes to 100,100
[Entity 96] startMove -> isMoving:true. Target:100,100 StartTime:0.0000
[Actor 97] Pathfinding SUCCESS: Got 1 nodes to 100,100
[Entity 97] startMove -> isMoving:true. Target:100,100 StartTime:0.0000
[Actor 98] Pathfinding SUCCESS: Got 1 nodes to 100,100
[Entity 98] startMove -> isMoving:true. Target:100,100 StartTime:0.0000
[Actor 99] Pathfinding SUCCESS: Got 1 nodes to 100,100
[Entity 99] startMove -> isMoving:true. Target:100,100 StartTime:0.0000

[90mstdout[2m | src/tests/UnitStress.test.js[2m > [22m[2mUnit AI Stress Testing[2m > [22m[2mshould handle 100 units starting distant jobs simultaneously without dropping tasks
[22m[39m[Game] Dispose called for Game Instance.

[90mstdout[2m | src/tests/WinLossDelay.test.js
[22m[39m[DEBUG] Actor.ts loaded

[90mstdout[2m | src/tests/SheepHuntingFix.test.js[2m > [22m[2mSheep Hunting Logic & Manager Update Fix[2m > [22m[2mshould remove dead sheep during manager update
[22m[39mResetting SheepManager...
[Entity 10] CONSTRUCTOR START: type=sheep at 98,155
[Entity 10] Calling registerEntity...
[Entity 10] registerEntity returned.
[Entity 10] Calling updatePosition...
[Entity 10] updatePosition returned.
[DIAG] Actor Created ID: 10
[DIAG] Actor smartMove type: function
[DIAG] Actor smartMove body snapshot: smartMove(tx, tz, time, depth = 0) {
    if (isNaN(tx) || isNaN(tz)) {
      console.error(`[Actor $
[Entity 11] CONSTRUCTOR START: type=sheep at 1,88
[Entity 11] Calling registerEntity...
[Entity 11] registerEntity returned.
[Entity 11] Calling updatePosition...
[Entity 11] updatePosition returned.
[DIAG] Actor Created ID: 11
[DIAG] Actor smartMove type: function
[DIAG] Actor smartMove body snapshot: smartMove(tx, tz, time, depth = 0) {
    if (isNaN(tx) || isNaN(tz)) {
      console.error(`[Actor $
[Entity 12] CONSTRUCTOR START: type=sheep at 130,73
[Entity 12] Calling registerEntity...
[Entity 12] registerEntity returned.
[Entity 12] Calling updatePosition...
[Entity 12] updatePosition returned.
[DIAG] Actor Created ID: 12
[DIAG] Actor smartMove type: function
[DIAG] Actor smartMove body snapshot: smartMove(tx, tz, time, depth = 0) {
    if (isNaN(tx) || isNaN(tz)) {
      console.error(`[Actor $
[Entity 13] CONSTRUCTOR START: type=sheep at 68,55
[Entity 13] Calling registerEntity...
[Entity 13] registerEntity returned.
[Entity 13] Calling updatePosition...
[Entity 13] updatePosition returned.
[DIAG] Actor Created ID: 13
[DIAG] Actor smartMove type: function
[DIAG] Actor smartMove body snapshot: smartMove(tx, tz, time, depth = 0) {
    if (isNaN(tx) || isNaN(tz)) {
      console.error(`[Actor $
[Entity 14] CONSTRUCTOR START: type=sheep at 27,70
[Entity 14] Calling registerEntity...
[Entity 14] registerEntity returned.
[Entity 14] Calling updatePosition...
[Entity 14] updatePosition returned.
[DIAG] Actor Created ID: 14
[DIAG] Actor smartMove type: function
[DIAG] Actor smartMove body snapshot: smartMove(tx, tz, time, depth = 0) {
    if (isNaN(tx) || isNaN(tz)) {
      console.error(`[Actor $
[Entity 15] CONSTRUCTOR START: type=sheep at 37,144
[Entity 15] Calling registerEntity...
[Entity 15] registerEntity returned.
[Entity 15] Calling updatePosition...
[Entity 15] updatePosition returned.
[DIAG] Actor Created ID: 15
[DIAG] Actor smartMove type: function
[DIAG] Actor smartMove body snapshot: smartMove(tx, tz, time, depth = 0) {
    if (isNaN(tx) || isNaN(tz)) {
      console.error(`[Actor $
[Entity 16] CONSTRUCTOR START: type=sheep at 5,77
[Entity 16] Calling registerEntity...
[Entity 16] registerEntity returned.
[Entity 16] Calling updatePosition...
[Entity 16] updatePosition returned.
[DIAG] Actor Created ID: 16
[DIAG] Actor smartMove type: function
[DIAG] Actor smartMove body snapshot: smartMove(tx, tz, time, depth = 0) {
    if (isNaN(tx) || isNaN(tz)) {
      console.error(`[Actor $
[Entity 17] CONSTRUCTOR START: type=sheep at 100,122
[Entity 17] Calling registerEntity...
[Entity 17] registerEntity returned.
[Entity 17] Calling updatePosition...
[Entity 17] updatePosition returned.
[DIAG] Actor Created ID: 17
[DIAG] Actor smartMove type: function
[DIAG] Actor smartMove body snapshot: smartMove(tx, tz, time, depth = 0) {
    if (isNaN(tx) || isNaN(tz)) {
      console.error(`[Actor $
[Entity 18] CONSTRUCTOR START: type=sheep at 5,95
[Entity 18] Calling registerEntity...
[Entity 18] registerEntity returned.
[Entity 18] Calling updatePosition...
[Entity 18] updatePosition returned.
[DIAG] Actor Created ID: 18
[DIAG] Actor smartMove type: function
[DIAG] Actor smartMove body snapshot: smartMove(tx, tz, time, depth = 0) {
    if (isNaN(tx) || isNaN(tz)) {
      console.error(`[Actor $
[Entity 19] CONSTRUCTOR START: type=sheep at 52,88
[Entity 19] Calling registerEntity...
[Entity 19] registerEntity returned.
[Entity 19] Calling updatePosition...
[Entity 19] updatePosition returned.
[DIAG] Actor Created ID: 19
[DIAG] Actor smartMove type: function
[DIAG] Actor smartMove body snapshot: smartMove(tx, tz, time, depth = 0) {
    if (isNaN(tx) || isNaN(tz)) {
      console.error(`[Actor $

[90mstdout[2m | src/tests/CombatBalance.test.js[2m > [22m[2mCombat Balance Verification[2m > [22m[2mWorker vs Normal Goblin (Expected: Goblin Win due to stats buff)
[22m[39m[Entity 0] CONSTRUCTOR START: type=unit at 10,10
[Entity 0] Calling registerEntity...
[Entity 0] registerEntity returned.
[Entity 0] Calling updatePosition...
[Entity 0] updatePosition returned.
[DIAG] Actor Created ID: 0
[DIAG] Actor smartMove type: function
[DIAG] Actor smartMove body snapshot: smartMove(tx, tz, time, depth = 0) {
    if (isNaN(tx) || isNaN(tz)) {
      console.error(`[Actor $
[UnitCore.js] Unit Created ID:0 Role:worker Pos:10,10 Special:false
[Unit 0] State Change: None -> Wander
[UnitCore.js] Unit Created ID:0 Role:worker Pos:10,10
[UnitCore.js] Unit Construction Finished ID:0
[Entity 1] CONSTRUCTOR START: type=goblin at 10,10
[Entity 1] Calling registerEntity...
[Entity 1] registerEntity returned.
[Entity 1] Calling updatePosition...
[Entity 1] updatePosition returned.
[DIAG] Actor Created ID: 1
[DIAG] Actor smartMove type: function
[DIAG] Actor smartMove body snapshot: smartMove(tx, tz, time, depth = 0) {
    if (isNaN(tx) || isNaN(tz)) {
      console.error(`[Actor $
[Unit 0] State Change: Wander -> Combat
[Combat Debug 0] Update Start. TargetG:true TargetB:false
Goblin hit Unit! Dmg: 10 UnitHP: 41 
[Combat Debug 0] Update Start. TargetG:true TargetB:false
[Combat Debug 0] Update Start. TargetG:true TargetB:false
[Combat Debug 0] Update Start. TargetG:true TargetB:false
[Combat Debug 0] Update Start. TargetG:true TargetB:false
[Combat Debug 0] Update Start. TargetG:true TargetB:false
[Combat Debug 0] Update Start. TargetG:true TargetB:false
[Combat Debug 0] Update Start. TargetG:true TargetB:false
[Combat Debug 0] Update Start. TargetG:true TargetB:false
[Combat Debug 0] Update Start. TargetG:true TargetB:false
[Combat Debug 0] Update Start. TargetG:true TargetB:false
[Combat Debug 0] Update Start. TargetG:true TargetB:false
[Combat Debug 0] Update Start. TargetG:true TargetB:false
[Combat Debug 0] Update Start. TargetG:true TargetB:false
[Combat Debug 0] Update Start. TargetG:true TargetB:false
[Combat Debug 0] Update Start. TargetG:true TargetB:false
[Combat Debug 0] Update Start. TargetG:true TargetB:false
[Combat Debug 0] Update Start. TargetG:true TargetB:false
[Combat Debug 0] Update Start. TargetG:true TargetB:false
[Combat Debug 0] Update Start. TargetG:true TargetB:false
[Combat Debug 0] Update Start. TargetG:true TargetB:false
[Combat Debug 0] Update Start. TargetG:true TargetB:false
[Combat Debug 0] Update Start. TargetG:true TargetB:false
[Combat Debug 0] Update Start. TargetG:true TargetB:false
[Combat Debug 0] Update Start. TargetG:true TargetB:false
[Combat Debug 0] Update Start. TargetG:true TargetB:false
[Combat Debug 0] Update Start. TargetG:true TargetB:false
[Combat Debug 0] Update Start. TargetG:true TargetB:false
[Combat Debug 0] Update Start. TargetG:true TargetB:false
[Combat Debug 0] Update Start. TargetG:true TargetB:false
[Combat Debug 0] Update Start. TargetG:true TargetB:false
[Combat Debug 0] Update Start. TargetG:true TargetB:false
[Combat Debug 0] Update Start. TargetG:true TargetB:false
[Combat Debug 0] Update Start. TargetG:true TargetB:false
[Combat Debug 0] Update Start. TargetG:true TargetB:false
[Combat Debug 0] Update Start. TargetG:true TargetB:false
[Combat Debug 0] Update Start. TargetG:true TargetB:false
[Combat Debug 0] Update Start. TargetG:true TargetB:false
[Combat Debug 0] Update Start. TargetG:true TargetB:false
[Combat Debug 0] Update Start. TargetG:true TargetB:false
[Combat Debug 0] Update Start. TargetG:true TargetB:false
[Combat Debug 0] Update Start. TargetG:true TargetB:false
[Combat Debug 0] Update Start. TargetG:true TargetB:false
[Combat Debug 0] Update Start. TargetG:true TargetB:false
[Combat Debug 0] Update Start. TargetG:true TargetB:false
[Combat Debug 0] Update Start. TargetG:true TargetB:false
[Combat Debug 0] Update Start. TargetG:true TargetB:false
[Combat Debug 0] Update Start. TargetG:true TargetB:false
[Combat Debug 0] Update Start. TargetG:true TargetB:false
[Combat Debug 0] Update Start. TargetG:true TargetB:false
[Combat Debug 0] Update Start. TargetG:true TargetB:false
[Combat Debug 0] Update Start. TargetG:true TargetB:false
[Combat Debug 0] Update Start. TargetG:true TargetB:false
[Combat Debug 0] Update Start. TargetG:true TargetB:false
[Combat Debug 0] Update Start. TargetG:true TargetB:false
[Combat Debug 0] Update Start. TargetG:true TargetB:false
[Combat Debug 0] Update Start. TargetG:true TargetB:false
[Combat Debug 0] Update Start. TargetG:true TargetB:false
[Combat Debug 0] Update Start. TargetG:true TargetB:false
[Combat Debug 0] Update Start. TargetG:true TargetB:false
[Combat Debug 0] Update Start. TargetG:true TargetB:false
[Combat Debug 0] Update Start. TargetG:true TargetB:false
[Combat Debug 0] Update Start. TargetG:true TargetB:false
[Combat Debug 0] Update Start. TargetG:true TargetB:false
Goblin hit Unit! Dmg: 10 UnitHP: 31.01680000000011 
[Combat Debug 0] Update Start. TargetG:true TargetB:false
[Combat Debug 0] Update Start. TargetG:true TargetB:false
[Combat Debug 0] Update Start. TargetG:true TargetB:false
[Combat Debug 0] Update Start. TargetG:true TargetB:false
[Combat Debug 0] Update Start. TargetG:true TargetB:false
[Combat Debug 0] Update Start. TargetG:true TargetB:false
[Combat Debug 0] Update Start. TargetG:true TargetB:false
[Combat Debug 0] Update Start. TargetG:true TargetB:false
[Combat Debug 0] Update Start. TargetG:true TargetB:false
[Combat Debug 0] Update Start. TargetG:true TargetB:false
[Combat Debug 0] Update Start. TargetG:true TargetB:false
[Combat Debug 0] Update Start. TargetG:true TargetB:false
[Combat Debug 0] Update Start. TargetG:true TargetB:false
[Combat Debug 0] Update Start. TargetG:true TargetB:false
[Combat Debug 0] Update Start. TargetG:true TargetB:false
[Combat Debug 0] Update Start. TargetG:true TargetB:false
[Combat Debug 0] Update Start. TargetG:true TargetB:false
[Combat Debug 0] Update Start. TargetG:true TargetB:false
[Combat Debug 0] Update Start. TargetG:true TargetB:false
[Combat Debug 0] Update Start. TargetG:true TargetB:false
[Combat Debug 0] Update Start. TargetG:true TargetB:false
[Combat Debug 0] Update Start. TargetG:true TargetB:false
[Combat Debug 0] Update Start. TargetG:true TargetB:false
[Combat Debug 0] Update Start. TargetG:true TargetB:false
[Combat Debug 0] Update Start. TargetG:true TargetB:false
[Combat Debug 0] Update Start. TargetG:true TargetB:false
[Combat Debug 0] Update Start. TargetG:true TargetB:false
[Combat Debug 0] Update Start. TargetG:true TargetB:false
[Combat Debug 0] Update Start. TargetG:true TargetB:false
[Combat Debug 0] Update Start. TargetG:true TargetB:false
[Combat Debug 0] Update Start. TargetG:true TargetB:false
[Combat Debug 0] Update Start. TargetG:true TargetB:false
[Combat Debug 0] Update Start. TargetG:true TargetB:false
[Combat Debug 0] Update Start. TargetG:true TargetB:false
[Combat Debug 0] Update Start. TargetG:true TargetB:false
[Combat Debug 0] Update Start. TargetG:true TargetB:false
[Combat Debug 0] Update Start. TargetG:true TargetB:false
[Combat Debug 0] Update Start. TargetG:true TargetB:false
[Combat Debug 0] Update Start. TargetG:true TargetB:false
[Combat Debug 0] Update Start. TargetG:true TargetB:false
[Combat Debug 0] Update Start. TargetG:true TargetB:false
[Combat Debug 0] Update Start. TargetG:true TargetB:false
[Combat Debug 0] Update Start. TargetG:true TargetB:false
[Combat Debug 0] Update Start. TargetG:true TargetB:false
[Combat Debug 0] Update Start. TargetG:true TargetB:false
[Combat Debug 0] Update Start. TargetG:true TargetB:false
[Combat Debug 0] Update Start. TargetG:true TargetB:false
[Combat Debug 0] Update Start. TargetG:true TargetB:false
[Combat Debug 0] Update Start. TargetG:true TargetB:false
[Combat Debug 0] Update Start. TargetG:true TargetB:false
[Combat Debug 0] Update Start. TargetG:true TargetB:false
[Combat Debug 0] Update Start. TargetG:true TargetB:false
[Combat Debug 0] Update Start. TargetG:true TargetB:false
[Combat Debug 0] Update Start. TargetG:true TargetB:false
[Combat Debug 0] Update Start. TargetG:true TargetB:false
[Combat Debug 0] Update Start. TargetG:true TargetB:false
[Combat Debug 0] Update Start. TargetG:true TargetB:false
[Combat Debug 0] Update Start. TargetG:true TargetB:false
[Combat Debug 0] Update Start. TargetG:true TargetB:false
[Combat Debug 0] Update Start. TargetG:true TargetB:false
[Combat Debug 0] Update Start. TargetG:true TargetB:false
[Combat Debug 0] Update Start. TargetG:true TargetB:false
[Combat Debug 0] Update Start. TargetG:true TargetB:false
Goblin hit Unit! Dmg: 10 UnitHP: 21.03360000000022 
[Combat Debug 0] Update Start. TargetG:true TargetB:false
[Combat Debug 0] Update Start. TargetG:true TargetB:false
[Combat Debug 0] Update Start. TargetG:true TargetB:false
[Combat Debug 0] Update Start. TargetG:true TargetB:false
[Combat Debug 0] Update Start. TargetG:true TargetB:false
[Combat Debug 0] Update Start. TargetG:true TargetB:false
[Combat Debug 0] Update Start. TargetG:true TargetB:false
[Combat Debug 0] Update Start. TargetG:true TargetB:false
[Combat Debug 0] Update Start. TargetG:true TargetB:false
[Combat Debug 0] Update Start. TargetG:true TargetB:false
[Combat Debug 0] Update Start. TargetG:true TargetB:false
[Combat Debug 0] Update Start. TargetG:true TargetB:false
[Combat Debug 0] Update Start. TargetG:true TargetB:false
[Combat Debug 0] Update Start. TargetG:true TargetB:false
[Combat Debug 0] Update Start. TargetG:true TargetB:false
[Combat Debug 0] Update Start. TargetG:true TargetB:false
[Combat Debug 0] Update Start. TargetG:true TargetB:false
[Combat Debug 0] Update Start. TargetG:true TargetB:false
[Combat Debug 0] Update Start. TargetG:true TargetB:false
[Combat Debug 0] Update Start. TargetG:true TargetB:false
[Combat Debug 0] Update Start. TargetG:true TargetB:false
[Combat Debug 0] Update Start. TargetG:true TargetB:false
[Combat Debug 0] Update Start. TargetG:true TargetB:false
[Combat Debug 0] Update Start. TargetG:true TargetB:false
[Combat Debug 0] Update Start. TargetG:true TargetB:false
[Combat Debug 0] Update Start. TargetG:true TargetB:false
[Combat Debug 0] Update Start. TargetG:true TargetB:false
[Combat Debug 0] Update Start. TargetG:true TargetB:false
[Combat Debug 0] Update Start. TargetG:true TargetB:false
[Combat Debug 0] Update Start. TargetG:true TargetB:false
[Combat Debug 0] Update Start. TargetG:true TargetB:false
[Combat Debug 0] Update Start. TargetG:true TargetB:false
[Combat Debug 0] Update Start. TargetG:true TargetB:false
[Combat Debug 0] Update Start. TargetG:true TargetB:false
[Combat Debug 0] Update Start. TargetG:true TargetB:false
[Combat Debug 0] Update Start. TargetG:true TargetB:false
[Combat Debug 0] Update Start. TargetG:true TargetB:false
[Combat Debug 0] Update Start. TargetG:true TargetB:false
[Combat Debug 0] Update Start. TargetG:true TargetB:false
[Combat Debug 0] Update Start. TargetG:true TargetB:false
[Combat Debug 0] Update Start. TargetG:true TargetB:false
[Combat Debug 0] Update Start. TargetG:true TargetB:false
[Combat Debug 0] Update Start. TargetG:true TargetB:false
[Combat Debug 0] Update Start. TargetG:true TargetB:false
[Combat Debug 0] Update Start. TargetG:true TargetB:false
[Combat Debug 0] Update Start. TargetG:true TargetB:false
[Combat Debug 0] Update Start. TargetG:true TargetB:false
[Combat Debug 0] Update Start. TargetG:true TargetB:false
[Combat Debug 0] Update Start. TargetG:true TargetB:false
[Combat Debug 0] Update Start. TargetG:true TargetB:false
[Combat Debug 0] Update Start. TargetG:true TargetB:false
[Combat Debug 0] Update Start. TargetG:true TargetB:false
[Combat Debug 0] Update Start. TargetG:true TargetB:false
[Combat Debug 0] Update Start. TargetG:true TargetB:false
[Combat Debug 0] Update Start. TargetG:true TargetB:false
[Combat Debug 0] Update Start. TargetG:true TargetB:false
[Combat Debug 0] Update Start. TargetG:true TargetB:false
[Combat Debug 0] Update Start. TargetG:true TargetB:false
[Combat Debug 0] Update Start. TargetG:true TargetB:false
[Combat Debug 0] Update Start. TargetG:true TargetB:false
[Combat Debug 0] Update Start. TargetG:true TargetB:false
[Combat Debug 0] Update Start. TargetG:true TargetB:false
[Combat Debug 0] Update Start. TargetG:true TargetB:false
Goblin hit Unit! Dmg: 10 UnitHP: 11.05040000000033 
[Combat Debug 0] Update Start. TargetG:true TargetB:false
[Combat Debug 0] Update Start. TargetG:true TargetB:false
[Combat Debug 0] Update Start. TargetG:true TargetB:false
[Combat Debug 0] Update Start. TargetG:true TargetB:false
[Combat Debug 0] Update Start. TargetG:true TargetB:false
[Combat Debug 0] Update Start. TargetG:true TargetB:false
[Combat Debug 0] Update Start. TargetG:true TargetB:false
[Combat Debug 0] Update Start. TargetG:true TargetB:false
[Combat Debug 0] Update Start. TargetG:true TargetB:false
[Combat Debug 0] Update Start. TargetG:true TargetB:false
[Combat Debug 0] Update Start. TargetG:true TargetB:false
[Combat Debug 0] Update Start. TargetG:true TargetB:false
[Combat Debug 0] Update Start. TargetG:true TargetB:false
[Combat Debug 0] Update Start. TargetG:true TargetB:false
[Combat Debug 0] Update Start. TargetG:true TargetB:false
[Combat Debug 0] Update Start. TargetG:true TargetB:false
[Combat Debug 0] Update Start. TargetG:true TargetB:false
[Combat Debug 0] Update Start. TargetG:true TargetB:false
[Combat Debug 0] Update Start. TargetG:true TargetB:false
[Combat Debug 0] Update Start. TargetG:true TargetB:false
[Combat Debug 0] Update Start. TargetG:true TargetB:false
[Combat Debug 0] Update Start. TargetG:true TargetB:false
[Combat Debug 0] Update Start. TargetG:true TargetB:false
[Combat Debug 0] Update Start. TargetG:true TargetB:false
[Combat Debug 0] Update Start. TargetG:true TargetB:false
[Combat Debug 0] Update Start. TargetG:true TargetB:false
[Combat Debug 0] Update Start. TargetG:true TargetB:false
[Combat Debug 0] Update Start. TargetG:true TargetB:false
[Combat Debug 0] Update Start. TargetG:true TargetB:false
[Combat Debug 0] Update Start. TargetG:true TargetB:false
[Combat Debug 0] Update Start. TargetG:true TargetB:false
[Combat Debug 0] Update Start. TargetG:true TargetB:false
[Combat Debug 0] Update Start. TargetG:true TargetB:false
[Combat Debug 0] Update Start. TargetG:true TargetB:false
[Combat Debug 0] Update Start. TargetG:true TargetB:false
[Combat Debug 0] Update Start. TargetG:true TargetB:false
[Combat Debug 0] Update Start. TargetG:true TargetB:false
[Combat Debug 0] Update Start. TargetG:true TargetB:false
[Combat Debug 0] Update Start. TargetG:true TargetB:false
[Combat Debug 0] Update Start. TargetG:true TargetB:false
[Combat Debug 0] Update Start. TargetG:true TargetB:false
[Combat Debug 0] Update Start. TargetG:true TargetB:false
[Combat Debug 0] Update Start. TargetG:true TargetB:false
[Combat Debug 0] Update Start. TargetG:true TargetB:false
[Combat Debug 0] Update Start. TargetG:true TargetB:false
[Combat Debug 0] Update Start. TargetG:true TargetB:false
[Combat Debug 0] Update Start. TargetG:true TargetB:false
[Combat Debug 0] Update Start. TargetG:true TargetB:false
[Combat Debug 0] Update Start. TargetG:true TargetB:false
[Combat Debug 0] Update Start. TargetG:true TargetB:false
[Combat Debug 0] Update Start. TargetG:true TargetB:false
[Combat Debug 0] Update Start. TargetG:true TargetB:false
[Combat Debug 0] Update Start. TargetG:true TargetB:false
[Combat Debug 0] Update Start. TargetG:true TargetB:false
[Combat Debug 0] Update Start. TargetG:true TargetB:false
[Combat Debug 0] Update Start. TargetG:true TargetB:false
[Combat Debug 0] Update Start. TargetG:true TargetB:false
[Combat Debug 0] Update Start. TargetG:true TargetB:false
[Combat Debug 0] Update Start. TargetG:true TargetB:false
[Combat Debug 0] Update Start. TargetG:true TargetB:false
[Combat Debug 0] Update Start. TargetG:true TargetB:false
[Combat Debug 0] Update Start. TargetG:true TargetB:false
[Combat Debug 0] Update Start. TargetG:true TargetB:false
[Goblin 1] Death Counter! Hitting 0 
Goblin(normal) died.ID:1 
[Worker vs Normal]
 Start: Unit(worker HP:51/51 Dmg:12) vs Goblin(normal HP:50/50 Dmg:10)
End: Winner=Unit Frames=254
Final: Unit HP:6.1 Goblin HP:0.0

[90mstdout[2m | src/tests/UnitStress.test.js[2m > [22m[2mUnit AI Stress Testing[2m > [22m[2mshould eventually reach target even with extreme congestion (low budget)
[22m[39m[Game] Init SphereGeometry
[Game] Minimal/Override Init Start
[Game] Minimal: Init Clock
[Game FORCE CONST 2] Creating mock terrain
[Game] Minimal: Init Managers
[Game] Minimal: Init GoblinManager
[GoblinManager] 5蛟九・豢樒ｪ溘ｒ逕滓・荳ｭ...
[GoblinManager] DETERMINISM: generateCaves start. rngState=undefined
[GoblinManager] DETERMINISM: Attempt 1: Rnd(0.420329, 0.747027) -> Grid(67, 119) rngState=undefined
[GoblinManager] DETERMINISM: Attempt 2: Rnd(0.144560, 0.736481) -> Grid(23, 117) rngState=undefined
[GoblinManager] DETERMINISM: Attempt 3: Rnd(0.167229, 0.965484) -> Grid(26, 154) rngState=undefined
[GoblinManager] 豢樒ｪ溽函謌仙ｮ御ｺ・ 0/5 (隧ｦ陦悟屓謨ｰ: 5000)
[Game] Minimal: Init EnemyAI
[Game] Minimal: Done. Returning.

[90mstdout[2m | src/tests/CombatBalance.test.js[2m > [22m[2mCombat Balance Verification[2m > [22m[2mWorker vs Normal Goblin (Expected: Goblin Win due to stats buff)
[22m[39m[Game] Dispose called for Game Instance.

stderr | src/tests/UnitStress.test.js > Unit AI Stress Testing > should eventually reach target even with extreme congestion (low budget)
[Game] Warning: markerMaterial missing or invalid. Using fallback.
[Game] Warning: markerMaterial missing or invalid. Using fallback.
[Game] Warning: markerMaterial missing or invalid. Using fallback.
[Game] Warning: markerMaterial missing or invalid. Using fallback.
[Game] Warning: markerMaterial missing or invalid. Using fallback.

[90mstdout[2m | src/tests/UnitStress.test.js[2m > [22m[2mUnit AI Stress Testing[2m > [22m[2mshould eventually reach target even with extreme congestion (low budget)
[22m[39m[Entity 100] CONSTRUCTOR START: type=unit at 2,2
[Entity 100] Calling registerEntity...
[Entity 100] registerEntity returned.
[Entity 100] Calling updatePosition...
[Entity 100] updatePosition returned.
[DIAG] Actor Created ID: 100
[DIAG] Actor smartMove type: function
[DIAG] Actor smartMove body snapshot: smartMove(tx, tz, time, depth = 0) {
    if (isNaN(tx) || isNaN(tz)) {
      console.error(`[Actor $
[UnitCore.js] Unit Created ID:100 Role:worker Pos:2,2 Special:false
[UnitCore.js] Unit Created ID:100 Role:worker Pos:2,2
[UnitCore.js] Unit Construction Finished ID:100
[Game] Request Added: raise at (10,10) ID:req_0
[Game] No worker in radius 80 for Manual Req req_0. Trying Global Scan...
[Unit 0] State Change: Wander -> Job
[Actor 0] Resetting Unreachable (Target changed or initializing)
[Entity 101] CONSTRUCTOR START: type=unit at 2,2
[Entity 101] Calling registerEntity...
[Entity 101] registerEntity returned.
[Entity 101] Calling updatePosition...
[Entity 101] updatePosition returned.
[DIAG] Actor Created ID: 101
[DIAG] Actor smartMove type: function
[DIAG] Actor smartMove body snapshot: smartMove(tx, tz, time, depth = 0) {
    if (isNaN(tx) || isNaN(tz)) {
      console.error(`[Actor $
[UnitCore.js] Unit Created ID:101 Role:worker Pos:2,2 Special:false
[UnitCore.js] Unit Created ID:101 Role:worker Pos:2,2
[UnitCore.js] Unit Construction Finished ID:101
[Game] Request Added: raise at (10,10) ID:req_1
[Game] No worker in radius 80 for Manual Req req_1. Trying Global Scan...
[Actor 1] Resetting Unreachable (Target changed or initializing)
[Entity 102] CONSTRUCTOR START: type=unit at 2,2
[Entity 102] Calling registerEntity...
[Entity 102] registerEntity returned.
[Entity 102] Calling updatePosition...
[Entity 102] updatePosition returned.
[DIAG] Actor Created ID: 102
[DIAG] Actor smartMove type: function
[DIAG] Actor smartMove body snapshot: smartMove(tx, tz, time, depth = 0) {
    if (isNaN(tx) || isNaN(tz)) {
      console.error(`[Actor $
[UnitCore.js] Unit Created ID:102 Role:worker Pos:2,2 Special:false
[UnitCore.js] Unit Created ID:102 Role:worker Pos:2,2
[UnitCore.js] Unit Construction Finished ID:102
[Game] Request Added: raise at (10,10) ID:req_2
[Game] No worker in radius 80 for Manual Req req_2. Trying Global Scan...
[Actor 2] Resetting Unreachable (Target changed or initializing)
[Entity 103] CONSTRUCTOR START: type=unit at 2,2
[Entity 103] Calling registerEntity...
[Entity 103] registerEntity returned.
[Entity 103] Calling updatePosition...
[Entity 103] updatePosition returned.
[DIAG] Actor Created ID: 103
[DIAG] Actor smartMove type: function
[DIAG] Actor smartMove body snapshot: smartMove(tx, tz, time, depth = 0) {
    if (isNaN(tx) || isNaN(tz)) {
      console.error(`[Actor $
[UnitCore.js] Unit Created ID:103 Role:worker Pos:2,2 Special:false
[UnitCore.js] Unit Created ID:103 Role:worker Pos:2,2
[UnitCore.js] Unit Construction Finished ID:103
[Game] Request Added: raise at (10,10) ID:req_3
[Game] No worker in radius 80 for Manual Req req_3. Trying Global Scan...
[Actor 3] Resetting Unreachable (Target changed or initializing)
[Entity 104] CONSTRUCTOR START: type=unit at 2,2
[Entity 104] Calling registerEntity...
[Entity 104] registerEntity returned.
[Entity 104] Calling updatePosition...
[Entity 104] updatePosition returned.
[DIAG] Actor Created ID: 104
[DIAG] Actor smartMove type: function
[DIAG] Actor smartMove body snapshot: smartMove(tx, tz, time, depth = 0) {
    if (isNaN(tx) || isNaN(tz)) {
      console.error(`[Actor $
[UnitCore.js] Unit Created ID:104 Role:worker Pos:2,2 Special:false
[UnitCore.js] Unit Created ID:104 Role:worker Pos:2,2
[UnitCore.js] Unit Construction Finished ID:104
[Game] Request Added: raise at (10,10) ID:req_4
[Game] No worker in radius 80 for Manual Req req_4. Trying Global Scan...
[Actor 4] Resetting Unreachable (Target changed or initializing)
[Actor 0] Pathfinding SUCCESS: Got 1 nodes to 10,10
[Entity 0] startMove -> isMoving:true. Target:10,10 StartTime:0.0000
[Actor 1] Pathfinding SUCCESS: Got 1 nodes to 10,10
[Entity 1] startMove -> isMoving:true. Target:10,10 StartTime:0.0000
[Actor 2] Pathfinding SUCCESS: Got 1 nodes to 10,10
[Entity 2] startMove -> isMoving:true. Target:10,10 StartTime:0.0000
[Actor 3] Pathfinding SUCCESS: Got 1 nodes to 10,10
[Entity 3] startMove -> isMoving:true. Target:10,10 StartTime:0.0000
[Actor 4] Pathfinding SUCCESS: Got 1 nodes to 10,10
[Entity 4] startMove -> isMoving:true. Target:10,10 StartTime:0.0000

[90mstdout[2m | src/tests/CombatBalance.test.js[2m > [22m[2mCombat Balance Verification[2m > [22m[2mNormal Goblin vs House (Expected: Mutually Assured Destruction or House Defense)
[22m[39m[Game] Init SphereGeometry
[Game] Minimal/Override Init Start
[Game] Minimal: Init Clock
[Game FORCE CONST 2] Assigning terrainOverride to this.terrain
[Game] Minimal: Init Managers
[Game] Minimal: Init GoblinManager
[GoblinManager] 5蛟九・豢樒ｪ溘ｒ逕滓・荳ｭ...
[GoblinManager] DETERMINISM: generateCaves start. rngState=undefined
[GoblinManager] DETERMINISM: Attempt 1: Rnd(0.004192, 0.840337) -> Grid(0, 134) rngState=undefined
[GoblinManager] DETERMINISM: Attempt 2: Rnd(0.731623, 0.316572) -> Grid(117, 50) rngState=undefined
[GoblinManager] DETERMINISM: Attempt 3: Rnd(0.892097, 0.878353) -> Grid(142, 140) rngState=undefined
[GoblinManager] 豢樒ｪ溽函謌仙ｮ御ｺ・ 0/5 (隧ｦ陦悟屓謨ｰ: 5000)
[Game] Minimal: Init EnemyAI
[Game] Minimal: Done. Returning.
[GoblinManager] 5蛟九・豢樒ｪ溘ｒ逕滓・荳ｭ...
[GoblinManager] DETERMINISM: generateCaves start. rngState=undefined
[GoblinManager] DETERMINISM: Attempt 1: Rnd(0.391763, 0.609719) -> Grid(62, 97) rngState=undefined
[GoblinManager] DETERMINISM: Attempt 2: Rnd(0.927071, 0.025096) -> Grid(148, 4) rngState=undefined
[GoblinManager] DETERMINISM: Attempt 3: Rnd(0.184298, 0.567617) -> Grid(29, 90) rngState=undefined
[GoblinManager] 豢樒ｪ溽函謌仙ｮ御ｺ・ 0/5 (隧ｦ陦悟屓謨ｰ: 5000)

[90mstdout[2m | src/tests/CombatBalance.test.js[2m > [22m[2mCombat Balance Verification[2m > [22m[2mNormal Goblin vs House (Expected: Mutually Assured Destruction or House Defense)
[22m[39m[Entity 2] CONSTRUCTOR START: type=goblin at 10,10
[Entity 2] Calling registerEntity...
[Entity 2] registerEntity returned.
[Entity 2] Calling updatePosition...
[Entity 2] updatePosition returned.
[DIAG] Actor Created ID: 2
[DIAG] Actor smartMove type: function
[DIAG] Actor smartMove body snapshot: smartMove(tx, tz, time, depth = 0) {
    if (isNaN(tx) || isNaN(tz)) {
      console.error(`[Actor $
Check updateCombatLogic: function
Goblin Raid: House population reduced. Rem: 9 
Goblin Raid: House population reduced. Rem: 8 
Goblin(normal) died.ID:2 
[Goblin vs House]
 Start: Goblin vs House (Pop:10)
End: Goblin Dead=true House Pop=8 Frames=64

[90mstdout[2m | src/tests/CombatBalance.test.js[2m > [22m[2mCombat Balance Verification[2m > [22m[2mNormal Goblin vs House (Expected: Mutually Assured Destruction or House Defense)
[22m[39m[Game] Dispose called for Game Instance.

[90mstdout[2m | src/tests/ComplexInteraction.test.js
[22m[39m[DEBUG] Goblin.ts loaded

[90mstdout[2m | src/tests/ComplexInteraction.test.js
[22m[39m[Import Debug] Raid: function, Combat: function, Wander: function

[90mstdout[2m | src/tests/CombatBalance.test.js[2m > [22m[2mCombat Balance Verification[2m > [22m[2mKnight vs Normal Goblin (Expected: Knight Stomp)
[22m[39m[Game] Init SphereGeometry
[Game] Minimal/Override Init Start
[Game] Minimal: Init Clock
[Game FORCE CONST 3] Assigning terrainOverride to this.terrain
[Game] Minimal: Init Managers
[Game] Minimal: Init GoblinManager
[GoblinManager] 5蛟九・豢樒ｪ溘ｒ逕滓・荳ｭ...
[GoblinManager] DETERMINISM: generateCaves start. rngState=undefined
[GoblinManager] DETERMINISM: Attempt 1: Rnd(0.905007, 0.440323) -> Grid(144, 70) rngState=undefined
[GoblinManager] DETERMINISM: Attempt 2: Rnd(0.532210, 0.209713) -> Grid(85, 33) rngState=undefined
[GoblinManager] DETERMINISM: Attempt 3: Rnd(0.944197, 0.002230) -> Grid(151, 0) rngState=undefined
[GoblinManager] 豢樒ｪ溽函謌仙ｮ御ｺ・ 0/5 (隧ｦ陦悟屓謨ｰ: 5000)
[Game] Minimal: Init EnemyAI
[Game] Minimal: Done. Returning.
[GoblinManager] 5蛟九・豢樒ｪ溘ｒ逕滓・荳ｭ...
[GoblinManager] DETERMINISM: generateCaves start. rngState=undefined
[GoblinManager] DETERMINISM: Attempt 1: Rnd(0.786009, 0.613269) -> Grid(125, 98) rngState=undefined
[GoblinManager] DETERMINISM: Attempt 2: Rnd(0.396843, 0.326961) -> Grid(63, 52) rngState=undefined
[GoblinManager] DETERMINISM: Attempt 3: Rnd(0.527513, 0.674328) -> Grid(84, 107) rngState=undefined
[GoblinManager] 豢樒ｪ溽函謌仙ｮ御ｺ・ 0/5 (隧ｦ陦悟屓謨ｰ: 5000)

[90mstdout[2m | src/tests/WinLossDelay.test.js
[22m[39m[DEBUG] Game.ts top-level load

[90mstdout[2m | src/tests/CombatBalance.test.js[2m > [22m[2mCombat Balance Verification[2m > [22m[2mKnight vs Normal Goblin (Expected: Knight Stomp)
[22m[39m[Entity 3] CONSTRUCTOR START: type=unit at 10,10
[Entity 3] Calling registerEntity...
[Entity 3] registerEntity returned.
[Entity 3] Calling updatePosition...
[Entity 3] updatePosition returned.
[DIAG] Actor Created ID: 3
[DIAG] Actor smartMove type: function
[DIAG] Actor smartMove body snapshot: smartMove(tx, tz, time, depth = 0) {
    if (isNaN(tx) || isNaN(tz)) {
      console.error(`[Actor $
[UnitCore.js] Unit Created ID:1 Role:knight Pos:10,10 Special:false
[UnitCore.js] Unit Created ID:1 Role:knight Pos:10,10
[UnitCore.js] Unit Construction Finished ID:1
[Entity 4] CONSTRUCTOR START: type=goblin at 10,10
[Entity 4] Calling registerEntity...
[Entity 4] registerEntity returned.
[Entity 4] Calling updatePosition...
[Entity 4] updatePosition returned.
[DIAG] Actor Created ID: 4
[DIAG] Actor smartMove type: function
[DIAG] Actor smartMove body snapshot: smartMove(tx, tz, time, depth = 0) {
    if (isNaN(tx) || isNaN(tz)) {
      console.error(`[Actor $
[Combat Debug 1] Update Start. TargetG:true TargetB:false
[Goblin 4] Death Counter! Hitting 1 
Goblin(normal) died.ID:4 
[Knight vs Normal]
 Start: Unit(knight HP:1000/1000 Dmg:300) vs Goblin(normal HP:50/50 Dmg:10)
End: Winner=Unit Frames=2
Final: Unit HP:995.0 Goblin HP:0.0

[90mstdout[2m | src/tests/CombatBalance.test.js[2m > [22m[2mCombat Balance Verification[2m > [22m[2mKnight vs Normal Goblin (Expected: Knight Stomp)
[22m[39m[Game] Dispose called for Game Instance.

[90mstdout[2m | src/tests/UnitStress.test.js[2m > [22m[2mUnit AI Stress Testing[2m > [22m[2mshould eventually reach target even with extreme congestion (low budget)
[22m[39m[Entity 0] updateMovement ARRIVAL -> isMoving:false. Time:0.0500 StartTime:0.0000 Dur:0.0100 PrevGrid:2,2 Target:10,10
[Entity 1] updateMovement ARRIVAL -> isMoving:false. Time:0.0500 StartTime:0.0000 Dur:0.0100 PrevGrid:2,2 Target:10,10
[Entity 2] updateMovement ARRIVAL -> isMoving:false. Time:0.0500 StartTime:0.0000 Dur:0.0100 PrevGrid:2,2 Target:10,10
[Entity 3] updateMovement ARRIVAL -> isMoving:false. Time:0.0500 StartTime:0.0000 Dur:0.0100 PrevGrid:2,2 Target:10,10
[Entity 4] updateMovement ARRIVAL -> isMoving:false. Time:0.0500 StartTime:0.0000 Dur:0.0100 PrevGrid:2,2 Target:10,10
[Stress Test] Frame 0. Moved: 5/5. BudgetCalls: 0

[90mstdout[2m | src/tests/ComplexInteraction.test.js
[22m[39m[DEBUG] Game.ts top-level load

[90mstdout[2m | src/tests/WinLossDelay.test.js[2m > [22m[2mWinLossDelay (TDD)[2m > [22m[2mshould save and restore currentLevelIndex and currentSeed
[22m[39m[Game] Init SphereGeometry
[Game] Minimal/Override Init Start
[Game] Minimal: Init Clock
[Game FORCE CONST 1] Assigning terrainOverride to this.terrain
[Game] Minimal: Init Managers
[Game] Minimal: Init GoblinManager
[Game] Minimal: Init EnemyAI
[Game] Minimal: Done. Returning.

[90mstdout[2m | src/tests/UnitStress.test.js[2m > [22m[2mUnit AI Stress Testing[2m > [22m[2mshould eventually reach target even with extreme congestion (low budget)
[22m[39m[Game] Dispose called for Game Instance.

[90mstdout[2m | src/tests/CombatBalance.test.js[2m > [22m[2mCombat Balance Verification[2m > [22m[2mKnight vs King Goblin (Expected: Close or King Advantage)
[22m[39m[Game] Init SphereGeometry
[Game] Minimal/Override Init Start
[Game] Minimal: Init Clock
[Game FORCE CONST 4] Assigning terrainOverride to this.terrain
[Game] Minimal: Init Managers
[Game] Minimal: Init GoblinManager
[GoblinManager] 5蛟九・豢樒ｪ溘ｒ逕滓・荳ｭ...
[GoblinManager] DETERMINISM: generateCaves start. rngState=undefined
[GoblinManager] DETERMINISM: Attempt 1: Rnd(0.336929, 0.522155) -> Grid(53, 83) rngState=undefined
[GoblinManager] DETERMINISM: Attempt 2: Rnd(0.916768, 0.129407) -> Grid(146, 20) rngState=undefined
[GoblinManager] DETERMINISM: Attempt 3: Rnd(0.598305, 0.785591) -> Grid(95, 125) rngState=undefined
[GoblinManager] 豢樒ｪ溽函謌仙ｮ御ｺ・ 0/5 (隧ｦ陦悟屓謨ｰ: 5000)
[Game] Minimal: Init EnemyAI
[Game] Minimal: Done. Returning.
[GoblinManager] 5蛟九・豢樒ｪ溘ｒ逕滓・荳ｭ...
[GoblinManager] DETERMINISM: generateCaves start. rngState=undefined
[GoblinManager] DETERMINISM: Attempt 1: Rnd(0.478926, 0.235434) -> Grid(76, 37) rngState=undefined
[GoblinManager] DETERMINISM: Attempt 2: Rnd(0.219412, 0.201689) -> Grid(35, 32) rngState=undefined
[GoblinManager] DETERMINISM: Attempt 3: Rnd(0.123165, 0.540436) -> Grid(19, 86) rngState=undefined
[GoblinManager] 豢樒ｪ溽函謌仙ｮ御ｺ・ 0/5 (隧ｦ陦悟屓謨ｰ: 5000)

[90mstdout[2m | src/tests/WinLossDelay.test.js[2m > [22m[2mWinLossDelay (TDD)[2m > [22m[2mshould save and restore currentLevelIndex and currentSeed
[22m[39m[Test] Start Save Test
[Game] Saving Game: Level=2, Seed=99999

[90mstdout[2m | src/tests/WinLossDelay.test.js[2m > [22m[2mWinLossDelay (TDD)[2m > [22m[2mshould save and restore currentLevelIndex and currentSeed
[22m[39mLoad Started...

 [32m笨・[39m src/tests/UnitStress.test.js [2m([22m[2m2 tests[22m[2m)[22m[33m 403[2mms[22m[39m
     [33m[2m笨・[22m[39m should handle 100 units starting distant jobs simultaneously without dropping tasks [33m 313[2mms[22m[39m
[90mstdout[2m | src/tests/CombatBalance.test.js[2m > [22m[2mCombat Balance Verification[2m > [22m[2mKnight vs King Goblin (Expected: Close or King Advantage)
[22m[39m[Entity 5] CONSTRUCTOR START: type=unit at 10,10
[Entity 5] Calling registerEntity...
[Entity 5] registerEntity returned.
[Entity 5] Calling updatePosition...
[Entity 5] updatePosition returned.
[DIAG] Actor Created ID: 5
[DIAG] Actor smartMove type: function
[DIAG] Actor smartMove body snapshot: smartMove(tx, tz, time, depth = 0) {
    if (isNaN(tx) || isNaN(tz)) {
      console.error(`[Actor $
[UnitCore.js] Unit Created ID:2 Role:knight Pos:10,10 Special:false
[UnitCore.js] Unit Created ID:2 Role:knight Pos:10,10
[UnitCore.js] Unit Construction Finished ID:2
[Entity 6] CONSTRUCTOR START: type=goblin at 10,10
[Entity 6] Calling registerEntity...
[Entity 6] registerEntity returned.
[Entity 6] Calling updatePosition...
[Entity 6] updatePosition returned.
[DIAG] Actor Created ID: 6
[DIAG] Actor smartMove type: function
[DIAG] Actor smartMove body snapshot: smartMove(tx, tz, time, depth = 0) {
    if (isNaN(tx) || isNaN(tz)) {
      console.error(`[Actor $
Goblin hit Unit! Dmg: 80 UnitHP: 929 
[Hotspot Debug] Grouping with existing at 10,10 (Dist: 0.0)
Goblin hit Unit! Dmg: 80 UnitHP: 849.0200000000007 
[Hotspot Debug] Grouping with existing at 10,10 (Dist: 0.0)
Goblin hit Unit! Dmg: 80 UnitHP: 769.0400000000013 
[Hotspot Debug] Grouping with existing at 10,10 (Dist: 0.0)
[Hotspot Debug] Grouping with existing at 10,10 (Dist: 0.0)
Goblin hit Unit! Dmg: 80 UnitHP: 689.060000000002 
[Goblin 6] Death Counter! Hitting 2 
Goblin(king) died.ID:6 
King Defeated! +500 Mana
[Hotspot Debug] Grouping with existing at 10,10 (Dist: 0.0)
[Knight vs King]
 Start: Unit(knight HP:1009/1009 Dmg:300) vs Goblin(king HP:1636/1636 Dmg:80)
End: Winner=Unit Frames=317
Final: Unit HP:649.1 Goblin HP:0.0

[90mstdout[2m | src/tests/CombatBalance.test.js[2m > [22m[2mCombat Balance Verification[2m > [22m[2mKnight vs King Goblin (Expected: Close or King Advantage)
[22m[39m[Game] Dispose called for Game Instance.

[90mstdout[2m | src/tests/SheepHuntingFix.test.js[2m > [22m[2mSheep Hunting Logic & Manager Update Fix[2m > [22m[2mshould regenerate sheep when population is low
[22m[39mDisposing detached game instance
[Game] Dispose called for Game Instance.

[90mstdout[2m | src/tests/CombatBalance.test.js[2m > [22m[2mCombat Balance Verification[2m > [22m[2mWizard vs Hobgoblin (Expected: Wizard High DPS but Fragile)
[22m[39m[Game] Init SphereGeometry
[Game] Minimal/Override Init Start
[Game] Minimal: Init Clock
[Game FORCE CONST 5] Assigning terrainOverride to this.terrain
[Game] Minimal: Init Managers
[Game] Minimal: Init GoblinManager
[GoblinManager] 5蛟九・豢樒ｪ溘ｒ逕滓・荳ｭ...
[GoblinManager] DETERMINISM: generateCaves start. rngState=undefined
[GoblinManager] DETERMINISM: Attempt 1: Rnd(0.216620, 0.384772) -> Grid(34, 61) rngState=undefined
[GoblinManager] DETERMINISM: Attempt 2: Rnd(0.650064, 0.977971) -> Grid(104, 156) rngState=undefined
[GoblinManager] DETERMINISM: Attempt 3: Rnd(0.314631, 0.655027) -> Grid(50, 104) rngState=undefined
[GoblinManager] 豢樒ｪ溽函謌仙ｮ御ｺ・ 0/5 (隧ｦ陦悟屓謨ｰ: 5000)
[Game] Minimal: Init EnemyAI
[Game] Minimal: Done. Returning.
[GoblinManager] 5蛟九・豢樒ｪ溘ｒ逕滓・荳ｭ...
[GoblinManager] DETERMINISM: generateCaves start. rngState=undefined
[GoblinManager] DETERMINISM: Attempt 1: Rnd(0.728856, 0.224845) -> Grid(116, 35) rngState=undefined
[GoblinManager] DETERMINISM: Attempt 2: Rnd(0.172089, 0.686486) -> Grid(27, 109) rngState=undefined
[GoblinManager] DETERMINISM: Attempt 3: Rnd(0.275961, 0.890174) -> Grid(44, 142) rngState=undefined
[GoblinManager] 豢樒ｪ溽函謌仙ｮ御ｺ・ 0/5 (隧ｦ陦悟屓謨ｰ: 5000)

[90mstdout[2m | src/tests/CombatBalance.test.js[2m > [22m[2mCombat Balance Verification[2m > [22m[2mWizard vs Hobgoblin (Expected: Wizard High DPS but Fragile)
[22m[39m[Entity 7] CONSTRUCTOR START: type=unit at 10,10
[Entity 7] Calling registerEntity...
[Entity 7] registerEntity returned.
[Entity 7] Calling updatePosition...
[Entity 7] updatePosition returned.
[DIAG] Actor Created ID: 7
[DIAG] Actor smartMove type: function
[DIAG] Actor smartMove body snapshot: smartMove(tx, tz, time, depth = 0) {
    if (isNaN(tx) || isNaN(tz)) {
      console.error(`[Actor $
[UnitCore.js] Unit Created ID:3 Role:wizard Pos:10,10 Special:false
[UnitCore.js] Unit Created ID:3 Role:wizard Pos:10,10
[UnitCore.js] Unit Construction Finished ID:3
[Entity 8] CONSTRUCTOR START: type=goblin at 10,10
[Entity 8] Calling registerEntity...
[Entity 8] registerEntity returned.
[Entity 8] Calling updatePosition...
[Entity 8] updatePosition returned.
[DIAG] Actor Created ID: 8
[DIAG] Actor smartMove type: function
[DIAG] Actor smartMove body snapshot: smartMove(tx, tz, time, depth = 0) {
    if (isNaN(tx) || isNaN(tz)) {
      console.error(`[Actor $
[Goblin 8] Death Counter! Hitting 3 
Goblin(hobgoblin) died.ID:8 
[Wizard vs Hobgoblin]
 Start: Unit(wizard HP:156/156 Dmg:240) vs Goblin(hobgoblin HP:150/150 Dmg:30)
End: Winner=Unit Frames=2
Final: Unit HP:141.0 Goblin HP:0.0

[90mstdout[2m | src/tests/CombatBalance.test.js[2m > [22m[2mCombat Balance Verification[2m > [22m[2mWizard vs Hobgoblin (Expected: Wizard High DPS but Fragile)
[22m[39m[Game] Dispose called for Game Instance.

[90mstdout[2m | src/tests/WinLossDelay.test.js[2m > [22m[2mWinLossDelay (TDD)[2m > [22m[2mshould save and restore currentLevelIndex and currentSeed
[22m[39mLoad Game: Data found {
  slotId: [33m1[39m,
  timestamp: [33m1771642195401[39m,
  resources: { grain: [33m0[39m, fish: [33m0[39m, meat: [33m0[39m },
  gameTime: [33m7[39m,
  gameTotalTime: [33m0[39m,
  currentSeasonIndex: [33m0[39m,
  daysPassed: [33m0[39m,
  terrain: { seed: [33m12345[39m, h: [], n: [], b: [] },
  units: [],
  requests: [],
  goblinManager: { goblins: [], caves: [] },
  camera: { position: { x: [33m0[39m, y: [33m0[39m, z: [33m0[39m }, target: { x: [33m0[39m, y: [33m0[39m, z: [33m0[39m } },
  currentLevelIndex: [33m2[39m,
  currentSeed: [33m99999[39m
}
[Game] Load Game: Restored Level=2, Seed=99999

[90mstdout[2m | src/tests/CombatBalance.test.js[2m > [22m[2mCombat Balance Verification[2m > [22m[2mGoblin King should crush Worker
[22m[39m[Game] Init SphereGeometry
[Game] Minimal/Override Init Start
[Game] Minimal: Init Clock
[Game FORCE CONST 6] Assigning terrainOverride to this.terrain
[Game] Minimal: Init Managers
[Game] Minimal: Init GoblinManager
[GoblinManager] 5蛟九・豢樒ｪ溘ｒ逕滓・荳ｭ...
[GoblinManager] DETERMINISM: generateCaves start. rngState=undefined
[GoblinManager] DETERMINISM: Attempt 1: Rnd(0.272463, 0.495788) -> Grid(43, 79) rngState=undefined
[GoblinManager] DETERMINISM: Attempt 2: Rnd(0.386304, 0.726702) -> Grid(61, 116) rngState=undefined
[GoblinManager] DETERMINISM: Attempt 3: Rnd(0.536989, 0.997517) -> Grid(85, 159) rngState=undefined
[GoblinManager] 豢樒ｪ溽函謌仙ｮ御ｺ・ 0/5 (隧ｦ陦悟屓謨ｰ: 5000)
[Game] Minimal: Init EnemyAI
[Game] Minimal: Done. Returning.
[GoblinManager] 5蛟九・豢樒ｪ溘ｒ逕滓・荳ｭ...
[GoblinManager] DETERMINISM: generateCaves start. rngState=undefined
[GoblinManager] DETERMINISM: Attempt 1: Rnd(0.851432, 0.577080) -> Grid(136, 92) rngState=undefined
[GoblinManager] DETERMINISM: Attempt 2: Rnd(0.991662, 0.584536) -> Grid(158, 93) rngState=undefined
[GoblinManager] DETERMINISM: Attempt 3: Rnd(0.831775, 0.379485) -> Grid(133, 60) rngState=undefined
[GoblinManager] 豢樒ｪ溽函謌仙ｮ御ｺ・ 0/5 (隧ｦ陦悟屓謨ｰ: 5000)

[90mstdout[2m | src/tests/CombatBalance.test.js[2m > [22m[2mCombat Balance Verification[2m > [22m[2mGoblin King should crush Worker
[22m[39m[Entity 9] CONSTRUCTOR START: type=unit at 10,10
[Entity 9] Calling registerEntity...
[Entity 9] registerEntity returned.
[Entity 9] Calling updatePosition...
[Entity 9] updatePosition returned.
[DIAG] Actor Created ID: 9
[DIAG] Actor smartMove type: function
[DIAG] Actor smartMove body snapshot: smartMove(tx, tz, time, depth = 0) {
    if (isNaN(tx) || isNaN(tz)) {
      console.error(`[Actor $
[UnitCore.js] Unit Created ID:4 Role:worker Pos:10,10 Special:false
[UnitCore.js] Unit Created ID:4 Role:worker Pos:10,10
[UnitCore.js] Unit Construction Finished ID:4
[Entity 10] CONSTRUCTOR START: type=goblin at 10,10
[Entity 10] Calling registerEntity...
[Entity 10] registerEntity returned.
[Entity 10] Calling updatePosition...
[Entity 10] updatePosition returned.
[DIAG] Actor Created ID: 10
[DIAG] Actor smartMove type: function
[DIAG] Actor smartMove body snapshot: smartMove(tx, tz, time, depth = 0) {
    if (isNaN(tx) || isNaN(tz)) {
      console.error(`[Actor $
Worker HP: 58, Dmg: 12
King HP: 1586, Dmg: 80
[GoblinWander Debug] ID:10 State:Wander Update. Timer:0.13 dt:0.0160 findTarget:function
[GoblinWander Debug] ID:10 State:Wander Update. Timer:0.27 dt:0.0160 findTarget:function
[GoblinState Debug] ID:10 Calling scanForTargets...
Unit 4 (worker) DIED. R.I.P.
Goblin hit Unit! Dmg: 80 UnitHP: 0 
[Worker vs King]
 Start: Unit(worker HP:58/58 Dmg:12) vs Goblin(king HP:1586/1586 Dmg:80)
End: Winner=Goblin Frames=33
Final: Unit HP:0.0 Goblin HP:1568.0

[90mstdout[2m | src/tests/CombatBalance.test.js[2m > [22m[2mCombat Balance Verification[2m > [22m[2mGoblin King should crush Worker
[22m[39m[Game] Dispose called for Game Instance.

 [32m笨・[39m src/tests/CombatBalance.test.js [2m([22m[2m6 tests[22m[2m)[22m[32m 195[2mms[22m[39m
[90mstdout[2m | src/tests/ComplexInteraction.test.js[2m > [22m[2mComplex Job Interaction and Cancellation[2m > [22m[2mshould immediately stop unit when job is cancelled mid-approach
[22m[39m[Entity 0] CONSTRUCTOR START: type=unit at 0,0
[Entity 0] Calling updatePosition...
[Entity 0] updatePosition returned.
[DIAG] Actor Created ID: 0
[DIAG] Actor smartMove type: function
[DIAG] Actor smartMove body snapshot: smartMove(tx, tz, time, depth = 0) {
    if (isNaN(tx) || isNaN(tz)) {
      console.error(`[Actor $
[UnitCore.js] Unit Created ID:0 Role:worker Pos:0,0 Special:false
[Unit 0] State Change: None -> Wander
[UnitCore.js] Unit Created ID:0 Role:worker Pos:0,0
[UnitCore.js] Unit Construction Finished ID:0
[Game] Init SphereGeometry
[Game] Minimal/Override Init Start
[Game FORCE CONST 1] Assigning terrainOverride to this.terrain
[Game] Init CloudManager
[Game] Init BirdManager
[Game] Init SheepManager
Resetting SheepManager...
[Entity 1] CONSTRUCTOR START: type=sheep at 34,39
[Entity 1] Calling updatePosition...
[Entity 1] updatePosition returned.
[DIAG] Actor Created ID: 1
[DIAG] Actor smartMove type: function
[DIAG] Actor smartMove body snapshot: smartMove(tx, tz, time, depth = 0) {
    if (isNaN(tx) || isNaN(tz)) {
      console.error(`[Actor $
[Entity 2] CONSTRUCTOR START: type=sheep at 47,46
[Entity 2] Calling updatePosition...
[Entity 2] updatePosition returned.
[DIAG] Actor Created ID: 2
[DIAG] Actor smartMove type: function
[DIAG] Actor smartMove body snapshot: smartMove(tx, tz, time, depth = 0) {
    if (isNaN(tx) || isNaN(tz)) {
      console.error(`[Actor $
[Entity 3] CONSTRUCTOR START: type=sheep at 45,34
[Entity 3] Calling updatePosition...
[Entity 3] updatePosition returned.
[DIAG] Actor Created ID: 3
[DIAG] Actor smartMove type: function
[DIAG] Actor smartMove body snapshot: smartMove(tx, tz, time, depth = 0) {
    if (isNaN(tx) || isNaN(tz)) {
      console.error(`[Actor $
[Entity 4] CONSTRUCTOR START: type=sheep at 12,80
[Entity 4] Calling updatePosition...
[Entity 4] updatePosition returned.
[DIAG] Actor Created ID: 4
[DIAG] Actor smartMove type: function
[DIAG] Actor smartMove body snapshot: smartMove(tx, tz, time, depth = 0) {
    if (isNaN(tx) || isNaN(tz)) {
      console.error(`[Actor $
[Entity 5] CONSTRUCTOR START: type=sheep at 39,0
[Entity 5] Calling updatePosition...
[Entity 5] updatePosition returned.
[DIAG] Actor Created ID: 5
[DIAG] Actor smartMove type: function
[DIAG] Actor smartMove body snapshot: smartMove(tx, tz, time, depth = 0) {
    if (isNaN(tx) || isNaN(tz)) {
      console.error(`[Actor $
[Entity 6] CONSTRUCTOR START: type=sheep at 73,98
[Entity 6] Calling updatePosition...
[Entity 6] updatePosition returned.
[DIAG] Actor Created ID: 6
[DIAG] Actor smartMove type: function
[DIAG] Actor smartMove body snapshot: smartMove(tx, tz, time, depth = 0) {
    if (isNaN(tx) || isNaN(tz)) {
      console.error(`[Actor $
[Entity 7] CONSTRUCTOR START: type=sheep at 92,75
[Entity 7] Calling updatePosition...
[Entity 7] updatePosition returned.
[DIAG] Actor Created ID: 7
[DIAG] Actor smartMove type: function
[DIAG] Actor smartMove body snapshot: smartMove(tx, tz, time, depth = 0) {
    if (isNaN(tx) || isNaN(tz)) {
      console.error(`[Actor $
[Entity 8] CONSTRUCTOR START: type=sheep at 42,26
[Entity 8] Calling updatePosition...
[Entity 8] updatePosition returned.
[DIAG] Actor Created ID: 8
[DIAG] Actor smartMove type: function
[DIAG] Actor smartMove body snapshot: smartMove(tx, tz, time, depth = 0) {
    if (isNaN(tx) || isNaN(tz)) {
      console.error(`[Actor $
[Entity 9] CONSTRUCTOR START: type=sheep at 62,83
[Entity 9] Calling updatePosition...
[Entity 9] updatePosition returned.
[DIAG] Actor Created ID: 9
[DIAG] Actor smartMove type: function
[DIAG] Actor smartMove body snapshot: smartMove(tx, tz, time, depth = 0) {
    if (isNaN(tx) || isNaN(tz)) {
      console.error(`[Actor $
[Entity 10] CONSTRUCTOR START: type=sheep at 71,78
[Entity 10] Calling updatePosition...
[Entity 10] updatePosition returned.
[DIAG] Actor Created ID: 10
[DIAG] Actor smartMove type: function
[DIAG] Actor smartMove body snapshot: smartMove(tx, tz, time, depth = 0) {
    if (isNaN(tx) || isNaN(tz)) {
      console.error(`[Actor $
[Game] Init GoblinManager
[GoblinManager] 5蛟九・豢樒ｪ溘ｒ逕滓・荳ｭ...
[GoblinManager] DETERMINISM: generateCaves start. rngState=undefined
[GoblinManager] DETERMINISM: Attempt 1: Rnd(0.168986, 0.095429) -> Grid(16, 9) rngState=undefined
GoblinManager: Cave registered at 16,9 
[GoblinManager] DETERMINISM: Attempt 2: Rnd(0.636065, 0.864562) -> Grid(63, 86) rngState=undefined
GoblinManager: Cave registered at 63,86 
[GoblinManager] DETERMINISM: Attempt 3: Rnd(0.365258, 0.656332) -> Grid(36, 65) rngState=undefined
GoblinManager: Cave registered at 36,65 
GoblinManager: Cave registered at 70,53 
GoblinManager: Cave registered at 51,11 
[GoblinManager] 豢樒ｪ溽函謌仙ｮ御ｺ・ 5/5 (隧ｦ陦悟屓謨ｰ: 5)
GoblinManager: Force spawning Debug Goblin
[Game] Init FishManager

stderr | src/tests/WinLossDelay.test.js > WinLossDelay (TDD) > should save and restore currentLevelIndex and currentSeed
Critical Load Failure: TypeError: this.terrain.deserialize is not a function
    at Game.loadGame (C:/Users/mooya/develop/test/src/Game.ts:3124:32)
    at C:/Users/mooya/develop/test/src/tests/WinLossDelay.test.js:195:9
    at file:///C:/Users/mooya/develop/test/node_modules/@vitest/runner/dist/index.js:915:20
TypeError: this.terrain.deserialize is not a function
    at Game.loadGame (C:/Users/mooya/develop/test/src/Game.ts:3124:32)
    at C:/Users/mooya/develop/test/src/tests/WinLossDelay.test.js:195:9
    at file:///C:/Users/mooya/develop/test/node_modules/@vitest/runner/dist/index.js:915:20

[90mstdout[2m | src/tests/WinLossDelay.test.js[2m > [22m[2mWinLossDelay (TDD)[2m > [22m[2mshould save and restore currentLevelIndex and currentSeed
[22m[39mClearing 0 projectiles...
[Game] Deserializing terrain...

[90mstdout[2m | src/tests/WinLossDelay.test.js[2m > [22m[2mWinLossDelay (TDD)[2m > [22m[2mshould detect Victory when all goblins, caves, and enemy units are gone
[22m[39mDisposing detached game instance
[Game] Dispose called for Game Instance.

[90mstdout[2m | src/tests/WinLossDelay.test.js[2m > [22m[2mWinLossDelay (TDD)[2m > [22m[2mshould detect Victory when all goblins, caves, and enemy units are gone
[22m[39m[Game] Init SphereGeometry
[Game] Minimal/Override Init Start
[Game] Minimal: Init Clock
[Game FORCE CONST 2] Assigning terrainOverride to this.terrain
[Game] Minimal: Init Managers
[Game] Minimal: Init GoblinManager
[Game] Minimal: Init EnemyAI
[Game] Minimal: Done. Returning.

[90mstdout[2m | src/tests/WinLossDelay.test.js[2m > [22m[2mWinLossDelay (TDD)[2m > [22m[2mshould detect Victory when all goblins, caves, and enemy units are gone
[22m[39m[Game] evaluateWinLoss: Enemy assets zero. Goblins:0 Caves:0 enemyBuildings:0 enemyUnits:0
Victory Test Result: win

[90mstdout[2m | src/tests/WinLossDelay.test.js[2m > [22m[2mWinLossDelay (TDD)[2m > [22m[2mshould detect Loss when all player units and buildings are gone
[22m[39mDisposing detached game instance
[Game] Dispose called for Game Instance.

[90mstdout[2m | src/tests/WinLossDelay.test.js[2m > [22m[2mWinLossDelay (TDD)[2m > [22m[2mshould detect Loss when all player units and buildings are gone
[22m[39m[Game] Init SphereGeometry
[Game] Minimal/Override Init Start
[Game] Minimal: Init Clock
[Game FORCE CONST 3] Assigning terrainOverride to this.terrain
[Game] Minimal: Init Managers
[Game] Minimal: Init GoblinManager
[Game] Minimal: Init EnemyAI
[Game] Minimal: Done. Returning.

[90mstdout[2m | src/tests/WinLossDelay.test.js[2m > [22m[2mWinLossDelay (TDD)[2m > [22m[2mshould detect Loss when all player units and buildings are gone
[22m[39m[Game] evaluateWinLoss: Player assets zero. Units:0 Buildings:0
Loss Test Result: loss

[90mstdout[2m | src/tests/WinLossDelay.test.js[2m > [22m[2mWinLossDelay (TDD)[2m > [22m[2mshould return null when game is ongoing
[22m[39mDisposing detached game instance
[Game] Dispose called for Game Instance.

[90mstdout[2m | src/tests/WinLossDelay.test.js[2m > [22m[2mWinLossDelay (TDD)[2m > [22m[2mshould return null when game is ongoing
[22m[39m[Game] Init SphereGeometry
[Game] Minimal/Override Init Start
[Game] Minimal: Init Clock
[Game FORCE CONST 4] Assigning terrainOverride to this.terrain
[Game] Minimal: Init Managers
[Game] Minimal: Init GoblinManager
[Game] Minimal: Init EnemyAI
[Game] Minimal: Done. Returning.

[90mstdout[2m | src/tests/WinLossDelay.test.js[2m > [22m[2mWinLossDelay (TDD)[2m > [22m[2mshould return null when game is ongoing
[22m[39mOngoing Test Result: [1mnull[22m

 [32m笨・[39m src/tests/WinLossDelay.test.js [2m([22m[2m4 tests[22m[2m)[22m[32m 136[2mms[22m[39m
[90mstdout[2m | src/tests/SheepHuntingFix.test.js[2m > [22m[2mSheep Hunting Logic & Manager Update Fix[2m > [22m[2mshould regenerate sheep when population is low
[22m[39m[Game] Init SphereGeometry
[Game] Minimal/Override Init Start
[Game] Minimal: Init Clock
[Game FORCE CONST 2] Creating mock terrain
[Game] Minimal: Init Managers
[Game] Minimal: Init GoblinManager
[GoblinManager] 5蛟九・豢樒ｪ溘ｒ逕滓・荳ｭ...
[GoblinManager] DETERMINISM: generateCaves start. rngState=undefined
[GoblinManager] DETERMINISM: Attempt 1: Rnd(0.439062, 0.703428) -> Grid(70, 112) rngState=undefined
[GoblinManager] DETERMINISM: Attempt 2: Rnd(0.855365, 0.054057) -> Grid(136, 8) rngState=undefined
[GoblinManager] DETERMINISM: Attempt 3: Rnd(0.784056, 0.771868) -> Grid(125, 123) rngState=undefined
[GoblinManager] 豢樒ｪ溽函謌仙ｮ御ｺ・ 0/5 (隧ｦ陦悟屓謨ｰ: 5000)
[Game] Minimal: Init EnemyAI
[Game] Minimal: Done. Returning.
Resetting SheepManager...
[Entity 20] CONSTRUCTOR START: type=sheep at 22,144
[Entity 20] Calling registerEntity...
[Entity 20] registerEntity returned.
[Entity 20] Calling updatePosition...
[Entity 20] updatePosition returned.
[DIAG] Actor Created ID: 20
[DIAG] Actor smartMove type: function
[DIAG] Actor smartMove body snapshot: smartMove(tx, tz, time, depth = 0) {
    if (isNaN(tx) || isNaN(tz)) {
      console.error(`[Actor $
[Entity 21] CONSTRUCTOR START: type=sheep at 116,48
[Entity 21] Calling registerEntity...
[Entity 21] registerEntity returned.
[Entity 21] Calling updatePosition...
[Entity 21] updatePosition returned.
[DIAG] Actor Created ID: 21
[DIAG] Actor smartMove type: function
[DIAG] Actor smartMove body snapshot: smartMove(tx, tz, time, depth = 0) {
    if (isNaN(tx) || isNaN(tz)) {
      console.error(`[Actor $
[Entity 22] CONSTRUCTOR START: type=sheep at 142,134
[Entity 22] Calling registerEntity...
[Entity 22] registerEntity returned.
[Entity 22] Calling updatePosition...
[Entity 22] updatePosition returned.
[DIAG] Actor Created ID: 22
[DIAG] Actor smartMove type: function
[DIAG] Actor smartMove body snapshot: smartMove(tx, tz, time, depth = 0) {
    if (isNaN(tx) || isNaN(tz)) {
      console.error(`[Actor $
[Entity 23] CONSTRUCTOR START: type=sheep at 113,112
[Entity 23] Calling registerEntity...
[Entity 23] registerEntity returned.
[Entity 23] Calling updatePosition...
[Entity 23] updatePosition returned.
[DIAG] Actor Created ID: 23
[DIAG] Actor smartMove type: function
[DIAG] Actor smartMove body snapshot: smartMove(tx, tz, time, depth = 0) {
    if (isNaN(tx) || isNaN(tz)) {
      console.error(`[Actor $
[Entity 24] CONSTRUCTOR START: type=sheep at 157,30
[Entity 24] Calling registerEntity...
[Entity 24] registerEntity returned.
[Entity 24] Calling updatePosition...
[Entity 24] updatePosition returned.
[DIAG] Actor Created ID: 24
[DIAG] Actor smartMove type: function
[DIAG] Actor smartMove body snapshot: smartMove(tx, tz, time, depth = 0) {
    if (isNaN(tx) || isNaN(tz)) {
      console.error(`[Actor $
[Entity 25] CONSTRUCTOR START: type=sheep at 69,71
[Entity 25] Calling registerEntity...
[Entity 25] registerEntity returned.
[Entity 25] Calling updatePosition...
[Entity 25] updatePosition returned.
[DIAG] Actor Created ID: 25
[DIAG] Actor smartMove type: function
[DIAG] Actor smartMove body snapshot: smartMove(tx, tz, time, depth = 0) {
    if (isNaN(tx) || isNaN(tz)) {
      console.error(`[Actor $
[Entity 26] CONSTRUCTOR START: type=sheep at 4,29
[Entity 26] Calling registerEntity...
[Entity 26] registerEntity returned.
[Entity 26] Calling updatePosition...
[Entity 26] updatePosition returned.
[DIAG] Actor Created ID: 26
[DIAG] Actor smartMove type: function
[DIAG] Actor smartMove body snapshot: smartMove(tx, tz, time, depth = 0) {
    if (isNaN(tx) || isNaN(tz)) {
      console.error(`[Actor $
[Entity 27] CONSTRUCTOR START: type=sheep at 157,85
[Entity 27] Calling registerEntity...
[Entity 27] registerEntity returned.
[Entity 27] Calling updatePosition...
[Entity 27] updatePosition returned.
[DIAG] Actor Created ID: 27
[DIAG] Actor smartMove type: function
[DIAG] Actor smartMove body snapshot: smartMove(tx, tz, time, depth = 0) {
    if (isNaN(tx) || isNaN(tz)) {
      console.error(`[Actor $
[Entity 28] CONSTRUCTOR START: type=sheep at 78,147
[Entity 28] Calling registerEntity...
[Entity 28] registerEntity returned.
[Entity 28] Calling updatePosition...
[Entity 28] updatePosition returned.
[DIAG] Actor Created ID: 28
[DIAG] Actor smartMove type: function
[DIAG] Actor smartMove body snapshot: smartMove(tx, tz, time, depth = 0) {
    if (isNaN(tx) || isNaN(tz)) {
      console.error(`[Actor $
[Entity 29] CONSTRUCTOR START: type=sheep at 124,147
[Entity 29] Calling registerEntity...
[Entity 29] registerEntity returned.
[Entity 29] Calling updatePosition...
[Entity 29] updatePosition returned.
[DIAG] Actor Created ID: 29
[DIAG] Actor smartMove type: function
[DIAG] Actor smartMove body snapshot: smartMove(tx, tz, time, depth = 0) {
    if (isNaN(tx) || isNaN(tz)) {
      console.error(`[Actor $

[90mstdout[2m | src/tests/SheepHuntingFix.test.js[2m > [22m[2mSheep Hunting Logic & Manager Update Fix[2m > [22m[2mshould regenerate sheep when population is low
[22m[39mResetting SheepManager...
[Entity 30] CONSTRUCTOR START: type=sheep at 20,45
[Entity 30] Calling registerEntity...
[Entity 30] registerEntity returned.
[Entity 30] Calling updatePosition...
[Entity 30] updatePosition returned.
[DIAG] Actor Created ID: 30
[DIAG] Actor smartMove type: function
[DIAG] Actor smartMove body snapshot: smartMove(tx, tz, time, depth = 0) {
    if (isNaN(tx) || isNaN(tz)) {
      console.error(`[Actor $
[Entity 31] CONSTRUCTOR START: type=sheep at 114,23
[Entity 31] Calling registerEntity...
[Entity 31] registerEntity returned.
[Entity 31] Calling updatePosition...
[Entity 31] updatePosition returned.
[DIAG] Actor Created ID: 31
[DIAG] Actor smartMove type: function
[DIAG] Actor smartMove body snapshot: smartMove(tx, tz, time, depth = 0) {
    if (isNaN(tx) || isNaN(tz)) {
      console.error(`[Actor $
[Entity 32] CONSTRUCTOR START: type=sheep at 81,44
[Entity 32] Calling registerEntity...
[Entity 32] registerEntity returned.
[Entity 32] Calling updatePosition...
[Entity 32] updatePosition returned.
[DIAG] Actor Created ID: 32
[DIAG] Actor smartMove type: function
[DIAG] Actor smartMove body snapshot: smartMove(tx, tz, time, depth = 0) {
    if (isNaN(tx) || isNaN(tz)) {
      console.error(`[Actor $
[Entity 33] CONSTRUCTOR START: type=sheep at 39,144
[Entity 33] Calling registerEntity...
[Entity 33] registerEntity returned.
[Entity 33] Calling updatePosition...
[Entity 33] updatePosition returned.
[DIAG] Actor Created ID: 33
[DIAG] Actor smartMove type: function
[DIAG] Actor smartMove body snapshot: smartMove(tx, tz, time, depth = 0) {
    if (isNaN(tx) || isNaN(tz)) {
      console.error(`[Actor $
[Entity 34] CONSTRUCTOR START: type=sheep at 26,119
[Entity 34] Calling registerEntity...
[Entity 34] registerEntity returned.
[Entity 34] Calling updatePosition...
[Entity 34] updatePosition returned.
[DIAG] Actor Created ID: 34
[DIAG] Actor smartMove type: function
[DIAG] Actor smartMove body snapshot: smartMove(tx, tz, time, depth = 0) {
    if (isNaN(tx) || isNaN(tz)) {
      console.error(`[Actor $
[Entity 35] CONSTRUCTOR START: type=sheep at 1,1
[Entity 35] Calling registerEntity...
[Entity 35] registerEntity returned.
[Entity 35] Calling updatePosition...
[Entity 35] updatePosition returned.
[DIAG] Actor Created ID: 35
[DIAG] Actor smartMove type: function
[DIAG] Actor smartMove body snapshot: smartMove(tx, tz, time, depth = 0) {
    if (isNaN(tx) || isNaN(tz)) {
      console.error(`[Actor $

[90mstdout[2m | src/tests/SheepHuntingFix.test.js[2m > [22m[2mSheep Hunting Logic & Manager Update Fix[2m > [22m[2mshould ignore dead sheep in hunter targeting
[22m[39mDisposing detached game instance
[Game] Dispose called for Game Instance.

[90mstdout[2m | src/tests/ComplexInteraction.test.js[2m > [22m[2mComplex Job Interaction and Cancellation[2m > [22m[2mshould pickup NEXT job if current is cancelled
[22m[39m[Entity 11] CONSTRUCTOR START: type=unit at 0,0
[Entity 11] Calling updatePosition...
[Entity 11] updatePosition returned.
[DIAG] Actor Created ID: 11
[DIAG] Actor smartMove type: function
[DIAG] Actor smartMove body snapshot: smartMove(tx, tz, time, depth = 0) {
    if (isNaN(tx) || isNaN(tz)) {
      console.error(`[Actor $
[UnitCore.js] Unit Created ID:1 Role:worker Pos:0,0 Special:false
[UnitCore.js] Unit Created ID:1 Role:worker Pos:0,0
[UnitCore.js] Unit Construction Finished ID:1
[Game] Init SphereGeometry
[Game] Minimal/Override Init Start
[Game FORCE CONST 2] Assigning terrainOverride to this.terrain
[Game] Init CloudManager
[Game] Init BirdManager
[Game] Init SheepManager
Resetting SheepManager...
[Entity 12] CONSTRUCTOR START: type=sheep at 74,13
[Entity 12] Calling updatePosition...
[Entity 12] updatePosition returned.
[DIAG] Actor Created ID: 12
[DIAG] Actor smartMove type: function
[DIAG] Actor smartMove body snapshot: smartMove(tx, tz, time, depth = 0) {
    if (isNaN(tx) || isNaN(tz)) {
      console.error(`[Actor $
[Entity 13] CONSTRUCTOR START: type=sheep at 38,14
[Entity 13] Calling updatePosition...
[Entity 13] updatePosition returned.
[DIAG] Actor Created ID: 13
[DIAG] Actor smartMove type: function
[DIAG] Actor smartMove body snapshot: smartMove(tx, tz, time, depth = 0) {
    if (isNaN(tx) || isNaN(tz)) {
      console.error(`[Actor $
[Entity 14] CONSTRUCTOR START: type=sheep at 52,89
[Entity 14] Calling updatePosition...
[Entity 14] updatePosition returned.
[DIAG] Actor Created ID: 14
[DIAG] Actor smartMove type: function
[DIAG] Actor smartMove body snapshot: smartMove(tx, tz, time, depth = 0) {
    if (isNaN(tx) || isNaN(tz)) {
      console.error(`[Actor $
[Entity 15] CONSTRUCTOR START: type=sheep at 45,92
[Entity 15] Calling updatePosition...
[Entity 15] updatePosition returned.
[DIAG] Actor Created ID: 15
[DIAG] Actor smartMove type: function
[DIAG] Actor smartMove body snapshot: smartMove(tx, tz, time, depth = 0) {
    if (isNaN(tx) || isNaN(tz)) {
      console.error(`[Actor $
[Entity 16] CONSTRUCTOR START: type=sheep at 97,79
[Entity 16] Calling updatePosition...
[Entity 16] updatePosition returned.
[DIAG] Actor Created ID: 16
[DIAG] Actor smartMove type: function
[DIAG] Actor smartMove body snapshot: smartMove(tx, tz, time, depth = 0) {
    if (isNaN(tx) || isNaN(tz)) {
      console.error(`[Actor $
[Entity 17] CONSTRUCTOR START: type=sheep at 68,3
[Entity 17] Calling updatePosition...
[Entity 17] updatePosition returned.
[DIAG] Actor Created ID: 17
[DIAG] Actor smartMove type: function
[DIAG] Actor smartMove body snapshot: smartMove(tx, tz, time, depth = 0) {
    if (isNaN(tx) || isNaN(tz)) {
      console.error(`[Actor $
[Entity 18] CONSTRUCTOR START: type=sheep at 17,16
[Entity 18] Calling updatePosition...
[Entity 18] updatePosition returned.
[DIAG] Actor Created ID: 18
[DIAG] Actor smartMove type: function
[DIAG] Actor smartMove body snapshot: smartMove(tx, tz, time, depth = 0) {
    if (isNaN(tx) || isNaN(tz)) {
      console.error(`[Actor $
[Entity 19] CONSTRUCTOR START: type=sheep at 74,76
[Entity 19] Calling updatePosition...
[Entity 19] updatePosition returned.
[DIAG] Actor Created ID: 19
[DIAG] Actor smartMove type: function
[DIAG] Actor smartMove body snapshot: smartMove(tx, tz, time, depth = 0) {
    if (isNaN(tx) || isNaN(tz)) {
      console.error(`[Actor $
[Entity 20] CONSTRUCTOR START: type=sheep at 57,81
[Entity 20] Calling updatePosition...
[Entity 20] updatePosition returned.
[DIAG] Actor Created ID: 20
[DIAG] Actor smartMove type: function
[DIAG] Actor smartMove body snapshot: smartMove(tx, tz, time, depth = 0) {
    if (isNaN(tx) || isNaN(tz)) {
      console.error(`[Actor $
[Entity 21] CONSTRUCTOR START: type=sheep at 94,1
[Entity 21] Calling updatePosition...
[Entity 21] updatePosition returned.
[DIAG] Actor Created ID: 21
[DIAG] Actor smartMove type: function
[DIAG] Actor smartMove body snapshot: smartMove(tx, tz, time, depth = 0) {
    if (isNaN(tx) || isNaN(tz)) {
      console.error(`[Actor $
[Game] Init GoblinManager
[GoblinManager] 5蛟九・豢樒ｪ溘ｒ逕滓・荳ｭ...
[GoblinManager] DETERMINISM: generateCaves start. rngState=undefined
[GoblinManager] DETERMINISM: Attempt 1: Rnd(0.385932, 0.265694) -> Grid(38, 26) rngState=undefined
GoblinManager: Cave registered at 38,26 
[GoblinManager] DETERMINISM: Attempt 2: Rnd(0.932690, 0.026418) -> Grid(93, 2) rngState=undefined
GoblinManager: Cave registered at 93,2 
[GoblinManager] DETERMINISM: Attempt 3: Rnd(0.600675, 0.000322) -> Grid(60, 0) rngState=undefined
GoblinManager: Cave registered at 60,0 
GoblinManager: Cave registered at 77,94 
GoblinManager: Cave registered at 63,64 
[GoblinManager] 豢樒ｪ溽函謌仙ｮ御ｺ・ 5/5 (隧ｦ陦悟屓謨ｰ: 5)
GoblinManager: Force spawning Debug Goblin
[Game] Init FishManager

[90mstdout[2m | src/tests/SheepHuntingFix.test.js[2m > [22m[2mSheep Hunting Logic & Manager Update Fix[2m > [22m[2mshould ignore dead sheep in hunter targeting
[22m[39m[Game] Init SphereGeometry
[Game] Minimal/Override Init Start
[Game] Minimal: Init Clock
[Game FORCE CONST 3] Creating mock terrain
[Game] Minimal: Init Managers
[Game] Minimal: Init GoblinManager
[GoblinManager] 5蛟九・豢樒ｪ溘ｒ逕滓・荳ｭ...
[GoblinManager] DETERMINISM: generateCaves start. rngState=undefined
[GoblinManager] DETERMINISM: Attempt 1: Rnd(0.957546, 0.991764) -> Grid(153, 158) rngState=undefined
[GoblinManager] DETERMINISM: Attempt 2: Rnd(0.068342, 0.611865) -> Grid(10, 97) rngState=undefined
[GoblinManager] DETERMINISM: Attempt 3: Rnd(0.198563, 0.562395) -> Grid(31, 89) rngState=undefined
[GoblinManager] 豢樒ｪ溽函謌仙ｮ御ｺ・ 0/5 (隧ｦ陦悟屓謨ｰ: 5000)
[Game] Minimal: Init EnemyAI
[Game] Minimal: Done. Returning.
Resetting SheepManager...
[Entity 36] CONSTRUCTOR START: type=sheep at 53,10
[Entity 36] Calling registerEntity...
[Entity 36] registerEntity returned.
[Entity 36] Calling updatePosition...
[Entity 36] updatePosition returned.
[DIAG] Actor Created ID: 36
[DIAG] Actor smartMove type: function
[DIAG] Actor smartMove body snapshot: smartMove(tx, tz, time, depth = 0) {
    if (isNaN(tx) || isNaN(tz)) {
      console.error(`[Actor $
[Entity 37] CONSTRUCTOR START: type=sheep at 7,84
[Entity 37] Calling registerEntity...
[Entity 37] registerEntity returned.
[Entity 37] Calling updatePosition...
[Entity 37] updatePosition returned.
[DIAG] Actor Created ID: 37
[DIAG] Actor smartMove type: function
[DIAG] Actor smartMove body snapshot: smartMove(tx, tz, time, depth = 0) {
    if (isNaN(tx) || isNaN(tz)) {
      console.error(`[Actor $
[Entity 38] CONSTRUCTOR START: type=sheep at 2,28
[Entity 38] Calling registerEntity...
[Entity 38] registerEntity returned.
[Entity 38] Calling updatePosition...
[Entity 38] updatePosition returned.
[DIAG] Actor Created ID: 38
[DIAG] Actor smartMove type: function
[DIAG] Actor smartMove body snapshot: smartMove(tx, tz, time, depth = 0) {
    if (isNaN(tx) || isNaN(tz)) {
      console.error(`[Actor $
[Entity 39] CONSTRUCTOR START: type=sheep at 55,49
[Entity 39] Calling registerEntity...
[Entity 39] registerEntity returned.
[Entity 39] Calling updatePosition...
[Entity 39] updatePosition returned.
[DIAG] Actor Created ID: 39
[DIAG] Actor smartMove type: function
[DIAG] Actor smartMove body snapshot: smartMove(tx, tz, time, depth = 0) {
    if (isNaN(tx) || isNaN(tz)) {
      console.error(`[Actor $
[Entity 40] CONSTRUCTOR START: type=sheep at 12,159
[Entity 40] Calling registerEntity...
[Entity 40] registerEntity returned.
[Entity 40] Calling updatePosition...
[Entity 40] updatePosition returned.
[DIAG] Actor Created ID: 40
[DIAG] Actor smartMove type: function
[DIAG] Actor smartMove body snapshot: smartMove(tx, tz, time, depth = 0) {
    if (isNaN(tx) || isNaN(tz)) {
      console.error(`[Actor $
[Entity 41] CONSTRUCTOR START: type=sheep at 144,117
[Entity 41] Calling registerEntity...
[Entity 41] registerEntity returned.
[Entity 41] Calling updatePosition...
[Entity 41] updatePosition returned.
[DIAG] Actor Created ID: 41
[DIAG] Actor smartMove type: function
[DIAG] Actor smartMove body snapshot: smartMove(tx, tz, time, depth = 0) {
    if (isNaN(tx) || isNaN(tz)) {
      console.error(`[Actor $
[Entity 42] CONSTRUCTOR START: type=sheep at 94,13
[Entity 42] Calling registerEntity...
[Entity 42] registerEntity returned.
[Entity 42] Calling updatePosition...
[Entity 42] updatePosition returned.
[DIAG] Actor Created ID: 42
[DIAG] Actor smartMove type: function
[DIAG] Actor smartMove body snapshot: smartMove(tx, tz, time, depth = 0) {
    if (isNaN(tx) || isNaN(tz)) {
      console.error(`[Actor $
[Entity 43] CONSTRUCTOR START: type=sheep at 110,152
[Entity 43] Calling registerEntity...
[Entity 43] registerEntity returned.
[Entity 43] Calling updatePosition...
[Entity 43] updatePosition returned.
[DIAG] Actor Created ID: 43
[DIAG] Actor smartMove type: function
[DIAG] Actor smartMove body snapshot: smartMove(tx, tz, time, depth = 0) {
    if (isNaN(tx) || isNaN(tz)) {
      console.error(`[Actor $
[Entity 44] CONSTRUCTOR START: type=sheep at 65,120
[Entity 44] Calling registerEntity...
[Entity 44] registerEntity returned.
[Entity 44] Calling updatePosition...
[Entity 44] updatePosition returned.
[DIAG] Actor Created ID: 44
[DIAG] Actor smartMove type: function
[DIAG] Actor smartMove body snapshot: smartMove(tx, tz, time, depth = 0) {
    if (isNaN(tx) || isNaN(tz)) {
      console.error(`[Actor $
[Entity 45] CONSTRUCTOR START: type=sheep at 19,69
[Entity 45] Calling registerEntity...
[Entity 45] registerEntity returned.
[Entity 45] Calling updatePosition...
[Entity 45] updatePosition returned.
[DIAG] Actor Created ID: 45
[DIAG] Actor smartMove type: function
[DIAG] Actor smartMove body snapshot: smartMove(tx, tz, time, depth = 0) {
    if (isNaN(tx) || isNaN(tz)) {
      console.error(`[Actor $

[90mstdout[2m | src/tests/ComplexInteraction.test.js[2m > [22m[2mComplex Job Interaction and Cancellation[2m > [22m[2mshould handle cancellation while Working (arrived)
[22m[39m[Entity 22] CONSTRUCTOR START: type=unit at 0,0
[Entity 22] Calling updatePosition...
[Entity 22] updatePosition returned.
[DIAG] Actor Created ID: 22
[DIAG] Actor smartMove type: function
[DIAG] Actor smartMove body snapshot: smartMove(tx, tz, time, depth = 0) {
    if (isNaN(tx) || isNaN(tz)) {
      console.error(`[Actor $
[UnitCore.js] Unit Created ID:2 Role:worker Pos:0,0 Special:false
[UnitCore.js] Unit Created ID:2 Role:worker Pos:0,0
[UnitCore.js] Unit Construction Finished ID:2
[Game] Init SphereGeometry
[Game] Minimal/Override Init Start
[Game FORCE CONST 3] Assigning terrainOverride to this.terrain
[Game] Init CloudManager
[Game] Init BirdManager
[Game] Init SheepManager
Resetting SheepManager...
[Entity 23] CONSTRUCTOR START: type=sheep at 13,99
[Entity 23] Calling updatePosition...
[Entity 23] updatePosition returned.
[DIAG] Actor Created ID: 23
[DIAG] Actor smartMove type: function
[DIAG] Actor smartMove body snapshot: smartMove(tx, tz, time, depth = 0) {
    if (isNaN(tx) || isNaN(tz)) {
      console.error(`[Actor $
[Entity 24] CONSTRUCTOR START: type=sheep at 92,7
[Entity 24] Calling updatePosition...
[Entity 24] updatePosition returned.
[DIAG] Actor Created ID: 24
[DIAG] Actor smartMove type: function
[DIAG] Actor smartMove body snapshot: smartMove(tx, tz, time, depth = 0) {
    if (isNaN(tx) || isNaN(tz)) {
      console.error(`[Actor $
[Entity 25] CONSTRUCTOR START: type=sheep at 64,98
[Entity 25] Calling updatePosition...
[Entity 25] updatePosition returned.
[DIAG] Actor Created ID: 25
[DIAG] Actor smartMove type: function
[DIAG] Actor smartMove body snapshot: smartMove(tx, tz, time, depth = 0) {
    if (isNaN(tx) || isNaN(tz)) {
      console.error(`[Actor $
[Entity 26] CONSTRUCTOR START: type=sheep at 92,64
[Entity 26] Calling updatePosition...
[Entity 26] updatePosition returned.
[DIAG] Actor Created ID: 26
[DIAG] Actor smartMove type: function
[DIAG] Actor smartMove body snapshot: smartMove(tx, tz, time, depth = 0) {
    if (isNaN(tx) || isNaN(tz)) {
      console.error(`[Actor $
[Entity 27] CONSTRUCTOR START: type=sheep at 53,20
[Entity 27] Calling updatePosition...
[Entity 27] updatePosition returned.
[DIAG] Actor Created ID: 27
[DIAG] Actor smartMove type: function
[DIAG] Actor smartMove body snapshot: smartMove(tx, tz, time, depth = 0) {
    if (isNaN(tx) || isNaN(tz)) {
      console.error(`[Actor $
[Entity 28] CONSTRUCTOR START: type=sheep at 40,73
[Entity 28] Calling updatePosition...
[Entity 28] updatePosition returned.
[DIAG] Actor Created ID: 28
[DIAG] Actor smartMove type: function
[DIAG] Actor smartMove body snapshot: smartMove(tx, tz, time, depth = 0) {
    if (isNaN(tx) || isNaN(tz)) {
      console.error(`[Actor $
[Entity 29] CONSTRUCTOR START: type=sheep at 82,23
[Entity 29] Calling updatePosition...
[Entity 29] updatePosition returned.
[DIAG] Actor Created ID: 29
[DIAG] Actor smartMove type: function
[DIAG] Actor smartMove body snapshot: smartMove(tx, tz, time, depth = 0) {
    if (isNaN(tx) || isNaN(tz)) {
      console.error(`[Actor $
[Entity 30] CONSTRUCTOR START: type=sheep at 84,60
[Entity 30] Calling updatePosition...
[Entity 30] updatePosition returned.
[DIAG] Actor Created ID: 30
[DIAG] Actor smartMove type: function
[DIAG] Actor smartMove body snapshot: smartMove(tx, tz, time, depth = 0) {
    if (isNaN(tx) || isNaN(tz)) {
      console.error(`[Actor $
[Entity 31] CONSTRUCTOR START: type=sheep at 58,39
[Entity 31] Calling updatePosition...
[Entity 31] updatePosition returned.
[DIAG] Actor Created ID: 31
[DIAG] Actor smartMove type: function
[DIAG] Actor smartMove body snapshot: smartMove(tx, tz, time, depth = 0) {
    if (isNaN(tx) || isNaN(tz)) {
      console.error(`[Actor $
[Entity 32] CONSTRUCTOR START: type=sheep at 84,85
[Entity 32] Calling updatePosition...
[Entity 32] updatePosition returned.
[DIAG] Actor Created ID: 32
[DIAG] Actor smartMove type: function
[DIAG] Actor smartMove body snapshot: smartMove(tx, tz, time, depth = 0) {
    if (isNaN(tx) || isNaN(tz)) {
      console.error(`[Actor $
[Game] Init GoblinManager
[GoblinManager] 5蛟九・豢樒ｪ溘ｒ逕滓・荳ｭ...
[GoblinManager] DETERMINISM: generateCaves start. rngState=undefined
[GoblinManager] DETERMINISM: Attempt 1: Rnd(0.808782, 0.497974) -> Grid(80, 49) rngState=undefined
GoblinManager: Cave registered at 80,49 
[GoblinManager] DETERMINISM: Attempt 2: Rnd(0.026016, 0.215609) -> Grid(2, 21) rngState=undefined
GoblinManager: Cave registered at 2,21 
[GoblinManager] DETERMINISM: Attempt 3: Rnd(0.766056, 0.796852) -> Grid(76, 79) rngState=undefined
GoblinManager: Cave registered at 76,79 
GoblinManager: Cave registered at 27,44 
GoblinManager: Cave registered at 29,30 
[GoblinManager] 豢樒ｪ溽函謌仙ｮ御ｺ・ 5/5 (隧ｦ陦悟屓謨ｰ: 5)
GoblinManager: Force spawning Debug Goblin
[Game] Init FishManager

[90mstdout[2m | src/tests/SheepHuntingFix.test.js[2m > [22m[2mSheep Hunting Logic & Manager Update Fix[2m > [22m[2mshould ignore dead sheep in hunter targeting
[22m[39m[Entity 46] CONSTRUCTOR START: type=unit at 10,10
[Entity 46] Calling registerEntity...
[Entity 46] registerEntity returned.
[Entity 46] Calling updatePosition...
[Entity 46] updatePosition returned.
[DIAG] Actor Created ID: 46
[DIAG] Actor smartMove type: function
[DIAG] Actor smartMove body snapshot: smartMove(tx, tz, time, depth = 0) {
    if (isNaN(tx) || isNaN(tz)) {
      console.error(`[Actor $
[UnitCore.js] Unit Created ID:0 Role:player Pos:10,10 Special:false
[Unit 0] State Change: None -> Wander
[UnitCore.js] Unit Created ID:0 Role:player Pos:10,10
[UnitCore.js] Unit Construction Finished ID:0
[Entity 47] CONSTRUCTOR START: type=sheep at 11,11
[Entity 47] Calling registerEntity...
[Entity 47] registerEntity returned.
[Entity 47] Calling updatePosition...
[Entity 47] updatePosition returned.
[DIAG] Actor Created ID: 47
[DIAG] Actor smartMove type: function
[DIAG] Actor smartMove body snapshot: smartMove(tx, tz, time, depth = 0) {
    if (isNaN(tx) || isNaN(tz)) {
      console.error(`[Actor $
[Entity 48] CONSTRUCTOR START: type=sheep at 40,40
[Entity 48] Calling registerEntity...
[Entity 48] registerEntity returned.
[Entity 48] Calling updatePosition...
[Entity 48] updatePosition returned.
[DIAG] Actor Created ID: 48
[DIAG] Actor smartMove type: function
[DIAG] Actor smartMove body snapshot: smartMove(tx, tz, time, depth = 0) {
    if (isNaN(tx) || isNaN(tz)) {
      console.error(`[Actor $

 [32m笨・[39m src/tests/SheepHuntingFix.test.js [2m([22m[2m3 tests[22m[2m)[22m[33m 459[2mms[22m[39m
 [31m笶ｯ[39m src/tests/ComplexInteraction.test.js [2m([22m[2m3 tests[22m[2m | [22m[31m3 failed[39m[2m)[22m[32m 274[2mms[22m[39m
[31m     [31mﾃ・[31m should immediately stop unit when job is cancelled mid-approach[39m[32m 151[2mms[22m[39m
[31m     [31mﾃ・[31m should pickup NEXT job if current is cancelled[39m[32m 88[2mms[22m[39m
[31m     [31mﾃ・[31m should handle cancellation while Working (arrived)[39m[32m 33[2mms[22m[39m
[90mstdout[2m | src/tests/LevelResourceReset.test.js
[22m[39m[DEBUG] Actor.ts loaded

Cannot parse C:/Users/mooya/develop/test/src/tests/ComplexAI.test.js:
Expected ';', '}' or <eof>.
[90mstdout[2m | src/tests/GroupCombat.test.js
[22m[39m[DEBUG] Actor.ts loaded

[90mstdout[2m | src/tests/GroupCombat.test.js
[22m[39m[DEBUG] Goblin.ts loaded

[90mstdout[2m | src/tests/GroupCombat.test.js
[22m[39m[DEBUG] Building.ts loaded

[90mstdout[2m | src/tests/LevelResourceReset.test.js
[22m[39m[DEBUG] Goblin.ts loaded

[90mstdout[2m | src/tests/LevelResourceReset.test.js
[22m[39m[Import Debug] Raid: function, Combat: function, Wander: function

[90mstdout[2m | src/tests/GroupCombat.test.js
[22m[39m[DEBUG] Terrain.ts top-level load

[90mstdout[2m | src/tests/ManualAssignment.test.js
[22m[39m[DEBUG] Actor.ts loaded

[90mstdout[2m | src/tests/WorkerDistraction.test.js
[22m[39m[DEBUG] Actor.ts loaded

[90mstdout[2m | src/tests/GroupCombat.test.js
[22m[39m[Import Debug] Raid: function, Combat: function, Wander: function

[90mstdout[2m | src/tests/LevelResourceReset.test.js
[22m[39m[DEBUG] Game.ts top-level load

[90mstdout[2m | src/tests/WorkerDistraction.test.js[2m > [22m[2mWorker Distraction Investigation[2m > [22m[2mshould immediately switch to Job and target the job upon assignment
[22m[39m[Entity 0] CONSTRUCTOR START: type=unit at 10,10
[Entity 0] Calling updatePosition...
[Entity 0] updatePosition returned.
[DIAG] Actor Created ID: 0
[DIAG] Actor smartMove type: function
[DIAG] Actor smartMove body snapshot: smartMove(tx, tz, time, depth = 0) {
    if (isNaN(tx) || isNaN(tz)) {
      console.error(`[Actor $
[UnitCore.js] Unit Created ID:0 Role:worker Pos:10,10 Special:false
[Unit 0] State Change: None -> Wander
[UnitCore.js] Unit Created ID:0 Role:worker Pos:10,10
[UnitCore.js] Unit Construction Finished ID:0

[90mstdout[2m | src/tests/WorkerDistraction.test.js[2m > [22m[2mWorker Distraction Investigation[2m > [22m[2mshould immediately switch to Job and target the job upon assignment
[22m[39m[Unit 0] State Change: Wander -> Wander
[Test] Assigning request...
[Unit 0] State Change: Wander -> Job
[Actor 0] Resetting Unreachable (Target changed or initializing)
[Actor 0] Pathfinding SUCCESS: Got 2 nodes to 50,10
[Entity 0] startMove -> isMoving:true. Target:50,10 StartTime:0.0000
[Test] Update Frame 1...
[Test] Unit Moving? true Target: 50,10

[90mstdout[2m | src/tests/WorkerDistraction.test.js[2m > [22m[2mWorker Distraction Investigation[2m > [22m[2mshould NOT be distracted by WanderState updates during Job
[22m[39mDisposing detached game instance

[90mstdout[2m | src/tests/WorkerDistraction.test.js[2m > [22m[2mWorker Distraction Investigation[2m > [22m[2mshould NOT be distracted by WanderState updates during Job
[22m[39m[Entity 1] CONSTRUCTOR START: type=unit at 10,10
[Entity 1] Calling updatePosition...
[Entity 1] updatePosition returned.
[DIAG] Actor Created ID: 1
[DIAG] Actor smartMove type: function
[DIAG] Actor smartMove body snapshot: smartMove(tx, tz, time, depth = 0) {
    if (isNaN(tx) || isNaN(tz)) {
      console.error(`[Actor $
[UnitCore.js] Unit Created ID:1 Role:worker Pos:10,10 Special:false
[UnitCore.js] Unit Created ID:1 Role:worker Pos:10,10
[UnitCore.js] Unit Construction Finished ID:1

[90mstdout[2m | src/tests/WorkerDistraction.test.js[2m > [22m[2mWorker Distraction Investigation[2m > [22m[2mshould NOT be distracted by WanderState updates during Job
[22m[39m[Unit 0] State Change: Wander -> Job
[Actor 0] Resetting Unreachable (Target changed or initializing)
[Actor 0] Pathfinding SUCCESS: Got 2 nodes to 40,10
[Entity 0] startMove -> isMoving:true. Target:40,10 StartTime:0.0000

[90mstdout[2m | src/tests/WorkerDistraction.test.js[2m > [22m[2mWorker Distraction Investigation[2m > [22m[2mshould not freeze due to throttle at low game time
[22m[39mDisposing detached game instance

[90mstdout[2m | src/tests/WorkerDistraction.test.js[2m > [22m[2mWorker Distraction Investigation[2m > [22m[2mshould not freeze due to throttle at low game time
[22m[39m[Entity 2] CONSTRUCTOR START: type=unit at 10,10
[Entity 2] Calling updatePosition...
[Entity 2] updatePosition returned.
[DIAG] Actor Created ID: 2
[DIAG] Actor smartMove type: function
[DIAG] Actor smartMove body snapshot: smartMove(tx, tz, time, depth = 0) {
    if (isNaN(tx) || isNaN(tz)) {
      console.error(`[Actor $
[UnitCore.js] Unit Created ID:2 Role:worker Pos:10,10 Special:false
[UnitCore.js] Unit Created ID:2 Role:worker Pos:10,10
[UnitCore.js] Unit Construction Finished ID:2

[90mstdout[2m | src/tests/WorkerDistraction.test.js[2m > [22m[2mWorker Distraction Investigation[2m > [22m[2mshould not freeze due to throttle at low game time
[22m[39m[Unit 0] State Change: Wander -> Wander
[Unit 0] State Change: Wander -> Job
[Actor 0] Resetting Unreachable (Target changed or initializing)
[Actor 0] Pathfinding SUCCESS: Got 2 nodes to 50,50
[Entity 0] startMove -> isMoving:true. Target:50,50 StartTime:0.0000

[90mstdout[2m | src/tests/WorkerDistraction.test.js[2m > [22m[2mWorker Distraction Investigation[2m > [22m[2mshould NOT build a house immediately if pathfinding fails temporarily
[22m[39mDisposing detached game instance

[90mstdout[2m | src/tests/WorkerDistraction.test.js[2m > [22m[2mWorker Distraction Investigation[2m > [22m[2mshould NOT build a house immediately if pathfinding fails temporarily
[22m[39m[Entity 3] CONSTRUCTOR START: type=unit at 10,10
[Entity 3] Calling updatePosition...
[Entity 3] updatePosition returned.
[DIAG] Actor Created ID: 3
[DIAG] Actor smartMove type: function
[DIAG] Actor smartMove body snapshot: smartMove(tx, tz, time, depth = 0) {
    if (isNaN(tx) || isNaN(tz)) {
      console.error(`[Actor $
[UnitCore.js] Unit Created ID:3 Role:worker Pos:10,10 Special:false
[UnitCore.js] Unit Created ID:3 Role:worker Pos:10,10
[UnitCore.js] Unit Construction Finished ID:3

stderr | src/tests/WorkerDistraction.test.js > Worker Distraction Investigation > should NOT build a house immediately if pathfinding fails temporarily
[JobState] DIAG: Job Abort Unreachable. Unit:0 moveStarted=false, isU=true, isW=false, distSq=3200.0
[JobState] Job Abandoned: Unreachable. ReqID:req_3

[90mstdout[2m | src/tests/WorkerDistraction.test.js[2m > [22m[2mWorker Distraction Investigation[2m > [22m[2mshould NOT build a house immediately if pathfinding fails temporarily
[22m[39m[Unit 0] State Change: Wander -> Job
[Unit 0] State Change: Job -> Wander

[90mstdout[2m | src/tests/LevelResourceReset.test.js[2m > [22m[2mLevel Resource Reset[2m > [22m[2mshould reset resources and mana when starting a new level
[22m[39m[Game] Init SphereGeometry
[Game] Minimal/Override Init Start
[Game] Minimal: Init Clock
[Game FORCE CONST 1] Creating mock terrain
[Game] Minimal: Init Managers
[Game] Minimal: Init GoblinManager
[GoblinManager] 5蛟九・豢樒ｪ溘ｒ逕滓・荳ｭ...
[GoblinManager] DETERMINISM: generateCaves start. rngState=undefined
[GoblinManager] DETERMINISM: Attempt 1: Rnd(0.923008, 0.510077) -> Grid(147, 81) rngState=undefined
[GoblinManager] DETERMINISM: Attempt 2: Rnd(0.221007, 0.326305) -> Grid(35, 52) rngState=undefined
[GoblinManager] DETERMINISM: Attempt 3: Rnd(0.367781, 0.417385) -> Grid(58, 66) rngState=undefined
[GoblinManager] 豢樒ｪ溽函謌仙ｮ御ｺ・ 0/5 (隧ｦ陦悟屓謨ｰ: 5000)
[Game] Minimal: Init EnemyAI
[Game] Minimal: Done. Returning.

[90mstdout[2m | src/tests/LevelResourceReset.test.js[2m > [22m[2mLevel Resource Reset[2m > [22m[2mshould reset resources and mana when starting a new level
[22m[39m[Game] Starting Level 2: L2, W=20
[Game] DETERMINISM: Seed NOT Preserved. LvlIdx:1 Terrain:160x160 Config:20x20 Seed:undefined
[Game] Disposing Old Terrain...
[Game] Creating New Terrain (20x20)...
[Game] Generating Level Terrain Data...

[90mstdout[2m | src/tests/CombatStuck.test.js
[22m[39m[DEBUG] Building.ts loaded

[90mstdout[2m | src/tests/CombatStuck.test.js
[22m[39m[DEBUG] Terrain.ts top-level load

[90mstdout[2m | src/tests/GroupCombat.test.js
[22m[39m[DEBUG] Game.ts top-level load

stderr | src/tests/LevelResourceReset.test.js > Level Resource Reset > should reset resources and mana when starting a new level
[Game] Error in Level Spawn: TypeError: Cannot read properties of undefined (reading '10')
    at Game.startLevel (C:/Users/mooya/develop/test/src/Game.ts:2866:42)
    at C:/Users/mooya/develop/test/src/tests/LevelResourceReset.test.js:62:9
    at file:///C:/Users/mooya/develop/test/node_modules/@vitest/runner/dist/index.js:915:20

[90mstdout[2m | src/tests/LevelResourceReset.test.js[2m > [22m[2mLevel Resource Reset[2m > [22m[2mshould reset resources and mana when starting a new level
[22m[39m[Game] Terrain Generated. Seed: 12345
[Game] Level Started. Setting gameActive = true

[90mstdout[2m | src/tests/LevelResourceReset.test.js[2m > [22m[2mLevel Resource Reset[2m > [22m[2mshould reset resources even if restarting same level
[22m[39mDisposing detached game instance
[Game] Dispose called for Game Instance.

[90mstdout[2m | src/tests/LevelResourceReset.test.js[2m > [22m[2mLevel Resource Reset[2m > [22m[2mshould reset resources even if restarting same level
[22m[39m[Game] Init SphereGeometry
[Game] Minimal/Override Init Start
[Game] Minimal: Init Clock
[Game FORCE CONST 2] Creating mock terrain
[Game] Minimal: Init Managers
[Game] Minimal: Init GoblinManager
[GoblinManager] 5蛟九・豢樒ｪ溘ｒ逕滓・荳ｭ...
[GoblinManager] DETERMINISM: generateCaves start. rngState=undefined
[GoblinManager] DETERMINISM: Attempt 1: Rnd(0.726679, 0.251849) -> Grid(116, 40) rngState=undefined
[GoblinManager] DETERMINISM: Attempt 2: Rnd(0.429638, 0.709077) -> Grid(68, 113) rngState=undefined
[GoblinManager] DETERMINISM: Attempt 3: Rnd(0.470693, 0.405845) -> Grid(75, 64) rngState=undefined
[GoblinManager] 豢樒ｪ溽函謌仙ｮ御ｺ・ 0/5 (隧ｦ陦悟屓謨ｰ: 5000)
[Game] Minimal: Init EnemyAI
[Game] Minimal: Done. Returning.

[90mstdout[2m | src/tests/LevelResourceReset.test.js[2m > [22m[2mLevel Resource Reset[2m > [22m[2mshould reset resources even if restarting same level
[22m[39m[Game] Starting Level 1: L1, W=10
[Game] DETERMINISM: Seed NOT Preserved. LvlIdx:0 Terrain:160x160 Config:10x10 Seed:undefined
[Game] Disposing Old Terrain...
[Game] Creating New Terrain (10x10)...
[Game] Generating Level Terrain Data...

stderr | src/tests/LevelResourceReset.test.js > Level Resource Reset > should reset resources even if restarting same level
[Game] Error in Level Spawn: TypeError: Cannot read properties of undefined (reading '5')
    at Game.startLevel (C:/Users/mooya/develop/test/src/Game.ts:2866:42)
    at C:/Users/mooya/develop/test/src/tests/LevelResourceReset.test.js:77:9
    at file:///C:/Users/mooya/develop/test/node_modules/@vitest/runner/dist/index.js:915:20

[90mstdout[2m | src/tests/LevelResourceReset.test.js[2m > [22m[2mLevel Resource Reset[2m > [22m[2mshould reset resources even if restarting same level
[22m[39m[Game] Terrain Generated. Seed: 12345
[Game] Level Started. Setting gameActive = true

[90mstdout[2m | src/tests/CombatStuck.test.js
[22m[39m[DEBUG] Actor.ts loaded

 [32m笨・[39m src/tests/LevelResourceReset.test.js [2m([22m[2m2 tests[22m[2m)[22m[32m 59[2mms[22m[39m
[90mstdout[2m | src/tests/GroupCombat.test.js[2m > [22m[2mGroup Combat Simulations[2m > [22m[2mScenario: 5 Goblins vs 3 Workers (Close Match / Goblin Edge)
[22m[39m
[Scenario 1] 5 Goblins vs 3 Workers
[Entity 0] CONSTRUCTOR START: type=unit at 10,10
[Entity 0] Calling registerEntity...
[Entity 0] registerEntity returned.
[Entity 0] Calling updatePosition...
[Entity 0] updatePosition returned.
[DIAG] Actor Created ID: 0
[DIAG] Actor smartMove type: function
[DIAG] Actor smartMove body snapshot: smartMove(tx, tz, time, depth = 0) {
    if (isNaN(tx) || isNaN(tz)) {
      console.error(`[Actor $
[UnitCore.js] Unit Created ID:0 Role:worker Pos:10,10 Special:false
[Unit 0] State Change: None -> Wander
[UnitCore.js] Unit Created ID:0 Role:worker Pos:10,10
[UnitCore.js] Unit Construction Finished ID:0
[Entity 1] CONSTRUCTOR START: type=unit at 11,10
[Entity 1] Calling registerEntity...
[Entity 1] registerEntity returned.
[Entity 1] Calling updatePosition...
[Entity 1] updatePosition returned.
[DIAG] Actor Created ID: 1
[DIAG] Actor smartMove type: function
[DIAG] Actor smartMove body snapshot: smartMove(tx, tz, time, depth = 0) {
    if (isNaN(tx) || isNaN(tz)) {
      console.error(`[Actor $
[UnitCore.js] Unit Created ID:1 Role:worker Pos:11,10 Special:false
[UnitCore.js] Unit Created ID:1 Role:worker Pos:11,10
[UnitCore.js] Unit Construction Finished ID:1
[Entity 2] CONSTRUCTOR START: type=unit at 12,10
[Entity 2] Calling registerEntity...
[Entity 2] registerEntity returned.
[Entity 2] Calling updatePosition...
[Entity 2] updatePosition returned.
[DIAG] Actor Created ID: 2
[DIAG] Actor smartMove type: function
[DIAG] Actor smartMove body snapshot: smartMove(tx, tz, time, depth = 0) {
    if (isNaN(tx) || isNaN(tz)) {
      console.error(`[Actor $
[UnitCore.js] Unit Created ID:2 Role:worker Pos:12,10 Special:false
[UnitCore.js] Unit Created ID:2 Role:worker Pos:12,10
[UnitCore.js] Unit Construction Finished ID:2
[Entity 3] CONSTRUCTOR START: type=goblin at 15,15
[Entity 3] Calling registerEntity...
[Entity 3] registerEntity returned.
[Entity 3] Calling updatePosition...
[Entity 3] updatePosition returned.
[DIAG] Actor Created ID: 3
[DIAG] Actor smartMove type: function
[DIAG] Actor smartMove body snapshot: smartMove(tx, tz, time, depth = 0) {
    if (isNaN(tx) || isNaN(tz)) {
      console.error(`[Actor $
[Entity 4] CONSTRUCTOR START: type=goblin at 16,15
[Entity 4] Calling registerEntity...
[Entity 4] registerEntity returned.
[Entity 4] Calling updatePosition...
[Entity 4] updatePosition returned.
[DIAG] Actor Created ID: 4
[DIAG] Actor smartMove type: function
[DIAG] Actor smartMove body snapshot: smartMove(tx, tz, time, depth = 0) {
    if (isNaN(tx) || isNaN(tz)) {
      console.error(`[Actor $
[Entity 5] CONSTRUCTOR START: type=goblin at 17,15
[Entity 5] Calling registerEntity...
[Entity 5] registerEntity returned.
[Entity 5] Calling updatePosition...
[Entity 5] updatePosition returned.
[DIAG] Actor Created ID: 5
[DIAG] Actor smartMove type: function
[DIAG] Actor smartMove body snapshot: smartMove(tx, tz, time, depth = 0) {
    if (isNaN(tx) || isNaN(tz)) {
      console.error(`[Actor $
[Entity 6] CONSTRUCTOR START: type=goblin at 18,15
[Entity 6] Calling registerEntity...
[Entity 6] registerEntity returned.
[Entity 6] Calling updatePosition...
[Entity 6] updatePosition returned.
[DIAG] Actor Created ID: 6
[DIAG] Actor smartMove type: function
[DIAG] Actor smartMove body snapshot: smartMove(tx, tz, time, depth = 0) {
    if (isNaN(tx) || isNaN(tz)) {
      console.error(`[Actor $
[Entity 7] CONSTRUCTOR START: type=goblin at 19,15
[Entity 7] Calling registerEntity...
[Entity 7] registerEntity returned.
[Entity 7] Calling updatePosition...
[Entity 7] updatePosition returned.
[DIAG] Actor Created ID: 7
[DIAG] Actor smartMove type: function
[DIAG] Actor smartMove body snapshot: smartMove(tx, tz, time, depth = 0) {
    if (isNaN(tx) || isNaN(tz)) {
      console.error(`[Actor $
[Actor 3] Resetting Unreachable (Target changed or initializing)
[Actor 4] Resetting Unreachable (Target changed or initializing)
[Actor 5] Resetting Unreachable (Target changed or initializing)
[Actor 6] Resetting Unreachable (Target changed or initializing)
[Actor 7] Resetting Unreachable (Target changed or initializing)
[Actor 3] Resetting Unreachable (Target changed or initializing)
[Actor 4] Resetting Unreachable (Target changed or initializing)
[Actor 5] Resetting Unreachable (Target changed or initializing)
[Actor 6] Resetting Unreachable (Target changed or initializing)
[Actor 7] Resetting Unreachable (Target changed or initializing)
Goblin hit Unit! Dmg: 10 UnitHP: 43 
Unit hit Goblin! Dmg: 12 GoblinHP: 38
Unit hit Goblin! Dmg: 12 GoblinHP: 26.001666666666665
Unit hit Goblin! Dmg: 12 GoblinHP: 14.001666666666665
Goblin hit Unit! Dmg: 10 UnitHP: 33 
Unit hit Goblin! Dmg: 12 GoblinHP: 2.0183333333333344
Unit hit Goblin! Dmg: 12 GoblinHP: -9.979999999999999
Goblin hit Unit! Dmg: 10 UnitHP: 23 
Unit hit Goblin! Dmg: 12 GoblinHP: 38
Unit hit Goblin! Dmg: 12 GoblinHP: 26.011666666666656
Unit hit Goblin! Dmg: 12 GoblinHP: 14.013333333333321
Goblin hit Unit! Dmg: 10 UnitHP: 13 
Unit hit Goblin! Dmg: 12 GoblinHP: 2.018333333333322
Unit hit Goblin! Dmg: 12 GoblinHP: -9.970000000000013
[Actor 5] Resetting Unreachable (Target changed or initializing)
[Actor 6] Resetting Unreachable (Target changed or initializing)
[Actor 7] Resetting Unreachable (Target changed or initializing)
Goblin hit Unit! Dmg: 10 UnitHP: 3 
Unit hit Goblin! Dmg: 12 GoblinHP: 38
Unit hit Goblin! Dmg: 12 GoblinHP: 26
Unit hit Goblin! Dmg: 12 GoblinHP: 14.009999999999991
Unit 2 (worker) DIED. R.I.P.
Goblin hit Unit! Dmg: 10 UnitHP: 0 
Unit hit Goblin! Dmg: 12 GoblinHP: -3.9816666666666745
Unit hit Goblin! Dmg: 12 GoblinHP: 38
Unit hit Goblin! Dmg: 12 GoblinHP: 26.011666666666656
Unit hit Goblin! Dmg: 12 GoblinHP: 14.018333333333317
Unit hit Goblin! Dmg: 12 GoblinHP: 2.029999999999985
Unit hit Goblin! Dmg: 12 GoblinHP: -9.963333333333349
Unit hit Goblin! Dmg: 12 GoblinHP: 38
Unit hit Goblin! Dmg: 12 GoblinHP: 26.00666666666666
Unit hit Goblin! Dmg: 12 GoblinHP: 14.018333333333317
Unit hit Goblin! Dmg: 12 GoblinHP: 2.0249999999999844
Unit hit Goblin! Dmg: 12 GoblinHP: -9.96333333333335
Survivors -> Units: 2, Goblins: 0
[Actor 3] Pathfinding SUCCESS: Got 1 nodes to 12.3,10.5
[Actor 3] Resetting Unreachable (Target changed or initializing)
[Entity 3] startMove -> isMoving:true. Target:12.3,10.5 StartTime:0.0000
[Actor 4] Pathfinding SUCCESS: Got 1 nodes to 12.3,10.5
[Actor 4] Resetting Unreachable (Target changed or initializing)
[Entity 4] startMove -> isMoving:true. Target:12.3,10.5 StartTime:0.0000
[Actor 5] Pathfinding SUCCESS: Got 1 nodes to 12.3,10.5
[Actor 5] Resetting Unreachable (Target changed or initializing)
[Entity 5] startMove -> isMoving:true. Target:12.3,10.5 StartTime:0.0000
[Actor 6] Pathfinding SUCCESS: Got 1 nodes to 12.3,10.5
[Actor 6] Resetting Unreachable (Target changed or initializing)
[Entity 6] startMove -> isMoving:true. Target:12.3,10.5 StartTime:0.0000
[Actor 7] Pathfinding SUCCESS: Got 1 nodes to 12.3,10.5
[Actor 7] Resetting Unreachable (Target changed or initializing)
[Entity 7] startMove -> isMoving:true. Target:12.3,10.5 StartTime:0.0000

[90mstdout[2m | src/tests/GroupCombat.test.js[2m > [22m[2mGroup Combat Simulations[2m > [22m[2mScenario: 3 Knights vs 10 Goblins (Knights Stomp)
[22m[39mDisposing detached game instance

[90mstdout[2m | src/tests/GroupCombat.test.js[2m > [22m[2mGroup Combat Simulations[2m > [22m[2mScenario: 3 Knights vs 10 Goblins (Knights Stomp)
[22m[39m
[Scenario 2] 3 Knights vs 10 Goblins
[Entity 8] CONSTRUCTOR START: type=unit at 10,10
[Entity 8] Calling registerEntity...
[Entity 8] registerEntity returned.
[Entity 8] Calling updatePosition...
[Entity 8] updatePosition returned.
[DIAG] Actor Created ID: 8
[DIAG] Actor smartMove type: function
[DIAG] Actor smartMove body snapshot: smartMove(tx, tz, time, depth = 0) {
    if (isNaN(tx) || isNaN(tz)) {
      console.error(`[Actor $
[UnitCore.js] Unit Created ID:3 Role:knight Pos:10,10 Special:false
[UnitCore.js] Unit Created ID:3 Role:knight Pos:10,10
[UnitCore.js] Unit Construction Finished ID:3
[Entity 9] CONSTRUCTOR START: type=unit at 11,10
[Entity 9] Calling registerEntity...
[Entity 9] registerEntity returned.
[Entity 9] Calling updatePosition...
[Entity 9] updatePosition returned.
[DIAG] Actor Created ID: 9
[DIAG] Actor smartMove type: function
[DIAG] Actor smartMove body snapshot: smartMove(tx, tz, time, depth = 0) {
    if (isNaN(tx) || isNaN(tz)) {
      console.error(`[Actor $
[UnitCore.js] Unit Created ID:4 Role:knight Pos:11,10 Special:false
[UnitCore.js] Unit Created ID:4 Role:knight Pos:11,10
[UnitCore.js] Unit Construction Finished ID:4
[Entity 10] CONSTRUCTOR START: type=unit at 12,10
[Entity 10] Calling registerEntity...
[Entity 10] registerEntity returned.
[Entity 10] Calling updatePosition...
[Entity 10] updatePosition returned.
[DIAG] Actor Created ID: 10
[DIAG] Actor smartMove type: function
[DIAG] Actor smartMove body snapshot: smartMove(tx, tz, time, depth = 0) {
    if (isNaN(tx) || isNaN(tz)) {
      console.error(`[Actor $
[UnitCore.js] Unit Created ID:5 Role:knight Pos:12,10 Special:false
[UnitCore.js] Unit Created ID:5 Role:knight Pos:12,10
[UnitCore.js] Unit Construction Finished ID:5
[Entity 11] CONSTRUCTOR START: type=goblin at 12,12
[Entity 11] Calling registerEntity...
[Entity 11] registerEntity returned.
[Entity 11] Calling updatePosition...
[Entity 11] updatePosition returned.
[DIAG] Actor Created ID: 11
[DIAG] Actor smartMove type: function
[DIAG] Actor smartMove body snapshot: smartMove(tx, tz, time, depth = 0) {
    if (isNaN(tx) || isNaN(tz)) {
      console.error(`[Actor $
[Entity 12] CONSTRUCTOR START: type=goblin at 12,12
[Entity 12] Calling registerEntity...
[Entity 12] registerEntity returned.
[Entity 12] Calling updatePosition...
[Entity 12] updatePosition returned.
[DIAG] Actor Created ID: 12
[DIAG] Actor smartMove type: function
[DIAG] Actor smartMove body snapshot: smartMove(tx, tz, time, depth = 0) {
    if (isNaN(tx) || isNaN(tz)) {
      console.error(`[Actor $
[Entity 13] CONSTRUCTOR START: type=goblin at 12,12
[Entity 13] Calling registerEntity...
[Entity 13] registerEntity returned.
[Entity 13] Calling updatePosition...
[Entity 13] updatePosition returned.
[DIAG] Actor Created ID: 13
[DIAG] Actor smartMove type: function
[DIAG] Actor smartMove body snapshot: smartMove(tx, tz, time, depth = 0) {
    if (isNaN(tx) || isNaN(tz)) {
      console.error(`[Actor $
[Entity 14] CONSTRUCTOR START: type=goblin at 12,12
[Entity 14] Calling registerEntity...
[Entity 14] registerEntity returned.
[Entity 14] Calling updatePosition...
[Entity 14] updatePosition returned.
[DIAG] Actor Created ID: 14
[DIAG] Actor smartMove type: function
[DIAG] Actor smartMove body snapshot: smartMove(tx, tz, time, depth = 0) {
    if (isNaN(tx) || isNaN(tz)) {
      console.error(`[Actor $
[Entity 15] CONSTRUCTOR START: type=goblin at 12,12
[Entity 15] Calling registerEntity...
[Entity 15] registerEntity returned.
[Entity 15] Calling updatePosition...
[Entity 15] updatePosition returned.
[DIAG] Actor Created ID: 15
[DIAG] Actor smartMove type: function
[DIAG] Actor smartMove body snapshot: smartMove(tx, tz, time, depth = 0) {
    if (isNaN(tx) || isNaN(tz)) {
      console.error(`[Actor $
[Entity 16] CONSTRUCTOR START: type=goblin at 12,12
[Entity 16] Calling registerEntity...
[Entity 16] registerEntity returned.
[Entity 16] Calling updatePosition...
[Entity 16] updatePosition returned.
[DIAG] Actor Created ID: 16
[DIAG] Actor smartMove type: function
[DIAG] Actor smartMove body snapshot: smartMove(tx, tz, time, depth = 0) {
    if (isNaN(tx) || isNaN(tz)) {
      console.error(`[Actor $
[Entity 17] CONSTRUCTOR START: type=goblin at 12,12
[Entity 17] Calling registerEntity...
[Entity 17] registerEntity returned.
[Entity 17] Calling updatePosition...
[Entity 17] updatePosition returned.
[DIAG] Actor Created ID: 17
[DIAG] Actor smartMove type: function
[DIAG] Actor smartMove body snapshot: smartMove(tx, tz, time, depth = 0) {
    if (isNaN(tx) || isNaN(tz)) {
      console.error(`[Actor $
[Entity 18] CONSTRUCTOR START: type=goblin at 12,12
[Entity 18] Calling registerEntity...
[Entity 18] registerEntity returned.
[Entity 18] Calling updatePosition...
[Entity 18] updatePosition returned.
[DIAG] Actor Created ID: 18
[DIAG] Actor smartMove type: function
[DIAG] Actor smartMove body snapshot: smartMove(tx, tz, time, depth = 0) {
    if (isNaN(tx) || isNaN(tz)) {
      console.error(`[Actor $
[Entity 19] CONSTRUCTOR START: type=goblin at 12,12
[Entity 19] Calling registerEntity...
[Entity 19] registerEntity returned.
[Entity 19] Calling updatePosition...
[Entity 19] updatePosition returned.
[DIAG] Actor Created ID: 19
[DIAG] Actor smartMove type: function
[DIAG] Actor smartMove body snapshot: smartMove(tx, tz, time, depth = 0) {
    if (isNaN(tx) || isNaN(tz)) {
      console.error(`[Actor $
[Entity 20] CONSTRUCTOR START: type=goblin at 12,12
[Entity 20] Calling registerEntity...
[Entity 20] registerEntity returned.
[Entity 20] Calling updatePosition...
[Entity 20] updatePosition returned.
[DIAG] Actor Created ID: 20
[DIAG] Actor smartMove type: function
[DIAG] Actor smartMove body snapshot: smartMove(tx, tz, time, depth = 0) {
    if (isNaN(tx) || isNaN(tz)) {
      console.error(`[Actor $
Unit hit Goblin! Dmg: 300 GoblinHP: -250
Goblin hit Unit! Dmg: 10 UnitHP: 1004 
Goblin hit Unit! Dmg: 10 UnitHP: 994 
Goblin hit Unit! Dmg: 10 UnitHP: 984 
Goblin hit Unit! Dmg: 10 UnitHP: 974 
Goblin hit Unit! Dmg: 10 UnitHP: 964 
Goblin hit Unit! Dmg: 10 UnitHP: 954 
Goblin hit Unit! Dmg: 10 UnitHP: 944 
Goblin hit Unit! Dmg: 10 UnitHP: 934 
Goblin hit Unit! Dmg: 10 UnitHP: 924 
Unit hit Goblin! Dmg: 300 GoblinHP: -250
Unit hit Goblin! Dmg: 300 GoblinHP: -250
Unit hit Goblin! Dmg: 300 GoblinHP: -250
Goblin hit Unit! Dmg: 10 UnitHP: 914 
Goblin hit Unit! Dmg: 10 UnitHP: 904 
Goblin hit Unit! Dmg: 10 UnitHP: 894 
Goblin hit Unit! Dmg: 10 UnitHP: 884 
Goblin hit Unit! Dmg: 10 UnitHP: 874 
Goblin hit Unit! Dmg: 10 UnitHP: 864 
Unit hit Goblin! Dmg: 300 GoblinHP: -250
Unit hit Goblin! Dmg: 300 GoblinHP: -250
Unit hit Goblin! Dmg: 300 GoblinHP: -250
Goblin hit Unit! Dmg: 10 UnitHP: 854 
Goblin hit Unit! Dmg: 10 UnitHP: 844 
Goblin hit Unit! Dmg: 10 UnitHP: 834 
Unit hit Goblin! Dmg: 300 GoblinHP: -250
Unit hit Goblin! Dmg: 300 GoblinHP: -250
Unit hit Goblin! Dmg: 300 GoblinHP: -250
Survivors -> Knights: 3, Goblins: 0

[90mstdout[2m | src/tests/GroupCombat.test.js[2m > [22m[2mGroup Combat Simulations[2m > [22m[2mScenario: 3 Goblins vs 1 House (House Defends)
[22m[39mDisposing detached game instance

 [32m笨・[39m src/tests/WorkerDistraction.test.js [2m([22m[2m4 tests[22m[2m)[22m[32m 103[2mms[22m[39m
[90mstdout[2m | src/tests/GroupCombat.test.js[2m > [22m[2mGroup Combat Simulations[2m > [22m[2mScenario: 3 Goblins vs 1 House (House Defends)
[22m[39m
[Scenario 3] 3 Goblins vs 1 House
[Entity 21] CONSTRUCTOR START: type=goblin at 11,11
[Entity 21] Calling registerEntity...
[Entity 21] registerEntity returned.
[Entity 21] Calling updatePosition...
[Entity 21] updatePosition returned.
[DIAG] Actor Created ID: 21
[DIAG] Actor smartMove type: function
[DIAG] Actor smartMove body snapshot: smartMove(tx, tz, time, depth = 0) {
    if (isNaN(tx) || isNaN(tz)) {
      console.error(`[Actor $
[Entity 22] CONSTRUCTOR START: type=goblin at 11,11
[Entity 22] Calling registerEntity...
[Entity 22] registerEntity returned.
[Entity 22] Calling updatePosition...
[Entity 22] updatePosition returned.
[DIAG] Actor Created ID: 22
[DIAG] Actor smartMove type: function
[DIAG] Actor smartMove body snapshot: smartMove(tx, tz, time, depth = 0) {
    if (isNaN(tx) || isNaN(tz)) {
      console.error(`[Actor $
[Entity 23] CONSTRUCTOR START: type=goblin at 11,11
[Entity 23] Calling registerEntity...
[Entity 23] registerEntity returned.
[Entity 23] Calling updatePosition...
[Entity 23] updatePosition returned.
[DIAG] Actor Created ID: 23
[DIAG] Actor smartMove type: function
[DIAG] Actor smartMove body snapshot: smartMove(tx, tz, time, depth = 0) {
    if (isNaN(tx) || isNaN(tz)) {
      console.error(`[Actor $
Goblin Raid: House population reduced. Rem: 9 
Goblin Raid: House population reduced. Rem: 8 
Goblin Raid: House population reduced. Rem: 7 
Goblin Raid: House population reduced. Rem: 6 
Goblin(normal) died.ID:21 
Goblin Raid: House population reduced. Rem: 5 
Goblin(normal) died.ID:22 
Goblin Raid: House population reduced. Rem: 4 
Goblin Raid: House population reduced. Rem: 3 
Goblin(normal) died.ID:23 
Survivors -> Goblins: 0, House Pop: 3

[90mstdout[2m | src/tests/GroupCombat.test.js[2m > [22m[2mGroup Combat Simulations[2m > [22m[2mScenario: 5 Goblins vs 1 House (House Destroyed)
[22m[39mDisposing detached game instance

[90mstdout[2m | src/tests/RequestLifecycle.test.js
[22m[39m[DEBUG] Building.ts loaded

[90mstdout[2m | src/tests/ManualAssignment.test.js
[22m[39m[DEBUG] Game.ts top-level load

[90mstdout[2m | src/tests/GroupCombat.test.js[2m > [22m[2mGroup Combat Simulations[2m > [22m[2mScenario: 5 Goblins vs 1 House (House Destroyed)
[22m[39m
[Scenario 4] 5 Goblins vs 1 House (Pop 5)
[Entity 24] CONSTRUCTOR START: type=goblin at 11,11
[Entity 24] Calling registerEntity...
[Entity 24] registerEntity returned.
[Entity 24] Calling updatePosition...
[Entity 24] updatePosition returned.
[DIAG] Actor Created ID: 24
[DIAG] Actor smartMove type: function
[DIAG] Actor smartMove body snapshot: smartMove(tx, tz, time, depth = 0) {
    if (isNaN(tx) || isNaN(tz)) {
      console.error(`[Actor $
[Entity 25] CONSTRUCTOR START: type=goblin at 11,11
[Entity 25] Calling registerEntity...
[Entity 25] registerEntity returned.
[Entity 25] Calling updatePosition...
[Entity 25] updatePosition returned.
[DIAG] Actor Created ID: 25
[DIAG] Actor smartMove type: function
[DIAG] Actor smartMove body snapshot: smartMove(tx, tz, time, depth = 0) {
    if (isNaN(tx) || isNaN(tz)) {
      console.error(`[Actor $
[Entity 26] CONSTRUCTOR START: type=goblin at 11,11
[Entity 26] Calling registerEntity...
[Entity 26] registerEntity returned.
[Entity 26] Calling updatePosition...
[Entity 26] updatePosition returned.
[DIAG] Actor Created ID: 26
[DIAG] Actor smartMove type: function
[DIAG] Actor smartMove body snapshot: smartMove(tx, tz, time, depth = 0) {
    if (isNaN(tx) || isNaN(tz)) {
      console.error(`[Actor $
[Entity 27] CONSTRUCTOR START: type=goblin at 11,11
[Entity 27] Calling registerEntity...
[Entity 27] registerEntity returned.
[Entity 27] Calling updatePosition...
[Entity 27] updatePosition returned.
[DIAG] Actor Created ID: 27
[DIAG] Actor smartMove type: function
[DIAG] Actor smartMove body snapshot: smartMove(tx, tz, time, depth = 0) {
    if (isNaN(tx) || isNaN(tz)) {
      console.error(`[Actor $
[Entity 28] CONSTRUCTOR START: type=goblin at 11,11
[Entity 28] Calling registerEntity...
[Entity 28] registerEntity returned.
[Entity 28] Calling updatePosition...
[Entity 28] updatePosition returned.
[DIAG] Actor Created ID: 28
[DIAG] Actor smartMove type: function
[DIAG] Actor smartMove body snapshot: smartMove(tx, tz, time, depth = 0) {
    if (isNaN(tx) || isNaN(tz)) {
      console.error(`[Actor $
Goblin Raid: House population reduced. Rem: 4 
Goblin Raid: House population reduced. Rem: 3 
Goblin Raid: House population reduced. Rem: 2 
Goblin Raid: House population reduced. Rem: 1 
Goblin Raid: House population reduced. Rem: 0 
Goblin destroyed Building house (Legacy)!
Goblin 28 destroyed house !
Survivors -> Goblins: 5, House Pop: 0

[90mstdout[2m | src/tests/GroupCombat.test.js[2m > [22m[2mGroup Combat Simulations[2m > [22m[2mScenario 5: King vs 1 Knight (Knight Wins)
[22m[39mDisposing detached game instance

[90mstdout[2m | src/tests/GroupCombat.test.js[2m > [22m[2mGroup Combat Simulations[2m > [22m[2mScenario 5: King vs 1 Knight (Knight Wins)
[22m[39m
[Scenario 5] King vs 1 Knight
[Entity 29] CONSTRUCTOR START: type=unit at 10,10
[Entity 29] Calling registerEntity...
[Entity 29] registerEntity returned.
[Entity 29] Calling updatePosition...
[Entity 29] updatePosition returned.
[DIAG] Actor Created ID: 29
[DIAG] Actor smartMove type: function
[DIAG] Actor smartMove body snapshot: smartMove(tx, tz, time, depth = 0) {
    if (isNaN(tx) || isNaN(tz)) {
      console.error(`[Actor $
[UnitCore.js] Unit Created ID:6 Role:knight Pos:10,10 Special:false
[UnitCore.js] Unit Created ID:6 Role:knight Pos:10,10
[UnitCore.js] Unit Construction Finished ID:6
[Entity 30] CONSTRUCTOR START: type=goblin at 15,15
[Entity 30] Calling registerEntity...
[Entity 30] registerEntity returned.
[Entity 30] Calling updatePosition...
[Entity 30] updatePosition returned.
[DIAG] Actor Created ID: 30
[DIAG] Actor smartMove type: function
[DIAG] Actor smartMove body snapshot: smartMove(tx, tz, time, depth = 0) {
    if (isNaN(tx) || isNaN(tz)) {
      console.error(`[Actor $
[Actor 30] Resetting Unreachable (Target changed or initializing)
[Actor 30] Resetting Unreachable (Target changed or initializing)
Goblin hit Unit! Dmg: 80 UnitHP: 921 
Unit hit Goblin! Dmg: 300 GoblinHP: 1329
Goblin hit Unit! Dmg: 80 UnitHP: 841 
Unit hit Goblin! Dmg: 300 GoblinHP: 1029.0183333333346
Goblin hit Unit! Dmg: 80 UnitHP: 761 
Unit hit Goblin! Dmg: 300 GoblinHP: 729.0366666666691
Goblin hit Unit! Dmg: 80 UnitHP: 681 
Unit hit Goblin! Dmg: 300 GoblinHP: 429.05500000000245
Unit hit Goblin! Dmg: 300 GoblinHP: 129.07333333333577
Goblin hit Unit! Dmg: 80 UnitHP: 601 
Unit hit Goblin! Dmg: 300 GoblinHP: -170.90833333333092
Survivor: Knight (HP 601) vs King (Dead)
[Actor 30] Pathfinding SUCCESS: Got 1 nodes to 10.5,10.5
[Actor 30] Resetting Unreachable (Target changed or initializing)
[Entity 30] startMove -> isMoving:true. Target:10.5,10.5 StartTime:0.0000

[90mstdout[2m | src/tests/RequestLifecycle.test.js
[22m[39m[DEBUG] Terrain.ts top-level load

[90mstdout[2m | src/tests/GroupCombat.test.js[2m > [22m[2mGroup Combat Simulations[2m > [22m[2mScenario 6: King vs 20 Workers (Workers Swarm)
[22m[39mDisposing detached game instance

[90mstdout[2m | src/tests/GroupCombat.test.js[2m > [22m[2mGroup Combat Simulations[2m > [22m[2mScenario 6: King vs 20 Workers (Workers Swarm)
[22m[39m
[Scenario 6] King vs 20 Workers
[Entity 31] CONSTRUCTOR START: type=goblin at 15,15
[Entity 31] Calling registerEntity...
[Entity 31] registerEntity returned.
[Entity 31] Calling updatePosition...
[Entity 31] updatePosition returned.
[DIAG] Actor Created ID: 31
[DIAG] Actor smartMove type: function
[DIAG] Actor smartMove body snapshot: smartMove(tx, tz, time, depth = 0) {
    if (isNaN(tx) || isNaN(tz)) {
      console.error(`[Actor $
[Entity 32] CONSTRUCTOR START: type=unit at 12,12
[Entity 32] Calling registerEntity...
[Entity 32] registerEntity returned.
[Entity 32] Calling updatePosition...
[Entity 32] updatePosition returned.
[DIAG] Actor Created ID: 32
[DIAG] Actor smartMove type: function
[DIAG] Actor smartMove body snapshot: smartMove(tx, tz, time, depth = 0) {
    if (isNaN(tx) || isNaN(tz)) {
      console.error(`[Actor $
[UnitCore.js] Unit Created ID:7 Role:worker Pos:12,12 Special:false
[UnitCore.js] Unit Created ID:7 Role:worker Pos:12,12
[UnitCore.js] Unit Construction Finished ID:7
[Entity 33] CONSTRUCTOR START: type=unit at 12,12
[Entity 33] Calling registerEntity...
[Entity 33] registerEntity returned.
[Entity 33] Calling updatePosition...
[Entity 33] updatePosition returned.
[DIAG] Actor Created ID: 33
[DIAG] Actor smartMove type: function
[DIAG] Actor smartMove body snapshot: smartMove(tx, tz, time, depth = 0) {
    if (isNaN(tx) || isNaN(tz)) {
      console.error(`[Actor $
[UnitCore.js] Unit Created ID:8 Role:worker Pos:12,12 Special:false
[UnitCore.js] Unit Created ID:8 Role:worker Pos:12,12
[UnitCore.js] Unit Construction Finished ID:8
[Entity 34] CONSTRUCTOR START: type=unit at 12,12
[Entity 34] Calling registerEntity...
[Entity 34] registerEntity returned.
[Entity 34] Calling updatePosition...
[Entity 34] updatePosition returned.
[DIAG] Actor Created ID: 34
[DIAG] Actor smartMove type: function
[DIAG] Actor smartMove body snapshot: smartMove(tx, tz, time, depth = 0) {
    if (isNaN(tx) || isNaN(tz)) {
      console.error(`[Actor $
[UnitCore.js] Unit Created ID:9 Role:worker Pos:12,12 Special:false
[UnitCore.js] Unit Created ID:9 Role:worker Pos:12,12
[UnitCore.js] Unit Construction Finished ID:9
[Entity 35] CONSTRUCTOR START: type=unit at 12,12
[Entity 35] Calling registerEntity...
[Entity 35] registerEntity returned.
[Entity 35] Calling updatePosition...
[Entity 35] updatePosition returned.
[DIAG] Actor Created ID: 35
[DIAG] Actor smartMove type: function
[DIAG] Actor smartMove body snapshot: smartMove(tx, tz, time, depth = 0) {
    if (isNaN(tx) || isNaN(tz)) {
      console.error(`[Actor $
[UnitCore.js] Unit Created ID:10 Role:worker Pos:12,12 Special:false
[UnitCore.js] Unit Created ID:10 Role:worker Pos:12,12
[UnitCore.js] Unit Construction Finished ID:10
[Entity 36] CONSTRUCTOR START: type=unit at 12,12
[Entity 36] Calling registerEntity...
[Entity 36] registerEntity returned.
[Entity 36] Calling updatePosition...
[Entity 36] updatePosition returned.
[DIAG] Actor Created ID: 36
[DIAG] Actor smartMove type: function
[DIAG] Actor smartMove body snapshot: smartMove(tx, tz, time, depth = 0) {
    if (isNaN(tx) || isNaN(tz)) {
      console.error(`[Actor $
[UnitCore.js] Unit Created ID:11 Role:worker Pos:12,12 Special:false
[UnitCore.js] Unit Created ID:11 Role:worker Pos:12,12
[UnitCore.js] Unit Construction Finished ID:11
[Entity 37] CONSTRUCTOR START: type=unit at 12,12
[Entity 37] Calling registerEntity...
[Entity 37] registerEntity returned.
[Entity 37] Calling updatePosition...
[Entity 37] updatePosition returned.
[DIAG] Actor Created ID: 37
[DIAG] Actor smartMove type: function
[DIAG] Actor smartMove body snapshot: smartMove(tx, tz, time, depth = 0) {
    if (isNaN(tx) || isNaN(tz)) {
      console.error(`[Actor $
[UnitCore.js] Unit Created ID:12 Role:worker Pos:12,12 Special:false
[UnitCore.js] Unit Created ID:12 Role:worker Pos:12,12
[UnitCore.js] Unit Construction Finished ID:12
[Entity 38] CONSTRUCTOR START: type=unit at 12,12
[Entity 38] Calling registerEntity...
[Entity 38] registerEntity returned.
[Entity 38] Calling updatePosition...
[Entity 38] updatePosition returned.
[DIAG] Actor Created ID: 38
[DIAG] Actor smartMove type: function
[DIAG] Actor smartMove body snapshot: smartMove(tx, tz, time, depth = 0) {
    if (isNaN(tx) || isNaN(tz)) {
      console.error(`[Actor $
[UnitCore.js] Unit Created ID:13 Role:worker Pos:12,12 Special:false
[UnitCore.js] Unit Created ID:13 Role:worker Pos:12,12
[UnitCore.js] Unit Construction Finished ID:13
[Entity 39] CONSTRUCTOR START: type=unit at 12,12
[Entity 39] Calling registerEntity...
[Entity 39] registerEntity returned.
[Entity 39] Calling updatePosition...
[Entity 39] updatePosition returned.
[DIAG] Actor Created ID: 39
[DIAG] Actor smartMove type: function
[DIAG] Actor smartMove body snapshot: smartMove(tx, tz, time, depth = 0) {
    if (isNaN(tx) || isNaN(tz)) {
      console.error(`[Actor $
[UnitCore.js] Unit Created ID:14 Role:worker Pos:12,12 Special:false
[UnitCore.js] Unit Created ID:14 Role:worker Pos:12,12
[UnitCore.js] Unit Construction Finished ID:14
[Entity 40] CONSTRUCTOR START: type=unit at 12,12
[Entity 40] Calling registerEntity...
[Entity 40] registerEntity returned.
[Entity 40] Calling updatePosition...
[Entity 40] updatePosition returned.
[DIAG] Actor Created ID: 40
[DIAG] Actor smartMove type: function
[DIAG] Actor smartMove body snapshot: smartMove(tx, tz, time, depth = 0) {
    if (isNaN(tx) || isNaN(tz)) {
      console.error(`[Actor $
[UnitCore.js] Unit Created ID:15 Role:worker Pos:12,12 Special:false
[UnitCore.js] Unit Created ID:15 Role:worker Pos:12,12
[UnitCore.js] Unit Construction Finished ID:15
[Entity 41] CONSTRUCTOR START: type=unit at 12,12
[Entity 41] Calling registerEntity...
[Entity 41] registerEntity returned.
[Entity 41] Calling updatePosition...
[Entity 41] updatePosition returned.
[DIAG] Actor Created ID: 41
[DIAG] Actor smartMove type: function
[DIAG] Actor smartMove body snapshot: smartMove(tx, tz, time, depth = 0) {
    if (isNaN(tx) || isNaN(tz)) {
      console.error(`[Actor $
[UnitCore.js] Unit Created ID:16 Role:worker Pos:12,12 Special:false
[UnitCore.js] Unit Created ID:16 Role:worker Pos:12,12
[UnitCore.js] Unit Construction Finished ID:16
[Entity 42] CONSTRUCTOR START: type=unit at 12,12
[Entity 42] Calling registerEntity...
[Entity 42] registerEntity returned.
[Entity 42] Calling updatePosition...
[Entity 42] updatePosition returned.
[DIAG] Actor Created ID: 42
[DIAG] Actor smartMove type: function
[DIAG] Actor smartMove body snapshot: smartMove(tx, tz, time, depth = 0) {
    if (isNaN(tx) || isNaN(tz)) {
      console.error(`[Actor $
[UnitCore.js] Unit Created ID:17 Role:worker Pos:12,12 Special:false
[UnitCore.js] Unit Created ID:17 Role:worker Pos:12,12
[UnitCore.js] Unit Construction Finished ID:17
[Entity 43] CONSTRUCTOR START: type=unit at 12,12
[Entity 43] Calling registerEntity...
[Entity 43] registerEntity returned.
[Entity 43] Calling updatePosition...
[Entity 43] updatePosition returned.
[DIAG] Actor Created ID: 43
[DIAG] Actor smartMove type: function
[DIAG] Actor smartMove body snapshot: smartMove(tx, tz, time, depth = 0) {
    if (isNaN(tx) || isNaN(tz)) {
      console.error(`[Actor $
[UnitCore.js] Unit Created ID:18 Role:worker Pos:12,12 Special:false
[UnitCore.js] Unit Created ID:18 Role:worker Pos:12,12
[UnitCore.js] Unit Construction Finished ID:18
[Entity 44] CONSTRUCTOR START: type=unit at 12,12
[Entity 44] Calling registerEntity...
[Entity 44] registerEntity returned.
[Entity 44] Calling updatePosition...
[Entity 44] updatePosition returned.
[DIAG] Actor Created ID: 44
[DIAG] Actor smartMove type: function
[DIAG] Actor smartMove body snapshot: smartMove(tx, tz, time, depth = 0) {
    if (isNaN(tx) || isNaN(tz)) {
      console.error(`[Actor $
[UnitCore.js] Unit Created ID:19 Role:worker Pos:12,12 Special:false
[UnitCore.js] Unit Created ID:19 Role:worker Pos:12,12
[UnitCore.js] Unit Construction Finished ID:19
[Entity 45] CONSTRUCTOR START: type=unit at 12,12
[Entity 45] Calling registerEntity...
[Entity 45] registerEntity returned.
[Entity 45] Calling updatePosition...
[Entity 45] updatePosition returned.
[DIAG] Actor Created ID: 45
[DIAG] Actor smartMove type: function
[DIAG] Actor smartMove body snapshot: smartMove(tx, tz, time, depth = 0) {
    if (isNaN(tx) || isNaN(tz)) {
      console.error(`[Actor $
[UnitCore.js] Unit Created ID:20 Role:worker Pos:12,12 Special:false
[UnitCore.js] Unit Created ID:20 Role:worker Pos:12,12
[UnitCore.js] Unit Construction Finished ID:20
[Entity 46] CONSTRUCTOR START: type=unit at 12,12
[Entity 46] Calling registerEntity...
[Entity 46] registerEntity returned.
[Entity 46] Calling updatePosition...
[Entity 46] updatePosition returned.
[DIAG] Actor Created ID: 46
[DIAG] Actor smartMove type: function
[DIAG] Actor smartMove body snapshot: smartMove(tx, tz, time, depth = 0) {
    if (isNaN(tx) || isNaN(tz)) {
      console.error(`[Actor $
[UnitCore.js] Unit Created ID:21 Role:worker Pos:12,12 Special:false
[UnitCore.js] Unit Created ID:21 Role:worker Pos:12,12
[UnitCore.js] Unit Construction Finished ID:21
[Entity 47] CONSTRUCTOR START: type=unit at 12,12
[Entity 47] Calling registerEntity...
[Entity 47] registerEntity returned.
[Entity 47] Calling updatePosition...
[Entity 47] updatePosition returned.
[DIAG] Actor Created ID: 47
[DIAG] Actor smartMove type: function
[DIAG] Actor smartMove body snapshot: smartMove(tx, tz, time, depth = 0) {
    if (isNaN(tx) || isNaN(tz)) {
      console.error(`[Actor $
[UnitCore.js] Unit Created ID:22 Role:worker Pos:12,12 Special:false
[UnitCore.js] Unit Created ID:22 Role:worker Pos:12,12
[UnitCore.js] Unit Construction Finished ID:22
[Entity 48] CONSTRUCTOR START: type=unit at 12,12
[Entity 48] Calling registerEntity...
[Entity 48] registerEntity returned.
[Entity 48] Calling updatePosition...
[Entity 48] updatePosition returned.
[DIAG] Actor Created ID: 48
[DIAG] Actor smartMove type: function
[DIAG] Actor smartMove body snapshot: smartMove(tx, tz, time, depth = 0) {
    if (isNaN(tx) || isNaN(tz)) {
      console.error(`[Actor $
[UnitCore.js] Unit Created ID:23 Role:worker Pos:12,12 Special:false
[UnitCore.js] Unit Created ID:23 Role:worker Pos:12,12
[UnitCore.js] Unit Construction Finished ID:23
[Entity 49] CONSTRUCTOR START: type=unit at 12,12
[Entity 49] Calling registerEntity...
[Entity 49] registerEntity returned.
[Entity 49] Calling updatePosition...
[Entity 49] updatePosition returned.
[DIAG] Actor Created ID: 49
[DIAG] Actor smartMove type: function
[DIAG] Actor smartMove body snapshot: smartMove(tx, tz, time, depth = 0) {
    if (isNaN(tx) || isNaN(tz)) {
      console.error(`[Actor $
[UnitCore.js] Unit Created ID:24 Role:worker Pos:12,12 Special:false
[UnitCore.js] Unit Created ID:24 Role:worker Pos:12,12
[UnitCore.js] Unit Construction Finished ID:24
[Entity 50] CONSTRUCTOR START: type=unit at 12,12
[Entity 50] Calling registerEntity...
[Entity 50] registerEntity returned.
[Entity 50] Calling updatePosition...
[Entity 50] updatePosition returned.
[DIAG] Actor Created ID: 50
[DIAG] Actor smartMove type: function
[DIAG] Actor smartMove body snapshot: smartMove(tx, tz, time, depth = 0) {
    if (isNaN(tx) || isNaN(tz)) {
      console.error(`[Actor $
[UnitCore.js] Unit Created ID:25 Role:worker Pos:12,12 Special:false
[UnitCore.js] Unit Created ID:25 Role:worker Pos:12,12
[UnitCore.js] Unit Construction Finished ID:25
[Entity 51] CONSTRUCTOR START: type=unit at 12,12
[Entity 51] Calling registerEntity...
[Entity 51] registerEntity returned.
[Entity 51] Calling updatePosition...
[Entity 51] updatePosition returned.
[DIAG] Actor Created ID: 51
[DIAG] Actor smartMove type: function
[DIAG] Actor smartMove body snapshot: smartMove(tx, tz, time, depth = 0) {
    if (isNaN(tx) || isNaN(tz)) {
      console.error(`[Actor $
[UnitCore.js] Unit Created ID:26 Role:worker Pos:12,12 Special:false
[UnitCore.js] Unit Created ID:26 Role:worker Pos:12,12
[UnitCore.js] Unit Construction Finished ID:26
Unit 7 (worker) DIED. R.I.P.
Goblin hit Unit! Dmg: 80 UnitHP: 0 
Unit hit Goblin! Dmg: 12 GoblinHP: 1570
Unit hit Goblin! Dmg: 12 GoblinHP: 1558
Unit hit Goblin! Dmg: 12 GoblinHP: 1546
Unit hit Goblin! Dmg: 12 GoblinHP: 1534
Unit hit Goblin! Dmg: 12 GoblinHP: 1522
Unit hit Goblin! Dmg: 12 GoblinHP: 1510
Unit hit Goblin! Dmg: 12 GoblinHP: 1498
Unit hit Goblin! Dmg: 12 GoblinHP: 1486
Unit hit Goblin! Dmg: 12 GoblinHP: 1474
Unit hit Goblin! Dmg: 12 GoblinHP: 1462
Unit hit Goblin! Dmg: 12 GoblinHP: 1450
Unit hit Goblin! Dmg: 12 GoblinHP: 1438
Unit hit Goblin! Dmg: 12 GoblinHP: 1426
Unit hit Goblin! Dmg: 12 GoblinHP: 1414
Unit hit Goblin! Dmg: 12 GoblinHP: 1402
Unit hit Goblin! Dmg: 12 GoblinHP: 1390
Unit hit Goblin! Dmg: 12 GoblinHP: 1378
Unit hit Goblin! Dmg: 12 GoblinHP: 1366
Unit hit Goblin! Dmg: 12 GoblinHP: 1354
Unit 8 (worker) DIED. R.I.P.
Goblin hit Unit! Dmg: 80 UnitHP: 0 
Unit hit Goblin! Dmg: 12 GoblinHP: 1336.0183333333346
Unit hit Goblin! Dmg: 12 GoblinHP: 1324.0183333333346
Unit hit Goblin! Dmg: 12 GoblinHP: 1312.0183333333346
Unit hit Goblin! Dmg: 12 GoblinHP: 1300.0183333333346
Unit hit Goblin! Dmg: 12 GoblinHP: 1288.0183333333346
Unit hit Goblin! Dmg: 12 GoblinHP: 1276.0183333333346
Unit hit Goblin! Dmg: 12 GoblinHP: 1264.0183333333346
Unit hit Goblin! Dmg: 12 GoblinHP: 1252.0183333333346
Unit hit Goblin! Dmg: 12 GoblinHP: 1240.0183333333346
Unit hit Goblin! Dmg: 12 GoblinHP: 1228.0183333333346
Unit hit Goblin! Dmg: 12 GoblinHP: 1216.0183333333346
Unit hit Goblin! Dmg: 12 GoblinHP: 1204.0183333333346
Unit hit Goblin! Dmg: 12 GoblinHP: 1192.0183333333346
Unit hit Goblin! Dmg: 12 GoblinHP: 1180.0183333333346
Unit hit Goblin! Dmg: 12 GoblinHP: 1168.0183333333346
Unit hit Goblin! Dmg: 12 GoblinHP: 1156.0183333333346
Unit hit Goblin! Dmg: 12 GoblinHP: 1144.0183333333346
Unit hit Goblin! Dmg: 12 GoblinHP: 1132.0183333333346
Unit 9 (worker) DIED. R.I.P.
Goblin hit Unit! Dmg: 80 UnitHP: 0 
[GoblinCombat 31] Target Unit Dead. Switching to Raid.
Unit hit Goblin! Dmg: 12 GoblinHP: 1114.0366666666691
Unit hit Goblin! Dmg: 12 GoblinHP: 1102.0366666666691
Unit hit Goblin! Dmg: 12 GoblinHP: 1090.0366666666691
Unit hit Goblin! Dmg: 12 GoblinHP: 1078.0366666666691
Unit hit Goblin! Dmg: 12 GoblinHP: 1066.0366666666691
Unit hit Goblin! Dmg: 12 GoblinHP: 1054.0366666666691
Unit hit Goblin! Dmg: 12 GoblinHP: 1042.0366666666691
Unit hit Goblin! Dmg: 12 GoblinHP: 1030.0366666666691
Unit hit Goblin! Dmg: 12 GoblinHP: 1018.0366666666691
Unit hit Goblin! Dmg: 12 GoblinHP: 1006.0366666666691
Unit hit Goblin! Dmg: 12 GoblinHP: 994.0366666666691
Unit hit Goblin! Dmg: 12 GoblinHP: 982.0366666666691
Unit hit Goblin! Dmg: 12 GoblinHP: 970.0366666666691
Unit hit Goblin! Dmg: 12 GoblinHP: 958.0366666666691
Unit hit Goblin! Dmg: 12 GoblinHP: 946.0366666666691
Unit hit Goblin! Dmg: 12 GoblinHP: 934.0366666666691
Unit hit Goblin! Dmg: 12 GoblinHP: 922.0366666666691
Unit 10 (worker) DIED. R.I.P.
Goblin hit Unit! Dmg: 80 UnitHP: 0 
Unit hit Goblin! Dmg: 12 GoblinHP: 904.0550000000025
Unit hit Goblin! Dmg: 12 GoblinHP: 892.0550000000025
Unit hit Goblin! Dmg: 12 GoblinHP: 880.0550000000025
Unit hit Goblin! Dmg: 12 GoblinHP: 868.0550000000025
Unit hit Goblin! Dmg: 12 GoblinHP: 856.0550000000025
Unit hit Goblin! Dmg: 12 GoblinHP: 844.0550000000025
Unit hit Goblin! Dmg: 12 GoblinHP: 832.0550000000025
Unit hit Goblin! Dmg: 12 GoblinHP: 820.0550000000025
Unit hit Goblin! Dmg: 12 GoblinHP: 808.0550000000025
Unit hit Goblin! Dmg: 12 GoblinHP: 796.0550000000025
Unit hit Goblin! Dmg: 12 GoblinHP: 784.0550000000025
Unit hit Goblin! Dmg: 12 GoblinHP: 772.0550000000025
Unit hit Goblin! Dmg: 12 GoblinHP: 760.0550000000025
Unit hit Goblin! Dmg: 12 GoblinHP: 748.0550000000025
Unit hit Goblin! Dmg: 12 GoblinHP: 736.0550000000025
Unit hit Goblin! Dmg: 12 GoblinHP: 724.0550000000025
Unit hit Goblin! Dmg: 12 GoblinHP: 712.0733333333358
Unit hit Goblin! Dmg: 12 GoblinHP: 700.0733333333358
Unit hit Goblin! Dmg: 12 GoblinHP: 688.0733333333358
Unit hit Goblin! Dmg: 12 GoblinHP: 676.0733333333358
Unit hit Goblin! Dmg: 12 GoblinHP: 664.0733333333358
Unit hit Goblin! Dmg: 12 GoblinHP: 652.0733333333358
Unit hit Goblin! Dmg: 12 GoblinHP: 640.0733333333358
Unit hit Goblin! Dmg: 12 GoblinHP: 628.0733333333358
Unit hit Goblin! Dmg: 12 GoblinHP: 616.0733333333358
Unit hit Goblin! Dmg: 12 GoblinHP: 604.0733333333358
Unit hit Goblin! Dmg: 12 GoblinHP: 592.0733333333358
Unit hit Goblin! Dmg: 12 GoblinHP: 580.0733333333358
Unit hit Goblin! Dmg: 12 GoblinHP: 568.0733333333358
Unit hit Goblin! Dmg: 12 GoblinHP: 556.0733333333358
Unit hit Goblin! Dmg: 12 GoblinHP: 544.0733333333358
Unit hit Goblin! Dmg: 12 GoblinHP: 532.0733333333358
Unit 11 (worker) DIED. R.I.P.
Goblin hit Unit! Dmg: 80 UnitHP: 0 
Unit hit Goblin! Dmg: 12 GoblinHP: 514.0916666666691
Unit hit Goblin! Dmg: 12 GoblinHP: 502.0916666666691
Unit hit Goblin! Dmg: 12 GoblinHP: 490.0916666666691
Unit hit Goblin! Dmg: 12 GoblinHP: 478.0916666666691
Unit hit Goblin! Dmg: 12 GoblinHP: 466.0916666666691
Unit hit Goblin! Dmg: 12 GoblinHP: 454.0916666666691
Unit hit Goblin! Dmg: 12 GoblinHP: 442.0916666666691
Unit hit Goblin! Dmg: 12 GoblinHP: 430.0916666666691
Unit hit Goblin! Dmg: 12 GoblinHP: 418.0916666666691
Unit hit Goblin! Dmg: 12 GoblinHP: 406.0916666666691
Unit hit Goblin! Dmg: 12 GoblinHP: 394.0916666666691
Unit hit Goblin! Dmg: 12 GoblinHP: 382.0916666666691
Unit hit Goblin! Dmg: 12 GoblinHP: 370.0916666666691
Unit hit Goblin! Dmg: 12 GoblinHP: 358.0916666666691
Unit hit Goblin! Dmg: 12 GoblinHP: 346.0916666666691
Unit 12 (worker) DIED. R.I.P.
Goblin hit Unit! Dmg: 80 UnitHP: 0 
Unit hit Goblin! Dmg: 12 GoblinHP: 328.1100000000024
Unit hit Goblin! Dmg: 12 GoblinHP: 316.1100000000024
Unit hit Goblin! Dmg: 12 GoblinHP: 304.1100000000024
Unit hit Goblin! Dmg: 12 GoblinHP: 292.1100000000024
Unit hit Goblin! Dmg: 12 GoblinHP: 280.1100000000024
Unit hit Goblin! Dmg: 12 GoblinHP: 268.1100000000024
Unit hit Goblin! Dmg: 12 GoblinHP: 256.1100000000024
Unit hit Goblin! Dmg: 12 GoblinHP: 244.1100000000024
Unit hit Goblin! Dmg: 12 GoblinHP: 232.1100000000024
Unit hit Goblin! Dmg: 12 GoblinHP: 220.1100000000024
Unit hit Goblin! Dmg: 12 GoblinHP: 208.1100000000024
Unit hit Goblin! Dmg: 12 GoblinHP: 196.1100000000024
Unit hit Goblin! Dmg: 12 GoblinHP: 184.1100000000024
Unit hit Goblin! Dmg: 12 GoblinHP: 172.1100000000024
Unit 13 (worker) DIED. R.I.P.
Goblin hit Unit! Dmg: 80 UnitHP: 0 
[GoblinCombat 31] Target Unit Dead. Switching to Raid.
Unit hit Goblin! Dmg: 12 GoblinHP: 154.12833333333572
Unit hit Goblin! Dmg: 12 GoblinHP: 142.12833333333572
Unit hit Goblin! Dmg: 12 GoblinHP: 130.12833333333572
Unit hit Goblin! Dmg: 12 GoblinHP: 118.12833333333572
Unit hit Goblin! Dmg: 12 GoblinHP: 106.12833333333572
Unit hit Goblin! Dmg: 12 GoblinHP: 94.12833333333572
Unit hit Goblin! Dmg: 12 GoblinHP: 82.12833333333572
Unit hit Goblin! Dmg: 12 GoblinHP: 70.12833333333572
Unit hit Goblin! Dmg: 12 GoblinHP: 58.12833333333572
Unit hit Goblin! Dmg: 12 GoblinHP: 46.12833333333572
Unit hit Goblin! Dmg: 12 GoblinHP: 34.12833333333572
Unit hit Goblin! Dmg: 12 GoblinHP: 22.128333333335718
Unit hit Goblin! Dmg: 12 GoblinHP: 10.128333333335718
Unit 14 (worker) DIED. R.I.P.
Goblin hit Unit! Dmg: 80 UnitHP: 0 
Unit hit Goblin! Dmg: 12 GoblinHP: -7.853333333330946
Survivors -> Workers: 12, King: Dead

[90mstdout[2m | src/tests/GroupCombat.test.js[2m > [22m[2mGroup Combat Simulations[2m > [22m[2mScenario 7: Shaman vs 1 Worker (Shaman Snipes)
[22m[39mDisposing detached game instance

[90mstdout[2m | src/tests/GroupCombat.test.js[2m > [22m[2mGroup Combat Simulations[2m > [22m[2mScenario 7: Shaman vs 1 Worker (Shaman Snipes)
[22m[39m
[Scenario 7] Shaman vs 1 Worker
[Entity 52] CONSTRUCTOR START: type=unit at 10,10
[Entity 52] Calling registerEntity...
[Entity 52] registerEntity returned.
[Entity 52] Calling updatePosition...
[Entity 52] updatePosition returned.
[DIAG] Actor Created ID: 52
[DIAG] Actor smartMove type: function
[DIAG] Actor smartMove body snapshot: smartMove(tx, tz, time, depth = 0) {
    if (isNaN(tx) || isNaN(tz)) {
      console.error(`[Actor $
[UnitCore.js] Unit Created ID:27 Role:worker Pos:10,10 Special:false
[UnitCore.js] Unit Created ID:27 Role:worker Pos:10,10
[UnitCore.js] Unit Construction Finished ID:27
[Entity 53] CONSTRUCTOR START: type=goblin at 18,18
[Entity 53] Calling registerEntity...
[Entity 53] registerEntity returned.
[Entity 53] Calling updatePosition...
[Entity 53] updatePosition returned.
[DIAG] Actor Created ID: 53
[DIAG] Actor smartMove type: function
[DIAG] Actor smartMove body snapshot: smartMove(tx, tz, time, depth = 0) {
    if (isNaN(tx) || isNaN(tz)) {
      console.error(`[Actor $
[Actor 53] Resetting Unreachable (Target changed or initializing)
Goblin hit Unit! Dmg: 35 UnitHP: 21 
Unit hit Goblin! Dmg: 12 GoblinHP: 68
Unit 27 (worker) DIED. R.I.P.
Goblin hit Unit! Dmg: 35 UnitHP: 0 
Survivor: Shaman
[Actor 53] Pathfinding SUCCESS: Got 1 nodes to 10.8,10.8
[Entity 53] startMove -> isMoving:true. Target:10.8,10.8 StartTime:0.0000

[90mstdout[2m | src/tests/ManualAssignment.test.js[2m > [22m[2mManual Assignment Debugging[2m > [22m[2mshould assign a manual request to an Idle worker
[22m[39m[Game] Init SphereGeometry
[Game] Initializing Full Three.js components...
[Game] Debug Levels: [
  {
    levelId: [33m1[39m,
    title: [32m'The Beginning'[39m,
    mapWidth: [33m120[39m,
    mapDepth: [33m120[39m,
    initialState: {
      unitCount: [33m1[39m,
      hasEnemyBase: [33mfalse[39m,
      hasEnemyGuard: [33mfalse[39m,
      goblinCaves: [33m1[39m
    },
    generation: {
      rockHeight: [33m9[39m,
      moistureBase: [33m0.55[39m,
      treeDensity: [33m0.2[39m,
      landRatio: [33m0.6[39m
    }
  },
  {
    levelId: [33m2[39m,
    title: [32m'Expansion'[39m,
    mapWidth: [33m120[39m,
    mapDepth: [33m120[39m,
    initialState: {
      unitCount: [33m5[39m,
      hasEnemyBase: [33mtrue[39m,
      hasEnemyGuard: [33mfalse[39m,
      goblinCaves: [33m3[39m
    },
    generation: {
      rockHeight: [33m12[39m,
      moistureBase: [33m0.4[39m,
      treeDensity: [33m0.8[39m,
      landRatio: [33m0.6[39m
    }
  },
  {
    levelId: [33m3[39m,
    title: [32m'Warfare'[39m,
    mapWidth: [33m160[39m,
    mapDepth: [33m160[39m,
    initialState: {
      unitCount: [33m8[39m,
      hasEnemyBase: [33mtrue[39m,
      hasEnemyGuard: [33mtrue[39m,
      goblinCaves: [33m5[39m
    },
    generation: {
      rockHeight: [33m10[39m,
      moistureBase: [33m0.6[39m,
      treeDensity: [33m1[39m,
      landRatio: [33m0.4[39m
    }
  }
]
[Game] Init CloudManager
[Game] Init BirdManager
[Game] Init SheepManager
[Game] Init GoblinManager
[Game] Init FishManager
[Game] Init Minimap
[Game] Init Compass
[Game] Init WeatherManager
[Game] Init SeaDecorationRenderer
[Game] Init UnitRenderer
[Game] Init BuildingRenderer
[Game] Init GoblinRenderer
[Game] Init TreeRenderer
[Game] Init PerformanceMonitor
[Game] Generating Preview Terrain...
[Game] Preview Ready.

[90mstdout[2m | src/tests/GroupCombat.test.js[2m > [22m[2mGroup Combat Simulations[2m > [22m[2mScenario 8: King vs House (King Smashes)
[22m[39mDisposing detached game instance

[90mstdout[2m | src/tests/GroupCombat.test.js[2m > [22m[2mGroup Combat Simulations[2m > [22m[2mScenario 8: King vs House (King Smashes)
[22m[39m
[Scenario 8] King vs House
[Entity 54] CONSTRUCTOR START: type=goblin at 12,12
[Entity 54] Calling registerEntity...
[Entity 54] registerEntity returned.
[Entity 54] Calling updatePosition...
[Entity 54] updatePosition returned.
[DIAG] Actor Created ID: 54
[DIAG] Actor smartMove type: function
[DIAG] Actor smartMove body snapshot: smartMove(tx, tz, time, depth = 0) {
    if (isNaN(tx) || isNaN(tz)) {
      console.error(`[Actor $
Goblin Raid: House population reduced. Rem: 2 
Goblin Raid: House population reduced. Rem: -6 
Goblin destroyed Building house (Legacy)!
Goblin 54 destroyed house !
King Status: HP 1583.0816666666722, House Destroyed

[90mstdout[2m | src/tests/GroupCombat.test.js[2m > [22m[2mGroup Combat Simulations[2m > [22m[2mScenario 9: 3 Goblins vs Building Class House (House Defends)
[22m[39mDisposing detached game instance

stderr | src/tests/ManualAssignment.test.js > Manual Assignment Debugging > should assign a manual request to an Idle worker
FATAL INIT ERROR: TypeError: Cannot read properties of undefined (reading 'set')
    at C:/Users/mooya/develop/test/src/Game.ts:692:42
    at new Game (C:/Users/mooya/develop/test/src/Game.ts:707:9)
    at C:/Users/mooya/develop/test/src/tests/ManualAssignment.test.js:82:16
    at file:///C:/Users/mooya/develop/test/node_modules/@vitest/runner/dist/index.js:145:11
    at file:///C:/Users/mooya/develop/test/node_modules/@vitest/runner/dist/index.js:1240:20
    at new Promise (<anonymous>)
    at runWithTimeout (file:///C:/Users/mooya/develop/test/node_modules/@vitest/runner/dist/index.js:1206:10)
    at runHook (file:///C:/Users/mooya/develop/test/node_modules/@vitest/runner/dist/index.js:1511:51)
    at callSuiteHook (file:///C:/Users/mooya/develop/test/node_modules/@vitest/runner/dist/index.js:1517:25)
    at runTest (file:///C:/Users/mooya/develop/test/node_modules/@vitest/runner/dist/index.js:1642:26)

stderr | src/tests/GroupCombat.test.js > Group Combat Simulations > Scenario 9: 3 Goblins vs Building Class House (House Defends)
[Goblin.js] Dying due to low height: 0 at 11,11 
[Goblin.js] Dying due to low height: 0 at 11,11 
[Goblin.js] Dying due to low height: 0 at 11,11 

[90mstdout[2m | src/tests/GroupCombat.test.js[2m > [22m[2mGroup Combat Simulations[2m > [22m[2mScenario 9: 3 Goblins vs Building Class House (House Defends)
[22m[39m
[Scenario 9] 3 Goblins vs Building Class (Defense Check)
[Entity 55] CONSTRUCTOR START: type=building at 10,10
[Entity 55] Calling registerEntity...
[Entity 55] registerEntity returned.
[Entity 55] Calling updatePosition...
[Entity 55] updatePosition returned.
[Entity 56] CONSTRUCTOR START: type=goblin at 11,11
[Entity 56] Calling registerEntity...
[Entity 56] registerEntity returned.
[Entity 56] Calling updatePosition...
[Entity 56] updatePosition returned.
[DIAG] Actor Created ID: 56
[DIAG] Actor smartMove type: function
[DIAG] Actor smartMove body snapshot: smartMove(tx, tz, time, depth = 0) {
    if (isNaN(tx) || isNaN(tz)) {
      console.error(`[Actor $
[Entity 57] CONSTRUCTOR START: type=goblin at 11,11
[Entity 57] Calling registerEntity...
[Entity 57] registerEntity returned.
[Entity 57] Calling updatePosition...
[Entity 57] updatePosition returned.
[DIAG] Actor Created ID: 57
[DIAG] Actor smartMove type: function
[DIAG] Actor smartMove body snapshot: smartMove(tx, tz, time, depth = 0) {
    if (isNaN(tx) || isNaN(tz)) {
      console.error(`[Actor $
[Entity 58] CONSTRUCTOR START: type=goblin at 11,11
[Entity 58] Calling registerEntity...
[Entity 58] registerEntity returned.
[Entity 58] Calling updatePosition...
[Entity 58] updatePosition returned.
[DIAG] Actor Created ID: 58
[DIAG] Actor smartMove type: function
[DIAG] Actor smartMove body snapshot: smartMove(tx, tz, time, depth = 0) {
    if (isNaN(tx) || isNaN(tz)) {
      console.error(`[Actor $
Goblin(normal) died.ID:56 
[Building 55] takeDamage ENTER: amount=10, hp=100
[Building] house(55) took 10 dmg. Pop: 9. Retaliation: 36
[Goblin 56] AttackBuilding Result - BldgType: house, HP: 90, Pop: 9, isDestroyed: false 
Goblin(normal) died.ID:57 
[Building 55] takeDamage ENTER: amount=10, hp=90
[Building] house(55) took 10 dmg. Pop: 8. Retaliation: 32
[Goblin 57] AttackBuilding Result - BldgType: house, HP: 80, Pop: 8, isDestroyed: false 
Goblin(normal) died.ID:58 
[Building 55] takeDamage ENTER: amount=10, hp=80
[Building] house(55) took 10 dmg. Pop: 7. Retaliation: 28
[Goblin 58] AttackBuilding Result - BldgType: house, HP: 70, Pop: 7, isDestroyed: false 
[Scenario 9] Survivors -> Goblins: 0, House Pop: 7

[90mstdout[2m | src/tests/ManualAssignment.test.js[2m > [22m[2mManual Assignment Debugging[2m > [22m[2mshould assign a manual request to an Idle worker
[22m[39m[Entity 0] CONSTRUCTOR START: type=unit at 0,0
[Entity 0] Calling updatePosition...
[Entity 0] updatePosition returned.
[DIAG] Actor Created ID: 0
[DIAG] Actor smartMove type: function
[DIAG] Actor smartMove body snapshot: smartMove(tx, tz, time, depth = 0) {
    if (isNaN(tx) || isNaN(tz)) {
      console.error(`[Actor $
[UnitCore.js] Unit Created ID:0 Role:worker Pos:0,0 Special:false
[Unit 0] State Change: None -> Wander
[UnitCore.js] Unit Created ID:0 Role:worker Pos:0,0
[UnitCore.js] Unit Construction Finished ID:0
[Game] Request Added: build at (10,10) ID:req_0
[Game] No worker in radius 80 for Manual Req req_0. Trying Global Scan...
[Actor 1] Resetting Unreachable (Target changed or initializing)

stderr | src/tests/ManualAssignment.test.js > Manual Assignment Debugging > should assign a manual request to an Idle worker
[Game] Warning: markerMaterial missing or invalid. Using fallback.

[90mstdout[2m | src/tests/ManualAssignment.test.js[2m > [22m[2mManual Assignment Debugging[2m > [22m[2mshould assign a manual request to an Idle worker
[22m[39m[Actor 1] Pathfinding SUCCESS: Got 1 nodes to 10,10
[Entity 1] startMove -> isMoving:true. Target:10,10 StartTime:0.0000

[90mstdout[2m | src/tests/ManualAssignment.test.js[2m > [22m[2mManual Assignment Debugging[2m > [22m[2mshould NOT assign to a Busy worker (already working)
[22m[39mDisposing detached game instance
[Game] Dispose called for Game Instance.

[90mstdout[2m | src/tests/ManualAssignment.test.js[2m > [22m[2mManual Assignment Debugging[2m > [22m[2mshould NOT assign to a Busy worker (already working)
[22m[39m[Game] Init SphereGeometry
[Game] Initializing Full Three.js components...
[Game] Debug Levels: [
  {
    levelId: [33m1[39m,
    title: [32m'The Beginning'[39m,
    mapWidth: [33m120[39m,
    mapDepth: [33m120[39m,
    initialState: {
      unitCount: [33m1[39m,
      hasEnemyBase: [33mfalse[39m,
      hasEnemyGuard: [33mfalse[39m,
      goblinCaves: [33m1[39m
    },
    generation: {
      rockHeight: [33m9[39m,
      moistureBase: [33m0.55[39m,
      treeDensity: [33m0.2[39m,
      landRatio: [33m0.6[39m
    }
  },
  {
    levelId: [33m2[39m,
    title: [32m'Expansion'[39m,
    mapWidth: [33m120[39m,
    mapDepth: [33m120[39m,
    initialState: {
      unitCount: [33m5[39m,
      hasEnemyBase: [33mtrue[39m,
      hasEnemyGuard: [33mfalse[39m,
      goblinCaves: [33m3[39m
    },
    generation: {
      rockHeight: [33m12[39m,
      moistureBase: [33m0.4[39m,
      treeDensity: [33m0.8[39m,
      landRatio: [33m0.6[39m
    }
  },
  {
    levelId: [33m3[39m,
    title: [32m'Warfare'[39m,
    mapWidth: [33m160[39m,
    mapDepth: [33m160[39m,
    initialState: {
      unitCount: [33m8[39m,
      hasEnemyBase: [33mtrue[39m,
      hasEnemyGuard: [33mtrue[39m,
      goblinCaves: [33m5[39m
    },
    generation: {
      rockHeight: [33m10[39m,
      moistureBase: [33m0.6[39m,
      treeDensity: [33m1[39m,
      landRatio: [33m0.4[39m
    }
  }
]
[Game] Init CloudManager
[Game] Init BirdManager
[Game] Init SheepManager
[Game] Init GoblinManager
[Game] Init FishManager
[Game] Init Minimap
[Game] Init Compass
[Game] Init WeatherManager
[Game] Init SeaDecorationRenderer
[Game] Init UnitRenderer
[Game] Init BuildingRenderer
[Game] Init GoblinRenderer
[Game] Init TreeRenderer
[Game] Init PerformanceMonitor
[Game] Generating Preview Terrain...
[Game] Preview Ready.

stderr | src/tests/ManualAssignment.test.js > Manual Assignment Debugging > should NOT assign to a Busy worker (already working)
FATAL INIT ERROR: TypeError: Cannot read properties of undefined (reading 'set')
    at C:/Users/mooya/develop/test/src/Game.ts:692:42
    at new Game (C:/Users/mooya/develop/test/src/Game.ts:707:9)
    at C:/Users/mooya/develop/test/src/tests/ManualAssignment.test.js:82:16
    at file:///C:/Users/mooya/develop/test/node_modules/@vitest/runner/dist/index.js:145:11
    at file:///C:/Users/mooya/develop/test/node_modules/@vitest/runner/dist/index.js:1240:20
    at new Promise (<anonymous>)
    at runWithTimeout (file:///C:/Users/mooya/develop/test/node_modules/@vitest/runner/dist/index.js:1206:10)
    at runHook (file:///C:/Users/mooya/develop/test/node_modules/@vitest/runner/dist/index.js:1511:51)
    at callSuiteHook (file:///C:/Users/mooya/develop/test/node_modules/@vitest/runner/dist/index.js:1517:25)
    at runTest (file:///C:/Users/mooya/develop/test/node_modules/@vitest/runner/dist/index.js:1642:26)

[90mstdout[2m | src/tests/ManualAssignment.test.js[2m > [22m[2mManual Assignment Debugging[2m > [22m[2mshould NOT assign to a Busy worker (already working)
[22m[39m[Entity 1] CONSTRUCTOR START: type=unit at 0,0
[Entity 1] Calling updatePosition...
[Entity 1] updatePosition returned.
[DIAG] Actor Created ID: 1
[DIAG] Actor smartMove type: function
[DIAG] Actor smartMove body snapshot: smartMove(tx, tz, time, depth = 0) {
    if (isNaN(tx) || isNaN(tz)) {
      console.error(`[Actor $
[UnitCore.js] Unit Created ID:1 Role:worker Pos:0,0 Special:false
[UnitCore.js] Unit Created ID:1 Role:worker Pos:0,0
[UnitCore.js] Unit Construction Finished ID:1
[Game] Request Added: build at (10,10) ID:req_0
[Game] No worker in radius 80 for Manual Req req_0. Trying Global Scan...

stderr | src/tests/ManualAssignment.test.js > Manual Assignment Debugging > should NOT assign to a Busy worker (already working)
[Game] Warning: markerMaterial missing or invalid. Using fallback.

[90mstdout[2m | src/tests/ManualAssignment.test.js[2m > [22m[2mManual Assignment Debugging[2m > [22m[2mshould assign to a Wandering worker (Low Priority)
[22m[39mDisposing detached game instance
[Game] Dispose called for Game Instance.

[90mstdout[2m | src/tests/RequestLifecycle.test.js
[22m[39m[DEBUG] Actor.ts loaded

[90mstdout[2m | src/tests/ManualAssignment.test.js[2m > [22m[2mManual Assignment Debugging[2m > [22m[2mshould assign to a Wandering worker (Low Priority)
[22m[39m[Game] Init SphereGeometry
[Game] Initializing Full Three.js components...
[Game] Debug Levels: [
  {
    levelId: [33m1[39m,
    title: [32m'The Beginning'[39m,
    mapWidth: [33m120[39m,
    mapDepth: [33m120[39m,
    initialState: {
      unitCount: [33m1[39m,
      hasEnemyBase: [33mfalse[39m,
      hasEnemyGuard: [33mfalse[39m,
      goblinCaves: [33m1[39m
    },
    generation: {
      rockHeight: [33m9[39m,
      moistureBase: [33m0.55[39m,
      treeDensity: [33m0.2[39m,
      landRatio: [33m0.6[39m
    }
  },
  {
    levelId: [33m2[39m,
    title: [32m'Expansion'[39m,
    mapWidth: [33m120[39m,
    mapDepth: [33m120[39m,
    initialState: {
      unitCount: [33m5[39m,
      hasEnemyBase: [33mtrue[39m,
      hasEnemyGuard: [33mfalse[39m,
      goblinCaves: [33m3[39m
    },
    generation: {
      rockHeight: [33m12[39m,
      moistureBase: [33m0.4[39m,
      treeDensity: [33m0.8[39m,
      landRatio: [33m0.6[39m
    }
  },
  {
    levelId: [33m3[39m,
    title: [32m'Warfare'[39m,
    mapWidth: [33m160[39m,
    mapDepth: [33m160[39m,
    initialState: {
      unitCount: [33m8[39m,
      hasEnemyBase: [33mtrue[39m,
      hasEnemyGuard: [33mtrue[39m,
      goblinCaves: [33m5[39m
    },
    generation: {
      rockHeight: [33m10[39m,
      moistureBase: [33m0.6[39m,
      treeDensity: [33m1[39m,
      landRatio: [33m0.4[39m
    }
  }
]
[Game] Init CloudManager
[Game] Init BirdManager
[Game] Init SheepManager
[Game] Init GoblinManager
[Game] Init FishManager
[Game] Init Minimap
[Game] Init Compass
[Game] Init WeatherManager
[Game] Init SeaDecorationRenderer
[Game] Init UnitRenderer
[Game] Init BuildingRenderer
[Game] Init GoblinRenderer
[Game] Init TreeRenderer
[Game] Init PerformanceMonitor
[Game] Generating Preview Terrain...
[Game] Preview Ready.

stderr | src/tests/ManualAssignment.test.js > Manual Assignment Debugging > should assign to a Wandering worker (Low Priority)
FATAL INIT ERROR: TypeError: Cannot read properties of undefined (reading 'set')
    at C:/Users/mooya/develop/test/src/Game.ts:692:42
    at new Game (C:/Users/mooya/develop/test/src/Game.ts:707:9)
    at C:/Users/mooya/develop/test/src/tests/ManualAssignment.test.js:82:16
    at file:///C:/Users/mooya/develop/test/node_modules/@vitest/runner/dist/index.js:145:11
    at file:///C:/Users/mooya/develop/test/node_modules/@vitest/runner/dist/index.js:1240:20
    at new Promise (<anonymous>)
    at runWithTimeout (file:///C:/Users/mooya/develop/test/node_modules/@vitest/runner/dist/index.js:1206:10)
    at runHook (file:///C:/Users/mooya/develop/test/node_modules/@vitest/runner/dist/index.js:1511:51)
    at callSuiteHook (file:///C:/Users/mooya/develop/test/node_modules/@vitest/runner/dist/index.js:1517:25)
    at runTest (file:///C:/Users/mooya/develop/test/node_modules/@vitest/runner/dist/index.js:1642:26)

[90mstdout[2m | src/tests/ManualAssignment.test.js[2m > [22m[2mManual Assignment Debugging[2m > [22m[2mshould assign to a Wandering worker (Low Priority)
[22m[39m[Entity 2] CONSTRUCTOR START: type=unit at 0,0
[Entity 2] Calling updatePosition...
[Entity 2] updatePosition returned.
[DIAG] Actor Created ID: 2
[DIAG] Actor smartMove type: function
[DIAG] Actor smartMove body snapshot: smartMove(tx, tz, time, depth = 0) {
    if (isNaN(tx) || isNaN(tz)) {
      console.error(`[Actor $
[UnitCore.js] Unit Created ID:2 Role:worker Pos:0,0 Special:false
[UnitCore.js] Unit Created ID:2 Role:worker Pos:0,0
[UnitCore.js] Unit Construction Finished ID:2
[Game] Request Added: build at (10,10) ID:req_0
[Game] No worker in radius 80 for Manual Req req_0. Trying Global Scan...
[Actor 1] Resetting Unreachable (Target changed or initializing)

stderr | src/tests/ManualAssignment.test.js > Manual Assignment Debugging > should assign to a Wandering worker (Low Priority)
[Game] Warning: markerMaterial missing or invalid. Using fallback.

[90mstdout[2m | src/tests/ManualAssignment.test.js[2m > [22m[2mManual Assignment Debugging[2m > [22m[2mshould assign to a Wandering worker (Low Priority)
[22m[39m[Actor 1] Pathfinding SUCCESS: Got 1 nodes to 10,10
[Entity 1] startMove -> isMoving:true. Target:10,10 StartTime:0.0000

[90mstdout[2m | src/tests/ManualAssignment.test.js[2m > [22m[2mManual Assignment Debugging[2m > [22m[2mshould assign to a Moving worker (Low Priority)
[22m[39mDisposing detached game instance
[Game] Dispose called for Game Instance.

[90mstdout[2m | src/tests/ManualAssignment.test.js[2m > [22m[2mManual Assignment Debugging[2m > [22m[2mshould assign to a Moving worker (Low Priority)
[22m[39m[Game] Init SphereGeometry
[Game] Initializing Full Three.js components...
[Game] Debug Levels: [
  {
    levelId: [33m1[39m,
    title: [32m'The Beginning'[39m,
    mapWidth: [33m120[39m,
    mapDepth: [33m120[39m,
    initialState: {
      unitCount: [33m1[39m,
      hasEnemyBase: [33mfalse[39m,
      hasEnemyGuard: [33mfalse[39m,
      goblinCaves: [33m1[39m
    },
    generation: {
      rockHeight: [33m9[39m,
      moistureBase: [33m0.55[39m,
      treeDensity: [33m0.2[39m,
      landRatio: [33m0.6[39m
    }
  },
  {
    levelId: [33m2[39m,
    title: [32m'Expansion'[39m,
    mapWidth: [33m120[39m,
    mapDepth: [33m120[39m,
    initialState: {
      unitCount: [33m5[39m,
      hasEnemyBase: [33mtrue[39m,
      hasEnemyGuard: [33mfalse[39m,
      goblinCaves: [33m3[39m
    },
    generation: {
      rockHeight: [33m12[39m,
      moistureBase: [33m0.4[39m,
      treeDensity: [33m0.8[39m,
      landRatio: [33m0.6[39m
    }
  },
  {
    levelId: [33m3[39m,
    title: [32m'Warfare'[39m,
    mapWidth: [33m160[39m,
    mapDepth: [33m160[39m,
    initialState: {
      unitCount: [33m8[39m,
      hasEnemyBase: [33mtrue[39m,
      hasEnemyGuard: [33mtrue[39m,
      goblinCaves: [33m5[39m
    },
    generation: {
      rockHeight: [33m10[39m,
      moistureBase: [33m0.6[39m,
      treeDensity: [33m1[39m,
      landRatio: [33m0.4[39m
    }
  }
]
[Game] Init CloudManager
[Game] Init BirdManager
[Game] Init SheepManager
[Game] Init GoblinManager
[Game] Init FishManager
[Game] Init Minimap
[Game] Init Compass
[Game] Init WeatherManager
[Game] Init SeaDecorationRenderer
[Game] Init UnitRenderer
[Game] Init BuildingRenderer
[Game] Init GoblinRenderer
[Game] Init TreeRenderer
[Game] Init PerformanceMonitor
[Game] Generating Preview Terrain...
[Game] Preview Ready.

stderr | src/tests/ManualAssignment.test.js > Manual Assignment Debugging > should assign to a Moving worker (Low Priority)
FATAL INIT ERROR: TypeError: Cannot read properties of undefined (reading 'set')
    at C:/Users/mooya/develop/test/src/Game.ts:692:42
    at new Game (C:/Users/mooya/develop/test/src/Game.ts:707:9)
    at C:/Users/mooya/develop/test/src/tests/ManualAssignment.test.js:82:16
    at file:///C:/Users/mooya/develop/test/node_modules/@vitest/runner/dist/index.js:145:11
    at file:///C:/Users/mooya/develop/test/node_modules/@vitest/runner/dist/index.js:1240:20
    at new Promise (<anonymous>)
    at runWithTimeout (file:///C:/Users/mooya/develop/test/node_modules/@vitest/runner/dist/index.js:1206:10)
    at runHook (file:///C:/Users/mooya/develop/test/node_modules/@vitest/runner/dist/index.js:1511:51)
    at callSuiteHook (file:///C:/Users/mooya/develop/test/node_modules/@vitest/runner/dist/index.js:1517:25)
    at runTest (file:///C:/Users/mooya/develop/test/node_modules/@vitest/runner/dist/index.js:1642:26)

[90mstdout[2m | src/tests/ManualAssignment.test.js[2m > [22m[2mManual Assignment Debugging[2m > [22m[2mshould assign to a Moving worker (Low Priority)
[22m[39m[Entity 3] CONSTRUCTOR START: type=unit at 0,0
[Entity 3] Calling updatePosition...
[Entity 3] updatePosition returned.
[DIAG] Actor Created ID: 3
[DIAG] Actor smartMove type: function
[DIAG] Actor smartMove body snapshot: smartMove(tx, tz, time, depth = 0) {
    if (isNaN(tx) || isNaN(tz)) {
      console.error(`[Actor $
[UnitCore.js] Unit Created ID:3 Role:worker Pos:0,0 Special:false
[UnitCore.js] Unit Created ID:3 Role:worker Pos:0,0
[UnitCore.js] Unit Construction Finished ID:3
[Game] Request Added: build at (10,10) ID:req_0
[Game] No worker in radius 80 for Manual Req req_0. Trying Global Scan...
[Actor 1] Resetting Unreachable (Target changed or initializing)

stderr | src/tests/ManualAssignment.test.js > Manual Assignment Debugging > should assign to a Moving worker (Low Priority)
[Game] Warning: markerMaterial missing or invalid. Using fallback.

[90mstdout[2m | src/tests/ManualAssignment.test.js[2m > [22m[2mManual Assignment Debugging[2m > [22m[2mshould assign to a Moving worker (Low Priority)
[22m[39m[Actor 1] Pathfinding SUCCESS: Got 1 nodes to 10,10
[Entity 1] startMove -> isMoving:true. Target:10,10 StartTime:0.0000

 [32m笨・[39m src/tests/GroupCombat.test.js [2m([22m[2m9 tests[22m[2m)[22m[32m 153[2mms[22m[39m
[90mstdout[2m | src/tests/GoblinFixes.test.js
[22m[39m[DEBUG] Building.ts loaded

[90mstdout[2m | src/tests/CombatStuck.test.js
[22m[39m[DEBUG] Goblin.ts loaded

[90mstdout[2m | src/tests/CombatStuck.test.js
[22m[39m[Import Debug] Raid: function, Combat: function, Wander: function

[90mstdout[2m | src/tests/ManualAssignment.test.js[2m > [22m[2mManual Assignment Debugging[2m > [22m[2mshould re-assign a unit that is "Moving" to a job (Not yet Working)
[22m[39mDisposing detached game instance
[Game] Dispose called for Game Instance.

[90mstdout[2m | src/tests/ManualAssignment.test.js[2m > [22m[2mManual Assignment Debugging[2m > [22m[2mshould re-assign a unit that is "Moving" to a job (Not yet Working)
[22m[39m[Game] Init SphereGeometry
[Game] Initializing Full Three.js components...
[Game] Debug Levels: [
  {
    levelId: [33m1[39m,
    title: [32m'The Beginning'[39m,
    mapWidth: [33m120[39m,
    mapDepth: [33m120[39m,
    initialState: {
      unitCount: [33m1[39m,
      hasEnemyBase: [33mfalse[39m,
      hasEnemyGuard: [33mfalse[39m,
      goblinCaves: [33m1[39m
    },
    generation: {
      rockHeight: [33m9[39m,
      moistureBase: [33m0.55[39m,
      treeDensity: [33m0.2[39m,
      landRatio: [33m0.6[39m
    }
  },
  {
    levelId: [33m2[39m,
    title: [32m'Expansion'[39m,
    mapWidth: [33m120[39m,
    mapDepth: [33m120[39m,
    initialState: {
      unitCount: [33m5[39m,
      hasEnemyBase: [33mtrue[39m,
      hasEnemyGuard: [33mfalse[39m,
      goblinCaves: [33m3[39m
    },
    generation: {
      rockHeight: [33m12[39m,
      moistureBase: [33m0.4[39m,
      treeDensity: [33m0.8[39m,
      landRatio: [33m0.6[39m
    }
  },
  {
    levelId: [33m3[39m,
    title: [32m'Warfare'[39m,
    mapWidth: [33m160[39m,
    mapDepth: [33m160[39m,
    initialState: {
      unitCount: [33m8[39m,
      hasEnemyBase: [33mtrue[39m,
      hasEnemyGuard: [33mtrue[39m,
      goblinCaves: [33m5[39m
    },
    generation: {
      rockHeight: [33m10[39m,
      moistureBase: [33m0.6[39m,
      treeDensity: [33m1[39m,
      landRatio: [33m0.4[39m
    }
  }
]
[Game] Init CloudManager
[Game] Init BirdManager
[Game] Init SheepManager
[Game] Init GoblinManager
[Game] Init FishManager
[Game] Init Minimap
[Game] Init Compass
[Game] Init WeatherManager
[Game] Init SeaDecorationRenderer
[Game] Init UnitRenderer
[Game] Init BuildingRenderer
[Game] Init GoblinRenderer
[Game] Init TreeRenderer
[Game] Init PerformanceMonitor
[Game] Generating Preview Terrain...
[Game] Preview Ready.

stderr | src/tests/ManualAssignment.test.js > Manual Assignment Debugging > should re-assign a unit that is "Moving" to a job (Not yet Working)
FATAL INIT ERROR: TypeError: Cannot read properties of undefined (reading 'set')
    at C:/Users/mooya/develop/test/src/Game.ts:692:42
    at new Game (C:/Users/mooya/develop/test/src/Game.ts:707:9)
    at C:/Users/mooya/develop/test/src/tests/ManualAssignment.test.js:82:16
    at file:///C:/Users/mooya/develop/test/node_modules/@vitest/runner/dist/index.js:145:11
    at file:///C:/Users/mooya/develop/test/node_modules/@vitest/runner/dist/index.js:1240:20
    at new Promise (<anonymous>)
    at runWithTimeout (file:///C:/Users/mooya/develop/test/node_modules/@vitest/runner/dist/index.js:1206:10)
    at runHook (file:///C:/Users/mooya/develop/test/node_modules/@vitest/runner/dist/index.js:1511:51)
    at callSuiteHook (file:///C:/Users/mooya/develop/test/node_modules/@vitest/runner/dist/index.js:1517:25)
    at runTest (file:///C:/Users/mooya/develop/test/node_modules/@vitest/runner/dist/index.js:1642:26)

[90mstdout[2m | src/tests/ManualAssignment.test.js[2m > [22m[2mManual Assignment Debugging[2m > [22m[2mshould re-assign a unit that is "Moving" to a job (Not yet Working)
[22m[39m[Entity 4] CONSTRUCTOR START: type=unit at 0,0
[Entity 4] Calling updatePosition...
[Entity 4] updatePosition returned.
[DIAG] Actor Created ID: 4
[DIAG] Actor smartMove type: function
[DIAG] Actor smartMove body snapshot: smartMove(tx, tz, time, depth = 0) {
    if (isNaN(tx) || isNaN(tz)) {
      console.error(`[Actor $
[UnitCore.js] Unit Created ID:4 Role:worker Pos:0,0 Special:false
[UnitCore.js] Unit Created ID:4 Role:worker Pos:0,0
[UnitCore.js] Unit Construction Finished ID:4
[Game] No worker in radius 80 for Manual Req req_new. Trying Global Scan...
[Actor 10] Resetting Unreachable (Target changed or initializing)

[90mstdout[2m | src/tests/ManualAssignment.test.js[2m > [22m[2mManual Assignment Debugging[2m > [22m[2mshould re-assign a unit that is "Moving" to a job (Not yet Working)
[22m[39m[Actor 10] Pathfinding SUCCESS: Got 1 nodes to 10,10
[Entity 10] startMove -> isMoving:true. Target:10,10 StartTime:0.0000

[90mstdout[2m | src/tests/GoblinFixes.test.js
[22m[39m[DEBUG] Terrain.ts top-level load

 [32m笨・[39m src/tests/ManualAssignment.test.js [2m([22m[2m5 tests[22m[2m)[22m[32m 121[2mms[22m[39m
[90mstdout[2m | src/tests/GoblinFixes.test.js
[22m[39m[DEBUG] Actor.ts loaded

[90mstdout[2m | src/tests/CombatStuck.test.js
[22m[39m[DEBUG] Game.ts top-level load

stderr | src/tests/RefuseDistraction.test.js > Refuse Distraction Reconstructed > should prioritize MANUAL move marker over autonomous HOUSE BUILDING
GoblinManager: Failed to register cave at 36,76 (Terrain rejected)
GoblinManager: Failed to register cave at 26,34 (Terrain rejected)
GoblinManager: Failed to register cave at 39,42 (Terrain rejected)
GoblinManager: Failed to register cave at 1,89 (Terrain rejected)
GoblinManager: Failed to register cave at 10,90 (Terrain rejected)
GoblinManager: Failed to register cave at 25,90 (Terrain rejected)
GoblinManager: Failed to register cave at 50,46 (Terrain rejected)
GoblinManager: Failed to register cave at 15,81 (Terrain rejected)
GoblinManager: Failed to register cave at 19,82 (Terrain rejected)
GoblinManager: Failed to register cave at 40,96 (Terrain rejected)
GoblinManager: Failed to register cave at 37,88 (Terrain rejected)
GoblinManager: Failed to register cave at 86,78 (Terrain rejected)
GoblinManager: Failed to register cave at 6,59 (Terrain rejected)
GoblinManager: Failed to register cave at 71,51 (Terrain rejected)
GoblinManager: Failed to register cave at 1,53 (Terrain rejected)
GoblinManager: Failed to register cave at 18,73 (Terrain rejected)
GoblinManager: Failed to register cave at 18,94 (Terrain rejected)
GoblinManager: Failed to register cave at 98,44 (Terrain rejected)
GoblinManager: Failed to register cave at 23,14 (Terrain rejected)
GoblinManager: Failed to register cave at 35,99 (Terrain rejected)
GoblinManager: Failed to register cave at 86,73 (Terrain rejected)
GoblinManager: Failed to register cave at 48,10 (Terrain rejected)
GoblinManager: Failed to register cave at 19,93 (Terrain rejected)
GoblinManager: Failed to register cave at 66,81 (Terrain rejected)
GoblinManager: Failed to register cave at 18,58 (Terrain rejected)
GoblinManager: Failed to register cave at 58,19 (Terrain rejected)
GoblinManager: Failed to register cave at 77,61 (Terrain rejected)
GoblinManager: Failed to register cave at 76,44 (Terrain rejected)
GoblinManager: Failed to register cave at 23,24 (Terrain rejected)
GoblinManager: Failed to register cave at 80,48 (Terrain rejected)
GoblinManager: Failed to register cave at 29,13 (Terrain rejected)
GoblinManager: Failed to register cave at 75,68 (Terrain rejected)
GoblinManager: Failed to register cave at 73,82 (Terrain rejected)
GoblinManager: Failed to register cave at 27,14 (Terrain rejected)
GoblinManager: Failed to register cave at 55,81 (Terrain rejected)
GoblinManager: Failed to register cave at 31,16 (Terrain rejected)
GoblinManager: Failed to register cave at 53,12 (Terrain rejected)
GoblinManager: Failed to register cave at 92,93 (Terrain rejected)
GoblinManager: Failed to register cave at 12,21 (Terrain rejected)
GoblinManager: Failed to register cave at 9,57 (Terrain rejected)
GoblinManager: Failed to register cave at 90,93 (Terrain rejected)
GoblinManager: Failed to register cave at 23,56 (Terrain rejected)
GoblinManager: Failed to register cave at 37,93 (Terrain rejected)
GoblinManager: Failed to register cave at 13,64 (Terrain rejected)
GoblinManager: Failed to register cave at 65,89 (Terrain rejected)
GoblinManager: Failed to register cave at 32,92 (Terrain rejected)
GoblinManager: Failed to register cave at 28,98 (Terrain rejected)
GoblinManager: Failed to register cave at 47,73 (Terrain rejected)
GoblinManager: Failed to register cave at 67,1 (Terrain rejected)
GoblinManager: Failed to register cave at 81,40 (Terrain rejected)
GoblinManager: Failed to register cave at 36,46 (Terrain rejected)
GoblinManager: Failed to register cave at 77,52 (Terrain rejected)
GoblinManager: Failed to register cave at 98,76 (Terrain rejected)
GoblinManager: Failed to register cave at 56,69 (Terrain rejected)
GoblinManager: Failed to register cave at 63,94 (Terrain rejected)
GoblinManager: Failed to register cave at 75,31 (Terrain rejected)
GoblinManager: Failed to register cave at 36,41 (Terrain rejected)
GoblinManager: Failed to register cave at 86,69 (Terrain rejected)
GoblinManager: Failed to register cave at 34,49 (Terrain rejected)
GoblinManager: Failed to register cave at 0,85 (Terrain rejected)
GoblinManager: Failed to register cave at 48,79 (Terrain rejected)
GoblinManager: Failed to register cave at 69,76 (Terrain rejected)
GoblinManager: Failed to register cave at 36,90 (Terrain rejected)
GoblinManager: Failed to register cave at 81,75 (Terrain rejected)
GoblinManager: Failed to register cave at 14,63 (Terrain rejected)
GoblinManager: Failed to register cave at 78,93 (Terrain rejected)
GoblinManager: Failed to register cave at 99,28 (Terrain rejected)
GoblinManager: Failed to register cave at 20,95 (Terrain rejected)
GoblinManager: Failed to register cave at 31,29 (Terrain rejected)
GoblinManager: Failed to register cave at 10,60 (Terrain rejected)
GoblinManager: Failed to register cave at 16,8 (Terrain rejected)
GoblinManager: Failed to register cave at 36,60 (Terrain rejected)
GoblinManager: Failed to register cave at 19,43 (Terrain rejected)
GoblinManager: Failed to register cave at 4,3 (Terrain rejected)
GoblinManager: Failed to register cave at 53,30 (Terrain rejected)
GoblinManager: Failed to register cave at 51,71 (Terrain rejected)
GoblinManager: Failed to register cave at 11,23 (Terrain rejected)
GoblinManager: Failed to register cave at 49,55 (Terrain rejected)
GoblinManager: Failed to register cave at 13,6 (Terrain rejected)
GoblinManager: Failed to register cave at 17,98 (Terrain rejected)
GoblinManager: Failed to register cave at 69,39 (Terrain rejected)
GoblinManager: Failed to register cave at 13,47 (Terrain rejected)
GoblinManager: Failed to register cave at 45,26 (Terrain rejected)
GoblinManager: Failed to register cave at 77,25 (Terrain rejected)
GoblinManager: Failed to register cave at 21,77 (Terrain rejected)
GoblinManager: Failed to register cave at 11,22 (Terrain rejected)
GoblinManager: Failed to register cave at 60,56 (Terrain rejected)
GoblinManager: Failed to register cave at 94,22 (Terrain rejected)
GoblinManager: Failed to register cave at 17,14 (Terrain rejected)
GoblinManager: Failed to register cave at 79,31 (Terrain rejected)
GoblinManager: Failed to register cave at 97,32 (Terrain rejected)
GoblinManager: Failed to register cave at 77,52 (Terrain rejected)
GoblinManager: Failed to register cave at 81,55 (Terrain rejected)
GoblinManager: Failed to register cave at 44,64 (Terrain rejected)
GoblinManager: Failed to register cave at 90,62 (Terrain rejected)
GoblinManager: Failed to register cave at 92,2 (Terrain rejected)
GoblinManager: Failed to register cave at 52,51 (Terrain rejected)
GoblinManager: Failed to register cave at 7,26 (Terrain rejected)
GoblinManager: Failed to register cave at 19,38 (Terrain rejected)
GoblinManager: Failed to register cave at 56,83 (Terrain rejected)
GoblinManager: Failed to register cave at 81,42 (Terrain rejected)
GoblinManager: Failed to register cave at 81,82 (Terrain rejected)
GoblinManager: Failed to register cave at 58,23 (Terrain rejected)
GoblinManager: Failed to register cave at 32,59 (Terrain rejected)
GoblinManager: Failed to register cave at 12,72 (Terrain rejected)
GoblinManager: Failed to register cave at 7,67 (Terrain rejected)
GoblinManager: Failed to register cave at 16,12 (Terrain rejected)
GoblinManager: Failed to register cave at 7,38 (Terrain rejected)
GoblinManager: Failed to register cave at 1,29 (Terrain rejected)
GoblinManager: Failed to register cave at 50,66 (Terrain rejected)
GoblinManager: Failed to register cave at 83,31 (Terrain rejected)
GoblinManager: Failed to register cave at 82,92 (Terrain rejected)
GoblinManager: Failed to register cave at 90,33 (Terrain rejected)
GoblinManager: Failed to register cave at 96,84 (Terrain rejected)
GoblinManager: Failed to register cave at 4,12 (Terrain rejected)
GoblinManager: Failed to register cave at 33,81 (Terrain rejected)
GoblinManager: Failed to register cave at 39,57 (Terrain rejected)
GoblinManager: Failed to register cave at 11,36 (Terrain rejected)
GoblinManager: Failed to register cave at 64,46 (Terrain rejected)
GoblinManager: Failed to register cave at 28,92 (Terrain rejected)
GoblinManager: Failed to register cave at 6,86 (Terrain rejected)
GoblinManager: Failed to register cave at 61,29 (Terrain rejected)
GoblinManager: Failed to register cave at 98,64 (Terrain rejected)
GoblinManager: Failed to register cave at 57,31 (Terrain rejected)
GoblinManager: Failed to register cave at 39,27 (Terrain rejected)
GoblinManager: Failed to register cave at 34,61 (Terrain rejected)
GoblinManager: Failed to register cave at 42,67 (Terrain rejected)
GoblinManager: Failed to register cave at 44,43 (Terrain rejected)
GoblinManager: Failed to register cave at 44,47 (Terrain rejected)
GoblinManager: Failed to register cave at 0,26 (Terrain rejected)
GoblinManager: Failed to register cave at 90,34 (Terrain rejected)
GoblinManager: Failed to register cave at 4,3 (Terrain rejected)
GoblinManager: Failed to register cave at 13,55 (Terrain rejected)
GoblinManager: Failed to register cave at 53,17 (Terrain rejected)
GoblinManager: Failed to register cave at 34,37 (Terrain rejected)
GoblinManager: Failed to register cave at 33,17 (Terrain rejected)
GoblinManager: Failed to register cave at 69,86 (Terrain rejected)
GoblinManager: Failed to register cave at 98,49 (Terrain rejected)
GoblinManager: Failed to register cave at 47,2 (Terrain rejected)
GoblinManager: Failed to register cave at 16,45 (Terrain rejected)
GoblinManager: Failed to register cave at 87,75 (Terrain rejected)
GoblinManager: Failed to register cave at 39,87 (Terrain rejected)
GoblinManager: Failed to register cave at 99,42 (Terrain rejected)
GoblinManager: Failed to register cave at 38,59 (Terrain rejected)
GoblinManager: Failed to register cave at 47,60 (Terrain rejected)
GoblinManager: Failed to register cave at 65,7 (Terrain rejected)
GoblinManager: Failed to register cave at 29,68 (Terrain rejected)
GoblinManager: Failed to register cave at 10,66 (Terrain rejected)
GoblinManager: Failed to register cave at 9,18 (Terrain rejected)
GoblinManager: Failed to register cave at 12,74 (Terrain rejected)
GoblinManager: Failed to register cave at 93,3 (Terrain rejected)
GoblinManager: Failed to register cave at 35,60 (Terrain rejected)
GoblinManager: Failed to register cave at 42,53 (Terrain rejected)
GoblinManager: Failed to register cave at 7,52 (Terrain rejected)
GoblinManager: Failed to register cave at 71,65 (Terrain rejected)
GoblinManager: Failed to register cave at 35,19 (Terrain rejected)
GoblinManager: Failed to register cave at 1,14 (Terrain rejected)
GoblinManager: Failed to register cave at 18,80 (Terrain rejected)
GoblinManager: Failed to register cave at 57,35 (Terrain rejected)
GoblinManager: Failed to register cave at 8,94 (Terrain rejected)
GoblinManager: Failed to register cave at 13,85 (Terrain rejected)
GoblinManager: Failed to register cave at 88,72 (Terrain rejected)
GoblinManager: Failed to register cave at 43,67 (Terrain rejected)
GoblinManager: Failed to register cave at 30,48 (Terrain rejected)
GoblinManager: Failed to register cave at 15,9 (Terrain rejected)
GoblinManager: Failed to register cave at 45,33 (Terrain rejected)
GoblinManager: Failed to register cave at 69,20 (Terrain rejected)
GoblinManager: Failed to register cave at 0,26 (Terrain rejected)
GoblinManager: Failed to register cave at 95,49 (Terrain rejected)
GoblinManager: Failed to register cave at 43,60 (Terrain rejected)
GoblinManager: Failed to register cave at 46,22 (Terrain rejected)
GoblinManager: Failed to register cave at 64,85 (Terrain rejected)
GoblinManager: Failed to register cave at 8,23 (Terrain rejected)
GoblinManager: Failed to register cave at 54,74 (Terrain rejected)
GoblinManager: Failed to register cave at 19,48 (Terrain rejected)
GoblinManager: Failed to register cave at 25,82 (Terrain rejected)
GoblinManager: Failed to register cave at 41,96 (Terrain rejected)
GoblinManager: Failed to register cave at 3,17 (Terrain rejected)
GoblinManager: Failed to register cave at 16,1 (Terrain rejected)
GoblinManager: Failed to register cave at 6,60 (Terrain rejected)
GoblinManager: Failed to register cave at 83,52 (Terrain rejected)
GoblinManager: Failed to register cave at 76,87 (Terrain rejected)
GoblinManager: Failed to register cave at 16,24 (Terrain rejected)
GoblinManager: Failed to register cave at 36,79 (Terrain rejected)
GoblinManager: Failed to register cave at 89,97 (Terrain rejected)
GoblinManager: Failed to register cave at 19,40 (Terrain rejected)
GoblinManager: Failed to register cave at 54,9 (Terrain rejected)
GoblinManager: Failed to register cave at 59,33 (Terrain rejected)
GoblinManager: Failed to register cave at 38,54 (Terrain rejected)
GoblinManager: Failed to register cave at 85,94 (Terrain rejected)
GoblinManager: Failed to register cave at 19,86 (Terrain rejected)
GoblinManager: Failed to register cave at 33,17 (Terrain rejected)
GoblinManager: Failed to register cave at 9,3 (Terrain rejected)
GoblinManager: Failed to register cave at 89,22 (Terrain rejected)
GoblinManager: Failed to register cave at 3,36 (Terrain rejected)
GoblinManager: Failed to register cave at 92,37 (Terrain rejected)
GoblinManager: Failed to register cave at 12,56 (Terrain rejected)
GoblinManager: Failed to register cave at 30,73 (Terrain rejected)
GoblinManager: Failed to register cave at 21,61 (Terrain rejected)
GoblinManager: Failed to register cave at 54,97 (Terrain rejected)
GoblinManager: Failed to register cave at 31,28 (Terrain rejected)
GoblinManager: Failed to register cave at 58,84 (Terrain rejected)
GoblinManager: Failed to register cave at 4,67 (Terrain rejected)
GoblinManager: Failed to register cave at 88,71 (Terrain rejected)
GoblinManager: Failed to register cave at 95,88 (Terrain rejected)
GoblinManager: Failed to register cave at 15,40 (Terrain rejected)
GoblinManager: Failed to register cave at 5,87 (Terrain rejected)
GoblinManager: Failed to register cave at 82,37 (Terrain rejected)
GoblinManager: Failed to register cave at 87,19 (Terrain rejected)
GoblinManager: Failed to register cave at 87,39 (Terrain rejected)
GoblinManager: Failed to register cave at 60,86 (Terrain rejected)
GoblinManager: Failed to register cave at 39,35 (Terrain rejected)
GoblinManager: Failed to register cave at 29,72 (Terrain rejected)
GoblinManager: Failed to register cave at 40,88 (Terrain rejected)
GoblinManager: Failed to register cave at 21,49 (Terrain rejected)
GoblinManager: Failed to register cave at 63,18 (Terrain rejected)
GoblinManager: Failed to register cave at 74,74 (Terrain rejected)
GoblinManager: Failed to register cave at 79,87 (Terrain rejected)
GoblinManager: Failed to register cave at 46,11 (Terrain rejected)
GoblinManager: Failed to register cave at 7,41 (Terrain rejected)
GoblinManager: Failed to register cave at 33,78 (Terrain rejected)
GoblinManager: Failed to register cave at 34,58 (Terrain rejected)
GoblinManager: Failed to register cave at 86,42 (Terrain rejected)
GoblinManager: Failed to register cave at 39,16 (Terrain rejected)
GoblinManager: Failed to register cave at 14,78 (Terrain rejected)
GoblinManager: Failed to register cave at 66,25 (Terrain rejected)
GoblinManager: Failed to register cave at 50,19 (Terrain rejected)
GoblinManager: Failed to register cave at 68,74 (Terrain rejected)
GoblinManager: Failed to register cave at 27,41 (Terrain rejected)
GoblinManager: Failed to register cave at 38,20 (Terrain rejected)
GoblinManager: Failed to register cave at 89,20 (Terrain rejected)
GoblinManager: Failed to register cave at 49,51 (Terrain rejected)
GoblinManager: Failed to register cave at 39,63 (Terrain rejected)
GoblinManager: Failed to register cave at 47,77 (Terrain rejected)
GoblinManager: Failed to register cave at 86,42 (Terrain rejected)
GoblinManager: Failed to register cave at 13,22 (Terrain rejected)
GoblinManager: Failed to register cave at 81,37 (Terrain rejected)
GoblinManager: Failed to register cave at 23,54 (Terrain rejected)
GoblinManager: Failed to register cave at 35,97 (Terrain rejected)
GoblinManager: Failed to register cave at 0,35 (Terrain rejected)
GoblinManager: Failed to register cave at 77,52 (Terrain rejected)
GoblinManager: Failed to register cave at 12,6 (Terrain rejected)
GoblinManager: Failed to register cave at 3,76 (Terrain rejected)
GoblinManager: Failed to register cave at 11,58 (Terrain rejected)
GoblinManager: Failed to register cave at 99,38 (Terrain rejected)
GoblinManager: Failed to register cave at 39,19 (Terrain rejected)
GoblinManager: Failed to register cave at 96,45 (Terrain rejected)
GoblinManager: Failed to register cave at 41,44 (Terrain rejected)
GoblinManager: Failed to register cave at 73,46 (Terrain rejected)
GoblinManager: Failed to register cave at 5,62 (Terrain rejected)
GoblinManager: Failed to register cave at 48,48 (Terrain rejected)
GoblinManager: Failed to register cave at 54,43 (Terrain rejected)
GoblinManager: Failed to register cave at 75,12 (Terrain rejected)
GoblinManager: Failed to register cave at 88,71 (Terrain rejected)
GoblinManager: Failed to register cave at 29,27 (Terrain rejected)
GoblinManager: Failed to register cave at 71,51 (Terrain rejected)
GoblinManager: Failed to register cave at 45,71 (Terrain rejected)
GoblinManager: Failed to register cave at 33,53 (Terrain rejected)
GoblinManager: Failed to register cave at 69,43 (Terrain rejected)
GoblinManager: Failed to register cave at 66,16 (Terrain rejected)
GoblinManager: Failed to register cave at 28,16 (Terrain rejected)
GoblinManager: Failed to register cave at 39,26 (Terrain rejected)
GoblinManager: Failed to register cave at 40,9 (Terrain rejected)
GoblinManager: Failed to register cave at 70,16 (Terrain rejected)
GoblinManager: Failed to register cave at 75,22 (Terrain rejected)
GoblinManager: Failed to register cave at 45,83 (Terrain rejected)
GoblinManager: Failed to register cave at 15,93 (Terrain rejected)
GoblinManager: Failed to register cave at 31,28 (Terrain rejected)
GoblinManager: Failed to register cave at 42,38 (Terrain rejected)
GoblinManager: Failed to register cave at 76,87 (Terrain rejected)
GoblinManager: Failed to register cave at 75,54 (Terrain rejected)
GoblinManager: Failed to register cave at 21,0 (Terrain rejected)
GoblinManager: Failed to register cave at 29,26 (Terrain rejected)
GoblinManager: Failed to register cave at 46,17 (Terrain rejected)
GoblinManager: Failed to register cave at 57,15 (Terrain rejected)
GoblinManager: Failed to register cave at 44,41 (Terrain rejected)
GoblinManager: Failed to register cave at 97,35 (Terrain rejected)
GoblinManager: Failed to register cave at 30,99 (Terrain rejected)
GoblinManager: Failed to register cave at 46,36 (Terrain rejected)
GoblinManager: Failed to register cave at 74,85 (Terrain rejected)
GoblinManager: Failed to register cave at 99,67 (Terrain rejected)
GoblinManager: Failed to register cave at 14,63 (Terrain rejected)
GoblinManager: Failed to register cave at 99,73 (Terrain rejected)
GoblinManager: Failed to register cave at 52,58 (Terrain rejected)
GoblinManager: Failed to register cave at 82,93 (Terrain rejected)
GoblinManager: Failed to register cave at 70,9 (Terrain rejected)
GoblinManager: Failed to register cave at 22,39 (Terrain rejected)
GoblinManager: Failed to register cave at 6,25 (Terrain rejected)
GoblinManager: Failed to register cave at 46,20 (Terrain rejected)
GoblinManager: Failed to register cave at 29,56 (Terrain rejected)
GoblinManager: Failed to register cave at 59,44 (Terrain rejected)
GoblinManager: Failed to register cave at 69,79 (Terrain rejected)
GoblinManager: Failed to register cave at 6,76 (Terrain rejected)
GoblinManager: Failed to register cave at 33,89 (Terrain rejected)
GoblinManager: Failed to register cave at 97,96 (Terrain rejected)
GoblinManager: Failed to register cave at 58,19 (Terrain rejected)
GoblinManager: Failed to register cave at 24,48 (Terrain rejected)
GoblinManager: Failed to register cave at 63,74 (Terrain rejected)
GoblinManager: Failed to register cave at 30,62 (Terrain rejected)
GoblinManager: Failed to register cave at 79,58 (Terrain rejected)
GoblinManager: Failed to register cave at 6,67 (Terrain rejected)
GoblinManager: Failed to register cave at 95,41 (Terrain rejected)
GoblinManager: Failed to register cave at 7,76 (Terrain rejected)
GoblinManager: Failed to register cave at 51,75 (Terrain rejected)
GoblinManager: Failed to register cave at 12,82 (Terrain rejected)
GoblinManager: Failed to register cave at 66,58 (Terrain rejected)
GoblinManager: Failed to register cave at 66,47 (Terrain rejected)
GoblinManager: Failed to register cave at 45,4 (Terrain rejected)
GoblinManager: Failed to register cave at 93,50 (Terrain rejected)
GoblinManager: Failed to register cave at 93,39 (Terrain rejected)
GoblinManager: Failed to register cave at 8,96 (Terrain rejected)
GoblinManager: Failed to register cave at 48,65 (Terrain rejected)
GoblinManager: Failed to register cave at 9,3 (Terrain rejected)
GoblinManager: Failed to register cave at 16,47 (Terrain rejected)
GoblinManager: Failed to register cave at 13,43 (Terrain rejected)
GoblinManager: Failed to register cave at 72,66 (Terrain rejected)
GoblinManager: Failed to register cave at 46,42 (Terrain rejected)
GoblinManager: Failed to register cave at 64,22 (Terrain rejected)
GoblinManager: Failed to register cave at 30,0 (Terrain rejected)
GoblinManager: Failed to register cave at 43,14 (Terrain rejected)
GoblinManager: Failed to register cave at 10,52 (Terrain rejected)
GoblinManager: Failed to register cave at 88,60 (Terrain rejected)
GoblinManager: Failed to register cave at 84,10 (Terrain rejected)
GoblinManager: Failed to register cave at 77,63 (Terrain rejected)
GoblinManager: Failed to register cave at 56,68 (Terrain rejected)
GoblinManager: Failed to register cave at 84,47 (Terrain rejected)
GoblinManager: Failed to register cave at 37,9 (Terrain rejected)
GoblinManager: Failed to register cave at 98,71 (Terrain rejected)
GoblinManager: Failed to register cave at 46,83 (Terrain rejected)
GoblinManager: Failed to register cave at 7,65 (Terrain rejected)
GoblinManager: Failed to register cave at 71,73 (Terrain rejected)
GoblinManager: Failed to register cave at 34,7 (Terrain rejected)
GoblinManager: Failed to register cave at 51,23 (Terrain rejected)
GoblinManager: Failed to register cave at 83,71 (Terrain rejected)
GoblinManager: Failed to register cave at 47,74 (Terrain rejected)
GoblinManager: Failed to register cave at 67,29 (Terrain rejected)
GoblinManager: Failed to register cave at 13,83 (Terrain rejected)
GoblinManager: Failed to register cave at 68,85 (Terrain rejected)
GoblinManager: Failed to register cave at 5,82 (Terrain rejected)
GoblinManager: Failed to register cave at 66,74 (Terrain rejected)
GoblinManager: Failed to register cave at 37,62 (Terrain rejected)
GoblinManager: Failed to register cave at 39,29 (Terrain rejected)
GoblinManager: Failed to register cave at 68,52 (Terrain rejected)
GoblinManager: Failed to register cave at 5,25 (Terrain rejected)
GoblinManager: Failed to register cave at 99,56 (Terrain rejected)
GoblinManager: Failed to register cave at 48,27 (Terrain rejected)
GoblinManager: Failed to register cave at 76,93 (Terrain rejected)
GoblinManager: Failed to register cave at 86,73 (Terrain rejected)
GoblinManager: Failed to register cave at 58,19 (Terrain rejected)
GoblinManager: Failed to register cave at 45,66 (Terrain rejected)
GoblinManager: Failed to register cave at 28,73 (Terrain rejected)
GoblinManager: Failed to register cave at 47,25 (Terrain rejected)
GoblinManager: Failed to register cave at 92,10 (Terrain rejected)
GoblinManager: Failed to register cave at 62,35 (Terrain rejected)
GoblinManager: Failed to register cave at 35,35 (Terrain rejected)
GoblinManager: Failed to register cave at 8,22 (Terrain rejected)
GoblinManager: Failed to register cave at 54,60 (Terrain rejected)
GoblinManager: Failed to register cave at 89,33 (Terrain rejected)
GoblinManager: Failed to register cave at 85,93 (Terrain rejected)
GoblinManager: Failed to register cave at 96,84 (Terrain rejected)
GoblinManager: Failed to register cave at 8,12 (Terrain rejected)
GoblinManager: Failed to register cave at 63,45 (Terrain rejected)
GoblinManager: Failed to register cave at 44,0 (Terrain rejected)
GoblinManager: Failed to register cave at 30,66 (Terrain rejected)
GoblinManager: Failed to register cave at 38,92 (Terrain rejected)
GoblinManager: Failed to register cave at 52,29 (Terrain rejected)
GoblinManager: Failed to register cave at 38,56 (Terrain rejected)
GoblinManager: Failed to register cave at 38,55 (Terrain rejected)
GoblinManager: Failed to register cave at 87,63 (Terrain rejected)
GoblinManager: Failed to register cave at 98,6 (Terrain rejected)
GoblinManager: Failed to register cave at 98,96 (Terrain rejected)
GoblinManager: Failed to register cave at 53,35 (Terrain rejected)
GoblinManager: Failed to register cave at 71,60 (Terrain rejected)
GoblinManager: Failed to register cave at 27,13 (Terrain rejected)
GoblinManager: Failed to register cave at 15,12 (Terrain rejected)
GoblinManager: Failed to register cave at 97,4 (Terrain rejected)
GoblinManager: Failed to register cave at 81,51 (Terrain rejected)
GoblinManager: Failed to register cave at 90,44 (Terrain rejected)
GoblinManager: Failed to register cave at 50,25 (Terrain rejected)
GoblinManager: Failed to register cave at 20,48 (Terrain rejected)
GoblinManager: Failed to register cave at 40,90 (Terrain rejected)
GoblinManager: Failed to register cave at 11,88 (Terrain rejected)
GoblinManager: Failed to register cave at 97,98 (Terrain rejected)
GoblinManager: Failed to register cave at 11,74 (Terrain rejected)
GoblinManager: Failed to register cave at 76,20 (Terrain rejected)
GoblinManager: Failed to register cave at 24,66 (Terrain rejected)
GoblinManager: Failed to register cave at 96,19 (Terrain rejected)
GoblinManager: Failed to register cave at 75,29 (Terrain rejected)
GoblinManager: Failed to register cave at 60,87 (Terrain rejected)
GoblinManager: Failed to register cave at 96,47 (Terrain rejected)
GoblinManager: Failed to register cave at 1,44 (Terrain rejected)
GoblinManager: Failed to register cave at 91,14 (Terrain rejected)
GoblinManager: Failed to register cave at 53,72 (Terrain rejected)
GoblinManager: Failed to register cave at 67,85 (Terrain rejected)
GoblinManager: Failed to register cave at 8,2 (Terrain rejected)
GoblinManager: Failed to register cave at 98,88 (Terrain rejected)
GoblinManager: Failed to register cave at 4,28 (Terrain rejected)
GoblinManager: Failed to register cave at 52,53 (Terrain rejected)
GoblinManager: Failed to register cave at 61,7 (Terrain rejected)
GoblinManager: Failed to register cave at 52,4 (Terrain rejected)
GoblinManager: Failed to register cave at 27,24 (Terrain rejected)
GoblinManager: Failed to register cave at 15,30 (Terrain rejected)
GoblinManager: Failed to register cave at 24,32 (Terrain rejected)
GoblinManager: Failed to register cave at 46,66 (Terrain rejected)
GoblinManager: Failed to register cave at 38,59 (Terrain rejected)
GoblinManager: Failed to register cave at 21,3 (Terrain rejected)
GoblinManager: Failed to register cave at 66,2 (Terrain rejected)
GoblinManager: Failed to register cave at 79,82 (Terrain rejected)
GoblinManager: Failed to register cave at 78,22 (Terrain rejected)
GoblinManager: Failed to register cave at 11,36 (Terrain rejected)
GoblinManager: Failed to register cave at 63,35 (Terrain rejected)
GoblinManager: Failed to register cave at 23,47 (Terrain rejected)
GoblinManager: Failed to register cave at 52,97 (Terrain rejected)
GoblinManager: Failed to register cave at 1,96 (Terrain rejected)
GoblinManager: Failed to register cave at 71,49 (Terrain rejected)
GoblinManager: Failed to register cave at 99,85 (Terrain rejected)
GoblinManager: Failed to register cave at 84,31 (Terrain rejected)
GoblinManager: Failed to register cave at 84,92 (Terrain rejected)
GoblinManager: Failed to register cave at 72,34 (Terrain rejected)
GoblinManager: Failed to register cave at 41,45 (Terrain rejected)
GoblinManager: Failed to register cave at 4,20 (Terrain rejected)
GoblinManager: Failed to register cave at 99,16 (Terrain rejected)
GoblinManager: Failed to register cave at 96,41 (Terrain rejected)
GoblinManager: Failed to register cave at 64,14 (Terrain rejected)
GoblinManager: Failed to register cave at 6,2 (Terrain rejected)
GoblinManager: Failed to register cave at 78,47 (Terrain rejected)
GoblinManager: Failed to register cave at 88,5 (Terrain rejected)
GoblinManager: Failed to register cave at 63,21 (Terrain rejected)
GoblinManager: Failed to register cave at 28,70 (Terrain rejected)
GoblinManager: Failed to register cave at 52,18 (Terrain rejected)
GoblinManager: Failed to register cave at 32,29 (Terrain rejected)
GoblinManager: Failed to register cave at 11,94 (Terrain rejected)
GoblinManager: Failed to register cave at 20,65 (Terrain rejected)
GoblinManager: Failed to register cave at 56,32 (Terrain rejected)
GoblinManager: Failed to register cave at 27,1 (Terrain rejected)
GoblinManager: Failed to register cave at 57,47 (Terrain rejected)
GoblinManager: Failed to register cave at 59,63 (Terrain rejected)
GoblinManager: Failed to register cave at 18,5 (Terrain rejected)
GoblinManager: Failed to register cave at 74,21 (Terrain rejected)
GoblinManager: Failed to register cave at 96,15 (Terrain rejected)
GoblinManager: Failed to register cave at 7,32 (Terrain rejected)
GoblinManager: Failed to register cave at 37,95 (Terrain rejected)
GoblinManager: Failed to register cave at 80,2 (Terrain rejected)
GoblinManager: Failed to register cave at 84,18 (Terrain rejected)
GoblinManager: Failed to register cave at 30,95 (Terrain rejected)
GoblinManager: Failed to register cave at 77,64 (Terrain rejected)
GoblinManager: Failed to register cave at 8,60 (Terrain rejected)
GoblinManager: Failed to register cave at 9,76 (Terrain rejected)
GoblinManager: Failed to register cave at 61,58 (Terrain rejected)
GoblinManager: Failed to register cave at 25,35 (Terrain rejected)
GoblinManager: Failed to register cave at 51,12 (Terrain rejected)
GoblinManager: Failed to register cave at 99,57 (Terrain rejected)
GoblinManager: Failed to register cave at 61,89 (Terrain rejected)
GoblinManager: Failed to register cave at 68,8 (Terrain rejected)
GoblinManager: Failed to register cave at 16,24 (Terrain rejected)
GoblinManager: Failed to register cave at 99,14 (Terrain rejected)
GoblinManager: Failed to register cave at 61,29 (Terrain rejected)
GoblinManager: Failed to register cave at 96,97 (Terrain rejected)
GoblinManager: Failed to register cave at 69,91 (Terrain rejected)
GoblinManager: Failed to register cave at 57,61 (Terrain rejected)
GoblinManager: Failed to register cave at 21,21 (Terrain rejected)
GoblinManager: Failed to register cave at 53,80 (Terrain rejected)
GoblinManager: Failed to register cave at 17,47 (Terrain rejected)
GoblinManager: Failed to register cave at 4,32 (Terrain rejected)
GoblinManager: Failed to register cave at 42,91 (Terrain rejected)
GoblinManager: Failed to register cave at 52,40 (Terrain rejected)
GoblinManager: Failed to register cave at 56,6 (Terrain rejected)
GoblinManager: Failed to register cave at 23,60 (Terrain rejected)
GoblinManager: Failed to register cave at 24,38 (Terrain rejected)
GoblinManager: Failed to register cave at 75,59 (Terrain rejected)
GoblinManager: Failed to register cave at 58,92 (Terrain rejected)
GoblinManager: Failed to register cave at 11,2 (Terrain rejected)
GoblinManager: Failed to register cave at 27,25 (Terrain rejected)
GoblinManager: Failed to register cave at 22,48 (Terrain rejected)
GoblinManager: Failed to register cave at 18,63 (Terrain rejected)
GoblinManager: Failed to register cave at 60,61 (Terrain rejected)
GoblinManager: Failed to register cave at 66,35 (Terrain rejected)
GoblinManager: Failed to register cave at 5,22 (Terrain rejected)
GoblinManager: Failed to register cave at 80,89 (Terrain rejected)
GoblinManager: Failed to register cave at 9,91 (Terrain rejected)
GoblinManager: Failed to register cave at 8,39 (Terrain rejected)
GoblinManager: Failed to register cave at 48,82 (Terrain rejected)
GoblinManager: Failed to register cave at 99,23 (Terrain rejected)
GoblinManager: Failed to register cave at 47,35 (Terrain rejected)
GoblinManager: Failed to register cave at 15,72 (Terrain rejected)
GoblinManager: Failed to register cave at 35,60 (Terrain rejected)
GoblinManager: Failed to register cave at 95,14 (Terrain rejected)
GoblinManager: Failed to register cave at 18,2 (Terrain rejected)
GoblinManager: Failed to register cave at 18,22 (Terrain rejected)
GoblinManager: Failed to register cave at 19,91 (Terrain rejected)
GoblinManager: Failed to register cave at 47,92 (Terrain rejected)
GoblinManager: Failed to register cave at 1,87 (Terrain rejected)
GoblinManager: Failed to register cave at 64,93 (Terrain rejected)
GoblinManager: Failed to register cave at 31,99 (Terrain rejected)
GoblinManager: Failed to register cave at 47,43 (Terrain rejected)
GoblinManager: Failed to register cave at 73,81 (Terrain rejected)
GoblinManager: Failed to register cave at 48,1 (Terrain rejected)
GoblinManager: Failed to register cave at 25,78 (Terrain rejected)
GoblinManager: Failed to register cave at 43,63 (Terrain rejected)
GoblinManager: Failed to register cave at 46,49 (Terrain rejected)
GoblinManager: Failed to register cave at 5,59 (Terrain rejected)
GoblinManager: Failed to register cave at 13,82 (Terrain rejected)
GoblinManager: Failed to register cave at 38,23 (Terrain rejected)
GoblinManager: Failed to register cave at 34,63 (Terrain rejected)
GoblinManager: Failed to register cave at 63,68 (Terrain rejected)
GoblinManager: Failed to register cave at 95,28 (Terrain rejected)
GoblinManager: Failed to register cave at 8,1 (Terrain rejected)
GoblinManager: Failed to register cave at 76,88 (Terrain rejected)
GoblinManager: Failed to register cave at 24,77 (Terrain rejected)
GoblinManager: Failed to register cave at 56,71 (Terrain rejected)
GoblinManager: Failed to register cave at 91,70 (Terrain rejected)
GoblinManager: Failed to register cave at 31,30 (Terrain rejected)
GoblinManager: Failed to register cave at 78,53 (Terrain rejected)
GoblinManager: Failed to register cave at 49,60 (Terrain rejected)
GoblinManager: Failed to register cave at 90,52 (Terrain rejected)
GoblinManager: Failed to register cave at 64,26 (Terrain rejected)
GoblinManager: Failed to register cave at 7,20 (Terrain rejected)
GoblinManager: Failed to register cave at 33,59 (Terrain rejected)
GoblinManager: Failed to register cave at 60,62 (Terrain rejected)
GoblinManager: Failed to register cave at 48,89 (Terrain rejected)
GoblinManager: Failed to register cave at 53,70 (Terrain rejected)
GoblinManager: Failed to register cave at 13,66 (Terrain rejected)
GoblinManager: Failed to register cave at 55,92 (Terrain rejected)
GoblinManager: Failed to register cave at 18,3 (Terrain rejected)
GoblinManager: Failed to register cave at 12,63 (Terrain rejected)
GoblinManager: Failed to register cave at 55,13 (Terrain rejected)
GoblinManager: Failed to register cave at 7,17 (Terrain rejected)
GoblinManager: Failed to register cave at 18,44 (Terrain rejected)
GoblinManager: Failed to register cave at 71,7 (Terrain rejected)
GoblinManager: Failed to register cave at 68,12 (Terrain rejected)
GoblinManager: Failed to register cave at 46,27 (Terrain rejected)
GoblinManager: Failed to register cave at 39,46 (Terrain rejected)
GoblinManager: Failed to register cave at 99,89 (Terrain rejected)
GoblinManager: Failed to register cave at 32,71 (Terrain rejected)
GoblinManager: Failed to register cave at 12,70 (Terrain rejected)
GoblinManager: Failed to register cave at 90,20 (Terrain rejected)
GoblinManager: Failed to register cave at 11,4 (Terrain rejected)
GoblinManager: Failed to register cave at 94,86 (Terrain rejected)
GoblinManager: Failed to register cave at 67,29 (Terrain rejected)
GoblinManager: Failed to register cave at 24,15 (Terrain rejected)
GoblinManager: Failed to register cave at 95,47 (Terrain rejected)
GoblinManager: Failed to register cave at 23,19 (Terrain rejected)
GoblinManager: Failed to register cave at 33,66 (Terrain rejected)
GoblinManager: Failed to register cave at 17,42 (Terrain rejected)
GoblinManager: Failed to register cave at 44,36 (Terrain rejected)
GoblinManager: Failed to register cave at 20,39 (Terrain rejected)
GoblinManager: Failed to register cave at 68,36 (Terrain rejected)
GoblinManager: Failed to register cave at 90,84 (Terrain rejected)
GoblinManager: Failed to register cave at 96,45 (Terrain rejected)
GoblinManager: Failed to register cave at 14,7 (Terrain rejected)
GoblinManager: Failed to register cave at 38,23 (Terrain rejected)
GoblinManager: Failed to register cave at 25,35 (Terrain rejected)
GoblinManager: Failed to register cave at 45,21 (Terrain rejected)
GoblinManager: Failed to register cave at 24,26 (Terrain rejected)
GoblinManager: Failed to register cave at 34,99 (Terrain rejected)
GoblinManager: Failed to register cave at 68,73 (Terrain rejected)
GoblinManager: Failed to register cave at 27,32 (Terrain rejected)
GoblinManager: Failed to register cave at 49,72 (Terrain rejected)
GoblinManager: Failed to register cave at 64,78 (Terrain rejected)
GoblinManager: Failed to register cave at 86,86 (Terrain rejected)
GoblinManager: Failed to register cave at 24,70 (Terrain rejected)
GoblinManager: Failed to register cave at 36,57 (Terrain rejected)
GoblinManager: Failed to register cave at 72,5 (Terrain rejected)
GoblinManager: Failed to register cave at 33,5 (Terrain rejected)
GoblinManager: Failed to register cave at 34,4 (Terrain rejected)
GoblinManager: Failed to register cave at 21,75 (Terrain rejected)
GoblinManager: Failed to register cave at 19,57 (Terrain rejected)
GoblinManager: Failed to register cave at 63,95 (Terrain rejected)
GoblinManager: Failed to register cave at 91,42 (Terrain rejected)
GoblinManager: Failed to register cave at 86,3 (Terrain rejected)
GoblinManager: Failed to register cave at 68,65 (Terrain rejected)
GoblinManager: Failed to register cave at 40,89 (Terrain rejected)
GoblinManager: Failed to register cave at 72,54 (Terrain rejected)
GoblinManager: Failed to register cave at 3,53 (Terrain rejected)
GoblinManager: Failed to register cave at 13,34 (Terrain rejected)
GoblinManager: Failed to register cave at 63,68 (Terrain rejected)
GoblinManager: Failed to register cave at 5,19 (Terrain rejected)
GoblinManager: Failed to register cave at 12,79 (Terrain rejected)
GoblinManager: Failed to register cave at 69,78 (Terrain rejected)
GoblinManager: Failed to register cave at 94,39 (Terrain rejected)
GoblinManager: Failed to register cave at 68,9 (Terrain rejected)
GoblinManager: Failed to register cave at 1,71 (Terrain rejected)
GoblinManager: Failed to register cave at 65,47 (Terrain rejected)
GoblinManager: Failed to register cave at 47,77 (Terrain rejected)
GoblinManager: Failed to register cave at 33,54 (Terrain rejected)
GoblinManager: Failed to register cave at 12,63 (Terrain rejected)
GoblinManager: Failed to register cave at 99,76 (Terrain rejected)
GoblinManager: Failed to register cave at 11,14 (Terrain rejected)
GoblinManager: Failed to register cave at 80,55 (Terrain rejected)
GoblinManager: Failed to register cave at 70,76 (Terrain rejected)
GoblinManager: Failed to register cave at 65,72 (Terrain rejected)
GoblinManager: Failed to register cave at 80,15 (Terrain rejected)
GoblinManager: Failed to register cave at 56,12 (Terrain rejected)
GoblinManager: Failed to register cave at 89,99 (Terrain rejected)
GoblinManager: Failed to register cave at 96,60 (Terrain rejected)
GoblinManager: Failed to register cave at 98,96 (Terrain rejected)
GoblinManager: Failed to register cave at 54,17 (Terrain rejected)
GoblinManager: Failed to register cave at 22,16 (Terrain rejected)
GoblinManager: Failed to register cave at 51,36 (Terrain rejected)
GoblinManager: Failed to register cave at 45,61 (Terrain rejected)
GoblinManager: Failed to register cave at 75,29 (Terrain rejected)
GoblinManager: Failed to register cave at 87,27 (Terrain rejected)
GoblinManager: Failed to register cave at 97,37 (Terrain rejected)
GoblinManager: Failed to register cave at 34,69 (Terrain rejected)
GoblinManager: Failed to register cave at 1,99 (Terrain rejected)
GoblinManager: Failed to register cave at 13,92 (Terrain rejected)
GoblinManager: Failed to register cave at 82,36 (Terrain rejected)
GoblinManager: Failed to register cave at 42,54 (Terrain rejected)
GoblinManager: Failed to register cave at 52,58 (Terrain rejected)
GoblinManager: Failed to register cave at 86,20 (Terrain rejected)
GoblinManager: Failed to register cave at 83,88 (Terrain rejected)
GoblinManager: Failed to register cave at 51,42 (Terrain rejected)
GoblinManager: Failed to register cave at 99,9 (Terrain rejected)
GoblinManager: Failed to register cave at 85,45 (Terrain rejected)
GoblinManager: Failed to register cave at 7,7 (Terrain rejected)
GoblinManager: Failed to register cave at 41,77 (Terrain rejected)
GoblinManager: Failed to register cave at 61,80 (Terrain rejected)
GoblinManager: Failed to register cave at 2,55 (Terrain rejected)
GoblinManager: Failed to register cave at 0,82 (Terrain rejected)
GoblinManager: Failed to register cave at 84,44 (Terrain rejected)
GoblinManager: Failed to register cave at 79,45 (Terrain rejected)
GoblinManager: Failed to register cave at 27,6 (Terrain rejected)
GoblinManager: Failed to register cave at 54,54 (Terrain rejected)
GoblinManager: Failed to register cave at 49,54 (Terrain rejected)
GoblinManager: Failed to register cave at 84,90 (Terrain rejected)
GoblinManager: Failed to register cave at 83,15 (Terrain rejected)
GoblinManager: Failed to register cave at 65,78 (Terrain rejected)
GoblinManager: Failed to register cave at 23,72 (Terrain rejected)
GoblinManager: Failed to register cave at 79,99 (Terrain rejected)
GoblinManager: Failed to register cave at 61,18 (Terrain rejected)
GoblinManager: Failed to register cave at 98,32 (Terrain rejected)
GoblinManager: Failed to register cave at 95,14 (Terrain rejected)
GoblinManager: Failed to register cave at 13,51 (Terrain rejected)
GoblinManager: Failed to register cave at 33,36 (Terrain rejected)
GoblinManager: Failed to register cave at 79,62 (Terrain rejected)
GoblinManager: Failed to register cave at 73,27 (Terrain rejected)
GoblinManager: Failed to register cave at 4,63 (Terrain rejected)
GoblinManager: Failed to register cave at 94,98 (Terrain rejected)
GoblinManager: Failed to register cave at 96,13 (Terrain rejected)
GoblinManager: Failed to register cave at 91,79 (Terrain rejected)
GoblinManager: Failed to register cave at 0,60 (Terrain rejected)
GoblinManager: Failed to register cave at 67,2 (Terrain rejected)
GoblinManager: Failed to register cave at 40,94 (Terrain rejected)
GoblinManager: Failed to register cave at 10,88 (Terrain rejected)
GoblinManager: Failed to register cave at 52,53 (Terrain rejected)
GoblinManager: Failed to register cave at 67,13 (Terrain rejected)
GoblinManager: Failed to register cave at 88,12 (Terrain rejected)
GoblinManager: Failed to register cave at 53,28 (Terrain rejected)
GoblinManager: Failed to register cave at 35,62 (Terrain rejected)
GoblinManager: Failed to register cave at 61,22 (Terrain rejected)
GoblinManager: Failed to register cave at 99,56 (Terrain rejected)
GoblinManager: Failed to register cave at 87,55 (Terrain rejected)
GoblinManager: Failed to register cave at 99,85 (Terrain rejected)
GoblinManager: Failed to register cave at 99,59 (Terrain rejected)
GoblinManager: Failed to register cave at 47,90 (Terrain rejected)
GoblinManager: Failed to register cave at 37,0 (Terrain rejected)
GoblinManager: Failed to register cave at 6,93 (Terrain rejected)
GoblinManager: Failed to register cave at 81,50 (Terrain rejected)
GoblinManager: Failed to register cave at 42,7 (Terrain rejected)
GoblinManager: Failed to register cave at 3,75 (Terrain rejected)
GoblinManager: Failed to register cave at 31,69 (Terrain rejected)
GoblinManager: Failed to register cave at 55,41 (Terrain rejected)
GoblinManager: Failed to register cave at 49,94 (Terrain rejected)
GoblinManager: Failed to register cave at 32,43 (Terrain rejected)
GoblinManager: Failed to register cave at 82,47 (Terrain rejected)
GoblinManager: Failed to register cave at 49,30 (Terrain rejected)
GoblinManager: Failed to register cave at 62,86 (Terrain rejected)
GoblinManager: Failed to register cave at 33,49 (Terrain rejected)
GoblinManager: Failed to register cave at 5,65 (Terrain rejected)
GoblinManager: Failed to register cave at 23,81 (Terrain rejected)
GoblinManager: Failed to register cave at 45,68 (Terrain rejected)
GoblinManager: Failed to register cave at 38,15 (Terrain rejected)
GoblinManager: Failed to register cave at 79,42 (Terrain rejected)
GoblinManager: Failed to register cave at 36,46 (Terrain rejected)
GoblinManager: Failed to register cave at 33,67 (Terrain rejected)
GoblinManager: Failed to register cave at 49,78 (Terrain rejected)
GoblinManager: Failed to register cave at 21,47 (Terrain rejected)
GoblinManager: Failed to register cave at 68,97 (Terrain rejected)
GoblinManager: Failed to register cave at 34,89 (Terrain rejected)
GoblinManager: Failed to register cave at 9,11 (Terrain rejected)
GoblinManager: Failed to register cave at 33,35 (Terrain rejected)
GoblinManager: Failed to register cave at 99,24 (Terrain rejected)
GoblinManager: Failed to register cave at 54,60 (Terrain rejected)
GoblinManager: Failed to register cave at 30,78 (Terrain rejected)
GoblinManager: Failed to register cave at 84,13 (Terrain rejected)
GoblinManager: Failed to register cave at 94,96 (Terrain rejected)
GoblinManager: Failed to register cave at 16,84 (Terrain rejected)
GoblinManager: Failed to register cave at 39,26 (Terrain rejected)
GoblinManager: Failed to register cave at 16,74 (Terrain rejected)
GoblinManager: Failed to register cave at 9,20 (Terrain rejected)
GoblinManager: Failed to register cave at 18,1 (Terrain rejected)
GoblinManager: Failed to register cave at 1,62 (Terrain rejected)
GoblinManager: Failed to register cave at 18,32 (Terrain rejected)
GoblinManager: Failed to register cave at 1,18 (Terrain rejected)
GoblinManager: Failed to register cave at 35,54 (Terrain rejected)
GoblinManager: Failed to register cave at 67,91 (Terrain rejected)
GoblinManager: Failed to register cave at 52,79 (Terrain rejected)
GoblinManager: Failed to register cave at 60,96 (Terrain rejected)
GoblinManager: Failed to register cave at 39,71 (Terrain rejected)
GoblinManager: Failed to register cave at 30,52 (Terrain rejected)
GoblinManager: Failed to register cave at 33,37 (Terrain rejected)
GoblinManager: Failed to register cave at 67,8 (Terrain rejected)
GoblinManager: Failed to register cave at 47,21 (Terrain rejected)
GoblinManager: Failed to register cave at 37,51 (Terrain rejected)
GoblinManager: Failed to register cave at 44,60 (Terrain rejected)
GoblinManager: Failed to register cave at 48,37 (Terrain rejected)
GoblinManager: Failed to register cave at 14,53 (Terrain rejected)
GoblinManager: Failed to register cave at 28,76 (Terrain rejected)
GoblinManager: Failed to register cave at 51,7 (Terrain rejected)
GoblinManager: Failed to register cave at 75,55 (Terrain rejected)
GoblinManager: Failed to register cave at 38,95 (Terrain rejected)
GoblinManager: Failed to register cave at 49,46 (Terrain rejected)
GoblinManager: Failed to register cave at 93,35 (Terrain rejected)
GoblinManager: Failed to register cave at 83,83 (Terrain rejected)
GoblinManager: Failed to register cave at 74,16 (Terrain rejected)
GoblinManager: Failed to register cave at 13,19 (Terrain rejected)
GoblinManager: Failed to register cave at 33,76 (Terrain rejected)
GoblinManager: Failed to register cave at 68,73 (Terrain rejected)
GoblinManager: Failed to register cave at 9,62 (Terrain rejected)
GoblinManager: Failed to register cave at 2,27 (Terrain rejected)
GoblinManager: Failed to register cave at 22,40 (Terrain rejected)
GoblinManager: Failed to register cave at 69,48 (Terrain rejected)
GoblinManager: Failed to register cave at 60,45 (Terrain rejected)
GoblinManager: Failed to register cave at 78,78 (Terrain rejected)
GoblinManager: Failed to register cave at 31,1 (Terrain rejected)
GoblinManager: Failed to register cave at 45,54 (Terrain rejected)
GoblinManager: Failed to register cave at 71,32 (Terrain rejected)
GoblinManager: Failed to register cave at 90,34 (Terrain rejected)
GoblinManager: Failed to register cave at 94,62 (Terrain rejected)
GoblinManager: Failed to register cave at 10,15 (Terrain rejected)
GoblinManager: Failed to register cave at 62,5 (Terrain rejected)
GoblinManager: Failed to register cave at 42,97 (Terrain rejected)
GoblinManager: Failed to register cave at 51,62 (Terrain rejected)
GoblinManager: Failed to register cave at 6,15 (Terrain rejected)
GoblinManager: Failed to register cave at 18,11 (Terrain rejected)
GoblinManager: Failed to register cave at 38,65 (Terrain rejected)
GoblinManager: Failed to register cave at 41,49 (Terrain rejected)
GoblinManager: Failed to register cave at 29,40 (Terrain rejected)
GoblinManager: Failed to register cave at 41,20 (Terrain rejected)
GoblinManager: Failed to register cave at 55,94 (Terrain rejected)
GoblinManager: Failed to register cave at 79,97 (Terrain rejected)
GoblinManager: Failed to register cave at 0,23 (Terrain rejected)
GoblinManager: Failed to register cave at 47,66 (Terrain rejected)
GoblinManager: Failed to register cave at 24,62 (Terrain rejected)
GoblinManager: Failed to register cave at 12,65 (Terrain rejected)
GoblinManager: Failed to register cave at 92,42 (Terrain rejected)
GoblinManager: Failed to register cave at 50,9 (Terrain rejected)
GoblinManager: Failed to register cave at 7,17 (Terrain rejected)
GoblinManager: Failed to register cave at 29,70 (Terrain rejected)
GoblinManager: Failed to register cave at 78,38 (Terrain rejected)
GoblinManager: Failed to register cave at 84,2 (Terrain rejected)
GoblinManager: Failed to register cave at 24,83 (Terrain rejected)
GoblinManager: Failed to register cave at 72,67 (Terrain rejected)
GoblinManager: Failed to register cave at 79,92 (Terrain rejected)
GoblinManager: Failed to register cave at 92,80 (Terrain rejected)
GoblinManager: Failed to register cave at 27,70 (Terrain rejected)
GoblinManager: Failed to register cave at 22,54 (Terrain rejected)
GoblinManager: Failed to register cave at 14,74 (Terrain rejected)
GoblinManager: Failed to register cave at 22,33 (Terrain rejected)
GoblinManager: Failed to register cave at 87,58 (Terrain rejected)
GoblinManager: Failed to register cave at 94,48 (Terrain rejected)
GoblinManager: Failed to register cave at 51,90 (Terrain rejected)
GoblinManager: Failed to register cave at 87,49 (Terrain rejected)
GoblinManager: Failed to register cave at 41,46 (Terrain rejected)
GoblinManager: Failed to register cave at 48,99 (Terrain rejected)
GoblinManager: Failed to register cave at 67,95 (Terrain rejected)
GoblinManager: Failed to register cave at 2,37 (Terrain rejected)
GoblinManager: Failed to register cave at 16,30 (Terrain rejected)
GoblinManager: Failed to register cave at 11,71 (Terrain rejected)
GoblinManager: Failed to register cave at 77,9 (Terrain rejected)
GoblinManager: Failed to register cave at 51,70 (Terrain rejected)
GoblinManager: Failed to register cave at 89,56 (Terrain rejected)
GoblinManager: Failed to register cave at 91,92 (Terrain rejected)
GoblinManager: Failed to register cave at 87,64 (Terrain rejected)
GoblinManager: Failed to register cave at 6,49 (Terrain rejected)
GoblinManager: Failed to register cave at 0,56 (Terrain rejected)
GoblinManager: Failed to register cave at 85,77 (Terrain rejected)
GoblinManager: Failed to register cave at 86,50 (Terrain rejected)
GoblinManager: Failed to register cave at 84,92 (Terrain rejected)
GoblinManager: Failed to register cave at 43,97 (Terrain rejected)
GoblinManager: Failed to register cave at 15,49 (Terrain rejected)
GoblinManager: Failed to register cave at 35,3 (Terrain rejected)
GoblinManager: Failed to register cave at 6,79 (Terrain rejected)
GoblinManager: Failed to register cave at 98,46 (Terrain rejected)
GoblinManager: Failed to register cave at 28,79 (Terrain rejected)
GoblinManager: Failed to register cave at 93,65 (Terrain rejected)
GoblinManager: Failed to register cave at 55,0 (Terrain rejected)
GoblinManager: Failed to register cave at 27,2 (Terrain rejected)
GoblinManager: Failed to register cave at 61,94 (Terrain rejected)
GoblinManager: Failed to register cave at 39,96 (Terrain rejected)
GoblinManager: Failed to register cave at 83,13 (Terrain rejected)
GoblinManager: Failed to register cave at 69,53 (Terrain rejected)
GoblinManager: Failed to register cave at 95,1 (Terrain rejected)
GoblinManager: Failed to register cave at 71,73 (Terrain rejected)
GoblinManager: Failed to register cave at 98,26 (Terrain rejected)
GoblinManager: Failed to register cave at 40,96 (Terrain rejected)
GoblinManager: Failed to register cave at 78,74 (Terrain rejected)
GoblinManager: Failed to register cave at 93,80 (Terrain rejected)
GoblinManager: Failed to register cave at 63,22 (Terrain rejected)
GoblinManager: Failed to register cave at 52,27 (Terrain rejected)
GoblinManager: Failed to register cave at 63,87 (Terrain rejected)
GoblinManager: Failed to register cave at 64,41 (Terrain rejected)
GoblinManager: Failed to register cave at 94,57 (Terrain rejected)
GoblinManager: Failed to register cave at 69,36 (Terrain rejected)
GoblinManager: Failed to register cave at 65,64 (Terrain rejected)
GoblinManager: Failed to register cave at 75,7 (Terrain rejected)
GoblinManager: Failed to register cave at 77,67 (Terrain rejected)
GoblinManager: Failed to register cave at 47,63 (Terrain rejected)
GoblinManager: Failed to register cave at 2,12 (Terrain rejected)
GoblinManager: Failed to register cave at 7,48 (Terrain rejected)
GoblinManager: Failed to register cave at 81,13 (Terrain rejected)
GoblinManager: Failed to register cave at 74,72 (Terrain rejected)
GoblinManager: Failed to register cave at 22,58 (Terrain rejected)
GoblinManager: Failed to register cave at 8,47 (Terrain rejected)
GoblinManager: Failed to register cave at 20,63 (Terrain rejected)
GoblinManager: Failed to register cave at 98,83 (Terrain rejected)
GoblinManager: Failed to register cave at 12,63 (Terrain rejected)
GoblinManager: Failed to register cave at 31,11 (Terrain rejected)
GoblinManager: Failed to register cave at 42,17 (Terrain rejected)
GoblinManager: Failed to register cave at 2,84 (Terrain rejected)
GoblinManager: Failed to register cave at 54,15 (Terrain rejected)
GoblinManager: Failed to register cave at 89,21 (Terrain rejected)
GoblinManager: Failed to register cave at 22,50 (Terrain rejected)
GoblinManager: Failed to register cave at 18,20 (Terrain rejected)
GoblinManager: Failed to register cave at 13,14 (Terrain rejected)
GoblinManager: Failed to register cave at 3,33 (Terrain rejected)
GoblinManager: Failed to register cave at 2,53 (Terrain rejected)
GoblinManager: Failed to register cave at 51,87 (Terrain rejected)
GoblinManager: Failed to register cave at 96,82 (Terrain rejected)
GoblinManager: Failed to register cave at 8,10 (Terrain rejected)
GoblinManager: Failed to register cave at 25,86 (Terrain rejected)
GoblinManager: Failed to register cave at 87,26 (Terrain rejected)
GoblinManager: Failed to register cave at 68,94 (Terrain rejected)
GoblinManager: Failed to register cave at 6,0 (Terrain rejected)
GoblinManager: Failed to register cave at 33,38 (Terrain rejected)
GoblinManager: Failed to register cave at 15,19 (Terrain rejected)
GoblinManager: Failed to register cave at 69,88 (Terrain rejected)
GoblinManager: Failed to register cave at 27,48 (Terrain rejected)
GoblinManager: Failed to register cave at 72,47 (Terrain rejected)
GoblinManager: Failed to register cave at 57,28 (Terrain rejected)
GoblinManager: Failed to register cave at 42,39 (Terrain rejected)
GoblinManager: Failed to register cave at 0,79 (Terrain rejected)
GoblinManager: Failed to register cave at 70,24 (Terrain rejected)
GoblinManager: Failed to register cave at 72,66 (Terrain rejected)
GoblinManager: Failed to register cave at 96,26 (Terrain rejected)
GoblinManager: Failed to register cave at 95,43 (Terrain rejected)
GoblinManager: Failed to register cave at 59,12 (Terrain rejected)
GoblinManager: Failed to register cave at 30,8 (Terrain rejected)
GoblinManager: Failed to register cave at 68,91 (Terrain rejected)
GoblinManager: Failed to register cave at 2,85 (Terrain rejected)
GoblinManager: Failed to register cave at 68,31 (Terrain rejected)
GoblinManager: Failed to register cave at 51,77 (Terrain rejected)
GoblinManager: Failed to register cave at 76,66 (Terrain rejected)
GoblinManager: Failed to register cave at 19,7 (Terrain rejected)
GoblinManager: Failed to register cave at 5,44 (Terrain rejected)
GoblinManager: Failed to register cave at 75,92 (Terrain rejected)
GoblinManager: Failed to register cave at 37,74 (Terrain rejected)
GoblinManager: Failed to register cave at 0,96 (Terrain rejected)
GoblinManager: Failed to register cave at 49,6 (Terrain rejected)
GoblinManager: Failed to register cave at 46,30 (Terrain rejected)
GoblinManager: Failed to register cave at 52,2 (Terrain rejected)
GoblinManager: Failed to register cave at 43,24 (Terrain rejected)
GoblinManager: Failed to register cave at 32,68 (Terrain rejected)
GoblinManager: Failed to register cave at 65,64 (Terrain rejected)
GoblinManager: Failed to register cave at 14,38 (Terrain rejected)
GoblinManager: Failed to register cave at 9,73 (Terrain rejected)
GoblinManager: Failed to register cave at 42,64 (Terrain rejected)
GoblinManager: Failed to register cave at 80,69 (Terrain rejected)
GoblinManager: Failed to register cave at 21,49 (Terrain rejected)
GoblinManager: Failed to register cave at 63,62 (Terrain rejected)
GoblinManager: Failed to register cave at 25,28 (Terrain rejected)
GoblinManager: Failed to register cave at 13,93 (Terrain rejected)
GoblinManager: Failed to register cave at 30,48 (Terrain rejected)
GoblinManager: Failed to register cave at 89,75 (Terrain rejected)
GoblinManager: Failed to register cave at 25,51 (Terrain rejected)
GoblinManager: Failed to register cave at 29,86 (Terrain rejected)
GoblinManager: Failed to register cave at 60,50 (Terrain rejected)
GoblinManager: Failed to register cave at 65,26 (Terrain rejected)
GoblinManager: Failed to register cave at 56,63 (Terrain rejected)
GoblinManager: Failed to register cave at 96,14 (Terrain rejected)
GoblinManager: Failed to register cave at 80,20 (Terrain rejected)
GoblinManager: Failed to register cave at 41,61 (Terrain rejected)
GoblinManager: Failed to register cave at 92,94 (Terrain rejected)
GoblinManager: Failed to register cave at 97,18 (Terrain rejected)
GoblinManager: Failed to register cave at 40,75 (Terrain rejected)
GoblinManager: Failed to register cave at 57,33 (Terrain rejected)
GoblinManager: Failed to register cave at 23,75 (Terrain rejected)
GoblinManager: Failed to register cave at 2,84 (Terrain rejected)
GoblinManager: Failed to register cave at 55,45 (Terrain rejected)
GoblinManager: Failed to register cave at 18,72 (Terrain rejected)
GoblinManager: Failed to register cave at 31,46 (Terrain rejected)
GoblinManager: Failed to register cave at 44,44 (Terrain rejected)
GoblinManager: Failed to register cave at 36,68 (Terrain rejected)
GoblinManager: Failed to register cave at 63,34 (Terrain rejected)
GoblinManager: Failed to register cave at 48,22 (Terrain rejected)
GoblinManager: Failed to register cave at 70,47 (Terrain rejected)
GoblinManager: Failed to register cave at 16,69 (Terrain rejected)
GoblinManager: Failed to register cave at 97,68 (Terrain rejected)
GoblinManager: Failed to register cave at 18,67 (Terrain rejected)
GoblinManager: Failed to register cave at 82,10 (Terrain rejected)
GoblinManager: Failed to register cave at 19,31 (Terrain rejected)
GoblinManager: Failed to register cave at 79,52 (Terrain rejected)
GoblinManager: Failed to register cave at 14,70 (Terrain rejected)
GoblinManager: Failed to register cave at 54,87 (Terrain rejected)
GoblinManager: Failed to register cave at 31,19 (Terrain rejected)
GoblinManager: Failed to register cave at 62,50 (Terrain rejected)
GoblinManager: Failed to register cave at 80,96 (Terrain rejected)
GoblinManager: Failed to register cave at 38,29 (Terrain rejected)
GoblinManager: Failed to register cave at 22,83 (Terrain rejected)
GoblinManager: Failed to register cave at 93,0 (Terrain rejected)
GoblinManager: Failed to register cave at 35,73 (Terrain rejected)
GoblinManager: Failed to register cave at 12,61 (Terrain rejected)
GoblinManager: Failed to register cave at 82,44 (Terrain rejected)
GoblinManager: Failed to register cave at 90,52 (Terrain rejected)
GoblinManager: Failed to register cave at 42,97 (Terrain rejected)
GoblinManager: Failed to register cave at 91,67 (Terrain rejected)
GoblinManager: Failed to register cave at 44,9 (Terrain rejected)
GoblinManager: Failed to register cave at 2,61 (Terrain rejected)
GoblinManager: Failed to register cave at 21,83 (Terrain rejected)
GoblinManager: Failed to register cave at 80,55 (Terrain rejected)
GoblinManager: Failed to register cave at 11,63 (Terrain rejected)
GoblinManager: Failed to register cave at 29,32 (Terrain rejected)
GoblinManager: Failed to register cave at 71,47 (Terrain rejected)
GoblinManager: Failed to register cave at 21,71 (Terrain rejected)
GoblinManager: Failed to register cave at 62,91 (Terrain rejected)
GoblinManager: Failed to register cave at 75,14 (Terrain rejected)
GoblinManager: Failed to register cave at 82,15 (Terrain rejected)
GoblinManager: Failed to register cave at 99,60 (Terrain rejected)
GoblinManager: Failed to register cave at 96,15 (Terrain rejected)
GoblinManager: Failed to register cave at 48,91 (Terrain rejected)
GoblinManager: Failed to register cave at 75,57 (Terrain rejected)
GoblinManager: Failed to register cave at 94,83 (Terrain rejected)
GoblinManager: Failed to register cave at 9,27 (Terrain rejected)
GoblinManager: Failed to register cave at 32,87 (Terrain rejected)
GoblinManager: Failed to register cave at 95,87 (Terrain rejected)
GoblinManager: Failed to register cave at 74,14 (Terrain rejected)
GoblinManager: Failed to register cave at 99,2 (Terrain rejected)
GoblinManager: Failed to register cave at 94,78 (Terrain rejected)
GoblinManager: Failed to register cave at 98,73 (Terrain rejected)
GoblinManager: Failed to register cave at 79,53 (Terrain rejected)
GoblinManager: Failed to register cave at 90,38 (Terrain rejected)
GoblinManager: Failed to register cave at 25,38 (Terrain rejected)
GoblinManager: Failed to register cave at 18,68 (Terrain rejected)
GoblinManager: Failed to register cave at 68,86 (Terrain rejected)
GoblinManager: Failed to register cave at 72,2 (Terrain rejected)
GoblinManager: Failed to register cave at 76,47 (Terrain rejected)
GoblinManager: Failed to register cave at 73,73 (Terrain rejected)
GoblinManager: Failed to register cave at 35,30 (Terrain rejected)
GoblinManager: Failed to register cave at 92,94 (Terrain rejected)
GoblinManager: Failed to register cave at 71,96 (Terrain rejected)
GoblinManager: Failed to register cave at 94,18 (Terrain rejected)
GoblinManager: Failed to register cave at 21,26 (Terrain rejected)
GoblinManager: Failed to register cave at 21,28 (Terrain rejected)
GoblinManager: Failed to register cave at 37,38 (Terrain rejected)
GoblinManager: Failed to register cave at 92,77 (Terrain rejected)
GoblinManager: Failed to register cave at 66,24 (Terrain rejected)
GoblinManager: Failed to register cave at 82,5 (Terrain rejected)
GoblinManager: Failed to register cave at 52,23 (Terrain rejected)
GoblinManager: Failed to register cave at 35,49 (Terrain rejected)
GoblinManager: Failed to register cave at 78,47 (Terrain rejected)
GoblinManager: Failed to register cave at 41,86 (Terrain rejected)
GoblinManager: Failed to register cave at 10,23 (Terrain rejected)
GoblinManager: Failed to register cave at 99,68 (Terrain rejected)
GoblinManager: Failed to register cave at 33,0 (Terrain rejected)
GoblinManager: Failed to register cave at 28,57 (Terrain rejected)
GoblinManager: Failed to register cave at 94,76 (Terrain rejected)
GoblinManager: Failed to register cave at 20,27 (Terrain rejected)
GoblinManager: Failed to register cave at 39,39 (Terrain rejected)
GoblinManager: Failed to register cave at 55,34 (Terrain rejected)
GoblinManager: Failed to register cave at 90,75 (Terrain rejected)
GoblinManager: Failed to register cave at 42,4 (Terrain rejected)
GoblinManager: Failed to register cave at 98,82 (Terrain rejected)
GoblinManager: Failed to register cave at 33,14 (Terrain rejected)
GoblinManager: Failed to register cave at 48,51 (Terrain rejected)
GoblinManager: Failed to register cave at 30,83 (Terrain rejected)
GoblinManager: Failed to register cave at 79,43 (Terrain rejected)
GoblinManager: Failed to register cave at 78,61 (Terrain rejected)
GoblinManager: Failed to register cave at 0,66 (Terrain rejected)
GoblinManager: Failed to register cave at 70,45 (Terrain rejected)
GoblinManager: Failed to register cave at 78,51 (Terrain rejected)
GoblinManager: Failed to register cave at 70,57 (Terrain rejected)
GoblinManager: Failed to register cave at 64,87 (Terrain rejected)
GoblinManager: Failed to register cave at 9,55 (Terrain rejected)
GoblinManager: Failed to register cave at 92,17 (Terrain rejected)
GoblinManager: Failed to register cave at 76,6 (Terrain rejected)
GoblinManager: Failed to register cave at 45,54 (Terrain rejected)
GoblinManager: Failed to register cave at 43,29 (Terrain rejected)
GoblinManager: Failed to register cave at 41,24 (Terrain rejected)
GoblinManager: Failed to register cave at 52,3 (Terrain rejected)
GoblinManager: Failed to register cave at 69,8 (Terrain rejected)
GoblinManager: Failed to register cave at 63,58 (Terrain rejected)
GoblinManager: Failed to register cave at 58,74 (Terrain rejected)
GoblinManager: Failed to register cave at 31,12 (Terrain rejected)
GoblinManager: Failed to register cave at 1,48 (Terrain rejected)
GoblinManager: Failed to register cave at 70,11 (Terrain rejected)
GoblinManager: Failed to register cave at 3,10 (Terrain rejected)
GoblinManager: Failed to register cave at 6,22 (Terrain rejected)
GoblinManager: Failed to register cave at 94,97 (Terrain rejected)
GoblinManager: Failed to register cave at 98,19 (Terrain rejected)
GoblinManager: Failed to register cave at 71,53 (Terrain rejected)
GoblinManager: Failed to register cave at 46,80 (Terrain rejected)
GoblinManager: Failed to register cave at 57,69 (Terrain rejected)
GoblinManager: Failed to register cave at 94,65 (Terrain rejected)
GoblinManager: Failed to register cave at 43,96 (Terrain rejected)
GoblinManager: Failed to register cave at 49,57 (Terrain rejected)
GoblinManager: Failed to register cave at 74,76 (Terrain rejected)
GoblinManager: Failed to register cave at 53,6 (Terrain rejected)
GoblinManager: Failed to register cave at 6,90 (Terrain rejected)
GoblinManager: Failed to register cave at 78,79 (Terrain rejected)
GoblinManager: Failed to register cave at 3,41 (Terrain rejected)
GoblinManager: Failed to register cave at 45,78 (Terrain rejected)
GoblinManager: Failed to register cave at 16,59 (Terrain rejected)
GoblinManager: Failed to register cave at 57,68 (Terrain rejected)
GoblinManager: Failed to register cave at 17,89 (Terrain rejected)
GoblinManager: Failed to register cave at 4,16 (Terrain rejected)
GoblinManager: Failed to register cave at 91,14 (Terrain rejected)
GoblinManager: Failed to register cave at 80,76 (Terrain rejected)
GoblinManager: Failed to register cave at 16,58 (Terrain rejected)
GoblinManager: Failed to register cave at 55,8 (Terrain rejected)
GoblinManager: Failed to register cave at 5,58 (Terrain rejected)
GoblinManager: Failed to register cave at 98,19 (Terrain rejected)
GoblinManager: Failed to register cave at 27,78 (Terrain rejected)
GoblinManager: Failed to register cave at 91,10 (Terrain rejected)
GoblinManager: Failed to register cave at 23,9 (Terrain rejected)
GoblinManager: Failed to register cave at 61,70 (Terrain rejected)
GoblinManager: Failed to register cave at 12,38 (Terrain rejected)
GoblinManager: Failed to register cave at 14,14 (Terrain rejected)
GoblinManager: Failed to register cave at 40,90 (Terrain rejected)
GoblinManager: Failed to register cave at 12,51 (Terrain rejected)
GoblinManager: Failed to register cave at 57,77 (Terrain rejected)
GoblinManager: Failed to register cave at 26,65 (Terrain rejected)
GoblinManager: Failed to register cave at 36,75 (Terrain rejected)
GoblinManager: Failed to register cave at 98,12 (Terrain rejected)
GoblinManager: Failed to register cave at 8,19 (Terrain rejected)
GoblinManager: Failed to register cave at 61,14 (Terrain rejected)
GoblinManager: Failed to register cave at 5,18 (Terrain rejected)
GoblinManager: Failed to register cave at 61,91 (Terrain rejected)
GoblinManager: Failed to register cave at 70,48 (Terrain rejected)
GoblinManager: Failed to register cave at 74,87 (Terrain rejected)
GoblinManager: Failed to register cave at 95,83 (Terrain rejected)
GoblinManager: Failed to register cave at 85,13 (Terrain rejected)
GoblinManager: Failed to register cave at 99,76 (Terrain rejected)
GoblinManager: Failed to register cave at 77,43 (Terrain rejected)
GoblinManager: Failed to register cave at 84,24 (Terrain rejected)
GoblinManager: Failed to register cave at 94,2 (Terrain rejected)
GoblinManager: Failed to register cave at 59,63 (Terrain rejected)
GoblinManager: Failed to register cave at 96,79 (Terrain rejected)
GoblinManager: Failed to register cave at 76,75 (Terrain rejected)
GoblinManager: Failed to register cave at 70,58 (Terrain rejected)
GoblinManager: Failed to register cave at 26,23 (Terrain rejected)
GoblinManager: Failed to register cave at 10,82 (Terrain rejected)
GoblinManager: Failed to register cave at 68,58 (Terrain rejected)
GoblinManager: Failed to register cave at 17,3 (Terrain rejected)
GoblinManager: Failed to register cave at 46,27 (Terrain rejected)
GoblinManager: Failed to register cave at 92,78 (Terrain rejected)
GoblinManager: Failed to register cave at 94,12 (Terrain rejected)
GoblinManager: Failed to register cave at 34,73 (Terrain rejected)
GoblinManager: Failed to register cave at 78,66 (Terrain rejected)
GoblinManager: Failed to register cave at 13,67 (Terrain rejected)
GoblinManager: Failed to register cave at 15,34 (Terrain rejected)
GoblinManager: Failed to register cave at 79,21 (Terrain rejected)
GoblinManager: Failed to register cave at 58,85 (Terrain rejected)
GoblinManager: Failed to register cave at 54,46 (Terrain rejected)
GoblinManager: Failed to register cave at 90,38 (Terrain rejected)
GoblinManager: Failed to register cave at 90,46 (Terrain rejected)
GoblinManager: Failed to register cave at 22,1 (Terrain rejected)
GoblinManager: Failed to register cave at 92,51 (Terrain rejected)
GoblinManager: Failed to register cave at 13,50 (Terrain rejected)
GoblinManager: Failed to register cave at 97,27 (Terrain rejected)
GoblinManager: Failed to register cave at 1,92 (Terrain rejected)
GoblinManager: Failed to register cave at 7,61 (Terrain rejected)
GoblinManager: Failed to register cave at 83,38 (Terrain rejected)
GoblinManager: Failed to register cave at 92,61 (Terrain rejected)
GoblinManager: Failed to register cave at 92,99 (Terrain rejected)
GoblinManager: Failed to register cave at 76,68 (Terrain rejected)
GoblinManager: Failed to register cave at 74,78 (Terrain rejected)
GoblinManager: Failed to register cave at 61,30 (Terrain rejected)
GoblinManager: Failed to register cave at 69,99 (Terrain rejected)
GoblinManager: Failed to register cave at 57,42 (Terrain rejected)
GoblinManager: Failed to register cave at 38,4 (Terrain rejected)
GoblinManager: Failed to register cave at 94,28 (Terrain rejected)
GoblinManager: Failed to register cave at 3,35 (Terrain rejected)
GoblinManager: Failed to register cave at 47,53 (Terrain rejected)
GoblinManager: Failed to register cave at 92,16 (Terrain rejected)
GoblinManager: Failed to register cave at 45,29 (Terrain rejected)
GoblinManager: Failed to register cave at 30,86 (Terrain rejected)
GoblinManager: Failed to register cave at 8,24 (Terrain rejected)
GoblinManager: Failed to register cave at 74,2 (Terrain rejected)
GoblinManager: Failed to register cave at 18,27 (Terrain rejected)
GoblinManager: Failed to register cave at 98,41 (Terrain rejected)
GoblinManager: Failed to register cave at 67,85 (Terrain rejected)
GoblinManager: Failed to register cave at 78,23 (Terrain rejected)
GoblinManager: Failed to register cave at 98,68 (Terrain rejected)
GoblinManager: Failed to register cave at 50,16 (Terrain rejected)
GoblinManager: Failed to register cave at 36,96 (Terrain rejected)
GoblinManager: Failed to register cave at 66,0 (Terrain rejected)
GoblinManager: Failed to register cave at 51,0 (Terrain rejected)
GoblinManager: Failed to register cave at 91,56 (Terrain rejected)
GoblinManager: Failed to register cave at 96,5 (Terrain rejected)
GoblinManager: Failed to register cave at 67,44 (Terrain rejected)
GoblinManager: Failed to register cave at 33,49 (Terrain rejected)
GoblinManager: Failed to register cave at 36,76 (Terrain rejected)
GoblinManager: Failed to register cave at 11,91 (Terrain rejected)
GoblinManager: Failed to register cave at 85,86 (Terrain rejected)
GoblinManager: Failed to register cave at 30,43 (Terrain rejected)
GoblinManager: Failed to register cave at 2,81 (Terrain rejected)
GoblinManager: Failed to register cave at 56,96 (Terrain rejected)
GoblinManager: Failed to register cave at 40,75 (Terrain rejected)
GoblinManager: Failed to register cave at 62,21 (Terrain rejected)
GoblinManager: Failed to register cave at 10,66 (Terrain rejected)
GoblinManager: Failed to register cave at 15,75 (Terrain rejected)
GoblinManager: Failed to register cave at 48,17 (Terrain rejected)
GoblinManager: Failed to register cave at 77,81 (Terrain rejected)
GoblinManager: Failed to register cave at 76,61 (Terrain rejected)
GoblinManager: Failed to register cave at 35,60 (Terrain rejected)
GoblinManager: Failed to register cave at 66,19 (Terrain rejected)
GoblinManager: Failed to register cave at 67,10 (Terrain rejected)
GoblinManager: Failed to register cave at 1,56 (Terrain rejected)
GoblinManager: Failed to register cave at 92,64 (Terrain rejected)
GoblinManager: Failed to register cave at 87,99 (Terrain rejected)
GoblinManager: Failed to register cave at 94,36 (Terrain rejected)
GoblinManager: Failed to register cave at 19,41 (Terrain rejected)
GoblinManager: Failed to register cave at 96,48 (Terrain rejected)
GoblinManager: Failed to register cave at 14,91 (Terrain rejected)
GoblinManager: Failed to register cave at 5,95 (Terrain rejected)
GoblinManager: Failed to register cave at 85,84 (Terrain rejected)
GoblinManager: Failed to register cave at 39,78 (Terrain rejected)
GoblinManager: Failed to register cave at 81,30 (Terrain rejected)
GoblinManager: Failed to register cave at 31,51 (Terrain rejected)
GoblinManager: Failed to register cave at 34,79 (Terrain rejected)
GoblinManager: Failed to register cave at 45,88 (Terrain rejected)
GoblinManager: Failed to register cave at 55,57 (Terrain rejected)
GoblinManager: Failed to register cave at 41,1 (Terrain rejected)
GoblinManager: Failed to register cave at 14,98 (Terrain rejected)
GoblinManager: Failed to register cave at 75,96 (Terrain rejected)
GoblinManager: Failed to register cave at 52,75 (Terrain rejected)
GoblinManager: Failed to register cave at 60,98 (Terrain rejected)
GoblinManager: Failed to register cave at 92,61 (Terrain rejected)
GoblinManager: Failed to register cave at 77,19 (Terrain rejected)
GoblinManager: Failed to register cave at 11,20 (Terrain rejected)
GoblinManager: Failed to register cave at 38,62 (Terrain rejected)
GoblinManager: Failed to register cave at 31,62 (Terrain rejected)
GoblinManager: Failed to register cave at 65,8 (Terrain rejected)
GoblinManager: Failed to register cave at 69,15 (Terrain rejected)
GoblinManager: Failed to register cave at 73,93 (Terrain rejected)
GoblinManager: Failed to register cave at 60,0 (Terrain rejected)
GoblinManager: Failed to register cave at 74,52 (Terrain rejected)
GoblinManager: Failed to register cave at 76,21 (Terrain rejected)
GoblinManager: Failed to register cave at 61,46 (Terrain rejected)
GoblinManager: Failed to register cave at 20,66 (Terrain rejected)
GoblinManager: Failed to register cave at 29,89 (Terrain rejected)
GoblinManager: Failed to register cave at 0,64 (Terrain rejected)
GoblinManager: Failed to register cave at 19,59 (Terrain rejected)
GoblinManager: Failed to register cave at 99,69 (Terrain rejected)
GoblinManager: Failed to register cave at 33,81 (Terrain rejected)
GoblinManager: Failed to register cave at 79,93 (Terrain rejected)
GoblinManager: Failed to register cave at 37,90 (Terrain rejected)
GoblinManager: Failed to register cave at 66,15 (Terrain rejected)
GoblinManager: Failed to register cave at 8,28 (Terrain rejected)
GoblinManager: Failed to register cave at 4,22 (Terrain rejected)
GoblinManager: Failed to register cave at 58,98 (Terrain rejected)
GoblinManager: Failed to register cave at 45,24 (Terrain rejected)
GoblinManager: Failed to register cave at 84,39 (Terrain rejected)
GoblinManager: Failed to register cave at 20,52 (Terrain rejected)
GoblinManager: Failed to register cave at 73,16 (Terrain rejected)
GoblinManager: Failed to register cave at 51,26 (Terrain rejected)
GoblinManager: Failed to register cave at 48,9 (Terrain rejected)
GoblinManager: Failed to register cave at 39,57 (Terrain rejected)
GoblinManager: Failed to register cave at 44,73 (Terrain rejected)
GoblinManager: Failed to register cave at 14,67 (Terrain rejected)
GoblinManager: Failed to register cave at 76,43 (Terrain rejected)
GoblinManager: Failed to register cave at 27,30 (Terrain rejected)
GoblinManager: Failed to register cave at 31,42 (Terrain rejected)
GoblinManager: Failed to register cave at 72,23 (Terrain rejected)
GoblinManager: Failed to register cave at 17,8 (Terrain rejected)
GoblinManager: Failed to register cave at 97,85 (Terrain rejected)
GoblinManager: Failed to register cave at 90,46 (Terrain rejected)
GoblinManager: Failed to register cave at 14,14 (Terrain rejected)
GoblinManager: Failed to register cave at 12,60 (Terrain rejected)
GoblinManager: Failed to register cave at 32,97 (Terrain rejected)
GoblinManager: Failed to register cave at 3,12 (Terrain rejected)
GoblinManager: Failed to register cave at 65,58 (Terrain rejected)
GoblinManager: Failed to register cave at 48,29 (Terrain rejected)
GoblinManager: Failed to register cave at 83,77 (Terrain rejected)
GoblinManager: Failed to register cave at 21,38 (Terrain rejected)
GoblinManager: Failed to register cave at 2,47 (Terrain rejected)
GoblinManager: Failed to register cave at 49,82 (Terrain rejected)
GoblinManager: Failed to register cave at 31,18 (Terrain rejected)
GoblinManager: Failed to register cave at 35,45 (Terrain rejected)
GoblinManager: Failed to register cave at 71,30 (Terrain rejected)
GoblinManager: Failed to register cave at 39,90 (Terrain rejected)
GoblinManager: Failed to register cave at 52,31 (Terrain rejected)
GoblinManager: Failed to register cave at 40,16 (Terrain rejected)
GoblinManager: Failed to register cave at 22,28 (Terrain rejected)
GoblinManager: Failed to register cave at 21,96 (Terrain rejected)
GoblinManager: Failed to register cave at 39,77 (Terrain rejected)
GoblinManager: Failed to register cave at 65,91 (Terrain rejected)
GoblinManager: Failed to register cave at 22,87 (Terrain rejected)
GoblinManager: Failed to register cave at 94,19 (Terrain rejected)
GoblinManager: Failed to register cave at 16,26 (Terrain rejected)
GoblinManager: Failed to register cave at 99,91 (Terrain rejected)
GoblinManager: Failed to register cave at 87,3 (Terrain rejected)
GoblinManager: Failed to register cave at 18,69 (Terrain rejected)
GoblinManager: Failed to register cave at 45,33 (Terrain rejected)
GoblinManager: Failed to register cave at 14,98 (Terrain rejected)
GoblinManager: Failed to register cave at 41,52 (Terrain rejected)
GoblinManager: Failed to register cave at 2,19 (Terrain rejected)
GoblinManager: Failed to register cave at 79,58 (Terrain rejected)
GoblinManager: Failed to register cave at 10,74 (Terrain rejected)
GoblinManager: Failed to register cave at 4,86 (Terrain rejected)
GoblinManager: Failed to register cave at 74,78 (Terrain rejected)
GoblinManager: Failed to register cave at 26,60 (Terrain rejected)
GoblinManager: Failed to register cave at 71,50 (Terrain rejected)
GoblinManager: Failed to register cave at 99,40 (Terrain rejected)
GoblinManager: Failed to register cave at 12,98 (Terrain rejected)
GoblinManager: Failed to register cave at 25,29 (Terrain rejected)
GoblinManager: Failed to register cave at 75,8 (Terrain rejected)
GoblinManager: Failed to register cave at 96,18 (Terrain rejected)
GoblinManager: Failed to register cave at 84,50 (Terrain rejected)
GoblinManager: Failed to register cave at 18,28 (Terrain rejected)
GoblinManager: Failed to register cave at 85,64 (Terrain rejected)
GoblinManager: Failed to register cave at 81,7 (Terrain rejected)
GoblinManager: Failed to register cave at 13,30 (Terrain rejected)
GoblinManager: Failed to register cave at 55,59 (Terrain rejected)
GoblinManager: Failed to register cave at 71,78 (Terrain rejected)
GoblinManager: Failed to register cave at 21,62 (Terrain rejected)
GoblinManager: Failed to register cave at 18,56 (Terrain rejected)
GoblinManager: Failed to register cave at 26,22 (Terrain rejected)
GoblinManager: Failed to register cave at 21,80 (Terrain rejected)
GoblinManager: Failed to register cave at 0,82 (Terrain rejected)
GoblinManager: Failed to register cave at 22,43 (Terrain rejected)
GoblinManager: Failed to register cave at 69,47 (Terrain rejected)
GoblinManager: Failed to register cave at 71,24 (Terrain rejected)
GoblinManager: Failed to register cave at 51,4 (Terrain rejected)
GoblinManager: Failed to register cave at 45,2 (Terrain rejected)
GoblinManager: Failed to register cave at 50,80 (Terrain rejected)
GoblinManager: Failed to register cave at 64,19 (Terrain rejected)
GoblinManager: Failed to register cave at 15,95 (Terrain rejected)
GoblinManager: Failed to register cave at 29,38 (Terrain rejected)
GoblinManager: Failed to register cave at 28,2 (Terrain rejected)
GoblinManager: Failed to register cave at 27,18 (Terrain rejected)
GoblinManager: Failed to register cave at 35,62 (Terrain rejected)
GoblinManager: Failed to register cave at 92,64 (Terrain rejected)
GoblinManager: Failed to register cave at 72,22 (Terrain rejected)
GoblinManager: Failed to register cave at 90,64 (Terrain rejected)
GoblinManager: Failed to register cave at 44,62 (Terrain rejected)
GoblinManager: Failed to register cave at 80,44 (Terrain rejected)
GoblinManager: Failed to register cave at 85,96 (Terrain rejected)
GoblinManager: Failed to register cave at 61,31 (Terrain rejected)
GoblinManager: Failed to register cave at 43,33 (Terrain rejected)
GoblinManager: Failed to register cave at 92,90 (Terrain rejected)
GoblinManager: Failed to register cave at 18,15 (Terrain rejected)
GoblinManager: Failed to register cave at 81,75 (Terrain rejected)
GoblinManager: Failed to register cave at 12,32 (Terrain rejected)
GoblinManager: Failed to register cave at 90,23 (Terrain rejected)
GoblinManager: Failed to register cave at 3,95 (Terrain rejected)
GoblinManager: Failed to register cave at 93,81 (Terrain rejected)
GoblinManager: Failed to register cave at 28,75 (Terrain rejected)
GoblinManager: Failed to register cave at 82,12 (Terrain rejected)
GoblinManager: Failed to register cave at 46,66 (Terrain rejected)
GoblinManager: Failed to register cave at 59,48 (Terrain rejected)
GoblinManager: Failed to register cave at 80,92 (Terrain rejected)
GoblinManager: Failed to register cave at 86,65 (Terrain rejected)
GoblinManager: Failed to register cave at 8,11 (Terrain rejected)
GoblinManager: Failed to register cave at 86,59 (Terrain rejected)
GoblinManager: Failed to register cave at 1,39 (Terrain rejected)
GoblinManager: Failed to register cave at 0,13 (Terrain rejected)
GoblinManager: Failed to register cave at 25,95 (Terrain rejected)
GoblinManager: Failed to register cave at 16,16 (Terrain rejected)
GoblinManager: Failed to register cave at 23,38 (Terrain rejected)
GoblinManager: Failed to register cave at 49,46 (Terrain rejected)
GoblinManager: Failed to register cave at 80,29 (Terrain rejected)
GoblinManager: Failed to register cave at 36,75 (Terrain rejected)
GoblinManager: Failed to register cave at 48,36 (Terrain rejected)
GoblinManager: Failed to register cave at 21,63 (Terrain rejected)
GoblinManager: Failed to register cave at 21,68 (Terrain rejected)
GoblinManager: Failed to register cave at 7,1 (Terrain rejected)
GoblinManager: Failed to register cave at 49,77 (Terrain rejected)
GoblinManager: Failed to register cave at 7,28 (Terrain rejected)
GoblinManager: Failed to register cave at 8,22 (Terrain rejected)
GoblinManager: Failed to register cave at 26,25 (Terrain rejected)
GoblinManager: Failed to register cave at 72,61 (Terrain rejected)
GoblinManager: Failed to register cave at 52,32 (Terrain rejected)
GoblinManager: Failed to register cave at 17,8 (Terrain rejected)
GoblinManager: Failed to register cave at 62,54 (Terrain rejected)
GoblinManager: Failed to register cave at 29,44 (Terrain rejected)
GoblinManager: Failed to register cave at 27,60 (Terrain rejected)
GoblinManager: Failed to register cave at 46,39 (Terrain rejected)
GoblinManager: Failed to register cave at 91,97 (Terrain rejected)
GoblinManager: Failed to register cave at 28,90 (Terrain rejected)
GoblinManager: Failed to register cave at 31,67 (Terrain rejected)
GoblinManager: Failed to register cave at 48,48 (Terrain rejected)
GoblinManager: Failed to register cave at 98,49 (Terrain rejected)
GoblinManager: Failed to register cave at 74,52 (Terrain rejected)
GoblinManager: Failed to register cave at 30,96 (Terrain rejected)
GoblinManager: Failed to register cave at 46,26 (Terrain rejected)
GoblinManager: Failed to register cave at 48,57 (Terrain rejected)
GoblinManager: Failed to register cave at 93,2 (Terrain rejected)
GoblinManager: Failed to register cave at 22,16 (Terrain rejected)
GoblinManager: Failed to register cave at 94,82 (Terrain rejected)
GoblinManager: Failed to register cave at 87,82 (Terrain rejected)
GoblinManager: Failed to register cave at 50,31 (Terrain rejected)
GoblinManager: Failed to register cave at 66,6 (Terrain rejected)
GoblinManager: Failed to register cave at 67,28 (Terrain rejected)
GoblinManager: Failed to register cave at 16,29 (Terrain rejected)
GoblinManager: Failed to register cave at 68,33 (Terrain rejected)
GoblinManager: Failed to register cave at 19,82 (Terrain rejected)
GoblinManager: Failed to register cave at 49,23 (Terrain rejected)
GoblinManager: Failed to register cave at 36,22 (Terrain rejected)
GoblinManager: Failed to register cave at 77,25 (Terrain rejected)
GoblinManager: Failed to register cave at 46,20 (Terrain rejected)
GoblinManager: Failed to register cave at 32,47 (Terrain rejected)
GoblinManager: Failed to register cave at 15,53 (Terrain rejected)
GoblinManager: Failed to register cave at 66,77 (Terrain rejected)
GoblinManager: Failed to register cave at 56,46 (Terrain rejected)
GoblinManager: Failed to register cave at 79,73 (Terrain rejected)
GoblinManager: Failed to register cave at 96,79 (Terrain rejected)
GoblinManager: Failed to register cave at 22,42 (Terrain rejected)
GoblinManager: Failed to register cave at 98,49 (Terrain rejected)
GoblinManager: Failed to register cave at 64,56 (Terrain rejected)
GoblinManager: Failed to register cave at 17,29 (Terrain rejected)
GoblinManager: Failed to register cave at 85,84 (Terrain rejected)
GoblinManager: Failed to register cave at 53,87 (Terrain rejected)
GoblinManager: Failed to register cave at 1,82 (Terrain rejected)
GoblinManager: Failed to register cave at 25,75 (Terrain rejected)
GoblinManager: Failed to register cave at 91,17 (Terrain rejected)
GoblinManager: Failed to register cave at 96,24 (Terrain rejected)
GoblinManager: Failed to register cave at 27,75 (Terrain rejected)
GoblinManager: Failed to register cave at 61,35 (Terrain rejected)
GoblinManager: Failed to register cave at 70,25 (Terrain rejected)
GoblinManager: Failed to register cave at 5,19 (Terrain rejected)
GoblinManager: Failed to register cave at 11,31 (Terrain rejected)
GoblinManager: Failed to register cave at 79,55 (Terrain rejected)
GoblinManager: Failed to register cave at 26,73 (Terrain rejected)
GoblinManager: Failed to register cave at 93,97 (Terrain rejected)
GoblinManager: Failed to register cave at 7,48 (Terrain rejected)
GoblinManager: Failed to register cave at 58,3 (Terrain rejected)
GoblinManager: Failed to register cave at 40,28 (Terrain rejected)
GoblinManager: Failed to register cave at 49,88 (Terrain rejected)
GoblinManager: Failed to register cave at 69,13 (Terrain rejected)
GoblinManager: Failed to register cave at 27,59 (Terrain rejected)
GoblinManager: Failed to register cave at 1,36 (Terrain rejected)
GoblinManager: Failed to register cave at 34,67 (Terrain rejected)
GoblinManager: Failed to register cave at 44,69 (Terrain rejected)
GoblinManager: Failed to register cave at 15,83 (Terrain rejected)
GoblinManager: Failed to register cave at 78,32 (Terrain rejected)
GoblinManager: Failed to register cave at 48,75 (Terrain rejected)
GoblinManager: Failed to register cave at 26,84 (Terrain rejected)
GoblinManager: Failed to register cave at 14,39 (Terrain rejected)
GoblinManager: Failed to register cave at 52,17 (Terrain rejected)
GoblinManager: Failed to register cave at 44,93 (Terrain rejected)
GoblinManager: Failed to register cave at 14,92 (Terrain rejected)
GoblinManager: Failed to register cave at 68,82 (Terrain rejected)
GoblinManager: Failed to register cave at 14,49 (Terrain rejected)
GoblinManager: Failed to register cave at 59,22 (Terrain rejected)
GoblinManager: Failed to register cave at 43,56 (Terrain rejected)
GoblinManager: Failed to register cave at 23,5 (Terrain rejected)
GoblinManager: Failed to register cave at 24,85 (Terrain rejected)
GoblinManager: Failed to register cave at 4,49 (Terrain rejected)
GoblinManager: Failed to register cave at 77,29 (Terrain rejected)
GoblinManager: Failed to register cave at 61,87 (Terrain rejected)
GoblinManager: Failed to register cave at 97,69 (Terrain rejected)
GoblinManager: Failed to register cave at 43,47 (Terrain rejected)
GoblinManager: Failed to register cave at 20,74 (Terrain rejected)
GoblinManager: Failed to register cave at 29,78 (Terrain rejected)
GoblinManager: Failed to register cave at 40,92 (Terrain rejected)
GoblinManager: Failed to register cave at 57,54 (Terrain rejected)
GoblinManager: Failed to register cave at 39,45 (Terrain rejected)
GoblinManager: Failed to register cave at 32,77 (Terrain rejected)
GoblinManager: Failed to register cave at 16,39 (Terrain rejected)
GoblinManager: Failed to register cave at 35,18 (Terrain rejected)
GoblinManager: Failed to register cave at 28,52 (Terrain rejected)
GoblinManager: Failed to register cave at 92,45 (Terrain rejected)
GoblinManager: Failed to register cave at 81,14 (Terrain rejected)
GoblinManager: Failed to register cave at 26,8 (Terrain rejected)
GoblinManager: Failed to register cave at 70,70 (Terrain rejected)
GoblinManager: Failed to register cave at 85,20 (Terrain rejected)
GoblinManager: Failed to register cave at 21,38 (Terrain rejected)
GoblinManager: Failed to register cave at 65,89 (Terrain rejected)
GoblinManager: Failed to register cave at 25,39 (Terrain rejected)
GoblinManager: Failed to register cave at 93,66 (Terrain rejected)
GoblinManager: Failed to register cave at 88,65 (Terrain rejected)
GoblinManager: Failed to register cave at 9,2 (Terrain rejected)
GoblinManager: Failed to register cave at 18,3 (Terrain rejected)
GoblinManager: Failed to register cave at 36,81 (Terrain rejected)
GoblinManager: Failed to register cave at 11,48 (Terrain rejected)
GoblinManager: Failed to register cave at 55,4 (Terrain rejected)
GoblinManager: Failed to register cave at 36,25 (Terrain rejected)
GoblinManager: Failed to register cave at 37,82 (Terrain rejected)
GoblinManager: Failed to register cave at 19,53 (Terrain rejected)
GoblinManager: Failed to register cave at 16,12 (Terrain rejected)
GoblinManager: Failed to register cave at 48,65 (Terrain rejected)
GoblinManager: Failed to register cave at 52,35 (Terrain rejected)
GoblinManager: Failed to register cave at 6,92 (Terrain rejected)
GoblinManager: Failed to register cave at 26,55 (Terrain rejected)
GoblinManager: Failed to register cave at 87,3 (Terrain rejected)
GoblinManager: Failed to register cave at 1,22 (Terrain rejected)
GoblinManager: Failed to register cave at 65,32 (Terrain rejected)
GoblinManager: Failed to register cave at 58,59 (Terrain rejected)
GoblinManager: Failed to register cave at 5,38 (Terrain rejected)
GoblinManager: Failed to register cave at 85,41 (Terrain rejected)
GoblinManager: Failed to register cave at 15,43 (Terrain rejected)
GoblinManager: Failed to register cave at 2,56 (Terrain rejected)
GoblinManager: Failed to register cave at 30,44 (Terrain rejected)
GoblinManager: Failed to register cave at 74,79 (Terrain rejected)
GoblinManager: Failed to register cave at 83,76 (Terrain rejected)
GoblinManager: Failed to register cave at 71,80 (Terrain rejected)
GoblinManager: Failed to register cave at 12,74 (Terrain rejected)
GoblinManager: Failed to register cave at 83,56 (Terrain rejected)
GoblinManager: Failed to register cave at 2,20 (Terrain rejected)
GoblinManager: Failed to register cave at 73,94 (Terrain rejected)
GoblinManager: Failed to register cave at 90,92 (Terrain rejected)
GoblinManager: Failed to register cave at 60,51 (Terrain rejected)
GoblinManager: Failed to register cave at 98,6 (Terrain rejected)
GoblinManager: Failed to register cave at 67,58 (Terrain rejected)
GoblinManager: Failed to register cave at 59,5 (Terrain rejected)
GoblinManager: Failed to register cave at 78,75 (Terrain rejected)
GoblinManager: Failed to register cave at 45,16 (Terrain rejected)
GoblinManager: Failed to register cave at 52,49 (Terrain rejected)
GoblinManager: Failed to register cave at 31,83 (Terrain rejected)
GoblinManager: Failed to register cave at 55,79 (Terrain rejected)
GoblinManager: Failed to register cave at 23,61 (Terrain rejected)
GoblinManager: Failed to register cave at 31,30 (Terrain rejected)
GoblinManager: Failed to register cave at 84,2 (Terrain rejected)
GoblinManager: Failed to register cave at 31,23 (Terrain rejected)
GoblinManager: Failed to register cave at 30,37 (Terrain rejected)
GoblinManager: Failed to register cave at 12,31 (Terrain rejected)
GoblinManager: Failed to register cave at 14,76 (Terrain rejected)
GoblinManager: Failed to register cave at 64,61 (Terrain rejected)
GoblinManager: Failed to register cave at 26,46 (Terrain rejected)
GoblinManager: Failed to register cave at 72,28 (Terrain rejected)
GoblinManager: Failed to register cave at 94,46 (Terrain rejected)
GoblinManager: Failed to register cave at 20,79 (Terrain rejected)
GoblinManager: Failed to register cave at 12,41 (Terrain rejected)
GoblinManager: Failed to register cave at 49,84 (Terrain rejected)
GoblinManager: Failed to register cave at 79,87 (Terrain rejected)
GoblinManager: Failed to register cave at 52,46 (Terrain rejected)
GoblinManager: Failed to register cave at 67,25 (Terrain rejected)
GoblinManager: Failed to register cave at 20,12 (Terrain rejected)
GoblinManager: Failed to register cave at 59,16 (Terrain rejected)
GoblinManager: Failed to register cave at 47,97 (Terrain rejected)
GoblinManager: Failed to register cave at 75,87 (Terrain rejected)
GoblinManager: Failed to register cave at 17,65 (Terrain rejected)
GoblinManager: Failed to register cave at 89,31 (Terrain rejected)
GoblinManager: Failed to register cave at 68,33 (Terrain rejected)
GoblinManager: Failed to register cave at 28,9 (Terrain rejected)
GoblinManager: Failed to register cave at 98,72 (Terrain rejected)
GoblinManager: Failed to register cave at 17,0 (Terrain rejected)
GoblinManager: Failed to register cave at 96,42 (Terrain rejected)
GoblinManager: Failed to register cave at 70,33 (Terrain rejected)
GoblinManager: Failed to register cave at 35,64 (Terrain rejected)
GoblinManager: Failed to register cave at 51,45 (Terrain rejected)
GoblinManager: Failed to register cave at 40,68 (Terrain rejected)
GoblinManager: Failed to register cave at 7,74 (Terrain rejected)
GoblinManager: Failed to register cave at 15,59 (Terrain rejected)
GoblinManager: Failed to register cave at 25,62 (Terrain rejected)
GoblinManager: Failed to register cave at 28,66 (Terrain rejected)
GoblinManager: Failed to register cave at 11,10 (Terrain rejected)
GoblinManager: Failed to register cave at 10,8 (Terrain rejected)
GoblinManager: Failed to register cave at 19,20 (Terrain rejected)
GoblinManager: Failed to register cave at 68,14 (Terrain rejected)
GoblinManager: Failed to register cave at 17,9 (Terrain rejected)
GoblinManager: Failed to register cave at 26,18 (Terrain rejected)
GoblinManager: Failed to register cave at 97,90 (Terrain rejected)
GoblinManager: Failed to register cave at 30,5 (Terrain rejected)
GoblinManager: Failed to register cave at 12,55 (Terrain rejected)
GoblinManager: Failed to register cave at 93,94 (Terrain rejected)
GoblinManager: Failed to register cave at 74,66 (Terrain rejected)
GoblinManager: Failed to register cave at 18,58 (Terrain rejected)
GoblinManager: Failed to register cave at 57,75 (Terrain rejected)
GoblinManager: Failed to register cave at 32,74 (Terrain rejected)
GoblinManager: Failed to register cave at 47,96 (Terrain rejected)
GoblinManager: Failed to register cave at 6,38 (Terrain rejected)
GoblinManager: Failed to register cave at 87,68 (Terrain rejected)
GoblinManager: Failed to register cave at 77,93 (Terrain rejected)
GoblinManager: Failed to register cave at 62,73 (Terrain rejected)
GoblinManager: Failed to register cave at 31,61 (Terrain rejected)
GoblinManager: Failed to register cave at 45,58 (Terrain rejected)
GoblinManager: Failed to register cave at 94,17 (Terrain rejected)
GoblinManager: Failed to register cave at 68,20 (Terrain rejected)
GoblinManager: Failed to register cave at 9,95 (Terrain rejected)
GoblinManager: Failed to register cave at 45,76 (Terrain rejected)
GoblinManager: Failed to register cave at 83,53 (Terrain rejected)
GoblinManager: Failed to register cave at 36,61 (Terrain rejected)
GoblinManager: Failed to register cave at 73,76 (Terrain rejected)
GoblinManager: Failed to register cave at 97,47 (Terrain rejected)
GoblinManager: Failed to register cave at 47,49 (Terrain rejected)
GoblinManager: Failed to register cave at 92,12 (Terrain rejected)
GoblinManager: Failed to register cave at 45,50 (Terrain rejected)
GoblinManager: Failed to register cave at 57,72 (Terrain rejected)
GoblinManager: Failed to register cave at 11,78 (Terrain rejected)
GoblinManager: Failed to register cave at 69,7 (Terrain rejected)
GoblinManager: Failed to register cave at 33,30 (Terrain rejected)
GoblinManager: Failed to register cave at 70,72 (Terrain rejected)
GoblinManager: Failed to register cave at 55,26 (Terrain rejected)
GoblinManager: Failed to register cave at 70,99 (Terrain rejected)
GoblinManager: Failed to register cave at 52,73 (Terrain rejected)
GoblinManager: Failed to register cave at 33,96 (Terrain rejected)
GoblinManager: Failed to register cave at 63,92 (Terrain rejected)
GoblinManager: Failed to register cave at 4,84 (Terrain rejected)
GoblinManager: Failed to register cave at 35,84 (Terrain rejected)
GoblinManager: Failed to register cave at 89,45 (Terrain rejected)
GoblinManager: Failed to register cave at 17,15 (Terrain rejected)
GoblinManager: Failed to register cave at 95,41 (Terrain rejected)
GoblinManager: Failed to register cave at 68,17 (Terrain rejected)
GoblinManager: Failed to register cave at 62,55 (Terrain rejected)
GoblinManager: Failed to register cave at 51,74 (Terrain rejected)
GoblinManager: Failed to register cave at 62,96 (Terrain rejected)
GoblinManager: Failed to register cave at 73,44 (Terrain rejected)
GoblinManager: Failed to register cave at 97,96 (Terrain rejected)
GoblinManager: Failed to register cave at 5,78 (Terrain rejected)
GoblinManager: Failed to register cave at 79,89 (Terrain rejected)
GoblinManager: Failed to register cave at 26,81 (Terrain rejected)
GoblinManager: Failed to register cave at 61,51 (Terrain rejected)
GoblinManager: Failed to register cave at 58,68 (Terrain rejected)
GoblinManager: Failed to register cave at 98,1 (Terrain rejected)
GoblinManager: Failed to register cave at 36,4 (Terrain rejected)
GoblinManager: Failed to register cave at 56,37 (Terrain rejected)
GoblinManager: Failed to register cave at 5,85 (Terrain rejected)
GoblinManager: Failed to register cave at 99,73 (Terrain rejected)
GoblinManager: Failed to register cave at 96,78 (Terrain rejected)
GoblinManager: Failed to register cave at 89,72 (Terrain rejected)
GoblinManager: Failed to register cave at 79,45 (Terrain rejected)
GoblinManager: Failed to register cave at 80,91 (Terrain rejected)
GoblinManager: Failed to register cave at 54,15 (Terrain rejected)
GoblinManager: Failed to register cave at 82,22 (Terrain rejected)
GoblinManager: Failed to register cave at 49,93 (Terrain rejected)
GoblinManager: Failed to register cave at 16,63 (Terrain rejected)
GoblinManager: Failed to register cave at 67,61 (Terrain rejected)
GoblinManager: Failed to register cave at 1,78 (Terrain rejected)
GoblinManager: Failed to register cave at 37,91 (Terrain rejected)
GoblinManager: Failed to register cave at 60,30 (Terrain rejected)
GoblinManager: Failed to register cave at 38,3 (Terrain rejected)
GoblinManager: Failed to register cave at 88,1 (Terrain rejected)
GoblinManager: Failed to register cave at 11,38 (Terrain rejected)
GoblinManager: Failed to register cave at 49,77 (Terrain rejected)
GoblinManager: Failed to register cave at 37,88 (Terrain rejected)
GoblinManager: Failed to register cave at 64,93 (Terrain rejected)
GoblinManager: Failed to register cave at 21,76 (Terrain rejected)
GoblinManager: Failed to register cave at 17,69 (Terrain rejected)
GoblinManager: Failed to register cave at 78,61 (Terrain rejected)
GoblinManager: Failed to register cave at 0,10 (Terrain rejected)
GoblinManager: Failed to register cave at 9,3 (Terrain rejected)
GoblinManager: Failed to register cave at 35,5 (Terrain rejected)
GoblinManager: Failed to register cave at 61,76 (Terrain rejected)
GoblinManager: Failed to register cave at 41,75 (Terrain rejected)
GoblinManager: Failed to register cave at 98,32 (Terrain rejected)
GoblinManager: Failed to register cave at 33,89 (Terrain rejected)
GoblinManager: Failed to register cave at 11,83 (Terrain rejected)
GoblinManager: Failed to register cave at 45,45 (Terrain rejected)
GoblinManager: Failed to register cave at 37,35 (Terrain rejected)
GoblinManager: Failed to register cave at 51,79 (Terrain rejected)
GoblinManager: Failed to register cave at 36,39 (Terrain rejected)
GoblinManager: Failed to register cave at 53,54 (Terrain rejected)
GoblinManager: Failed to register cave at 34,86 (Terrain rejected)
GoblinManager: Failed to register cave at 56,30 (Terrain rejected)
GoblinManager: Failed to register cave at 33,77 (Terrain rejected)
GoblinManager: Failed to register cave at 58,34 (Terrain rejected)
GoblinManager: Failed to register cave at 83,64 (Terrain rejected)
GoblinManager: Failed to register cave at 64,7 (Terrain rejected)
GoblinManager: Failed to register cave at 98,57 (Terrain rejected)
GoblinManager: Failed to register cave at 78,5 (Terrain rejected)
GoblinManager: Failed to register cave at 96,13 (Terrain rejected)
GoblinManager: Failed to register cave at 66,5 (Terrain rejected)
GoblinManager: Failed to register cave at 5,32 (Terrain rejected)
GoblinManager: Failed to register cave at 88,48 (Terrain rejected)
GoblinManager: Failed to register cave at 75,25 (Terrain rejected)
GoblinManager: Failed to register cave at 85,57 (Terrain rejected)
GoblinManager: Failed to register cave at 68,71 (Terrain rejected)
GoblinManager: Failed to register cave at 79,36 (Terrain rejected)
GoblinManager: Failed to register cave at 12,90 (Terrain rejected)
GoblinManager: Failed to register cave at 88,99 (Terrain rejected)
GoblinManager: Failed to register cave at 18,58 (Terrain rejected)
GoblinManager: Failed to register cave at 39,89 (Terrain rejected)
GoblinManager: Failed to register cave at 53,36 (Terrain rejected)
GoblinManager: Failed to register cave at 68,36 (Terrain rejected)
GoblinManager: Failed to register cave at 15,19 (Terrain rejected)
GoblinManager: Failed to register cave at 8,23 (Terrain rejected)
GoblinManager: Failed to register cave at 47,54 (Terrain rejected)
GoblinManager: Failed to register cave at 54,93 (Terrain rejected)
GoblinManager: Failed to register cave at 20,15 (Terrain rejected)
GoblinManager: Failed to register cave at 62,65 (Terrain rejected)
GoblinManager: Failed to register cave at 83,95 (Terrain rejected)
GoblinManager: Failed to register cave at 98,52 (Terrain rejected)
GoblinManager: Failed to register cave at 45,69 (Terrain rejected)
GoblinManager: Failed to register cave at 43,39 (Terrain rejected)
GoblinManager: Failed to register cave at 9,40 (Terrain rejected)
GoblinManager: Failed to register cave at 17,21 (Terrain rejected)
GoblinManager: Failed to register cave at 14,67 (Terrain rejected)
GoblinManager: Failed to register cave at 4,16 (Terrain rejected)
GoblinManager: Failed to register cave at 36,30 (Terrain rejected)
GoblinManager: Failed to register cave at 70,85 (Terrain rejected)
GoblinManager: Failed to register cave at 78,61 (Terrain rejected)
GoblinManager: Failed to register cave at 99,43 (Terrain rejected)
GoblinManager: Failed to register cave at 89,37 (Terrain rejected)
GoblinManager: Failed to register cave at 7,86 (Terrain rejected)
GoblinManager: Failed to register cave at 58,94 (Terrain rejected)
GoblinManager: Failed to register cave at 9,36 (Terrain rejected)
GoblinManager: Failed to register cave at 68,70 (Terrain rejected)
GoblinManager: Failed to register cave at 18,71 (Terrain rejected)
GoblinManager: Failed to register cave at 28,68 (Terrain rejected)
GoblinManager: Failed to register cave at 4,97 (Terrain rejected)
GoblinManager: Failed to register cave at 78,9 (Terrain rejected)
GoblinManager: Failed to register cave at 78,99 (Terrain rejected)
GoblinManager: Failed to register cave at 11,21 (Terrain rejected)
GoblinManager: Failed to register cave at 38,32 (Terrain rejected)
GoblinManager: Failed to register cave at 0,34 (Terrain rejected)
GoblinManager: Failed to register cave at 62,56 (Terrain rejected)
GoblinManager: Failed to register cave at 71,28 (Terrain rejected)
GoblinManager: Failed to register cave at 85,22 (Terrain rejected)
GoblinManager: Failed to register cave at 74,72 (Terrain rejected)
GoblinManager: Failed to register cave at 60,79 (Terrain rejected)
GoblinManager: Failed to register cave at 5,56 (Terrain rejected)
GoblinManager: Failed to register cave at 25,32 (Terrain rejected)
GoblinManager: Failed to register cave at 76,18 (Terrain rejected)
GoblinManager: Failed to register cave at 32,3 (Terrain rejected)
GoblinManager: Failed to register cave at 18,61 (Terrain rejected)
GoblinManager: Failed to register cave at 35,83 (Terrain rejected)
GoblinManager: Failed to register cave at 21,61 (Terrain rejected)
GoblinManager: Failed to register cave at 63,45 (Terrain rejected)
GoblinManager: Failed to register cave at 29,82 (Terrain rejected)
GoblinManager: Failed to register cave at 61,84 (Terrain rejected)
GoblinManager: Failed to register cave at 1,19 (Terrain rejected)
GoblinManager: Failed to register cave at 44,88 (Terrain rejected)
GoblinManager: Failed to register cave at 68,75 (Terrain rejected)
GoblinManager: Failed to register cave at 94,91 (Terrain rejected)
GoblinManager: Failed to register cave at 68,29 (Terrain rejected)
GoblinManager: Failed to register cave at 6,99 (Terrain rejected)
GoblinManager: Failed to register cave at 71,4 (Terrain rejected)
GoblinManager: Failed to register cave at 85,56 (Terrain rejected)
GoblinManager: Failed to register cave at 7,14 (Terrain rejected)
GoblinManager: Failed to register cave at 15,3 (Terrain rejected)
GoblinManager: Failed to register cave at 64,6 (Terrain rejected)
GoblinManager: Failed to register cave at 72,43 (Terrain rejected)
GoblinManager: Failed to register cave at 59,76 (Terrain rejected)
GoblinManager: Failed to register cave at 91,34 (Terrain rejected)
GoblinManager: Failed to register cave at 16,38 (Terrain rejected)
GoblinManager: Failed to register cave at 1,91 (Terrain rejected)
GoblinManager: Failed to register cave at 1,83 (Terrain rejected)
GoblinManager: Failed to register cave at 80,71 (Terrain rejected)
GoblinManager: Failed to register cave at 4,53 (Terrain rejected)
GoblinManager: Failed to register cave at 77,78 (Terrain rejected)
GoblinManager: Failed to register cave at 53,34 (Terrain rejected)
GoblinManager: Failed to register cave at 54,23 (Terrain rejected)
GoblinManager: Failed to register cave at 17,73 (Terrain rejected)
GoblinManager: Failed to register cave at 25,19 (Terrain rejected)
GoblinManager: Failed to register cave at 15,13 (Terrain rejected)
GoblinManager: Failed to register cave at 79,95 (Terrain rejected)
GoblinManager: Failed to register cave at 60,50 (Terrain rejected)
GoblinManager: Failed to register cave at 64,25 (Terrain rejected)
GoblinManager: Failed to register cave at 96,16 (Terrain rejected)
GoblinManager: Failed to register cave at 84,73 (Terrain rejected)
GoblinManager: Failed to register cave at 36,48 (Terrain rejected)
GoblinManager: Failed to register cave at 92,15 (Terrain rejected)
GoblinManager: Failed to register cave at 43,90 (Terrain rejected)
GoblinManager: Failed to register cave at 61,82 (Terrain rejected)
GoblinManager: Failed to register cave at 88,33 (Terrain rejected)
GoblinManager: Failed to register cave at 71,69 (Terrain rejected)
GoblinManager: Failed to register cave at 63,54 (Terrain rejected)
GoblinManager: Failed to register cave at 85,8 (Terrain rejected)
GoblinManager: Failed to register cave at 28,9 (Terrain rejected)
GoblinManager: Failed to register cave at 93,51 (Terrain rejected)
GoblinManager: Failed to register cave at 31,64 (Terrain rejected)
GoblinManager: Failed to register cave at 78,82 (Terrain rejected)
GoblinManager: Failed to register cave at 23,16 (Terrain rejected)
GoblinManager: Failed to register cave at 87,0 (Terrain rejected)
GoblinManager: Failed to register cave at 51,40 (Terrain rejected)
GoblinManager: Failed to register cave at 34,94 (Terrain rejected)
GoblinManager: Failed to register cave at 44,29 (Terrain rejected)
GoblinManager: Failed to register cave at 94,53 (Terrain rejected)
GoblinManager: Failed to register cave at 56,44 (Terrain rejected)
GoblinManager: Failed to register cave at 79,98 (Terrain rejected)
GoblinManager: Failed to register cave at 78,73 (Terrain rejected)
GoblinManager: Failed to register cave at 27,35 (Terrain rejected)
GoblinManager: Failed to register cave at 64,67 (Terrain rejected)
GoblinManager: Failed to register cave at 75,30 (Terrain rejected)
GoblinManager: Failed to register cave at 37,98 (Terrain rejected)
GoblinManager: Failed to register cave at 5,81 (Terrain rejected)
GoblinManager: Failed to register cave at 6,16 (Terrain rejected)
GoblinManager: Failed to register cave at 51,32 (Terrain rejected)
GoblinManager: Failed to register cave at 0,50 (Terrain rejected)
GoblinManager: Failed to register cave at 93,35 (Terrain rejected)
GoblinManager: Failed to register cave at 65,31 (Terrain rejected)
GoblinManager: Failed to register cave at 80,26 (Terrain rejected)
GoblinManager: Failed to register cave at 13,13 (Terrain rejected)
GoblinManager: Failed to register cave at 95,15 (Terrain rejected)
GoblinManager: Failed to register cave at 80,96 (Terrain rejected)
GoblinManager: Failed to register cave at 76,68 (Terrain rejected)
GoblinManager: Failed to register cave at 26,63 (Terrain rejected)
GoblinManager: Failed to register cave at 86,20 (Terrain rejected)
GoblinManager: Failed to register cave at 69,74 (Terrain rejected)
GoblinManager: Failed to register cave at 54,82 (Terrain rejected)
GoblinManager: Failed to register cave at 8,36 (Terrain rejected)
GoblinManager: Failed to register cave at 65,3 (Terrain rejected)
GoblinManager: Failed to register cave at 53,82 (Terrain rejected)
GoblinManager: Failed to register cave at 8,99 (Terrain rejected)
GoblinManager: Failed to register cave at 86,5 (Terrain rejected)
GoblinManager: Failed to register cave at 29,99 (Terrain rejected)
GoblinManager: Failed to register cave at 58,85 (Terrain rejected)
GoblinManager: Failed to register cave at 14,61 (Terrain rejected)
GoblinManager: Failed to register cave at 11,43 (Terrain rejected)
GoblinManager: Failed to register cave at 2,96 (Terrain rejected)
GoblinManager: Failed to register cave at 78,8 (Terrain rejected)
GoblinManager: Failed to register cave at 56,97 (Terrain rejected)
GoblinManager: Failed to register cave at 86,98 (Terrain rejected)
GoblinManager: Failed to register cave at 71,17 (Terrain rejected)
GoblinManager: Failed to register cave at 69,95 (Terrain rejected)
GoblinManager: Failed to register cave at 51,50 (Terrain rejected)
GoblinManager: Failed to register cave at 73,69 (Terrain rejected)
GoblinManager: Failed to register cave at 85,81 (Terrain rejected)
GoblinManager: Failed to register cave at 47,14 (Terrain rejected)
GoblinManager: Failed to register cave at 96,21 (Terrain rejected)
GoblinManager: Failed to register cave at 95,68 (Terrain rejected)
GoblinManager: Failed to register cave at 4,45 (Terrain rejected)
GoblinManager: Failed to register cave at 33,76 (Terrain rejected)
GoblinManager: Failed to register cave at 16,69 (Terrain rejected)
GoblinManager: Failed to register cave at 37,57 (Terrain rejected)
GoblinManager: Failed to register cave at 44,25 (Terrain rejected)
GoblinManager: Failed to register cave at 28,29 (Terrain rejected)
GoblinManager: Failed to register cave at 81,11 (Terrain rejected)
GoblinManager: Failed to register cave at 87,98 (Terrain rejected)
GoblinManager: Failed to register cave at 81,23 (Terrain rejected)
GoblinManager: Failed to register cave at 5,52 (Terrain rejected)
GoblinManager: Failed to register cave at 47,62 (Terrain rejected)
GoblinManager: Failed to register cave at 78,99 (Terrain rejected)
GoblinManager: Failed to register cave at 73,61 (Terrain rejected)
GoblinManager: Failed to register cave at 50,74 (Terrain rejected)
GoblinManager: Failed to register cave at 68,13 (Terrain rejected)
GoblinManager: Failed to register cave at 85,38 (Terrain rejected)
GoblinManager: Failed to register cave at 20,12 (Terrain rejected)
GoblinManager: Failed to register cave at 52,90 (Terrain rejected)
GoblinManager: Failed to register cave at 29,57 (Terrain rejected)
GoblinManager: Failed to register cave at 25,70 (Terrain rejected)
GoblinManager: Failed to register cave at 32,81 (Terrain rejected)
GoblinManager: Failed to register cave at 61,37 (Terrain rejected)
GoblinManager: Failed to register cave at 96,65 (Terrain rejected)
GoblinManager: Failed to register cave at 62,40 (Terrain rejected)
GoblinManager: Failed to register cave at 67,2 (Terrain rejected)
GoblinManager: Failed to register cave at 2,60 (Terrain rejected)
GoblinManager: Failed to register cave at 7,49 (Terrain rejected)
GoblinManager: Failed to register cave at 78,18 (Terrain rejected)
GoblinManager: Failed to register cave at 99,64 (Terrain rejected)
GoblinManager: Failed to register cave at 39,73 (Terrain rejected)
GoblinManager: Failed to register cave at 44,26 (Terrain rejected)
GoblinManager: Failed to register cave at 91,0 (Terrain rejected)
GoblinManager: Failed to register cave at 9,68 (Terrain rejected)
GoblinManager: Failed to register cave at 44,69 (Terrain rejected)
GoblinManager: Failed to register cave at 9,51 (Terrain rejected)
GoblinManager: Failed to register cave at 62,87 (Terrain rejected)
GoblinManager: Failed to register cave at 82,32 (Terrain rejected)
GoblinManager: Failed to register cave at 80,20 (Terrain rejected)
GoblinManager: Failed to register cave at 33,57 (Terrain rejected)
GoblinManager: Failed to register cave at 74,4 (Terrain rejected)
GoblinManager: Failed to register cave at 51,95 (Terrain rejected)
GoblinManager: Failed to register cave at 61,12 (Terrain rejected)
GoblinManager: Failed to register cave at 98,32 (Terrain rejected)
GoblinManager: Failed to register cave at 39,68 (Terrain rejected)
GoblinManager: Failed to register cave at 34,77 (Terrain rejected)
GoblinManager: Failed to register cave at 1,49 (Terrain rejected)
GoblinManager: Failed to register cave at 49,92 (Terrain rejected)
GoblinManager: Failed to register cave at 56,57 (Terrain rejected)
GoblinManager: Failed to register cave at 82,28 (Terrain rejected)
GoblinManager: Failed to register cave at 53,24 (Terrain rejected)
GoblinManager: Failed to register cave at 21,46 (Terrain rejected)
GoblinManager: Failed to register cave at 93,5 (Terrain rejected)
GoblinManager: Failed to register cave at 87,26 (Terrain rejected)
GoblinManager: Failed to register cave at 53,63 (Terrain rejected)
GoblinManager: Failed to register cave at 6,95 (Terrain rejected)
GoblinManager: Failed to register cave at 26,40 (Terrain rejected)
GoblinManager: Failed to register cave at 14,7 (Terrain rejected)
GoblinManager: Failed to register cave at 83,53 (Terrain rejected)
GoblinManager: Failed to register cave at 36,92 (Terrain rejected)
GoblinManager: Failed to register cave at 71,98 (Terrain rejected)
GoblinManager: Failed to register cave at 14,22 (Terrain rejected)
GoblinManager: Failed to register cave at 9,54 (Terrain rejected)
GoblinManager: Failed to register cave at 29,54 (Terrain rejected)
GoblinManager: Failed to register cave at 92,86 (Terrain rejected)
GoblinManager: Failed to register cave at 99,85 (Terrain rejected)
GoblinManager: Failed to register cave at 86,54 (Terrain rejected)
GoblinManager: Failed to register cave at 4,85 (Terrain rejected)
GoblinManager: Failed to register cave at 61,48 (Terrain rejected)
GoblinManager: Failed to register cave at 43,25 (Terrain rejected)
GoblinManager: Failed to register cave at 55,66 (Terrain rejected)
GoblinManager: Failed to register cave at 81,75 (Terrain rejected)
GoblinManager: Failed to register cave at 73,10 (Terrain rejected)
GoblinManager: Failed to register cave at 90,76 (Terrain rejected)
GoblinManager: Failed to register cave at 49,6 (Terrain rejected)
GoblinManager: Failed to register cave at 30,9 (Terrain rejected)
GoblinManager: Failed to register cave at 64,26 (Terrain rejected)
GoblinManager: Failed to register cave at 72,77 (Terrain rejected)
GoblinManager: Failed to register cave at 87,85 (Terrain rejected)
GoblinManager: Failed to register cave at 80,50 (Terrain rejected)
GoblinManager: Failed to register cave at 27,13 (Terrain rejected)
GoblinManager: Failed to register cave at 78,64 (Terrain rejected)
GoblinManager: Failed to register cave at 65,25 (Terrain rejected)
GoblinManager: Failed to register cave at 25,21 (Terrain rejected)
GoblinManager: Failed to register cave at 55,21 (Terrain rejected)
GoblinManager: Failed to register cave at 55,46 (Terrain rejected)
GoblinManager: Failed to register cave at 18,54 (Terrain rejected)
GoblinManager: Failed to register cave at 79,72 (Terrain rejected)
GoblinManager: Failed to register cave at 95,89 (Terrain rejected)
GoblinManager: Failed to register cave at 66,57 (Terrain rejected)
GoblinManager: Failed to register cave at 95,95 (Terrain rejected)
GoblinManager: Failed to register cave at 72,72 (Terrain rejected)
GoblinManager: Failed to register cave at 51,45 (Terrain rejected)
GoblinManager: Failed to register cave at 58,80 (Terrain rejected)
GoblinManager: Failed to register cave at 64,86 (Terrain rejected)
GoblinManager: Failed to register cave at 20,67 (Terrain rejected)
GoblinManager: Failed to register cave at 74,79 (Terrain rejected)
GoblinManager: Failed to register cave at 54,9 (Terrain rejected)
GoblinManager: Failed to register cave at 48,4 (Terrain rejected)
GoblinManager: Failed to register cave at 72,25 (Terrain rejected)
GoblinManager: Failed to register cave at 98,17 (Terrain rejected)
GoblinManager: Failed to register cave at 65,20 (Terrain rejected)
GoblinManager: Failed to register cave at 0,85 (Terrain rejected)
GoblinManager: Failed to register cave at 82,62 (Terrain rejected)
GoblinManager: Failed to register cave at 15,77 (Terrain rejected)
GoblinManager: Failed to register cave at 10,18 (Terrain rejected)
GoblinManager: Failed to register cave at 56,21 (Terrain rejected)
GoblinManager: Failed to register cave at 45,69 (Terrain rejected)
GoblinManager: Failed to register cave at 9,43 (Terrain rejected)
GoblinManager: Failed to register cave at 57,55 (Terrain rejected)
GoblinManager: Failed to register cave at 37,74 (Terrain rejected)
GoblinManager: Failed to register cave at 14,61 (Terrain rejected)
GoblinManager: Failed to register cave at 44,68 (Terrain rejected)
GoblinManager: Failed to register cave at 11,35 (Terrain rejected)
GoblinManager: Failed to register cave at 5,77 (Terrain rejected)
GoblinManager: Failed to register cave at 16,2 (Terrain rejected)
GoblinManager: Failed to register cave at 9,79 (Terrain rejected)
GoblinManager: Failed to register cave at 70,82 (Terrain rejected)
GoblinManager: Failed to register cave at 16,37 (Terrain rejected)
GoblinManager: Failed to register cave at 9,82 (Terrain rejected)
GoblinManager: Failed to register cave at 57,29 (Terrain rejected)
GoblinManager: Failed to register cave at 42,10 (Terrain rejected)
GoblinManager: Failed to register cave at 37,35 (Terrain rejected)
GoblinManager: Failed to register cave at 59,62 (Terrain rejected)
GoblinManager: Failed to register cave at 18,4 (Terrain rejected)
GoblinManager: Failed to register cave at 62,3 (Terrain rejected)
GoblinManager: Failed to register cave at 83,20 (Terrain rejected)
GoblinManager: Failed to register cave at 64,73 (Terrain rejected)
GoblinManager: Failed to register cave at 62,44 (Terrain rejected)
GoblinManager: Failed to register cave at 47,18 (Terrain rejected)
GoblinManager: Failed to register cave at 52,48 (Terrain rejected)
GoblinManager: Failed to register cave at 90,55 (Terrain rejected)
GoblinManager: Failed to register cave at 21,5 (Terrain rejected)
GoblinManager: Failed to register cave at 68,98 (Terrain rejected)
GoblinManager: Failed to register cave at 93,45 (Terrain rejected)
GoblinManager: Failed to register cave at 94,26 (Terrain rejected)
GoblinManager: Failed to register cave at 17,4 (Terrain rejected)
GoblinManager: Failed to register cave at 79,88 (Terrain rejected)
GoblinManager: Failed to register cave at 26,33 (Terrain rejected)
GoblinManager: Failed to register cave at 70,98 (Terrain rejected)
GoblinManager: Failed to register cave at 40,67 (Terrain rejected)
GoblinManager: Failed to register cave at 48,54 (Terrain rejected)
GoblinManager: Failed to register cave at 94,7 (Terrain rejected)
GoblinManager: Failed to register cave at 17,83 (Terrain rejected)
GoblinManager: Failed to register cave at 65,32 (Terrain rejected)
GoblinManager: Failed to register cave at 92,35 (Terrain rejected)
GoblinManager: Failed to register cave at 85,11 (Terrain rejected)
GoblinManager: Failed to register cave at 54,20 (Terrain rejected)
GoblinManager: Failed to register cave at 45,52 (Terrain rejected)
GoblinManager: Failed to register cave at 14,88 (Terrain rejected)
GoblinManager: Failed to register cave at 66,24 (Terrain rejected)
GoblinManager: Failed to register cave at 20,26 (Terrain rejected)
GoblinManager: Failed to register cave at 50,66 (Terrain rejected)
GoblinManager: Failed to register cave at 11,22 (Terrain rejected)
GoblinManager: Failed to register cave at 22,32 (Terrain rejected)
GoblinManager: Failed to register cave at 87,50 (Terrain rejected)
GoblinManager: Failed to register cave at 42,76 (Terrain rejected)
GoblinManager: Failed to register cave at 39,79 (Terrain rejected)
GoblinManager: Failed to register cave at 46,80 (Terrain rejected)
GoblinManager: Failed to register cave at 17,31 (Terrain rejected)
GoblinManager: Failed to register cave at 41,90 (Terrain rejected)
GoblinManager: Failed to register cave at 75,61 (Terrain rejected)
GoblinManager: Failed to register cave at 64,53 (Terrain rejected)
GoblinManager: Failed to register cave at 91,99 (Terrain rejected)
GoblinManager: Failed to register cave at 89,82 (Terrain rejected)
GoblinManager: Failed to register cave at 71,88 (Terrain rejected)
GoblinManager: Failed to register cave at 65,11 (Terrain rejected)
GoblinManager: Failed to register cave at 98,49 (Terrain rejected)
GoblinManager: Failed to register cave at 97,6 (Terrain rejected)
GoblinManager: Failed to register cave at 30,77 (Terrain rejected)
GoblinManager: Failed to register cave at 50,26 (Terrain rejected)
GoblinManager: Failed to register cave at 52,40 (Terrain rejected)
GoblinManager: Failed to register cave at 69,81 (Terrain rejected)
GoblinManager: Failed to register cave at 96,31 (Terrain rejected)
GoblinManager: Failed to register cave at 1,30 (Terrain rejected)
GoblinManager: Failed to register cave at 13,79 (Terrain rejected)
GoblinManager: Failed to register cave at 96,60 (Terrain rejected)
GoblinManager: Failed to register cave at 44,64 (Terrain rejected)
GoblinManager: Failed to register cave at 86,38 (Terrain rejected)
GoblinManager: Failed to register cave at 49,84 (Terrain rejected)
GoblinManager: Failed to register cave at 48,23 (Terrain rejected)
GoblinManager: Failed to register cave at 17,58 (Terrain rejected)
GoblinManager: Failed to register cave at 34,72 (Terrain rejected)
GoblinManager: Failed to register cave at 98,97 (Terrain rejected)
GoblinManager: Failed to register cave at 13,31 (Terrain rejected)
GoblinManager: Failed to register cave at 11,55 (Terrain rejected)
GoblinManager: Failed to register cave at 7,21 (Terrain rejected)
GoblinManager: Failed to register cave at 53,66 (Terrain rejected)
GoblinManager: Failed to register cave at 35,39 (Terrain rejected)
GoblinManager: Failed to register cave at 80,85 (Terrain rejected)
GoblinManager: Failed to register cave at 96,21 (Terrain rejected)
GoblinManager: Failed to register cave at 71,11 (Terrain rejected)
GoblinManager: Failed to register cave at 32,99 (Terrain rejected)
GoblinManager: Failed to register cave at 21,92 (Terrain rejected)
GoblinManager: Failed to register cave at 24,65 (Terrain rejected)
GoblinManager: Failed to register cave at 26,38 (Terrain rejected)
GoblinManager: Failed to register cave at 26,38 (Terrain rejected)
GoblinManager: Failed to register cave at 50,61 (Terrain rejected)
GoblinManager: Failed to register cave at 6,64 (Terrain rejected)
GoblinManager: Failed to register cave at 32,17 (Terrain rejected)
GoblinManager: Failed to register cave at 57,42 (Terrain rejected)
GoblinManager: Failed to register cave at 82,87 (Terrain rejected)
GoblinManager: Failed to register cave at 2,14 (Terrain rejected)
GoblinManager: Failed to register cave at 57,86 (Terrain rejected)
GoblinManager: Failed to register cave at 75,75 (Terrain rejected)
GoblinManager: Failed to register cave at 15,34 (Terrain rejected)
GoblinManager: Failed to register cave at 30,53 (Terrain rejected)
GoblinManager: Failed to register cave at 40,41 (Terrain rejected)
GoblinManager: Failed to register cave at 84,55 (Terrain rejected)
GoblinManager: Failed to register cave at 6,47 (Terrain rejected)
GoblinManager: Failed to register cave at 72,7 (Terrain rejected)
GoblinManager: Failed to register cave at 90,64 (Terrain rejected)
GoblinManager: Failed to register cave at 38,78 (Terrain rejected)
GoblinManager: Failed to register cave at 33,40 (Terrain rejected)
GoblinManager: Failed to register cave at 8,49 (Terrain rejected)
GoblinManager: Failed to register cave at 39,39 (Terrain rejected)
GoblinManager: Failed to register cave at 10,67 (Terrain rejected)
GoblinManager: Failed to register cave at 99,2 (Terrain rejected)
GoblinManager: Failed to register cave at 9,37 (Terrain rejected)
GoblinManager: Failed to register cave at 61,84 (Terrain rejected)
GoblinManager: Failed to register cave at 77,46 (Terrain rejected)
GoblinManager: Failed to register cave at 72,85 (Terrain rejected)
GoblinManager: Failed to register cave at 70,56 (Terrain rejected)
GoblinManager: Failed to register cave at 37,75 (Terrain rejected)
GoblinManager: Failed to register cave at 89,15 (Terrain rejected)
GoblinManager: Failed to register cave at 38,13 (Terrain rejected)
GoblinManager: Failed to register cave at 31,81 (Terrain rejected)
GoblinManager: Failed to register cave at 8,20 (Terrain rejected)
GoblinManager: Failed to register cave at 3,70 (Terrain rejected)
GoblinManager: Failed to register cave at 8,59 (Terrain rejected)
GoblinManager: Failed to register cave at 10,8 (Terrain rejected)
GoblinManager: Failed to register cave at 53,12 (Terrain rejected)
GoblinManager: Failed to register cave at 8,9 (Terrain rejected)
GoblinManager: Failed to register cave at 83,22 (Terrain rejected)
GoblinManager: Failed to register cave at 98,22 (Terrain rejected)
GoblinManager: Failed to register cave at 72,54 (Terrain rejected)
GoblinManager: Failed to register cave at 33,18 (Terrain rejected)
GoblinManager: Failed to register cave at 51,90 (Terrain rejected)
GoblinManager: Failed to register cave at 80,57 (Terrain rejected)
GoblinManager: Failed to register cave at 41,83 (Terrain rejected)
GoblinManager: Failed to register cave at 21,90 (Terrain rejected)
GoblinManager: Failed to register cave at 31,57 (Terrain rejected)
GoblinManager: Failed to register cave at 40,0 (Terrain rejected)
GoblinManager: Failed to register cave at 89,94 (Terrain rejected)
GoblinManager: Failed to register cave at 78,37 (Terrain rejected)
GoblinManager: Failed to register cave at 34,48 (Terrain rejected)
GoblinManager: Failed to register cave at 99,46 (Terrain rejected)
GoblinManager: Failed to register cave at 34,39 (Terrain rejected)
GoblinManager: Failed to register cave at 76,75 (Terrain rejected)
GoblinManager: Failed to register cave at 7,21 (Terrain rejected)
GoblinManager: Failed to register cave at 38,80 (Terrain rejected)
GoblinManager: Failed to register cave at 7,86 (Terrain rejected)
GoblinManager: Failed to register cave at 91,40 (Terrain rejected)
GoblinManager: Failed to register cave at 42,60 (Terrain rejected)
GoblinManager: Failed to register cave at 78,22 (Terrain rejected)
GoblinManager: Failed to register cave at 1,25 (Terrain rejected)
GoblinManager: Failed to register cave at 14,45 (Terrain rejected)
GoblinManager: Failed to register cave at 19,24 (Terrain rejected)
GoblinManager: Failed to register cave at 67,3 (Terrain rejected)
GoblinManager: Failed to register cave at 0,61 (Terrain rejected)
GoblinManager: Failed to register cave at 22,69 (Terrain rejected)
GoblinManager: Failed to register cave at 69,9 (Terrain rejected)
GoblinManager: Failed to register cave at 20,49 (Terrain rejected)
GoblinManager: Failed to register cave at 96,67 (Terrain rejected)
GoblinManager: Failed to register cave at 30,66 (Terrain rejected)
GoblinManager: Failed to register cave at 12,29 (Terrain rejected)
GoblinManager: Failed to register cave at 43,32 (Terrain rejected)
GoblinManager: Failed to register cave at 44,15 (Terrain rejected)
GoblinManager: Failed to register cave at 2,95 (Terrain rejected)
GoblinManager: Failed to register cave at 53,48 (Terrain rejected)
GoblinManager: Failed to register cave at 40,45 (Terrain rejected)
GoblinManager: Failed to register cave at 37,59 (Terrain rejected)
GoblinManager: Failed to register cave at 47,51 (Terrain rejected)
GoblinManager: Failed to register cave at 43,21 (Terrain rejected)
GoblinManager: Failed to register cave at 71,31 (Terrain rejected)
GoblinManager: Failed to register cave at 38,15 (Terrain rejected)
GoblinManager: Failed to register cave at 77,50 (Terrain rejected)
GoblinManager: Failed to register cave at 8,82 (Terrain rejected)
GoblinManager: Failed to register cave at 70,89 (Terrain rejected)
GoblinManager: Failed to register cave at 19,42 (Terrain rejected)
GoblinManager: Failed to register cave at 62,55 (Terrain rejected)
GoblinManager: Failed to register cave at 72,77 (Terrain rejected)
GoblinManager: Failed to register cave at 59,61 (Terrain rejected)
GoblinManager: Failed to register cave at 18,20 (Terrain rejected)
GoblinManager: Failed to register cave at 84,85 (Terrain rejected)
GoblinManager: Failed to register cave at 83,41 (Terrain rejected)
GoblinManager: Failed to register cave at 11,8 (Terrain rejected)
GoblinManager: Failed to register cave at 51,93 (Terrain rejected)
GoblinManager: Failed to register cave at 66,30 (Terrain rejected)
GoblinManager: Failed to register cave at 97,75 (Terrain rejected)
GoblinManager: Failed to register cave at 87,1 (Terrain rejected)
GoblinManager: Failed to register cave at 23,93 (Terrain rejected)
GoblinManager: Failed to register cave at 18,25 (Terrain rejected)
GoblinManager: Failed to register cave at 91,12 (Terrain rejected)
GoblinManager: Failed to register cave at 64,11 (Terrain rejected)
GoblinManager: Failed to register cave at 31,76 (Terrain rejected)
GoblinManager: Failed to register cave at 42,10 (Terrain rejected)
GoblinManager: Failed to register cave at 47,53 (Terrain rejected)
GoblinManager: Failed to register cave at 36,3 (Terrain rejected)
GoblinManager: Failed to register cave at 17,79 (Terrain rejected)
GoblinManager: Failed to register cave at 29,22 (Terrain rejected)
GoblinManager: Failed to register cave at 92,75 (Terrain rejected)
GoblinManager: Failed to register cave at 16,93 (Terrain rejected)
GoblinManager: Failed to register cave at 48,4 (Terrain rejected)
GoblinManager: Failed to register cave at 93,38 (Terrain rejected)
GoblinManager: Failed to register cave at 49,14 (Terrain rejected)
GoblinManager: Failed to register cave at 69,42 (Terrain rejected)
GoblinManager: Failed to register cave at 95,51 (Terrain rejected)
GoblinManager: Failed to register cave at 43,48 (Terrain rejected)
GoblinManager: Failed to register cave at 6,76 (Terrain rejected)
GoblinManager: Failed to register cave at 37,73 (Terrain rejected)
GoblinManager: Failed to register cave at 68,47 (Terrain rejected)
GoblinManager: Failed to register cave at 7,10 (Terrain rejected)
GoblinManager: Failed to register cave at 64,38 (Terrain rejected)
GoblinManager: Failed to register cave at 83,32 (Terrain rejected)
GoblinManager: Failed to register cave at 56,87 (Terrain rejected)
GoblinManager: Failed to register cave at 79,90 (Terrain rejected)
GoblinManager: Failed to register cave at 13,87 (Terrain rejected)
GoblinManager: Failed to register cave at 3,52 (Terrain rejected)
GoblinManager: Failed to register cave at 30,1 (Terrain rejected)
GoblinManager: Failed to register cave at 46,72 (Terrain rejected)
GoblinManager: Failed to register cave at 97,91 (Terrain rejected)
GoblinManager: Failed to register cave at 31,70 (Terrain rejected)
GoblinManager: Failed to register cave at 91,5 (Terrain rejected)
GoblinManager: Failed to register cave at 23,72 (Terrain rejected)
GoblinManager: Failed to register cave at 87,84 (Terrain rejected)
GoblinManager: Failed to register cave at 31,5 (Terrain rejected)
GoblinManager: Failed to register cave at 98,78 (Terrain rejected)
GoblinManager: Failed to register cave at 56,93 (Terrain rejected)
GoblinManager: Failed to register cave at 33,2 (Terrain rejected)
GoblinManager: Failed to register cave at 35,72 (Terrain rejected)
GoblinManager: Failed to register cave at 37,83 (Terrain rejected)
GoblinManager: Failed to register cave at 86,75 (Terrain rejected)
GoblinManager: Failed to register cave at 42,52 (Terrain rejected)
GoblinManager: Failed to register cave at 12,34 (Terrain rejected)
GoblinManager: Failed to register cave at 36,9 (Terrain rejected)
GoblinManager: Failed to register cave at 64,83 (Terrain rejected)
GoblinManager: Failed to register cave at 3,80 (Terrain rejected)
GoblinManager: Failed to register cave at 70,90 (Terrain rejected)
GoblinManager: Failed to register cave at 14,34 (Terrain rejected)
GoblinManager: Failed to register cave at 88,9 (Terrain rejected)
GoblinManager: Failed to register cave at 33,15 (Terrain rejected)
GoblinManager: Failed to register cave at 47,26 (Terrain rejected)
GoblinManager: Failed to register cave at 72,92 (Terrain rejected)
GoblinManager: Failed to register cave at 49,2 (Terrain rejected)
GoblinManager: Failed to register cave at 39,43 (Terrain rejected)
GoblinManager: Failed to register cave at 46,64 (Terrain rejected)
GoblinManager: Failed to register cave at 3,46 (Terrain rejected)
GoblinManager: Failed to register cave at 2,79 (Terrain rejected)
GoblinManager: Failed to register cave at 63,44 (Terrain rejected)
GoblinManager: Failed to register cave at 42,55 (Terrain rejected)
GoblinManager: Failed to register cave at 34,9 (Terrain rejected)
GoblinManager: Failed to register cave at 29,36 (Terrain rejected)
GoblinManager: Failed to register cave at 15,87 (Terrain rejected)
GoblinManager: Failed to register cave at 42,3 (Terrain rejected)
GoblinManager: Failed to register cave at 51,73 (Terrain rejected)
GoblinManager: Failed to register cave at 85,93 (Terrain rejected)
GoblinManager: Failed to register cave at 52,54 (Terrain rejected)
GoblinManager: Failed to register cave at 93,20 (Terrain rejected)
GoblinManager: Failed to register cave at 23,30 (Terrain rejected)
GoblinManager: Failed to register cave at 51,86 (Terrain rejected)
GoblinManager: Failed to register cave at 45,21 (Terrain rejected)
GoblinManager: Failed to register cave at 8,63 (Terrain rejected)
GoblinManager: Failed to register cave at 6,47 (Terrain rejected)
GoblinManager: Failed to register cave at 22,75 (Terrain rejected)
GoblinManager: Failed to register cave at 35,95 (Terrain rejected)
GoblinManager: Failed to register cave at 65,5 (Terrain rejected)
GoblinManager: Failed to register cave at 9,33 (Terrain rejected)
GoblinManager: Failed to register cave at 93,81 (Terrain rejected)
GoblinManager: Failed to register cave at 9,86 (Terrain rejected)
GoblinManager: Failed to register cave at 27,85 (Terrain rejected)
GoblinManager: Failed to register cave at 6,23 (Terrain rejected)
GoblinManager: Failed to register cave at 46,74 (Terrain rejected)
GoblinManager: Failed to register cave at 89,11 (Terrain rejected)
GoblinManager: Failed to register cave at 24,21 (Terrain rejected)
GoblinManager: Failed to register cave at 12,44 (Terrain rejected)
GoblinManager: Failed to register cave at 88,38 (Terrain rejected)
GoblinManager: Failed to register cave at 92,75 (Terrain rejected)
GoblinManager: Failed to register cave at 52,41 (Terrain rejected)
GoblinManager: Failed to register cave at 9,67 (Terrain rejected)
GoblinManager: Failed to register cave at 92,30 (Terrain rejected)
GoblinManager: Failed to register cave at 59,14 (Terrain rejected)
GoblinManager: Failed to register cave at 55,77 (Terrain rejected)
GoblinManager: Failed to register cave at 95,36 (Terrain rejected)
GoblinManager: Failed to register cave at 21,68 (Terrain rejected)
GoblinManager: Failed to register cave at 47,28 (Terrain rejected)
GoblinManager: Failed to register cave at 20,29 (Terrain rejected)
GoblinManager: Failed to register cave at 44,58 (Terrain rejected)
GoblinManager: Failed to register cave at 94,41 (Terrain rejected)
GoblinManager: Failed to register cave at 33,36 (Terrain rejected)
GoblinManager: Failed to register cave at 66,7 (Terrain rejected)
GoblinManager: Failed to register cave at 23,41 (Terrain rejected)
GoblinManager: Failed to register cave at 43,14 (Terrain rejected)
GoblinManager: Failed to register cave at 8,95 (Terrain rejected)
GoblinManager: Failed to register cave at 72,13 (Terrain rejected)
GoblinManager: Failed to register cave at 59,27 (Terrain rejected)
GoblinManager: Failed to register cave at 84,47 (Terrain rejected)
GoblinManager: Failed to register cave at 80,94 (Terrain rejected)
GoblinManager: Failed to register cave at 61,64 (Terrain rejected)
GoblinManager: Failed to register cave at 10,63 (Terrain rejected)
GoblinManager: Failed to register cave at 75,27 (Terrain rejected)
GoblinManager: Failed to register cave at 48,29 (Terrain rejected)
GoblinManager: Failed to register cave at 8,36 (Terrain rejected)
GoblinManager: Failed to register cave at 41,36 (Terrain rejected)
GoblinManager: Failed to register cave at 97,30 (Terrain rejected)
GoblinManager: Failed to register cave at 42,27 (Terrain rejected)
GoblinManager: Failed to register cave at 15,58 (Terrain rejected)
GoblinManager: Failed to register cave at 90,68 (Terrain rejected)
GoblinManager: Failed to register cave at 14,72 (Terrain rejected)
GoblinManager: Failed to register cave at 91,62 (Terrain rejected)
GoblinManager: Failed to register cave at 84,80 (Terrain rejected)
GoblinManager: Failed to register cave at 6,64 (Terrain rejected)
GoblinManager: Failed to register cave at 13,28 (Terrain rejected)
GoblinManager: Failed to register cave at 85,40 (Terrain rejected)
GoblinManager: Failed to register cave at 48,0 (Terrain rejected)
GoblinManager: Failed to register cave at 77,32 (Terrain rejected)
GoblinManager: Failed to register cave at 15,9 (Terrain rejected)
GoblinManager: Failed to register cave at 43,34 (Terrain rejected)
GoblinManager: Failed to register cave at 58,10 (Terrain rejected)
GoblinManager: Failed to register cave at 26,16 (Terrain rejected)
GoblinManager: Failed to register cave at 38,21 (Terrain rejected)
GoblinManager: Failed to register cave at 59,32 (Terrain rejected)
GoblinManager: Failed to register cave at 25,46 (Terrain rejected)
GoblinManager: Failed to register cave at 66,58 (Terrain rejected)
GoblinManager: Failed to register cave at 33,7 (Terrain rejected)
GoblinManager: Failed to register cave at 95,67 (Terrain rejected)
GoblinManager: Failed to register cave at 7,17 (Terrain rejected)
GoblinManager: Failed to register cave at 64,63 (Terrain rejected)
GoblinManager: Failed to register cave at 8,96 (Terrain rejected)
GoblinManager: Failed to register cave at 74,24 (Terrain rejected)
GoblinManager: Failed to register cave at 16,98 (Terrain rejected)
GoblinManager: Failed to register cave at 65,3 (Terrain rejected)
GoblinManager: Failed to register cave at 7,21 (Terrain rejected)
GoblinManager: Failed to register cave at 39,17 (Terrain rejected)
GoblinManager: Failed to register cave at 14,13 (Terrain rejected)
GoblinManager: Failed to register cave at 95,69 (Terrain rejected)
GoblinManager: Failed to register cave at 25,19 (Terrain rejected)
GoblinManager: Failed to register cave at 8,21 (Terrain rejected)
GoblinManager: Failed to register cave at 89,75 (Terrain rejected)
GoblinManager: Failed to register cave at 55,35 (Terrain rejected)
GoblinManager: Failed to register cave at 93,70 (Terrain rejected)
GoblinManager: Failed to register cave at 61,76 (Terrain rejected)
GoblinManager: Failed to register cave at 52,33 (Terrain rejected)
GoblinManager: Failed to register cave at 7,79 (Terrain rejected)
GoblinManager: Failed to register cave at 66,92 (Terrain rejected)
GoblinManager: Failed to register cave at 33,10 (Terrain rejected)
GoblinManager: Failed to register cave at 79,54 (Terrain rejected)
GoblinManager: Failed to register cave at 20,92 (Terrain rejected)
GoblinManager: Failed to register cave at 9,94 (Terrain rejected)
GoblinManager: Failed to register cave at 63,9 (Terrain rejected)
GoblinManager: Failed to register cave at 10,40 (Terrain rejected)
GoblinManager: Failed to register cave at 58,68 (Terrain rejected)
GoblinManager: Failed to register cave at 67,29 (Terrain rejected)
GoblinManager: Failed to register cave at 84,67 (Terrain rejected)
GoblinManager: Failed to register cave at 86,14 (Terrain rejected)
GoblinManager: Failed to register cave at 33,15 (Terrain rejected)
GoblinManager: Failed to register cave at 74,71 (Terrain rejected)
GoblinManager: Failed to register cave at 17,79 (Terrain rejected)
GoblinManager: Failed to register cave at 6,75 (Terrain rejected)
GoblinManager: Failed to register cave at 12,15 (Terrain rejected)
GoblinManager: Failed to register cave at 4,28 (Terrain rejected)
GoblinManager: Failed to register cave at 72,96 (Terrain rejected)
GoblinManager: Failed to register cave at 3,85 (Terrain rejected)
GoblinManager: Failed to register cave at 75,72 (Terrain rejected)
GoblinManager: Failed to register cave at 27,18 (Terrain rejected)
GoblinManager: Failed to register cave at 1,57 (Terrain rejected)
GoblinManager: Failed to register cave at 82,37 (Terrain rejected)
GoblinManager: Failed to register cave at 50,81 (Terrain rejected)
GoblinManager: Failed to register cave at 23,46 (Terrain rejected)
GoblinManager: Failed to register cave at 91,3 (Terrain rejected)
GoblinManager: Failed to register cave at 60,30 (Terrain rejected)
GoblinManager: Failed to register cave at 20,90 (Terrain rejected)
GoblinManager: Failed to register cave at 10,30 (Terrain rejected)
GoblinManager: Failed to register cave at 87,48 (Terrain rejected)
GoblinManager: Failed to register cave at 57,39 (Terrain rejected)
GoblinManager: Failed to register cave at 69,44 (Terrain rejected)
GoblinManager: Failed to register cave at 78,58 (Terrain rejected)
GoblinManager: Failed to register cave at 56,87 (Terrain rejected)
GoblinManager: Failed to register cave at 60,71 (Terrain rejected)
GoblinManager: Failed to register cave at 93,10 (Terrain rejected)
GoblinManager: Failed to register cave at 8,12 (Terrain rejected)
GoblinManager: Failed to register cave at 66,41 (Terrain rejected)
GoblinManager: Failed to register cave at 96,82 (Terrain rejected)
GoblinManager: Failed to register cave at 88,69 (Terrain rejected)
GoblinManager: Failed to register cave at 84,80 (Terrain rejected)
GoblinManager: Failed to register cave at 63,56 (Terrain rejected)
GoblinManager: Failed to register cave at 87,44 (Terrain rejected)
GoblinManager: Failed to register cave at 53,62 (Terrain rejected)
GoblinManager: Failed to register cave at 14,24 (Terrain rejected)
GoblinManager: Failed to register cave at 1,9 (Terrain rejected)
GoblinManager: Failed to register cave at 95,18 (Terrain rejected)
GoblinManager: Failed to register cave at 88,13 (Terrain rejected)
GoblinManager: Failed to register cave at 64,33 (Terrain rejected)
GoblinManager: Failed to register cave at 0,87 (Terrain rejected)
GoblinManager: Failed to register cave at 4,30 (Terrain rejected)
GoblinManager: Failed to register cave at 47,15 (Terrain rejected)
GoblinManager: Failed to register cave at 19,72 (Terrain rejected)
GoblinManager: Failed to register cave at 65,98 (Terrain rejected)
GoblinManager: Failed to register cave at 16,84 (Terrain rejected)
GoblinManager: Failed to register cave at 28,3 (Terrain rejected)
GoblinManager: Failed to register cave at 12,58 (Terrain rejected)
GoblinManager: Failed to register cave at 19,80 (Terrain rejected)
GoblinManager: Failed to register cave at 15,19 (Terrain rejected)
GoblinManager: Failed to register cave at 81,28 (Terrain rejected)
GoblinManager: Failed to register cave at 61,48 (Terrain rejected)
GoblinManager: Failed to register cave at 90,1 (Terrain rejected)
GoblinManager: Failed to register cave at 72,19 (Terrain rejected)
GoblinManager: Failed to register cave at 41,87 (Terrain rejected)
GoblinManager: Failed to register cave at 97,45 (Terrain rejected)
GoblinManager: Failed to register cave at 34,96 (Terrain rejected)
GoblinManager: Failed to register cave at 62,57 (Terrain rejected)
GoblinManager: Failed to register cave at 72,11 (Terrain rejected)
GoblinManager: Failed to register cave at 43,21 (Terrain rejected)
GoblinManager: Failed to register cave at 22,19 (Terrain rejected)
GoblinManager: Failed to register cave at 2,28 (Terrain rejected)
GoblinManager: Failed to register cave at 9,55 (Terrain rejected)
GoblinManager: Failed to register cave at 89,35 (Terrain rejected)
GoblinManager: Failed to register cave at 59,8 (Terrain rejected)
GoblinManager: Failed to register cave at 30,19 (Terrain rejected)
GoblinManager: Failed to register cave at 12,45 (Terrain rejected)
GoblinManager: Failed to register cave at 49,96 (Terrain rejected)
GoblinManager: Failed to register cave at 83,8 (Terrain rejected)
GoblinManager: Failed to register cave at 80,85 (Terrain rejected)
GoblinManager: Failed to register cave at 44,27 (Terrain rejected)
GoblinManager: Failed to register cave at 77,71 (Terrain rejected)
GoblinManager: Failed to register cave at 77,46 (Terrain rejected)
GoblinManager: Failed to register cave at 6,32 (Terrain rejected)
GoblinManager: Failed to register cave at 67,58 (Terrain rejected)
GoblinManager: Failed to register cave at 70,53 (Terrain rejected)
GoblinManager: Failed to register cave at 81,22 (Terrain rejected)
GoblinManager: Failed to register cave at 85,93 (Terrain rejected)
GoblinManager: Failed to register cave at 70,60 (Terrain rejected)
GoblinManager: Failed to register cave at 29,29 (Terrain rejected)
GoblinManager: Failed to register cave at 85,81 (Terrain rejected)
GoblinManager: Failed to register cave at 12,90 (Terrain rejected)
GoblinManager: Failed to register cave at 26,16 (Terrain rejected)
GoblinManager: Failed to register cave at 69,80 (Terrain rejected)
GoblinManager: Failed to register cave at 78,80 (Terrain rejected)
GoblinManager: Failed to register cave at 18,16 (Terrain rejected)
GoblinManager: Failed to register cave at 64,73 (Terrain rejected)
GoblinManager: Failed to register cave at 79,50 (Terrain rejected)
GoblinManager: Failed to register cave at 47,57 (Terrain rejected)
GoblinManager: Failed to register cave at 75,23 (Terrain rejected)
GoblinManager: Failed to register cave at 1,84 (Terrain rejected)
GoblinManager: Failed to register cave at 87,19 (Terrain rejected)
GoblinManager: Failed to register cave at 47,50 (Terrain rejected)
GoblinManager: Failed to register cave at 45,97 (Terrain rejected)
GoblinManager: Failed to register cave at 0,31 (Terrain rejected)
GoblinManager: Failed to register cave at 44,4 (Terrain rejected)
GoblinManager: Failed to register cave at 54,19 (Terrain rejected)
GoblinManager: Failed to register cave at 79,68 (Terrain rejected)
GoblinManager: Failed to register cave at 27,61 (Terrain rejected)
GoblinManager: Failed to register cave at 61,28 (Terrain rejected)
GoblinManager: Failed to register cave at 70,12 (Terrain rejected)
GoblinManager: Failed to register cave at 29,68 (Terrain rejected)
GoblinManager: Failed to register cave at 46,67 (Terrain rejected)
GoblinManager: Failed to register cave at 53,47 (Terrain rejected)
GoblinManager: Failed to register cave at 23,4 (Terrain rejected)
GoblinManager: Failed to register cave at 76,44 (Terrain rejected)
GoblinManager: Failed to register cave at 17,50 (Terrain rejected)
GoblinManager: Failed to register cave at 46,13 (Terrain rejected)
GoblinManager: Failed to register cave at 8,46 (Terrain rejected)
GoblinManager: Failed to register cave at 22,68 (Terrain rejected)
GoblinManager: Failed to register cave at 10,69 (Terrain rejected)
GoblinManager: Failed to register cave at 15,56 (Terrain rejected)
GoblinManager: Failed to register cave at 24,66 (Terrain rejected)
GoblinManager: Failed to register cave at 13,19 (Terrain rejected)
GoblinManager: Failed to register cave at 52,80 (Terrain rejected)
GoblinManager: Failed to register cave at 61,62 (Terrain rejected)
GoblinManager: Failed to register cave at 17,64 (Terrain rejected)
GoblinManager: Failed to register cave at 42,63 (Terrain rejected)
GoblinManager: Failed to register cave at 52,6 (Terrain rejected)
GoblinManager: Failed to register cave at 55,29 (Terrain rejected)
GoblinManager: Failed to register cave at 74,58 (Terrain rejected)
GoblinManager: Failed to register cave at 47,97 (Terrain rejected)
GoblinManager: Failed to register cave at 14,81 (Terrain rejected)
GoblinManager: Failed to register cave at 67,10 (Terrain rejected)
GoblinManager: Failed to register cave at 4,7 (Terrain rejected)
GoblinManager: Failed to register cave at 63,16 (Terrain rejected)
GoblinManager: Failed to register cave at 51,19 (Terrain rejected)
GoblinManager: Failed to register cave at 64,94 (Terrain rejected)
GoblinManager: Failed to register cave at 40,45 (Terrain rejected)
GoblinManager: Failed to register cave at 47,4 (Terrain rejected)
GoblinManager: Failed to register cave at 61,51 (Terrain rejected)
GoblinManager: Failed to register cave at 92,72 (Terrain rejected)
GoblinManager: Failed to register cave at 50,7 (Terrain rejected)
GoblinManager: Failed to register cave at 3,34 (Terrain rejected)
GoblinManager: Failed to register cave at 49,30 (Terrain rejected)
GoblinManager: Failed to register cave at 0,88 (Terrain rejected)
GoblinManager: Failed to register cave at 15,14 (Terrain rejected)
GoblinManager: Failed to register cave at 92,20 (Terrain rejected)
GoblinManager: Failed to register cave at 28,51 (Terrain rejected)
GoblinManager: Failed to register cave at 62,3 (Terrain rejected)
GoblinManager: Failed to register cave at 15,71 (Terrain rejected)
GoblinManager: Failed to register cave at 2,51 (Terrain rejected)
GoblinManager: Failed to register cave at 49,10 (Terrain rejected)
GoblinManager: Failed to register cave at 86,58 (Terrain rejected)
GoblinManager: Failed to register cave at 52,17 (Terrain rejected)
GoblinManager: Failed to register cave at 42,79 (Terrain rejected)
GoblinManager: Failed to register cave at 86,55 (Terrain rejected)
GoblinManager: Failed to register cave at 24,20 (Terrain rejected)
GoblinManager: Failed to register cave at 27,18 (Terrain rejected)
GoblinManager: Failed to register cave at 53,63 (Terrain rejected)
GoblinManager: Failed to register cave at 84,2 (Terrain rejected)
GoblinManager: Failed to register cave at 94,28 (Terrain rejected)
GoblinManager: Failed to register cave at 10,50 (Terrain rejected)
GoblinManager: Failed to register cave at 3,24 (Terrain rejected)
GoblinManager: Failed to register cave at 40,46 (Terrain rejected)
GoblinManager: Failed to register cave at 33,95 (Terrain rejected)
GoblinManager: Failed to register cave at 79,12 (Terrain rejected)
GoblinManager: Failed to register cave at 34,19 (Terrain rejected)
GoblinManager: Failed to register cave at 13,82 (Terrain rejected)
GoblinManager: Failed to register cave at 83,4 (Terrain rejected)
GoblinManager: Failed to register cave at 38,18 (Terrain rejected)
GoblinManager: Failed to register cave at 1,71 (Terrain rejected)
GoblinManager: Failed to register cave at 64,64 (Terrain rejected)
GoblinManager: Failed to register cave at 69,56 (Terrain rejected)
GoblinManager: Failed to register cave at 28,19 (Terrain rejected)
GoblinManager: Failed to register cave at 1,70 (Terrain rejected)
GoblinManager: Failed to register cave at 11,81 (Terrain rejected)
GoblinManager: Failed to register cave at 24,63 (Terrain rejected)
GoblinManager: Failed to register cave at 63,24 (Terrain rejected)
GoblinManager: Failed to register cave at 96,42 (Terrain rejected)
GoblinManager: Failed to register cave at 45,98 (Terrain rejected)
GoblinManager: Failed to register cave at 24,90 (Terrain rejected)
GoblinManager: Failed to register cave at 61,80 (Terrain rejected)
GoblinManager: Failed to register cave at 12,23 (Terrain rejected)
GoblinManager: Failed to register cave at 71,56 (Terrain rejected)
GoblinManager: Failed to register cave at 45,99 (Terrain rejected)
GoblinManager: Failed to register cave at 26,3 (Terrain rejected)
GoblinManager: Failed to register cave at 75,21 (Terrain rejected)
GoblinManager: Failed to register cave at 47,10 (Terrain rejected)
GoblinManager: Failed to register cave at 35,59 (Terrain rejected)
GoblinManager: Failed to register cave at 53,5 (Terrain rejected)
GoblinManager: Failed to register cave at 16,23 (Terrain rejected)
GoblinManager: Failed to register cave at 56,13 (Terrain rejected)
GoblinManager: Failed to register cave at 75,5 (Terrain rejected)
GoblinManager: Failed to register cave at 48,51 (Terrain rejected)
GoblinManager: Failed to register cave at 52,59 (Terrain rejected)
GoblinManager: Failed to register cave at 61,37 (Terrain rejected)
GoblinManager: Failed to register cave at 73,18 (Terrain rejected)
GoblinManager: Failed to register cave at 54,94 (Terrain rejected)
GoblinManager: Failed to register cave at 95,91 (Terrain rejected)
GoblinManager: Failed to register cave at 28,53 (Terrain rejected)
GoblinManager: Failed to register cave at 29,20 (Terrain rejected)
GoblinManager: Failed to register cave at 89,86 (Terrain rejected)
GoblinManager: Failed to register cave at 97,73 (Terrain rejected)
GoblinManager: Failed to register cave at 75,41 (Terrain rejected)
GoblinManager: Failed to register cave at 62,16 (Terrain rejected)
GoblinManager: Failed to register cave at 18,11 (Terrain rejected)
GoblinManager: Failed to register cave at 3,91 (Terrain rejected)
GoblinManager: Failed to register cave at 87,58 (Terrain rejected)
GoblinManager: Failed to register cave at 60,78 (Terrain rejected)
GoblinManager: Failed to register cave at 34,96 (Terrain rejected)
GoblinManager: Failed to register cave at 35,16 (Terrain rejected)
GoblinManager: Failed to register cave at 79,5 (Terrain rejected)
GoblinManager: Failed to register cave at 86,0 (Terrain rejected)
GoblinManager: Failed to register cave at 37,40 (Terrain rejected)
GoblinManager: Failed to register cave at 12,39 (Terrain rejected)
GoblinManager: Failed to register cave at 83,22 (Terrain rejected)
GoblinManager: Failed to register cave at 61,36 (Terrain rejected)
GoblinManager: Failed to register cave at 75,32 (Terrain rejected)
GoblinManager: Failed to register cave at 18,80 (Terrain rejected)
GoblinManager: Failed to register cave at 34,39 (Terrain rejected)
GoblinManager: Failed to register cave at 16,41 (Terrain rejected)
GoblinManager: Failed to register cave at 65,52 (Terrain rejected)
GoblinManager: Failed to register cave at 99,43 (Terrain rejected)
GoblinManager: Failed to register cave at 17,32 (Terrain rejected)
GoblinManager: Failed to register cave at 77,73 (Terrain rejected)
GoblinManager: Failed to register cave at 47,5 (Terrain rejected)
GoblinManager: Failed to register cave at 71,98 (Terrain rejected)
GoblinManager: Failed to register cave at 66,62 (Terrain rejected)
GoblinManager: Failed to register cave at 35,51 (Terrain rejected)
GoblinManager: Failed to register cave at 44,97 (Terrain rejected)
GoblinManager: Failed to register cave at 56,92 (Terrain rejected)
GoblinManager: Failed to register cave at 10,59 (Terrain rejected)
GoblinManager: Failed to register cave at 8,36 (Terrain rejected)
GoblinManager: Failed to register cave at 74,40 (Terrain rejected)
GoblinManager: Failed to register cave at 68,87 (Terrain rejected)
GoblinManager: Failed to register cave at 12,30 (Terrain rejected)
GoblinManager: Failed to register cave at 24,91 (Terrain rejected)
GoblinManager: Failed to register cave at 90,89 (Terrain rejected)
GoblinManager: Failed to register cave at 29,52 (Terrain rejected)
GoblinManager: Failed to register cave at 6,57 (Terrain rejected)
GoblinManager: Failed to register cave at 2,4 (Terrain rejected)
GoblinManager: Failed to register cave at 65,5 (Terrain rejected)
GoblinManager: Failed to register cave at 27,68 (Terrain rejected)
GoblinManager: Failed to register cave at 74,90 (Terrain rejected)
GoblinManager: Failed to register cave at 40,39 (Terrain rejected)
GoblinManager: Failed to register cave at 40,63 (Terrain rejected)
GoblinManager: Failed to register cave at 98,3 (Terrain rejected)
GoblinManager: Failed to register cave at 99,56 (Terrain rejected)
GoblinManager: Failed to register cave at 1,19 (Terrain rejected)
GoblinManager: Failed to register cave at 73,53 (Terrain rejected)
GoblinManager: Failed to register cave at 14,33 (Terrain rejected)
GoblinManager: Failed to register cave at 80,2 (Terrain rejected)
GoblinManager: Failed to register cave at 67,1 (Terrain rejected)
GoblinManager: Failed to register cave at 61,36 (Terrain rejected)
GoblinManager: Failed to register cave at 74,85 (Terrain rejected)
GoblinManager: Failed to register cave at 90,3 (Terrain rejected)
GoblinManager: Failed to register cave at 85,70 (Terrain rejected)
GoblinManager: Failed to register cave at 6,97 (Terrain rejected)
GoblinManager: Failed to register cave at 91,84 (Terrain rejected)
GoblinManager: Failed to register cave at 60,63 (Terrain rejected)
GoblinManager: Failed to register cave at 45,52 (Terrain rejected)
GoblinManager: Failed to register cave at 95,13 (Terrain rejected)
GoblinManager: Failed to register cave at 29,80 (Terrain rejected)
GoblinManager: Failed to register cave at 18,19 (Terrain rejected)
GoblinManager: Failed to register cave at 46,21 (Terrain rejected)
GoblinManager: Failed to register cave at 18,57 (Terrain rejected)
GoblinManager: Failed to register cave at 88,62 (Terrain rejected)
GoblinManager: Failed to register cave at 84,46 (Terrain rejected)
GoblinManager: Failed to register cave at 46,61 (Terrain rejected)
GoblinManager: Failed to register cave at 81,38 (Terrain rejected)
GoblinManager: Failed to register cave at 54,60 (Terrain rejected)
GoblinManager: Failed to register cave at 24,76 (Terrain rejected)
GoblinManager: Failed to register cave at 22,35 (Terrain rejected)
GoblinManager: Failed to register cave at 58,61 (Terrain rejected)
GoblinManager: Failed to register cave at 12,22 (Terrain rejected)
GoblinManager: Failed to register cave at 35,87 (Terrain rejected)
GoblinManager: Failed to register cave at 97,15 (Terrain rejected)
GoblinManager: Failed to register cave at 33,31 (Terrain rejected)
GoblinManager: Failed to register cave at 12,27 (Terrain rejected)
GoblinManager: Failed to register cave at 98,74 (Terrain rejected)
GoblinManager: Failed to register cave at 3,26 (Terrain rejected)
GoblinManager: Failed to register cave at 43,24 (Terrain rejected)
GoblinManager: Failed to register cave at 70,91 (Terrain rejected)
GoblinManager: Failed to register cave at 43,90 (Terrain rejected)
GoblinManager: Failed to register cave at 22,63 (Terrain rejected)
GoblinManager: Failed to register cave at 92,98 (Terrain rejected)
GoblinManager: Failed to register cave at 0,95 (Terrain rejected)
GoblinManager: Failed to register cave at 57,67 (Terrain rejected)
GoblinManager: Failed to register cave at 78,82 (Terrain rejected)
GoblinManager: Failed to register cave at 66,6 (Terrain rejected)
GoblinManager: Failed to register cave at 31,30 (Terrain rejected)
GoblinManager: Failed to register cave at 24,96 (Terrain rejected)
GoblinManager: Failed to register cave at 12,78 (Terrain rejected)
GoblinManager: Failed to register cave at 65,56 (Terrain rejected)
GoblinManager: Failed to register cave at 4,24 (Terrain rejected)
GoblinManager: Failed to register cave at 31,65 (Terrain rejected)
GoblinManager: Failed to register cave at 36,26 (Terrain rejected)
GoblinManager: Failed to register cave at 66,55 (Terrain rejected)
GoblinManager: Failed to register cave at 77,25 (Terrain rejected)
GoblinManager: Failed to register cave at 69,0 (Terrain rejected)
GoblinManager: Failed to register cave at 89,75 (Terrain rejected)
GoblinManager: Failed to register cave at 19,80 (Terrain rejected)
GoblinManager: Failed to register cave at 14,61 (Terrain rejected)
GoblinManager: Failed to register cave at 23,84 (Terrain rejected)
GoblinManager: Failed to register cave at 83,82 (Terrain rejected)
GoblinManager: Failed to register cave at 57,77 (Terrain rejected)
GoblinManager: Failed to register cave at 13,35 (Terrain rejected)
GoblinManager: Failed to register cave at 56,13 (Terrain rejected)
GoblinManager: Failed to register cave at 13,4 (Terrain rejected)
GoblinManager: Failed to register cave at 66,68 (Terrain rejected)
GoblinManager: Failed to register cave at 46,36 (Terrain rejected)
GoblinManager: Failed to register cave at 85,88 (Terrain rejected)
GoblinManager: Failed to register cave at 88,80 (Terrain rejected)
GoblinManager: Failed to register cave at 38,29 (Terrain rejected)
GoblinManager: Failed to register cave at 65,0 (Terrain rejected)
GoblinManager: Failed to register cave at 52,23 (Terrain rejected)
GoblinManager: Failed to register cave at 4,9 (Terrain rejected)
GoblinManager: Failed to register cave at 40,19 (Terrain rejected)
GoblinManager: Failed to register cave at 59,52 (Terrain rejected)
GoblinManager: Failed to register cave at 14,28 (Terrain rejected)
GoblinManager: Failed to register cave at 82,77 (Terrain rejected)
GoblinManager: Failed to register cave at 67,50 (Terrain rejected)
GoblinManager: Failed to register cave at 97,35 (Terrain rejected)
GoblinManager: Failed to register cave at 78,42 (Terrain rejected)
GoblinManager: Failed to register cave at 37,69 (Terrain rejected)
GoblinManager: Failed to register cave at 26,23 (Terrain rejected)
GoblinManager: Failed to register cave at 31,71 (Terrain rejected)
GoblinManager: Failed to register cave at 57,80 (Terrain rejected)
GoblinManager: Failed to register cave at 2,49 (Terrain rejected)
GoblinManager: Failed to register cave at 57,9 (Terrain rejected)
GoblinManager: Failed to register cave at 85,49 (Terrain rejected)
GoblinManager: Failed to register cave at 8,19 (Terrain rejected)
GoblinManager: Failed to register cave at 27,91 (Terrain rejected)
GoblinManager: Failed to register cave at 75,47 (Terrain rejected)
GoblinManager: Failed to register cave at 80,79 (Terrain rejected)
GoblinManager: Failed to register cave at 11,8 (Terrain rejected)
GoblinManager: Failed to register cave at 69,26 (Terrain rejected)
GoblinManager: Failed to register cave at 83,21 (Terrain rejected)
GoblinManager: Failed to register cave at 26,92 (Terrain rejected)
GoblinManager: Failed to register cave at 18,88 (Terrain rejected)
GoblinManager: Failed to register cave at 69,65 (Terrain rejected)
GoblinManager: Failed to register cave at 79,64 (Terrain rejected)
GoblinManager: Failed to register cave at 29,78 (Terrain rejected)
GoblinManager: Failed to register cave at 50,4 (Terrain rejected)
GoblinManager: Failed to register cave at 70,84 (Terrain rejected)
GoblinManager: Failed to register cave at 18,45 (Terrain rejected)
GoblinManager: Failed to register cave at 16,41 (Terrain rejected)
GoblinManager: Failed to register cave at 30,46 (Terrain rejected)
GoblinManager: Failed to register cave at 11,58 (Terrain rejected)
GoblinManager: Failed to register cave at 27,91 (Terrain rejected)
GoblinManager: Failed to register cave at 15,92 (Terrain rejected)
GoblinManager: Failed to register cave at 94,27 (Terrain rejected)
GoblinManager: Failed to register cave at 62,4 (Terrain rejected)
GoblinManager: Failed to register cave at 42,15 (Terrain rejected)
GoblinManager: Failed to register cave at 93,74 (Terrain rejected)
GoblinManager: Failed to register cave at 3,39 (Terrain rejected)
GoblinManager: Failed to register cave at 24,39 (Terrain rejected)
GoblinManager: Failed to register cave at 98,44 (Terrain rejected)
GoblinManager: Failed to register cave at 46,22 (Terrain rejected)
GoblinManager: Failed to register cave at 65,27 (Terrain rejected)
GoblinManager: Failed to register cave at 76,6 (Terrain rejected)
GoblinManager: Failed to register cave at 63,39 (Terrain rejected)
GoblinManager: Failed to register cave at 28,26 (Terrain rejected)
GoblinManager: Failed to register cave at 62,15 (Terrain rejected)
GoblinManager: Failed to register cave at 94,88 (Terrain rejected)
GoblinManager: Failed to register cave at 42,85 (Terrain rejected)
GoblinManager: Failed to register cave at 98,97 (Terrain rejected)
GoblinManager: Failed to register cave at 70,35 (Terrain rejected)
GoblinManager: Failed to register cave at 50,80 (Terrain rejected)
GoblinManager: Failed to register cave at 43,32 (Terrain rejected)
GoblinManager: Failed to register cave at 95,44 (Terrain rejected)
GoblinManager: Failed to register cave at 72,29 (Terrain rejected)
GoblinManager: Failed to register cave at 55,74 (Terrain rejected)
GoblinManager: Failed to register cave at 11,54 (Terrain rejected)
GoblinManager: Failed to register cave at 77,72 (Terrain rejected)
GoblinManager: Failed to register cave at 97,51 (Terrain rejected)
GoblinManager: Failed to register cave at 98,42 (Terrain rejected)
GoblinManager: Failed to register cave at 93,73 (Terrain rejected)
GoblinManager: Failed to register cave at 92,2 (Terrain rejected)
GoblinManager: Failed to register cave at 65,33 (Terrain rejected)
GoblinManager: Failed to register cave at 63,76 (Terrain rejected)
GoblinManager: Failed to register cave at 98,25 (Terrain rejected)
GoblinManager: Failed to register cave at 35,35 (Terrain rejected)
GoblinManager: Failed to register cave at 81,2 (Terrain rejected)
GoblinManager: Failed to register cave at 30,17 (Terrain rejected)
GoblinManager: Failed to register cave at 75,18 (Terrain rejected)
GoblinManager: Failed to register cave at 68,50 (Terrain rejected)
GoblinManager: Failed to register cave at 61,22 (Terrain rejected)
GoblinManager: Failed to register cave at 0,21 (Terrain rejected)
GoblinManager: Failed to register cave at 23,18 (Terrain rejected)
GoblinManager: Failed to register cave at 30,14 (Terrain rejected)
GoblinManager: Failed to register cave at 55,64 (Terrain rejected)
GoblinManager: Failed to register cave at 45,80 (Terrain rejected)
GoblinManager: Failed to register cave at 97,63 (Terrain rejected)
GoblinManager: Failed to register cave at 55,8 (Terrain rejected)
GoblinManager: Failed to register cave at 80,76 (Terrain rejected)
GoblinManager: Failed to register cave at 17,46 (Terrain rejected)
GoblinManager: Failed to register cave at 33,2 (Terrain rejected)
GoblinManager: Failed to register cave at 13,21 (Terrain rejected)
GoblinManager: Failed to register cave at 5,31 (Terrain rejected)
GoblinManager: Failed to register cave at 27,18 (Terrain rejected)
GoblinManager: Failed to register cave at 25,39 (Terrain rejected)
GoblinManager: Failed to register cave at 93,77 (Terrain rejected)
GoblinManager: Failed to register cave at 10,1 (Terrain rejected)
GoblinManager: Failed to register cave at 42,10 (Terrain rejected)
GoblinManager: Failed to register cave at 81,62 (Terrain rejected)
GoblinManager: Failed to register cave at 47,40 (Terrain rejected)
GoblinManager: Failed to register cave at 15,73 (Terrain rejected)
GoblinManager: Failed to register cave at 0,74 (Terrain rejected)
GoblinManager: Failed to register cave at 4,76 (Terrain rejected)
GoblinManager: Failed to register cave at 0,90 (Terrain rejected)
GoblinManager: Failed to register cave at 84,34 (Terrain rejected)
GoblinManager: Failed to register cave at 0,19 (Terrain rejected)
GoblinManager: Failed to register cave at 16,6 (Terrain rejected)
GoblinManager: Failed to register cave at 79,46 (Terrain rejected)
GoblinManager: Failed to register cave at 16,36 (Terrain rejected)
GoblinManager: Failed to register cave at 60,56 (Terrain rejected)
GoblinManager: Failed to register cave at 3,78 (Terrain rejected)
GoblinManager: Failed to register cave at 46,75 (Terrain rejected)
GoblinManager: Failed to register cave at 7,59 (Terrain rejected)
GoblinManager: Failed to register cave at 86,88 (Terrain rejected)
GoblinManager: Failed to register cave at 89,30 (Terrain rejected)
GoblinManager: Failed to register cave at 73,46 (Terrain rejected)
GoblinManager: Failed to register cave at 26,17 (Terrain rejected)
GoblinManager: Failed to register cave at 17,99 (Terrain rejected)
GoblinManager: Failed to register cave at 96,66 (Terrain rejected)
GoblinManager: Failed to register cave at 48,53 (Terrain rejected)
GoblinManager: Failed to register cave at 44,15 (Terrain rejected)
GoblinManager: Failed to register cave at 84,29 (Terrain rejected)
GoblinManager: Failed to register cave at 32,28 (Terrain rejected)
GoblinManager: Failed to register cave at 65,44 (Terrain rejected)
GoblinManager: Failed to register cave at 14,41 (Terrain rejected)
GoblinManager: Failed to register cave at 72,0 (Terrain rejected)
GoblinManager: Failed to register cave at 3,41 (Terrain rejected)
GoblinManager: Failed to register cave at 51,72 (Terrain rejected)
GoblinManager: Failed to register cave at 68,23 (Terrain rejected)
GoblinManager: Failed to register cave at 42,9 (Terrain rejected)
GoblinManager: Failed to register cave at 54,26 (Terrain rejected)
GoblinManager: Failed to register cave at 92,7 (Terrain rejected)
GoblinManager: Failed to register cave at 98,59 (Terrain rejected)
GoblinManager: Failed to register cave at 32,96 (Terrain rejected)
GoblinManager: Failed to register cave at 40,96 (Terrain rejected)
GoblinManager: Failed to register cave at 29,61 (Terrain rejected)
GoblinManager: Failed to register cave at 85,67 (Terrain rejected)
GoblinManager: Failed to register cave at 39,94 (Terrain rejected)
GoblinManager: Failed to register cave at 83,24 (Terrain rejected)
GoblinManager: Failed to register cave at 19,10 (Terrain rejected)
GoblinManager: Failed to register cave at 14,83 (Terrain rejected)
GoblinManager: Failed to register cave at 53,71 (Terrain rejected)
GoblinManager: Failed to register cave at 97,29 (Terrain rejected)
GoblinManager: Failed to register cave at 93,31 (Terrain rejected)
GoblinManager: Failed to register cave at 67,9 (Terrain rejected)
GoblinManager: Failed to register cave at 68,88 (Terrain rejected)
GoblinManager: Failed to register cave at 98,18 (Terrain rejected)
GoblinManager: Failed to register cave at 17,44 (Terrain rejected)
GoblinManager: Failed to register cave at 98,71 (Terrain rejected)
GoblinManager: Failed to register cave at 55,51 (Terrain rejected)
GoblinManager: Failed to register cave at 12,53 (Terrain rejected)
GoblinManager: Failed to register cave at 67,56 (Terrain rejected)
GoblinManager: Failed to register cave at 31,20 (Terrain rejected)
GoblinManager: Failed to register cave at 85,74 (Terrain rejected)
GoblinManager: Failed to register cave at 32,6 (Terrain rejected)
GoblinManager: Failed to register cave at 36,74 (Terrain rejected)
GoblinManager: Failed to register cave at 77,8 (Terrain rejected)
GoblinManager: Failed to register cave at 29,7 (Terrain rejected)
GoblinManager: Failed to register cave at 68,64 (Terrain rejected)
GoblinManager: Failed to register cave at 48,46 (Terrain rejected)
GoblinManager: Failed to register cave at 50,30 (Terrain rejected)
GoblinManager: Failed to register cave at 85,28 (Terrain rejected)
GoblinManager: Failed to register cave at 15,32 (Terrain rejected)
GoblinManager: Failed to register cave at 34,30 (Terrain rejected)
GoblinManager: Failed to register cave at 8,61 (Terrain rejected)
GoblinManager: Failed to register cave at 86,48 (Terrain rejected)
GoblinManager: Failed to register cave at 50,89 (Terrain rejected)
GoblinManager: Failed to register cave at 92,39 (Terrain rejected)
GoblinManager: Failed to register cave at 98,43 (Terrain rejected)
GoblinManager: Failed to register cave at 42,59 (Terrain rejected)
GoblinManager: Failed to register cave at 40,0 (Terrain rejected)
GoblinManager: Failed to register cave at 24,19 (Terrain rejected)
GoblinManager: Failed to register cave at 25,28 (Terrain rejected)
GoblinManager: Failed to register cave at 7,6 (Terrain rejected)
GoblinManager: Failed to register cave at 34,19 (Terrain rejected)
GoblinManager: Failed to register cave at 41,3 (Terrain rejected)
GoblinManager: Failed to register cave at 22,10 (Terrain rejected)
GoblinManager: Failed to register cave at 77,79 (Terrain rejected)
GoblinManager: Failed to register cave at 88,22 (Terrain rejected)
GoblinManager: Failed to register cave at 51,55 (Terrain rejected)
GoblinManager: Failed to register cave at 50,91 (Terrain rejected)
GoblinManager: Failed to register cave at 64,70 (Terrain rejected)
GoblinManager: Failed to register cave at 32,39 (Terrain rejected)
GoblinManager: Failed to register cave at 3,50 (Terrain rejected)
GoblinManager: Failed to register cave at 74,25 (Terrain rejected)
GoblinManager: Failed to register cave at 83,58 (Terrain rejected)
GoblinManager: Failed to register cave at 61,90 (Terrain rejected)
GoblinManager: Failed to register cave at 44,78 (Terrain rejected)
GoblinManager: Failed to register cave at 5,48 (Terrain rejected)
GoblinManager: Failed to register cave at 87,47 (Terrain rejected)
GoblinManager: Failed to register cave at 98,19 (Terrain rejected)
GoblinManager: Failed to register cave at 98,80 (Terrain rejected)
GoblinManager: Failed to register cave at 14,47 (Terrain rejected)
GoblinManager: Failed to register cave at 1,79 (Terrain rejected)
GoblinManager: Failed to register cave at 86,16 (Terrain rejected)
GoblinManager: Failed to register cave at 57,87 (Terrain rejected)
GoblinManager: Failed to register cave at 99,29 (Terrain rejected)
GoblinManager: Failed to register cave at 60,66 (Terrain rejected)
GoblinManager: Failed to register cave at 73,35 (Terrain rejected)
GoblinManager: Failed to register cave at 93,19 (Terrain rejected)
GoblinManager: Failed to register cave at 79,50 (Terrain rejected)
GoblinManager: Failed to register cave at 42,38 (Terrain rejected)
GoblinManager: Failed to register cave at 69,5 (Terrain rejected)
GoblinManager: Failed to register cave at 47,4 (Terrain rejected)
GoblinManager: Failed to register cave at 70,57 (Terrain rejected)
GoblinManager: Failed to register cave at 52,6 (Terrain rejected)
GoblinManager: Failed to register cave at 2,21 (Terrain rejected)
GoblinManager: Failed to register cave at 84,32 (Terrain rejected)
GoblinManager: Failed to register cave at 1,86 (Terrain rejected)
GoblinManager: Failed to register cave at 34,18 (Terrain rejected)
GoblinManager: Failed to register cave at 71,42 (Terrain rejected)
GoblinManager: Failed to register cave at 92,78 (Terrain rejected)
GoblinManager: Failed to register cave at 62,87 (Terrain rejected)
GoblinManager: Failed to register cave at 47,29 (Terrain rejected)
GoblinManager: Failed to register cave at 56,73 (Terrain rejected)
GoblinManager: Failed to register cave at 85,59 (Terrain rejected)
GoblinManager: Failed to register cave at 50,57 (Terrain rejected)
GoblinManager: Failed to register cave at 12,48 (Terrain rejected)
GoblinManager: Failed to register cave at 37,60 (Terrain rejected)
GoblinManager: Failed to register cave at 62,47 (Terrain rejected)
GoblinManager: Failed to register cave at 90,81 (Terrain rejected)
GoblinManager: Failed to register cave at 42,41 (Terrain rejected)
GoblinManager: Failed to register cave at 95,77 (Terrain rejected)
GoblinManager: Failed to register cave at 31,19 (Terrain rejected)
GoblinManager: Failed to register cave at 32,64 (Terrain rejected)
GoblinManager: Failed to register cave at 22,91 (Terrain rejected)
GoblinManager: Failed to register cave at 93,23 (Terrain rejected)
GoblinManager: Failed to register cave at 25,64 (Terrain rejected)
GoblinManager: Failed to register cave at 15,18 (Terrain rejected)
GoblinManager: Failed to register cave at 0,47 (Terrain rejected)
GoblinManager: Failed to register cave at 31,44 (Terrain rejected)
GoblinManager: Failed to register cave at 6,30 (Terrain rejected)
GoblinManager: Failed to register cave at 21,46 (Terrain rejected)
GoblinManager: Failed to register cave at 24,50 (Terrain rejected)
GoblinManager: Failed to register cave at 41,45 (Terrain rejected)
GoblinManager: Failed to register cave at 58,5 (Terrain rejected)
GoblinManager: Failed to register cave at 14,37 (Terrain rejected)
GoblinManager: Failed to register cave at 75,45 (Terrain rejected)
GoblinManager: Failed to register cave at 61,14 (Terrain rejected)
GoblinManager: Failed to register cave at 89,77 (Terrain rejected)
GoblinManager: Failed to register cave at 99,71 (Terrain rejected)
GoblinManager: Failed to register cave at 32,45 (Terrain rejected)
GoblinManager: Failed to register cave at 93,66 (Terrain rejected)
GoblinManager: Failed to register cave at 50,18 (Terrain rejected)
GoblinManager: Failed to register cave at 66,28 (Terrain rejected)
GoblinManager: Failed to register cave at 70,74 (Terrain rejected)
GoblinManager: Failed to register cave at 1,5 (Terrain rejected)
GoblinManager: Failed to register cave at 80,11 (Terrain rejected)
GoblinManager: Failed to register cave at 89,63 (Terrain rejected)
GoblinManager: Failed to register cave at 67,81 (Terrain rejected)
GoblinManager: Failed to register cave at 73,57 (Terrain rejected)
GoblinManager: Failed to register cave at 21,79 (Terrain rejected)
GoblinManager: Failed to register cave at 77,38 (Terrain rejected)
GoblinManager: Failed to register cave at 83,93 (Terrain rejected)
GoblinManager: Failed to register cave at 83,74 (Terrain rejected)
GoblinManager: Failed to register cave at 96,35 (Terrain rejected)
GoblinManager: Failed to register cave at 25,39 (Terrain rejected)
GoblinManager: Failed to register cave at 71,32 (Terrain rejected)
GoblinManager: Failed to register cave at 32,51 (Terrain rejected)
GoblinManager: Failed to register cave at 88,92 (Terrain rejected)
GoblinManager: Failed to register cave at 26,37 (Terrain rejected)
GoblinManager: Failed to register cave at 35,88 (Terrain rejected)
GoblinManager: Failed to register cave at 23,67 (Terrain rejected)
GoblinManager: Failed to register cave at 7,61 (Terrain rejected)
GoblinManager: Failed to register cave at 6,84 (Terrain rejected)
GoblinManager: Failed to register cave at 81,37 (Terrain rejected)
GoblinManager: Failed to register cave at 32,9 (Terrain rejected)
GoblinManager: Failed to register cave at 32,7 (Terrain rejected)
GoblinManager: Failed to register cave at 53,38 (Terrain rejected)
GoblinManager: Failed to register cave at 37,42 (Terrain rejected)
GoblinManager: Failed to register cave at 43,57 (Terrain rejected)
GoblinManager: Failed to register cave at 72,90 (Terrain rejected)
GoblinManager: Failed to register cave at 95,26 (Terrain rejected)
GoblinManager: Failed to register cave at 20,1 (Terrain rejected)
GoblinManager: Failed to register cave at 10,63 (Terrain rejected)
GoblinManager: Failed to register cave at 50,91 (Terrain rejected)
GoblinManager: Failed to register cave at 22,84 (Terrain rejected)
GoblinManager: Failed to register cave at 6,99 (Terrain rejected)
GoblinManager: Failed to register cave at 93,62 (Terrain rejected)
GoblinManager: Failed to register cave at 83,44 (Terrain rejected)
GoblinManager: Failed to register cave at 19,79 (Terrain rejected)
GoblinManager: Failed to register cave at 40,75 (Terrain rejected)
GoblinManager: Failed to register cave at 54,62 (Terrain rejected)
GoblinManager: Failed to register cave at 16,35 (Terrain rejected)
GoblinManager: Failed to register cave at 5,6 (Terrain rejected)
GoblinManager: Failed to register cave at 91,34 (Terrain rejected)
GoblinManager: Failed to register cave at 23,40 (Terrain rejected)
GoblinManager: Failed to register cave at 75,22 (Terrain rejected)
GoblinManager: Failed to register cave at 82,36 (Terrain rejected)
GoblinManager: Failed to register cave at 61,85 (Terrain rejected)
GoblinManager: Failed to register cave at 35,31 (Terrain rejected)
GoblinManager: Failed to register cave at 17,75 (Terrain rejected)
GoblinManager: Failed to register cave at 30,1 (Terrain rejected)
GoblinManager: Failed to register cave at 37,2 (Terrain rejected)
GoblinManager: Failed to register cave at 51,63 (Terrain rejected)
GoblinManager: Failed to register cave at 5,67 (Terrain rejected)
GoblinManager: Failed to register cave at 19,95 (Terrain rejected)
GoblinManager: Failed to register cave at 88,81 (Terrain rejected)
GoblinManager: Failed to register cave at 64,61 (Terrain rejected)
GoblinManager: Failed to register cave at 91,60 (Terrain rejected)
GoblinManager: Failed to register cave at 50,57 (Terrain rejected)
GoblinManager: Failed to register cave at 35,8 (Terrain rejected)
GoblinManager: Failed to register cave at 69,10 (Terrain rejected)
GoblinManager: Failed to register cave at 90,1 (Terrain rejected)
GoblinManager: Failed to register cave at 55,89 (Terrain rejected)
GoblinManager: Failed to register cave at 15,73 (Terrain rejected)
GoblinManager: Failed to register cave at 91,68 (Terrain rejected)
GoblinManager: Failed to register cave at 18,12 (Terrain rejected)
GoblinManager: Failed to register cave at 12,48 (Terrain rejected)
GoblinManager: Failed to register cave at 35,81 (Terrain rejected)
GoblinManager: Failed to register cave at 21,74 (Terrain rejected)
GoblinManager: Failed to register cave at 70,90 (Terrain rejected)
GoblinManager: Failed to register cave at 4,96 (Terrain rejected)
GoblinManager: Failed to register cave at 14,1 (Terrain rejected)
GoblinManager: Failed to register cave at 16,98 (Terrain rejected)
GoblinManager: Failed to register cave at 51,99 (Terrain rejected)
GoblinManager: Failed to register cave at 28,22 (Terrain rejected)
GoblinManager: Failed to register cave at 19,9 (Terrain rejected)
GoblinManager: Failed to register cave at 78,26 (Terrain rejected)
GoblinManager: Failed to register cave at 30,76 (Terrain rejected)
GoblinManager: Failed to register cave at 12,59 (Terrain rejected)
GoblinManager: Failed to register cave at 97,54 (Terrain rejected)
GoblinManager: Failed to register cave at 77,55 (Terrain rejected)
GoblinManager: Failed to register cave at 29,37 (Terrain rejected)
GoblinManager: Failed to register cave at 46,54 (Terrain rejected)
GoblinManager: Failed to register cave at 68,62 (Terrain rejected)
GoblinManager: Failed to register cave at 88,39 (Terrain rejected)
GoblinManager: Failed to register cave at 98,99 (Terrain rejected)
GoblinManager: Failed to register cave at 27,50 (Terrain rejected)
GoblinManager: Failed to register cave at 13,24 (Terrain rejected)
GoblinManager: Failed to register cave at 58,92 (Terrain rejected)
GoblinManager: Failed to register cave at 74,25 (Terrain rejected)
GoblinManager: Failed to register cave at 62,76 (Terrain rejected)
GoblinManager: Failed to register cave at 17,10 (Terrain rejected)
GoblinManager: Failed to register cave at 2,50 (Terrain rejected)
GoblinManager: Failed to register cave at 63,25 (Terrain rejected)
GoblinManager: Failed to register cave at 3,44 (Terrain rejected)
GoblinManager: Failed to register cave at 33,53 (Terrain rejected)
GoblinManager: Failed to register cave at 4,75 (Terrain rejected)
GoblinManager: Failed to register cave at 41,50 (Terrain rejected)
GoblinManager: Failed to register cave at 44,37 (Terrain rejected)
GoblinManager: Failed to register cave at 36,2 (Terrain rejected)
GoblinManager: Failed to register cave at 81,81 (Terrain rejected)
GoblinManager: Failed to register cave at 48,97 (Terrain rejected)
GoblinManager: Failed to register cave at 27,22 (Terrain rejected)
GoblinManager: Failed to register cave at 35,77 (Terrain rejected)
GoblinManager: Failed to register cave at 74,97 (Terrain rejected)
GoblinManager: Failed to register cave at 40,19 (Terrain rejected)
GoblinManager: Failed to register cave at 93,3 (Terrain rejected)
GoblinManager: Failed to register cave at 21,69 (Terrain rejected)
GoblinManager: Failed to register cave at 24,28 (Terrain rejected)
GoblinManager: Failed to register cave at 16,59 (Terrain rejected)
GoblinManager: Failed to register cave at 97,59 (Terrain rejected)
GoblinManager: Failed to register cave at 57,94 (Terrain rejected)
GoblinManager: Failed to register cave at 12,38 (Terrain rejected)
GoblinManager: Failed to register cave at 1,36 (Terrain rejected)
GoblinManager: Failed to register cave at 20,41 (Terrain rejected)
GoblinManager: Failed to register cave at 95,97 (Terrain rejected)
GoblinManager: Failed to register cave at 6,69 (Terrain rejected)
GoblinManager: Failed to register cave at 64,57 (Terrain rejected)
GoblinManager: Failed to register cave at 70,40 (Terrain rejected)
GoblinManager: Failed to register cave at 86,19 (Terrain rejected)
GoblinManager: Failed to register cave at 62,4 (Terrain rejected)
GoblinManager: Failed to register cave at 45,79 (Terrain rejected)
GoblinManager: Failed to register cave at 81,41 (Terrain rejected)
GoblinManager: Failed to register cave at 5,94 (Terrain rejected)
GoblinManager: Failed to register cave at 22,51 (Terrain rejected)
GoblinManager: Failed to register cave at 84,72 (Terrain rejected)
GoblinManager: Failed to register cave at 60,5 (Terrain rejected)
GoblinManager: Failed to register cave at 56,17 (Terrain rejected)
GoblinManager: Failed to register cave at 67,92 (Terrain rejected)
GoblinManager: Failed to register cave at 31,40 (Terrain rejected)
GoblinManager: Failed to register cave at 18,17 (Terrain rejected)
GoblinManager: Failed to register cave at 47,1 (Terrain rejected)
GoblinManager: Failed to register cave at 81,65 (Terrain rejected)
GoblinManager: Failed to register cave at 46,68 (Terrain rejected)
GoblinManager: Failed to register cave at 92,87 (Terrain rejected)
GoblinManager: Failed to register cave at 96,32 (Terrain rejected)
GoblinManager: Failed to register cave at 16,78 (Terrain rejected)
GoblinManager: Failed to register cave at 0,10 (Terrain rejected)
GoblinManager: Failed to register cave at 23,62 (Terrain rejected)
GoblinManager: Failed to register cave at 59,45 (Terrain rejected)
GoblinManager: Failed to register cave at 16,83 (Terrain rejected)
GoblinManager: Failed to register cave at 46,21 (Terrain rejected)
GoblinManager: Failed to register cave at 35,47 (Terrain rejected)
GoblinManager: Failed to register cave at 35,8 (Terrain rejected)
GoblinManager: Failed to register cave at 74,4 (Terrain rejected)
GoblinManager: Failed to register cave at 35,13 (Terrain rejected)
GoblinManager: Failed to register cave at 47,36 (Terrain rejected)
GoblinManager: Failed to register cave at 59,59 (Terrain rejected)
GoblinManager: Failed to register cave at 30,49 (Terrain rejected)
GoblinManager: Failed to register cave at 49,89 (Terrain rejected)
GoblinManager: Failed to register cave at 67,22 (Terrain rejected)
GoblinManager: Failed to register cave at 18,42 (Terrain rejected)
GoblinManager: Failed to register cave at 6,20 (Terrain rejected)
GoblinManager: Failed to register cave at 81,19 (Terrain rejected)
GoblinManager: Failed to register cave at 99,4 (Terrain rejected)
GoblinManager: Failed to register cave at 1,61 (Terrain rejected)
GoblinManager: Failed to register cave at 17,15 (Terrain rejected)
GoblinManager: Failed to register cave at 55,77 (Terrain rejected)
GoblinManager: Failed to register cave at 44,90 (Terrain rejected)
GoblinManager: Failed to register cave at 74,46 (Terrain rejected)
GoblinManager: Failed to register cave at 27,51 (Terrain rejected)
GoblinManager: Failed to register cave at 21,12 (Terrain rejected)
GoblinManager: Failed to register cave at 29,15 (Terrain rejected)
GoblinManager: Failed to register cave at 65,40 (Terrain rejected)
GoblinManager: Failed to register cave at 67,16 (Terrain rejected)
GoblinManager: Failed to register cave at 78,69 (Terrain rejected)
GoblinManager: Failed to register cave at 66,39 (Terrain rejected)
GoblinManager: Failed to register cave at 11,47 (Terrain rejected)
GoblinManager: Failed to register cave at 6,98 (Terrain rejected)
GoblinManager: Failed to register cave at 83,5 (Terrain rejected)
GoblinManager: Failed to register cave at 77,10 (Terrain rejected)
GoblinManager: Failed to register cave at 75,85 (Terrain rejected)
GoblinManager: Failed to register cave at 4,91 (Terrain rejected)
GoblinManager: Failed to register cave at 47,26 (Terrain rejected)
GoblinManager: Failed to register cave at 36,74 (Terrain rejected)
GoblinManager: Failed to register cave at 16,17 (Terrain rejected)
GoblinManager: Failed to register cave at 10,79 (Terrain rejected)
GoblinManager: Failed to register cave at 66,43 (Terrain rejected)
GoblinManager: Failed to register cave at 97,3 (Terrain rejected)
GoblinManager: Failed to register cave at 98,98 (Terrain rejected)
GoblinManager: Failed to register cave at 73,40 (Terrain rejected)
GoblinManager: Failed to register cave at 35,60 (Terrain rejected)
GoblinManager: Failed to register cave at 0,94 (Terrain rejected)
GoblinManager: Failed to register cave at 25,81 (Terrain rejected)
GoblinManager: Failed to register cave at 41,63 (Terrain rejected)
GoblinManager: Failed to register cave at 36,91 (Terrain rejected)
GoblinManager: Failed to register cave at 82,78 (Terrain rejected)
GoblinManager: Failed to register cave at 69,33 (Terrain rejected)
GoblinManager: Failed to register cave at 87,92 (Terrain rejected)
GoblinManager: Failed to register cave at 10,1 (Terrain rejected)
GoblinManager: Failed to register cave at 90,35 (Terrain rejected)
GoblinManager: Failed to register cave at 96,0 (Terrain rejected)
GoblinManager: Failed to register cave at 87,87 (Terrain rejected)
GoblinManager: Failed to register cave at 87,82 (Terrain rejected)
GoblinManager: Failed to register cave at 84,80 (Terrain rejected)
GoblinManager: Failed to register cave at 98,47 (Terrain rejected)
GoblinManager: Failed to register cave at 58,36 (Terrain rejected)
GoblinManager: Failed to register cave at 52,30 (Terrain rejected)
GoblinManager: Failed to register cave at 20,33 (Terrain rejected)
GoblinManager: Failed to register cave at 9,92 (Terrain rejected)
GoblinManager: Failed to register cave at 57,20 (Terrain rejected)
GoblinManager: Failed to register cave at 60,70 (Terrain rejected)
GoblinManager: Failed to register cave at 45,71 (Terrain rejected)
GoblinManager: Failed to register cave at 58,4 (Terrain rejected)
GoblinManager: Failed to register cave at 63,77 (Terrain rejected)
GoblinManager: Failed to register cave at 38,38 (Terrain rejected)
GoblinManager: Failed to register cave at 9,54 (Terrain rejected)
GoblinManager: Failed to register cave at 44,51 (Terrain rejected)
GoblinManager: Failed to register cave at 39,49 (Terrain rejected)
GoblinManager: Failed to register cave at 77,30 (Terrain rejected)
GoblinManager: Failed to register cave at 45,63 (Terrain rejected)
GoblinManager: Failed to register cave at 18,7 (Terrain rejected)
GoblinManager: Failed to register cave at 41,25 (Terrain rejected)
GoblinManager: Failed to register cave at 28,44 (Terrain rejected)
GoblinManager: Failed to register cave at 13,40 (Terrain rejected)
GoblinManager: Failed to register cave at 61,77 (Terrain rejected)
GoblinManager: Failed to register cave at 98,20 (Terrain rejected)
GoblinManager: Failed to register cave at 35,65 (Terrain rejected)
GoblinManager: Failed to register cave at 18,73 (Terrain rejected)
GoblinManager: Failed to register cave at 43,32 (Terrain rejected)
GoblinManager: Failed to register cave at 52,26 (Terrain rejected)
GoblinManager: Failed to register cave at 17,51 (Terrain rejected)
GoblinManager: Failed to register cave at 94,35 (Terrain rejected)
GoblinManager: Failed to register cave at 81,0 (Terrain rejected)
GoblinManager: Failed to register cave at 20,63 (Terrain rejected)
GoblinManager: Failed to register cave at 92,76 (Terrain rejected)
GoblinManager: Failed to register cave at 58,90 (Terrain rejected)
GoblinManager: Failed to register cave at 68,84 (Terrain rejected)
GoblinManager: Failed to register cave at 88,74 (Terrain rejected)
GoblinManager: Failed to register cave at 37,22 (Terrain rejected)
GoblinManager: Failed to register cave at 28,90 (Terrain rejected)
GoblinManager: Failed to register cave at 77,21 (Terrain rejected)
GoblinManager: Failed to register cave at 23,13 (Terrain rejected)
GoblinManager: Failed to register cave at 39,40 (Terrain rejected)
GoblinManager: Failed to register cave at 92,33 (Terrain rejected)
GoblinManager: Failed to register cave at 68,42 (Terrain rejected)
GoblinManager: Failed to register cave at 39,3 (Terrain rejected)
GoblinManager: Failed to register cave at 87,70 (Terrain rejected)
GoblinManager: Failed to register cave at 25,98 (Terrain rejected)
GoblinManager: Failed to register cave at 85,75 (Terrain rejected)
GoblinManager: Failed to register cave at 91,76 (Terrain rejected)
GoblinManager: Failed to register cave at 91,7 (Terrain rejected)
GoblinManager: Failed to register cave at 45,40 (Terrain rejected)
GoblinManager: Failed to register cave at 71,47 (Terrain rejected)
GoblinManager: Failed to register cave at 23,31 (Terrain rejected)
GoblinManager: Failed to register cave at 45,55 (Terrain rejected)
GoblinManager: Failed to register cave at 65,24 (Terrain rejected)
GoblinManager: Failed to register cave at 89,4 (Terrain rejected)
GoblinManager: Failed to register cave at 54,64 (Terrain rejected)
GoblinManager: Failed to register cave at 58,55 (Terrain rejected)
GoblinManager: Failed to register cave at 64,93 (Terrain rejected)
GoblinManager: Failed to register cave at 19,37 (Terrain rejected)
GoblinManager: Failed to register cave at 5,18 (Terrain rejected)
GoblinManager: Failed to register cave at 79,70 (Terrain rejected)
GoblinManager: Failed to register cave at 30,27 (Terrain rejected)
GoblinManager: Failed to register cave at 61,28 (Terrain rejected)
GoblinManager: Failed to register cave at 54,9 (Terrain rejected)
GoblinManager: Failed to register cave at 34,25 (Terrain rejected)
GoblinManager: Failed to register cave at 2,42 (Terrain rejected)
GoblinManager: Failed to register cave at 84,32 (Terrain rejected)
GoblinManager: Failed to register cave at 74,26 (Terrain rejected)
GoblinManager: Failed to register cave at 42,60 (Terrain rejected)
GoblinManager: Failed to register cave at 23,90 (Terrain rejected)
GoblinManager: Failed to register cave at 35,21 (Terrain rejected)
GoblinManager: Failed to register cave at 68,33 (Terrain rejected)
GoblinManager: Failed to register cave at 99,54 (Terrain rejected)
GoblinManager: Failed to register cave at 53,34 (Terrain rejected)
GoblinManager: Failed to register cave at 9,85 (Terrain rejected)
GoblinManager: Failed to register cave at 69,33 (Terrain rejected)
GoblinManager: Failed to register cave at 81,17 (Terrain rejected)
GoblinManager: Failed to register cave at 33,3 (Terrain rejected)
GoblinManager: Failed to register cave at 82,29 (Terrain rejected)
GoblinManager: Failed to register cave at 99,23 (Terrain rejected)
GoblinManager: Failed to register cave at 84,56 (Terrain rejected)
GoblinManager: Failed to register cave at 10,83 (Terrain rejected)
GoblinManager: Failed to register cave at 87,15 (Terrain rejected)
GoblinManager: Failed to register cave at 55,91 (Terrain rejected)
GoblinManager: Failed to register cave at 76,78 (Terrain rejected)
GoblinManager: Failed to register cave at 22,58 (Terrain rejected)
GoblinManager: Failed to register cave at 89,39 (Terrain rejected)
GoblinManager: Failed to register cave at 19,57 (Terrain rejected)
GoblinManager: Failed to register cave at 87,68 (Terrain rejected)
GoblinManager: Failed to register cave at 45,9 (Terrain rejected)
GoblinManager: Failed to register cave at 22,63 (Terrain rejected)
GoblinManager: Failed to register cave at 93,27 (Terrain rejected)
GoblinManager: Failed to register cave at 92,80 (Terrain rejected)
GoblinManager: Failed to register cave at 48,87 (Terrain rejected)
GoblinManager: Failed to register cave at 39,48 (Terrain rejected)
GoblinManager: Failed to register cave at 89,5 (Terrain rejected)
GoblinManager: Failed to register cave at 40,7 (Terrain rejected)
GoblinManager: Failed to register cave at 75,64 (Terrain rejected)
GoblinManager: Failed to register cave at 75,95 (Terrain rejected)
GoblinManager: Failed to register cave at 42,17 (Terrain rejected)
GoblinManager: Failed to register cave at 59,88 (Terrain rejected)
GoblinManager: Failed to register cave at 40,98 (Terrain rejected)
GoblinManager: Failed to register cave at 30,83 (Terrain rejected)
GoblinManager: Failed to register cave at 94,30 (Terrain rejected)
GoblinManager: Failed to register cave at 51,84 (Terrain rejected)
GoblinManager: Failed to register cave at 5,47 (Terrain rejected)
GoblinManager: Failed to register cave at 17,51 (Terrain rejected)
GoblinManager: Failed to register cave at 86,45 (Terrain rejected)
GoblinManager: Failed to register cave at 60,29 (Terrain rejected)
GoblinManager: Failed to register cave at 14,65 (Terrain rejected)
GoblinManager: Failed to register cave at 22,30 (Terrain rejected)
GoblinManager: Failed to register cave at 93,44 (Terrain rejected)
GoblinManager: Failed to register cave at 44,37 (Terrain rejected)
GoblinManager: Failed to register cave at 8,17 (Terrain rejected)
GoblinManager: Failed to register cave at 90,19 (Terrain rejected)
GoblinManager: Failed to register cave at 82,15 (Terrain rejected)
GoblinManager: Failed to register cave at 76,7 (Terrain rejected)
GoblinManager: Failed to register cave at 36,0 (Terrain rejected)
GoblinManager: Failed to register cave at 7,17 (Terrain rejected)
GoblinManager: Failed to register cave at 62,48 (Terrain rejected)
GoblinManager: Failed to register cave at 40,66 (Terrain rejected)
GoblinManager: Failed to register cave at 37,43 (Terrain rejected)
GoblinManager: Failed to register cave at 98,69 (Terrain rejected)
GoblinManager: Failed to register cave at 0,65 (Terrain rejected)
GoblinManager: Failed to register cave at 86,50 (Terrain rejected)
GoblinManager: Failed to register cave at 58,20 (Terrain rejected)
GoblinManager: Failed to register cave at 24,64 (Terrain rejected)
GoblinManager: Failed to register cave at 10,97 (Terrain rejected)
GoblinManager: Failed to register cave at 15,50 (Terrain rejected)
GoblinManager: Failed to register cave at 53,21 (Terrain rejected)
GoblinManager: Failed to register cave at 27,80 (Terrain rejected)
GoblinManager: Failed to register cave at 61,12 (Terrain rejected)
GoblinManager: Failed to register cave at 5,92 (Terrain rejected)
GoblinManager: Failed to register cave at 89,94 (Terrain rejected)
GoblinManager: Failed to register cave at 27,68 (Terrain rejected)
GoblinManager: Failed to register cave at 59,74 (Terrain rejected)
GoblinManager: Failed to register cave at 5,57 (Terrain rejected)
GoblinManager: Failed to register cave at 34,85 (Terrain rejected)
GoblinManager: Failed to register cave at 58,83 (Terrain rejected)
GoblinManager: Failed to register cave at 68,64 (Terrain rejected)
GoblinManager: Failed to register cave at 52,32 (Terrain rejected)
GoblinManager: Failed to register cave at 66,68 (Terrain rejected)
GoblinManager: Failed to register cave at 13,44 (Terrain rejected)
GoblinManager: Failed to register cave at 92,13 (Terrain rejected)
GoblinManager: Failed to register cave at 96,31 (Terrain rejected)
GoblinManager: Failed to register cave at 6,58 (Terrain rejected)
GoblinManager: Failed to register cave at 13,77 (Terrain rejected)
GoblinManager: Failed to register cave at 93,7 (Terrain rejected)
GoblinManager: Failed to register cave at 34,11 (Terrain rejected)
GoblinManager: Failed to register cave at 90,0 (Terrain rejected)
GoblinManager: Failed to register cave at 15,95 (Terrain rejected)
GoblinManager: Failed to register cave at 0,78 (Terrain rejected)
GoblinManager: Failed to register cave at 36,69 (Terrain rejected)
GoblinManager: Failed to register cave at 88,49 (Terrain rejected)
GoblinManager: Failed to register cave at 2,62 (Terrain rejected)
GoblinManager: Failed to register cave at 30,59 (Terrain rejected)
GoblinManager: Failed to register cave at 28,32 (Terrain rejected)
GoblinManager: Failed to register cave at 11,91 (Terrain rejected)
GoblinManager: Failed to register cave at 96,54 (Terrain rejected)
GoblinManager: Failed to register cave at 62,14 (Terrain rejected)
GoblinManager: Failed to register cave at 90,94 (Terrain rejected)
GoblinManager: Failed to register cave at 31,84 (Terrain rejected)
GoblinManager: Failed to register cave at 94,49 (Terrain rejected)
GoblinManager: Failed to register cave at 68,10 (Terrain rejected)
GoblinManager: Failed to register cave at 1,66 (Terrain rejected)
GoblinManager: Failed to register cave at 82,63 (Terrain rejected)
GoblinManager: Failed to register cave at 80,49 (Terrain rejected)
GoblinManager: Failed to register cave at 96,52 (Terrain rejected)
GoblinManager: Failed to register cave at 89,92 (Terrain rejected)
GoblinManager: Failed to register cave at 13,63 (Terrain rejected)
GoblinManager: Failed to register cave at 38,53 (Terrain rejected)
GoblinManager: Failed to register cave at 12,20 (Terrain rejected)
GoblinManager: Failed to register cave at 73,69 (Terrain rejected)
GoblinManager: Failed to register cave at 57,52 (Terrain rejected)
GoblinManager: Failed to register cave at 96,83 (Terrain rejected)
GoblinManager: Failed to register cave at 90,29 (Terrain rejected)
GoblinManager: Failed to register cave at 73,0 (Terrain rejected)
GoblinManager: Failed to register cave at 37,4 (Terrain rejected)
GoblinManager: Failed to register cave at 99,69 (Terrain rejected)
GoblinManager: Failed to register cave at 9,60 (Terrain rejected)
GoblinManager: Failed to register cave at 45,84 (Terrain rejected)
GoblinManager: Failed to register cave at 18,81 (Terrain rejected)
GoblinManager: Failed to register cave at 40,36 (Terrain rejected)
GoblinManager: Failed to register cave at 2,60 (Terrain rejected)
GoblinManager: Failed to register cave at 15,39 (Terrain rejected)
GoblinManager: Failed to register cave at 34,67 (Terrain rejected)
GoblinManager: Failed to register cave at 95,68 (Terrain rejected)
GoblinManager: Failed to register cave at 40,45 (Terrain rejected)
GoblinManager: Failed to register cave at 42,29 (Terrain rejected)
GoblinManager: Failed to register cave at 51,15 (Terrain rejected)
GoblinManager: Failed to register cave at 31,58 (Terrain rejected)
GoblinManager: Failed to register cave at 6,91 (Terrain rejected)
GoblinManager: Failed to register cave at 95,17 (Terrain rejected)
GoblinManager: Failed to register cave at 49,83 (Terrain rejected)
GoblinManager: Failed to register cave at 33,21 (Terrain rejected)
GoblinManager: Failed to register cave at 30,6 (Terrain rejected)
GoblinManager: Failed to register cave at 37,11 (Terrain rejected)
GoblinManager: Failed to register cave at 87,63 (Terrain rejected)
GoblinManager: Failed to register cave at 81,34 (Terrain rejected)
GoblinManager: Failed to register cave at 66,16 (Terrain rejected)
GoblinManager: Failed to register cave at 90,73 (Terrain rejected)
GoblinManager: Failed to register cave at 77,55 (Terrain rejected)
GoblinManager: Failed to register cave at 59,44 (Terrain rejected)
GoblinManager: Failed to register cave at 6,20 (Terrain rejected)
GoblinManager: Failed to register cave at 64,65 (Terrain rejected)
GoblinManager: Failed to register cave at 56,60 (Terrain rejected)
GoblinManager: Failed to register cave at 89,70 (Terrain rejected)
GoblinManager: Failed to register cave at 12,54 (Terrain rejected)
GoblinManager: Failed to register cave at 91,15 (Terrain rejected)
GoblinManager: Failed to register cave at 91,74 (Terrain rejected)
GoblinManager: Failed to register cave at 86,92 (Terrain rejected)
GoblinManager: Failed to register cave at 59,86 (Terrain rejected)
GoblinManager: Failed to register cave at 47,24 (Terrain rejected)
GoblinManager: Failed to register cave at 67,80 (Terrain rejected)
GoblinManager: Failed to register cave at 61,3 (Terrain rejected)
GoblinManager: Failed to register cave at 92,49 (Terrain rejected)
GoblinManager: Failed to register cave at 44,35 (Terrain rejected)
GoblinManager: Failed to register cave at 89,66 (Terrain rejected)
GoblinManager: Failed to register cave at 57,59 (Terrain rejected)
GoblinManager: Failed to register cave at 71,79 (Terrain rejected)
GoblinManager: Failed to register cave at 2,82 (Terrain rejected)
GoblinManager: Failed to register cave at 94,20 (Terrain rejected)
GoblinManager: Failed to register cave at 36,76 (Terrain rejected)
GoblinManager: Failed to register cave at 66,62 (Terrain rejected)
GoblinManager: Failed to register cave at 69,33 (Terrain rejected)
GoblinManager: Failed to register cave at 94,28 (Terrain rejected)
GoblinManager: Failed to register cave at 98,34 (Terrain rejected)
GoblinManager: Failed to register cave at 27,33 (Terrain rejected)
GoblinManager: Failed to register cave at 26,82 (Terrain rejected)
GoblinManager: Failed to register cave at 12,78 (Terrain rejected)
GoblinManager: Failed to register cave at 0,88 (Terrain rejected)
GoblinManager: Failed to register cave at 33,95 (Terrain rejected)
GoblinManager: Failed to register cave at 36,59 (Terrain rejected)
GoblinManager: Failed to register cave at 11,80 (Terrain rejected)
GoblinManager: Failed to register cave at 38,16 (Terrain rejected)
GoblinManager: Failed to register cave at 15,64 (Terrain rejected)
GoblinManager: Failed to register cave at 37,74 (Terrain rejected)
GoblinManager: Failed to register cave at 24,51 (Terrain rejected)
GoblinManager: Failed to register cave at 50,47 (Terrain rejected)
GoblinManager: Failed to register cave at 68,85 (Terrain rejected)
GoblinManager: Failed to register cave at 25,19 (Terrain rejected)
GoblinManager: Failed to register cave at 59,23 (Terrain rejected)
GoblinManager: Failed to register cave at 23,97 (Terrain rejected)
GoblinManager: Failed to register cave at 39,62 (Terrain rejected)
GoblinManager: Failed to register cave at 40,5 (Terrain rejected)
GoblinManager: Failed to register cave at 81,0 (Terrain rejected)
GoblinManager: Failed to register cave at 91,22 (Terrain rejected)
GoblinManager: Failed to register cave at 65,41 (Terrain rejected)
GoblinManager: Failed to register cave at 12,23 (Terrain rejected)
GoblinManager: Failed to register cave at 85,95 (Terrain rejected)
GoblinManager: Failed to register cave at 22,28 (Terrain rejected)
GoblinManager: Failed to register cave at 69,62 (Terrain rejected)
GoblinManager: Failed to register cave at 60,59 (Terrain rejected)
GoblinManager: Failed to register cave at 56,10 (Terrain rejected)
GoblinManager: Failed to register cave at 69,17 (Terrain rejected)
GoblinManager: Failed to register cave at 46,96 (Terrain rejected)
GoblinManager: Failed to register cave at 27,92 (Terrain rejected)
GoblinManager: Failed to register cave at 81,57 (Terrain rejected)
GoblinManager: Failed to register cave at 79,8 (Terrain rejected)
GoblinManager: Failed to register cave at 55,49 (Terrain rejected)
GoblinManager: Failed to register cave at 73,60 (Terrain rejected)
GoblinManager: Failed to register cave at 95,52 (Terrain rejected)
GoblinManager: Failed to register cave at 2,90 (Terrain rejected)
GoblinManager: Failed to register cave at 70,71 (Terrain rejected)
GoblinManager: Failed to register cave at 42,83 (Terrain rejected)
GoblinManager: Failed to register cave at 38,93 (Terrain rejected)
GoblinManager: Failed to register cave at 66,52 (Terrain rejected)
GoblinManager: Failed to register cave at 45,92 (Terrain rejected)
GoblinManager: Failed to register cave at 54,31 (Terrain rejected)
GoblinManager: Failed to register cave at 57,46 (Terrain rejected)
GoblinManager: Failed to register cave at 30,82 (Terrain rejected)
GoblinManager: Failed to register cave at 4,79 (Terrain rejected)
GoblinManager: Failed to register cave at 16,4 (Terrain rejected)
GoblinManager: Failed to register cave at 16,71 (Terrain rejected)
GoblinManager: Failed to register cave at 28,29 (Terrain rejected)
GoblinManager: Failed to register cave at 58,37 (Terrain rejected)
GoblinManager: Failed to register cave at 14,79 (Terrain rejected)
GoblinManager: Failed to register cave at 9,55 (Terrain rejected)
GoblinManager: Failed to register cave at 96,13 (Terrain rejected)
GoblinManager: Failed to register cave at 18,31 (Terrain rejected)
GoblinManager: Failed to register cave at 60,40 (Terrain rejected)
GoblinManager: Failed to register cave at 89,73 (Terrain rejected)
GoblinManager: Failed to register cave at 85,0 (Terrain rejected)
GoblinManager: Failed to register cave at 30,59 (Terrain rejected)
GoblinManager: Failed to register cave at 50,46 (Terrain rejected)
GoblinManager: Failed to register cave at 90,59 (Terrain rejected)
GoblinManager: Failed to register cave at 12,56 (Terrain rejected)
GoblinManager: Failed to register cave at 14,20 (Terrain rejected)
GoblinManager: Failed to register cave at 12,74 (Terrain rejected)
GoblinManager: Failed to register cave at 13,84 (Terrain rejected)
GoblinManager: Failed to register cave at 20,23 (Terrain rejected)
GoblinManager: Failed to register cave at 75,83 (Terrain rejected)
GoblinManager: Failed to register cave at 6,46 (Terrain rejected)
GoblinManager: Failed to register cave at 87,55 (Terrain rejected)
GoblinManager: Failed to register cave at 70,99 (Terrain rejected)
GoblinManager: Failed to register cave at 80,50 (Terrain rejected)
GoblinManager: Failed to register cave at 13,1 (Terrain rejected)
GoblinManager: Failed to register cave at 66,64 (Terrain rejected)
GoblinManager: Failed to register cave at 42,31 (Terrain rejected)
GoblinManager: Failed to register cave at 78,5 (Terrain rejected)
GoblinManager: Failed to register cave at 78,27 (Terrain rejected)
GoblinManager: Failed to register cave at 58,56 (Terrain rejected)
GoblinManager: Failed to register cave at 56,89 (Terrain rejected)
GoblinManager: Failed to register cave at 93,20 (Terrain rejected)
GoblinManager: Failed to register cave at 38,69 (Terrain rejected)
GoblinManager: Failed to register cave at 79,41 (Terrain rejected)
GoblinManager: Failed to register cave at 49,82 (Terrain rejected)
GoblinManager: Failed to register cave at 45,3 (Terrain rejected)
GoblinManager: Failed to register cave at 83,40 (Terrain rejected)
GoblinManager: Failed to register cave at 77,53 (Terrain rejected)
GoblinManager: Failed to register cave at 71,88 (Terrain rejected)
GoblinManager: Failed to register cave at 4,74 (Terrain rejected)
GoblinManager: Failed to register cave at 58,89 (Terrain rejected)
GoblinManager: Failed to register cave at 7,24 (Terrain rejected)
GoblinManager: Failed to register cave at 77,81 (Terrain rejected)
GoblinManager: Failed to register cave at 63,57 (Terrain rejected)
GoblinManager: Failed to register cave at 81,81 (Terrain rejected)
GoblinManager: Failed to register cave at 27,38 (Terrain rejected)
GoblinManager: Failed to register cave at 25,30 (Terrain rejected)
GoblinManager: Failed to register cave at 87,91 (Terrain rejected)
GoblinManager: Failed to register cave at 37,38 (Terrain rejected)
GoblinManager: Failed to register cave at 55,66 (Terrain rejected)
GoblinManager: Failed to register cave at 72,17 (Terrain rejected)
GoblinManager: Failed to register cave at 93,53 (Terrain rejected)
GoblinManager: Failed to register cave at 36,42 (Terrain rejected)
GoblinManager: Failed to register cave at 11,22 (Terrain rejected)
GoblinManager: Failed to register cave at 5,15 (Terrain rejected)
GoblinManager: Failed to register cave at 22,87 (Terrain rejected)
GoblinManager: Failed to register cave at 89,1 (Terrain rejected)
GoblinManager: Failed to register cave at 1,82 (Terrain rejected)
GoblinManager: Failed to register cave at 18,34 (Terrain rejected)
GoblinManager: Failed to register cave at 77,10 (Terrain rejected)
GoblinManager: Failed to register cave at 57,46 (Terrain rejected)
GoblinManager: Failed to register cave at 97,73 (Terrain rejected)
GoblinManager: Failed to register cave at 82,58 (Terrain rejected)
GoblinManager: Failed to register cave at 19,59 (Terrain rejected)
GoblinManager: Failed to register cave at 90,58 (Terrain rejected)
GoblinManager: Failed to register cave at 6,5 (Terrain rejected)
GoblinManager: Failed to register cave at 49,53 (Terrain rejected)
GoblinManager: Failed to register cave at 79,78 (Terrain rejected)
GoblinManager: Failed to register cave at 1,0 (Terrain rejected)
GoblinManager: Failed to register cave at 96,27 (Terrain rejected)
GoblinManager: Failed to register cave at 47,96 (Terrain rejected)
GoblinManager: Failed to register cave at 42,71 (Terrain rejected)
GoblinManager: Failed to register cave at 41,25 (Terrain rejected)
GoblinManager: Failed to register cave at 76,10 (Terrain rejected)
GoblinManager: Failed to register cave at 45,82 (Terrain rejected)
GoblinManager: Failed to register cave at 37,95 (Terrain rejected)
GoblinManager: Failed to register cave at 88,16 (Terrain rejected)
GoblinManager: Failed to register cave at 51,58 (Terrain rejected)
GoblinManager: Failed to register cave at 2,53 (Terrain rejected)
GoblinManager: Failed to register cave at 66,13 (Terrain rejected)
GoblinManager: Failed to register cave at 79,26 (Terrain rejected)
GoblinManager: Failed to register cave at 37,34 (Terrain rejected)
GoblinManager: Failed to register cave at 31,0 (Terrain rejected)
GoblinManager: Failed to register cave at 96,19 (Terrain rejected)
GoblinManager: Failed to register cave at 40,81 (Terrain rejected)
GoblinManager: Failed to register cave at 85,60 (Terrain rejected)
GoblinManager: Failed to register cave at 35,21 (Terrain rejected)
GoblinManager: Failed to register cave at 10,38 (Terrain rejected)
GoblinManager: Failed to register cave at 89,10 (Terrain rejected)
GoblinManager: Failed to register cave at 63,21 (Terrain rejected)
GoblinManager: Failed to register cave at 52,26 (Terrain rejected)
GoblinManager: Failed to register cave at 88,20 (Terrain rejected)
GoblinManager: Failed to register cave at 37,39 (Terrain rejected)
GoblinManager: Failed to register cave at 54,92 (Terrain rejected)
GoblinManager: Failed to register cave at 85,43 (Terrain rejected)
GoblinManager: Failed to register cave at 50,30 (Terrain rejected)
GoblinManager: Failed to register cave at 57,75 (Terrain rejected)
GoblinManager: Failed to register cave at 41,9 (Terrain rejected)
GoblinManager: Failed to register cave at 56,39 (Terrain rejected)
GoblinManager: Failed to register cave at 61,63 (Terrain rejected)
GoblinManager: Failed to register cave at 40,14 (Terrain rejected)
GoblinManager: Failed to register cave at 60,78 (Terrain rejected)
GoblinManager: Failed to register cave at 80,25 (Terrain rejected)
GoblinManager: Failed to register cave at 12,90 (Terrain rejected)
GoblinManager: Failed to register cave at 64,86 (Terrain rejected)
GoblinManager: Failed to register cave at 5,1 (Terrain rejected)
GoblinManager: Failed to register cave at 45,66 (Terrain rejected)
GoblinManager: Failed to register cave at 46,57 (Terrain rejected)
GoblinManager: Failed to register cave at 29,56 (Terrain rejected)
GoblinManager: Failed to register cave at 93,9 (Terrain rejected)
GoblinManager: Failed to register cave at 86,76 (Terrain rejected)
GoblinManager: Failed to register cave at 43,92 (Terrain rejected)
GoblinManager: Failed to register cave at 48,47 (Terrain rejected)
GoblinManager: Failed to register cave at 76,39 (Terrain rejected)
GoblinManager: Failed to register cave at 24,6 (Terrain rejected)
GoblinManager: Failed to register cave at 15,0 (Terrain rejected)
GoblinManager: Failed to register cave at 79,96 (Terrain rejected)
GoblinManager: Failed to register cave at 94,56 (Terrain rejected)
GoblinManager: Failed to register cave at 92,3 (Terrain rejected)
GoblinManager: Failed to register cave at 25,89 (Terrain rejected)
GoblinManager: Failed to register cave at 73,13 (Terrain rejected)
GoblinManager: Failed to register cave at 58,19 (Terrain rejected)
GoblinManager: Failed to register cave at 96,32 (Terrain rejected)
GoblinManager: Failed to register cave at 87,31 (Terrain rejected)
GoblinManager: Failed to register cave at 4,73 (Terrain rejected)
GoblinManager: Failed to register cave at 9,80 (Terrain rejected)
GoblinManager: Failed to register cave at 5,75 (Terrain rejected)
GoblinManager: Failed to register cave at 83,82 (Terrain rejected)
GoblinManager: Failed to register cave at 70,72 (Terrain rejected)
GoblinManager: Failed to register cave at 65,64 (Terrain rejected)
GoblinManager: Failed to register cave at 93,50 (Terrain rejected)
GoblinManager: Failed to register cave at 40,88 (Terrain rejected)
GoblinManager: Failed to register cave at 57,99 (Terrain rejected)
GoblinManager: Failed to register cave at 90,90 (Terrain rejected)
GoblinManager: Failed to register cave at 38,79 (Terrain rejected)
GoblinManager: Failed to register cave at 37,8 (Terrain rejected)
GoblinManager: Failed to register cave at 40,51 (Terrain rejected)
GoblinManager: Failed to register cave at 65,93 (Terrain rejected)
GoblinManager: Failed to register cave at 13,70 (Terrain rejected)
GoblinManager: Failed to register cave at 0,89 (Terrain rejected)
GoblinManager: Failed to register cave at 51,15 (Terrain rejected)
GoblinManager: Failed to register cave at 67,93 (Terrain rejected)
GoblinManager: Failed to register cave at 8,47 (Terrain rejected)
GoblinManager: Failed to register cave at 14,53 (Terrain rejected)
GoblinManager: Failed to register cave at 54,31 (Terrain rejected)
GoblinManager: Failed to register cave at 18,36 (Terrain rejected)
GoblinManager: Failed to register cave at 87,29 (Terrain rejected)
GoblinManager: Failed to register cave at 57,96 (Terrain rejected)
GoblinManager: Failed to register cave at 81,64 (Terrain rejected)
GoblinManager: Failed to register cave at 50,39 (Terrain rejected)
GoblinManager: Failed to register cave at 46,10 (Terrain rejected)
GoblinManager: Failed to register cave at 66,38 (Terrain rejected)
GoblinManager: Failed to register cave at 30,78 (Terrain rejected)
GoblinManager: Failed to register cave at 44,80 (Terrain rejected)
GoblinManager: Failed to register cave at 64,21 (Terrain rejected)
GoblinManager: Failed to register cave at 56,54 (Terrain rejected)
GoblinManager: Failed to register cave at 11,24 (Terrain rejected)
GoblinManager: Failed to register cave at 8,98 (Terrain rejected)
GoblinManager: Failed to register cave at 14,32 (Terrain rejected)
GoblinManager: Failed to register cave at 18,65 (Terrain rejected)
GoblinManager: Failed to register cave at 18,61 (Terrain rejected)
GoblinManager: Failed to register cave at 15,33 (Terrain rejected)
GoblinManager: Failed to register cave at 52,57 (Terrain rejected)
GoblinManager: Failed to register cave at 31,90 (Terrain rejected)
GoblinManager: Failed to register cave at 59,76 (Terrain rejected)
GoblinManager: Failed to register cave at 24,15 (Terrain rejected)
GoblinManager: Failed to register cave at 27,23 (Terrain rejected)
GoblinManager: Failed to register cave at 80,92 (Terrain rejected)
GoblinManager: Failed to register cave at 92,84 (Terrain rejected)
GoblinManager: Failed to register cave at 48,35 (Terrain rejected)
GoblinManager: Failed to register cave at 20,0 (Terrain rejected)
GoblinManager: Failed to register cave at 25,39 (Terrain rejected)
GoblinManager: Failed to register cave at 69,33 (Terrain rejected)
GoblinManager: Failed to register cave at 40,15 (Terrain rejected)
GoblinManager: Failed to register cave at 32,30 (Terrain rejected)
GoblinManager: Failed to register cave at 22,61 (Terrain rejected)
GoblinManager: Failed to register cave at 19,14 (Terrain rejected)
GoblinManager: Failed to register cave at 69,13 (Terrain rejected)
GoblinManager: Failed to register cave at 25,4 (Terrain rejected)
GoblinManager: Failed to register cave at 65,58 (Terrain rejected)
GoblinManager: Failed to register cave at 23,49 (Terrain rejected)
GoblinManager: Failed to register cave at 35,75 (Terrain rejected)
GoblinManager: Failed to register cave at 88,92 (Terrain rejected)
GoblinManager: Failed to register cave at 4,2 (Terrain rejected)
GoblinManager: Failed to register cave at 27,96 (Terrain rejected)
GoblinManager: Failed to register cave at 84,41 (Terrain rejected)
GoblinManager: Failed to register cave at 70,74 (Terrain rejected)
GoblinManager: Failed to register cave at 31,5 (Terrain rejected)
GoblinManager: Failed to register cave at 39,7 (Terrain rejected)
GoblinManager: Failed to register cave at 77,37 (Terrain rejected)
GoblinManager: Failed to register cave at 63,37 (Terrain rejected)
GoblinManager: Failed to register cave at 96,48 (Terrain rejected)
GoblinManager: Failed to register cave at 2,92 (Terrain rejected)
GoblinManager: Failed to register cave at 18,93 (Terrain rejected)
GoblinManager: Failed to register cave at 19,73 (Terrain rejected)
GoblinManager: Failed to register cave at 88,76 (Terrain rejected)
GoblinManager: Failed to register cave at 49,95 (Terrain rejected)
GoblinManager: Failed to register cave at 44,0 (Terrain rejected)
GoblinManager: Failed to register cave at 50,1 (Terrain rejected)
GoblinManager: Failed to register cave at 47,8 (Terrain rejected)
GoblinManager: Failed to register cave at 7,85 (Terrain rejected)
GoblinManager: Failed to register cave at 10,20 (Terrain rejected)
GoblinManager: Failed to register cave at 3,44 (Terrain rejected)
GoblinManager: Failed to register cave at 65,63 (Terrain rejected)
GoblinManager: Failed to register cave at 13,22 (Terrain rejected)
GoblinManager: Failed to register cave at 0,40 (Terrain rejected)
GoblinManager: Failed to register cave at 92,51 (Terrain rejected)
GoblinManager: Failed to register cave at 69,99 (Terrain rejected)
GoblinManager: Failed to register cave at 40,64 (Terrain rejected)
GoblinManager: Failed to register cave at 60,77 (Terrain rejected)
GoblinManager: Failed to register cave at 85,16 (Terrain rejected)
GoblinManager: Failed to register cave at 18,66 (Terrain rejected)
GoblinManager: Failed to register cave at 48,76 (Terrain rejected)
GoblinManager: Failed to register cave at 34,36 (Terrain rejected)
GoblinManager: Failed to register cave at 99,46 (Terrain rejected)
GoblinManager: Failed to register cave at 21,78 (Terrain rejected)
GoblinManager: Failed to register cave at 14,73 (Terrain rejected)
GoblinManager: Failed to register cave at 83,13 (Terrain rejected)
GoblinManager: Failed to register cave at 4,17 (Terrain rejected)
GoblinManager: Failed to register cave at 33,14 (Terrain rejected)
GoblinManager: Failed to register cave at 5,93 (Terrain rejected)
GoblinManager: Failed to register cave at 26,11 (Terrain rejected)
GoblinManager: Failed to register cave at 46,70 (Terrain rejected)
GoblinManager: Failed to register cave at 25,91 (Terrain rejected)
GoblinManager: Failed to register cave at 79,48 (Terrain rejected)
GoblinManager: Failed to register cave at 39,97 (Terrain rejected)
GoblinManager: Failed to register cave at 29,94 (Terrain rejected)
GoblinManager: Failed to register cave at 92,47 (Terrain rejected)
GoblinManager: Failed to register cave at 56,60 (Terrain rejected)
GoblinManager: Failed to register cave at 63,30 (Terrain rejected)
GoblinManager: Failed to register cave at 12,13 (Terrain rejected)
GoblinManager: Failed to register cave at 60,95 (Terrain rejected)
GoblinManager: Failed to register cave at 66,15 (Terrain rejected)
GoblinManager: Failed to register cave at 1,7 (Terrain rejected)
GoblinManager: Failed to register cave at 30,21 (Terrain rejected)
GoblinManager: Failed to register cave at 35,33 (Terrain rejected)
GoblinManager: Failed to register cave at 60,43 (Terrain rejected)
GoblinManager: Failed to register cave at 41,8 (Terrain rejected)
GoblinManager: Failed to register cave at 42,98 (Terrain rejected)
GoblinManager: Failed to register cave at 41,31 (Terrain rejected)
GoblinManager: Failed to register cave at 52,20 (Terrain rejected)
GoblinManager: Failed to register cave at 21,30 (Terrain rejected)
GoblinManager: Failed to register cave at 65,33 (Terrain rejected)
GoblinManager: Failed to register cave at 81,67 (Terrain rejected)
GoblinManager: Failed to register cave at 4,80 (Terrain rejected)
GoblinManager: Failed to register cave at 23,93 (Terrain rejected)
GoblinManager: Failed to register cave at 36,27 (Terrain rejected)
GoblinManager: Failed to register cave at 96,6 (Terrain rejected)
GoblinManager: Failed to register cave at 30,6 (Terrain rejected)
GoblinManager: Failed to register cave at 58,72 (Terrain rejected)
GoblinManager: Failed to register cave at 65,68 (Terrain rejected)
GoblinManager: Failed to register cave at 55,50 (Terrain rejected)
GoblinManager: Failed to register cave at 44,85 (Terrain rejected)
GoblinManager: Failed to register cave at 45,41 (Terrain rejected)
GoblinManager: Failed to register cave at 78,66 (Terrain rejected)
GoblinManager: Failed to register cave at 64,7 (Terrain rejected)
GoblinManager: Failed to register cave at 73,40 (Terrain rejected)
GoblinManager: Failed to register cave at 7,10 (Terrain rejected)
GoblinManager: Failed to register cave at 23,95 (Terrain rejected)
GoblinManager: Failed to register cave at 57,7 (Terrain rejected)
GoblinManager: Failed to register cave at 55,50 (Terrain rejected)
GoblinManager: Failed to register cave at 86,97 (Terrain rejected)
GoblinManager: Failed to register cave at 64,64 (Terrain rejected)
GoblinManager: Failed to register cave at 22,46 (Terrain rejected)
GoblinManager: Failed to register cave at 56,35 (Terrain rejected)
GoblinManager: Failed to register cave at 10,16 (Terrain rejected)
GoblinManager: Failed to register cave at 1,7 (Terrain rejected)
GoblinManager: Failed to register cave at 68,62 (Terrain rejected)
GoblinManager: Failed to register cave at 87,34 (Terrain rejected)
GoblinManager: Failed to register cave at 91,89 (Terrain rejected)
GoblinManager: Failed to register cave at 59,2 (Terrain rejected)
GoblinManager: Failed to register cave at 32,67 (Terrain rejected)
GoblinManager: Failed to register cave at 89,37 (Terrain rejected)
GoblinManager: Failed to register cave at 4,25 (Terrain rejected)
GoblinManager: Failed to register cave at 45,4 (Terrain rejected)
GoblinManager: Failed to register cave at 62,87 (Terrain rejected)
GoblinManager: Failed to register cave at 36,96 (Terrain rejected)
GoblinManager: Failed to register cave at 74,73 (Terrain rejected)
GoblinManager: Failed to register cave at 94,8 (Terrain rejected)
GoblinManager: Failed to register cave at 40,83 (Terrain rejected)
GoblinManager: Failed to register cave at 72,69 (Terrain rejected)
GoblinManager: Failed to register cave at 2,77 (Terrain rejected)
GoblinManager: Failed to register cave at 33,9 (Terrain rejected)
GoblinManager: Failed to register cave at 33,43 (Terrain rejected)
GoblinManager: Failed to register cave at 73,45 (Terrain rejected)
GoblinManager: Failed to register cave at 85,87 (Terrain rejected)
GoblinManager: Failed to register cave at 43,41 (Terrain rejected)
GoblinManager: Failed to register cave at 6,17 (Terrain rejected)
GoblinManager: Failed to register cave at 44,0 (Terrain rejected)
GoblinManager: Failed to register cave at 60,20 (Terrain rejected)
GoblinManager: Failed to register cave at 15,44 (Terrain rejected)
GoblinManager: Failed to register cave at 10,91 (Terrain rejected)
GoblinManager: Failed to register cave at 70,63 (Terrain rejected)
GoblinManager: Failed to register cave at 41,79 (Terrain rejected)
GoblinManager: Failed to register cave at 77,34 (Terrain rejected)
GoblinManager: Failed to register cave at 29,5 (Terrain rejected)
GoblinManager: Failed to register cave at 70,47 (Terrain rejected)
GoblinManager: Failed to register cave at 59,98 (Terrain rejected)
GoblinManager: Failed to register cave at 64,4 (Terrain rejected)
GoblinManager: Failed to register cave at 92,86 (Terrain rejected)
GoblinManager: Failed to register cave at 18,68 (Terrain rejected)
GoblinManager: Failed to register cave at 23,81 (Terrain rejected)
GoblinManager: Failed to register cave at 59,79 (Terrain rejected)
GoblinManager: Failed to register cave at 31,29 (Terrain rejected)
GoblinManager: Failed to register cave at 5,53 (Terrain rejected)
GoblinManager: Failed to register cave at 91,96 (Terrain rejected)
GoblinManager: Failed to register cave at 30,36 (Terrain rejected)
GoblinManager: Failed to register cave at 12,99 (Terrain rejected)
GoblinManager: Failed to register cave at 83,37 (Terrain rejected)
GoblinManager: Failed to register cave at 36,45 (Terrain rejected)
GoblinManager: Failed to register cave at 34,54 (Terrain rejected)
GoblinManager: Failed to register cave at 45,10 (Terrain rejected)
GoblinManager: Failed to register cave at 54,50 (Terrain rejected)
GoblinManager: Failed to register cave at 78,16 (Terrain rejected)
GoblinManager: Failed to register cave at 8,71 (Terrain rejected)
GoblinManager: Failed to register cave at 40,19 (Terrain rejected)
GoblinManager: Failed to register cave at 81,0 (Terrain rejected)
GoblinManager: Failed to register cave at 30,70 (Terrain rejected)
GoblinManager: Failed to register cave at 95,51 (Terrain rejected)
GoblinManager: Failed to register cave at 18,13 (Terrain rejected)
GoblinManager: Failed to register cave at 92,61 (Terrain rejected)
GoblinManager: Failed to register cave at 44,3 (Terrain rejected)
GoblinManager: Failed to register cave at 7,89 (Terrain rejected)
GoblinManager: Failed to register cave at 82,54 (Terrain rejected)
GoblinManager: Failed to register cave at 19,64 (Terrain rejected)
GoblinManager: Failed to register cave at 68,15 (Terrain rejected)
GoblinManager: Failed to register cave at 44,87 (Terrain rejected)
GoblinManager: Failed to register cave at 52,92 (Terrain rejected)
GoblinManager: Failed to register cave at 99,43 (Terrain rejected)
GoblinManager: Failed to register cave at 18,69 (Terrain rejected)
GoblinManager: Failed to register cave at 40,27 (Terrain rejected)
GoblinManager: Failed to register cave at 94,7 (Terrain rejected)
GoblinManager: Failed to register cave at 51,66 (Terrain rejected)
GoblinManager: Failed to register cave at 50,53 (Terrain rejected)
GoblinManager: Failed to register cave at 82,85 (Terrain rejected)
GoblinManager: Failed to register cave at 29,19 (Terrain rejected)
GoblinManager: Failed to register cave at 38,28 (Terrain rejected)
GoblinManager: Failed to register cave at 41,40 (Terrain rejected)
GoblinManager: Failed to register cave at 13,69 (Terrain rejected)
GoblinManager: Failed to register cave at 92,87 (Terrain rejected)
GoblinManager: Failed to register cave at 42,21 (Terrain rejected)
GoblinManager: Failed to register cave at 80,92 (Terrain rejected)
GoblinManager: Failed to register cave at 56,77 (Terrain rejected)
GoblinManager: Failed to register cave at 3,31 (Terrain rejected)
GoblinManager: Failed to register cave at 32,79 (Terrain rejected)
GoblinManager: Failed to register cave at 85,64 (Terrain rejected)
GoblinManager: Failed to register cave at 41,25 (Terrain rejected)
GoblinManager: Failed to register cave at 21,99 (Terrain rejected)
GoblinManager: Failed to register cave at 41,80 (Terrain rejected)
GoblinManager: Failed to register cave at 28,18 (Terrain rejected)
GoblinManager: Failed to register cave at 54,16 (Terrain rejected)
GoblinManager: Failed to register cave at 38,12 (Terrain rejected)
GoblinManager: Failed to register cave at 80,38 (Terrain rejected)
GoblinManager: Failed to register cave at 48,55 (Terrain rejected)
GoblinManager: Failed to register cave at 76,66 (Terrain rejected)
GoblinManager: Failed to register cave at 23,48 (Terrain rejected)
GoblinManager: Failed to register cave at 11,6 (Terrain rejected)
GoblinManager: Failed to register cave at 48,49 (Terrain rejected)
GoblinManager: Failed to register cave at 65,25 (Terrain rejected)
GoblinManager: Failed to register cave at 67,2 (Terrain rejected)
GoblinManager: Failed to register cave at 3,38 (Terrain rejected)
GoblinManager: Failed to register cave at 92,91 (Terrain rejected)
GoblinManager: Failed to register cave at 78,0 (Terrain rejected)
GoblinManager: Failed to register cave at 17,92 (Terrain rejected)
GoblinManager: Failed to register cave at 64,78 (Terrain rejected)
GoblinManager: Failed to register cave at 6,25 (Terrain rejected)
GoblinManager: Failed to register cave at 3,86 (Terrain rejected)
GoblinManager: Failed to register cave at 78,8 (Terrain rejected)
GoblinManager: Failed to register cave at 2,11 (Terrain rejected)
GoblinManager: Failed to register cave at 59,29 (Terrain rejected)
GoblinManager: Failed to register cave at 59,51 (Terrain rejected)
GoblinManager: Failed to register cave at 77,86 (Terrain rejected)
GoblinManager: Failed to register cave at 60,72 (Terrain rejected)
GoblinManager: Failed to register cave at 7,78 (Terrain rejected)
GoblinManager: Failed to register cave at 25,25 (Terrain rejected)
GoblinManager: Failed to register cave at 16,12 (Terrain rejected)
GoblinManager: Failed to register cave at 10,86 (Terrain rejected)
GoblinManager: Failed to register cave at 85,15 (Terrain rejected)
GoblinManager: Failed to register cave at 43,25 (Terrain rejected)
GoblinManager: Failed to register cave at 91,42 (Terrain rejected)
GoblinManager: Failed to register cave at 84,76 (Terrain rejected)
GoblinManager: Failed to register cave at 78,4 (Terrain rejected)
GoblinManager: Failed to register cave at 37,52 (Terrain rejected)
GoblinManager: Failed to register cave at 49,96 (Terrain rejected)
GoblinManager: Failed to register cave at 15,65 (Terrain rejected)
GoblinManager: Failed to register cave at 75,46 (Terrain rejected)
GoblinManager: Failed to register cave at 7,94 (Terrain rejected)
GoblinManager: Failed to register cave at 50,43 (Terrain rejected)
GoblinManager: Failed to register cave at 95,34 (Terrain rejected)
GoblinManager: Failed to register cave at 51,43 (Terrain rejected)
GoblinManager: Failed to register cave at 1,53 (Terrain rejected)
GoblinManager: Failed to register cave at 94,96 (Terrain rejected)
GoblinManager: Failed to register cave at 23,31 (Terrain rejected)
GoblinManager: Failed to register cave at 62,10 (Terrain rejected)
GoblinManager: Failed to register cave at 76,3 (Terrain rejected)
GoblinManager: Failed to register cave at 87,9 (Terrain rejected)
GoblinManager: Failed to register cave at 55,36 (Terrain rejected)
GoblinManager: Failed to register cave at 83,24 (Terrain rejected)
GoblinManager: Failed to register cave at 36,20 (Terrain rejected)
GoblinManager: Failed to register cave at 29,27 (Terrain rejected)
GoblinManager: Failed to register cave at 3,50 (Terrain rejected)
GoblinManager: Failed to register cave at 29,55 (Terrain rejected)
GoblinManager: Failed to register cave at 15,69 (Terrain rejected)
GoblinManager: Failed to register cave at 78,84 (Terrain rejected)
GoblinManager: Failed to register cave at 8,48 (Terrain rejected)
GoblinManager: Failed to register cave at 75,45 (Terrain rejected)
GoblinManager: Failed to register cave at 28,39 (Terrain rejected)
GoblinManager: Failed to register cave at 68,26 (Terrain rejected)
GoblinManager: Failed to register cave at 2,92 (Terrain rejected)
GoblinManager: Failed to register cave at 74,55 (Terrain rejected)
GoblinManager: Failed to register cave at 45,72 (Terrain rejected)
GoblinManager: Failed to register cave at 2,7 (Terrain rejected)
GoblinManager: Failed to register cave at 52,84 (Terrain rejected)
GoblinManager: Failed to register cave at 12,90 (Terrain rejected)
GoblinManager: Failed to register cave at 18,21 (Terrain rejected)
GoblinManager: Failed to register cave at 80,32 (Terrain rejected)
GoblinManager: Failed to register cave at 89,39 (Terrain rejected)
GoblinManager: Failed to register cave at 6,84 (Terrain rejected)
GoblinManager: Failed to register cave at 29,65 (Terrain rejected)
GoblinManager: Failed to register cave at 44,32 (Terrain rejected)
GoblinManager: Failed to register cave at 74,68 (Terrain rejected)
GoblinManager: Failed to register cave at 98,21 (Terrain rejected)
GoblinManager: Failed to register cave at 37,76 (Terrain rejected)
GoblinManager: Failed to register cave at 64,19 (Terrain rejected)
GoblinManager: Failed to register cave at 2,97 (Terrain rejected)
GoblinManager: Failed to register cave at 61,90 (Terrain rejected)
GoblinManager: Failed to register cave at 18,44 (Terrain rejected)
GoblinManager: Failed to register cave at 17,19 (Terrain rejected)
GoblinManager: Failed to register cave at 46,4 (Terrain rejected)
GoblinManager: Failed to register cave at 32,67 (Terrain rejected)
GoblinManager: Failed to register cave at 30,96 (Terrain rejected)
GoblinManager: Failed to register cave at 60,0 (Terrain rejected)
GoblinManager: Failed to register cave at 93,0 (Terrain rejected)
GoblinManager: Failed to register cave at 90,59 (Terrain rejected)
GoblinManager: Failed to register cave at 78,77 (Terrain rejected)
GoblinManager: Failed to register cave at 62,60 (Terrain rejected)
GoblinManager: Failed to register cave at 62,15 (Terrain rejected)
GoblinManager: Failed to register cave at 99,32 (Terrain rejected)
GoblinManager: Failed to register cave at 97,17 (Terrain rejected)
GoblinManager: Failed to register cave at 61,87 (Terrain rejected)
GoblinManager: Failed to register cave at 81,46 (Terrain rejected)
GoblinManager: Failed to register cave at 98,54 (Terrain rejected)
GoblinManager: Failed to register cave at 55,99 (Terrain rejected)
GoblinManager: Failed to register cave at 73,74 (Terrain rejected)
GoblinManager: Failed to register cave at 88,79 (Terrain rejected)
GoblinManager: Failed to register cave at 26,91 (Terrain rejected)
GoblinManager: Failed to register cave at 94,6 (Terrain rejected)
GoblinManager: Failed to register cave at 93,17 (Terrain rejected)
GoblinManager: Failed to register cave at 97,41 (Terrain rejected)
GoblinManager: Failed to register cave at 3,99 (Terrain rejected)
GoblinManager: Failed to register cave at 3,77 (Terrain rejected)
GoblinManager: Failed to register cave at 41,33 (Terrain rejected)
GoblinManager: Failed to register cave at 79,91 (Terrain rejected)
GoblinManager: Failed to register cave at 50,93 (Terrain rejected)
GoblinManager: Failed to register cave at 39,52 (Terrain rejected)
GoblinManager: Failed to register cave at 46,83 (Terrain rejected)
GoblinManager: Failed to register cave at 30,5 (Terrain rejected)
GoblinManager: Failed to register cave at 36,73 (Terrain rejected)
GoblinManager: Failed to register cave at 82,25 (Terrain rejected)
GoblinManager: Failed to register cave at 3,49 (Terrain rejected)
GoblinManager: Failed to register cave at 42,61 (Terrain rejected)
GoblinManager: Failed to register cave at 59,85 (Terrain rejected)
GoblinManager: Failed to register cave at 83,46 (Terrain rejected)
GoblinManager: Failed to register cave at 29,72 (Terrain rejected)
GoblinManager: Failed to register cave at 95,35 (Terrain rejected)
GoblinManager: Failed to register cave at 71,34 (Terrain rejected)
GoblinManager: Failed to register cave at 58,7 (Terrain rejected)
GoblinManager: Failed to register cave at 24,64 (Terrain rejected)
GoblinManager: Failed to register cave at 34,90 (Terrain rejected)
GoblinManager: Failed to register cave at 69,93 (Terrain rejected)
GoblinManager: Failed to register cave at 95,70 (Terrain rejected)
GoblinManager: Failed to register cave at 55,23 (Terrain rejected)
GoblinManager: Failed to register cave at 11,49 (Terrain rejected)
GoblinManager: Failed to register cave at 99,16 (Terrain rejected)
GoblinManager: Failed to register cave at 96,55 (Terrain rejected)
GoblinManager: Failed to register cave at 90,68 (Terrain rejected)
GoblinManager: Failed to register cave at 80,52 (Terrain rejected)
GoblinManager: Failed to register cave at 72,44 (Terrain rejected)
GoblinManager: Failed to register cave at 6,68 (Terrain rejected)
GoblinManager: Failed to register cave at 61,43 (Terrain rejected)
GoblinManager: Failed to register cave at 35,98 (Terrain rejected)
GoblinManager: Failed to register cave at 51,80 (Terrain rejected)
GoblinManager: Failed to register cave at 33,26 (Terrain rejected)
GoblinManager: Failed to register cave at 3,48 (Terrain rejected)
GoblinManager: Failed to register cave at 81,92 (Terrain rejected)
GoblinManager: Failed to register cave at 41,14 (Terrain rejected)
GoblinManager: Failed to register cave at 40,93 (Terrain rejected)
GoblinManager: Failed to register cave at 50,89 (Terrain rejected)
GoblinManager: Failed to register cave at 2,32 (Terrain rejected)
GoblinManager: Failed to register cave at 76,45 (Terrain rejected)
GoblinManager: Failed to register cave at 21,80 (Terrain rejected)
GoblinManager: Failed to register cave at 43,64 (Terrain rejected)
GoblinManager: Failed to register cave at 59,43 (Terrain rejected)
GoblinManager: Failed to register cave at 14,34 (Terrain rejected)
GoblinManager: Failed to register cave at 67,75 (Terrain rejected)
GoblinManager: Failed to register cave at 62,82 (Terrain rejected)
GoblinManager: Failed to register cave at 35,73 (Terrain rejected)
GoblinManager: Failed to register cave at 29,0 (Terrain rejected)
GoblinManager: Failed to register cave at 30,57 (Terrain rejected)
GoblinManager: Failed to register cave at 97,95 (Terrain rejected)
GoblinManager: Failed to register cave at 58,94 (Terrain rejected)
GoblinManager: Failed to register cave at 20,99 (Terrain rejected)
GoblinManager: Failed to register cave at 14,88 (Terrain rejected)
GoblinManager: Failed to register cave at 98,41 (Terrain rejected)
GoblinManager: Failed to register cave at 77,10 (Terrain rejected)
GoblinManager: Failed to register cave at 22,89 (Terrain rejected)
GoblinManager: Failed to register cave at 78,15 (Terrain rejected)
GoblinManager: Failed to register cave at 44,85 (Terrain rejected)
GoblinManager: Failed to register cave at 10,87 (Terrain rejected)
GoblinManager: Failed to register cave at 96,4 (Terrain rejected)
GoblinManager: Failed to register cave at 26,10 (Terrain rejected)
GoblinManager: Failed to register cave at 59,86 (Terrain rejected)
GoblinManager: Failed to register cave at 22,82 (Terrain rejected)
GoblinManager: Failed to register cave at 45,24 (Terrain rejected)
GoblinManager: Failed to register cave at 55,92 (Terrain rejected)
GoblinManager: Failed to register cave at 32,94 (Terrain rejected)
GoblinManager: Failed to register cave at 57,73 (Terrain rejected)
GoblinManager: Failed to register cave at 20,50 (Terrain rejected)
GoblinManager: Failed to register cave at 28,14 (Terrain rejected)
GoblinManager: Failed to register cave at 65,77 (Terrain rejected)
GoblinManager: Failed to register cave at 83,92 (Terrain rejected)
GoblinManager: Failed to register cave at 55,71 (Terrain rejected)
GoblinManager: Failed to register cave at 59,73 (Terrain rejected)
GoblinManager: Failed to register cave at 0,1 (Terrain rejected)
GoblinManager: Failed to register cave at 23,3 (Terrain rejected)
GoblinManager: Failed to register cave at 19,98 (Terrain rejected)
GoblinManager: Failed to register cave at 88,21 (Terrain rejected)
GoblinManager: Failed to register cave at 17,49 (Terrain rejected)
GoblinManager: Failed to register cave at 59,11 (Terrain rejected)
GoblinManager: Failed to register cave at 39,52 (Terrain rejected)
GoblinManager: Failed to register cave at 90,76 (Terrain rejected)
GoblinManager: Failed to register cave at 77,79 (Terrain rejected)
GoblinManager: Failed to register cave at 62,55 (Terrain rejected)
GoblinManager: Failed to register cave at 97,90 (Terrain rejected)
GoblinManager: Failed to register cave at 47,34 (Terrain rejected)
GoblinManager: Failed to register cave at 20,77 (Terrain rejected)
GoblinManager: Failed to register cave at 72,61 (Terrain rejected)
GoblinManager: Failed to register cave at 48,23 (Terrain rejected)
GoblinManager: Failed to register cave at 14,73 (Terrain rejected)
GoblinManager: Failed to register cave at 69,54 (Terrain rejected)
GoblinManager: Failed to register cave at 33,57 (Terrain rejected)
GoblinManager: Failed to register cave at 16,22 (Terrain rejected)
GoblinManager: Failed to register cave at 10,53 (Terrain rejected)
GoblinManager: Failed to register cave at 91,38 (Terrain rejected)
GoblinManager: Failed to register cave at 14,55 (Terrain rejected)
GoblinManager: Failed to register cave at 43,83 (Terrain rejected)
GoblinManager: Failed to register cave at 20,59 (Terrain rejected)
GoblinManager: Failed to register cave at 46,95 (Terrain rejected)
GoblinManager: Failed to register cave at 81,66 (Terrain rejected)
GoblinManager: Failed to register cave at 64,33 (Terrain rejected)
GoblinManager: Failed to register cave at 18,64 (Terrain rejected)
GoblinManager: Failed to register cave at 30,50 (Terrain rejected)
GoblinManager: Failed to register cave at 65,74 (Terrain rejected)
GoblinManager: Failed to register cave at 10,51 (Terrain rejected)
GoblinManager: Failed to register cave at 25,95 (Terrain rejected)
GoblinManager: Failed to register cave at 82,18 (Terrain rejected)
GoblinManager: Failed to register cave at 10,90 (Terrain rejected)
GoblinManager: Failed to register cave at 53,5 (Terrain rejected)
GoblinManager: Failed to register cave at 80,51 (Terrain rejected)
GoblinManager: Failed to register cave at 47,27 (Terrain rejected)
GoblinManager: Failed to register cave at 1,97 (Terrain rejected)
GoblinManager: Failed to register cave at 35,28 (Terrain rejected)
GoblinManager: Failed to register cave at 38,74 (Terrain rejected)
GoblinManager: Failed to register cave at 34,55 (Terrain rejected)
GoblinManager: Failed to register cave at 38,8 (Terrain rejected)
GoblinManager: Failed to register cave at 21,52 (Terrain rejected)
GoblinManager: Failed to register cave at 60,81 (Terrain rejected)
GoblinManager: Failed to register cave at 11,53 (Terrain rejected)
GoblinManager: Failed to register cave at 44,99 (Terrain rejected)
GoblinManager: Failed to register cave at 86,73 (Terrain rejected)
GoblinManager: Failed to register cave at 6,22 (Terrain rejected)
GoblinManager: Failed to register cave at 55,30 (Terrain rejected)
GoblinManager: Failed to register cave at 72,86 (Terrain rejected)
GoblinManager: Failed to register cave at 29,59 (Terrain rejected)
GoblinManager: Failed to register cave at 40,44 (Terrain rejected)
GoblinManager: Failed to register cave at 27,24 (Terrain rejected)
GoblinManager: Failed to register cave at 10,22 (Terrain rejected)
GoblinManager: Failed to register cave at 94,76 (Terrain rejected)
GoblinManager: Failed to register cave at 11,44 (Terrain rejected)
GoblinManager: Failed to register cave at 71,66 (Terrain rejected)
GoblinManager: Failed to register cave at 74,51 (Terrain rejected)
GoblinManager: Failed to register cave at 13,32 (Terrain rejected)
GoblinManager: Failed to register cave at 24,92 (Terrain rejected)
GoblinManager: Failed to register cave at 41,39 (Terrain rejected)
GoblinManager: Failed to register cave at 75,71 (Terrain rejected)
GoblinManager: Failed to register cave at 83,11 (Terrain rejected)
GoblinManager: Failed to register cave at 41,6 (Terrain rejected)
GoblinManager: Failed to register cave at 50,25 (Terrain rejected)
GoblinManager: Failed to register cave at 23,38 (Terrain rejected)
GoblinManager: Failed to register cave at 40,47 (Terrain rejected)
GoblinManager: Failed to register cave at 20,31 (Terrain rejected)
GoblinManager: Failed to register cave at 53,54 (Terrain rejected)
GoblinManager: Failed to register cave at 43,57 (Terrain rejected)
GoblinManager: Failed to register cave at 91,90 (Terrain rejected)
GoblinManager: Failed to register cave at 22,57 (Terrain rejected)
GoblinManager: Failed to register cave at 14,69 (Terrain rejected)
GoblinManager: Failed to register cave at 3,55 (Terrain rejected)
GoblinManager: Failed to register cave at 26,42 (Terrain rejected)
GoblinManager: Failed to register cave at 51,19 (Terrain rejected)
GoblinManager: Failed to register cave at 38,44 (Terrain rejected)
GoblinManager: Failed to register cave at 38,43 (Terrain rejected)
GoblinManager: Failed to register cave at 8,14 (Terrain rejected)
GoblinManager: Failed to register cave at 24,72 (Terrain rejected)
GoblinManager: Failed to register cave at 87,22 (Terrain rejected)
GoblinManager: Failed to register cave at 22,2 (Terrain rejected)
GoblinManager: Failed to register cave at 81,91 (Terrain rejected)
GoblinManager: Failed to register cave at 18,69 (Terrain rejected)
GoblinManager: Failed to register cave at 93,7 (Terrain rejected)
GoblinManager: Failed to register cave at 99,17 (Terrain rejected)
GoblinManager: Failed to register cave at 84,45 (Terrain rejected)
GoblinManager: Failed to register cave at 81,6 (Terrain rejected)
GoblinManager: Failed to register cave at 33,75 (Terrain rejected)
GoblinManager: Failed to register cave at 9,88 (Terrain rejected)
GoblinManager: Failed to register cave at 95,25 (Terrain rejected)
GoblinManager: Failed to register cave at 83,46 (Terrain rejected)
GoblinManager: Failed to register cave at 1,48 (Terrain rejected)
GoblinManager: Failed to register cave at 78,78 (Terrain rejected)
GoblinManager: Failed to register cave at 54,24 (Terrain rejected)
GoblinManager: Failed to register cave at 12,88 (Terrain rejected)
GoblinManager: Failed to register cave at 97,66 (Terrain rejected)
GoblinManager: Failed to register cave at 37,66 (Terrain rejected)
GoblinManager: Failed to register cave at 85,44 (Terrain rejected)
GoblinManager: Failed to register cave at 43,93 (Terrain rejected)
GoblinManager: Failed to register cave at 31,33 (Terrain rejected)
GoblinManager: Failed to register cave at 4,21 (Terrain rejected)
GoblinManager: Failed to register cave at 66,18 (Terrain rejected)
GoblinManager: Failed to register cave at 46,82 (Terrain rejected)
GoblinManager: Failed to register cave at 72,84 (Terrain rejected)
GoblinManager: Failed to register cave at 81,56 (Terrain rejected)
GoblinManager: Failed to register cave at 54,85 (Terrain rejected)
GoblinManager: Failed to register cave at 8,31 (Terrain rejected)
GoblinManager: Failed to register cave at 88,45 (Terrain rejected)
GoblinManager: Failed to register cave at 27,41 (Terrain rejected)
GoblinManager: Failed to register cave at 65,38 (Terrain rejected)
GoblinManager: Failed to register cave at 73,37 (Terrain rejected)
GoblinManager: Failed to register cave at 85,82 (Terrain rejected)
GoblinManager: Failed to register cave at 71,52 (Terrain rejected)
GoblinManager: Failed to register cave at 98,19 (Terrain rejected)
GoblinManager: Failed to register cave at 33,86 (Terrain rejected)
GoblinManager: Failed to register cave at 97,28 (Terrain rejected)
GoblinManager: Failed to register cave at 61,1 (Terrain rejected)
GoblinManager: Failed to register cave at 56,25 (Terrain rejected)
GoblinManager: Failed to register cave at 65,59 (Terrain rejected)
GoblinManager: Failed to register cave at 96,15 (Terrain rejected)
GoblinManager: Failed to register cave at 59,35 (Terrain rejected)
GoblinManager: Failed to register cave at 82,37 (Terrain rejected)
GoblinManager: Failed to register cave at 3,47 (Terrain rejected)
GoblinManager: Failed to register cave at 62,52 (Terrain rejected)
GoblinManager: Failed to register cave at 28,74 (Terrain rejected)
GoblinManager: Failed to register cave at 55,72 (Terrain rejected)
GoblinManager: Failed to register cave at 79,17 (Terrain rejected)
GoblinManager: Failed to register cave at 12,50 (Terrain rejected)
GoblinManager: Failed to register cave at 68,52 (Terrain rejected)
GoblinManager: Failed to register cave at 35,28 (Terrain rejected)
GoblinManager: Failed to register cave at 63,61 (Terrain rejected)
GoblinManager: Failed to register cave at 75,19 (Terrain rejected)
GoblinManager: Failed to register cave at 30,65 (Terrain rejected)
GoblinManager: Failed to register cave at 81,0 (Terrain rejected)
GoblinManager: Failed to register cave at 67,77 (Terrain rejected)
GoblinManager: Failed to register cave at 71,95 (Terrain rejected)
GoblinManager: Failed to register cave at 91,85 (Terrain rejected)
GoblinManager: Failed to register cave at 99,30 (Terrain rejected)
GoblinManager: Failed to register cave at 58,83 (Terrain rejected)
GoblinManager: Failed to register cave at 85,98 (Terrain rejected)
GoblinManager: Failed to register cave at 76,50 (Terrain rejected)
GoblinManager: Failed to register cave at 20,98 (Terrain rejected)
GoblinManager: Failed to register cave at 85,73 (Terrain rejected)
GoblinManager: Failed to register cave at 0,2 (Terrain rejected)
GoblinManager: Failed to register cave at 66,84 (Terrain rejected)
GoblinManager: Failed to register cave at 72,57 (Terrain rejected)
GoblinManager: Failed to register cave at 58,51 (Terrain rejected)
GoblinManager: Failed to register cave at 89,62 (Terrain rejected)
GoblinManager: Failed to register cave at 87,84 (Terrain rejected)
GoblinManager: Failed to register cave at 79,69 (Terrain rejected)
GoblinManager: Failed to register cave at 9,30 (Terrain rejected)
GoblinManager: Failed to register cave at 21,68 (Terrain rejected)
GoblinManager: Failed to register cave at 91,10 (Terrain rejected)
GoblinManager: Failed to register cave at 21,59 (Terrain rejected)
GoblinManager: Failed to register cave at 23,28 (Terrain rejected)
GoblinManager: Failed to register cave at 78,20 (Terrain rejected)
GoblinManager: Failed to register cave at 0,85 (Terrain rejected)
GoblinManager: Failed to register cave at 20,62 (Terrain rejected)
GoblinManager: Failed to register cave at 78,31 (Terrain rejected)
GoblinManager: Failed to register cave at 59,85 (Terrain rejected)
GoblinManager: Failed to register cave at 4,36 (Terrain rejected)
GoblinManager: Failed to register cave at 90,17 (Terrain rejected)
GoblinManager: Failed to register cave at 69,96 (Terrain rejected)
GoblinManager: Failed to register cave at 83,43 (Terrain rejected)
GoblinManager: Failed to register cave at 5,52 (Terrain rejected)
GoblinManager: Failed to register cave at 78,69 (Terrain rejected)
GoblinManager: Failed to register cave at 90,66 (Terrain rejected)
GoblinManager: Failed to register cave at 94,97 (Terrain rejected)
GoblinManager: Failed to register cave at 93,1 (Terrain rejected)
GoblinManager: Failed to register cave at 34,40 (Terrain rejected)
GoblinManager: Failed to register cave at 34,40 (Terrain rejected)
GoblinManager: Failed to register cave at 77,90 (Terrain rejected)
GoblinManager: Failed to register cave at 78,15 (Terrain rejected)
GoblinManager: Failed to register cave at 20,43 (Terrain rejected)
GoblinManager: Failed to register cave at 34,23 (Terrain rejected)
GoblinManager: Failed to register cave at 42,24 (Terrain rejected)
GoblinManager: Failed to register cave at 46,54 (Terrain rejected)
GoblinManager: Failed to register cave at 61,9 (Terrain rejected)
GoblinManager: Failed to register cave at 78,65 (Terrain rejected)
GoblinManager: Failed to register cave at 64,40 (Terrain rejected)
GoblinManager: Failed to register cave at 8,55 (Terrain rejected)
GoblinManager: Failed to register cave at 29,89 (Terrain rejected)
GoblinManager: Failed to register cave at 76,74 (Terrain rejected)
GoblinManager: Failed to register cave at 83,56 (Terrain rejected)
GoblinManager: Failed to register cave at 6,94 (Terrain rejected)
GoblinManager: Failed to register cave at 53,12 (Terrain rejected)
GoblinManager: Failed to register cave at 4,87 (Terrain rejected)
GoblinManager: Failed to register cave at 79,54 (Terrain rejected)
GoblinManager: Failed to register cave at 71,6 (Terrain rejected)
GoblinManager: Failed to register cave at 59,13 (Terrain rejected)
GoblinManager: Failed to register cave at 93,89 (Terrain rejected)
GoblinManager: Failed to register cave at 62,57 (Terrain rejected)
GoblinManager: Failed to register cave at 38,54 (Terrain rejected)
GoblinManager: Failed to register cave at 52,99 (Terrain rejected)
GoblinManager: Failed to register cave at 46,82 (Terrain rejected)
GoblinManager: Failed to register cave at 38,41 (Terrain rejected)
GoblinManager: Failed to register cave at 34,41 (Terrain rejected)
GoblinManager: Failed to register cave at 27,90 (Terrain rejected)
GoblinManager: Failed to register cave at 32,77 (Terrain rejected)
GoblinManager: Failed to register cave at 45,6 (Terrain rejected)
GoblinManager: Failed to register cave at 93,3 (Terrain rejected)
GoblinManager: Failed to register cave at 44,23 (Terrain rejected)
GoblinManager: Failed to register cave at 98,42 (Terrain rejected)
GoblinManager: Failed to register cave at 89,30 (Terrain rejected)
GoblinManager: Failed to register cave at 47,28 (Terrain rejected)
GoblinManager: Failed to register cave at 31,48 (Terrain rejected)
GoblinManager: Failed to register cave at 62,14 (Terrain rejected)
GoblinManager: Failed to register cave at 11,15 (Terrain rejected)
GoblinManager: Failed to register cave at 16,47 (Terrain rejected)
GoblinManager: Failed to register cave at 25,9 (Terrain rejected)
GoblinManager: Failed to register cave at 24,24 (Terrain rejected)
GoblinManager: Failed to register cave at 9,77 (Terrain rejected)
GoblinManager: Failed to register cave at 26,41 (Terrain rejected)
GoblinManager: Failed to register cave at 76,75 (Terrain rejected)
GoblinManager: Failed to register cave at 97,90 (Terrain rejected)
GoblinManager: Failed to register cave at 38,18 (Terrain rejected)
GoblinManager: Failed to register cave at 87,59 (Terrain rejected)
GoblinManager: Failed to register cave at 36,26 (Terrain rejected)
GoblinManager: Failed to register cave at 42,36 (Terrain rejected)
GoblinManager: Failed to register cave at 22,33 (Terrain rejected)
GoblinManager: Failed to register cave at 41,63 (Terrain rejected)
GoblinManager: Failed to register cave at 42,92 (Terrain rejected)
GoblinManager: Failed to register cave at 72,16 (Terrain rejected)
GoblinManager: Failed to register cave at 85,86 (Terrain rejected)
GoblinManager: Failed to register cave at 98,66 (Terrain rejected)
GoblinManager: Failed to register cave at 23,19 (Terrain rejected)
GoblinManager: Failed to register cave at 92,92 (Terrain rejected)
GoblinManager: Failed to register cave at 86,4 (Terrain rejected)
GoblinManager: Failed to register cave at 80,63 (Terrain rejected)
GoblinManager: Failed to register cave at 8,12 (Terrain rejected)
GoblinManager: Failed to register cave at 91,39 (Terrain rejected)
GoblinManager: Failed to register cave at 70,52 (Terrain rejected)
GoblinManager: Failed to register cave at 61,42 (Terrain rejected)
GoblinManager: Failed to register cave at 63,74 (Terrain rejected)
GoblinManager: Failed to register cave at 69,23 (Terrain rejected)
GoblinManager: Failed to register cave at 50,52 (Terrain rejected)
GoblinManager: Failed to register cave at 82,30 (Terrain rejected)
GoblinManager: Failed to register cave at 64,36 (Terrain rejected)
GoblinManager: Failed to register cave at 54,98 (Terrain rejected)
GoblinManager: Failed to register cave at 0,42 (Terrain rejected)
GoblinManager: Failed to register cave at 16,93 (Terrain rejected)
GoblinManager: Failed to register cave at 62,88 (Terrain rejected)
GoblinManager: Failed to register cave at 41,44 (Terrain rejected)
GoblinManager: Failed to register cave at 94,52 (Terrain rejected)
GoblinManager: Failed to register cave at 39,86 (Terrain rejected)
GoblinManager: Failed to register cave at 93,56 (Terrain rejected)
GoblinManager: Failed to register cave at 77,97 (Terrain rejected)
GoblinManager: Failed to register cave at 31,56 (Terrain rejected)
GoblinManager: Failed to register cave at 2,18 (Terrain rejected)
GoblinManager: Failed to register cave at 50,37 (Terrain rejected)
GoblinManager: Failed to register cave at 45,61 (Terrain rejected)
GoblinManager: Failed to register cave at 23,39 (Terrain rejected)
GoblinManager: Failed to register cave at 40,41 (Terrain rejected)
GoblinManager: Failed to register cave at 95,26 (Terrain rejected)
GoblinManager: Failed to register cave at 28,19 (Terrain rejected)
GoblinManager: Failed to register cave at 23,53 (Terrain rejected)
GoblinManager: Failed to register cave at 75,80 (Terrain rejected)
GoblinManager: Failed to register cave at 81,47 (Terrain rejected)
GoblinManager: Failed to register cave at 93,12 (Terrain rejected)
GoblinManager: Failed to register cave at 74,59 (Terrain rejected)
GoblinManager: Failed to register cave at 37,35 (Terrain rejected)
GoblinManager: Failed to register cave at 35,77 (Terrain rejected)
GoblinManager: Failed to register cave at 44,22 (Terrain rejected)
GoblinManager: Failed to register cave at 50,92 (Terrain rejected)
GoblinManager: Failed to register cave at 15,83 (Terrain rejected)
GoblinManager: Failed to register cave at 24,29 (Terrain rejected)
GoblinManager: Failed to register cave at 41,59 (Terrain rejected)
GoblinManager: Failed to register cave at 65,71 (Terrain rejected)
GoblinManager: Failed to register cave at 45,39 (Terrain rejected)
GoblinManager: Failed to register cave at 92,50 (Terrain rejected)
GoblinManager: Failed to register cave at 6,26 (Terrain rejected)
GoblinManager: Failed to register cave at 39,11 (Terrain rejected)
GoblinManager: Failed to register cave at 49,70 (Terrain rejected)
GoblinManager: Failed to register cave at 87,92 (Terrain rejected)
GoblinManager: Failed to register cave at 43,41 (Terrain rejected)
GoblinManager: Failed to register cave at 75,0 (Terrain rejected)
GoblinManager: Failed to register cave at 77,68 (Terrain rejected)
GoblinManager: Failed to register cave at 48,42 (Terrain rejected)
GoblinManager: Failed to register cave at 91,60 (Terrain rejected)
GoblinManager: Failed to register cave at 78,84 (Terrain rejected)
GoblinManager: Failed to register cave at 24,35 (Terrain rejected)
GoblinManager: Failed to register cave at 80,54 (Terrain rejected)
GoblinManager: Failed to register cave at 76,31 (Terrain rejected)
GoblinManager: Failed to register cave at 17,21 (Terrain rejected)
GoblinManager: Failed to register cave at 95,56 (Terrain rejected)
GoblinManager: Failed to register cave at 38,22 (Terrain rejected)
GoblinManager: Failed to register cave at 55,88 (Terrain rejected)
GoblinManager: Failed to register cave at 87,15 (Terrain rejected)
GoblinManager: Failed to register cave at 61,37 (Terrain rejected)
GoblinManager: Failed to register cave at 74,64 (Terrain rejected)
GoblinManager: Failed to register cave at 13,81 (Terrain rejected)
GoblinManager: Failed to register cave at 56,78 (Terrain rejected)
GoblinManager: Failed to register cave at 45,39 (Terrain rejected)
GoblinManager: Failed to register cave at 13,2 (Terrain rejected)
GoblinManager: Failed to register cave at 87,63 (Terrain rejected)
GoblinManager: Failed to register cave at 31,15 (Terrain rejected)
GoblinManager: Failed to register cave at 79,61 (Terrain rejected)
GoblinManager: Failed to register cave at 33,98 (Terrain rejected)
GoblinManager: Failed to register cave at 70,14 (Terrain rejected)
GoblinManager: Failed to register cave at 71,23 (Terrain rejected)
GoblinManager: Failed to register cave at 10,61 (Terrain rejected)
GoblinManager: Failed to register cave at 5,92 (Terrain rejected)
GoblinManager: Failed to register cave at 90,70 (Terrain rejected)
GoblinManager: Failed to register cave at 55,98 (Terrain rejected)
GoblinManager: Failed to register cave at 27,99 (Terrain rejected)
GoblinManager: Failed to register cave at 88,86 (Terrain rejected)
GoblinManager: Failed to register cave at 94,68 (Terrain rejected)
GoblinManager: Failed to register cave at 41,94 (Terrain rejected)
GoblinManager: Failed to register cave at 30,85 (Terrain rejected)
GoblinManager: Failed to register cave at 13,58 (Terrain rejected)
GoblinManager: Failed to register cave at 41,75 (Terrain rejected)
GoblinManager: Failed to register cave at 0,86 (Terrain rejected)
GoblinManager: Failed to register cave at 86,4 (Terrain rejected)
GoblinManager: Failed to register cave at 85,76 (Terrain rejected)
GoblinManager: Failed to register cave at 65,79 (Terrain rejected)
GoblinManager: Failed to register cave at 59,67 (Terrain rejected)
GoblinManager: Failed to register cave at 50,74 (Terrain rejected)
GoblinManager: Failed to register cave at 63,7 (Terrain rejected)
GoblinManager: Failed to register cave at 88,54 (Terrain rejected)
GoblinManager: Failed to register cave at 59,73 (Terrain rejected)
GoblinManager: Failed to register cave at 6,63 (Terrain rejected)
GoblinManager: Failed to register cave at 26,25 (Terrain rejected)
GoblinManager: Failed to register cave at 77,43 (Terrain rejected)
GoblinManager: Failed to register cave at 40,92 (Terrain rejected)
GoblinManager: Failed to register cave at 27,57 (Terrain rejected)
GoblinManager: Failed to register cave at 0,55 (Terrain rejected)
GoblinManager: Failed to register cave at 86,34 (Terrain rejected)
GoblinManager: Failed to register cave at 82,16 (Terrain rejected)
GoblinManager: Failed to register cave at 49,89 (Terrain rejected)
GoblinManager: Failed to register cave at 58,12 (Terrain rejected)
GoblinManager: Failed to register cave at 98,71 (Terrain rejected)
GoblinManager: Failed to register cave at 46,60 (Terrain rejected)
GoblinManager: Failed to register cave at 19,41 (Terrain rejected)
GoblinManager: Failed to register cave at 39,3 (Terrain rejected)
GoblinManager: Failed to register cave at 29,62 (Terrain rejected)
GoblinManager: Failed to register cave at 96,28 (Terrain rejected)
GoblinManager: Failed to register cave at 11,90 (Terrain rejected)
GoblinManager: Failed to register cave at 76,85 (Terrain rejected)
GoblinManager: Failed to register cave at 98,69 (Terrain rejected)
GoblinManager: Failed to register cave at 28,74 (Terrain rejected)
GoblinManager: Failed to register cave at 87,95 (Terrain rejected)
GoblinManager: Failed to register cave at 77,20 (Terrain rejected)
GoblinManager: Failed to register cave at 90,76 (Terrain rejected)
GoblinManager: Failed to register cave at 23,71 (Terrain rejected)
GoblinManager: Failed to register cave at 64,73 (Terrain rejected)
GoblinManager: Failed to register cave at 16,43 (Terrain rejected)
GoblinManager: Failed to register cave at 49,91 (Terrain rejected)
GoblinManager: Failed to register cave at 70,30 (Terrain rejected)
GoblinManager: Failed to register cave at 56,73 (Terrain rejected)
GoblinManager: Failed to register cave at 69,86 (Terrain rejected)
GoblinManager: Failed to register cave at 21,98 (Terrain rejected)
GoblinManager: Failed to register cave at 14,35 (Terrain rejected)
GoblinManager: Failed to register cave at 27,58 (Terrain rejected)
GoblinManager: Failed to register cave at 26,15 (Terrain rejected)
GoblinManager: Failed to register cave at 13,12 (Terrain rejected)
GoblinManager: Failed to register cave at 96,28 (Terrain rejected)
GoblinManager: Failed to register cave at 67,34 (Terrain rejected)
GoblinManager: Failed to register cave at 29,32 (Terrain rejected)
GoblinManager: Failed to register cave at 43,57 (Terrain rejected)
GoblinManager: Failed to register cave at 13,45 (Terrain rejected)
GoblinManager: Failed to register cave at 84,99 (Terrain rejected)
GoblinManager: Failed to register cave at 72,97 (Terrain rejected)
GoblinManager: Failed to register cave at 47,42 (Terrain rejected)
GoblinManager: Failed to register cave at 76,43 (Terrain rejected)
GoblinManager: Failed to register cave at 39,10 (Terrain rejected)
GoblinManager: Failed to register cave at 0,74 (Terrain rejected)
GoblinManager: Failed to register cave at 23,9 (Terrain rejected)
GoblinManager: Failed to register cave at 78,54 (Terrain rejected)
GoblinManager: Failed to register cave at 95,91 (Terrain rejected)
GoblinManager: Failed to register cave at 53,93 (Terrain rejected)
GoblinManager: Failed to register cave at 75,1 (Terrain rejected)
GoblinManager: Failed to register cave at 87,1 (Terrain rejected)
GoblinManager: Failed to register cave at 70,12 (Terrain rejected)
GoblinManager: Failed to register cave at 29,4 (Terrain rejected)
GoblinManager: Failed to register cave at 91,3 (Terrain rejected)
GoblinManager: Failed to register cave at 24,2 (Terrain rejected)
GoblinManager: Failed to register cave at 87,1 (Terrain rejected)
GoblinManager: Failed to register cave at 11,28 (Terrain rejected)
GoblinManager: Failed to register cave at 90,25 (Terrain rejected)
GoblinManager: Failed to register cave at 7,23 (Terrain rejected)
GoblinManager: Failed to register cave at 83,39 (Terrain rejected)
GoblinManager: Failed to register cave at 43,3 (Terrain rejected)
GoblinManager: Failed to register cave at 78,11 (Terrain rejected)
GoblinManager: Failed to register cave at 60,85 (Terrain rejected)
GoblinManager: Failed to register cave at 93,69 (Terrain rejected)
GoblinManager: Failed to register cave at 32,2 (Terrain rejected)
GoblinManager: Failed to register cave at 20,99 (Terrain rejected)
GoblinManager: Failed to register cave at 78,9 (Terrain rejected)
GoblinManager: Failed to register cave at 46,77 (Terrain rejected)
GoblinManager: Failed to register cave at 30,95 (Terrain rejected)
GoblinManager: Failed to register cave at 22,43 (Terrain rejected)
GoblinManager: Failed to register cave at 97,8 (Terrain rejected)
GoblinManager: Failed to register cave at 80,10 (Terrain rejected)
GoblinManager: Failed to register cave at 3,62 (Terrain rejected)
GoblinManager: Failed to register cave at 50,29 (Terrain rejected)
GoblinManager: Failed to register cave at 38,25 (Terrain rejected)
GoblinManager: Failed to register cave at 63,61 (Terrain rejected)
GoblinManager: Failed to register cave at 72,69 (Terrain rejected)
GoblinManager: Failed to register cave at 25,34 (Terrain rejected)
GoblinManager: Failed to register cave at 44,95 (Terrain rejected)
GoblinManager: Failed to register cave at 72,63 (Terrain rejected)
GoblinManager: Failed to register cave at 4,57 (Terrain rejected)
GoblinManager: Failed to register cave at 14,34 (Terrain rejected)
GoblinManager: Failed to register cave at 33,9 (Terrain rejected)
GoblinManager: Failed to register cave at 97,60 (Terrain rejected)
GoblinManager: Failed to register cave at 95,37 (Terrain rejected)
GoblinManager: Failed to register cave at 71,65 (Terrain rejected)
GoblinManager: Failed to register cave at 18,64 (Terrain rejected)
GoblinManager: Failed to register cave at 54,39 (Terrain rejected)
GoblinManager: Failed to register cave at 64,18 (Terrain rejected)
GoblinManager: Failed to register cave at 9,94 (Terrain rejected)
GoblinManager: Failed to register cave at 81,78 (Terrain rejected)
GoblinManager: Failed to register cave at 60,51 (Terrain rejected)
GoblinManager: Failed to register cave at 79,56 (Terrain rejected)
GoblinManager: Failed to register cave at 52,91 (Terrain rejected)
GoblinManager: Failed to register cave at 40,31 (Terrain rejected)
GoblinManager: Failed to register cave at 68,66 (Terrain rejected)
GoblinManager: Failed to register cave at 98,61 (Terrain rejected)
GoblinManager: Failed to register cave at 50,38 (Terrain rejected)
GoblinManager: Failed to register cave at 11,84 (Terrain rejected)
GoblinManager: Failed to register cave at 36,77 (Terrain rejected)
GoblinManager: Failed to register cave at 58,67 (Terrain rejected)
GoblinManager: Failed to register cave at 46,43 (Terrain rejected)
GoblinManager: Failed to register cave at 58,10 (Terrain rejected)
GoblinManager: Failed to register cave at 25,66 (Terrain rejected)
GoblinManager: Failed to register cave at 84,15 (Terrain rejected)
GoblinManager: Failed to register cave at 23,66 (Terrain rejected)
GoblinManager: Failed to register cave at 66,37 (Terrain rejected)
GoblinManager: Failed to register cave at 59,13 (Terrain rejected)
GoblinManager: Failed to register cave at 84,59 (Terrain rejected)
GoblinManager: Failed to register cave at 5,0 (Terrain rejected)
GoblinManager: Failed to register cave at 60,55 (Terrain rejected)
GoblinManager: Failed to register cave at 90,75 (Terrain rejected)
GoblinManager: Failed to register cave at 35,86 (Terrain rejected)
GoblinManager: Failed to register cave at 33,66 (Terrain rejected)
GoblinManager: Failed to register cave at 63,86 (Terrain rejected)
GoblinManager: Failed to register cave at 34,51 (Terrain rejected)
GoblinManager: Failed to register cave at 38,45 (Terrain rejected)
GoblinManager: Failed to register cave at 77,95 (Terrain rejected)
GoblinManager: Failed to register cave at 74,42 (Terrain rejected)
GoblinManager: Failed to register cave at 4,35 (Terrain rejected)
GoblinManager: Failed to register cave at 5,96 (Terrain rejected)
GoblinManager: Failed to register cave at 92,61 (Terrain rejected)
GoblinManager: Failed to register cave at 90,37 (Terrain rejected)
GoblinManager: Failed to register cave at 12,43 (Terrain rejected)
GoblinManager: Failed to register cave at 12,44 (Terrain rejected)
GoblinManager: Failed to register cave at 26,58 (Terrain rejected)
GoblinManager: Failed to register cave at 37,53 (Terrain rejected)
GoblinManager: Failed to register cave at 28,63 (Terrain rejected)
GoblinManager: Failed to register cave at 96,77 (Terrain rejected)
GoblinManager: Failed to register cave at 80,33 (Terrain rejected)
GoblinManager: Failed to register cave at 49,23 (Terrain rejected)
GoblinManager: Failed to register cave at 84,38 (Terrain rejected)
GoblinManager: Failed to register cave at 44,29 (Terrain rejected)
GoblinManager: Failed to register cave at 69,15 (Terrain rejected)
GoblinManager: Failed to register cave at 37,24 (Terrain rejected)
GoblinManager: Failed to register cave at 91,58 (Terrain rejected)
GoblinManager: Failed to register cave at 51,0 (Terrain rejected)
GoblinManager: Failed to register cave at 11,45 (Terrain rejected)
GoblinManager: Failed to register cave at 31,72 (Terrain rejected)
GoblinManager: Failed to register cave at 17,22 (Terrain rejected)
GoblinManager: Failed to register cave at 19,80 (Terrain rejected)
GoblinManager: Failed to register cave at 23,88 (Terrain rejected)
GoblinManager: Failed to register cave at 6,60 (Terrain rejected)
GoblinManager: Failed to register cave at 85,23 (Terrain rejected)
GoblinManager: Failed to register cave at 8,90 (Terrain rejected)
GoblinManager: Failed to register cave at 38,47 (Terrain rejected)
GoblinManager: Failed to register cave at 3,40 (Terrain rejected)
GoblinManager: Failed to register cave at 13,5 (Terrain rejected)
GoblinManager: Failed to register cave at 31,80 (Terrain rejected)
GoblinManager: Failed to register cave at 11,46 (Terrain rejected)
GoblinManager: Failed to register cave at 14,62 (Terrain rejected)
GoblinManager: Failed to register cave at 19,38 (Terrain rejected)
GoblinManager: Failed to register cave at 2,30 (Terrain rejected)
GoblinManager: Failed to register cave at 22,31 (Terrain rejected)
GoblinManager: Failed to register cave at 30,47 (Terrain rejected)
GoblinManager: Failed to register cave at 23,79 (Terrain rejected)
GoblinManager: Failed to register cave at 41,39 (Terrain rejected)
GoblinManager: Failed to register cave at 26,36 (Terrain rejected)
GoblinManager: Failed to register cave at 63,73 (Terrain rejected)
GoblinManager: Failed to register cave at 11,30 (Terrain rejected)
GoblinManager: Failed to register cave at 68,23 (Terrain rejected)
GoblinManager: Failed to register cave at 65,27 (Terrain rejected)
GoblinManager: Failed to register cave at 60,57 (Terrain rejected)
GoblinManager: Failed to register cave at 42,61 (Terrain rejected)
GoblinManager: Failed to register cave at 5,16 (Terrain rejected)
GoblinManager: Failed to register cave at 6,58 (Terrain rejected)
GoblinManager: Failed to register cave at 6,41 (Terrain rejected)
GoblinManager: Failed to register cave at 47,74 (Terrain rejected)
GoblinManager: Failed to register cave at 78,42 (Terrain rejected)
GoblinManager: Failed to register cave at 92,46 (Terrain rejected)
GoblinManager: Failed to register cave at 4,50 (Terrain rejected)
GoblinManager: Failed to register cave at 54,92 (Terrain rejected)
GoblinManager: Failed to register cave at 63,57 (Terrain rejected)
GoblinManager: Failed to register cave at 66,67 (Terrain rejected)
GoblinManager: Failed to register cave at 12,57 (Terrain rejected)
GoblinManager: Failed to register cave at 79,99 (Terrain rejected)
GoblinManager: Failed to register cave at 45,83 (Terrain rejected)
GoblinManager: Failed to register cave at 30,75 (Terrain rejected)
GoblinManager: Failed to register cave at 95,55 (Terrain rejected)
GoblinManager: Failed to register cave at 26,92 (Terrain rejected)
GoblinManager: Failed to register cave at 39,78 (Terrain rejected)
GoblinManager: Failed to register cave at 89,76 (Terrain rejected)
GoblinManager: Failed to register cave at 31,73 (Terrain rejected)
GoblinManager: Failed to register cave at 53,30 (Terrain rejected)
GoblinManager: Failed to register cave at 41,5 (Terrain rejected)
GoblinManager: Failed to register cave at 99,80 (Terrain rejected)
GoblinManager: Failed to register cave at 13,84 (Terrain rejected)
GoblinManager: Failed to register cave at 98,24 (Terrain rejected)
GoblinManager: Failed to register cave at 26,83 (Terrain rejected)
GoblinManager: Failed to register cave at 65,9 (Terrain rejected)
GoblinManager: Failed to register cave at 11,74 (Terrain rejected)
GoblinManager: Failed to register cave at 14,56 (Terrain rejected)
GoblinManager: Failed to register cave at 78,55 (Terrain rejected)
GoblinManager: Failed to register cave at 97,15 (Terrain rejected)
GoblinManager: Failed to register cave at 60,78 (Terrain rejected)
GoblinManager: Failed to register cave at 44,96 (Terrain rejected)
GoblinManager: Failed to register cave at 19,79 (Terrain rejected)
GoblinManager: Failed to register cave at 17,11 (Terrain rejected)
GoblinManager: Failed to register cave at 44,5 (Terrain rejected)
GoblinManager: Failed to register cave at 27,5 (Terrain rejected)
GoblinManager: Failed to register cave at 94,11 (Terrain rejected)
GoblinManager: Failed to register cave at 78,67 (Terrain rejected)
GoblinManager: Failed to register cave at 80,11 (Terrain rejected)
GoblinManager: Failed to register cave at 40,61 (Terrain rejected)
GoblinManager: Failed to register cave at 72,2 (Terrain rejected)
GoblinManager: Failed to register cave at 90,2 (Terrain rejected)
GoblinManager: Failed to register cave at 32,52 (Terrain rejected)
GoblinManager: Failed to register cave at 85,23 (Terrain rejected)
GoblinManager: Failed to register cave at 63,67 (Terrain rejected)
GoblinManager: Failed to register cave at 26,91 (Terrain rejected)
GoblinManager: Failed to register cave at 70,71 (Terrain rejected)
GoblinManager: Failed to register cave at 49,77 (Terrain rejected)
GoblinManager: Failed to register cave at 18,32 (Terrain rejected)
GoblinManager: Failed to register cave at 41,52 (Terrain rejected)
GoblinManager: Failed to register cave at 95,62 (Terrain rejected)
GoblinManager: Failed to register cave at 21,51 (Terrain rejected)
GoblinManager: Failed to register cave at 86,24 (Terrain rejected)
GoblinManager: Failed to register cave at 19,20 (Terrain rejected)
GoblinManager: Failed to register cave at 23,97 (Terrain rejected)
GoblinManager: Failed to register cave at 9,1 (Terrain rejected)
GoblinManager: Failed to register cave at 72,82 (Terrain rejected)
GoblinManager: Failed to register cave at 41,97 (Terrain rejected)
GoblinManager: Failed to register cave at 20,52 (Terrain rejected)
GoblinManager: Failed to register cave at 50,53 (Terrain rejected)
GoblinManager: Failed to register cave at 0,80 (Terrain rejected)
GoblinManager: Failed to register cave at 86,10 (Terrain rejected)
GoblinManager: Failed to register cave at 15,62 (Terrain rejected)
GoblinManager: Failed to register cave at 35,48 (Terrain rejected)
GoblinManager: Failed to register cave at 50,69 (Terrain rejected)
GoblinManager: Failed to register cave at 6,97 (Terrain rejected)
GoblinManager: Failed to register cave at 34,6 (Terrain rejected)
GoblinManager: Failed to register cave at 22,47 (Terrain rejected)
GoblinManager: Failed to register cave at 11,98 (Terrain rejected)
GoblinManager: Failed to register cave at 62,70 (Terrain rejected)
GoblinManager: Failed to register cave at 40,27 (Terrain rejected)
GoblinManager: Failed to register cave at 4,16 (Terrain rejected)
GoblinManager: Failed to register cave at 13,10 (Terrain rejected)
GoblinManager: Failed to register cave at 15,77 (Terrain rejected)
GoblinManager: Failed to register cave at 95,14 (Terrain rejected)
GoblinManager: Failed to register cave at 70,30 (Terrain rejected)
GoblinManager: Failed to register cave at 58,63 (Terrain rejected)
GoblinManager: Failed to register cave at 62,32 (Terrain rejected)
GoblinManager: Failed to register cave at 82,36 (Terrain rejected)
GoblinManager: Failed to register cave at 13,49 (Terrain rejected)
GoblinManager: Failed to register cave at 4,96 (Terrain rejected)
GoblinManager: Failed to register cave at 68,28 (Terrain rejected)
GoblinManager: Failed to register cave at 62,65 (Terrain rejected)
GoblinManager: Failed to register cave at 43,21 (Terrain rejected)
GoblinManager: Failed to register cave at 3,7 (Terrain rejected)
GoblinManager: Failed to register cave at 67,72 (Terrain rejected)
GoblinManager: Failed to register cave at 45,67 (Terrain rejected)
GoblinManager: Failed to register cave at 34,57 (Terrain rejected)
GoblinManager: Failed to register cave at 66,83 (Terrain rejected)
GoblinManager: Failed to register cave at 88,53 (Terrain rejected)
GoblinManager: Failed to register cave at 47,30 (Terrain rejected)
GoblinManager: Failed to register cave at 98,22 (Terrain rejected)
GoblinManager: Failed to register cave at 40,20 (Terrain rejected)
GoblinManager: Failed to register cave at 76,82 (Terrain rejected)
GoblinManager: Failed to register cave at 10,60 (Terrain rejected)
GoblinManager: Failed to register cave at 88,89 (Terrain rejected)
GoblinManager: Failed to register cave at 62,73 (Terrain rejected)
GoblinManager: Failed to register cave at 70,69 (Terrain rejected)
GoblinManager: Failed to register cave at 39,86 (Terrain rejected)
GoblinManager: Failed to register cave at 60,93 (Terrain rejected)
GoblinManager: Failed to register cave at 24,80 (Terrain rejected)
GoblinManager: Failed to register cave at 54,0 (Terrain rejected)
GoblinManager: Failed to register cave at 73,53 (Terrain rejected)
GoblinManager: Failed to register cave at 79,61 (Terrain rejected)
GoblinManager: Failed to register cave at 64,1 (Terrain rejected)
GoblinManager: Failed to register cave at 7,99 (Terrain rejected)
GoblinManager: Failed to register cave at 41,84 (Terrain rejected)
GoblinManager: Failed to register cave at 96,46 (Terrain rejected)
GoblinManager: Failed to register cave at 8,46 (Terrain rejected)
GoblinManager: Failed to register cave at 33,91 (Terrain rejected)
GoblinManager: Failed to register cave at 15,6 (Terrain rejected)
GoblinManager: Failed to register cave at 51,48 (Terrain rejected)
GoblinManager: Failed to register cave at 3,33 (Terrain rejected)
GoblinManager: Failed to register cave at 33,16 (Terrain rejected)
GoblinManager: Failed to register cave at 52,97 (Terrain rejected)
GoblinManager: Failed to register cave at 97,93 (Terrain rejected)
GoblinManager: Failed to register cave at 5,68 (Terrain rejected)
GoblinManager: Failed to register cave at 95,51 (Terrain rejected)
GoblinManager: Failed to register cave at 16,96 (Terrain rejected)
GoblinManager: Failed to register cave at 11,17 (Terrain rejected)
GoblinManager: Failed to register cave at 38,75 (Terrain rejected)
GoblinManager: Failed to register cave at 67,76 (Terrain rejected)
GoblinManager: Failed to register cave at 71,31 (Terrain rejected)
GoblinManager: Failed to register cave at 77,90 (Terrain rejected)
GoblinManager: Failed to register cave at 42,27 (Terrain rejected)
GoblinManager: Failed to register cave at 8,34 (Terrain rejected)
GoblinManager: Failed to register cave at 7,77 (Terrain rejected)
GoblinManager: Failed to register cave at 27,63 (Terrain rejected)
GoblinManager: Failed to register cave at 98,52 (Terrain rejected)
GoblinManager: Failed to register cave at 20,18 (Terrain rejected)
GoblinManager: Failed to register cave at 65,2 (Terrain rejected)
GoblinManager: Failed to register cave at 70,15 (Terrain rejected)
GoblinManager: Failed to register cave at 95,6 (Terrain rejected)
GoblinManager: Failed to register cave at 69,45 (Terrain rejected)
GoblinManager: Failed to register cave at 30,39 (Terrain rejected)
GoblinManager: Failed to register cave at 96,9 (Terrain rejected)
GoblinManager: Failed to register cave at 32,50 (Terrain rejected)
GoblinManager: Failed to register cave at 24,60 (Terrain rejected)
GoblinManager: Failed to register cave at 70,44 (Terrain rejected)
GoblinManager: Failed to register cave at 79,16 (Terrain rejected)
GoblinManager: Failed to register cave at 51,21 (Terrain rejected)
GoblinManager: Failed to register cave at 97,12 (Terrain rejected)
GoblinManager: Failed to register cave at 53,44 (Terrain rejected)
GoblinManager: Failed to register cave at 83,86 (Terrain rejected)
GoblinManager: Failed to register cave at 85,83 (Terrain rejected)
GoblinManager: Failed to register cave at 61,64 (Terrain rejected)
GoblinManager: Failed to register cave at 14,11 (Terrain rejected)
GoblinManager: Failed to register cave at 79,88 (Terrain rejected)
GoblinManager: Failed to register cave at 61,12 (Terrain rejected)
GoblinManager: Failed to register cave at 38,25 (Terrain rejected)
GoblinManager: Failed to register cave at 6,67 (Terrain rejected)
GoblinManager: Failed to register cave at 11,73 (Terrain rejected)
GoblinManager: Failed to register cave at 96,70 (Terrain rejected)
GoblinManager: Failed to register cave at 69,45 (Terrain rejected)
GoblinManager: Failed to register cave at 7,90 (Terrain rejected)
GoblinManager: Failed to register cave at 49,14 (Terrain rejected)
GoblinManager: Failed to register cave at 0,95 (Terrain rejected)
GoblinManager: Failed to register cave at 4,98 (Terrain rejected)
GoblinManager: Failed to register cave at 18,10 (Terrain rejected)
GoblinManager: Failed to register cave at 53,79 (Terrain rejected)
GoblinManager: Failed to register cave at 27,88 (Terrain rejected)
GoblinManager: Failed to register cave at 48,79 (Terrain rejected)
GoblinManager: Failed to register cave at 15,99 (Terrain rejected)
GoblinManager: Failed to register cave at 66,11 (Terrain rejected)
GoblinManager: Failed to register cave at 32,28 (Terrain rejected)
GoblinManager: Failed to register cave at 6,36 (Terrain rejected)
GoblinManager: Failed to register cave at 35,80 (Terrain rejected)
GoblinManager: Failed to register cave at 15,60 (Terrain rejected)
GoblinManager: Failed to register cave at 69,11 (Terrain rejected)
GoblinManager: Failed to register cave at 64,77 (Terrain rejected)
GoblinManager: Failed to register cave at 73,31 (Terrain rejected)
GoblinManager: Failed to register cave at 45,45 (Terrain rejected)
GoblinManager: Failed to register cave at 84,4 (Terrain rejected)
GoblinManager: Failed to register cave at 28,80 (Terrain rejected)
GoblinManager: Failed to register cave at 59,36 (Terrain rejected)
GoblinManager: Failed to register cave at 88,48 (Terrain rejected)
GoblinManager: Failed to register cave at 94,89 (Terrain rejected)
GoblinManager: Failed to register cave at 83,90 (Terrain rejected)
GoblinManager: Failed to register cave at 62,76 (Terrain rejected)
GoblinManager: Failed to register cave at 77,38 (Terrain rejected)
GoblinManager: Failed to register cave at 2,42 (Terrain rejected)
GoblinManager: Failed to register cave at 62,89 (Terrain rejected)
GoblinManager: Failed to register cave at 58,90 (Terrain rejected)
GoblinManager: Failed to register cave at 3,94 (Terrain rejected)
GoblinManager: Failed to register cave at 98,42 (Terrain rejected)
GoblinManager: Failed to register cave at 11,99 (Terrain rejected)
GoblinManager: Failed to register cave at 70,82 (Terrain rejected)
GoblinManager: Failed to register cave at 1,71 (Terrain rejected)
GoblinManager: Failed to register cave at 98,42 (Terrain rejected)
GoblinManager: Failed to register cave at 38,89 (Terrain rejected)
GoblinManager: Failed to register cave at 80,37 (Terrain rejected)
GoblinManager: Failed to register cave at 11,74 (Terrain rejected)
GoblinManager: Failed to register cave at 87,84 (Terrain rejected)
GoblinManager: Failed to register cave at 42,4 (Terrain rejected)
GoblinManager: Failed to register cave at 96,63 (Terrain rejected)
GoblinManager: Failed to register cave at 41,76 (Terrain rejected)
GoblinManager: Failed to register cave at 87,26 (Terrain rejected)
GoblinManager: Failed to register cave at 38,84 (Terrain rejected)
GoblinManager: Failed to register cave at 46,69 (Terrain rejected)
GoblinManager: Failed to register cave at 5,28 (Terrain rejected)
GoblinManager: Failed to register cave at 74,54 (Terrain rejected)
GoblinManager: Failed to register cave at 6,19 (Terrain rejected)
GoblinManager: Failed to register cave at 99,25 (Terrain rejected)
GoblinManager: Failed to register cave at 13,40 (Terrain rejected)
GoblinManager: Failed to register cave at 50,81 (Terrain rejected)
GoblinManager: Failed to register cave at 20,93 (Terrain rejected)
GoblinManager: Failed to register cave at 50,37 (Terrain rejected)
GoblinManager: Failed to register cave at 82,27 (Terrain rejected)
GoblinManager: Failed to register cave at 49,37 (Terrain rejected)
GoblinManager: Failed to register cave at 38,72 (Terrain rejected)
GoblinManager: Failed to register cave at 14,29 (Terrain rejected)
GoblinManager: Failed to register cave at 10,82 (Terrain rejected)
GoblinManager: Failed to register cave at 2,60 (Terrain rejected)
GoblinManager: Failed to register cave at 87,71 (Terrain rejected)
GoblinManager: Failed to register cave at 89,59 (Terrain rejected)
GoblinManager: Failed to register cave at 54,19 (Terrain rejected)
GoblinManager: Failed to register cave at 42,80 (Terrain rejected)
GoblinManager: Failed to register cave at 29,29 (Terrain rejected)
GoblinManager: Failed to register cave at 94,67 (Terrain rejected)
GoblinManager: Failed to register cave at 65,26 (Terrain rejected)
GoblinManager: Failed to register cave at 59,14 (Terrain rejected)
GoblinManager: Failed to register cave at 55,4 (Terrain rejected)
GoblinManager: Failed to register cave at 14,21 (Terrain rejected)
GoblinManager: Failed to register cave at 21,72 (Terrain rejected)
GoblinManager: Failed to register cave at 60,41 (Terrain rejected)
GoblinManager: Failed to register cave at 44,96 (Terrain rejected)
GoblinManager: Failed to register cave at 46,0 (Terrain rejected)
GoblinManager: Failed to register cave at 10,23 (Terrain rejected)
GoblinManager: Failed to register cave at 80,32 (Terrain rejected)
GoblinManager: Failed to register cave at 38,62 (Terrain rejected)
GoblinManager: Failed to register cave at 44,44 (Terrain rejected)
GoblinManager: Failed to register cave at 36,70 (Terrain rejected)
GoblinManager: Failed to register cave at 89,74 (Terrain rejected)
GoblinManager: Failed to register cave at 44,65 (Terrain rejected)
GoblinManager: Failed to register cave at 47,95 (Terrain rejected)
GoblinManager: Failed to register cave at 12,13 (Terrain rejected)
GoblinManager: Failed to register cave at 53,14 (Terrain rejected)
GoblinManager: Failed to register cave at 57,25 (Terrain rejected)
GoblinManager: Failed to register cave at 5,67 (Terrain rejected)
GoblinManager: Failed to register cave at 71,68 (Terrain rejected)
GoblinManager: Failed to register cave at 4,46 (Terrain rejected)
GoblinManager: Failed to register cave at 7,94 (Terrain rejected)
GoblinManager: Failed to register cave at 89,5 (Terrain rejected)
GoblinManager: Failed to register cave at 70,57 (Terrain rejected)
GoblinManager: Failed to register cave at 99,11 (Terrain rejected)
GoblinManager: Failed to register cave at 22,72 (Terrain rejected)
GoblinManager: Failed to register cave at 72,53 (Terrain rejected)
GoblinManager: Failed to register cave at 56,31 (Terrain rejected)
GoblinManager: Failed to register cave at 57,54 (Terrain rejected)
GoblinManager: Failed to register cave at 49,63 (Terrain rejected)
GoblinManager: Failed to register cave at 4,85 (Terrain rejected)
GoblinManager: Failed to register cave at 3,36 (Terrain rejected)
GoblinManager: Failed to register cave at 0,52 (Terrain rejected)
GoblinManager: Failed to register cave at 55,27 (Terrain rejected)
GoblinManager: Failed to register cave at 58,5 (Terrain rejected)
GoblinManager: Failed to register cave at 86,2 (Terrain rejected)
GoblinManager: Failed to register cave at 78,6 (Terrain rejected)
GoblinManager: Failed to register cave at 52,49 (Terrain rejected)
GoblinManager: Failed to register cave at 27,21 (Terrain rejected)
GoblinManager: Failed to register cave at 88,63 (Terrain rejected)
GoblinManager: Failed to register cave at 50,97 (Terrain rejected)
GoblinManager: Failed to register cave at 37,60 (Terrain rejected)
GoblinManager: Failed to register cave at 2,54 (Terrain rejected)
GoblinManager: Failed to register cave at 29,83 (Terrain rejected)
GoblinManager: Failed to register cave at 45,57 (Terrain rejected)
GoblinManager: Failed to register cave at 96,65 (Terrain rejected)
GoblinManager: Failed to register cave at 30,65 (Terrain rejected)
GoblinManager: Failed to register cave at 81,91 (Terrain rejected)
GoblinManager: Failed to register cave at 14,5 (Terrain rejected)
GoblinManager: Failed to register cave at 39,67 (Terrain rejected)
GoblinManager: Failed to register cave at 98,3 (Terrain rejected)
GoblinManager: Failed to register cave at 27,98 (Terrain rejected)
GoblinManager: Failed to register cave at 49,18 (Terrain rejected)
GoblinManager: Failed to register cave at 21,51 (Terrain rejected)
GoblinManager: Failed to register cave at 12,52 (Terrain rejected)
GoblinManager: Failed to register cave at 86,19 (Terrain rejected)
GoblinManager: Failed to register cave at 81,56 (Terrain rejected)
GoblinManager: Failed to register cave at 70,95 (Terrain rejected)
GoblinManager: Failed to register cave at 7,23 (Terrain rejected)
GoblinManager: Failed to register cave at 16,15 (Terrain rejected)
GoblinManager: Failed to register cave at 41,35 (Terrain rejected)
GoblinManager: Failed to register cave at 27,62 (Terrain rejected)
GoblinManager: Failed to register cave at 33,19 (Terrain rejected)
GoblinManager: Failed to register cave at 47,18 (Terrain rejected)
GoblinManager: Failed to register cave at 51,95 (Terrain rejected)
GoblinManager: Failed to register cave at 62,60 (Terrain rejected)
GoblinManager: Failed to register cave at 82,62 (Terrain rejected)
GoblinManager: Failed to register cave at 76,4 (Terrain rejected)
GoblinManager: Failed to register cave at 36,25 (Terrain rejected)
GoblinManager: Failed to register cave at 70,26 (Terrain rejected)
GoblinManager: Failed to register cave at 98,17 (Terrain rejected)
GoblinManager: Failed to register cave at 41,89 (Terrain rejected)
GoblinManager: Failed to register cave at 65,35 (Terrain rejected)
GoblinManager: Failed to register cave at 50,49 (Terrain rejected)
GoblinManager: Failed to register cave at 79,19 (Terrain rejected)
GoblinManager: Failed to register cave at 68,41 (Terrain rejected)
GoblinManager: Failed to register cave at 18,77 (Terrain rejected)
GoblinManager: Failed to register cave at 28,90 (Terrain rejected)
GoblinManager: Failed to register cave at 91,80 (Terrain rejected)
GoblinManager: Failed to register cave at 2,81 (Terrain rejected)
GoblinManager: Failed to register cave at 70,4 (Terrain rejected)
GoblinManager: Failed to register cave at 91,65 (Terrain rejected)
GoblinManager: Failed to register cave at 97,12 (Terrain rejected)
GoblinManager: Failed to register cave at 77,56 (Terrain rejected)
GoblinManager: Failed to register cave at 15,44 (Terrain rejected)
GoblinManager: Failed to register cave at 95,41 (Terrain rejected)
GoblinManager: Failed to register cave at 93,66 (Terrain rejected)
GoblinManager: Failed to register cave at 98,46 (Terrain rejected)
GoblinManager: Failed to register cave at 30,56 (Terrain rejected)
GoblinManager: Failed to register cave at 20,40 (Terrain rejected)
GoblinManager: Failed to register cave at 96,97 (Terrain rejected)
GoblinManager: Failed to register cave at 77,27 (Terrain rejected)
GoblinManager: Failed to register cave at 47,57 (Terrain rejected)
GoblinManager: Failed to register cave at 55,47 (Terrain rejected)
GoblinManager: Failed to register cave at 31,17 (Terrain rejected)
GoblinManager: Failed to register cave at 65,89 (Terrain rejected)
GoblinManager: Failed to register cave at 79,51 (Terrain rejected)
GoblinManager: Failed to register cave at 45,27 (Terrain rejected)
GoblinManager: Failed to register cave at 54,29 (Terrain rejected)
GoblinManager: Failed to register cave at 95,99 (Terrain rejected)
GoblinManager: Failed to register cave at 47,94 (Terrain rejected)
GoblinManager: Failed to register cave at 34,17 (Terrain rejected)
GoblinManager: Failed to register cave at 15,62 (Terrain rejected)
GoblinManager: Failed to register cave at 56,67 (Terrain rejected)
GoblinManager: Failed to register cave at 91,99 (Terrain rejected)
GoblinManager: Failed to register cave at 86,12 (Terrain rejected)
GoblinManager: Failed to register cave at 97,82 (Terrain rejected)
GoblinManager: Failed to register cave at 15,43 (Terrain rejected)
GoblinManager: Failed to register cave at 99,80 (Terrain rejected)
GoblinManager: Failed to register cave at 99,71 (Terrain rejected)
GoblinManager: Failed to register cave at 63,97 (Terrain rejected)
GoblinManager: Failed to register cave at 43,45 (Terrain rejected)
GoblinManager: Failed to register cave at 82,62 (Terrain rejected)
GoblinManager: Failed to register cave at 15,61 (Terrain rejected)
GoblinManager: Failed to register cave at 7,91 (Terrain rejected)
GoblinManager: Failed to register cave at 91,68 (Terrain rejected)
GoblinManager: Failed to register cave at 26,90 (Terrain rejected)
GoblinManager: Failed to register cave at 51,53 (Terrain rejected)
GoblinManager: Failed to register cave at 46,41 (Terrain rejected)
GoblinManager: Failed to register cave at 11,98 (Terrain rejected)
GoblinManager: Failed to register cave at 67,26 (Terrain rejected)
GoblinManager: Failed to register cave at 26,88 (Terrain rejected)
GoblinManager: Failed to register cave at 81,53 (Terrain rejected)
GoblinManager: Failed to register cave at 32,4 (Terrain rejected)
GoblinManager: Failed to register cave at 16,64 (Terrain rejected)
GoblinManager: Failed to register cave at 67,33 (Terrain rejected)
GoblinManager: Failed to register cave at 69,90 (Terrain rejected)
GoblinManager: Failed to register cave at 59,20 (Terrain rejected)
GoblinManager: Failed to register cave at 70,90 (Terrain rejected)
GoblinManager: Failed to register cave at 6,61 (Terrain rejected)
GoblinManager: Failed to register cave at 71,2 (Terrain rejected)
GoblinManager: Failed to register cave at 55,16 (Terrain rejected)
GoblinManager: Failed to register cave at 98,97 (Terrain rejected)
GoblinManager: Failed to register cave at 40,33 (Terrain rejected)
GoblinManager: Failed to register cave at 29,48 (Terrain rejected)
GoblinManager: Failed to register cave at 59,47 (Terrain rejected)
GoblinManager: Failed to register cave at 97,64 (Terrain rejected)
GoblinManager: Failed to register cave at 36,73 (Terrain rejected)
GoblinManager: Failed to register cave at 9,75 (Terrain rejected)
GoblinManager: Failed to register cave at 92,93 (Terrain rejected)
GoblinManager: Failed to register cave at 12,50 (Terrain rejected)
GoblinManager: Failed to register cave at 45,58 (Terrain rejected)
GoblinManager: Failed to register cave at 3,61 (Terrain rejected)
GoblinManager: Failed to register cave at 66,13 (Terrain rejected)
GoblinManager: Failed to register cave at 85,94 (Terrain rejected)
GoblinManager: Failed to register cave at 84,70 (Terrain rejected)
GoblinManager: Failed to register cave at 88,31 (Terrain rejected)
GoblinManager: Failed to register cave at 65,53 (Terrain rejected)
GoblinManager: Failed to register cave at 44,61 (Terrain rejected)
GoblinManager: Failed to register cave at 0,19 (Terrain rejected)
GoblinManager: Failed to register cave at 5,88 (Terrain rejected)
GoblinManager: Failed to register cave at 63,42 (Terrain rejected)
GoblinManager: Failed to register cave at 39,42 (Terrain rejected)
GoblinManager: Failed to register cave at 37,16 (Terrain rejected)
GoblinManager: Failed to register cave at 80,45 (Terrain rejected)
GoblinManager: Failed to register cave at 41,22 (Terrain rejected)
GoblinManager: Failed to register cave at 55,77 (Terrain rejected)
GoblinManager: Failed to register cave at 77,45 (Terrain rejected)
GoblinManager: Failed to register cave at 83,45 (Terrain rejected)
GoblinManager: Failed to register cave at 83,28 (Terrain rejected)
GoblinManager: Failed to register cave at 17,24 (Terrain rejected)
GoblinManager: Failed to register cave at 31,94 (Terrain rejected)
GoblinManager: Failed to register cave at 43,78 (Terrain rejected)
GoblinManager: Failed to register cave at 57,39 (Terrain rejected)
GoblinManager: Failed to register cave at 48,36 (Terrain rejected)
GoblinManager: Failed to register cave at 87,2 (Terrain rejected)
GoblinManager: Failed to register cave at 0,70 (Terrain rejected)
GoblinManager: Failed to register cave at 13,28 (Terrain rejected)
GoblinManager: Failed to register cave at 75,51 (Terrain rejected)
GoblinManager: Failed to register cave at 63,49 (Terrain rejected)
GoblinManager: Failed to register cave at 80,27 (Terrain rejected)
GoblinManager: Failed to register cave at 91,95 (Terrain rejected)
GoblinManager: Failed to register cave at 79,53 (Terrain rejected)
GoblinManager: Failed to register cave at 51,96 (Terrain rejected)
GoblinManager: Failed to register cave at 75,21 (Terrain rejected)
GoblinManager: Failed to register cave at 0,27 (Terrain rejected)
GoblinManager: Failed to register cave at 24,63 (Terrain rejected)
GoblinManager: Failed to register cave at 85,36 (Terrain rejected)
GoblinManager: Failed to register cave at 76,4 (Terrain rejected)
GoblinManager: Failed to register cave at 52,69 (Terrain rejected)
GoblinManager: Failed to register cave at 18,6 (Terrain rejected)
GoblinManager: Failed to register cave at 72,70 (Terrain rejected)
GoblinManager: Failed to register cave at 47,35 (Terrain rejected)
GoblinManager: Failed to register cave at 67,94 (Terrain rejected)
GoblinManager: Failed to register cave at 2,27 (Terrain rejected)
GoblinManager: Failed to register cave at 37,81 (Terrain rejected)
GoblinManager: Failed to register cave at 77,8 (Terrain rejected)
GoblinManager: Failed to register cave at 27,3 (Terrain rejected)
GoblinManager: Failed to register cave at 70,74 (Terrain rejected)
GoblinManager: Failed to register cave at 85,90 (Terrain rejected)
GoblinManager: Failed to register cave at 28,48 (Terrain rejected)
GoblinManager: Failed to register cave at 53,85 (Terrain rejected)
GoblinManager: Failed to register cave at 17,36 (Terrain rejected)
GoblinManager: Failed to register cave at 97,89 (Terrain rejected)
GoblinManager: Failed to register cave at 41,42 (Terrain rejected)
GoblinManager: Failed to register cave at 88,56 (Terrain rejected)
GoblinManager: Failed to register cave at 50,3 (Terrain rejected)
GoblinManager: Failed to register cave at 99,38 (Terrain rejected)
GoblinManager: Failed to register cave at 64,65 (Terrain rejected)
GoblinManager: Failed to register cave at 62,37 (Terrain rejected)
GoblinManager: Failed to register cave at 50,54 (Terrain rejected)
GoblinManager: Failed to register cave at 33,53 (Terrain rejected)
GoblinManager: Failed to register cave at 17,43 (Terrain rejected)
GoblinManager: Failed to register cave at 37,86 (Terrain rejected)
GoblinManager: Failed to register cave at 21,86 (Terrain rejected)
GoblinManager: Failed to register cave at 97,20 (Terrain rejected)
GoblinManager: Failed to register cave at 66,74 (Terrain rejected)
GoblinManager: Failed to register cave at 28,87 (Terrain rejected)
GoblinManager: Failed to register cave at 27,34 (Terrain rejected)
GoblinManager: Failed to register cave at 39,40 (Terrain rejected)
GoblinManager: Failed to register cave at 18,10 (Terrain rejected)
GoblinManager: Failed to register cave at 67,62 (Terrain rejected)
GoblinManager: Failed to register cave at 22,26 (Terrain rejected)
GoblinManager: Failed to register cave at 22,35 (Terrain rejected)
GoblinManager: Failed to register cave at 5,88 (Terrain rejected)
GoblinManager: Failed to register cave at 51,30 (Terrain rejected)
GoblinManager: Failed to register cave at 27,79 (Terrain rejected)
GoblinManager: Failed to register cave at 41,28 (Terrain rejected)
GoblinManager: Failed to register cave at 99,60 (Terrain rejected)
GoblinManager: Failed to register cave at 95,89 (Terrain rejected)
GoblinManager: Failed to register cave at 8,97 (Terrain rejected)
GoblinManager: Failed to register cave at 92,29 (Terrain rejected)
GoblinManager: Failed to register cave at 3,31 (Terrain rejected)
GoblinManager: Failed to register cave at 50,53 (Terrain rejected)
GoblinManager: Failed to register cave at 68,93 (Terrain rejected)
GoblinManager: Failed to register cave at 36,70 (Terrain rejected)
GoblinManager: Failed to register cave at 60,12 (Terrain rejected)
GoblinManager: Failed to register cave at 11,23 (Terrain rejected)
GoblinManager: Failed to register cave at 33,42 (Terrain rejected)
GoblinManager: Failed to register cave at 94,27 (Terrain rejected)
GoblinManager: Failed to register cave at 50,29 (Terrain rejected)
GoblinManager: Failed to register cave at 84,22 (Terrain rejected)
GoblinManager: Failed to register cave at 54,59 (Terrain rejected)
GoblinManager: Failed to register cave at 84,67 (Terrain rejected)
GoblinManager: Failed to register cave at 32,16 (Terrain rejected)
GoblinManager: Failed to register cave at 65,65 (Terrain rejected)
GoblinManager: Failed to register cave at 65,54 (Terrain rejected)
GoblinManager: Failed to register cave at 0,27 (Terrain rejected)
GoblinManager: Failed to register cave at 27,37 (Terrain rejected)
GoblinManager: Failed to register cave at 61,27 (Terrain rejected)
GoblinManager: Failed to register cave at 15,70 (Terrain rejected)
GoblinManager: Failed to register cave at 8,61 (Terrain rejected)
GoblinManager: Failed to register cave at 95,33 (Terrain rejected)
GoblinManager: Failed to register cave at 46,25 (Terrain rejected)
GoblinManager: Failed to register cave at 65,51 (Terrain rejected)
GoblinManager: Failed to register cave at 88,55 (Terrain rejected)
GoblinManager: Failed to register cave at 6,51 (Terrain rejected)
GoblinManager: Failed to register cave at 32,74 (Terrain rejected)
GoblinManager: Failed to register cave at 63,61 (Terrain rejected)
GoblinManager: Failed to register cave at 76,80 (Terrain rejected)
GoblinManager: Failed to register cave at 21,46 (Terrain rejected)
GoblinManager: Failed to register cave at 68,89 (Terrain rejected)
GoblinManager: Failed to register cave at 28,61 (Terrain rejected)
GoblinManager: Failed to register cave at 12,85 (Terrain rejected)
GoblinManager: Failed to register cave at 29,70 (Terrain rejected)
GoblinManager: Failed to register cave at 33,42 (Terrain rejected)
GoblinManager: Failed to register cave at 26,95 (Terrain rejected)
GoblinManager: Failed to register cave at 22,13 (Terrain rejected)
GoblinManager: Failed to register cave at 56,49 (Terrain rejected)
GoblinManager: Failed to register cave at 16,52 (Terrain rejected)
GoblinManager: Failed to register cave at 51,5 (Terrain rejected)
GoblinManager: Failed to register cave at 34,95 (Terrain rejected)
GoblinManager: Failed to register cave at 86,33 (Terrain rejected)
GoblinManager: Failed to register cave at 10,96 (Terrain rejected)
GoblinManager: Failed to register cave at 81,97 (Terrain rejected)
GoblinManager: Failed to register cave at 87,29 (Terrain rejected)
GoblinManager: Failed to register cave at 5,50 (Terrain rejected)
GoblinManager: Failed to register cave at 42,77 (Terrain rejected)
GoblinManager: Failed to register cave at 97,41 (Terrain rejected)
GoblinManager: Failed to register cave at 27,58 (Terrain rejected)
GoblinManager: Failed to register cave at 33,91 (Terrain rejected)
GoblinManager: Failed to register cave at 72,66 (Terrain rejected)
GoblinManager: Failed to register cave at 1,5 (Terrain rejected)
GoblinManager: Failed to register cave at 75,37 (Terrain rejected)
GoblinManager: Failed to register cave at 38,37 (Terrain rejected)
GoblinManager: Failed to register cave at 90,37 (Terrain rejected)
GoblinManager: Failed to register cave at 5,99 (Terrain rejected)
GoblinManager: Failed to register cave at 68,63 (Terrain rejected)
GoblinManager: Failed to register cave at 41,7 (Terrain rejected)
GoblinManager: Failed to register cave at 55,1 (Terrain rejected)
GoblinManager: Failed to register cave at 93,67 (Terrain rejected)
GoblinManager: Failed to register cave at 37,25 (Terrain rejected)
GoblinManager: Failed to register cave at 59,85 (Terrain rejected)
GoblinManager: Failed to register cave at 87,63 (Terrain rejected)
GoblinManager: Failed to register cave at 20,38 (Terrain rejected)
GoblinManager: Failed to register cave at 84,41 (Terrain rejected)
GoblinManager: Failed to register cave at 7,71 (Terrain rejected)
GoblinManager: Failed to register cave at 79,4 (Terrain rejected)
GoblinManager: Failed to register cave at 63,83 (Terrain rejected)
GoblinManager: Failed to register cave at 96,73 (Terrain rejected)
GoblinManager: Failed to register cave at 85,95 (Terrain rejected)
GoblinManager: Failed to register cave at 94,42 (Terrain rejected)
GoblinManager: Failed to register cave at 30,39 (Terrain rejected)
GoblinManager: Failed to register cave at 57,91 (Terrain rejected)
GoblinManager: Failed to register cave at 74,59 (Terrain rejected)
GoblinManager: Failed to register cave at 80,94 (Terrain rejected)
GoblinManager: Failed to register cave at 94,37 (Terrain rejected)
GoblinManager: Failed to register cave at 32,55 (Terrain rejected)
GoblinManager: Failed to register cave at 71,76 (Terrain rejected)
GoblinManager: Failed to register cave at 86,87 (Terrain rejected)
GoblinManager: Failed to register cave at 56,71 (Terrain rejected)
GoblinManager: Failed to register cave at 53,96 (Terrain rejected)
GoblinManager: Failed to register cave at 27,24 (Terrain rejected)
GoblinManager: Failed to register cave at 25,90 (Terrain rejected)
GoblinManager: Failed to register cave at 31,49 (Terrain rejected)
GoblinManager: Failed to register cave at 62,8 (Terrain rejected)
GoblinManager: Failed to register cave at 32,44 (Terrain rejected)
GoblinManager: Failed to register cave at 35,54 (Terrain rejected)
GoblinManager: Failed to register cave at 4,29 (Terrain rejected)
GoblinManager: Failed to register cave at 13,92 (Terrain rejected)
GoblinManager: Failed to register cave at 31,30 (Terrain rejected)
GoblinManager: Failed to register cave at 3,60 (Terrain rejected)
GoblinManager: Failed to register cave at 61,46 (Terrain rejected)
GoblinManager: Failed to register cave at 13,38 (Terrain rejected)
GoblinManager: Failed to register cave at 49,87 (Terrain rejected)
GoblinManager: Failed to register cave at 57,82 (Terrain rejected)
GoblinManager: Failed to register cave at 91,25 (Terrain rejected)
GoblinManager: Failed to register cave at 50,2 (Terrain rejected)
GoblinManager: Failed to register cave at 29,34 (Terrain rejected)
GoblinManager: Failed to register cave at 46,22 (Terrain rejected)
GoblinManager: Failed to register cave at 7,83 (Terrain rejected)
GoblinManager: Failed to register cave at 90,99 (Terrain rejected)
GoblinManager: Failed to register cave at 42,57 (Terrain rejected)
GoblinManager: Failed to register cave at 22,45 (Terrain rejected)
GoblinManager: Failed to register cave at 66,25 (Terrain rejected)
GoblinManager: Failed to register cave at 55,60 (Terrain rejected)
GoblinManager: Failed to register cave at 5,9 (Terrain rejected)
GoblinManager: Failed to register cave at 68,72 (Terrain rejected)
GoblinManager: Failed to register cave at 67,51 (Terrain rejected)
GoblinManager: Failed to register cave at 18,4 (Terrain rejected)
GoblinManager: Failed to register cave at 24,34 (Terrain rejected)
GoblinManager: Failed to register cave at 67,80 (Terrain rejected)
GoblinManager: Failed to register cave at 26,81 (Terrain rejected)
GoblinManager: Failed to register cave at 10,79 (Terrain rejected)
GoblinManager: Failed to register cave at 62,0 (Terrain rejected)
GoblinManager: Failed to register cave at 27,3 (Terrain rejected)
GoblinManager: Failed to register cave at 18,37 (Terrain rejected)
GoblinManager: Failed to register cave at 38,20 (Terrain rejected)
GoblinManager: Failed to register cave at 82,51 (Terrain rejected)
GoblinManager: Failed to register cave at 73,80 (Terrain rejected)
GoblinManager: Failed to register cave at 46,12 (Terrain rejected)
GoblinManager: Failed to register cave at 7,27 (Terrain rejected)
GoblinManager: Failed to register cave at 14,91 (Terrain rejected)
GoblinManager: Failed to register cave at 59,24 (Terrain rejected)
GoblinManager: Failed to register cave at 79,36 (Terrain rejected)
GoblinManager: Failed to register cave at 98,26 (Terrain rejected)
GoblinManager: Failed to register cave at 49,0 (Terrain rejected)
GoblinManager: Failed to register cave at 65,86 (Terrain rejected)
GoblinManager: Failed to register cave at 40,2 (Terrain rejected)
GoblinManager: Failed to register cave at 90,53 (Terrain rejected)
GoblinManager: Failed to register cave at 38,44 (Terrain rejected)
GoblinManager: Failed to register cave at 93,40 (Terrain rejected)
GoblinManager: Failed to register cave at 56,75 (Terrain rejected)
GoblinManager: Failed to register cave at 44,56 (Terrain rejected)
GoblinManager: Failed to register cave at 38,20 (Terrain rejected)
GoblinManager: Failed to register cave at 84,51 (Terrain rejected)
GoblinManager: Failed to register cave at 84,12 (Terrain rejected)
GoblinManager: Failed to register cave at 29,63 (Terrain rejected)
GoblinManager: Failed to register cave at 0,99 (Terrain rejected)
GoblinManager: Failed to register cave at 97,67 (Terrain rejected)
GoblinManager: Failed to register cave at 98,86 (Terrain rejected)
GoblinManager: Failed to register cave at 19,57 (Terrain rejected)
GoblinManager: Failed to register cave at 37,83 (Terrain rejected)
GoblinManager: Failed to register cave at 8,56 (Terrain rejected)
GoblinManager: Failed to register cave at 79,20 (Terrain rejected)
GoblinManager: Failed to register cave at 38,55 (Terrain rejected)
GoblinManager: Failed to register cave at 2,78 (Terrain rejected)
GoblinManager: Failed to register cave at 6,83 (Terrain rejected)
GoblinManager: Failed to register cave at 29,19 (Terrain rejected)
GoblinManager: Failed to register cave at 60,75 (Terrain rejected)
GoblinManager: Failed to register cave at 87,85 (Terrain rejected)
GoblinManager: Failed to register cave at 72,17 (Terrain rejected)
GoblinManager: Failed to register cave at 44,99 (Terrain rejected)
GoblinManager: Failed to register cave at 13,64 (Terrain rejected)
GoblinManager: Failed to register cave at 64,97 (Terrain rejected)
GoblinManager: Failed to register cave at 74,2 (Terrain rejected)
GoblinManager: Failed to register cave at 69,60 (Terrain rejected)
GoblinManager: Failed to register cave at 11,68 (Terrain rejected)
GoblinManager: Failed to register cave at 0,64 (Terrain rejected)
GoblinManager: Failed to register cave at 44,91 (Terrain rejected)
GoblinManager: Failed to register cave at 45,1 (Terrain rejected)
GoblinManager: Failed to register cave at 53,1 (Terrain rejected)
GoblinManager: Failed to register cave at 2,47 (Terrain rejected)
GoblinManager: Failed to register cave at 88,85 (Terrain rejected)
GoblinManager: Failed to register cave at 14,80 (Terrain rejected)
GoblinManager: Failed to register cave at 4,8 (Terrain rejected)
GoblinManager: Failed to register cave at 2,37 (Terrain rejected)
GoblinManager: Failed to register cave at 99,74 (Terrain rejected)
GoblinManager: Failed to register cave at 14,77 (Terrain rejected)
GoblinManager: Failed to register cave at 23,51 (Terrain rejected)
GoblinManager: Failed to register cave at 94,28 (Terrain rejected)
GoblinManager: Failed to register cave at 64,47 (Terrain rejected)
GoblinManager: Failed to register cave at 37,1 (Terrain rejected)
GoblinManager: Failed to register cave at 63,63 (Terrain rejected)
GoblinManager: Failed to register cave at 89,83 (Terrain rejected)
GoblinManager: Failed to register cave at 77,82 (Terrain rejected)
GoblinManager: Failed to register cave at 74,93 (Terrain rejected)
GoblinManager: Failed to register cave at 7,29 (Terrain rejected)
GoblinManager: Failed to register cave at 60,36 (Terrain rejected)
GoblinManager: Failed to register cave at 63,68 (Terrain rejected)
GoblinManager: Failed to register cave at 16,92 (Terrain rejected)
GoblinManager: Failed to register cave at 37,35 (Terrain rejected)
GoblinManager: Failed to register cave at 45,69 (Terrain rejected)
GoblinManager: Failed to register cave at 83,98 (Terrain rejected)
GoblinManager: Failed to register cave at 51,92 (Terrain rejected)
GoblinManager: Failed to register cave at 19,8 (Terrain rejected)
GoblinManager: Failed to register cave at 6,82 (Terrain rejected)
GoblinManager: Failed to register cave at 80,84 (Terrain rejected)
GoblinManager: Failed to register cave at 2,98 (Terrain rejected)
GoblinManager: Failed to register cave at 76,33 (Terrain rejected)
GoblinManager: Failed to register cave at 72,61 (Terrain rejected)
GoblinManager: Failed to register cave at 98,42 (Terrain rejected)
GoblinManager: Failed to register cave at 86,12 (Terrain rejected)
GoblinManager: Failed to register cave at 1,41 (Terrain rejected)
GoblinManager: Failed to register cave at 57,19 (Terrain rejected)
GoblinManager: Failed to register cave at 94,76 (Terrain rejected)
GoblinManager: Failed to register cave at 41,44 (Terrain rejected)
GoblinManager: Failed to register cave at 33,37 (Terrain rejected)
GoblinManager: Failed to register cave at 81,20 (Terrain rejected)
GoblinManager: Failed to register cave at 47,2 (Terrain rejected)
GoblinManager: Failed to register cave at 39,28 (Terrain rejected)
GoblinManager: Failed to register cave at 74,46 (Terrain rejected)
GoblinManager: Failed to register cave at 30,81 (Terrain rejected)
GoblinManager: Failed to register cave at 17,54 (Terrain rejected)
GoblinManager: Failed to register cave at 21,79 (Terrain rejected)
GoblinManager: Failed to register cave at 71,48 (Terrain rejected)
GoblinManager: Failed to register cave at 78,42 (Terrain rejected)
GoblinManager: Failed to register cave at 2,41 (Terrain rejected)
GoblinManager: Failed to register cave at 75,17 (Terrain rejected)
GoblinManager: Failed to register cave at 59,89 (Terrain rejected)
GoblinManager: Failed to register cave at 42,54 (Terrain rejected)
GoblinManager: Failed to register cave at 1,25 (Terrain rejected)
GoblinManager: Failed to register cave at 62,57 (Terrain rejected)
GoblinManager: Failed to register cave at 54,82 (Terrain rejected)
GoblinManager: Failed to register cave at 74,8 (Terrain rejected)
GoblinManager: Failed to register cave at 4,16 (Terrain rejected)
GoblinManager: Failed to register cave at 0,43 (Terrain rejected)
GoblinManager: Failed to register cave at 18,59 (Terrain rejected)
GoblinManager: Failed to register cave at 48,48 (Terrain rejected)
GoblinManager: Failed to register cave at 44,78 (Terrain rejected)
GoblinManager: Failed to register cave at 95,63 (Terrain rejected)
GoblinManager: Failed to register cave at 78,3 (Terrain rejected)
GoblinManager: Failed to register cave at 45,30 (Terrain rejected)
GoblinManager: Failed to register cave at 1,30 (Terrain rejected)
GoblinManager: Failed to register cave at 73,0 (Terrain rejected)
GoblinManager: Failed to register cave at 66,54 (Terrain rejected)
GoblinManager: Failed to register cave at 47,77 (Terrain rejected)
GoblinManager: Failed to register cave at 17,21 (Terrain rejected)
GoblinManager: Failed to register cave at 34,32 (Terrain rejected)
GoblinManager: Failed to register cave at 33,28 (Terrain rejected)
GoblinManager: Failed to register cave at 57,29 (Terrain rejected)
GoblinManager: Failed to register cave at 35,55 (Terrain rejected)
GoblinManager: Failed to register cave at 68,2 (Terrain rejected)
GoblinManager: Failed to register cave at 14,18 (Terrain rejected)
GoblinManager: Failed to register cave at 76,61 (Terrain rejected)
GoblinManager: Failed to register cave at 83,45 (Terrain rejected)
GoblinManager: Failed to register cave at 12,2 (Terrain rejected)
GoblinManager: Failed to register cave at 8,61 (Terrain rejected)
GoblinManager: Failed to register cave at 0,47 (Terrain rejected)
GoblinManager: Failed to register cave at 1,29 (Terrain rejected)
GoblinManager: Failed to register cave at 30,87 (Terrain rejected)
GoblinManager: Failed to register cave at 65,19 (Terrain rejected)
GoblinManager: Failed to register cave at 82,96 (Terrain rejected)
GoblinManager: Failed to register cave at 90,34 (Terrain rejected)
GoblinManager: Failed to register cave at 42,84 (Terrain rejected)
GoblinManager: Failed to register cave at 56,19 (Terrain rejected)
GoblinManager: Failed to register cave at 9,85 (Terrain rejected)
GoblinManager: Failed to register cave at 5,7 (Terrain rejected)
GoblinManager: Failed to register cave at 42,97 (Terrain rejected)
GoblinManager: Failed to register cave at 43,40 (Terrain rejected)
GoblinManager: Failed to register cave at 28,28 (Terrain rejected)
GoblinManager: Failed to register cave at 85,6 (Terrain rejected)
GoblinManager: Failed to register cave at 50,43 (Terrain rejected)
GoblinManager: Failed to register cave at 58,2 (Terrain rejected)
GoblinManager: Failed to register cave at 89,90 (Terrain rejected)
GoblinManager: Failed to register cave at 38,32 (Terrain rejected)
GoblinManager: Failed to register cave at 17,53 (Terrain rejected)
GoblinManager: Failed to register cave at 0,27 (Terrain rejected)
GoblinManager: Failed to register cave at 21,98 (Terrain rejected)
GoblinManager: Failed to register cave at 74,30 (Terrain rejected)
GoblinManager: Failed to register cave at 78,85 (Terrain rejected)
GoblinManager: Failed to register cave at 89,93 (Terrain rejected)
GoblinManager: Failed to register cave at 70,79 (Terrain rejected)
GoblinManager: Failed to register cave at 17,79 (Terrain rejected)
GoblinManager: Failed to register cave at 68,83 (Terrain rejected)
GoblinManager: Failed to register cave at 91,73 (Terrain rejected)
GoblinManager: Failed to register cave at 86,23 (Terrain rejected)
GoblinManager: Failed to register cave at 61,18 (Terrain rejected)
GoblinManager: Failed to register cave at 21,77 (Terrain rejected)
GoblinManager: Failed to register cave at 44,88 (Terrain rejected)
GoblinManager: Failed to register cave at 88,89 (Terrain rejected)
GoblinManager: Failed to register cave at 61,63 (Terrain rejected)
GoblinManager: Failed to register cave at 32,85 (Terrain rejected)
GoblinManager: Failed to register cave at 8,78 (Terrain rejected)
GoblinManager: Failed to register cave at 12,0 (Terrain rejected)
GoblinManager: Failed to register cave at 50,38 (Terrain rejected)
GoblinManager: Failed to register cave at 94,23 (Terrain rejected)
GoblinManager: Failed to register cave at 57,75 (Terrain rejected)
GoblinManager: Failed to register cave at 66,97 (Terrain rejected)
GoblinManager: Failed to register cave at 93,34 (Terrain rejected)
GoblinManager: Failed to register cave at 42,43 (Terrain rejected)
GoblinManager: Failed to register cave at 26,75 (Terrain rejected)
GoblinManager: Failed to register cave at 82,12 (Terrain rejected)
GoblinManager: Failed to register cave at 14,87 (Terrain rejected)
GoblinManager: Failed to register cave at 51,46 (Terrain rejected)
GoblinManager: Failed to register cave at 39,60 (Terrain rejected)
GoblinManager: Failed to register cave at 9,93 (Terrain rejected)
GoblinManager: Failed to register cave at 65,46 (Terrain rejected)
GoblinManager: Failed to register cave at 90,98 (Terrain rejected)
GoblinManager: Failed to register cave at 89,28 (Terrain rejected)
GoblinManager: Failed to register cave at 55,91 (Terrain rejected)
GoblinManager: Failed to register cave at 15,37 (Terrain rejected)
GoblinManager: Failed to register cave at 81,60 (Terrain rejected)
GoblinManager: Failed to register cave at 71,34 (Terrain rejected)
GoblinManager: Failed to register cave at 84,65 (Terrain rejected)
GoblinManager: Failed to register cave at 52,38 (Terrain rejected)
GoblinManager: Failed to register cave at 4,44 (Terrain rejected)
GoblinManager: Failed to register cave at 78,13 (Terrain rejected)
GoblinManager: Failed to register cave at 83,51 (Terrain rejected)
GoblinManager: Failed to register cave at 48,94 (Terrain rejected)
GoblinManager: Failed to register cave at 12,29 (Terrain rejected)
GoblinManager: Failed to register cave at 68,26 (Terrain rejected)
GoblinManager: Failed to register cave at 98,84 (Terrain rejected)
GoblinManager: Failed to register cave at 65,42 (Terrain rejected)
GoblinManager: Failed to register cave at 91,64 (Terrain rejected)
GoblinManager: Failed to register cave at 58,35 (Terrain rejected)
GoblinManager: Failed to register cave at 13,3 (Terrain rejected)
GoblinManager: Failed to register cave at 38,76 (Terrain rejected)
GoblinManager: Failed to register cave at 66,74 (Terrain rejected)
GoblinManager: Failed to register cave at 69,28 (Terrain rejected)
GoblinManager: Failed to register cave at 37,47 (Terrain rejected)
GoblinManager: Failed to register cave at 3,74 (Terrain rejected)
GoblinManager: Failed to register cave at 22,21 (Terrain rejected)
GoblinManager: Failed to register cave at 34,60 (Terrain rejected)
GoblinManager: Failed to register cave at 26,74 (Terrain rejected)
GoblinManager: Failed to register cave at 19,10 (Terrain rejected)
GoblinManager: Failed to register cave at 22,47 (Terrain rejected)
GoblinManager: Failed to register cave at 25,48 (Terrain rejected)
GoblinManager: Failed to register cave at 36,98 (Terrain rejected)
GoblinManager: Failed to register cave at 17,21 (Terrain rejected)
GoblinManager: Failed to register cave at 20,92 (Terrain rejected)
GoblinManager: Failed to register cave at 62,41 (Terrain rejected)
GoblinManager: Failed to register cave at 85,33 (Terrain rejected)
GoblinManager: Failed to register cave at 84,29 (Terrain rejected)
GoblinManager: Failed to register cave at 13,0 (Terrain rejected)
GoblinManager: Failed to register cave at 16,6 (Terrain rejected)
GoblinManager: Failed to register cave at 78,95 (Terrain rejected)
GoblinManager: Failed to register cave at 91,52 (Terrain rejected)
GoblinManager: Failed to register cave at 77,15 (Terrain rejected)
GoblinManager: Failed to register cave at 80,78 (Terrain rejected)
GoblinManager: Failed to register cave at 29,0 (Terrain rejected)
GoblinManager: Failed to register cave at 55,63 (Terrain rejected)
GoblinManager: Failed to register cave at 24,91 (Terrain rejected)
GoblinManager: Failed to register cave at 91,56 (Terrain rejected)
GoblinManager: Failed to register cave at 72,64 (Terrain rejected)
GoblinManager: Failed to register cave at 82,4 (Terrain rejected)
GoblinManager: Failed to register cave at 59,12 (Terrain rejected)
GoblinManager: Failed to register cave at 31,41 (Terrain rejected)
GoblinManager: Failed to register cave at 10,79 (Terrain rejected)
GoblinManager: Failed to register cave at 7,76 (Terrain rejected)
GoblinManager: Failed to register cave at 15,75 (Terrain rejected)
GoblinManager: Failed to register cave at 91,33 (Terrain rejected)
GoblinManager: Failed to register cave at 88,56 (Terrain rejected)
GoblinManager: Failed to register cave at 86,14 (Terrain rejected)
GoblinManager: Failed to register cave at 23,72 (Terrain rejected)
GoblinManager: Failed to register cave at 88,69 (Terrain rejected)
GoblinManager: Failed to register cave at 65,63 (Terrain rejected)
GoblinManager: Failed to register cave at 67,81 (Terrain rejected)
GoblinManager: Failed to register cave at 35,19 (Terrain rejected)
GoblinManager: Failed to register cave at 95,12 (Terrain rejected)
GoblinManager: Failed to register cave at 67,59 (Terrain rejected)
GoblinManager: Failed to register cave at 94,72 (Terrain rejected)
GoblinManager: Failed to register cave at 19,55 (Terrain rejected)
GoblinManager: Failed to register cave at 73,88 (Terrain rejected)
GoblinManager: Failed to register cave at 13,63 (Terrain rejected)
GoblinManager: Failed to register cave at 86,66 (Terrain rejected)
GoblinManager: Failed to register cave at 69,39 (Terrain rejected)
GoblinManager: Failed to register cave at 84,35 (Terrain rejected)
GoblinManager: Failed to register cave at 9,79 (Terrain rejected)
GoblinManager: Failed to register cave at 37,3 (Terrain rejected)
GoblinManager: Failed to register cave at 35,31 (Terrain rejected)
GoblinManager: Failed to register cave at 70,3 (Terrain rejected)
GoblinManager: Failed to register cave at 90,77 (Terrain rejected)
GoblinManager: Failed to register cave at 38,34 (Terrain rejected)
GoblinManager: Failed to register cave at 47,22 (Terrain rejected)
GoblinManager: Failed to register cave at 38,67 (Terrain rejected)
GoblinManager: Failed to register cave at 17,57 (Terrain rejected)
GoblinManager: Failed to register cave at 14,85 (Terrain rejected)
GoblinManager: Failed to register cave at 56,27 (Terrain rejected)
GoblinManager: Failed to register cave at 10,97 (Terrain rejected)
GoblinManager: Failed to register cave at 29,33 (Terrain rejected)
GoblinManager: Failed to register cave at 38,80 (Terrain rejected)
GoblinManager: Failed to register cave at 25,22 (Terrain rejected)
GoblinManager: Failed to register cave at 99,99 (Terrain rejected)
GoblinManager: Failed to register cave at 74,22 (Terrain rejected)
GoblinManager: Failed to register cave at 99,98 (Terrain rejected)
GoblinManager: Failed to register cave at 77,31 (Terrain rejected)
GoblinManager: Failed to register cave at 60,24 (Terrain rejected)
GoblinManager: Failed to register cave at 80,77 (Terrain rejected)
GoblinManager: Failed to register cave at 75,51 (Terrain rejected)
GoblinManager: Failed to register cave at 9,41 (Terrain rejected)

[90mstdout[2m | src/tests/RefuseDistraction.test.js[2m > [22m[2mRefuse Distraction Reconstructed[2m > [22m[2mshould prioritize MANUAL move marker over autonomous HOUSE BUILDING
[22m[39m[Game] Init SphereGeometry
[Game] Minimal/Override Init Start
[Game] Minimal: Init Clock
[Game FORCE CONST 2] Assigning terrainOverride to this.terrain
[Game] Minimal: Init Managers
[Game] Minimal: Init GoblinManager
[GoblinManager] 5蛟九・豢樒ｪ溘ｒ逕滓・荳ｭ...
[GoblinManager] DETERMINISM: generateCaves start. rngState=undefined
[GoblinManager] DETERMINISM: Attempt 1: Rnd(0.363707, 0.767171) -> Grid(36, 76) rngState=undefined
[GoblinManager] DETERMINISM: Attempt 2: Rnd(0.264882, 0.340947) -> Grid(26, 34) rngState=undefined
[GoblinManager] DETERMINISM: Attempt 3: Rnd(0.396770, 0.426790) -> Grid(39, 42) rngState=undefined
[GoblinManager] 豢樒ｪ溽函謌仙ｮ御ｺ・ 0/5 (隧ｦ陦悟屓謨ｰ: 5000)
[Game] Minimal: Init EnemyAI
[Game] Minimal: Done. Returning.
[Entity 1] CONSTRUCTOR START: type=unit at 10,10
[Entity 1] Calling updatePosition...
[Entity 1] updatePosition returned.
[DIAG] Actor Created ID: 1
[DIAG] Actor smartMove type: function
[DIAG] Actor smartMove body snapshot: smartMove(tx, tz, time, depth = 0) {
    if (isNaN(tx) || isNaN(tz)) {
      console.error(`[Actor $
[UnitCore.js] Unit Created ID:1 Role:worker Pos:10,10 Special:false
[UnitCore.js] Unit Created ID:1 Role:worker Pos:10,10
[UnitCore.js] Unit Construction Finished ID:1

stderr | src/tests/RefuseDistraction.test.js > Refuse Distraction Reconstructed > should prioritize MANUAL move marker over autonomous HOUSE BUILDING
[Game] Warning: markerMaterial missing or invalid. Using fallback.
[Actor 1] Blocked: findPathAsync missing
[Actor 1] Blocked: findPathAsync missing

[90mstdout[2m | src/tests/RefuseDistraction.test.js[2m > [22m[2mRefuse Distraction Reconstructed[2m > [22m[2mshould prioritize MANUAL move marker over autonomous HOUSE BUILDING
[22m[39m[Game] Request Added: move at (30,30) ID:req_0
[Game] No worker in radius 80 for Manual Req req_0. Trying Global Scan...
[Actor 1] Resetting Unreachable (Target changed or initializing)
[Actor 1] Resetting Unreachable (Target changed or initializing)

[90mstdout[2m | src/tests/CombatStuck.test.js[2m > [22m[2mCombat Stuck Investigation[2m > [22m[2mshould NOT get stuck in Combat state if target is unreachable
[22m[39m[Entity 0] CONSTRUCTOR START: type=unit at 10,10
[Entity 0] Calling registerEntity...
[Entity 0] registerEntity returned.
[Entity 0] Calling updatePosition...
[Entity 0] updatePosition returned.
[DIAG] Actor Created ID: 0
[DIAG] Actor smartMove type: function
[DIAG] Actor smartMove body snapshot: smartMove(tx, tz, time, depth = 0) {
    if (isNaN(tx) || isNaN(tz)) {
      console.error(`[Actor $
[UnitCore.js] Unit Created ID:0 Role:worker Pos:10,10 Special:false
[Unit 0] State Change: None -> Wander
[UnitCore.js] Unit Created ID:0 Role:worker Pos:10,10
[UnitCore.js] Unit Construction Finished ID:0
[Entity 1] CONSTRUCTOR START: type=goblin at 20,10
[Entity 1] Calling registerEntity...
[Entity 1] registerEntity returned.
[Entity 1] Calling updatePosition...
[Entity 1] updatePosition returned.
[DIAG] Actor Created ID: 1
[DIAG] Actor smartMove type: function
[DIAG] Actor smartMove body snapshot: smartMove(tx, tz, time, depth = 0) {
    if (isNaN(tx) || isNaN(tz)) {
      console.error(`[Actor $

[90mstdout[2m | src/tests/RequestLifecycle.test.js
[22m[39m[DEBUG] Goblin.ts loaded

[90mstdout[2m | src/tests/RequestLifecycle.test.js
[22m[39m[Import Debug] Raid: function, Combat: function, Wander: function

[90mstdout[2m | src/tests/GoblinFixes.test.js
[22m[39m[DEBUG] Goblin.ts loaded

[90mstdout[2m | src/tests/GoblinFixes.test.js
[22m[39m[Import Debug] Raid: function, Combat: function, Wander: function

[90mstdout[2m | src/tests/GoblinFixes.test.js
[22m[39m[DEBUG] Game.ts top-level load

[90mstdout[2m | src/tests/RequestLifecycle.test.js
[22m[39m[DEBUG] Game.ts top-level load

stderr | src/tests/CombatStuck.test.js > Combat Stuck Investigation > should NOT get stuck in Combat state if target is unreachable
[Unit Error] ID 1 in updateLogic: TypeError: this.terrain.getRandomPointInRegion is not a function
    at Unit.moveRandomly (C:/Users/mooya/develop/test/src/Unit.ts:1955:37)
    at Wander.update (C:/Users/mooya/develop/test/src/ai/states/UnitStates.ts:161:69)
    at Unit.updateLogic (C:/Users/mooya/develop/test/src/Unit.ts:1859:32)
    at C:/Users/mooya/develop/test/src/tests/CombatStuck.test.js:79:14
    at file:///C:/Users/mooya/develop/test/node_modules/@vitest/runner/dist/index.js:145:11
    at file:///C:/Users/mooya/develop/test/node_modules/@vitest/runner/dist/index.js:915:26
    at file:///C:/Users/mooya/develop/test/node_modules/@vitest/runner/dist/index.js:1240:20
    at new Promise (<anonymous>)
    at runWithTimeout (file:///C:/Users/mooya/develop/test/node_modules/@vitest/runner/dist/index.js:1206:10)
    at file:///C:/Users/mooya/develop/test/node_modules/@vitest/runner/dist/index.js:1650:37

[90mstdout[2m | src/tests/CombatStuck.test.js[2m > [22m[2mCombat Stuck Investigation[2m > [22m[2mshould NOT get stuck in Combat state if target is unreachable
[22m[39m[Combat Debug 1] Update Start. TargetG:true TargetB:false
[Combat] Move Failed (Unreachable/NoPath). Abandoning Combat. Unit:1

[90mstdout[2m | src/tests/CombatStuck.test.js[2m > [22m[2mCombat Stuck Investigation[2m > [22m[2mshould NOT get stuck in Combat state if smartMove fails (No Path) even if isUnreachable is false
[22m[39mDisposing detached game instance

[90mstdout[2m | src/tests/CombatStuck.test.js[2m > [22m[2mCombat Stuck Investigation[2m > [22m[2mshould NOT get stuck in Combat state if smartMove fails (No Path) even if isUnreachable is false
[22m[39m[Entity 2] CONSTRUCTOR START: type=unit at 10,10
[Entity 2] Calling registerEntity...
[Entity 2] registerEntity returned.
[Entity 2] Calling updatePosition...
[Entity 2] updatePosition returned.
[DIAG] Actor Created ID: 2
[DIAG] Actor smartMove type: function
[DIAG] Actor smartMove body snapshot: smartMove(tx, tz, time, depth = 0) {
    if (isNaN(tx) || isNaN(tz)) {
      console.error(`[Actor $
[UnitCore.js] Unit Created ID:1 Role:worker Pos:10,10 Special:false
[UnitCore.js] Unit Created ID:1 Role:worker Pos:10,10
[UnitCore.js] Unit Construction Finished ID:1
[Entity 3] CONSTRUCTOR START: type=goblin at 20,10
[Entity 3] Calling registerEntity...
[Entity 3] registerEntity returned.
[Entity 3] Calling updatePosition...
[Entity 3] updatePosition returned.
[DIAG] Actor Created ID: 3
[DIAG] Actor smartMove type: function
[DIAG] Actor smartMove body snapshot: smartMove(tx, tz, time, depth = 0) {
    if (isNaN(tx) || isNaN(tz)) {
      console.error(`[Actor $

[90mstdout[2m | src/tests/CombatStuck.test.js[2m > [22m[2mCombat Stuck Investigation[2m > [22m[2mshould NOT get stuck in Combat state if smartMove fails (No Path) even if isUnreachable is false
[22m[39m[Combat Debug 1] Update Start. TargetG:true TargetB:false
[Combat] Move Failed (Unreachable/NoPath). Abandoning Combat. Unit:1

[90mstdout[2m | src/tests/CombatStuck.test.js[2m > [22m[2mCombat Stuck Investigation[2m > [22m[2mshould add unreachable target to ignoredTargets to prevent loop (Infinite Loop Prevention)
[22m[39mDisposing detached game instance

[90mstdout[2m | src/tests/CombatStuck.test.js[2m > [22m[2mCombat Stuck Investigation[2m > [22m[2mshould add unreachable target to ignoredTargets to prevent loop (Infinite Loop Prevention)
[22m[39m[Entity 4] CONSTRUCTOR START: type=unit at 10,10
[Entity 4] Calling registerEntity...
[Entity 4] registerEntity returned.
[Entity 4] Calling updatePosition...
[Entity 4] updatePosition returned.
[DIAG] Actor Created ID: 4
[DIAG] Actor smartMove type: function
[DIAG] Actor smartMove body snapshot: smartMove(tx, tz, time, depth = 0) {
    if (isNaN(tx) || isNaN(tz)) {
      console.error(`[Actor $
[UnitCore.js] Unit Created ID:2 Role:worker Pos:10,10 Special:false
[UnitCore.js] Unit Created ID:2 Role:worker Pos:10,10
[UnitCore.js] Unit Construction Finished ID:2
[Entity 5] CONSTRUCTOR START: type=goblin at 20,10
[Entity 5] Calling registerEntity...
[Entity 5] registerEntity returned.
[Entity 5] Calling updatePosition...
[Entity 5] updatePosition returned.
[DIAG] Actor Created ID: 5
[DIAG] Actor smartMove type: function
[DIAG] Actor smartMove body snapshot: smartMove(tx, tz, time, depth = 0) {
    if (isNaN(tx) || isNaN(tz)) {
      console.error(`[Actor $

[90mstdout[2m | src/tests/CombatStuck.test.js[2m > [22m[2mCombat Stuck Investigation[2m > [22m[2mshould add unreachable target to ignoredTargets to prevent loop (Infinite Loop Prevention)
[22m[39m[Combat Debug 1] Update Start. TargetG:true TargetB:false
[Combat] Move Failed (Unreachable/NoPath). Abandoning Combat. Unit:1

[90mstdout[2m | src/tests/CombatStuck.test.js[2m > [22m[2mCombat Stuck Investigation[2m > [22m[2mshould Handle Async Pathfinding Errors gracefully (prevent stuck state)
[22m[39mDisposing detached game instance

[90mstdout[2m | src/tests/CombatStuck.test.js[2m > [22m[2mCombat Stuck Investigation[2m > [22m[2mshould Handle Async Pathfinding Errors gracefully (prevent stuck state)
[22m[39m[Entity 6] CONSTRUCTOR START: type=unit at 10,10
[Entity 6] Calling registerEntity...
[Entity 6] registerEntity returned.
[Entity 6] Calling updatePosition...
[Entity 6] updatePosition returned.
[DIAG] Actor Created ID: 6
[DIAG] Actor smartMove type: function
[DIAG] Actor smartMove body snapshot: smartMove(tx, tz, time, depth = 0) {
    if (isNaN(tx) || isNaN(tz)) {
      console.error(`[Actor $
[UnitCore.js] Unit Created ID:3 Role:worker Pos:10,10 Special:false
[UnitCore.js] Unit Created ID:3 Role:worker Pos:10,10
[UnitCore.js] Unit Construction Finished ID:3
[Entity 7] CONSTRUCTOR START: type=goblin at 20,10
[Entity 7] Calling registerEntity...
[Entity 7] registerEntity returned.
[Entity 7] Calling updatePosition...
[Entity 7] updatePosition returned.
[DIAG] Actor Created ID: 7
[DIAG] Actor smartMove type: function
[DIAG] Actor smartMove body snapshot: smartMove(tx, tz, time, depth = 0) {
    if (isNaN(tx) || isNaN(tz)) {
      console.error(`[Actor $

[90mstdout[2m | src/tests/CombatStuck.test.js[2m > [22m[2mCombat Stuck Investigation[2m > [22m[2mshould Handle Async Pathfinding Errors gracefully (prevent stuck state)
[22m[39m[Combat Debug 1] Update Start. TargetG:true TargetB:false
[Actor 1] Resetting Unreachable (Target changed or initializing)

stderr | src/tests/CombatStuck.test.js > Combat Stuck Investigation > should Handle Async Pathfinding Errors gracefully (prevent stuck state)
[Actor 1] Pathfinding Error:  Error: Async Error Simulation
    at C:/Users/mooya/develop/test/src/tests/CombatStuck.test.js:127:63
    at file:///C:/Users/mooya/develop/test/node_modules/@vitest/runner/dist/index.js:145:11
    at file:///C:/Users/mooya/develop/test/node_modules/@vitest/runner/dist/index.js:915:26
    at file:///C:/Users/mooya/develop/test/node_modules/@vitest/runner/dist/index.js:1240:20
    at new Promise (<anonymous>)
    at runWithTimeout (file:///C:/Users/mooya/develop/test/node_modules/@vitest/runner/dist/index.js:1206:10)
    at file:///C:/Users/mooya/develop/test/node_modules/@vitest/runner/dist/index.js:1650:37
    at Traces.$ (file:///C:/Users/mooya/develop/test/node_modules/vitest/dist/chunks/traces.U4xDYhzZ.js:115:27)
    at trace (file:///C:/Users/mooya/develop/test/node_modules/vitest/dist/chunks/test.BT8LKgU9.js:239:21)
    at runTest (file:///C:/Users/mooya/develop/test/node_modules/@vitest/runner/dist/index.js:1650:12)

[90mstdout[2m | src/tests/RequestLifecycle.test.js[2m > [22m[2mGame Request Lifecycle[2m > [22m[2mshould tag new requests with createdAt timestamp
[22m[39m[Game] Init SphereGeometry
[Game] Minimal/Override Init Start
[Game] Minimal: Init Clock
[Game FORCE CONST 1] Creating mock terrain
[Game] Minimal: Init Managers
[Game] Minimal: Init GoblinManager
[GoblinManager] 5蛟九・豢樒ｪ溘ｒ逕滓・荳ｭ...
[GoblinManager] DETERMINISM: generateCaves start. rngState=undefined
[GoblinManager] DETERMINISM: Attempt 1: Rnd(0.231358, 0.016894) -> Grid(37, 2) rngState=undefined
[GoblinManager] DETERMINISM: Attempt 2: Rnd(0.763763, 0.349899) -> Grid(122, 55) rngState=undefined
[GoblinManager] DETERMINISM: Attempt 3: Rnd(0.318232, 0.370616) -> Grid(50, 59) rngState=undefined
[GoblinManager] 豢樒ｪ溽函謌仙ｮ御ｺ・ 0/5 (隧ｦ陦悟屓謨ｰ: 5000)
[Game] Minimal: Init EnemyAI
[Game] Minimal: Done. Returning.

[90mstdout[2m | src/tests/GoblinFixes.test.js[2m > [22m[2mGoblin Spawning Logic[2m > [22m[2mshould update building population
[22m[39m[Entity 0] CONSTRUCTOR START: type=building at 10,10
[Entity 0] Calling registerEntity...
[Entity 0] registerEntity returned.
[Entity 0] Calling updatePosition...
[Entity 0] updatePosition returned.

[90mstdout[2m | src/tests/GoblinFixes.test.js[2m > [22m[2mGoblin Spawning Logic[2m > [22m[2mshould synchronize clipping planes with controls.target when available
[22m[39mDisposing detached game instance

[90mstdout[2m | src/tests/RequestLifecycle.test.js[2m > [22m[2mGame Request Lifecycle[2m > [22m[2mshould tag new requests with createdAt timestamp
[22m[39m[Game] Request Added: raise at (10,10) ID:req_0
[Game] No worker in radius 80 for Manual Req req_0. Trying Global Scan...

[90mstdout[2m | src/tests/RequestLifecycle.test.js[2m > [22m[2mGame Request Lifecycle[2m > [22m[2mshould cleanup expired pending requests
[22m[39mDisposing detached game instance
[Game] Dispose called for Game Instance.

[90mstdout[2m | src/tests/GoblinFixes.test.js[2m > [22m[2mGoblin Spawning Logic[2m > [22m[2mshould synchronize clipping planes with controls.target when available
[22m[39m[Game] Init SphereGeometry
[Game] Minimal/Override Init Start
[Game] Minimal: Init Clock
[Game FORCE CONST 1] Assigning terrainOverride to this.terrain
[Game] Minimal: Init Managers
[Game] Minimal: Init GoblinManager
[GoblinManager] 5蛟九・豢樒ｪ溘ｒ逕滓・荳ｭ...
[GoblinManager] DETERMINISM: generateCaves start. rngState=undefined
[GoblinManager] DETERMINISM: Attempt 1: Rnd(0.626705, 0.915084) -> Grid(62, 91) rngState=undefined
[GoblinManager] DETERMINISM: Attempt 2: Rnd(0.251955, 0.181027) -> Grid(25, 18) rngState=undefined
[GoblinManager] DETERMINISM: Attempt 3: Rnd(0.388806, 0.911245) -> Grid(38, 91) rngState=undefined
[GoblinManager] 豢樒ｪ溽函謌仙ｮ御ｺ・ 0/5 (隧ｦ陦悟屓謨ｰ: 5000)
[Game] Minimal: Init EnemyAI
[Game] Minimal: Done. Returning.
[Camera] Controls enabled: undefined, Pos: 100.0,100.0,100.0

 [32m笨・[39m src/tests/GoblinFixes.test.js [2m([22m[2m2 tests[22m[2m)[22m[32m 45[2mms[22m[39m
[90mstdout[2m | src/tests/CombatStuck.test.js[2m > [22m[2mCombat Stuck Investigation[2m > [22m[2mshould Handle Async Pathfinding Errors gracefully (prevent stuck state)
[22m[39m[Combat Debug 1] Update Start. TargetG:true TargetB:false
[Combat] Move Failed (Unreachable/NoPath). Abandoning Combat. Unit:1

 [32m笨・[39m src/tests/CombatStuck.test.js [2m([22m[2m4 tests[22m[2m)[22m[32m 128[2mms[22m[39m
[90mstdout[2m | src/tests/RequestLifecycle.test.js[2m > [22m[2mGame Request Lifecycle[2m > [22m[2mshould cleanup expired pending requests
[22m[39m[Game] Init SphereGeometry
[Game] Minimal/Override Init Start
[Game] Minimal: Init Clock
[Game FORCE CONST 2] Creating mock terrain
[Game] Minimal: Init Managers
[Game] Minimal: Init GoblinManager
[GoblinManager] 5蛟九・豢樒ｪ溘ｒ逕滓・荳ｭ...
[GoblinManager] DETERMINISM: generateCaves start. rngState=undefined
[GoblinManager] DETERMINISM: Attempt 1: Rnd(0.408120, 0.141817) -> Grid(65, 22) rngState=undefined
[GoblinManager] DETERMINISM: Attempt 2: Rnd(0.010504, 0.186792) -> Grid(1, 29) rngState=undefined
[GoblinManager] DETERMINISM: Attempt 3: Rnd(0.614713, 0.915304) -> Grid(98, 146) rngState=undefined
[GoblinManager] 豢樒ｪ溽函謌仙ｮ御ｺ・ 0/5 (隧ｦ陦悟屓謨ｰ: 5000)
[Game] Minimal: Init EnemyAI
[Game] Minimal: Done. Returning.

[90mstdout[2m | src/tests/RequestLifecycle.test.js[2m > [22m[2mGame Request Lifecycle[2m > [22m[2mshould cleanup expired pending requests
[22m[39m[Game] Request Added: raise at (10,10) ID:req_0
[Game] No worker in radius 80 for Manual Req req_0. Trying Global Scan...
[Game] Request Added: raise at (20,20) ID:req_1
[Game] No worker in radius 80 for Manual Req req_1. Trying Global Scan...
[Game] Request Timed Out: raise ID:req_0
[Game] No worker in radius 80 for Manual Req req_1. Trying Global Scan...

[90mstdout[2m | src/tests/RequestLifecycle.test.js[2m > [22m[2mGame Request Lifecycle[2m > [22m[2mshould NOT cleanup assigned requests even if old
[22m[39mDisposing detached game instance
[Game] Dispose called for Game Instance.

[90mstdout[2m | src/tests/RequestLifecycle.test.js[2m > [22m[2mGame Request Lifecycle[2m > [22m[2mshould NOT cleanup assigned requests even if old
[22m[39m[Game] Init SphereGeometry
[Game] Minimal/Override Init Start
[Game] Minimal: Init Clock
[Game FORCE CONST 3] Creating mock terrain
[Game] Minimal: Init Managers
[Game] Minimal: Init GoblinManager
[GoblinManager] 5蛟九・豢樒ｪ溘ｒ逕滓・荳ｭ...
[GoblinManager] DETERMINISM: generateCaves start. rngState=undefined
[GoblinManager] DETERMINISM: Attempt 1: Rnd(0.303541, 0.124708) -> Grid(48, 19) rngState=undefined
[GoblinManager] DETERMINISM: Attempt 2: Rnd(0.944891, 0.542887) -> Grid(151, 86) rngState=undefined
[GoblinManager] DETERMINISM: Attempt 3: Rnd(0.543888, 0.498794) -> Grid(87, 79) rngState=undefined
[GoblinManager] 豢樒ｪ溽函謌仙ｮ御ｺ・ 0/5 (隧ｦ陦悟屓謨ｰ: 5000)
[Game] Minimal: Init EnemyAI
[Game] Minimal: Done. Returning.

[90mstdout[2m | src/tests/RequestLifecycle.test.js[2m > [22m[2mGame Request Lifecycle[2m > [22m[2mshould NOT cleanup assigned requests even if old
[22m[39m[Game] Request Added: raise at (10,10) ID:req_0
[Game] No worker in radius 80 for Manual Req req_0. Trying Global Scan...

[90mstdout[2m | src/tests/RequestLifecycle.test.js[2m > [22m[2mGame Request Lifecycle[2m > [22m[2mshould cancel request via Proximity Search
[22m[39mDisposing detached game instance
[Game] Dispose called for Game Instance.

[90mstdout[2m | src/tests/RefuseDistraction.test.js[2m > [22m[2mRefuse Distraction Reconstructed[2m > [22m[2mshould NOT Switch to a better Auto-Job if Manual Job is active
[22m[39mDisposing detached game instance
[Game] Dispose called for Game Instance.

[90mstdout[2m | src/tests/RequestLifecycle.test.js[2m > [22m[2mGame Request Lifecycle[2m > [22m[2mshould cancel request via Proximity Search
[22m[39m[Game] Init SphereGeometry
[Game] Minimal/Override Init Start
[Game] Minimal: Init Clock
[Game FORCE CONST 4] Creating mock terrain
[Game] Minimal: Init Managers
[Game] Minimal: Init GoblinManager
[GoblinManager] 5蛟九・豢樒ｪ溘ｒ逕滓・荳ｭ...
[GoblinManager] DETERMINISM: generateCaves start. rngState=undefined
[GoblinManager] DETERMINISM: Attempt 1: Rnd(0.511832, 0.220678) -> Grid(81, 35) rngState=undefined
[GoblinManager] DETERMINISM: Attempt 2: Rnd(0.928543, 0.440087) -> Grid(148, 70) rngState=undefined
[GoblinManager] DETERMINISM: Attempt 3: Rnd(0.999557, 0.046552) -> Grid(159, 7) rngState=undefined
[GoblinManager] 豢樒ｪ溽函謌仙ｮ御ｺ・ 0/5 (隧ｦ陦悟屓謨ｰ: 5000)
[Game] Minimal: Init EnemyAI
[Game] Minimal: Done. Returning.

[90mstdout[2m | src/tests/RequestLifecycle.test.js[2m > [22m[2mGame Request Lifecycle[2m > [22m[2mshould cancel request via Proximity Search
[22m[39m[Game] Request Added: raise at (10,10) ID:req_0
[Game] No worker in radius 80 for Manual Req req_0. Trying Global Scan...
[Game] Request Added: raise at (20,20) ID:req_1
[Game] No worker in radius 80 for Manual Req req_1. Trying Global Scan...
[Game] Cancelling Request req_0 at 10,10

[90mstdout[2m | src/tests/RequestLifecycle.test.js[2m > [22m[2mGame Request Lifecycle[2m > [22m[2mshould prioritize nearest request when cancelling
[22m[39mDisposing detached game instance
[Game] Dispose called for Game Instance.

[90mstdout[2m | src/tests/RequestLifecycle.test.js[2m > [22m[2mGame Request Lifecycle[2m > [22m[2mshould prioritize nearest request when cancelling
[22m[39m[Game] Init SphereGeometry
[Game] Minimal/Override Init Start
[Game] Minimal: Init Clock
[Game FORCE CONST 5] Creating mock terrain
[Game] Minimal: Init Managers
[Game] Minimal: Init GoblinManager
[GoblinManager] 5蛟九・豢樒ｪ溘ｒ逕滓・荳ｭ...
[GoblinManager] DETERMINISM: generateCaves start. rngState=undefined
[GoblinManager] DETERMINISM: Attempt 1: Rnd(0.652319, 0.592768) -> Grid(104, 94) rngState=undefined
[GoblinManager] DETERMINISM: Attempt 2: Rnd(0.040005, 0.538838) -> Grid(6, 86) rngState=undefined
[GoblinManager] DETERMINISM: Attempt 3: Rnd(0.294194, 0.488702) -> Grid(47, 78) rngState=undefined
[GoblinManager] 豢樒ｪ溽函謌仙ｮ御ｺ・ 0/5 (隧ｦ陦悟屓謨ｰ: 5000)
[Game] Minimal: Init EnemyAI
[Game] Minimal: Done. Returning.

[90mstdout[2m | src/tests/RequestLifecycle.test.js[2m > [22m[2mGame Request Lifecycle[2m > [22m[2mshould prioritize nearest request when cancelling
[22m[39m[Game] Request Added: raise at (10,10) ID:req_0
[Game] No worker in radius 80 for Manual Req req_0. Trying Global Scan...
[Game] Request Added: raise at (12,12) ID:req_1
[Game] No worker in radius 80 for Manual Req req_1. Trying Global Scan...
[Game] Cancelling Request req_0 at 10,10

 [32m笨・[39m src/tests/RequestLifecycle.test.js [2m([22m[2m5 tests[22m[2m)[22m[32m 192[2mms[22m[39m
Cannot parse C:/Users/mooya/develop/test/src/tests/ActionLabelStability.test.js:
Expected ';', '}' or <eof>.
[90mstdout[2m | src/tests/WorkerDiversity.test.js
[22m[39m[DEBUG] Building.ts loaded

[90mstdout[2m | src/tests/WorkerDiversity.test.js
[22m[39m[DEBUG] Terrain.ts top-level load

[90mstdout[2m | src/tests/Movement.test.js
[22m[39m[DEBUG] Actor.ts loaded

[90mstdout[2m | src/tests/Movement.test.js
[22m[39m[DEBUG] Goblin.ts loaded

[90mstdout[2m | src/tests/WorkerDiversity.test.js
[22m[39m[DEBUG] Actor.ts loaded

[90mstdout[2m | src/tests/Movement.test.js
[22m[39m[Import Debug] Raid: function, Combat: function, Wander: function

[90mstdout[2m | src/tests/Movement.test.js[2m > [22m[2mTerrain Movement and Logic Tests[2m > [22m[2mshould set very long moveDuration for Unit on Rock
[22m[39m[Entity 0] CONSTRUCTOR START: type=unit at 10,10
[Entity 0] Calling registerEntity...
[Entity 0] registerEntity returned.
[Entity 0] Calling updatePosition...
[Entity 0] updatePosition returned.
[DIAG] Actor Created ID: 0
[DIAG] Actor smartMove type: function
[DIAG] Actor smartMove body snapshot: smartMove(tx, tz, time, depth = 0) {
    if (isNaN(tx) || isNaN(tz)) {
      console.error(`[Actor $
[UnitCore.js] Unit Created ID:0 Role:worker Pos:10,10 Special:false
[Unit 0] State Change: None -> Wander
[UnitCore.js] Unit Created ID:0 Role:worker Pos:10,10
[UnitCore.js] Unit Construction Finished ID:0

stderr | src/tests/Movement.test.js > Terrain Movement and Logic Tests > should set very long moveDuration for Unit on Rock
DEBUG: MoveDur=6
DEBUG: Heights Cur=10 Next=12

[90mstdout[2m | src/tests/Movement.test.js[2m > [22m[2mTerrain Movement and Logic Tests[2m > [22m[2mshould set very long moveDuration for Unit on Rock
[22m[39m[Entity 0] startMove -> isMoving:true. Target:10,11 StartTime:100.0000

[90mstdout[2m | src/tests/Movement.test.js[2m > [22m[2mTerrain Movement and Logic Tests[2m > [22m[2mshould set normal moveDuration on Flat
[22m[39mDisposing detached game instance

[90mstdout[2m | src/tests/Movement.test.js[2m > [22m[2mTerrain Movement and Logic Tests[2m > [22m[2mshould set normal moveDuration on Flat
[22m[39m[Entity 1] CONSTRUCTOR START: type=unit at 10,10
[Entity 1] Calling registerEntity...
[Entity 1] registerEntity returned.
[Entity 1] Calling updatePosition...
[Entity 1] updatePosition returned.
[DIAG] Actor Created ID: 1
[DIAG] Actor smartMove type: function
[DIAG] Actor smartMove body snapshot: smartMove(tx, tz, time, depth = 0) {
    if (isNaN(tx) || isNaN(tz)) {
      console.error(`[Actor $
[UnitCore.js] Unit Created ID:1 Role:worker Pos:10,10 Special:false
[UnitCore.js] Unit Created ID:1 Role:worker Pos:10,10
[UnitCore.js] Unit Construction Finished ID:1

stderr | src/tests/Movement.test.js > Terrain Movement and Logic Tests > should set normal moveDuration on Flat
DEBUG: Normal MoveDur=0.8

[90mstdout[2m | src/tests/Movement.test.js[2m > [22m[2mTerrain Movement and Logic Tests[2m > [22m[2mshould set normal moveDuration on Flat
[22m[39m[Entity 1] startMove -> isMoving:true. Target:10,11 StartTime:100.0000

[90mstdout[2m | src/tests/Movement.test.js[2m > [22m[2mTerrain Movement and Logic Tests[2m > [22m[2mshould prevent Unit from moving/building on Rock checks?
[22m[39mDisposing detached game instance

[90mstdout[2m | src/tests/Movement.test.js[2m > [22m[2mTerrain Movement and Logic Tests[2m > [22m[2mshould prevent Unit from moving/building on Rock checks?
[22m[39m[Entity 2] CONSTRUCTOR START: type=unit at 10,10
[Entity 2] Calling registerEntity...
[Entity 2] registerEntity returned.
[Entity 2] Calling updatePosition...
[Entity 2] updatePosition returned.
[DIAG] Actor Created ID: 2
[DIAG] Actor smartMove type: function
[DIAG] Actor smartMove body snapshot: smartMove(tx, tz, time, depth = 0) {
    if (isNaN(tx) || isNaN(tz)) {
      console.error(`[Actor $
[UnitCore.js] Unit Created ID:2 Role:worker Pos:10,10 Special:false
[UnitCore.js] Unit Created ID:2 Role:worker Pos:10,10
[UnitCore.js] Unit Construction Finished ID:2

[90mstdout[2m | src/tests/GoblinRaidThreshold.test.js
[22m[39m[DEBUG] Actor.ts loaded

[90mstdout[2m | src/tests/Movement.test.js[2m > [22m[2mTerrain Movement and Logic Tests[2m > [22m[2mshould increase Goblin Hut population and spawn goblin
[22m[39mDisposing detached game instance

[90mstdout[2m | src/tests/Movement.test.js[2m > [22m[2mTerrain Movement and Logic Tests[2m > [22m[2mshould increase Goblin Hut population and spawn goblin
[22m[39m[Entity 3] CONSTRUCTOR START: type=unit at 10,10
[Entity 3] Calling registerEntity...
[Entity 3] registerEntity returned.
[Entity 3] Calling updatePosition...
[Entity 3] updatePosition returned.
[DIAG] Actor Created ID: 3
[DIAG] Actor smartMove type: function
[DIAG] Actor smartMove body snapshot: smartMove(tx, tz, time, depth = 0) {
    if (isNaN(tx) || isNaN(tz)) {
      console.error(`[Actor $
[UnitCore.js] Unit Created ID:3 Role:worker Pos:10,10 Special:false
[UnitCore.js] Unit Created ID:3 Role:worker Pos:10,10
[UnitCore.js] Unit Construction Finished ID:3

[90mstdout[2m | src/tests/GoblinRaidThreshold.test.js
[22m[39m[DEBUG] Goblin.ts loaded

[90mstdout[2m | src/tests/GoblinRaidThreshold.test.js
[22m[39m[Import Debug] Raid: function, Combat: function, Wander: function

[90mstdout[2m | src/tests/GoblinRaidThreshold.test.js[2m > [22m[2mGoblin Raid Threshold[2m > [22m[2mshould NOT activate raid on first aggression (1/3)
[22m[39m[GoblinManager] 5蛟九・豢樒ｪ溘ｒ逕滓・荳ｭ...
[GoblinManager] DETERMINISM: generateCaves start. rngState=undefined
[GoblinManager] DETERMINISM: Attempt 1: Rnd(0.473774, 0.726039) -> Grid(47, 72) rngState=undefined
GoblinManager: Cave registered at 47,72 
[GoblinManager] DETERMINISM: Attempt 2: Rnd(0.524750, 0.059782) -> Grid(52, 5) rngState=undefined
GoblinManager: Cave registered at 52,5 
[GoblinManager] DETERMINISM: Attempt 3: Rnd(0.945944, 0.275722) -> Grid(94, 27) rngState=undefined
GoblinManager: Cave registered at 94,27 
GoblinManager: Cave registered at 16,44 
GoblinManager: Cave registered at 74,67 
[GoblinManager] 豢樒ｪ溽函謌仙ｮ御ｺ・ 5/5 (隧ｦ陦悟屓謨ｰ: 5)
GoblinManager: Force spawning Debug Goblin

[90mstdout[2m | src/tests/GoblinRaidThreshold.test.js[2m > [22m[2mGoblin Raid Threshold[2m > [22m[2mshould NOT activate raid on first aggression (1/3)
[22m[39m[GoblinManager] Clan clan_test Aggression: 1.0 / 3.0

[90mstdout[2m | src/tests/WorkerDiversity.test.js
[22m[39m[DEBUG] Goblin.ts loaded

[90mstdout[2m | src/tests/Movement.test.js[2m > [22m[2mTerrain Movement and Logic Tests[2m > [22m[2mshould increase Goblin Hut population and spawn goblin
[22m[39m[GoblinManager] 5蛟九・豢樒ｪ溘ｒ逕滓・荳ｭ...
[GoblinManager] DETERMINISM: generateCaves start. rngState=undefined
[GoblinManager] DETERMINISM: Attempt 1: Rnd(0.500000, 0.500000) -> Grid(50, 50) rngState=undefined
[GoblinManager] DETERMINISM: Attempt 2: Rnd(0.500000, 0.500000) -> Grid(50, 50) rngState=undefined
[GoblinManager] DETERMINISM: Attempt 3: Rnd(0.500000, 0.500000) -> Grid(50, 50) rngState=undefined
[GoblinManager] 豢樒ｪ溽函謌仙ｮ御ｺ・ 0/5 (隧ｦ陦悟屓謨ｰ: 5000)
[Entity 4] CONSTRUCTOR START: type=goblin at 11,10
[Entity 4] Calling registerEntity...
[Entity 4] registerEntity returned.
[Entity 4] Calling updatePosition...
[Entity 4] updatePosition returned.
[DIAG] Actor Created ID: 4
[DIAG] Actor smartMove type: function
[DIAG] Actor smartMove body snapshot: smartMove(tx, tz, time, depth = 0) {
    if (isNaN(tx) || isNaN(tz)) {
      console.error(`[Actor $
[DEBUG] Goblin born from goblin_hut! Total: 1, Remaining population: 0.0

[90mstdout[2m | src/tests/WorkerDiversity.test.js
[22m[39m[Import Debug] Raid: function, Combat: function, Wander: function

 [32m笨・[39m src/tests/Movement.test.js [2m([22m[2m4 tests[22m[2m)[22m[32m 64[2mms[22m[39m
[90mstdout[2m | src/tests/GoblinRaidThreshold.test.js[2m > [22m[2mGoblin Raid Threshold[2m > [22m[2mshould activate raid on aggression threshold (15.0)
[22m[39m[GoblinManager] 5蛟九・豢樒ｪ溘ｒ逕滓・荳ｭ...
[GoblinManager] DETERMINISM: generateCaves start. rngState=undefined
[GoblinManager] DETERMINISM: Attempt 1: Rnd(0.237068, 0.724784) -> Grid(23, 72) rngState=undefined
GoblinManager: Cave registered at 23,72 
[GoblinManager] DETERMINISM: Attempt 2: Rnd(0.339819, 0.043151) -> Grid(33, 4) rngState=undefined
GoblinManager: Cave registered at 33,4 
[GoblinManager] DETERMINISM: Attempt 3: Rnd(0.235213, 0.446908) -> Grid(23, 44) rngState=undefined
GoblinManager: Cave registered at 23,44 
GoblinManager: Cave registered at 44,88 
GoblinManager: Cave registered at 62,22 
[GoblinManager] 豢樒ｪ溽函謌仙ｮ御ｺ・ 5/5 (隧ｦ陦悟屓謨ｰ: 5)
GoblinManager: Force spawning Debug Goblin

[90mstdout[2m | src/tests/GoblinRaidThreshold.test.js[2m > [22m[2mGoblin Raid Threshold[2m > [22m[2mshould activate raid on aggression threshold (15.0)
[22m[39m[GoblinManager] Clan clan_test_active Aggression: 1.0 / 3.0
[GoblinManager] Clan clan_test_active Aggression: 2.0 / 3.0
[GoblinManager] Clan clan_test_active Aggression: 3.0 / 3.0
[GoblinManager] Clan clan_test_active Aggression: 4.0 / 3.0
[GoblinManager] Clan clan_test_active Aggression: 5.0 / 3.0
[GoblinManager] Clan clan_test_active Aggression: 6.0 / 3.0
[GoblinManager] Clan clan_test_active Aggression: 7.0 / 3.0
[GoblinManager] Clan clan_test_active Aggression: 8.0 / 3.0
[GoblinManager] Clan clan_test_active Aggression: 9.0 / 3.0
[GoblinManager] Clan clan_test_active Aggression: 10.0 / 3.0
[GoblinManager] Clan clan_test_active Aggression: 11.0 / 3.0
[GoblinManager] Clan clan_test_active Aggression: 12.0 / 3.0
[GoblinManager] Clan clan_test_active Aggression: 13.0 / 3.0
[GoblinManager] Clan clan_test_active Aggression: 14.0 / 3.0
[GoblinManager] Clan clan_test_active Aggression: 15.0 / 3.0
[GoblinManager] Clan clan_test_active ACTIVATED! Wave 1 in 120s. Target: { x: [33m50[39m, z: [33m50[39m, timestamp: [33m0[39m }

[90mstdout[2m | src/tests/GoblinRaidThreshold.test.js[2m > [22m[2mGoblin Raid Threshold[2m > [22m[2mshould decay aggression over time
[22m[39m[GoblinManager] 5蛟九・豢樒ｪ溘ｒ逕滓・荳ｭ...
[GoblinManager] DETERMINISM: generateCaves start. rngState=undefined
[GoblinManager] DETERMINISM: Attempt 1: Rnd(0.135913, 0.551261) -> Grid(13, 55) rngState=undefined
GoblinManager: Cave registered at 13,55 
[GoblinManager] DETERMINISM: Attempt 2: Rnd(0.490169, 0.876283) -> Grid(49, 87) rngState=undefined
GoblinManager: Cave registered at 49,87 
[GoblinManager] DETERMINISM: Attempt 3: Rnd(0.419008, 0.596674) -> Grid(41, 59) rngState=undefined
GoblinManager: Cave registered at 41,59 
GoblinManager: Cave registered at 20,72 
GoblinManager: Cave registered at 15,35 
[GoblinManager] 豢樒ｪ溽函謌仙ｮ御ｺ・ 5/5 (隧ｦ陦悟屓謨ｰ: 5)
GoblinManager: Force spawning Debug Goblin

[90mstdout[2m | src/tests/GoblinRaidThreshold.test.js[2m > [22m[2mGoblin Raid Threshold[2m > [22m[2mshould decay aggression over time
[22m[39m[GoblinManager] Clan clan_decay Aggression: 1.0 / 3.0
[GoblinManager] Clan clan_decay Aggression: 2.0 / 3.0

[90mstdout[2m | src/tests/GoblinRaidThreshold.test.js[2m > [22m[2mGoblin Raid Threshold[2m > [22m[2mshould reset aggression decay if it drops below zero
[22m[39m[GoblinManager] 5蛟九・豢樒ｪ溘ｒ逕滓・荳ｭ...
[GoblinManager] DETERMINISM: generateCaves start. rngState=undefined
[GoblinManager] DETERMINISM: Attempt 1: Rnd(0.829057, 0.826748) -> Grid(82, 82) rngState=undefined
GoblinManager: Cave registered at 82,82 
[GoblinManager] DETERMINISM: Attempt 2: Rnd(0.505304, 0.401684) -> Grid(50, 40) rngState=undefined
GoblinManager: Cave registered at 50,40 
[GoblinManager] DETERMINISM: Attempt 3: Rnd(0.315060, 0.005135) -> Grid(31, 0) rngState=undefined
GoblinManager: Cave registered at 31,0 
GoblinManager: Cave registered at 84,18 
GoblinManager: Cave registered at 34,39 
[GoblinManager] 豢樒ｪ溽函謌仙ｮ御ｺ・ 5/5 (隧ｦ陦悟屓謨ｰ: 5)
GoblinManager: Force spawning Debug Goblin

[90mstdout[2m | src/tests/GoblinRaidThreshold.test.js[2m > [22m[2mGoblin Raid Threshold[2m > [22m[2mshould reset aggression decay if it drops below zero
[22m[39m[GoblinManager] Clan clan_zero Aggression: 1.0 / 3.0

[90mstdout[2m | src/tests/GoblinRaidThreshold.test.js[2m > [22m[2mGoblin Raid Threshold[2m > [22m[2mshould DEACTIVATE raid state if aggression decays to zero
[22m[39m[GoblinManager] 5蛟九・豢樒ｪ溘ｒ逕滓・荳ｭ...
[GoblinManager] DETERMINISM: generateCaves start. rngState=undefined
[GoblinManager] DETERMINISM: Attempt 1: Rnd(0.775805, 0.333082) -> Grid(77, 33) rngState=undefined
GoblinManager: Cave registered at 77,33 
[GoblinManager] DETERMINISM: Attempt 2: Rnd(0.664780, 0.109309) -> Grid(66, 10) rngState=undefined
GoblinManager: Cave registered at 66,10 
[GoblinManager] DETERMINISM: Attempt 3: Rnd(0.359857, 0.952333) -> Grid(35, 95) rngState=undefined
GoblinManager: Cave registered at 35,95 
GoblinManager: Cave registered at 70,11 
GoblinManager: Cave registered at 84,78 
[GoblinManager] 豢樒ｪ溽函謌仙ｮ御ｺ・ 5/5 (隧ｦ陦悟屓謨ｰ: 5)
GoblinManager: Force spawning Debug Goblin

[90mstdout[2m | src/tests/GoblinRaidThreshold.test.js[2m > [22m[2mGoblin Raid Threshold[2m > [22m[2mshould DEACTIVATE raid state if aggression decays to zero
[22m[39m[GoblinManager] Clan clan_peace Aggression: 1.0 / 3.0
[GoblinManager] Clan clan_peace Aggression: 2.0 / 3.0
[GoblinManager] Clan clan_peace Aggression: 3.0 / 3.0
[GoblinManager] Clan clan_peace Aggression: 4.0 / 3.0
[GoblinManager] Clan clan_peace Aggression: 5.0 / 3.0
[GoblinManager] Clan clan_peace Aggression: 6.0 / 3.0
[GoblinManager] Clan clan_peace Aggression: 7.0 / 3.0
[GoblinManager] Clan clan_peace Aggression: 8.0 / 3.0
[GoblinManager] Clan clan_peace Aggression: 9.0 / 3.0
[GoblinManager] Clan clan_peace Aggression: 10.0 / 3.0
[GoblinManager] Clan clan_peace Aggression: 11.0 / 3.0
[GoblinManager] Clan clan_peace Aggression: 12.0 / 3.0
[GoblinManager] Clan clan_peace Aggression: 13.0 / 3.0
[GoblinManager] Clan clan_peace Aggression: 14.0 / 3.0
[GoblinManager] Clan clan_peace Aggression: 15.0 / 3.0
[GoblinManager] Clan clan_peace ACTIVATED! Wave 1 in 120s. Target: { x: [33m50[39m, z: [33m50[39m, timestamp: [33m0[39m }
[GoblinManager] TRIGGERING WAVE Level 1 for Clan clan_peace!
[GoblinManager] Clan clan_peace has no caves remaining. Deactivating wave system.

 [32m笨・[39m src/tests/GoblinRaidThreshold.test.js [2m([22m[2m5 tests[22m[2m)[22m[32m 62[2mms[22m[39m
[90mstdout[2m | src/tests/WorkerDiversity.test.js
[22m[39m[DEBUG] Game.ts top-level load

[90mstdout[2m | src/tests/UnitVisibility.test.js
[22m[39m[DEBUG] Actor.ts loaded

[90mstdout[2m | src/tests/WorkerDiversity.test.js[2m > [22m[2mWorker Diversity Spawning[2m > [22m[2mshould spawn diverse roles (Worker/Hunter/Fisher) from a House
[22m[39mSpawned worker linked to house at 10,10 SquadID:null
[Entity 0] CONSTRUCTOR START: type=unit at 10,10
[Entity 0] Calling registerEntity...
[Entity 0] registerEntity returned.
[Entity 0] Calling updatePosition...
[Entity 0] updatePosition returned.
[DIAG] Actor Created ID: 0
[DIAG] Actor smartMove type: function
[DIAG] Actor smartMove body snapshot: smartMove(tx, tz, time, depth = 0) {
    if (isNaN(tx) || isNaN(tz)) {
      console.error(`[Actor $
[UnitCore.js] Unit Created ID:0 Role:worker Pos:10,10 Special:false
[Unit 0] State Change: None -> Wander
[UnitCore.js] Unit Created ID:0 Role:worker Pos:10,10
[UnitCore.js] Unit Construction Finished ID:0
Spawned hunter linked to house at 10,10 SquadID:null
[Entity 1] CONSTRUCTOR START: type=unit at 10,10
[Entity 1] Calling registerEntity...
[Entity 1] registerEntity returned.
[Entity 1] Calling updatePosition...
[Entity 1] updatePosition returned.
[DIAG] Actor Created ID: 1
[DIAG] Actor smartMove type: function
[DIAG] Actor smartMove body snapshot: smartMove(tx, tz, time, depth = 0) {
    if (isNaN(tx) || isNaN(tz)) {
      console.error(`[Actor $
[UnitCore.js] Unit Created ID:1 Role:hunter Pos:10,10 Special:false
[UnitCore.js] Unit Created ID:1 Role:hunter Pos:10,10
[UnitCore.js] Unit Construction Finished ID:1
Spawned worker linked to house at 10,10 SquadID:null
[Entity 2] CONSTRUCTOR START: type=unit at 10,10
[Entity 2] Calling registerEntity...
[Entity 2] registerEntity returned.
[Entity 2] Calling updatePosition...
[Entity 2] updatePosition returned.
[DIAG] Actor Created ID: 2
[DIAG] Actor smartMove type: function
[DIAG] Actor smartMove body snapshot: smartMove(tx, tz, time, depth = 0) {
    if (isNaN(tx) || isNaN(tz)) {
      console.error(`[Actor $
[UnitCore.js] Unit Created ID:2 Role:worker Pos:10,10 Special:false
[UnitCore.js] Unit Created ID:2 Role:worker Pos:10,10
[UnitCore.js] Unit Construction Finished ID:2
Spawned worker linked to house at 10,10 SquadID:null
[Entity 3] CONSTRUCTOR START: type=unit at 10,10
[Entity 3] Calling registerEntity...
[Entity 3] registerEntity returned.
[Entity 3] Calling updatePosition...
[Entity 3] updatePosition returned.
[DIAG] Actor Created ID: 3
[DIAG] Actor smartMove type: function
[DIAG] Actor smartMove body snapshot: smartMove(tx, tz, time, depth = 0) {
    if (isNaN(tx) || isNaN(tz)) {
      console.error(`[Actor $
[UnitCore.js] Unit Created ID:3 Role:worker Pos:10,10 Special:false
[UnitCore.js] Unit Created ID:3 Role:worker Pos:10,10
[UnitCore.js] Unit Construction Finished ID:3
Spawned fisher linked to house at 10,10 SquadID:null
[Entity 4] CONSTRUCTOR START: type=unit at 10,10
[Entity 4] Calling registerEntity...
[Entity 4] registerEntity returned.
[Entity 4] Calling updatePosition...
[Entity 4] updatePosition returned.
[DIAG] Actor Created ID: 4
[DIAG] Actor smartMove type: function
[DIAG] Actor smartMove body snapshot: smartMove(tx, tz, time, depth = 0) {
    if (isNaN(tx) || isNaN(tz)) {
      console.error(`[Actor $
[UnitCore.js] Unit Created ID:4 Role:fisher Pos:10,10 Special:false
[UnitCore.js] Unit Created ID:4 Role:fisher Pos:10,10
[UnitCore.js] Unit Construction Finished ID:4
Spawned fisher linked to house at 10,10 SquadID:null
[Entity 5] CONSTRUCTOR START: type=unit at 10,10
[Entity 5] Calling registerEntity...
[Entity 5] registerEntity returned.
[Entity 5] Calling updatePosition...
[Entity 5] updatePosition returned.
[DIAG] Actor Created ID: 5
[DIAG] Actor smartMove type: function
[DIAG] Actor smartMove body snapshot: smartMove(tx, tz, time, depth = 0) {
    if (isNaN(tx) || isNaN(tz)) {
      console.error(`[Actor $
[UnitCore.js] Unit Created ID:5 Role:fisher Pos:10,10 Special:false
[UnitCore.js] Unit Created ID:5 Role:fisher Pos:10,10
[UnitCore.js] Unit Construction Finished ID:5
Spawned hunter linked to house at 10,10 SquadID:null
[Entity 6] CONSTRUCTOR START: type=unit at 10,10
[Entity 6] Calling registerEntity...
[Entity 6] registerEntity returned.
[Entity 6] Calling updatePosition...
[Entity 6] updatePosition returned.
[DIAG] Actor Created ID: 6
[DIAG] Actor smartMove type: function
[DIAG] Actor smartMove body snapshot: smartMove(tx, tz, time, depth = 0) {
    if (isNaN(tx) || isNaN(tz)) {
      console.error(`[Actor $
[UnitCore.js] Unit Created ID:6 Role:hunter Pos:10,10 Special:false
[UnitCore.js] Unit Created ID:6 Role:hunter Pos:10,10
[UnitCore.js] Unit Construction Finished ID:6
Spawned fisher linked to house at 10,10 SquadID:null
[Entity 7] CONSTRUCTOR START: type=unit at 10,10
[Entity 7] Calling registerEntity...
[Entity 7] registerEntity returned.
[Entity 7] Calling updatePosition...
[Entity 7] updatePosition returned.
[DIAG] Actor Created ID: 7
[DIAG] Actor smartMove type: function
[DIAG] Actor smartMove body snapshot: smartMove(tx, tz, time, depth = 0) {
    if (isNaN(tx) || isNaN(tz)) {
      console.error(`[Actor $
[UnitCore.js] Unit Created ID:7 Role:fisher Pos:10,10 Special:false
[UnitCore.js] Unit Created ID:7 Role:fisher Pos:10,10
[UnitCore.js] Unit Construction Finished ID:7
Spawned fisher linked to house at 10,10 SquadID:null
[Entity 8] CONSTRUCTOR START: type=unit at 10,10
[Entity 8] Calling registerEntity...
[Entity 8] registerEntity returned.
[Entity 8] Calling updatePosition...
[Entity 8] updatePosition returned.
[DIAG] Actor Created ID: 8
[DIAG] Actor smartMove type: function
[DIAG] Actor smartMove body snapshot: smartMove(tx, tz, time, depth = 0) {
    if (isNaN(tx) || isNaN(tz)) {
      console.error(`[Actor $
[UnitCore.js] Unit Created ID:8 Role:fisher Pos:10,10 Special:false
[UnitCore.js] Unit Created ID:8 Role:fisher Pos:10,10
[UnitCore.js] Unit Construction Finished ID:8
Spawned hunter linked to house at 10,10 SquadID:null
[Entity 9] CONSTRUCTOR START: type=unit at 10,10
[Entity 9] Calling registerEntity...
[Entity 9] registerEntity returned.
[Entity 9] Calling updatePosition...
[Entity 9] updatePosition returned.
[DIAG] Actor Created ID: 9
[DIAG] Actor smartMove type: function
[DIAG] Actor smartMove body snapshot: smartMove(tx, tz, time, depth = 0) {
    if (isNaN(tx) || isNaN(tz)) {
      console.error(`[Actor $
[UnitCore.js] Unit Created ID:9 Role:hunter Pos:10,10 Special:false
[UnitCore.js] Unit Created ID:9 Role:hunter Pos:10,10
[UnitCore.js] Unit Construction Finished ID:9
Spawned fisher linked to house at 10,10 SquadID:null
[Entity 10] CONSTRUCTOR START: type=unit at 10,10
[Entity 10] Calling registerEntity...
[Entity 10] registerEntity returned.
[Entity 10] Calling updatePosition...
[Entity 10] updatePosition returned.
[DIAG] Actor Created ID: 10
[DIAG] Actor smartMove type: function
[DIAG] Actor smartMove body snapshot: smartMove(tx, tz, time, depth = 0) {
    if (isNaN(tx) || isNaN(tz)) {
      console.error(`[Actor $
[UnitCore.js] Unit Created ID:10 Role:fisher Pos:10,10 Special:false
[UnitCore.js] Unit Created ID:10 Role:fisher Pos:10,10
[UnitCore.js] Unit Construction Finished ID:10
Spawned worker linked to house at 10,10 SquadID:null
[Entity 11] CONSTRUCTOR START: type=unit at 10,10
[Entity 11] Calling registerEntity...
[Entity 11] registerEntity returned.
[Entity 11] Calling updatePosition...
[Entity 11] updatePosition returned.
[DIAG] Actor Created ID: 11
[DIAG] Actor smartMove type: function
[DIAG] Actor smartMove body snapshot: smartMove(tx, tz, time, depth = 0) {
    if (isNaN(tx) || isNaN(tz)) {
      console.error(`[Actor $
[UnitCore.js] Unit Created ID:11 Role:worker Pos:10,10 Special:false
[UnitCore.js] Unit Created ID:11 Role:worker Pos:10,10
[UnitCore.js] Unit Construction Finished ID:11
Spawned worker linked to house at 10,10 SquadID:null
[Entity 12] CONSTRUCTOR START: type=unit at 10,10
[Entity 12] Calling registerEntity...
[Entity 12] registerEntity returned.
[Entity 12] Calling updatePosition...
[Entity 12] updatePosition returned.
[DIAG] Actor Created ID: 12
[DIAG] Actor smartMove type: function
[DIAG] Actor smartMove body snapshot: smartMove(tx, tz, time, depth = 0) {
    if (isNaN(tx) || isNaN(tz)) {
      console.error(`[Actor $
[UnitCore.js] Unit Created ID:12 Role:worker Pos:10,10 Special:false
[UnitCore.js] Unit Created ID:12 Role:worker Pos:10,10
[UnitCore.js] Unit Construction Finished ID:12
Spawned worker linked to house at 10,10 SquadID:null
[Entity 13] CONSTRUCTOR START: type=unit at 10,10
[Entity 13] Calling registerEntity...
[Entity 13] registerEntity returned.
[Entity 13] Calling updatePosition...
[Entity 13] updatePosition returned.
[DIAG] Actor Created ID: 13
[DIAG] Actor smartMove type: function
[DIAG] Actor smartMove body snapshot: smartMove(tx, tz, time, depth = 0) {
    if (isNaN(tx) || isNaN(tz)) {
      console.error(`[Actor $
[UnitCore.js] Unit Created ID:13 Role:worker Pos:10,10 Special:false
[UnitCore.js] Unit Created ID:13 Role:worker Pos:10,10
[UnitCore.js] Unit Construction Finished ID:13
Spawned hunter linked to house at 10,10 SquadID:null
[Entity 14] CONSTRUCTOR START: type=unit at 10,10
[Entity 14] Calling registerEntity...
[Entity 14] registerEntity returned.
[Entity 14] Calling updatePosition...
[Entity 14] updatePosition returned.
[DIAG] Actor Created ID: 14
[DIAG] Actor smartMove type: function
[DIAG] Actor smartMove body snapshot: smartMove(tx, tz, time, depth = 0) {
    if (isNaN(tx) || isNaN(tz)) {
      console.error(`[Actor $
[UnitCore.js] Unit Created ID:14 Role:hunter Pos:10,10 Special:false
[UnitCore.js] Unit Created ID:14 Role:hunter Pos:10,10
[UnitCore.js] Unit Construction Finished ID:14
Spawned worker linked to house at 10,10 SquadID:null
[Entity 15] CONSTRUCTOR START: type=unit at 10,10
[Entity 15] Calling registerEntity...
[Entity 15] registerEntity returned.
[Entity 15] Calling updatePosition...
[Entity 15] updatePosition returned.
[DIAG] Actor Created ID: 15
[DIAG] Actor smartMove type: function
[DIAG] Actor smartMove body snapshot: smartMove(tx, tz, time, depth = 0) {
    if (isNaN(tx) || isNaN(tz)) {
      console.error(`[Actor $
[UnitCore.js] Unit Created ID:15 Role:worker Pos:10,10 Special:false
[UnitCore.js] Unit Created ID:15 Role:worker Pos:10,10
[UnitCore.js] Unit Construction Finished ID:15
Spawned hunter linked to house at 10,10 SquadID:null
[Entity 16] CONSTRUCTOR START: type=unit at 10,10
[Entity 16] Calling registerEntity...
[Entity 16] registerEntity returned.
[Entity 16] Calling updatePosition...
[Entity 16] updatePosition returned.
[DIAG] Actor Created ID: 16
[DIAG] Actor smartMove type: function
[DIAG] Actor smartMove body snapshot: smartMove(tx, tz, time, depth = 0) {
    if (isNaN(tx) || isNaN(tz)) {
      console.error(`[Actor $
[UnitCore.js] Unit Created ID:16 Role:hunter Pos:10,10 Special:false
[UnitCore.js] Unit Created ID:16 Role:hunter Pos:10,10
[UnitCore.js] Unit Construction Finished ID:16
Spawned worker linked to house at 10,10 SquadID:null
[Entity 17] CONSTRUCTOR START: type=unit at 10,10
[Entity 17] Calling registerEntity...
[Entity 17] registerEntity returned.
[Entity 17] Calling updatePosition...
[Entity 17] updatePosition returned.
[DIAG] Actor Created ID: 17
[DIAG] Actor smartMove type: function
[DIAG] Actor smartMove body snapshot: smartMove(tx, tz, time, depth = 0) {
    if (isNaN(tx) || isNaN(tz)) {
      console.error(`[Actor $
[UnitCore.js] Unit Created ID:17 Role:worker Pos:10,10 Special:false
[UnitCore.js] Unit Created ID:17 Role:worker Pos:10,10
[UnitCore.js] Unit Construction Finished ID:17
Spawned fisher linked to house at 10,10 SquadID:null
[Entity 18] CONSTRUCTOR START: type=unit at 10,10
[Entity 18] Calling registerEntity...
[Entity 18] registerEntity returned.
[Entity 18] Calling updatePosition...
[Entity 18] updatePosition returned.
[DIAG] Actor Created ID: 18
[DIAG] Actor smartMove type: function
[DIAG] Actor smartMove body snapshot: smartMove(tx, tz, time, depth = 0) {
    if (isNaN(tx) || isNaN(tz)) {
      console.error(`[Actor $
[UnitCore.js] Unit Created ID:18 Role:fisher Pos:10,10 Special:false
[UnitCore.js] Unit Created ID:18 Role:fisher Pos:10,10
[UnitCore.js] Unit Construction Finished ID:18
Spawned worker linked to house at 10,10 SquadID:null
[Entity 19] CONSTRUCTOR START: type=unit at 10,10
[Entity 19] Calling registerEntity...
[Entity 19] registerEntity returned.
[Entity 19] Calling updatePosition...
[Entity 19] updatePosition returned.
[DIAG] Actor Created ID: 19
[DIAG] Actor smartMove type: function
[DIAG] Actor smartMove body snapshot: smartMove(tx, tz, time, depth = 0) {
    if (isNaN(tx) || isNaN(tz)) {
      console.error(`[Actor $
[UnitCore.js] Unit Created ID:19 Role:worker Pos:10,10 Special:false
[UnitCore.js] Unit Created ID:19 Role:worker Pos:10,10
[UnitCore.js] Unit Construction Finished ID:19
Spawned worker linked to house at 10,10 SquadID:null
[Entity 20] CONSTRUCTOR START: type=unit at 10,10
[Entity 20] Calling registerEntity...
[Entity 20] registerEntity returned.
[Entity 20] Calling updatePosition...
[Entity 20] updatePosition returned.
[DIAG] Actor Created ID: 20
[DIAG] Actor smartMove type: function
[DIAG] Actor smartMove body snapshot: smartMove(tx, tz, time, depth = 0) {
    if (isNaN(tx) || isNaN(tz)) {
      console.error(`[Actor $
[UnitCore.js] Unit Created ID:20 Role:worker Pos:10,10 Special:false
[UnitCore.js] Unit Created ID:20 Role:worker Pos:10,10
[UnitCore.js] Unit Construction Finished ID:20
Spawned worker linked to house at 10,10 SquadID:null
[Entity 21] CONSTRUCTOR START: type=unit at 10,10
[Entity 21] Calling registerEntity...
[Entity 21] registerEntity returned.
[Entity 21] Calling updatePosition...
[Entity 21] updatePosition returned.
[DIAG] Actor Created ID: 21
[DIAG] Actor smartMove type: function
[DIAG] Actor smartMove body snapshot: smartMove(tx, tz, time, depth = 0) {
    if (isNaN(tx) || isNaN(tz)) {
      console.error(`[Actor $
[UnitCore.js] Unit Created ID:21 Role:worker Pos:10,10 Special:false
[UnitCore.js] Unit Created ID:21 Role:worker Pos:10,10
[UnitCore.js] Unit Construction Finished ID:21
Spawned worker linked to house at 10,10 SquadID:null
[Entity 22] CONSTRUCTOR START: type=unit at 10,10
[Entity 22] Calling registerEntity...
[Entity 22] registerEntity returned.
[Entity 22] Calling updatePosition...
[Entity 22] updatePosition returned.
[DIAG] Actor Created ID: 22
[DIAG] Actor smartMove type: function
[DIAG] Actor smartMove body snapshot: smartMove(tx, tz, time, depth = 0) {
    if (isNaN(tx) || isNaN(tz)) {
      console.error(`[Actor $
[UnitCore.js] Unit Created ID:22 Role:worker Pos:10,10 Special:false
[UnitCore.js] Unit Created ID:22 Role:worker Pos:10,10
[UnitCore.js] Unit Construction Finished ID:22
Spawned worker linked to house at 10,10 SquadID:null
[Entity 23] CONSTRUCTOR START: type=unit at 10,10
[Entity 23] Calling registerEntity...
[Entity 23] registerEntity returned.
[Entity 23] Calling updatePosition...
[Entity 23] updatePosition returned.
[DIAG] Actor Created ID: 23
[DIAG] Actor smartMove type: function
[DIAG] Actor smartMove body snapshot: smartMove(tx, tz, time, depth = 0) {
    if (isNaN(tx) || isNaN(tz)) {
      console.error(`[Actor $
[UnitCore.js] Unit Created ID:23 Role:worker Pos:10,10 Special:false
[UnitCore.js] Unit Created ID:23 Role:worker Pos:10,10
[UnitCore.js] Unit Construction Finished ID:23
Spawned fisher linked to house at 10,10 SquadID:null
[Entity 24] CONSTRUCTOR START: type=unit at 10,10
[Entity 24] Calling registerEntity...
[Entity 24] registerEntity returned.
[Entity 24] Calling updatePosition...
[Entity 24] updatePosition returned.
[DIAG] Actor Created ID: 24
[DIAG] Actor smartMove type: function
[DIAG] Actor smartMove body snapshot: smartMove(tx, tz, time, depth = 0) {
    if (isNaN(tx) || isNaN(tz)) {
      console.error(`[Actor $
[UnitCore.js] Unit Created ID:24 Role:fisher Pos:10,10 Special:false
[UnitCore.js] Unit Created ID:24 Role:fisher Pos:10,10
[UnitCore.js] Unit Construction Finished ID:24
Spawned worker linked to house at 10,10 SquadID:null
[Entity 25] CONSTRUCTOR START: type=unit at 10,10
[Entity 25] Calling registerEntity...
[Entity 25] registerEntity returned.
[Entity 25] Calling updatePosition...
[Entity 25] updatePosition returned.
[DIAG] Actor Created ID: 25
[DIAG] Actor smartMove type: function
[DIAG] Actor smartMove body snapshot: smartMove(tx, tz, time, depth = 0) {
    if (isNaN(tx) || isNaN(tz)) {
      console.error(`[Actor $
[UnitCore.js] Unit Created ID:25 Role:worker Pos:10,10 Special:false
[UnitCore.js] Unit Created ID:25 Role:worker Pos:10,10
[UnitCore.js] Unit Construction Finished ID:25
Spawned fisher linked to house at 10,10 SquadID:null
[Entity 26] CONSTRUCTOR START: type=unit at 10,10
[Entity 26] Calling registerEntity...
[Entity 26] registerEntity returned.
[Entity 26] Calling updatePosition...
[Entity 26] updatePosition returned.
[DIAG] Actor Created ID: 26
[DIAG] Actor smartMove type: function
[DIAG] Actor smartMove body snapshot: smartMove(tx, tz, time, depth = 0) {
    if (isNaN(tx) || isNaN(tz)) {
      console.error(`[Actor $
[UnitCore.js] Unit Created ID:26 Role:fisher Pos:10,10 Special:false
[UnitCore.js] Unit Created ID:26 Role:fisher Pos:10,10
[UnitCore.js] Unit Construction Finished ID:26
Spawned hunter linked to house at 10,10 SquadID:null
[Entity 27] CONSTRUCTOR START: type=unit at 10,10
[Entity 27] Calling registerEntity...
[Entity 27] registerEntity returned.
[Entity 27] Calling updatePosition...
[Entity 27] updatePosition returned.
[DIAG] Actor Created ID: 27
[DIAG] Actor smartMove type: function
[DIAG] Actor smartMove body snapshot: smartMove(tx, tz, time, depth = 0) {
    if (isNaN(tx) || isNaN(tz)) {
      console.error(`[Actor $
[UnitCore.js] Unit Created ID:27 Role:hunter Pos:10,10 Special:false
[UnitCore.js] Unit Created ID:27 Role:hunter Pos:10,10
[UnitCore.js] Unit Construction Finished ID:27
Spawned worker linked to house at 10,10 SquadID:null
[Entity 28] CONSTRUCTOR START: type=unit at 10,10
[Entity 28] Calling registerEntity...
[Entity 28] registerEntity returned.
[Entity 28] Calling updatePosition...
[Entity 28] updatePosition returned.
[DIAG] Actor Created ID: 28
[DIAG] Actor smartMove type: function
[DIAG] Actor smartMove body snapshot: smartMove(tx, tz, time, depth = 0) {
    if (isNaN(tx) || isNaN(tz)) {
      console.error(`[Actor $
[UnitCore.js] Unit Created ID:28 Role:worker Pos:10,10 Special:false
[UnitCore.js] Unit Created ID:28 Role:worker Pos:10,10
[UnitCore.js] Unit Construction Finished ID:28
Spawned fisher linked to house at 10,10 SquadID:null
[Entity 29] CONSTRUCTOR START: type=unit at 10,10
[Entity 29] Calling registerEntity...
[Entity 29] registerEntity returned.
[Entity 29] Calling updatePosition...
[Entity 29] updatePosition returned.
[DIAG] Actor Created ID: 29
[DIAG] Actor smartMove type: function
[DIAG] Actor smartMove body snapshot: smartMove(tx, tz, time, depth = 0) {
    if (isNaN(tx) || isNaN(tz)) {
      console.error(`[Actor $
[UnitCore.js] Unit Created ID:29 Role:fisher Pos:10,10 Special:false
[UnitCore.js] Unit Created ID:29 Role:fisher Pos:10,10
[UnitCore.js] Unit Construction Finished ID:29
Spawned worker linked to house at 10,10 SquadID:null
[Entity 30] CONSTRUCTOR START: type=unit at 10,10
[Entity 30] Calling registerEntity...
[Entity 30] registerEntity returned.
[Entity 30] Calling updatePosition...
[Entity 30] updatePosition returned.
[DIAG] Actor Created ID: 30
[DIAG] Actor smartMove type: function
[DIAG] Actor smartMove body snapshot: smartMove(tx, tz, time, depth = 0) {
    if (isNaN(tx) || isNaN(tz)) {
      console.error(`[Actor $
[UnitCore.js] Unit Created ID:30 Role:worker Pos:10,10 Special:false
[UnitCore.js] Unit Created ID:30 Role:worker Pos:10,10
[UnitCore.js] Unit Construction Finished ID:30
Spawned fisher linked to house at 10,10 SquadID:null
[Entity 31] CONSTRUCTOR START: type=unit at 10,10
[Entity 31] Calling registerEntity...
[Entity 31] registerEntity returned.
[Entity 31] Calling updatePosition...
[Entity 31] updatePosition returned.
[DIAG] Actor Created ID: 31
[DIAG] Actor smartMove type: function
[DIAG] Actor smartMove body snapshot: smartMove(tx, tz, time, depth = 0) {
    if (isNaN(tx) || isNaN(tz)) {
      console.error(`[Actor $
[UnitCore.js] Unit Created ID:31 Role:fisher Pos:10,10 Special:false
[UnitCore.js] Unit Created ID:31 Role:fisher Pos:10,10
[UnitCore.js] Unit Construction Finished ID:31
Spawned worker linked to house at 10,10 SquadID:null
[Entity 32] CONSTRUCTOR START: type=unit at 10,10
[Entity 32] Calling registerEntity...
[Entity 32] registerEntity returned.
[Entity 32] Calling updatePosition...
[Entity 32] updatePosition returned.
[DIAG] Actor Created ID: 32
[DIAG] Actor smartMove type: function
[DIAG] Actor smartMove body snapshot: smartMove(tx, tz, time, depth = 0) {
    if (isNaN(tx) || isNaN(tz)) {
      console.error(`[Actor $
[UnitCore.js] Unit Created ID:32 Role:worker Pos:10,10 Special:false
[UnitCore.js] Unit Created ID:32 Role:worker Pos:10,10
[UnitCore.js] Unit Construction Finished ID:32
Spawned hunter linked to house at 10,10 SquadID:null
[Entity 33] CONSTRUCTOR START: type=unit at 10,10
[Entity 33] Calling registerEntity...
[Entity 33] registerEntity returned.
[Entity 33] Calling updatePosition...
[Entity 33] updatePosition returned.
[DIAG] Actor Created ID: 33
[DIAG] Actor smartMove type: function
[DIAG] Actor smartMove body snapshot: smartMove(tx, tz, time, depth = 0) {
    if (isNaN(tx) || isNaN(tz)) {
      console.error(`[Actor $
[UnitCore.js] Unit Created ID:33 Role:hunter Pos:10,10 Special:false
[UnitCore.js] Unit Created ID:33 Role:hunter Pos:10,10
[UnitCore.js] Unit Construction Finished ID:33
Spawned worker linked to house at 10,10 SquadID:null
[Entity 34] CONSTRUCTOR START: type=unit at 10,10
[Entity 34] Calling registerEntity...
[Entity 34] registerEntity returned.
[Entity 34] Calling updatePosition...
[Entity 34] updatePosition returned.
[DIAG] Actor Created ID: 34
[DIAG] Actor smartMove type: function
[DIAG] Actor smartMove body snapshot: smartMove(tx, tz, time, depth = 0) {
    if (isNaN(tx) || isNaN(tz)) {
      console.error(`[Actor $
[UnitCore.js] Unit Created ID:34 Role:worker Pos:10,10 Special:false
[UnitCore.js] Unit Created ID:34 Role:worker Pos:10,10
[UnitCore.js] Unit Construction Finished ID:34
Spawned fisher linked to house at 10,10 SquadID:null
[Entity 35] CONSTRUCTOR START: type=unit at 10,10
[Entity 35] Calling registerEntity...
[Entity 35] registerEntity returned.
[Entity 35] Calling updatePosition...
[Entity 35] updatePosition returned.
[DIAG] Actor Created ID: 35
[DIAG] Actor smartMove type: function
[DIAG] Actor smartMove body snapshot: smartMove(tx, tz, time, depth = 0) {
    if (isNaN(tx) || isNaN(tz)) {
      console.error(`[Actor $
[UnitCore.js] Unit Created ID:35 Role:fisher Pos:10,10 Special:false
[UnitCore.js] Unit Created ID:35 Role:fisher Pos:10,10
[UnitCore.js] Unit Construction Finished ID:35
Spawned fisher linked to house at 10,10 SquadID:null
[Entity 36] CONSTRUCTOR START: type=unit at 10,10
[Entity 36] Calling registerEntity...
[Entity 36] registerEntity returned.
[Entity 36] Calling updatePosition...
[Entity 36] updatePosition returned.
[DIAG] Actor Created ID: 36
[DIAG] Actor smartMove type: function
[DIAG] Actor smartMove body snapshot: smartMove(tx, tz, time, depth = 0) {
    if (isNaN(tx) || isNaN(tz)) {
      console.error(`[Actor $
[UnitCore.js] Unit Created ID:36 Role:fisher Pos:10,10 Special:false
[UnitCore.js] Unit Created ID:36 Role:fisher Pos:10,10
[UnitCore.js] Unit Construction Finished ID:36
Spawned worker linked to house at 10,10 SquadID:null
[Entity 37] CONSTRUCTOR START: type=unit at 10,10
[Entity 37] Calling registerEntity...
[Entity 37] registerEntity returned.
[Entity 37] Calling updatePosition...
[Entity 37] updatePosition returned.
[DIAG] Actor Created ID: 37
[DIAG] Actor smartMove type: function
[DIAG] Actor smartMove body snapshot: smartMove(tx, tz, time, depth = 0) {
    if (isNaN(tx) || isNaN(tz)) {
      console.error(`[Actor $
[UnitCore.js] Unit Created ID:37 Role:worker Pos:10,10 Special:false
[UnitCore.js] Unit Created ID:37 Role:worker Pos:10,10
[UnitCore.js] Unit Construction Finished ID:37
Spawned worker linked to house at 10,10 SquadID:null
[Entity 38] CONSTRUCTOR START: type=unit at 10,10
[Entity 38] Calling registerEntity...
[Entity 38] registerEntity returned.
[Entity 38] Calling updatePosition...
[Entity 38] updatePosition returned.
[DIAG] Actor Created ID: 38
[DIAG] Actor smartMove type: function
[DIAG] Actor smartMove body snapshot: smartMove(tx, tz, time, depth = 0) {
    if (isNaN(tx) || isNaN(tz)) {
      console.error(`[Actor $
[UnitCore.js] Unit Created ID:38 Role:worker Pos:10,10 Special:false
[UnitCore.js] Unit Created ID:38 Role:worker Pos:10,10
[UnitCore.js] Unit Construction Finished ID:38
Spawned fisher linked to house at 10,10 SquadID:null
[Entity 39] CONSTRUCTOR START: type=unit at 10,10
[Entity 39] Calling registerEntity...
[Entity 39] registerEntity returned.
[Entity 39] Calling updatePosition...
[Entity 39] updatePosition returned.
[DIAG] Actor Created ID: 39
[DIAG] Actor smartMove type: function
[DIAG] Actor smartMove body snapshot: smartMove(tx, tz, time, depth = 0) {
    if (isNaN(tx) || isNaN(tz)) {
      console.error(`[Actor $
[UnitCore.js] Unit Created ID:39 Role:fisher Pos:10,10 Special:false
[UnitCore.js] Unit Created ID:39 Role:fisher Pos:10,10
[UnitCore.js] Unit Construction Finished ID:39
Spawned worker linked to house at 10,10 SquadID:null
[Entity 40] CONSTRUCTOR START: type=unit at 10,10
[Entity 40] Calling registerEntity...
[Entity 40] registerEntity returned.
[Entity 40] Calling updatePosition...
[Entity 40] updatePosition returned.
[DIAG] Actor Created ID: 40
[DIAG] Actor smartMove type: function
[DIAG] Actor smartMove body snapshot: smartMove(tx, tz, time, depth = 0) {
    if (isNaN(tx) || isNaN(tz)) {
      console.error(`[Actor $
[UnitCore.js] Unit Created ID:40 Role:worker Pos:10,10 Special:false
[UnitCore.js] Unit Created ID:40 Role:worker Pos:10,10
[UnitCore.js] Unit Construction Finished ID:40
Spawned fisher linked to house at 10,10 SquadID:null
[Entity 41] CONSTRUCTOR START: type=unit at 10,10
[Entity 41] Calling registerEntity...
[Entity 41] registerEntity returned.
[Entity 41] Calling updatePosition...
[Entity 41] updatePosition returned.
[DIAG] Actor Created ID: 41
[DIAG] Actor smartMove type: function
[DIAG] Actor smartMove body snapshot: smartMove(tx, tz, time, depth = 0) {
    if (isNaN(tx) || isNaN(tz)) {
      console.error(`[Actor $
[UnitCore.js] Unit Created ID:41 Role:fisher Pos:10,10 Special:false
[UnitCore.js] Unit Created ID:41 Role:fisher Pos:10,10
[UnitCore.js] Unit Construction Finished ID:41
Spawned fisher linked to house at 10,10 SquadID:null
[Entity 42] CONSTRUCTOR START: type=unit at 10,10
[Entity 42] Calling registerEntity...
[Entity 42] registerEntity returned.
[Entity 42] Calling updatePosition...
[Entity 42] updatePosition returned.
[DIAG] Actor Created ID: 42
[DIAG] Actor smartMove type: function
[DIAG] Actor smartMove body snapshot: smartMove(tx, tz, time, depth = 0) {
    if (isNaN(tx) || isNaN(tz)) {
      console.error(`[Actor $
[UnitCore.js] Unit Created ID:42 Role:fisher Pos:10,10 Special:false
[UnitCore.js] Unit Created ID:42 Role:fisher Pos:10,10
[UnitCore.js] Unit Construction Finished ID:42
Spawned worker linked to house at 10,10 SquadID:null
[Entity 43] CONSTRUCTOR START: type=unit at 10,10
[Entity 43] Calling registerEntity...
[Entity 43] registerEntity returned.
[Entity 43] Calling updatePosition...
[Entity 43] updatePosition returned.
[DIAG] Actor Created ID: 43
[DIAG] Actor smartMove type: function
[DIAG] Actor smartMove body snapshot: smartMove(tx, tz, time, depth = 0) {
    if (isNaN(tx) || isNaN(tz)) {
      console.error(`[Actor $
[UnitCore.js] Unit Created ID:43 Role:worker Pos:10,10 Special:false
[UnitCore.js] Unit Created ID:43 Role:worker Pos:10,10
[UnitCore.js] Unit Construction Finished ID:43
Spawned fisher linked to house at 10,10 SquadID:null
[Entity 44] CONSTRUCTOR START: type=unit at 10,10
[Entity 44] Calling registerEntity...
[Entity 44] registerEntity returned.
[Entity 44] Calling updatePosition...
[Entity 44] updatePosition returned.
[DIAG] Actor Created ID: 44
[DIAG] Actor smartMove type: function
[DIAG] Actor smartMove body snapshot: smartMove(tx, tz, time, depth = 0) {
    if (isNaN(tx) || isNaN(tz)) {
      console.error(`[Actor $
[UnitCore.js] Unit Created ID:44 Role:fisher Pos:10,10 Special:false
[UnitCore.js] Unit Created ID:44 Role:fisher Pos:10,10
[UnitCore.js] Unit Construction Finished ID:44
Spawned worker linked to house at 10,10 SquadID:null
[Entity 45] CONSTRUCTOR START: type=unit at 10,10
[Entity 45] Calling registerEntity...
[Entity 45] registerEntity returned.
[Entity 45] Calling updatePosition...
[Entity 45] updatePosition returned.
[DIAG] Actor Created ID: 45
[DIAG] Actor smartMove type: function
[DIAG] Actor smartMove body snapshot: smartMove(tx, tz, time, depth = 0) {
    if (isNaN(tx) || isNaN(tz)) {
      console.error(`[Actor $
[UnitCore.js] Unit Created ID:45 Role:worker Pos:10,10 Special:false
[UnitCore.js] Unit Created ID:45 Role:worker Pos:10,10
[UnitCore.js] Unit Construction Finished ID:45
Spawned worker linked to house at 10,10 SquadID:null
[Entity 46] CONSTRUCTOR START: type=unit at 10,10
[Entity 46] Calling registerEntity...
[Entity 46] registerEntity returned.
[Entity 46] Calling updatePosition...
[Entity 46] updatePosition returned.
[DIAG] Actor Created ID: 46
[DIAG] Actor smartMove type: function
[DIAG] Actor smartMove body snapshot: smartMove(tx, tz, time, depth = 0) {
    if (isNaN(tx) || isNaN(tz)) {
      console.error(`[Actor $
[UnitCore.js] Unit Created ID:46 Role:worker Pos:10,10 Special:false
[UnitCore.js] Unit Created ID:46 Role:worker Pos:10,10
[UnitCore.js] Unit Construction Finished ID:46
Spawned worker linked to house at 10,10 SquadID:null
[Entity 47] CONSTRUCTOR START: type=unit at 10,10
[Entity 47] Calling registerEntity...
[Entity 47] registerEntity returned.
[Entity 47] Calling updatePosition...
[Entity 47] updatePosition returned.
[DIAG] Actor Created ID: 47
[DIAG] Actor smartMove type: function
[DIAG] Actor smartMove body snapshot: smartMove(tx, tz, time, depth = 0) {
    if (isNaN(tx) || isNaN(tz)) {
      console.error(`[Actor $
[UnitCore.js] Unit Created ID:47 Role:worker Pos:10,10 Special:false
[UnitCore.js] Unit Created ID:47 Role:worker Pos:10,10
[UnitCore.js] Unit Construction Finished ID:47
Spawned hunter linked to house at 10,10 SquadID:null
[Entity 48] CONSTRUCTOR START: type=unit at 10,10
[Entity 48] Calling registerEntity...
[Entity 48] registerEntity returned.
[Entity 48] Calling updatePosition...
[Entity 48] updatePosition returned.
[DIAG] Actor Created ID: 48
[DIAG] Actor smartMove type: function
[DIAG] Actor smartMove body snapshot: smartMove(tx, tz, time, depth = 0) {
    if (isNaN(tx) || isNaN(tz)) {
      console.error(`[Actor $
[UnitCore.js] Unit Created ID:48 Role:hunter Pos:10,10 Special:false
[UnitCore.js] Unit Created ID:48 Role:hunter Pos:10,10
[UnitCore.js] Unit Construction Finished ID:48
Spawned worker linked to house at 10,10 SquadID:null
[Entity 49] CONSTRUCTOR START: type=unit at 10,10
[Entity 49] Calling registerEntity...
[Entity 49] registerEntity returned.
[Entity 49] Calling updatePosition...
[Entity 49] updatePosition returned.
[DIAG] Actor Created ID: 49
[DIAG] Actor smartMove type: function
[DIAG] Actor smartMove body snapshot: smartMove(tx, tz, time, depth = 0) {
    if (isNaN(tx) || isNaN(tz)) {
      console.error(`[Actor $
[UnitCore.js] Unit Created ID:49 Role:worker Pos:10,10 Special:false
[UnitCore.js] Unit Created ID:49 Role:worker Pos:10,10
[UnitCore.js] Unit Construction Finished ID:49
Spawned worker linked to house at 10,10 SquadID:null
[Entity 50] CONSTRUCTOR START: type=unit at 10,10
[Entity 50] Calling registerEntity...
[Entity 50] registerEntity returned.
[Entity 50] Calling updatePosition...
[Entity 50] updatePosition returned.
[DIAG] Actor Created ID: 50
[DIAG] Actor smartMove type: function
[DIAG] Actor smartMove body snapshot: smartMove(tx, tz, time, depth = 0) {
    if (isNaN(tx) || isNaN(tz)) {
      console.error(`[Actor $
[UnitCore.js] Unit Created ID:50 Role:worker Pos:10,10 Special:false
[UnitCore.js] Unit Created ID:50 Role:worker Pos:10,10
[UnitCore.js] Unit Construction Finished ID:50
Spawned worker linked to house at 10,10 SquadID:null
[Entity 51] CONSTRUCTOR START: type=unit at 10,10
[Entity 51] Calling registerEntity...
[Entity 51] registerEntity returned.
[Entity 51] Calling updatePosition...
[Entity 51] updatePosition returned.
[DIAG] Actor Created ID: 51
[DIAG] Actor smartMove type: function
[DIAG] Actor smartMove body snapshot: smartMove(tx, tz, time, depth = 0) {
    if (isNaN(tx) || isNaN(tz)) {
      console.error(`[Actor $
[UnitCore.js] Unit Created ID:51 Role:worker Pos:10,10 Special:false
[UnitCore.js] Unit Created ID:51 Role:worker Pos:10,10
[UnitCore.js] Unit Construction Finished ID:51
Spawned fisher linked to house at 10,10 SquadID:null
[Entity 52] CONSTRUCTOR START: type=unit at 10,10
[Entity 52] Calling registerEntity...
[Entity 52] registerEntity returned.
[Entity 52] Calling updatePosition...
[Entity 52] updatePosition returned.
[DIAG] Actor Created ID: 52
[DIAG] Actor smartMove type: function
[DIAG] Actor smartMove body snapshot: smartMove(tx, tz, time, depth = 0) {
    if (isNaN(tx) || isNaN(tz)) {
      console.error(`[Actor $
[UnitCore.js] Unit Created ID:52 Role:fisher Pos:10,10 Special:false
[UnitCore.js] Unit Created ID:52 Role:fisher Pos:10,10
[UnitCore.js] Unit Construction Finished ID:52
Spawned worker linked to house at 10,10 SquadID:null
[Entity 53] CONSTRUCTOR START: type=unit at 10,10
[Entity 53] Calling registerEntity...
[Entity 53] registerEntity returned.
[Entity 53] Calling updatePosition...
[Entity 53] updatePosition returned.
[DIAG] Actor Created ID: 53
[DIAG] Actor smartMove type: function
[DIAG] Actor smartMove body snapshot: smartMove(tx, tz, time, depth = 0) {
    if (isNaN(tx) || isNaN(tz)) {
      console.error(`[Actor $
[UnitCore.js] Unit Created ID:53 Role:worker Pos:10,10 Special:false
[UnitCore.js] Unit Created ID:53 Role:worker Pos:10,10
[UnitCore.js] Unit Construction Finished ID:53
Spawned worker linked to house at 10,10 SquadID:null
[Entity 54] CONSTRUCTOR START: type=unit at 10,10
[Entity 54] Calling registerEntity...
[Entity 54] registerEntity returned.
[Entity 54] Calling updatePosition...
[Entity 54] updatePosition returned.
[DIAG] Actor Created ID: 54
[DIAG] Actor smartMove type: function
[DIAG] Actor smartMove body snapshot: smartMove(tx, tz, time, depth = 0) {
    if (isNaN(tx) || isNaN(tz)) {
      console.error(`[Actor $
[UnitCore.js] Unit Created ID:54 Role:worker Pos:10,10 Special:false
[UnitCore.js] Unit Created ID:54 Role:worker Pos:10,10
[UnitCore.js] Unit Construction Finished ID:54
Spawned worker linked to house at 10,10 SquadID:null
[Entity 55] CONSTRUCTOR START: type=unit at 10,10
[Entity 55] Calling registerEntity...
[Entity 55] registerEntity returned.
[Entity 55] Calling updatePosition...
[Entity 55] updatePosition returned.
[DIAG] Actor Created ID: 55
[DIAG] Actor smartMove type: function
[DIAG] Actor smartMove body snapshot: smartMove(tx, tz, time, depth = 0) {
    if (isNaN(tx) || isNaN(tz)) {
      console.error(`[Actor $
[UnitCore.js] Unit Created ID:55 Role:worker Pos:10,10 Special:false
[UnitCore.js] Unit Created ID:55 Role:worker Pos:10,10
[UnitCore.js] Unit Construction Finished ID:55
Spawned worker linked to house at 10,10 SquadID:null
[Entity 56] CONSTRUCTOR START: type=unit at 10,10
[Entity 56] Calling registerEntity...
[Entity 56] registerEntity returned.
[Entity 56] Calling updatePosition...
[Entity 56] updatePosition returned.
[DIAG] Actor Created ID: 56
[DIAG] Actor smartMove type: function
[DIAG] Actor smartMove body snapshot: smartMove(tx, tz, time, depth = 0) {
    if (isNaN(tx) || isNaN(tz)) {
      console.error(`[Actor $
[UnitCore.js] Unit Created ID:56 Role:worker Pos:10,10 Special:false
[UnitCore.js] Unit Created ID:56 Role:worker Pos:10,10
[UnitCore.js] Unit Construction Finished ID:56
Spawned fisher linked to house at 10,10 SquadID:null
[Entity 57] CONSTRUCTOR START: type=unit at 10,10
[Entity 57] Calling registerEntity...
[Entity 57] registerEntity returned.
[Entity 57] Calling updatePosition...
[Entity 57] updatePosition returned.
[DIAG] Actor Created ID: 57
[DIAG] Actor smartMove type: function
[DIAG] Actor smartMove body snapshot: smartMove(tx, tz, time, depth = 0) {
    if (isNaN(tx) || isNaN(tz)) {
      console.error(`[Actor $
[UnitCore.js] Unit Created ID:57 Role:fisher Pos:10,10 Special:false
[UnitCore.js] Unit Created ID:57 Role:fisher Pos:10,10
[UnitCore.js] Unit Construction Finished ID:57
Spawned fisher linked to house at 10,10 SquadID:null
[Entity 58] CONSTRUCTOR START: type=unit at 10,10
[Entity 58] Calling registerEntity...
[Entity 58] registerEntity returned.
[Entity 58] Calling updatePosition...
[Entity 58] updatePosition returned.
[DIAG] Actor Created ID: 58
[DIAG] Actor smartMove type: function
[DIAG] Actor smartMove body snapshot: smartMove(tx, tz, time, depth = 0) {
    if (isNaN(tx) || isNaN(tz)) {
      console.error(`[Actor $
[UnitCore.js] Unit Created ID:58 Role:fisher Pos:10,10 Special:false
[UnitCore.js] Unit Created ID:58 Role:fisher Pos:10,10
[UnitCore.js] Unit Construction Finished ID:58
Spawned hunter linked to house at 10,10 SquadID:null
[Entity 59] CONSTRUCTOR START: type=unit at 10,10
[Entity 59] Calling registerEntity...
[Entity 59] registerEntity returned.
[Entity 59] Calling updatePosition...
[Entity 59] updatePosition returned.
[DIAG] Actor Created ID: 59
[DIAG] Actor smartMove type: function
[DIAG] Actor smartMove body snapshot: smartMove(tx, tz, time, depth = 0) {
    if (isNaN(tx) || isNaN(tz)) {
      console.error(`[Actor $
[UnitCore.js] Unit Created ID:59 Role:hunter Pos:10,10 Special:false
[UnitCore.js] Unit Created ID:59 Role:hunter Pos:10,10
[UnitCore.js] Unit Construction Finished ID:59
Spawned worker linked to house at 10,10 SquadID:null
[Entity 60] CONSTRUCTOR START: type=unit at 10,10
[Entity 60] Calling registerEntity...
[Entity 60] registerEntity returned.
[Entity 60] Calling updatePosition...
[Entity 60] updatePosition returned.
[DIAG] Actor Created ID: 60
[DIAG] Actor smartMove type: function
[DIAG] Actor smartMove body snapshot: smartMove(tx, tz, time, depth = 0) {
    if (isNaN(tx) || isNaN(tz)) {
      console.error(`[Actor $
[UnitCore.js] Unit Created ID:60 Role:worker Pos:10,10 Special:false
[UnitCore.js] Unit Created ID:60 Role:worker Pos:10,10
[UnitCore.js] Unit Construction Finished ID:60
Spawned fisher linked to house at 10,10 SquadID:null
[Entity 61] CONSTRUCTOR START: type=unit at 10,10
[Entity 61] Calling registerEntity...
[Entity 61] registerEntity returned.
[Entity 61] Calling updatePosition...
[Entity 61] updatePosition returned.
[DIAG] Actor Created ID: 61
[DIAG] Actor smartMove type: function
[DIAG] Actor smartMove body snapshot: smartMove(tx, tz, time, depth = 0) {
    if (isNaN(tx) || isNaN(tz)) {
      console.error(`[Actor $
[UnitCore.js] Unit Created ID:61 Role:fisher Pos:10,10 Special:false
[UnitCore.js] Unit Created ID:61 Role:fisher Pos:10,10
[UnitCore.js] Unit Construction Finished ID:61
Spawned worker linked to house at 10,10 SquadID:null
[Entity 62] CONSTRUCTOR START: type=unit at 10,10
[Entity 62] Calling registerEntity...
[Entity 62] registerEntity returned.
[Entity 62] Calling updatePosition...
[Entity 62] updatePosition returned.
[DIAG] Actor Created ID: 62
[DIAG] Actor smartMove type: function
[DIAG] Actor smartMove body snapshot: smartMove(tx, tz, time, depth = 0) {
    if (isNaN(tx) || isNaN(tz)) {
      console.error(`[Actor $
[UnitCore.js] Unit Created ID:62 Role:worker Pos:10,10 Special:false
[UnitCore.js] Unit Created ID:62 Role:worker Pos:10,10
[UnitCore.js] Unit Construction Finished ID:62
Spawned worker linked to house at 10,10 SquadID:null
[Entity 63] CONSTRUCTOR START: type=unit at 10,10
[Entity 63] Calling registerEntity...
[Entity 63] registerEntity returned.
[Entity 63] Calling updatePosition...
[Entity 63] updatePosition returned.
[DIAG] Actor Created ID: 63
[DIAG] Actor smartMove type: function
[DIAG] Actor smartMove body snapshot: smartMove(tx, tz, time, depth = 0) {
    if (isNaN(tx) || isNaN(tz)) {
      console.error(`[Actor $
[UnitCore.js] Unit Created ID:63 Role:worker Pos:10,10 Special:false
[UnitCore.js] Unit Created ID:63 Role:worker Pos:10,10
[UnitCore.js] Unit Construction Finished ID:63
Spawned hunter linked to house at 10,10 SquadID:null
[Entity 64] CONSTRUCTOR START: type=unit at 10,10
[Entity 64] Calling registerEntity...
[Entity 64] registerEntity returned.
[Entity 64] Calling updatePosition...
[Entity 64] updatePosition returned.
[DIAG] Actor Created ID: 64
[DIAG] Actor smartMove type: function
[DIAG] Actor smartMove body snapshot: smartMove(tx, tz, time, depth = 0) {
    if (isNaN(tx) || isNaN(tz)) {
      console.error(`[Actor $
[UnitCore.js] Unit Created ID:64 Role:hunter Pos:10,10 Special:false
[UnitCore.js] Unit Created ID:64 Role:hunter Pos:10,10
[UnitCore.js] Unit Construction Finished ID:64
Spawned worker linked to house at 10,10 SquadID:null
[Entity 65] CONSTRUCTOR START: type=unit at 10,10
[Entity 65] Calling registerEntity...
[Entity 65] registerEntity returned.
[Entity 65] Calling updatePosition...
[Entity 65] updatePosition returned.
[DIAG] Actor Created ID: 65
[DIAG] Actor smartMove type: function
[DIAG] Actor smartMove body snapshot: smartMove(tx, tz, time, depth = 0) {
    if (isNaN(tx) || isNaN(tz)) {
      console.error(`[Actor $
[UnitCore.js] Unit Created ID:65 Role:worker Pos:10,10 Special:false
[UnitCore.js] Unit Created ID:65 Role:worker Pos:10,10
[UnitCore.js] Unit Construction Finished ID:65
Spawned worker linked to house at 10,10 SquadID:null
[Entity 66] CONSTRUCTOR START: type=unit at 10,10
[Entity 66] Calling registerEntity...
[Entity 66] registerEntity returned.
[Entity 66] Calling updatePosition...
[Entity 66] updatePosition returned.
[DIAG] Actor Created ID: 66
[DIAG] Actor smartMove type: function
[DIAG] Actor smartMove body snapshot: smartMove(tx, tz, time, depth = 0) {
    if (isNaN(tx) || isNaN(tz)) {
      console.error(`[Actor $
[UnitCore.js] Unit Created ID:66 Role:worker Pos:10,10 Special:false
[UnitCore.js] Unit Created ID:66 Role:worker Pos:10,10
[UnitCore.js] Unit Construction Finished ID:66
Spawned hunter linked to house at 10,10 SquadID:null
[Entity 67] CONSTRUCTOR START: type=unit at 10,10
[Entity 67] Calling registerEntity...
[Entity 67] registerEntity returned.
[Entity 67] Calling updatePosition...
[Entity 67] updatePosition returned.
[DIAG] Actor Created ID: 67
[DIAG] Actor smartMove type: function
[DIAG] Actor smartMove body snapshot: smartMove(tx, tz, time, depth = 0) {
    if (isNaN(tx) || isNaN(tz)) {
      console.error(`[Actor $
[UnitCore.js] Unit Created ID:67 Role:hunter Pos:10,10 Special:false
[UnitCore.js] Unit Created ID:67 Role:hunter Pos:10,10
[UnitCore.js] Unit Construction Finished ID:67
Spawned worker linked to house at 10,10 SquadID:null
[Entity 68] CONSTRUCTOR START: type=unit at 10,10
[Entity 68] Calling registerEntity...
[Entity 68] registerEntity returned.
[Entity 68] Calling updatePosition...
[Entity 68] updatePosition returned.
[DIAG] Actor Created ID: 68
[DIAG] Actor smartMove type: function
[DIAG] Actor smartMove body snapshot: smartMove(tx, tz, time, depth = 0) {
    if (isNaN(tx) || isNaN(tz)) {
      console.error(`[Actor $
[UnitCore.js] Unit Created ID:68 Role:worker Pos:10,10 Special:false
[UnitCore.js] Unit Created ID:68 Role:worker Pos:10,10
[UnitCore.js] Unit Construction Finished ID:68
Spawned fisher linked to house at 10,10 SquadID:null
[Entity 69] CONSTRUCTOR START: type=unit at 10,10
[Entity 69] Calling registerEntity...
[Entity 69] registerEntity returned.
[Entity 69] Calling updatePosition...
[Entity 69] updatePosition returned.
[DIAG] Actor Created ID: 69
[DIAG] Actor smartMove type: function
[DIAG] Actor smartMove body snapshot: smartMove(tx, tz, time, depth = 0) {
    if (isNaN(tx) || isNaN(tz)) {
      console.error(`[Actor $
[UnitCore.js] Unit Created ID:69 Role:fisher Pos:10,10 Special:false
[UnitCore.js] Unit Created ID:69 Role:fisher Pos:10,10
[UnitCore.js] Unit Construction Finished ID:69
Spawned worker linked to house at 10,10 SquadID:null
[Entity 70] CONSTRUCTOR START: type=unit at 10,10
[Entity 70] Calling registerEntity...
[Entity 70] registerEntity returned.
[Entity 70] Calling updatePosition...
[Entity 70] updatePosition returned.
[DIAG] Actor Created ID: 70
[DIAG] Actor smartMove type: function
[DIAG] Actor smartMove body snapshot: smartMove(tx, tz, time, depth = 0) {
    if (isNaN(tx) || isNaN(tz)) {
      console.error(`[Actor $
[UnitCore.js] Unit Created ID:70 Role:worker Pos:10,10 Special:false
[UnitCore.js] Unit Created ID:70 Role:worker Pos:10,10
[UnitCore.js] Unit Construction Finished ID:70
Spawned hunter linked to house at 10,10 SquadID:null
[Entity 71] CONSTRUCTOR START: type=unit at 10,10
[Entity 71] Calling registerEntity...
[Entity 71] registerEntity returned.
[Entity 71] Calling updatePosition...
[Entity 71] updatePosition returned.
[DIAG] Actor Created ID: 71
[DIAG] Actor smartMove type: function
[DIAG] Actor smartMove body snapshot: smartMove(tx, tz, time, depth = 0) {
    if (isNaN(tx) || isNaN(tz)) {
      console.error(`[Actor $
[UnitCore.js] Unit Created ID:71 Role:hunter Pos:10,10 Special:false
[UnitCore.js] Unit Created ID:71 Role:hunter Pos:10,10
[UnitCore.js] Unit Construction Finished ID:71
Spawned worker linked to house at 10,10 SquadID:null
[Entity 72] CONSTRUCTOR START: type=unit at 10,10
[Entity 72] Calling registerEntity...
[Entity 72] registerEntity returned.
[Entity 72] Calling updatePosition...
[Entity 72] updatePosition returned.
[DIAG] Actor Created ID: 72
[DIAG] Actor smartMove type: function
[DIAG] Actor smartMove body snapshot: smartMove(tx, tz, time, depth = 0) {
    if (isNaN(tx) || isNaN(tz)) {
      console.error(`[Actor $
[UnitCore.js] Unit Created ID:72 Role:worker Pos:10,10 Special:false
[UnitCore.js] Unit Created ID:72 Role:worker Pos:10,10
[UnitCore.js] Unit Construction Finished ID:72
Spawned fisher linked to house at 10,10 SquadID:null
[Entity 73] CONSTRUCTOR START: type=unit at 10,10
[Entity 73] Calling registerEntity...
[Entity 73] registerEntity returned.
[Entity 73] Calling updatePosition...
[Entity 73] updatePosition returned.
[DIAG] Actor Created ID: 73
[DIAG] Actor smartMove type: function
[DIAG] Actor smartMove body snapshot: smartMove(tx, tz, time, depth = 0) {
    if (isNaN(tx) || isNaN(tz)) {
      console.error(`[Actor $
[UnitCore.js] Unit Created ID:73 Role:fisher Pos:10,10 Special:false
[UnitCore.js] Unit Created ID:73 Role:fisher Pos:10,10
[UnitCore.js] Unit Construction Finished ID:73
Spawned fisher linked to house at 10,10 SquadID:null
[Entity 74] CONSTRUCTOR START: type=unit at 10,10
[Entity 74] Calling registerEntity...
[Entity 74] registerEntity returned.
[Entity 74] Calling updatePosition...
[Entity 74] updatePosition returned.
[DIAG] Actor Created ID: 74
[DIAG] Actor smartMove type: function
[DIAG] Actor smartMove body snapshot: smartMove(tx, tz, time, depth = 0) {
    if (isNaN(tx) || isNaN(tz)) {
      console.error(`[Actor $
[UnitCore.js] Unit Created ID:74 Role:fisher Pos:10,10 Special:false
[UnitCore.js] Unit Created ID:74 Role:fisher Pos:10,10
[UnitCore.js] Unit Construction Finished ID:74
Spawned fisher linked to house at 10,10 SquadID:null
[Entity 75] CONSTRUCTOR START: type=unit at 10,10
[Entity 75] Calling registerEntity...
[Entity 75] registerEntity returned.
[Entity 75] Calling updatePosition...
[Entity 75] updatePosition returned.
[DIAG] Actor Created ID: 75
[DIAG] Actor smartMove type: function
[DIAG] Actor smartMove body snapshot: smartMove(tx, tz, time, depth = 0) {
    if (isNaN(tx) || isNaN(tz)) {
      console.error(`[Actor $
[UnitCore.js] Unit Created ID:75 Role:fisher Pos:10,10 Special:false
[UnitCore.js] Unit Created ID:75 Role:fisher Pos:10,10
[UnitCore.js] Unit Construction Finished ID:75
Spawned worker linked to house at 10,10 SquadID:null
[Entity 76] CONSTRUCTOR START: type=unit at 10,10
[Entity 76] Calling registerEntity...
[Entity 76] registerEntity returned.
[Entity 76] Calling updatePosition...
[Entity 76] updatePosition returned.
[DIAG] Actor Created ID: 76
[DIAG] Actor smartMove type: function
[DIAG] Actor smartMove body snapshot: smartMove(tx, tz, time, depth = 0) {
    if (isNaN(tx) || isNaN(tz)) {
      console.error(`[Actor $
[UnitCore.js] Unit Created ID:76 Role:worker Pos:10,10 Special:false
[UnitCore.js] Unit Created ID:76 Role:worker Pos:10,10
[UnitCore.js] Unit Construction Finished ID:76
Spawned hunter linked to house at 10,10 SquadID:null
[Entity 77] CONSTRUCTOR START: type=unit at 10,10
[Entity 77] Calling registerEntity...
[Entity 77] registerEntity returned.
[Entity 77] Calling updatePosition...
[Entity 77] updatePosition returned.
[DIAG] Actor Created ID: 77
[DIAG] Actor smartMove type: function
[DIAG] Actor smartMove body snapshot: smartMove(tx, tz, time, depth = 0) {
    if (isNaN(tx) || isNaN(tz)) {
      console.error(`[Actor $
[UnitCore.js] Unit Created ID:77 Role:hunter Pos:10,10 Special:false
[UnitCore.js] Unit Created ID:77 Role:hunter Pos:10,10
[UnitCore.js] Unit Construction Finished ID:77
Spawned fisher linked to house at 10,10 SquadID:null
[Entity 78] CONSTRUCTOR START: type=unit at 10,10
[Entity 78] Calling registerEntity...
[Entity 78] registerEntity returned.
[Entity 78] Calling updatePosition...
[Entity 78] updatePosition returned.
[DIAG] Actor Created ID: 78
[DIAG] Actor smartMove type: function
[DIAG] Actor smartMove body snapshot: smartMove(tx, tz, time, depth = 0) {
    if (isNaN(tx) || isNaN(tz)) {
      console.error(`[Actor $
[UnitCore.js] Unit Created ID:78 Role:fisher Pos:10,10 Special:false
[UnitCore.js] Unit Created ID:78 Role:fisher Pos:10,10
[UnitCore.js] Unit Construction Finished ID:78
Spawned fisher linked to house at 10,10 SquadID:null
[Entity 79] CONSTRUCTOR START: type=unit at 10,10
[Entity 79] Calling registerEntity...
[Entity 79] registerEntity returned.
[Entity 79] Calling updatePosition...
[Entity 79] updatePosition returned.
[DIAG] Actor Created ID: 79
[DIAG] Actor smartMove type: function
[DIAG] Actor smartMove body snapshot: smartMove(tx, tz, time, depth = 0) {
    if (isNaN(tx) || isNaN(tz)) {
      console.error(`[Actor $
[UnitCore.js] Unit Created ID:79 Role:fisher Pos:10,10 Special:false
[UnitCore.js] Unit Created ID:79 Role:fisher Pos:10,10
[UnitCore.js] Unit Construction Finished ID:79
Spawned worker linked to house at 10,10 SquadID:null
[Entity 80] CONSTRUCTOR START: type=unit at 10,10
[Entity 80] Calling registerEntity...
[Entity 80] registerEntity returned.
[Entity 80] Calling updatePosition...
[Entity 80] updatePosition returned.
[DIAG] Actor Created ID: 80
[DIAG] Actor smartMove type: function
[DIAG] Actor smartMove body snapshot: smartMove(tx, tz, time, depth = 0) {
    if (isNaN(tx) || isNaN(tz)) {
      console.error(`[Actor $
[UnitCore.js] Unit Created ID:80 Role:worker Pos:10,10 Special:false
[UnitCore.js] Unit Created ID:80 Role:worker Pos:10,10
[UnitCore.js] Unit Construction Finished ID:80
Spawned fisher linked to house at 10,10 SquadID:null
[Entity 81] CONSTRUCTOR START: type=unit at 10,10
[Entity 81] Calling registerEntity...
[Entity 81] registerEntity returned.
[Entity 81] Calling updatePosition...
[Entity 81] updatePosition returned.
[DIAG] Actor Created ID: 81
[DIAG] Actor smartMove type: function
[DIAG] Actor smartMove body snapshot: smartMove(tx, tz, time, depth = 0) {
    if (isNaN(tx) || isNaN(tz)) {
      console.error(`[Actor $
[UnitCore.js] Unit Created ID:81 Role:fisher Pos:10,10 Special:false
[UnitCore.js] Unit Created ID:81 Role:fisher Pos:10,10
[UnitCore.js] Unit Construction Finished ID:81
Spawned worker linked to house at 10,10 SquadID:null
[Entity 82] CONSTRUCTOR START: type=unit at 10,10
[Entity 82] Calling registerEntity...
[Entity 82] registerEntity returned.
[Entity 82] Calling updatePosition...
[Entity 82] updatePosition returned.
[DIAG] Actor Created ID: 82
[DIAG] Actor smartMove type: function
[DIAG] Actor smartMove body snapshot: smartMove(tx, tz, time, depth = 0) {
    if (isNaN(tx) || isNaN(tz)) {
      console.error(`[Actor $
[UnitCore.js] Unit Created ID:82 Role:worker Pos:10,10 Special:false
[UnitCore.js] Unit Created ID:82 Role:worker Pos:10,10
[UnitCore.js] Unit Construction Finished ID:82
Spawned fisher linked to house at 10,10 SquadID:null
[Entity 83] CONSTRUCTOR START: type=unit at 10,10
[Entity 83] Calling registerEntity...
[Entity 83] registerEntity returned.
[Entity 83] Calling updatePosition...
[Entity 83] updatePosition returned.
[DIAG] Actor Created ID: 83
[DIAG] Actor smartMove type: function
[DIAG] Actor smartMove body snapshot: smartMove(tx, tz, time, depth = 0) {
    if (isNaN(tx) || isNaN(tz)) {
      console.error(`[Actor $
[UnitCore.js] Unit Created ID:83 Role:fisher Pos:10,10 Special:false
[UnitCore.js] Unit Created ID:83 Role:fisher Pos:10,10
[UnitCore.js] Unit Construction Finished ID:83
Spawned fisher linked to house at 10,10 SquadID:null
[Entity 84] CONSTRUCTOR START: type=unit at 10,10
[Entity 84] Calling registerEntity...
[Entity 84] registerEntity returned.
[Entity 84] Calling updatePosition...
[Entity 84] updatePosition returned.
[DIAG] Actor Created ID: 84
[DIAG] Actor smartMove type: function
[DIAG] Actor smartMove body snapshot: smartMove(tx, tz, time, depth = 0) {
    if (isNaN(tx) || isNaN(tz)) {
      console.error(`[Actor $
[UnitCore.js] Unit Created ID:84 Role:fisher Pos:10,10 Special:false
[UnitCore.js] Unit Created ID:84 Role:fisher Pos:10,10
[UnitCore.js] Unit Construction Finished ID:84
Spawned fisher linked to house at 10,10 SquadID:null
[Entity 85] CONSTRUCTOR START: type=unit at 10,10
[Entity 85] Calling registerEntity...
[Entity 85] registerEntity returned.
[Entity 85] Calling updatePosition...
[Entity 85] updatePosition returned.
[DIAG] Actor Created ID: 85
[DIAG] Actor smartMove type: function
[DIAG] Actor smartMove body snapshot: smartMove(tx, tz, time, depth = 0) {
    if (isNaN(tx) || isNaN(tz)) {
      console.error(`[Actor $
[UnitCore.js] Unit Created ID:85 Role:fisher Pos:10,10 Special:false
[UnitCore.js] Unit Created ID:85 Role:fisher Pos:10,10
[UnitCore.js] Unit Construction Finished ID:85
Spawned fisher linked to house at 10,10 SquadID:null
[Entity 86] CONSTRUCTOR START: type=unit at 10,10
[Entity 86] Calling registerEntity...
[Entity 86] registerEntity returned.
[Entity 86] Calling updatePosition...
[Entity 86] updatePosition returned.
[DIAG] Actor Created ID: 86
[DIAG] Actor smartMove type: function
[DIAG] Actor smartMove body snapshot: smartMove(tx, tz, time, depth = 0) {
    if (isNaN(tx) || isNaN(tz)) {
      console.error(`[Actor $
[UnitCore.js] Unit Created ID:86 Role:fisher Pos:10,10 Special:false
[UnitCore.js] Unit Created ID:86 Role:fisher Pos:10,10
[UnitCore.js] Unit Construction Finished ID:86
Spawned worker linked to house at 10,10 SquadID:null
[Entity 87] CONSTRUCTOR START: type=unit at 10,10
[Entity 87] Calling registerEntity...
[Entity 87] registerEntity returned.
[Entity 87] Calling updatePosition...
[Entity 87] updatePosition returned.
[DIAG] Actor Created ID: 87
[DIAG] Actor smartMove type: function
[DIAG] Actor smartMove body snapshot: smartMove(tx, tz, time, depth = 0) {
    if (isNaN(tx) || isNaN(tz)) {
      console.error(`[Actor $
[UnitCore.js] Unit Created ID:87 Role:worker Pos:10,10 Special:false
[UnitCore.js] Unit Created ID:87 Role:worker Pos:10,10
[UnitCore.js] Unit Construction Finished ID:87
Spawned fisher linked to house at 10,10 SquadID:null
[Entity 88] CONSTRUCTOR START: type=unit at 10,10
[Entity 88] Calling registerEntity...
[Entity 88] registerEntity returned.
[Entity 88] Calling updatePosition...
[Entity 88] updatePosition returned.
[DIAG] Actor Created ID: 88
[DIAG] Actor smartMove type: function
[DIAG] Actor smartMove body snapshot: smartMove(tx, tz, time, depth = 0) {
    if (isNaN(tx) || isNaN(tz)) {
      console.error(`[Actor $
[UnitCore.js] Unit Created ID:88 Role:fisher Pos:10,10 Special:false
[UnitCore.js] Unit Created ID:88 Role:fisher Pos:10,10
[UnitCore.js] Unit Construction Finished ID:88
Spawned worker linked to house at 10,10 SquadID:null
[Entity 89] CONSTRUCTOR START: type=unit at 10,10
[Entity 89] Calling registerEntity...
[Entity 89] registerEntity returned.
[Entity 89] Calling updatePosition...
[Entity 89] updatePosition returned.
[DIAG] Actor Created ID: 89
[DIAG] Actor smartMove type: function
[DIAG] Actor smartMove body snapshot: smartMove(tx, tz, time, depth = 0) {
    if (isNaN(tx) || isNaN(tz)) {
      console.error(`[Actor $
[UnitCore.js] Unit Created ID:89 Role:worker Pos:10,10 Special:false
[UnitCore.js] Unit Created ID:89 Role:worker Pos:10,10
[UnitCore.js] Unit Construction Finished ID:89
Spawned fisher linked to house at 10,10 SquadID:null
[Entity 90] CONSTRUCTOR START: type=unit at 10,10
[Entity 90] Calling registerEntity...
[Entity 90] registerEntity returned.
[Entity 90] Calling updatePosition...
[Entity 90] updatePosition returned.
[DIAG] Actor Created ID: 90
[DIAG] Actor smartMove type: function
[DIAG] Actor smartMove body snapshot: smartMove(tx, tz, time, depth = 0) {
    if (isNaN(tx) || isNaN(tz)) {
      console.error(`[Actor $
[UnitCore.js] Unit Created ID:90 Role:fisher Pos:10,10 Special:false
[UnitCore.js] Unit Created ID:90 Role:fisher Pos:10,10
[UnitCore.js] Unit Construction Finished ID:90
Spawned hunter linked to house at 10,10 SquadID:null
[Entity 91] CONSTRUCTOR START: type=unit at 10,10
[Entity 91] Calling registerEntity...
[Entity 91] registerEntity returned.
[Entity 91] Calling updatePosition...
[Entity 91] updatePosition returned.
[DIAG] Actor Created ID: 91
[DIAG] Actor smartMove type: function
[DIAG] Actor smartMove body snapshot: smartMove(tx, tz, time, depth = 0) {
    if (isNaN(tx) || isNaN(tz)) {
      console.error(`[Actor $
[UnitCore.js] Unit Created ID:91 Role:hunter Pos:10,10 Special:false
[UnitCore.js] Unit Created ID:91 Role:hunter Pos:10,10
[UnitCore.js] Unit Construction Finished ID:91
Spawned hunter linked to house at 10,10 SquadID:null
[Entity 92] CONSTRUCTOR START: type=unit at 10,10
[Entity 92] Calling registerEntity...
[Entity 92] registerEntity returned.
[Entity 92] Calling updatePosition...
[Entity 92] updatePosition returned.
[DIAG] Actor Created ID: 92
[DIAG] Actor smartMove type: function
[DIAG] Actor smartMove body snapshot: smartMove(tx, tz, time, depth = 0) {
    if (isNaN(tx) || isNaN(tz)) {
      console.error(`[Actor $
[UnitCore.js] Unit Created ID:92 Role:hunter Pos:10,10 Special:false
[UnitCore.js] Unit Created ID:92 Role:hunter Pos:10,10
[UnitCore.js] Unit Construction Finished ID:92
Spawned worker linked to house at 10,10 SquadID:null
[Entity 93] CONSTRUCTOR START: type=unit at 10,10
[Entity 93] Calling registerEntity...
[Entity 93] registerEntity returned.
[Entity 93] Calling updatePosition...
[Entity 93] updatePosition returned.
[DIAG] Actor Created ID: 93
[DIAG] Actor smartMove type: function
[DIAG] Actor smartMove body snapshot: smartMove(tx, tz, time, depth = 0) {
    if (isNaN(tx) || isNaN(tz)) {
      console.error(`[Actor $
[UnitCore.js] Unit Created ID:93 Role:worker Pos:10,10 Special:false
[UnitCore.js] Unit Created ID:93 Role:worker Pos:10,10
[UnitCore.js] Unit Construction Finished ID:93
Spawned worker linked to house at 10,10 SquadID:null
[Entity 94] CONSTRUCTOR START: type=unit at 10,10
[Entity 94] Calling registerEntity...
[Entity 94] registerEntity returned.
[Entity 94] Calling updatePosition...
[Entity 94] updatePosition returned.
[DIAG] Actor Created ID: 94
[DIAG] Actor smartMove type: function
[DIAG] Actor smartMove body snapshot: smartMove(tx, tz, time, depth = 0) {
    if (isNaN(tx) || isNaN(tz)) {
      console.error(`[Actor $
[UnitCore.js] Unit Created ID:94 Role:worker Pos:10,10 Special:false
[UnitCore.js] Unit Created ID:94 Role:worker Pos:10,10
[UnitCore.js] Unit Construction Finished ID:94
Spawned worker linked to house at 10,10 SquadID:null
[Entity 95] CONSTRUCTOR START: type=unit at 10,10
[Entity 95] Calling registerEntity...
[Entity 95] registerEntity returned.
[Entity 95] Calling updatePosition...
[Entity 95] updatePosition returned.
[DIAG] Actor Created ID: 95
[DIAG] Actor smartMove type: function
[DIAG] Actor smartMove body snapshot: smartMove(tx, tz, time, depth = 0) {
    if (isNaN(tx) || isNaN(tz)) {
      console.error(`[Actor $
[UnitCore.js] Unit Created ID:95 Role:worker Pos:10,10 Special:false
[UnitCore.js] Unit Created ID:95 Role:worker Pos:10,10
[UnitCore.js] Unit Construction Finished ID:95
Spawned worker linked to house at 10,10 SquadID:null
[Entity 96] CONSTRUCTOR START: type=unit at 10,10
[Entity 96] Calling registerEntity...
[Entity 96] registerEntity returned.
[Entity 96] Calling updatePosition...
[Entity 96] updatePosition returned.
[DIAG] Actor Created ID: 96
[DIAG] Actor smartMove type: function
[DIAG] Actor smartMove body snapshot: smartMove(tx, tz, time, depth = 0) {
    if (isNaN(tx) || isNaN(tz)) {
      console.error(`[Actor $
[UnitCore.js] Unit Created ID:96 Role:worker Pos:10,10 Special:false
[UnitCore.js] Unit Created ID:96 Role:worker Pos:10,10
[UnitCore.js] Unit Construction Finished ID:96
Spawned fisher linked to house at 10,10 SquadID:null
[Entity 97] CONSTRUCTOR START: type=unit at 10,10
[Entity 97] Calling registerEntity...
[Entity 97] registerEntity returned.
[Entity 97] Calling updatePosition...
[Entity 97] updatePosition returned.
[DIAG] Actor Created ID: 97
[DIAG] Actor smartMove type: function
[DIAG] Actor smartMove body snapshot: smartMove(tx, tz, time, depth = 0) {
    if (isNaN(tx) || isNaN(tz)) {
      console.error(`[Actor $
[UnitCore.js] Unit Created ID:97 Role:fisher Pos:10,10 Special:false
[UnitCore.js] Unit Created ID:97 Role:fisher Pos:10,10
[UnitCore.js] Unit Construction Finished ID:97
Spawned hunter linked to house at 10,10 SquadID:null
[Entity 98] CONSTRUCTOR START: type=unit at 10,10
[Entity 98] Calling registerEntity...
[Entity 98] registerEntity returned.
[Entity 98] Calling updatePosition...
[Entity 98] updatePosition returned.
[DIAG] Actor Created ID: 98
[DIAG] Actor smartMove type: function
[DIAG] Actor smartMove body snapshot: smartMove(tx, tz, time, depth = 0) {
    if (isNaN(tx) || isNaN(tz)) {
      console.error(`[Actor $
[UnitCore.js] Unit Created ID:98 Role:hunter Pos:10,10 Special:false
[UnitCore.js] Unit Created ID:98 Role:hunter Pos:10,10
[UnitCore.js] Unit Construction Finished ID:98
Spawned worker linked to house at 10,10 SquadID:null
[Entity 99] CONSTRUCTOR START: type=unit at 10,10
[Entity 99] Calling registerEntity...
[Entity 99] registerEntity returned.
[Entity 99] Calling updatePosition...
[Entity 99] updatePosition returned.
[DIAG] Actor Created ID: 99
[DIAG] Actor smartMove type: function
[DIAG] Actor smartMove body snapshot: smartMove(tx, tz, time, depth = 0) {
    if (isNaN(tx) || isNaN(tz)) {
      console.error(`[Actor $
[UnitCore.js] Unit Created ID:99 Role:worker Pos:10,10 Special:false
[UnitCore.js] Unit Created ID:99 Role:worker Pos:10,10
[UnitCore.js] Unit Construction Finished ID:99
Spawn Distribution (100 runs): { worker: [33m50[39m, hunter: [33m16[39m, fisher: [33m34[39m }

[90mstdout[2m | src/tests/WorkerDiversity.test.js[2m > [22m[2mWorker Diversity Spawning[2m > [22m[2mshould spawn Knights from Barracks
[22m[39mSpawned knight linked to barracks at 10,10 SquadID:null
[Entity 100] CONSTRUCTOR START: type=unit at 10,10
[Entity 100] Calling registerEntity...
[Entity 100] registerEntity returned.
[Entity 100] Calling updatePosition...
[Entity 100] updatePosition returned.
[DIAG] Actor Created ID: 100
[DIAG] Actor smartMove type: function
[DIAG] Actor smartMove body snapshot: smartMove(tx, tz, time, depth = 0) {
    if (isNaN(tx) || isNaN(tz)) {
      console.error(`[Actor $
[UnitCore.js] Unit Created ID:100 Role:knight Pos:10,10 Special:false
[UnitCore.js] Unit Created ID:100 Role:knight Pos:10,10
[UnitCore.js] Unit Construction Finished ID:100

[90mstdout[2m | src/tests/WorkerDiversity.test.js[2m > [22m[2mWorker Diversity Spawning[2m > [22m[2mshould spawn Wizards from Towers
[22m[39mSpawned wizard linked to tower at 10,10 SquadID:null
[Entity 101] CONSTRUCTOR START: type=unit at 10,10
[Entity 101] Calling registerEntity...
[Entity 101] registerEntity returned.
[Entity 101] Calling updatePosition...
[Entity 101] updatePosition returned.
[DIAG] Actor Created ID: 101
[DIAG] Actor smartMove type: function
[DIAG] Actor smartMove body snapshot: smartMove(tx, tz, time, depth = 0) {
    if (isNaN(tx) || isNaN(tz)) {
      console.error(`[Actor $
[UnitCore.js] Unit Created ID:101 Role:wizard Pos:10,10 Special:false
[UnitCore.js] Unit Created ID:101 Role:wizard Pos:10,10
[UnitCore.js] Unit Construction Finished ID:101

 [32m笨・[39m src/tests/WorkerDiversity.test.js [2m([22m[2m3 tests[22m[2m)[22m[32m 61[2mms[22m[39m
 [31m笶ｯ[39m src/tests/UnitVisibility.test.js [2m([22m[2m2 tests[22m[2m | [22m[31m2 failed[39m[2m)[22m[32m 26[2mms[22m[39m
[31m     [31mﾃ・[31m should set matrix with valid scale when unit is visible[39m[32m 20[2mms[22m[39m
[31m     [31mﾃ・[31m should render correct count of instances[39m[32m 4[2mms[22m[39m
[90mstdout[2m | src/tests/StuckAndMarker.test.js
[22m[39m[DEBUG] Actor.ts loaded

[90mstdout[2m | src/tests/CounterBalance.test.js
[22m[39m[DEBUG] Building.ts loaded

[90mstdout[2m | src/tests/CounterBalance.test.js
[22m[39m[DEBUG] Terrain.ts top-level load

[90mstdout[2m | src/tests/CounterBalance.test.js
[22m[39m[DEBUG] Actor.ts loaded

[90mstdout[2m | src/tests/CounterBalance.test.js
[22m[39m[DEBUG] Goblin.ts loaded

[90mstdout[2m | src/tests/CounterBalance.test.js
[22m[39m[Import Debug] Raid: function, Combat: function, Wander: function

[90mstdout[2m | src/tests/StuckAndMarker.test.js
[22m[39m[DEBUG] Game.ts top-level load

[90mstdout[2m | src/tests/StuckAndMarker.test.js[2m > [22m[2mStuck and Marker Debugging[2m > [22m[2mshould move IMMEDIATELY when assigned a job (no 3s delay)
[22m[39m[Game] Init SphereGeometry
[Game] Initializing Full Three.js components...
[Game] Debug Levels: [
  {
    levelId: [33m1[39m,
    title: [32m'The Beginning'[39m,
    mapWidth: [33m120[39m,
    mapDepth: [33m120[39m,
    initialState: {
      unitCount: [33m1[39m,
      hasEnemyBase: [33mfalse[39m,
      hasEnemyGuard: [33mfalse[39m,
      goblinCaves: [33m1[39m
    },
    generation: {
      rockHeight: [33m9[39m,
      moistureBase: [33m0.55[39m,
      treeDensity: [33m0.2[39m,
      landRatio: [33m0.6[39m
    }
  },
  {
    levelId: [33m2[39m,
    title: [32m'Expansion'[39m,
    mapWidth: [33m120[39m,
    mapDepth: [33m120[39m,
    initialState: {
      unitCount: [33m5[39m,
      hasEnemyBase: [33mtrue[39m,
      hasEnemyGuard: [33mfalse[39m,
      goblinCaves: [33m3[39m
    },
    generation: {
      rockHeight: [33m12[39m,
      moistureBase: [33m0.4[39m,
      treeDensity: [33m0.8[39m,
      landRatio: [33m0.6[39m
    }
  },
  {
    levelId: [33m3[39m,
    title: [32m'Warfare'[39m,
    mapWidth: [33m160[39m,
    mapDepth: [33m160[39m,
    initialState: {
      unitCount: [33m8[39m,
      hasEnemyBase: [33mtrue[39m,
      hasEnemyGuard: [33mtrue[39m,
      goblinCaves: [33m5[39m
    },
    generation: {
      rockHeight: [33m10[39m,
      moistureBase: [33m0.6[39m,
      treeDensity: [33m1[39m,
      landRatio: [33m0.4[39m
    }
  }
]
[Game] Init CloudManager
[Game] Init BirdManager
[Game] Init SheepManager
[Game] Init GoblinManager
[Game] Init FishManager
[Game] Init Minimap
[Game] Init Compass
[Game] Init WeatherManager
[Game] Init SeaDecorationRenderer
[Game] Init UnitRenderer
[Game] Init BuildingRenderer
[Game] Init GoblinRenderer
[Game] Init TreeRenderer
[Game] Init PerformanceMonitor
[Game] Initializing Start Screen Listeners...

stderr | src/tests/StuckAndMarker.test.js > Stuck and Marker Debugging > should move IMMEDIATELY when assigned a job (no 3s delay)
[FATAL_GAME_LOOP] TypeError: this.terrain.resetPathfindingBudget is not a function
    at Game.update (C:/Users/mooya/develop/test/src/Game.ts:2182:26)
    at Game.animate (C:/Users/mooya/develop/test/src/Game.ts:2542:18)
    at C:/Users/mooya/develop/test/src/Game.ts:702:18
    at new Game (C:/Users/mooya/develop/test/src/Game.ts:707:9)
    at C:/Users/mooya/develop/test/src/tests/StuckAndMarker.test.js:138:16
    at file:///C:/Users/mooya/develop/test/node_modules/@vitest/runner/dist/index.js:145:11
    at file:///C:/Users/mooya/develop/test/node_modules/@vitest/runner/dist/index.js:1240:20
    at new Promise (<anonymous>)
    at runWithTimeout (file:///C:/Users/mooya/develop/test/node_modules/@vitest/runner/dist/index.js:1206:10)
    at runHook (file:///C:/Users/mooya/develop/test/node_modules/@vitest/runner/dist/index.js:1511:51)

[90mstdout[2m | src/tests/CounterBalance.test.js
[22m[39m[DEBUG] Game.ts top-level load

[90mstdout[2m | src/tests/StuckAndMarker.test.js[2m > [22m[2mStuck and Marker Debugging[2m > [22m[2mshould move IMMEDIATELY when assigned a job (no 3s delay)
[22m[39m[Entity 0] CONSTRUCTOR START: type=unit at 10,10
[Entity 0] Calling updatePosition...
[Entity 0] updatePosition returned.
[DIAG] Actor Created ID: 0
[DIAG] Actor smartMove type: function
[DIAG] Actor smartMove body snapshot: smartMove(tx, tz, time, depth = 0) {
    if (isNaN(tx) || isNaN(tz)) {
      console.error(`[Actor $
[UnitCore.js] Unit Created ID:0 Role:worker Pos:10,10 Special:false
[Unit 0] State Change: None -> Wander
[UnitCore.js] Unit Created ID:0 Role:worker Pos:10,10
[UnitCore.js] Unit Construction Finished ID:0
[Actor 0] Resetting Unreachable (Target changed or initializing)
[Game] Request Added: move at (50,50) ID:req_0
[Game] No worker in radius 80 for Manual Req req_0. Trying Global Scan...
[Unit 0] State Change: Wander -> Job
[Actor 0] Resetting Unreachable (Target changed or initializing)
[Test Debug] Calling assignRequestSync...
[Actor 0] Pathfinding SUCCESS: Got 2 nodes to 50,50
[Entity 0] startMove -> isMoving:true. Target:11,11 StartTime:0.0000

stderr | src/tests/StuckAndMarker.test.js > Stuck and Marker Debugging > should move IMMEDIATELY when assigned a job (no 3s delay)
[Game] Warning: markerMaterial missing or invalid. Using fallback.

[90mstdout[2m | src/tests/StuckAndMarker.test.js[2m > [22m[2mStuck and Marker Debugging[2m > [22m[2mshould move IMMEDIATELY when assigned a job (no 3s delay)
[22m[39m[Test Debug] isMoving: true, PathLen: 2, State: Job

[90mstdout[2m | src/tests/StuckAndMarker.test.js[2m > [22m[2mStuck and Marker Debugging[2m > [22m[2mshould move IMMEDIATELY when assigned a job (no 3s delay)
[22m[39m[Entity 0] updateMovement ARRIVAL -> isMoving:false. Time:0.8040 StartTime:0.0000 Dur:0.8000 PrevGrid:10,10 Target:11,11
[Entity 0] startMove -> isMoving:true. Target:50,50 StartTime:0.8040

 [32m笨・[39m src/tests/StuckAndMarker.test.js [2m([22m[2m1 test[22m[2m)[22m[32m 77[2mms[22m[39m
stderr | Game.logErrorThrottle (C:\Users\mooya\develop\test\src\Game.ts:2171:21)
[FATAL_GAME_LOOP] TypeError: this.terrain.resetPathfindingBudget is not a function
    at Game.update (C:/Users/mooya/develop/test/src/Game.ts:2182:26)
    at Game.animate (C:/Users/mooya/develop/test/src/Game.ts:2542:18)
    at Immediate._onImmediate (file:///C:/Users/mooya/develop/test/node_modules/happy-dom/lib/window/BrowserWindow.js:1354:17)
    at processImmediate (node:internal/timers:485:21)

stderr | Game.logErrorThrottle (C:\Users\mooya\develop\test\src\Game.ts:2171:21)
[FATAL_GAME_LOOP] TypeError: this.terrain.resetPathfindingBudget is not a function
    at Game.update (C:/Users/mooya/develop/test/src/Game.ts:2182:26)
    at Game.animate (C:/Users/mooya/develop/test/src/Game.ts:2542:18)
    at Immediate._onImmediate (file:///C:/Users/mooya/develop/test/node_modules/happy-dom/lib/window/BrowserWindow.js:1354:17)
    at processImmediate (node:internal/timers:485:21)

[90mstdout[2m | src/tests/CounterBalance.test.js[2m > [22m[2mCounter Damage Nerf Verification[2m > [22m[2mGoblin Counter should do 50% damage
[22m[39m[Game] Init SphereGeometry
[Game] Minimal/Override Init Start
[Game] Minimal: Init Clock
[Game FORCE CONST 1] Assigning terrainOverride to this.terrain
[Game] Minimal: Init Managers
[Game] Minimal: Init GoblinManager
[GoblinManager] 5蛟九・豢樒ｪ溘ｒ逕滓・荳ｭ...
[GoblinManager] DETERMINISM: generateCaves start. rngState=undefined
[GoblinManager] DETERMINISM: Attempt 1: Rnd(0.602703, 0.248393) -> Grid(96, 39) rngState=undefined
[GoblinManager] DETERMINISM: Attempt 2: Rnd(0.668191, 0.594700) -> Grid(106, 95) rngState=undefined
[GoblinManager] DETERMINISM: Attempt 3: Rnd(0.867056, 0.395007) -> Grid(138, 63) rngState=undefined
[GoblinManager] 豢樒ｪ溽函謌仙ｮ御ｺ・ 0/5 (隧ｦ陦悟屓謨ｰ: 5000)
[Game] Minimal: Init EnemyAI
[Game] Minimal: Done. Returning.
[GoblinManager] 5蛟九・豢樒ｪ溘ｒ逕滓・荳ｭ...
[GoblinManager] DETERMINISM: generateCaves start. rngState=undefined
[GoblinManager] DETERMINISM: Attempt 1: Rnd(0.940043, 0.366791) -> Grid(150, 58) rngState=undefined
[GoblinManager] DETERMINISM: Attempt 2: Rnd(0.636186, 0.616682) -> Grid(101, 98) rngState=undefined
[GoblinManager] DETERMINISM: Attempt 3: Rnd(0.928307, 0.844236) -> Grid(148, 135) rngState=undefined
[GoblinManager] 豢樒ｪ溽函謌仙ｮ御ｺ・ 0/5 (隧ｦ陦悟屓謨ｰ: 5000)

[90mstdout[2m | src/tests/CounterBalance.test.js[2m > [22m[2mCounter Damage Nerf Verification[2m > [22m[2mGoblin Counter should do 50% damage
[22m[39m[Entity 0] CONSTRUCTOR START: type=unit at 10,10
[Entity 0] Calling registerEntity...
[Entity 0] registerEntity returned.
[Entity 0] Calling updatePosition...
[Entity 0] updatePosition returned.
[DIAG] Actor Created ID: 0
[DIAG] Actor smartMove type: function
[DIAG] Actor smartMove body snapshot: smartMove(tx, tz, time, depth = 0) {
    if (isNaN(tx) || isNaN(tz)) {
      console.error(`[Actor $
[UnitCore.js] Unit Created ID:0 Role:knight Pos:10,10 Special:false
[Unit 0] State Change: None -> Wander
[UnitCore.js] Unit Created ID:0 Role:knight Pos:10,10
[UnitCore.js] Unit Construction Finished ID:0
[Entity 1] CONSTRUCTOR START: type=goblin at 10,10
[Entity 1] Calling registerEntity...
[Entity 1] registerEntity returned.
[Entity 1] Calling updatePosition...
[Entity 1] updatePosition returned.
[DIAG] Actor Created ID: 1
[DIAG] Actor smartMove type: function
[DIAG] Actor smartMove body snapshot: smartMove(tx, tz, time, depth = 0) {
    if (isNaN(tx) || isNaN(tz)) {
      console.error(`[Actor $
[Goblin 1] Death Counter! Hitting 0 
Goblin(normal) died.ID:1 

[90mstdout[2m | src/tests/CounterBalance.test.js[2m > [22m[2mCounter Damage Nerf Verification[2m > [22m[2mGoblin Counter should do 50% damage
[22m[39m[Game] Dispose called for Game Instance.

[90mstdout[2m | src/tests/CounterBalance.test.js[2m > [22m[2mCounter Damage Nerf Verification[2m > [22m[2mUnit Counter should do 50% damage
[22m[39m[Game] Init SphereGeometry
[Game] Minimal/Override Init Start
[Game] Minimal: Init Clock
[Game FORCE CONST 2] Assigning terrainOverride to this.terrain
[Game] Minimal: Init Managers
[Game] Minimal: Init GoblinManager
[GoblinManager] 5蛟九・豢樒ｪ溘ｒ逕滓・荳ｭ...
[GoblinManager] DETERMINISM: generateCaves start. rngState=undefined
[GoblinManager] DETERMINISM: Attempt 1: Rnd(0.993240, 0.271524) -> Grid(158, 43) rngState=undefined
[GoblinManager] DETERMINISM: Attempt 2: Rnd(0.053634, 0.752981) -> Grid(8, 120) rngState=undefined
[GoblinManager] DETERMINISM: Attempt 3: Rnd(0.712678, 0.034567) -> Grid(114, 5) rngState=undefined
[GoblinManager] 豢樒ｪ溽函謌仙ｮ御ｺ・ 0/5 (隧ｦ陦悟屓謨ｰ: 5000)
[Game] Minimal: Init EnemyAI
[Game] Minimal: Done. Returning.
[GoblinManager] 5蛟九・豢樒ｪ溘ｒ逕滓・荳ｭ...
[GoblinManager] DETERMINISM: generateCaves start. rngState=undefined
[GoblinManager] DETERMINISM: Attempt 1: Rnd(0.353249, 0.381096) -> Grid(56, 60) rngState=undefined
[GoblinManager] DETERMINISM: Attempt 2: Rnd(0.968719, 0.305162) -> Grid(154, 48) rngState=undefined
[GoblinManager] DETERMINISM: Attempt 3: Rnd(0.647215, 0.856333) -> Grid(103, 137) rngState=undefined
[GoblinManager] 豢樒ｪ溽函謌仙ｮ御ｺ・ 0/5 (隧ｦ陦悟屓謨ｰ: 5000)

[90mstdout[2m | src/tests/CounterBalance.test.js[2m > [22m[2mCounter Damage Nerf Verification[2m > [22m[2mUnit Counter should do 50% damage
[22m[39m[Entity 2] CONSTRUCTOR START: type=unit at 10,10
[Entity 2] Calling registerEntity...
[Entity 2] registerEntity returned.
[Entity 2] Calling updatePosition...
[Entity 2] updatePosition returned.
[DIAG] Actor Created ID: 2
[DIAG] Actor smartMove type: function
[DIAG] Actor smartMove body snapshot: smartMove(tx, tz, time, depth = 0) {
    if (isNaN(tx) || isNaN(tz)) {
      console.error(`[Actor $
[UnitCore.js] Unit Created ID:1 Role:knight Pos:10,10 Special:false
[UnitCore.js] Unit Created ID:1 Role:knight Pos:10,10
[UnitCore.js] Unit Construction Finished ID:1
[Entity 3] CONSTRUCTOR START: type=goblin at 10,10
[Entity 3] Calling registerEntity...
[Entity 3] registerEntity returned.
[Entity 3] Calling updatePosition...
[Entity 3] updatePosition returned.
[DIAG] Actor Created ID: 3
[DIAG] Actor smartMove type: function
[DIAG] Actor smartMove body snapshot: smartMove(tx, tz, time, depth = 0) {
    if (isNaN(tx) || isNaN(tz)) {
      console.error(`[Actor $
Unit 1 (knight) DIED. R.I.P.

[90mstdout[2m | src/tests/CounterBalance.test.js[2m > [22m[2mCounter Damage Nerf Verification[2m > [22m[2mUnit Counter should do 50% damage
[22m[39m[Game] Dispose called for Game Instance.

[90mstdout[2m | src/tests/CounterBalance.test.js[2m > [22m[2mCounter Damage Nerf Verification[2m > [22m[2mUnit hitting Building should take retaliation dmg
[22m[39m[Game] Init SphereGeometry
[Game] Minimal/Override Init Start
[Game] Minimal: Init Clock
[Game FORCE CONST 3] Assigning terrainOverride to this.terrain
[Game] Minimal: Init Managers
[Game] Minimal: Init GoblinManager
[GoblinManager] 5蛟九・豢樒ｪ溘ｒ逕滓・荳ｭ...
[GoblinManager] DETERMINISM: generateCaves start. rngState=undefined
[GoblinManager] DETERMINISM: Attempt 1: Rnd(0.418328, 0.273946) -> Grid(66, 43) rngState=undefined
[GoblinManager] DETERMINISM: Attempt 2: Rnd(0.857293, 0.630237) -> Grid(137, 100) rngState=undefined
[GoblinManager] DETERMINISM: Attempt 3: Rnd(0.799286, 0.648771) -> Grid(127, 103) rngState=undefined
[GoblinManager] 豢樒ｪ溽函謌仙ｮ御ｺ・ 0/5 (隧ｦ陦悟屓謨ｰ: 5000)
[Game] Minimal: Init EnemyAI
[Game] Minimal: Done. Returning.
[GoblinManager] 5蛟九・豢樒ｪ溘ｒ逕滓・荳ｭ...
[GoblinManager] DETERMINISM: generateCaves start. rngState=undefined
[GoblinManager] DETERMINISM: Attempt 1: Rnd(0.942178, 0.953441) -> Grid(150, 152) rngState=undefined
[GoblinManager] DETERMINISM: Attempt 2: Rnd(0.059722, 0.130085) -> Grid(9, 20) rngState=undefined
[GoblinManager] DETERMINISM: Attempt 3: Rnd(0.406950, 0.584600) -> Grid(65, 93) rngState=undefined
[GoblinManager] 豢樒ｪ溽函謌仙ｮ御ｺ・ 0/5 (隧ｦ陦悟屓謨ｰ: 5000)

[90mstdout[2m | src/tests/CounterBalance.test.js[2m > [22m[2mCounter Damage Nerf Verification[2m > [22m[2mUnit hitting Building should take retaliation dmg
[22m[39m[Entity 4] CONSTRUCTOR START: type=unit at 10,10
[Entity 4] Calling registerEntity...
[Entity 4] registerEntity returned.
[Entity 4] Calling updatePosition...
[Entity 4] updatePosition returned.
[DIAG] Actor Created ID: 4
[DIAG] Actor smartMove type: function
[DIAG] Actor smartMove body snapshot: smartMove(tx, tz, time, depth = 0) {
    if (isNaN(tx) || isNaN(tz)) {
      console.error(`[Actor $
[UnitCore.js] Unit Created ID:2 Role:knight Pos:10,10 Special:false
[UnitCore.js] Unit Created ID:2 Role:knight Pos:10,10
[UnitCore.js] Unit Construction Finished ID:2

[90mstdout[2m | src/tests/CounterBalance.test.js[2m > [22m[2mCounter Damage Nerf Verification[2m > [22m[2mUnit hitting Building should take retaliation dmg
[22m[39m[Game] Dispose called for Game Instance.

 [32m笨・[39m src/tests/CounterBalance.test.js [2m([22m[2m3 tests[22m[2m)[22m[32m 106[2mms[22m[39m
[90mstdout[2m | src/tests/WorkerPerformance.test.js[2m > [22m[2mPathfinding Worker Performance[2m > [22m[2mshould find path on large 100x100 grid within reasonable time
[22m[39m[Worker] Grid Initialized: 100x100 (with Moisture)
[Perf] 100x100 Flat: 0.65ms Steps: ???

[90mstdout[2m | src/tests/WorkerPerformance.test.js[2m > [22m[2mPathfinding Worker Performance[2m > [22m[2mshould handle worst-case zig-zag maze without freezing
[22m[39m[Worker] Grid Initialized: 60x60 (with Moisture)
[Perf] 60x60 Wall: 23.63ms

 [32m笨・[39m src/tests/WorkerPerformance.test.js [2m([22m[2m2 tests[22m[2m)[22m[32m 32[2mms[22m[39m
[90mstdout[2m | src/tests/StartupCrash.test.js
[22m[39m[DEBUG] Actor.ts loaded

stderr | src/tests/RefuseDistraction.test.js > Refuse Distraction Reconstructed > should NOT Switch to a better Auto-Job if Manual Job is active
GoblinManager: Failed to register cave at 97,31 (Terrain rejected)
GoblinManager: Failed to register cave at 35,97 (Terrain rejected)
GoblinManager: Failed to register cave at 65,78 (Terrain rejected)
GoblinManager: Failed to register cave at 99,11 (Terrain rejected)
GoblinManager: Failed to register cave at 52,25 (Terrain rejected)
GoblinManager: Failed to register cave at 79,6 (Terrain rejected)
GoblinManager: Failed to register cave at 62,50 (Terrain rejected)
GoblinManager: Failed to register cave at 77,81 (Terrain rejected)
GoblinManager: Failed to register cave at 56,5 (Terrain rejected)
GoblinManager: Failed to register cave at 38,42 (Terrain rejected)
GoblinManager: Failed to register cave at 37,51 (Terrain rejected)
GoblinManager: Failed to register cave at 35,98 (Terrain rejected)
GoblinManager: Failed to register cave at 62,94 (Terrain rejected)
GoblinManager: Failed to register cave at 73,9 (Terrain rejected)
GoblinManager: Failed to register cave at 56,20 (Terrain rejected)
GoblinManager: Failed to register cave at 45,77 (Terrain rejected)
GoblinManager: Failed to register cave at 7,95 (Terrain rejected)
GoblinManager: Failed to register cave at 50,87 (Terrain rejected)
GoblinManager: Failed to register cave at 85,66 (Terrain rejected)
GoblinManager: Failed to register cave at 37,79 (Terrain rejected)
GoblinManager: Failed to register cave at 18,62 (Terrain rejected)
GoblinManager: Failed to register cave at 72,8 (Terrain rejected)
GoblinManager: Failed to register cave at 94,7 (Terrain rejected)
GoblinManager: Failed to register cave at 60,84 (Terrain rejected)
GoblinManager: Failed to register cave at 43,40 (Terrain rejected)
GoblinManager: Failed to register cave at 6,5 (Terrain rejected)
GoblinManager: Failed to register cave at 25,18 (Terrain rejected)
GoblinManager: Failed to register cave at 51,28 (Terrain rejected)
GoblinManager: Failed to register cave at 89,58 (Terrain rejected)
GoblinManager: Failed to register cave at 5,47 (Terrain rejected)
GoblinManager: Failed to register cave at 66,28 (Terrain rejected)
GoblinManager: Failed to register cave at 15,75 (Terrain rejected)
GoblinManager: Failed to register cave at 21,77 (Terrain rejected)
GoblinManager: Failed to register cave at 87,78 (Terrain rejected)
GoblinManager: Failed to register cave at 44,24 (Terrain rejected)
GoblinManager: Failed to register cave at 62,24 (Terrain rejected)
GoblinManager: Failed to register cave at 23,74 (Terrain rejected)
GoblinManager: Failed to register cave at 31,33 (Terrain rejected)
GoblinManager: Failed to register cave at 14,40 (Terrain rejected)
GoblinManager: Failed to register cave at 74,47 (Terrain rejected)
GoblinManager: Failed to register cave at 5,59 (Terrain rejected)
GoblinManager: Failed to register cave at 52,69 (Terrain rejected)
GoblinManager: Failed to register cave at 19,70 (Terrain rejected)
GoblinManager: Failed to register cave at 22,55 (Terrain rejected)
GoblinManager: Failed to register cave at 29,22 (Terrain rejected)
GoblinManager: Failed to register cave at 53,48 (Terrain rejected)
GoblinManager: Failed to register cave at 3,73 (Terrain rejected)
GoblinManager: Failed to register cave at 8,78 (Terrain rejected)
GoblinManager: Failed to register cave at 36,28 (Terrain rejected)
GoblinManager: Failed to register cave at 96,82 (Terrain rejected)
GoblinManager: Failed to register cave at 58,86 (Terrain rejected)
GoblinManager: Failed to register cave at 22,75 (Terrain rejected)
GoblinManager: Failed to register cave at 95,30 (Terrain rejected)
GoblinManager: Failed to register cave at 64,60 (Terrain rejected)
GoblinManager: Failed to register cave at 1,56 (Terrain rejected)
GoblinManager: Failed to register cave at 95,95 (Terrain rejected)
GoblinManager: Failed to register cave at 25,31 (Terrain rejected)
GoblinManager: Failed to register cave at 39,28 (Terrain rejected)
GoblinManager: Failed to register cave at 58,77 (Terrain rejected)
GoblinManager: Failed to register cave at 32,41 (Terrain rejected)
GoblinManager: Failed to register cave at 38,16 (Terrain rejected)
GoblinManager: Failed to register cave at 49,87 (Terrain rejected)
GoblinManager: Failed to register cave at 9,21 (Terrain rejected)
GoblinManager: Failed to register cave at 71,71 (Terrain rejected)
GoblinManager: Failed to register cave at 45,27 (Terrain rejected)
GoblinManager: Failed to register cave at 48,12 (Terrain rejected)
GoblinManager: Failed to register cave at 12,21 (Terrain rejected)
GoblinManager: Failed to register cave at 50,3 (Terrain rejected)
GoblinManager: Failed to register cave at 16,82 (Terrain rejected)
GoblinManager: Failed to register cave at 24,49 (Terrain rejected)
GoblinManager: Failed to register cave at 16,49 (Terrain rejected)
GoblinManager: Failed to register cave at 51,54 (Terrain rejected)
GoblinManager: Failed to register cave at 88,97 (Terrain rejected)
GoblinManager: Failed to register cave at 80,79 (Terrain rejected)
GoblinManager: Failed to register cave at 6,62 (Terrain rejected)
GoblinManager: Failed to register cave at 85,69 (Terrain rejected)
GoblinManager: Failed to register cave at 50,16 (Terrain rejected)
GoblinManager: Failed to register cave at 9,9 (Terrain rejected)
GoblinManager: Failed to register cave at 67,24 (Terrain rejected)
GoblinManager: Failed to register cave at 87,93 (Terrain rejected)
GoblinManager: Failed to register cave at 22,77 (Terrain rejected)
GoblinManager: Failed to register cave at 36,73 (Terrain rejected)
GoblinManager: Failed to register cave at 14,50 (Terrain rejected)
GoblinManager: Failed to register cave at 53,88 (Terrain rejected)
GoblinManager: Failed to register cave at 37,14 (Terrain rejected)
GoblinManager: Failed to register cave at 16,80 (Terrain rejected)
GoblinManager: Failed to register cave at 61,95 (Terrain rejected)
GoblinManager: Failed to register cave at 54,15 (Terrain rejected)
GoblinManager: Failed to register cave at 19,12 (Terrain rejected)
GoblinManager: Failed to register cave at 26,19 (Terrain rejected)
GoblinManager: Failed to register cave at 43,18 (Terrain rejected)
GoblinManager: Failed to register cave at 44,2 (Terrain rejected)
GoblinManager: Failed to register cave at 60,66 (Terrain rejected)
GoblinManager: Failed to register cave at 84,78 (Terrain rejected)
GoblinManager: Failed to register cave at 49,71 (Terrain rejected)
GoblinManager: Failed to register cave at 10,32 (Terrain rejected)
GoblinManager: Failed to register cave at 8,73 (Terrain rejected)
GoblinManager: Failed to register cave at 32,36 (Terrain rejected)
GoblinManager: Failed to register cave at 45,39 (Terrain rejected)
GoblinManager: Failed to register cave at 55,78 (Terrain rejected)
GoblinManager: Failed to register cave at 67,95 (Terrain rejected)
GoblinManager: Failed to register cave at 65,92 (Terrain rejected)
GoblinManager: Failed to register cave at 82,67 (Terrain rejected)
GoblinManager: Failed to register cave at 57,63 (Terrain rejected)
GoblinManager: Failed to register cave at 73,79 (Terrain rejected)
GoblinManager: Failed to register cave at 73,26 (Terrain rejected)
GoblinManager: Failed to register cave at 27,28 (Terrain rejected)
GoblinManager: Failed to register cave at 36,49 (Terrain rejected)
GoblinManager: Failed to register cave at 94,12 (Terrain rejected)
GoblinManager: Failed to register cave at 92,78 (Terrain rejected)
GoblinManager: Failed to register cave at 6,9 (Terrain rejected)
GoblinManager: Failed to register cave at 72,49 (Terrain rejected)
GoblinManager: Failed to register cave at 98,13 (Terrain rejected)
GoblinManager: Failed to register cave at 85,53 (Terrain rejected)
GoblinManager: Failed to register cave at 13,67 (Terrain rejected)
GoblinManager: Failed to register cave at 47,37 (Terrain rejected)
GoblinManager: Failed to register cave at 46,52 (Terrain rejected)
GoblinManager: Failed to register cave at 36,53 (Terrain rejected)
GoblinManager: Failed to register cave at 46,97 (Terrain rejected)
GoblinManager: Failed to register cave at 14,80 (Terrain rejected)
GoblinManager: Failed to register cave at 36,9 (Terrain rejected)
GoblinManager: Failed to register cave at 47,99 (Terrain rejected)
GoblinManager: Failed to register cave at 7,55 (Terrain rejected)
GoblinManager: Failed to register cave at 20,53 (Terrain rejected)
GoblinManager: Failed to register cave at 54,61 (Terrain rejected)
GoblinManager: Failed to register cave at 94,30 (Terrain rejected)
GoblinManager: Failed to register cave at 10,60 (Terrain rejected)
GoblinManager: Failed to register cave at 47,52 (Terrain rejected)
GoblinManager: Failed to register cave at 45,80 (Terrain rejected)
GoblinManager: Failed to register cave at 73,20 (Terrain rejected)
GoblinManager: Failed to register cave at 94,60 (Terrain rejected)
GoblinManager: Failed to register cave at 21,16 (Terrain rejected)
GoblinManager: Failed to register cave at 97,29 (Terrain rejected)
GoblinManager: Failed to register cave at 97,99 (Terrain rejected)
GoblinManager: Failed to register cave at 24,6 (Terrain rejected)
GoblinManager: Failed to register cave at 22,76 (Terrain rejected)
GoblinManager: Failed to register cave at 9,90 (Terrain rejected)
GoblinManager: Failed to register cave at 63,59 (Terrain rejected)
GoblinManager: Failed to register cave at 68,37 (Terrain rejected)
GoblinManager: Failed to register cave at 13,31 (Terrain rejected)
GoblinManager: Failed to register cave at 70,86 (Terrain rejected)
GoblinManager: Failed to register cave at 40,61 (Terrain rejected)
GoblinManager: Failed to register cave at 35,16 (Terrain rejected)
GoblinManager: Failed to register cave at 14,23 (Terrain rejected)
GoblinManager: Failed to register cave at 21,90 (Terrain rejected)
GoblinManager: Failed to register cave at 83,15 (Terrain rejected)
GoblinManager: Failed to register cave at 3,44 (Terrain rejected)
GoblinManager: Failed to register cave at 81,93 (Terrain rejected)
GoblinManager: Failed to register cave at 17,24 (Terrain rejected)
GoblinManager: Failed to register cave at 2,22 (Terrain rejected)
GoblinManager: Failed to register cave at 60,66 (Terrain rejected)
GoblinManager: Failed to register cave at 17,94 (Terrain rejected)
GoblinManager: Failed to register cave at 97,89 (Terrain rejected)
GoblinManager: Failed to register cave at 87,51 (Terrain rejected)
GoblinManager: Failed to register cave at 94,64 (Terrain rejected)
GoblinManager: Failed to register cave at 68,69 (Terrain rejected)
GoblinManager: Failed to register cave at 78,56 (Terrain rejected)
GoblinManager: Failed to register cave at 81,56 (Terrain rejected)
GoblinManager: Failed to register cave at 58,70 (Terrain rejected)
GoblinManager: Failed to register cave at 0,43 (Terrain rejected)
GoblinManager: Failed to register cave at 73,45 (Terrain rejected)
GoblinManager: Failed to register cave at 88,47 (Terrain rejected)
GoblinManager: Failed to register cave at 0,71 (Terrain rejected)
GoblinManager: Failed to register cave at 21,51 (Terrain rejected)
GoblinManager: Failed to register cave at 29,44 (Terrain rejected)
GoblinManager: Failed to register cave at 34,22 (Terrain rejected)
GoblinManager: Failed to register cave at 9,34 (Terrain rejected)
GoblinManager: Failed to register cave at 89,0 (Terrain rejected)
GoblinManager: Failed to register cave at 55,80 (Terrain rejected)
GoblinManager: Failed to register cave at 27,14 (Terrain rejected)
GoblinManager: Failed to register cave at 5,58 (Terrain rejected)
GoblinManager: Failed to register cave at 44,94 (Terrain rejected)
GoblinManager: Failed to register cave at 73,61 (Terrain rejected)
GoblinManager: Failed to register cave at 91,43 (Terrain rejected)
GoblinManager: Failed to register cave at 56,61 (Terrain rejected)
GoblinManager: Failed to register cave at 49,28 (Terrain rejected)
GoblinManager: Failed to register cave at 42,3 (Terrain rejected)
GoblinManager: Failed to register cave at 90,95 (Terrain rejected)
GoblinManager: Failed to register cave at 99,42 (Terrain rejected)
GoblinManager: Failed to register cave at 77,85 (Terrain rejected)
GoblinManager: Failed to register cave at 61,39 (Terrain rejected)
GoblinManager: Failed to register cave at 38,99 (Terrain rejected)
GoblinManager: Failed to register cave at 44,71 (Terrain rejected)
GoblinManager: Failed to register cave at 41,52 (Terrain rejected)
GoblinManager: Failed to register cave at 30,67 (Terrain rejected)
GoblinManager: Failed to register cave at 42,28 (Terrain rejected)
GoblinManager: Failed to register cave at 62,63 (Terrain rejected)
GoblinManager: Failed to register cave at 18,27 (Terrain rejected)
GoblinManager: Failed to register cave at 7,65 (Terrain rejected)
GoblinManager: Failed to register cave at 54,45 (Terrain rejected)
GoblinManager: Failed to register cave at 21,21 (Terrain rejected)
GoblinManager: Failed to register cave at 80,88 (Terrain rejected)
GoblinManager: Failed to register cave at 67,84 (Terrain rejected)
GoblinManager: Failed to register cave at 79,44 (Terrain rejected)
GoblinManager: Failed to register cave at 37,85 (Terrain rejected)
GoblinManager: Failed to register cave at 78,67 (Terrain rejected)
GoblinManager: Failed to register cave at 55,94 (Terrain rejected)
GoblinManager: Failed to register cave at 24,12 (Terrain rejected)
GoblinManager: Failed to register cave at 77,89 (Terrain rejected)
GoblinManager: Failed to register cave at 2,10 (Terrain rejected)
GoblinManager: Failed to register cave at 86,19 (Terrain rejected)
GoblinManager: Failed to register cave at 81,47 (Terrain rejected)
GoblinManager: Failed to register cave at 82,40 (Terrain rejected)
GoblinManager: Failed to register cave at 84,63 (Terrain rejected)
GoblinManager: Failed to register cave at 51,54 (Terrain rejected)
GoblinManager: Failed to register cave at 98,41 (Terrain rejected)
GoblinManager: Failed to register cave at 0,76 (Terrain rejected)
GoblinManager: Failed to register cave at 87,44 (Terrain rejected)
GoblinManager: Failed to register cave at 5,4 (Terrain rejected)
GoblinManager: Failed to register cave at 40,32 (Terrain rejected)
GoblinManager: Failed to register cave at 12,69 (Terrain rejected)
GoblinManager: Failed to register cave at 36,61 (Terrain rejected)
GoblinManager: Failed to register cave at 3,5 (Terrain rejected)
GoblinManager: Failed to register cave at 44,10 (Terrain rejected)
GoblinManager: Failed to register cave at 26,52 (Terrain rejected)
GoblinManager: Failed to register cave at 86,39 (Terrain rejected)
GoblinManager: Failed to register cave at 32,58 (Terrain rejected)
GoblinManager: Failed to register cave at 32,62 (Terrain rejected)
GoblinManager: Failed to register cave at 10,80 (Terrain rejected)
GoblinManager: Failed to register cave at 21,53 (Terrain rejected)
GoblinManager: Failed to register cave at 37,78 (Terrain rejected)
GoblinManager: Failed to register cave at 50,4 (Terrain rejected)
GoblinManager: Failed to register cave at 39,4 (Terrain rejected)
GoblinManager: Failed to register cave at 27,45 (Terrain rejected)
GoblinManager: Failed to register cave at 1,83 (Terrain rejected)
GoblinManager: Failed to register cave at 87,99 (Terrain rejected)
GoblinManager: Failed to register cave at 97,33 (Terrain rejected)
GoblinManager: Failed to register cave at 64,7 (Terrain rejected)
GoblinManager: Failed to register cave at 99,4 (Terrain rejected)
GoblinManager: Failed to register cave at 89,70 (Terrain rejected)
GoblinManager: Failed to register cave at 39,8 (Terrain rejected)
GoblinManager: Failed to register cave at 54,63 (Terrain rejected)
GoblinManager: Failed to register cave at 50,24 (Terrain rejected)
GoblinManager: Failed to register cave at 30,28 (Terrain rejected)
GoblinManager: Failed to register cave at 74,95 (Terrain rejected)
GoblinManager: Failed to register cave at 89,43 (Terrain rejected)
GoblinManager: Failed to register cave at 12,74 (Terrain rejected)
GoblinManager: Failed to register cave at 66,38 (Terrain rejected)
GoblinManager: Failed to register cave at 99,49 (Terrain rejected)
GoblinManager: Failed to register cave at 6,61 (Terrain rejected)
GoblinManager: Failed to register cave at 35,96 (Terrain rejected)
GoblinManager: Failed to register cave at 9,67 (Terrain rejected)
GoblinManager: Failed to register cave at 68,14 (Terrain rejected)
GoblinManager: Failed to register cave at 22,84 (Terrain rejected)
GoblinManager: Failed to register cave at 7,58 (Terrain rejected)
GoblinManager: Failed to register cave at 18,3 (Terrain rejected)
GoblinManager: Failed to register cave at 81,56 (Terrain rejected)
GoblinManager: Failed to register cave at 40,70 (Terrain rejected)
GoblinManager: Failed to register cave at 92,99 (Terrain rejected)
GoblinManager: Failed to register cave at 37,81 (Terrain rejected)
GoblinManager: Failed to register cave at 99,97 (Terrain rejected)
GoblinManager: Failed to register cave at 21,11 (Terrain rejected)
GoblinManager: Failed to register cave at 56,45 (Terrain rejected)
GoblinManager: Failed to register cave at 90,77 (Terrain rejected)
GoblinManager: Failed to register cave at 21,22 (Terrain rejected)
GoblinManager: Failed to register cave at 42,59 (Terrain rejected)
GoblinManager: Failed to register cave at 41,39 (Terrain rejected)
GoblinManager: Failed to register cave at 73,48 (Terrain rejected)
GoblinManager: Failed to register cave at 67,38 (Terrain rejected)
GoblinManager: Failed to register cave at 95,82 (Terrain rejected)
GoblinManager: Failed to register cave at 9,12 (Terrain rejected)
GoblinManager: Failed to register cave at 52,70 (Terrain rejected)
GoblinManager: Failed to register cave at 57,77 (Terrain rejected)
GoblinManager: Failed to register cave at 58,42 (Terrain rejected)
GoblinManager: Failed to register cave at 55,71 (Terrain rejected)
GoblinManager: Failed to register cave at 36,87 (Terrain rejected)
GoblinManager: Failed to register cave at 2,37 (Terrain rejected)
GoblinManager: Failed to register cave at 26,16 (Terrain rejected)
GoblinManager: Failed to register cave at 17,57 (Terrain rejected)
GoblinManager: Failed to register cave at 97,24 (Terrain rejected)
GoblinManager: Failed to register cave at 37,78 (Terrain rejected)
GoblinManager: Failed to register cave at 64,11 (Terrain rejected)
GoblinManager: Failed to register cave at 84,25 (Terrain rejected)
GoblinManager: Failed to register cave at 66,46 (Terrain rejected)
GoblinManager: Failed to register cave at 94,49 (Terrain rejected)
GoblinManager: Failed to register cave at 86,38 (Terrain rejected)
GoblinManager: Failed to register cave at 77,50 (Terrain rejected)
GoblinManager: Failed to register cave at 0,74 (Terrain rejected)
GoblinManager: Failed to register cave at 30,82 (Terrain rejected)
GoblinManager: Failed to register cave at 36,20 (Terrain rejected)
GoblinManager: Failed to register cave at 33,4 (Terrain rejected)
GoblinManager: Failed to register cave at 95,86 (Terrain rejected)
GoblinManager: Failed to register cave at 58,2 (Terrain rejected)
GoblinManager: Failed to register cave at 48,90 (Terrain rejected)
GoblinManager: Failed to register cave at 99,20 (Terrain rejected)
GoblinManager: Failed to register cave at 82,37 (Terrain rejected)
GoblinManager: Failed to register cave at 9,99 (Terrain rejected)
GoblinManager: Failed to register cave at 4,8 (Terrain rejected)
GoblinManager: Failed to register cave at 53,28 (Terrain rejected)
GoblinManager: Failed to register cave at 33,1 (Terrain rejected)
GoblinManager: Failed to register cave at 90,53 (Terrain rejected)
GoblinManager: Failed to register cave at 88,64 (Terrain rejected)
GoblinManager: Failed to register cave at 16,57 (Terrain rejected)
GoblinManager: Failed to register cave at 3,85 (Terrain rejected)
GoblinManager: Failed to register cave at 67,96 (Terrain rejected)
GoblinManager: Failed to register cave at 91,8 (Terrain rejected)
GoblinManager: Failed to register cave at 24,59 (Terrain rejected)
GoblinManager: Failed to register cave at 17,18 (Terrain rejected)
GoblinManager: Failed to register cave at 59,61 (Terrain rejected)
GoblinManager: Failed to register cave at 50,69 (Terrain rejected)
GoblinManager: Failed to register cave at 45,60 (Terrain rejected)
GoblinManager: Failed to register cave at 2,71 (Terrain rejected)
GoblinManager: Failed to register cave at 53,67 (Terrain rejected)
GoblinManager: Failed to register cave at 62,76 (Terrain rejected)
GoblinManager: Failed to register cave at 20,32 (Terrain rejected)
GoblinManager: Failed to register cave at 61,42 (Terrain rejected)
GoblinManager: Failed to register cave at 23,44 (Terrain rejected)
GoblinManager: Failed to register cave at 5,29 (Terrain rejected)
GoblinManager: Failed to register cave at 39,34 (Terrain rejected)
GoblinManager: Failed to register cave at 80,82 (Terrain rejected)
GoblinManager: Failed to register cave at 19,20 (Terrain rejected)
GoblinManager: Failed to register cave at 31,61 (Terrain rejected)
GoblinManager: Failed to register cave at 43,34 (Terrain rejected)
GoblinManager: Failed to register cave at 17,35 (Terrain rejected)
GoblinManager: Failed to register cave at 8,39 (Terrain rejected)
GoblinManager: Failed to register cave at 97,23 (Terrain rejected)
GoblinManager: Failed to register cave at 70,53 (Terrain rejected)
GoblinManager: Failed to register cave at 42,29 (Terrain rejected)
GoblinManager: Failed to register cave at 33,46 (Terrain rejected)
GoblinManager: Failed to register cave at 8,95 (Terrain rejected)
GoblinManager: Failed to register cave at 73,32 (Terrain rejected)
GoblinManager: Failed to register cave at 86,67 (Terrain rejected)
GoblinManager: Failed to register cave at 42,39 (Terrain rejected)
GoblinManager: Failed to register cave at 96,36 (Terrain rejected)
GoblinManager: Failed to register cave at 15,44 (Terrain rejected)
GoblinManager: Failed to register cave at 89,96 (Terrain rejected)
GoblinManager: Failed to register cave at 74,13 (Terrain rejected)
GoblinManager: Failed to register cave at 19,91 (Terrain rejected)
GoblinManager: Failed to register cave at 0,41 (Terrain rejected)
GoblinManager: Failed to register cave at 42,42 (Terrain rejected)
GoblinManager: Failed to register cave at 5,20 (Terrain rejected)
GoblinManager: Failed to register cave at 82,33 (Terrain rejected)
GoblinManager: Failed to register cave at 82,39 (Terrain rejected)
GoblinManager: Failed to register cave at 41,16 (Terrain rejected)
GoblinManager: Failed to register cave at 21,75 (Terrain rejected)
GoblinManager: Failed to register cave at 22,70 (Terrain rejected)
GoblinManager: Failed to register cave at 73,50 (Terrain rejected)
GoblinManager: Failed to register cave at 31,97 (Terrain rejected)
GoblinManager: Failed to register cave at 75,28 (Terrain rejected)
GoblinManager: Failed to register cave at 23,9 (Terrain rejected)
GoblinManager: Failed to register cave at 53,86 (Terrain rejected)
GoblinManager: Failed to register cave at 91,54 (Terrain rejected)
GoblinManager: Failed to register cave at 86,25 (Terrain rejected)
GoblinManager: Failed to register cave at 11,99 (Terrain rejected)
GoblinManager: Failed to register cave at 55,5 (Terrain rejected)
GoblinManager: Failed to register cave at 64,59 (Terrain rejected)
GoblinManager: Failed to register cave at 99,72 (Terrain rejected)
GoblinManager: Failed to register cave at 44,73 (Terrain rejected)
GoblinManager: Failed to register cave at 14,70 (Terrain rejected)
GoblinManager: Failed to register cave at 29,47 (Terrain rejected)
GoblinManager: Failed to register cave at 76,28 (Terrain rejected)
GoblinManager: Failed to register cave at 86,68 (Terrain rejected)
GoblinManager: Failed to register cave at 82,18 (Terrain rejected)
GoblinManager: Failed to register cave at 15,17 (Terrain rejected)
GoblinManager: Failed to register cave at 85,67 (Terrain rejected)
GoblinManager: Failed to register cave at 49,12 (Terrain rejected)
GoblinManager: Failed to register cave at 44,72 (Terrain rejected)
GoblinManager: Failed to register cave at 42,47 (Terrain rejected)
GoblinManager: Failed to register cave at 25,53 (Terrain rejected)
GoblinManager: Failed to register cave at 25,78 (Terrain rejected)
GoblinManager: Failed to register cave at 3,27 (Terrain rejected)
GoblinManager: Failed to register cave at 26,55 (Terrain rejected)
GoblinManager: Failed to register cave at 21,51 (Terrain rejected)
GoblinManager: Failed to register cave at 20,4 (Terrain rejected)
GoblinManager: Failed to register cave at 97,74 (Terrain rejected)
GoblinManager: Failed to register cave at 88,22 (Terrain rejected)
GoblinManager: Failed to register cave at 62,21 (Terrain rejected)
GoblinManager: Failed to register cave at 60,5 (Terrain rejected)
GoblinManager: Failed to register cave at 84,87 (Terrain rejected)
GoblinManager: Failed to register cave at 73,80 (Terrain rejected)
GoblinManager: Failed to register cave at 56,61 (Terrain rejected)
GoblinManager: Failed to register cave at 16,23 (Terrain rejected)
GoblinManager: Failed to register cave at 1,21 (Terrain rejected)
GoblinManager: Failed to register cave at 12,77 (Terrain rejected)
GoblinManager: Failed to register cave at 41,26 (Terrain rejected)
GoblinManager: Failed to register cave at 84,8 (Terrain rejected)
GoblinManager: Failed to register cave at 24,35 (Terrain rejected)
GoblinManager: Failed to register cave at 25,26 (Terrain rejected)
GoblinManager: Failed to register cave at 29,26 (Terrain rejected)
GoblinManager: Failed to register cave at 89,19 (Terrain rejected)
GoblinManager: Failed to register cave at 59,35 (Terrain rejected)
GoblinManager: Failed to register cave at 87,93 (Terrain rejected)
GoblinManager: Failed to register cave at 41,15 (Terrain rejected)
GoblinManager: Failed to register cave at 47,41 (Terrain rejected)
GoblinManager: Failed to register cave at 69,7 (Terrain rejected)
GoblinManager: Failed to register cave at 5,0 (Terrain rejected)
GoblinManager: Failed to register cave at 24,91 (Terrain rejected)
GoblinManager: Failed to register cave at 74,30 (Terrain rejected)
GoblinManager: Failed to register cave at 95,20 (Terrain rejected)
GoblinManager: Failed to register cave at 14,46 (Terrain rejected)
GoblinManager: Failed to register cave at 58,43 (Terrain rejected)
GoblinManager: Failed to register cave at 32,9 (Terrain rejected)
GoblinManager: Failed to register cave at 24,86 (Terrain rejected)
GoblinManager: Failed to register cave at 66,72 (Terrain rejected)
GoblinManager: Failed to register cave at 91,27 (Terrain rejected)
GoblinManager: Failed to register cave at 78,69 (Terrain rejected)
GoblinManager: Failed to register cave at 14,42 (Terrain rejected)
GoblinManager: Failed to register cave at 2,30 (Terrain rejected)
GoblinManager: Failed to register cave at 11,5 (Terrain rejected)
GoblinManager: Failed to register cave at 12,97 (Terrain rejected)
GoblinManager: Failed to register cave at 46,97 (Terrain rejected)
GoblinManager: Failed to register cave at 87,74 (Terrain rejected)
GoblinManager: Failed to register cave at 93,78 (Terrain rejected)
GoblinManager: Failed to register cave at 75,72 (Terrain rejected)
GoblinManager: Failed to register cave at 93,90 (Terrain rejected)
GoblinManager: Failed to register cave at 33,87 (Terrain rejected)
GoblinManager: Failed to register cave at 4,98 (Terrain rejected)
GoblinManager: Failed to register cave at 20,92 (Terrain rejected)
GoblinManager: Failed to register cave at 10,39 (Terrain rejected)
GoblinManager: Failed to register cave at 84,57 (Terrain rejected)
GoblinManager: Failed to register cave at 98,69 (Terrain rejected)
GoblinManager: Failed to register cave at 18,90 (Terrain rejected)
GoblinManager: Failed to register cave at 91,92 (Terrain rejected)
GoblinManager: Failed to register cave at 6,56 (Terrain rejected)
GoblinManager: Failed to register cave at 18,95 (Terrain rejected)
GoblinManager: Failed to register cave at 63,58 (Terrain rejected)
GoblinManager: Failed to register cave at 64,8 (Terrain rejected)
GoblinManager: Failed to register cave at 5,75 (Terrain rejected)
GoblinManager: Failed to register cave at 82,40 (Terrain rejected)
GoblinManager: Failed to register cave at 49,43 (Terrain rejected)
GoblinManager: Failed to register cave at 41,17 (Terrain rejected)
GoblinManager: Failed to register cave at 13,97 (Terrain rejected)
GoblinManager: Failed to register cave at 77,24 (Terrain rejected)
GoblinManager: Failed to register cave at 26,72 (Terrain rejected)
GoblinManager: Failed to register cave at 89,12 (Terrain rejected)
GoblinManager: Failed to register cave at 47,14 (Terrain rejected)
GoblinManager: Failed to register cave at 25,11 (Terrain rejected)
GoblinManager: Failed to register cave at 98,41 (Terrain rejected)
GoblinManager: Failed to register cave at 19,25 (Terrain rejected)
GoblinManager: Failed to register cave at 31,38 (Terrain rejected)
GoblinManager: Failed to register cave at 62,29 (Terrain rejected)
GoblinManager: Failed to register cave at 52,30 (Terrain rejected)
GoblinManager: Failed to register cave at 18,47 (Terrain rejected)
GoblinManager: Failed to register cave at 4,66 (Terrain rejected)
GoblinManager: Failed to register cave at 62,82 (Terrain rejected)
GoblinManager: Failed to register cave at 17,69 (Terrain rejected)
GoblinManager: Failed to register cave at 49,28 (Terrain rejected)
GoblinManager: Failed to register cave at 65,9 (Terrain rejected)
GoblinManager: Failed to register cave at 68,28 (Terrain rejected)
GoblinManager: Failed to register cave at 55,65 (Terrain rejected)
GoblinManager: Failed to register cave at 59,83 (Terrain rejected)
GoblinManager: Failed to register cave at 75,67 (Terrain rejected)
GoblinManager: Failed to register cave at 52,19 (Terrain rejected)
GoblinManager: Failed to register cave at 59,72 (Terrain rejected)
GoblinManager: Failed to register cave at 90,83 (Terrain rejected)
GoblinManager: Failed to register cave at 99,81 (Terrain rejected)
GoblinManager: Failed to register cave at 86,5 (Terrain rejected)
GoblinManager: Failed to register cave at 17,32 (Terrain rejected)
GoblinManager: Failed to register cave at 15,68 (Terrain rejected)
GoblinManager: Failed to register cave at 9,63 (Terrain rejected)
GoblinManager: Failed to register cave at 93,37 (Terrain rejected)
GoblinManager: Failed to register cave at 22,63 (Terrain rejected)
GoblinManager: Failed to register cave at 21,5 (Terrain rejected)
GoblinManager: Failed to register cave at 77,92 (Terrain rejected)
GoblinManager: Failed to register cave at 81,97 (Terrain rejected)
GoblinManager: Failed to register cave at 1,12 (Terrain rejected)
GoblinManager: Failed to register cave at 94,36 (Terrain rejected)
GoblinManager: Failed to register cave at 41,52 (Terrain rejected)
GoblinManager: Failed to register cave at 94,82 (Terrain rejected)
GoblinManager: Failed to register cave at 87,77 (Terrain rejected)
GoblinManager: Failed to register cave at 65,15 (Terrain rejected)
GoblinManager: Failed to register cave at 88,14 (Terrain rejected)
GoblinManager: Failed to register cave at 44,18 (Terrain rejected)
GoblinManager: Failed to register cave at 8,78 (Terrain rejected)
GoblinManager: Failed to register cave at 65,79 (Terrain rejected)
GoblinManager: Failed to register cave at 98,59 (Terrain rejected)
GoblinManager: Failed to register cave at 17,40 (Terrain rejected)
GoblinManager: Failed to register cave at 73,19 (Terrain rejected)
GoblinManager: Failed to register cave at 61,66 (Terrain rejected)
GoblinManager: Failed to register cave at 53,19 (Terrain rejected)
GoblinManager: Failed to register cave at 33,63 (Terrain rejected)
GoblinManager: Failed to register cave at 0,12 (Terrain rejected)
GoblinManager: Failed to register cave at 24,53 (Terrain rejected)
GoblinManager: Failed to register cave at 57,23 (Terrain rejected)
GoblinManager: Failed to register cave at 87,55 (Terrain rejected)
GoblinManager: Failed to register cave at 45,83 (Terrain rejected)
GoblinManager: Failed to register cave at 68,71 (Terrain rejected)
GoblinManager: Failed to register cave at 23,13 (Terrain rejected)
GoblinManager: Failed to register cave at 23,36 (Terrain rejected)
GoblinManager: Failed to register cave at 84,50 (Terrain rejected)
GoblinManager: Failed to register cave at 39,4 (Terrain rejected)
GoblinManager: Failed to register cave at 65,64 (Terrain rejected)
GoblinManager: Failed to register cave at 51,38 (Terrain rejected)
GoblinManager: Failed to register cave at 1,76 (Terrain rejected)
GoblinManager: Failed to register cave at 49,80 (Terrain rejected)
GoblinManager: Failed to register cave at 20,65 (Terrain rejected)
GoblinManager: Failed to register cave at 56,28 (Terrain rejected)
GoblinManager: Failed to register cave at 47,18 (Terrain rejected)
GoblinManager: Failed to register cave at 33,26 (Terrain rejected)
GoblinManager: Failed to register cave at 48,38 (Terrain rejected)
GoblinManager: Failed to register cave at 69,83 (Terrain rejected)
GoblinManager: Failed to register cave at 5,14 (Terrain rejected)
GoblinManager: Failed to register cave at 6,30 (Terrain rejected)
GoblinManager: Failed to register cave at 45,53 (Terrain rejected)
GoblinManager: Failed to register cave at 94,45 (Terrain rejected)
GoblinManager: Failed to register cave at 69,39 (Terrain rejected)
GoblinManager: Failed to register cave at 56,63 (Terrain rejected)
GoblinManager: Failed to register cave at 17,26 (Terrain rejected)
GoblinManager: Failed to register cave at 12,19 (Terrain rejected)
GoblinManager: Failed to register cave at 86,22 (Terrain rejected)
GoblinManager: Failed to register cave at 34,34 (Terrain rejected)
GoblinManager: Failed to register cave at 92,1 (Terrain rejected)
GoblinManager: Failed to register cave at 80,77 (Terrain rejected)
GoblinManager: Failed to register cave at 62,75 (Terrain rejected)
GoblinManager: Failed to register cave at 45,42 (Terrain rejected)
GoblinManager: Failed to register cave at 53,99 (Terrain rejected)
GoblinManager: Failed to register cave at 59,42 (Terrain rejected)
GoblinManager: Failed to register cave at 60,29 (Terrain rejected)
GoblinManager: Failed to register cave at 7,56 (Terrain rejected)
GoblinManager: Failed to register cave at 37,77 (Terrain rejected)
GoblinManager: Failed to register cave at 46,1 (Terrain rejected)
GoblinManager: Failed to register cave at 28,73 (Terrain rejected)
GoblinManager: Failed to register cave at 11,19 (Terrain rejected)
GoblinManager: Failed to register cave at 80,35 (Terrain rejected)
GoblinManager: Failed to register cave at 73,76 (Terrain rejected)
GoblinManager: Failed to register cave at 75,7 (Terrain rejected)
GoblinManager: Failed to register cave at 11,97 (Terrain rejected)
GoblinManager: Failed to register cave at 40,45 (Terrain rejected)
GoblinManager: Failed to register cave at 50,67 (Terrain rejected)
GoblinManager: Failed to register cave at 4,80 (Terrain rejected)
GoblinManager: Failed to register cave at 78,49 (Terrain rejected)
GoblinManager: Failed to register cave at 5,85 (Terrain rejected)
GoblinManager: Failed to register cave at 84,37 (Terrain rejected)
GoblinManager: Failed to register cave at 55,53 (Terrain rejected)
GoblinManager: Failed to register cave at 61,20 (Terrain rejected)
GoblinManager: Failed to register cave at 19,26 (Terrain rejected)
GoblinManager: Failed to register cave at 32,3 (Terrain rejected)
GoblinManager: Failed to register cave at 83,67 (Terrain rejected)
GoblinManager: Failed to register cave at 70,45 (Terrain rejected)
GoblinManager: Failed to register cave at 70,78 (Terrain rejected)
GoblinManager: Failed to register cave at 94,83 (Terrain rejected)
GoblinManager: Failed to register cave at 24,84 (Terrain rejected)
GoblinManager: Failed to register cave at 34,99 (Terrain rejected)
GoblinManager: Failed to register cave at 76,41 (Terrain rejected)
GoblinManager: Failed to register cave at 34,44 (Terrain rejected)
GoblinManager: Failed to register cave at 16,82 (Terrain rejected)
GoblinManager: Failed to register cave at 56,90 (Terrain rejected)
GoblinManager: Failed to register cave at 51,7 (Terrain rejected)
GoblinManager: Failed to register cave at 44,58 (Terrain rejected)
GoblinManager: Failed to register cave at 78,54 (Terrain rejected)
GoblinManager: Failed to register cave at 12,48 (Terrain rejected)
GoblinManager: Failed to register cave at 25,0 (Terrain rejected)
GoblinManager: Failed to register cave at 11,34 (Terrain rejected)
GoblinManager: Failed to register cave at 73,38 (Terrain rejected)
GoblinManager: Failed to register cave at 27,70 (Terrain rejected)
GoblinManager: Failed to register cave at 63,13 (Terrain rejected)
GoblinManager: Failed to register cave at 64,81 (Terrain rejected)
GoblinManager: Failed to register cave at 73,39 (Terrain rejected)
GoblinManager: Failed to register cave at 32,30 (Terrain rejected)
GoblinManager: Failed to register cave at 3,80 (Terrain rejected)
GoblinManager: Failed to register cave at 91,52 (Terrain rejected)
GoblinManager: Failed to register cave at 81,48 (Terrain rejected)
GoblinManager: Failed to register cave at 59,94 (Terrain rejected)
GoblinManager: Failed to register cave at 58,99 (Terrain rejected)
GoblinManager: Failed to register cave at 30,20 (Terrain rejected)
GoblinManager: Failed to register cave at 0,39 (Terrain rejected)
GoblinManager: Failed to register cave at 23,61 (Terrain rejected)
GoblinManager: Failed to register cave at 29,89 (Terrain rejected)
GoblinManager: Failed to register cave at 13,76 (Terrain rejected)
GoblinManager: Failed to register cave at 78,1 (Terrain rejected)
GoblinManager: Failed to register cave at 50,0 (Terrain rejected)
GoblinManager: Failed to register cave at 2,3 (Terrain rejected)
GoblinManager: Failed to register cave at 75,22 (Terrain rejected)
GoblinManager: Failed to register cave at 5,83 (Terrain rejected)
GoblinManager: Failed to register cave at 66,47 (Terrain rejected)
GoblinManager: Failed to register cave at 86,84 (Terrain rejected)
GoblinManager: Failed to register cave at 90,5 (Terrain rejected)
GoblinManager: Failed to register cave at 52,14 (Terrain rejected)
GoblinManager: Failed to register cave at 49,91 (Terrain rejected)
GoblinManager: Failed to register cave at 42,8 (Terrain rejected)
GoblinManager: Failed to register cave at 98,65 (Terrain rejected)
GoblinManager: Failed to register cave at 12,59 (Terrain rejected)
GoblinManager: Failed to register cave at 24,1 (Terrain rejected)
GoblinManager: Failed to register cave at 69,21 (Terrain rejected)
GoblinManager: Failed to register cave at 25,42 (Terrain rejected)
GoblinManager: Failed to register cave at 4,10 (Terrain rejected)
GoblinManager: Failed to register cave at 88,71 (Terrain rejected)
GoblinManager: Failed to register cave at 49,7 (Terrain rejected)
GoblinManager: Failed to register cave at 32,12 (Terrain rejected)
GoblinManager: Failed to register cave at 30,87 (Terrain rejected)
GoblinManager: Failed to register cave at 98,67 (Terrain rejected)
GoblinManager: Failed to register cave at 34,93 (Terrain rejected)
GoblinManager: Failed to register cave at 92,28 (Terrain rejected)
GoblinManager: Failed to register cave at 82,32 (Terrain rejected)
GoblinManager: Failed to register cave at 47,73 (Terrain rejected)
GoblinManager: Failed to register cave at 54,76 (Terrain rejected)
GoblinManager: Failed to register cave at 63,40 (Terrain rejected)
GoblinManager: Failed to register cave at 28,79 (Terrain rejected)
GoblinManager: Failed to register cave at 66,26 (Terrain rejected)
GoblinManager: Failed to register cave at 59,64 (Terrain rejected)
GoblinManager: Failed to register cave at 33,82 (Terrain rejected)
GoblinManager: Failed to register cave at 35,48 (Terrain rejected)
GoblinManager: Failed to register cave at 60,40 (Terrain rejected)
GoblinManager: Failed to register cave at 21,13 (Terrain rejected)
GoblinManager: Failed to register cave at 5,5 (Terrain rejected)
GoblinManager: Failed to register cave at 31,24 (Terrain rejected)
GoblinManager: Failed to register cave at 94,31 (Terrain rejected)
GoblinManager: Failed to register cave at 23,77 (Terrain rejected)
GoblinManager: Failed to register cave at 0,22 (Terrain rejected)
GoblinManager: Failed to register cave at 31,52 (Terrain rejected)
GoblinManager: Failed to register cave at 8,49 (Terrain rejected)
GoblinManager: Failed to register cave at 84,2 (Terrain rejected)
GoblinManager: Failed to register cave at 75,52 (Terrain rejected)
GoblinManager: Failed to register cave at 11,56 (Terrain rejected)
GoblinManager: Failed to register cave at 41,58 (Terrain rejected)
GoblinManager: Failed to register cave at 12,4 (Terrain rejected)
GoblinManager: Failed to register cave at 95,94 (Terrain rejected)
GoblinManager: Failed to register cave at 99,59 (Terrain rejected)
GoblinManager: Failed to register cave at 63,12 (Terrain rejected)
GoblinManager: Failed to register cave at 27,4 (Terrain rejected)
GoblinManager: Failed to register cave at 1,88 (Terrain rejected)
GoblinManager: Failed to register cave at 80,98 (Terrain rejected)
GoblinManager: Failed to register cave at 5,98 (Terrain rejected)
GoblinManager: Failed to register cave at 48,93 (Terrain rejected)
GoblinManager: Failed to register cave at 11,63 (Terrain rejected)
GoblinManager: Failed to register cave at 77,50 (Terrain rejected)
GoblinManager: Failed to register cave at 74,95 (Terrain rejected)
GoblinManager: Failed to register cave at 83,82 (Terrain rejected)
GoblinManager: Failed to register cave at 51,38 (Terrain rejected)
GoblinManager: Failed to register cave at 91,17 (Terrain rejected)
GoblinManager: Failed to register cave at 2,86 (Terrain rejected)
GoblinManager: Failed to register cave at 83,71 (Terrain rejected)
GoblinManager: Failed to register cave at 76,74 (Terrain rejected)
GoblinManager: Failed to register cave at 97,74 (Terrain rejected)
GoblinManager: Failed to register cave at 45,97 (Terrain rejected)
GoblinManager: Failed to register cave at 44,81 (Terrain rejected)
GoblinManager: Failed to register cave at 28,55 (Terrain rejected)
GoblinManager: Failed to register cave at 25,95 (Terrain rejected)
GoblinManager: Failed to register cave at 44,52 (Terrain rejected)
GoblinManager: Failed to register cave at 25,78 (Terrain rejected)
GoblinManager: Failed to register cave at 79,70 (Terrain rejected)
GoblinManager: Failed to register cave at 96,59 (Terrain rejected)
GoblinManager: Failed to register cave at 65,43 (Terrain rejected)
GoblinManager: Failed to register cave at 15,61 (Terrain rejected)
GoblinManager: Failed to register cave at 82,24 (Terrain rejected)
GoblinManager: Failed to register cave at 9,57 (Terrain rejected)
GoblinManager: Failed to register cave at 8,59 (Terrain rejected)
GoblinManager: Failed to register cave at 65,12 (Terrain rejected)
GoblinManager: Failed to register cave at 40,69 (Terrain rejected)
GoblinManager: Failed to register cave at 33,64 (Terrain rejected)
GoblinManager: Failed to register cave at 52,40 (Terrain rejected)
GoblinManager: Failed to register cave at 57,97 (Terrain rejected)
GoblinManager: Failed to register cave at 84,62 (Terrain rejected)
GoblinManager: Failed to register cave at 32,95 (Terrain rejected)
GoblinManager: Failed to register cave at 70,24 (Terrain rejected)
GoblinManager: Failed to register cave at 50,49 (Terrain rejected)
GoblinManager: Failed to register cave at 84,98 (Terrain rejected)
GoblinManager: Failed to register cave at 53,65 (Terrain rejected)
GoblinManager: Failed to register cave at 11,96 (Terrain rejected)
GoblinManager: Failed to register cave at 29,43 (Terrain rejected)
GoblinManager: Failed to register cave at 77,94 (Terrain rejected)
GoblinManager: Failed to register cave at 64,18 (Terrain rejected)
GoblinManager: Failed to register cave at 64,31 (Terrain rejected)
GoblinManager: Failed to register cave at 99,11 (Terrain rejected)
GoblinManager: Failed to register cave at 91,75 (Terrain rejected)
GoblinManager: Failed to register cave at 13,34 (Terrain rejected)
GoblinManager: Failed to register cave at 39,57 (Terrain rejected)
GoblinManager: Failed to register cave at 29,19 (Terrain rejected)
GoblinManager: Failed to register cave at 9,96 (Terrain rejected)
GoblinManager: Failed to register cave at 57,40 (Terrain rejected)
GoblinManager: Failed to register cave at 3,33 (Terrain rejected)
GoblinManager: Failed to register cave at 12,62 (Terrain rejected)
GoblinManager: Failed to register cave at 54,48 (Terrain rejected)
GoblinManager: Failed to register cave at 32,44 (Terrain rejected)
GoblinManager: Failed to register cave at 19,28 (Terrain rejected)
GoblinManager: Failed to register cave at 39,89 (Terrain rejected)
GoblinManager: Failed to register cave at 2,96 (Terrain rejected)
GoblinManager: Failed to register cave at 32,23 (Terrain rejected)
GoblinManager: Failed to register cave at 79,67 (Terrain rejected)
GoblinManager: Failed to register cave at 47,17 (Terrain rejected)
GoblinManager: Failed to register cave at 93,35 (Terrain rejected)
GoblinManager: Failed to register cave at 81,50 (Terrain rejected)
GoblinManager: Failed to register cave at 48,34 (Terrain rejected)
GoblinManager: Failed to register cave at 9,20 (Terrain rejected)
GoblinManager: Failed to register cave at 95,13 (Terrain rejected)
GoblinManager: Failed to register cave at 93,92 (Terrain rejected)
GoblinManager: Failed to register cave at 95,56 (Terrain rejected)
GoblinManager: Failed to register cave at 29,79 (Terrain rejected)
GoblinManager: Failed to register cave at 17,83 (Terrain rejected)
GoblinManager: Failed to register cave at 81,74 (Terrain rejected)
GoblinManager: Failed to register cave at 11,9 (Terrain rejected)
GoblinManager: Failed to register cave at 17,23 (Terrain rejected)
GoblinManager: Failed to register cave at 31,96 (Terrain rejected)
GoblinManager: Failed to register cave at 1,19 (Terrain rejected)
GoblinManager: Failed to register cave at 22,8 (Terrain rejected)
GoblinManager: Failed to register cave at 68,22 (Terrain rejected)
GoblinManager: Failed to register cave at 81,81 (Terrain rejected)
GoblinManager: Failed to register cave at 37,24 (Terrain rejected)
GoblinManager: Failed to register cave at 77,96 (Terrain rejected)
GoblinManager: Failed to register cave at 59,35 (Terrain rejected)
GoblinManager: Failed to register cave at 55,32 (Terrain rejected)
GoblinManager: Failed to register cave at 2,67 (Terrain rejected)
GoblinManager: Failed to register cave at 52,59 (Terrain rejected)
GoblinManager: Failed to register cave at 56,84 (Terrain rejected)
GoblinManager: Failed to register cave at 92,47 (Terrain rejected)
GoblinManager: Failed to register cave at 93,63 (Terrain rejected)
GoblinManager: Failed to register cave at 86,61 (Terrain rejected)
GoblinManager: Failed to register cave at 67,0 (Terrain rejected)
GoblinManager: Failed to register cave at 85,67 (Terrain rejected)
GoblinManager: Failed to register cave at 31,10 (Terrain rejected)
GoblinManager: Failed to register cave at 77,7 (Terrain rejected)
GoblinManager: Failed to register cave at 15,81 (Terrain rejected)
GoblinManager: Failed to register cave at 3,67 (Terrain rejected)
GoblinManager: Failed to register cave at 45,1 (Terrain rejected)
GoblinManager: Failed to register cave at 8,14 (Terrain rejected)
GoblinManager: Failed to register cave at 2,50 (Terrain rejected)
GoblinManager: Failed to register cave at 96,33 (Terrain rejected)
GoblinManager: Failed to register cave at 10,3 (Terrain rejected)
GoblinManager: Failed to register cave at 82,85 (Terrain rejected)
GoblinManager: Failed to register cave at 51,76 (Terrain rejected)
GoblinManager: Failed to register cave at 97,13 (Terrain rejected)
GoblinManager: Failed to register cave at 97,80 (Terrain rejected)
GoblinManager: Failed to register cave at 77,13 (Terrain rejected)
GoblinManager: Failed to register cave at 83,70 (Terrain rejected)
GoblinManager: Failed to register cave at 57,32 (Terrain rejected)
GoblinManager: Failed to register cave at 78,1 (Terrain rejected)
GoblinManager: Failed to register cave at 76,6 (Terrain rejected)
GoblinManager: Failed to register cave at 74,43 (Terrain rejected)
GoblinManager: Failed to register cave at 65,35 (Terrain rejected)
GoblinManager: Failed to register cave at 79,56 (Terrain rejected)
GoblinManager: Failed to register cave at 67,54 (Terrain rejected)
GoblinManager: Failed to register cave at 67,52 (Terrain rejected)
GoblinManager: Failed to register cave at 16,31 (Terrain rejected)
GoblinManager: Failed to register cave at 17,26 (Terrain rejected)
GoblinManager: Failed to register cave at 89,70 (Terrain rejected)
GoblinManager: Failed to register cave at 22,88 (Terrain rejected)
GoblinManager: Failed to register cave at 75,93 (Terrain rejected)
GoblinManager: Failed to register cave at 14,76 (Terrain rejected)
GoblinManager: Failed to register cave at 11,18 (Terrain rejected)
GoblinManager: Failed to register cave at 1,73 (Terrain rejected)
GoblinManager: Failed to register cave at 59,30 (Terrain rejected)
GoblinManager: Failed to register cave at 63,14 (Terrain rejected)
GoblinManager: Failed to register cave at 66,42 (Terrain rejected)
GoblinManager: Failed to register cave at 38,14 (Terrain rejected)
GoblinManager: Failed to register cave at 24,8 (Terrain rejected)
GoblinManager: Failed to register cave at 31,84 (Terrain rejected)
GoblinManager: Failed to register cave at 56,74 (Terrain rejected)
GoblinManager: Failed to register cave at 61,62 (Terrain rejected)
GoblinManager: Failed to register cave at 38,74 (Terrain rejected)
GoblinManager: Failed to register cave at 53,15 (Terrain rejected)
GoblinManager: Failed to register cave at 85,73 (Terrain rejected)
GoblinManager: Failed to register cave at 26,38 (Terrain rejected)
GoblinManager: Failed to register cave at 45,5 (Terrain rejected)
GoblinManager: Failed to register cave at 91,68 (Terrain rejected)
GoblinManager: Failed to register cave at 47,48 (Terrain rejected)
GoblinManager: Failed to register cave at 79,31 (Terrain rejected)
GoblinManager: Failed to register cave at 5,89 (Terrain rejected)
GoblinManager: Failed to register cave at 95,23 (Terrain rejected)
GoblinManager: Failed to register cave at 66,23 (Terrain rejected)
GoblinManager: Failed to register cave at 43,54 (Terrain rejected)
GoblinManager: Failed to register cave at 84,14 (Terrain rejected)
GoblinManager: Failed to register cave at 76,63 (Terrain rejected)
GoblinManager: Failed to register cave at 37,91 (Terrain rejected)
GoblinManager: Failed to register cave at 24,79 (Terrain rejected)
GoblinManager: Failed to register cave at 97,62 (Terrain rejected)
GoblinManager: Failed to register cave at 65,46 (Terrain rejected)
GoblinManager: Failed to register cave at 61,78 (Terrain rejected)
GoblinManager: Failed to register cave at 5,96 (Terrain rejected)
GoblinManager: Failed to register cave at 80,10 (Terrain rejected)
GoblinManager: Failed to register cave at 90,52 (Terrain rejected)
GoblinManager: Failed to register cave at 68,60 (Terrain rejected)
GoblinManager: Failed to register cave at 42,32 (Terrain rejected)
GoblinManager: Failed to register cave at 87,17 (Terrain rejected)
GoblinManager: Failed to register cave at 4,77 (Terrain rejected)
GoblinManager: Failed to register cave at 82,80 (Terrain rejected)
GoblinManager: Failed to register cave at 18,96 (Terrain rejected)
GoblinManager: Failed to register cave at 85,52 (Terrain rejected)
GoblinManager: Failed to register cave at 83,39 (Terrain rejected)
GoblinManager: Failed to register cave at 98,72 (Terrain rejected)
GoblinManager: Failed to register cave at 56,94 (Terrain rejected)
GoblinManager: Failed to register cave at 62,62 (Terrain rejected)
GoblinManager: Failed to register cave at 33,11 (Terrain rejected)
GoblinManager: Failed to register cave at 17,70 (Terrain rejected)
GoblinManager: Failed to register cave at 77,81 (Terrain rejected)
GoblinManager: Failed to register cave at 79,57 (Terrain rejected)
GoblinManager: Failed to register cave at 27,94 (Terrain rejected)
GoblinManager: Failed to register cave at 41,59 (Terrain rejected)
GoblinManager: Failed to register cave at 88,25 (Terrain rejected)
GoblinManager: Failed to register cave at 56,15 (Terrain rejected)
GoblinManager: Failed to register cave at 20,58 (Terrain rejected)
GoblinManager: Failed to register cave at 38,38 (Terrain rejected)
GoblinManager: Failed to register cave at 4,28 (Terrain rejected)
GoblinManager: Failed to register cave at 41,36 (Terrain rejected)
GoblinManager: Failed to register cave at 96,40 (Terrain rejected)
GoblinManager: Failed to register cave at 67,41 (Terrain rejected)
GoblinManager: Failed to register cave at 30,53 (Terrain rejected)
GoblinManager: Failed to register cave at 36,38 (Terrain rejected)
GoblinManager: Failed to register cave at 41,40 (Terrain rejected)
GoblinManager: Failed to register cave at 99,97 (Terrain rejected)
GoblinManager: Failed to register cave at 89,39 (Terrain rejected)
GoblinManager: Failed to register cave at 66,9 (Terrain rejected)
GoblinManager: Failed to register cave at 42,26 (Terrain rejected)
GoblinManager: Failed to register cave at 39,15 (Terrain rejected)
GoblinManager: Failed to register cave at 45,63 (Terrain rejected)
GoblinManager: Failed to register cave at 63,13 (Terrain rejected)
GoblinManager: Failed to register cave at 65,29 (Terrain rejected)
GoblinManager: Failed to register cave at 56,5 (Terrain rejected)
GoblinManager: Failed to register cave at 94,31 (Terrain rejected)
GoblinManager: Failed to register cave at 33,32 (Terrain rejected)
GoblinManager: Failed to register cave at 79,15 (Terrain rejected)
GoblinManager: Failed to register cave at 59,99 (Terrain rejected)
GoblinManager: Failed to register cave at 58,14 (Terrain rejected)
GoblinManager: Failed to register cave at 11,13 (Terrain rejected)
GoblinManager: Failed to register cave at 39,99 (Terrain rejected)
GoblinManager: Failed to register cave at 61,15 (Terrain rejected)
GoblinManager: Failed to register cave at 49,50 (Terrain rejected)
GoblinManager: Failed to register cave at 79,92 (Terrain rejected)
GoblinManager: Failed to register cave at 72,72 (Terrain rejected)
GoblinManager: Failed to register cave at 91,53 (Terrain rejected)
GoblinManager: Failed to register cave at 6,52 (Terrain rejected)
GoblinManager: Failed to register cave at 10,71 (Terrain rejected)
GoblinManager: Failed to register cave at 83,27 (Terrain rejected)
GoblinManager: Failed to register cave at 60,45 (Terrain rejected)
GoblinManager: Failed to register cave at 93,19 (Terrain rejected)
GoblinManager: Failed to register cave at 9,44 (Terrain rejected)
GoblinManager: Failed to register cave at 91,70 (Terrain rejected)
GoblinManager: Failed to register cave at 1,29 (Terrain rejected)
GoblinManager: Failed to register cave at 72,7 (Terrain rejected)
GoblinManager: Failed to register cave at 39,14 (Terrain rejected)
GoblinManager: Failed to register cave at 41,15 (Terrain rejected)
GoblinManager: Failed to register cave at 59,5 (Terrain rejected)
GoblinManager: Failed to register cave at 92,46 (Terrain rejected)
GoblinManager: Failed to register cave at 90,84 (Terrain rejected)
GoblinManager: Failed to register cave at 22,4 (Terrain rejected)
GoblinManager: Failed to register cave at 4,94 (Terrain rejected)
GoblinManager: Failed to register cave at 7,45 (Terrain rejected)
GoblinManager: Failed to register cave at 62,37 (Terrain rejected)
GoblinManager: Failed to register cave at 73,5 (Terrain rejected)
GoblinManager: Failed to register cave at 2,83 (Terrain rejected)
GoblinManager: Failed to register cave at 3,12 (Terrain rejected)
GoblinManager: Failed to register cave at 14,39 (Terrain rejected)
GoblinManager: Failed to register cave at 51,10 (Terrain rejected)
GoblinManager: Failed to register cave at 45,18 (Terrain rejected)
GoblinManager: Failed to register cave at 28,25 (Terrain rejected)
GoblinManager: Failed to register cave at 35,66 (Terrain rejected)
GoblinManager: Failed to register cave at 76,14 (Terrain rejected)
GoblinManager: Failed to register cave at 98,50 (Terrain rejected)
GoblinManager: Failed to register cave at 55,3 (Terrain rejected)
GoblinManager: Failed to register cave at 49,38 (Terrain rejected)
GoblinManager: Failed to register cave at 36,1 (Terrain rejected)
GoblinManager: Failed to register cave at 68,38 (Terrain rejected)
GoblinManager: Failed to register cave at 37,81 (Terrain rejected)
GoblinManager: Failed to register cave at 89,66 (Terrain rejected)
GoblinManager: Failed to register cave at 80,89 (Terrain rejected)
GoblinManager: Failed to register cave at 31,58 (Terrain rejected)
GoblinManager: Failed to register cave at 10,20 (Terrain rejected)
GoblinManager: Failed to register cave at 97,93 (Terrain rejected)
GoblinManager: Failed to register cave at 72,92 (Terrain rejected)
GoblinManager: Failed to register cave at 21,41 (Terrain rejected)
GoblinManager: Failed to register cave at 66,60 (Terrain rejected)
GoblinManager: Failed to register cave at 46,90 (Terrain rejected)
GoblinManager: Failed to register cave at 17,27 (Terrain rejected)
GoblinManager: Failed to register cave at 83,74 (Terrain rejected)
GoblinManager: Failed to register cave at 52,91 (Terrain rejected)
GoblinManager: Failed to register cave at 78,16 (Terrain rejected)
GoblinManager: Failed to register cave at 95,70 (Terrain rejected)
GoblinManager: Failed to register cave at 53,7 (Terrain rejected)
GoblinManager: Failed to register cave at 14,19 (Terrain rejected)
GoblinManager: Failed to register cave at 86,74 (Terrain rejected)
GoblinManager: Failed to register cave at 32,22 (Terrain rejected)
GoblinManager: Failed to register cave at 54,58 (Terrain rejected)
GoblinManager: Failed to register cave at 3,9 (Terrain rejected)
GoblinManager: Failed to register cave at 81,43 (Terrain rejected)
GoblinManager: Failed to register cave at 31,92 (Terrain rejected)
GoblinManager: Failed to register cave at 48,35 (Terrain rejected)
GoblinManager: Failed to register cave at 39,14 (Terrain rejected)
GoblinManager: Failed to register cave at 33,81 (Terrain rejected)
GoblinManager: Failed to register cave at 52,5 (Terrain rejected)
GoblinManager: Failed to register cave at 4,80 (Terrain rejected)
GoblinManager: Failed to register cave at 81,48 (Terrain rejected)
GoblinManager: Failed to register cave at 50,28 (Terrain rejected)
GoblinManager: Failed to register cave at 74,43 (Terrain rejected)
GoblinManager: Failed to register cave at 69,4 (Terrain rejected)
GoblinManager: Failed to register cave at 32,64 (Terrain rejected)
GoblinManager: Failed to register cave at 22,80 (Terrain rejected)
GoblinManager: Failed to register cave at 53,48 (Terrain rejected)
GoblinManager: Failed to register cave at 18,96 (Terrain rejected)
GoblinManager: Failed to register cave at 49,52 (Terrain rejected)
GoblinManager: Failed to register cave at 33,23 (Terrain rejected)
GoblinManager: Failed to register cave at 47,40 (Terrain rejected)
GoblinManager: Failed to register cave at 28,5 (Terrain rejected)
GoblinManager: Failed to register cave at 90,60 (Terrain rejected)
GoblinManager: Failed to register cave at 99,63 (Terrain rejected)
GoblinManager: Failed to register cave at 53,27 (Terrain rejected)
GoblinManager: Failed to register cave at 32,88 (Terrain rejected)
GoblinManager: Failed to register cave at 72,14 (Terrain rejected)
GoblinManager: Failed to register cave at 97,90 (Terrain rejected)
GoblinManager: Failed to register cave at 38,86 (Terrain rejected)
GoblinManager: Failed to register cave at 53,61 (Terrain rejected)
GoblinManager: Failed to register cave at 62,63 (Terrain rejected)
GoblinManager: Failed to register cave at 14,54 (Terrain rejected)
GoblinManager: Failed to register cave at 30,55 (Terrain rejected)
GoblinManager: Failed to register cave at 77,16 (Terrain rejected)
GoblinManager: Failed to register cave at 13,25 (Terrain rejected)
GoblinManager: Failed to register cave at 24,82 (Terrain rejected)
GoblinManager: Failed to register cave at 71,92 (Terrain rejected)
GoblinManager: Failed to register cave at 48,74 (Terrain rejected)
GoblinManager: Failed to register cave at 69,19 (Terrain rejected)
GoblinManager: Failed to register cave at 80,1 (Terrain rejected)
GoblinManager: Failed to register cave at 88,71 (Terrain rejected)
GoblinManager: Failed to register cave at 90,78 (Terrain rejected)
GoblinManager: Failed to register cave at 7,44 (Terrain rejected)
GoblinManager: Failed to register cave at 97,71 (Terrain rejected)
GoblinManager: Failed to register cave at 75,24 (Terrain rejected)
GoblinManager: Failed to register cave at 80,3 (Terrain rejected)
GoblinManager: Failed to register cave at 94,54 (Terrain rejected)
GoblinManager: Failed to register cave at 54,20 (Terrain rejected)
GoblinManager: Failed to register cave at 48,80 (Terrain rejected)
GoblinManager: Failed to register cave at 77,35 (Terrain rejected)
GoblinManager: Failed to register cave at 80,91 (Terrain rejected)
GoblinManager: Failed to register cave at 79,42 (Terrain rejected)
GoblinManager: Failed to register cave at 11,96 (Terrain rejected)
GoblinManager: Failed to register cave at 23,46 (Terrain rejected)
GoblinManager: Failed to register cave at 9,42 (Terrain rejected)
GoblinManager: Failed to register cave at 41,80 (Terrain rejected)
GoblinManager: Failed to register cave at 79,14 (Terrain rejected)
GoblinManager: Failed to register cave at 67,78 (Terrain rejected)
GoblinManager: Failed to register cave at 69,33 (Terrain rejected)
GoblinManager: Failed to register cave at 1,60 (Terrain rejected)
GoblinManager: Failed to register cave at 77,19 (Terrain rejected)
GoblinManager: Failed to register cave at 14,63 (Terrain rejected)
GoblinManager: Failed to register cave at 80,88 (Terrain rejected)
GoblinManager: Failed to register cave at 6,85 (Terrain rejected)
GoblinManager: Failed to register cave at 92,56 (Terrain rejected)
GoblinManager: Failed to register cave at 17,11 (Terrain rejected)
GoblinManager: Failed to register cave at 53,8 (Terrain rejected)
GoblinManager: Failed to register cave at 17,22 (Terrain rejected)
GoblinManager: Failed to register cave at 10,9 (Terrain rejected)
GoblinManager: Failed to register cave at 74,2 (Terrain rejected)
GoblinManager: Failed to register cave at 0,73 (Terrain rejected)
GoblinManager: Failed to register cave at 44,7 (Terrain rejected)
GoblinManager: Failed to register cave at 69,33 (Terrain rejected)
GoblinManager: Failed to register cave at 72,75 (Terrain rejected)
GoblinManager: Failed to register cave at 99,2 (Terrain rejected)
GoblinManager: Failed to register cave at 36,96 (Terrain rejected)
GoblinManager: Failed to register cave at 52,4 (Terrain rejected)
GoblinManager: Failed to register cave at 51,6 (Terrain rejected)
GoblinManager: Failed to register cave at 60,42 (Terrain rejected)
GoblinManager: Failed to register cave at 17,25 (Terrain rejected)
GoblinManager: Failed to register cave at 29,66 (Terrain rejected)
GoblinManager: Failed to register cave at 0,82 (Terrain rejected)
GoblinManager: Failed to register cave at 74,9 (Terrain rejected)
GoblinManager: Failed to register cave at 34,11 (Terrain rejected)
GoblinManager: Failed to register cave at 18,93 (Terrain rejected)
GoblinManager: Failed to register cave at 2,5 (Terrain rejected)
GoblinManager: Failed to register cave at 38,66 (Terrain rejected)
GoblinManager: Failed to register cave at 78,58 (Terrain rejected)
GoblinManager: Failed to register cave at 18,15 (Terrain rejected)
GoblinManager: Failed to register cave at 64,19 (Terrain rejected)
GoblinManager: Failed to register cave at 17,18 (Terrain rejected)
GoblinManager: Failed to register cave at 78,89 (Terrain rejected)
GoblinManager: Failed to register cave at 62,14 (Terrain rejected)
GoblinManager: Failed to register cave at 58,63 (Terrain rejected)
GoblinManager: Failed to register cave at 73,85 (Terrain rejected)
GoblinManager: Failed to register cave at 84,91 (Terrain rejected)
GoblinManager: Failed to register cave at 59,32 (Terrain rejected)
GoblinManager: Failed to register cave at 95,7 (Terrain rejected)
GoblinManager: Failed to register cave at 97,8 (Terrain rejected)
GoblinManager: Failed to register cave at 55,20 (Terrain rejected)
GoblinManager: Failed to register cave at 30,22 (Terrain rejected)
GoblinManager: Failed to register cave at 33,80 (Terrain rejected)
GoblinManager: Failed to register cave at 37,31 (Terrain rejected)
GoblinManager: Failed to register cave at 49,37 (Terrain rejected)
GoblinManager: Failed to register cave at 36,25 (Terrain rejected)
GoblinManager: Failed to register cave at 55,4 (Terrain rejected)
GoblinManager: Failed to register cave at 78,19 (Terrain rejected)
GoblinManager: Failed to register cave at 52,29 (Terrain rejected)
GoblinManager: Failed to register cave at 41,2 (Terrain rejected)
GoblinManager: Failed to register cave at 68,34 (Terrain rejected)
GoblinManager: Failed to register cave at 83,37 (Terrain rejected)
GoblinManager: Failed to register cave at 52,71 (Terrain rejected)
GoblinManager: Failed to register cave at 0,57 (Terrain rejected)
GoblinManager: Failed to register cave at 52,7 (Terrain rejected)
GoblinManager: Failed to register cave at 97,75 (Terrain rejected)
GoblinManager: Failed to register cave at 45,73 (Terrain rejected)
GoblinManager: Failed to register cave at 22,95 (Terrain rejected)
GoblinManager: Failed to register cave at 28,9 (Terrain rejected)
GoblinManager: Failed to register cave at 41,82 (Terrain rejected)
GoblinManager: Failed to register cave at 35,43 (Terrain rejected)
GoblinManager: Failed to register cave at 91,30 (Terrain rejected)
GoblinManager: Failed to register cave at 20,89 (Terrain rejected)
GoblinManager: Failed to register cave at 36,67 (Terrain rejected)
GoblinManager: Failed to register cave at 34,73 (Terrain rejected)
GoblinManager: Failed to register cave at 85,21 (Terrain rejected)
GoblinManager: Failed to register cave at 72,26 (Terrain rejected)
GoblinManager: Failed to register cave at 19,7 (Terrain rejected)
GoblinManager: Failed to register cave at 80,13 (Terrain rejected)
GoblinManager: Failed to register cave at 11,98 (Terrain rejected)
GoblinManager: Failed to register cave at 83,41 (Terrain rejected)
GoblinManager: Failed to register cave at 44,19 (Terrain rejected)
GoblinManager: Failed to register cave at 32,34 (Terrain rejected)
GoblinManager: Failed to register cave at 7,40 (Terrain rejected)
GoblinManager: Failed to register cave at 80,0 (Terrain rejected)
GoblinManager: Failed to register cave at 70,14 (Terrain rejected)
GoblinManager: Failed to register cave at 22,98 (Terrain rejected)
GoblinManager: Failed to register cave at 71,89 (Terrain rejected)
GoblinManager: Failed to register cave at 74,53 (Terrain rejected)
GoblinManager: Failed to register cave at 51,87 (Terrain rejected)
GoblinManager: Failed to register cave at 97,63 (Terrain rejected)
GoblinManager: Failed to register cave at 85,81 (Terrain rejected)
GoblinManager: Failed to register cave at 98,78 (Terrain rejected)
GoblinManager: Failed to register cave at 62,87 (Terrain rejected)
GoblinManager: Failed to register cave at 77,28 (Terrain rejected)
GoblinManager: Failed to register cave at 63,40 (Terrain rejected)
GoblinManager: Failed to register cave at 27,54 (Terrain rejected)
GoblinManager: Failed to register cave at 83,85 (Terrain rejected)
GoblinManager: Failed to register cave at 23,9 (Terrain rejected)
GoblinManager: Failed to register cave at 64,5 (Terrain rejected)
GoblinManager: Failed to register cave at 39,64 (Terrain rejected)
GoblinManager: Failed to register cave at 89,62 (Terrain rejected)
GoblinManager: Failed to register cave at 97,58 (Terrain rejected)
GoblinManager: Failed to register cave at 67,1 (Terrain rejected)
GoblinManager: Failed to register cave at 90,34 (Terrain rejected)
GoblinManager: Failed to register cave at 19,69 (Terrain rejected)
GoblinManager: Failed to register cave at 24,21 (Terrain rejected)
GoblinManager: Failed to register cave at 1,85 (Terrain rejected)
GoblinManager: Failed to register cave at 19,28 (Terrain rejected)
GoblinManager: Failed to register cave at 73,23 (Terrain rejected)
GoblinManager: Failed to register cave at 9,75 (Terrain rejected)
GoblinManager: Failed to register cave at 68,91 (Terrain rejected)
GoblinManager: Failed to register cave at 69,38 (Terrain rejected)
GoblinManager: Failed to register cave at 10,80 (Terrain rejected)
GoblinManager: Failed to register cave at 0,10 (Terrain rejected)
GoblinManager: Failed to register cave at 23,8 (Terrain rejected)
GoblinManager: Failed to register cave at 30,21 (Terrain rejected)
GoblinManager: Failed to register cave at 40,33 (Terrain rejected)
GoblinManager: Failed to register cave at 99,4 (Terrain rejected)
GoblinManager: Failed to register cave at 37,13 (Terrain rejected)
GoblinManager: Failed to register cave at 86,4 (Terrain rejected)
GoblinManager: Failed to register cave at 45,50 (Terrain rejected)
GoblinManager: Failed to register cave at 44,58 (Terrain rejected)
GoblinManager: Failed to register cave at 99,11 (Terrain rejected)
GoblinManager: Failed to register cave at 67,62 (Terrain rejected)
GoblinManager: Failed to register cave at 0,64 (Terrain rejected)
GoblinManager: Failed to register cave at 70,73 (Terrain rejected)
GoblinManager: Failed to register cave at 23,39 (Terrain rejected)
GoblinManager: Failed to register cave at 60,56 (Terrain rejected)
GoblinManager: Failed to register cave at 24,48 (Terrain rejected)
GoblinManager: Failed to register cave at 25,41 (Terrain rejected)
GoblinManager: Failed to register cave at 60,52 (Terrain rejected)
GoblinManager: Failed to register cave at 24,37 (Terrain rejected)
GoblinManager: Failed to register cave at 79,88 (Terrain rejected)
GoblinManager: Failed to register cave at 93,96 (Terrain rejected)
GoblinManager: Failed to register cave at 42,74 (Terrain rejected)
GoblinManager: Failed to register cave at 72,47 (Terrain rejected)
GoblinManager: Failed to register cave at 27,94 (Terrain rejected)
GoblinManager: Failed to register cave at 5,98 (Terrain rejected)
GoblinManager: Failed to register cave at 72,68 (Terrain rejected)
GoblinManager: Failed to register cave at 6,66 (Terrain rejected)
GoblinManager: Failed to register cave at 52,7 (Terrain rejected)
GoblinManager: Failed to register cave at 24,88 (Terrain rejected)
GoblinManager: Failed to register cave at 90,74 (Terrain rejected)
GoblinManager: Failed to register cave at 69,0 (Terrain rejected)
GoblinManager: Failed to register cave at 37,16 (Terrain rejected)
GoblinManager: Failed to register cave at 21,34 (Terrain rejected)
GoblinManager: Failed to register cave at 7,85 (Terrain rejected)
GoblinManager: Failed to register cave at 90,3 (Terrain rejected)
GoblinManager: Failed to register cave at 0,89 (Terrain rejected)
GoblinManager: Failed to register cave at 4,81 (Terrain rejected)
GoblinManager: Failed to register cave at 76,52 (Terrain rejected)
GoblinManager: Failed to register cave at 92,93 (Terrain rejected)
GoblinManager: Failed to register cave at 73,90 (Terrain rejected)
GoblinManager: Failed to register cave at 19,11 (Terrain rejected)
GoblinManager: Failed to register cave at 57,63 (Terrain rejected)
GoblinManager: Failed to register cave at 59,19 (Terrain rejected)
GoblinManager: Failed to register cave at 16,95 (Terrain rejected)
GoblinManager: Failed to register cave at 48,57 (Terrain rejected)
GoblinManager: Failed to register cave at 92,75 (Terrain rejected)
GoblinManager: Failed to register cave at 95,44 (Terrain rejected)
GoblinManager: Failed to register cave at 28,15 (Terrain rejected)
GoblinManager: Failed to register cave at 96,26 (Terrain rejected)
GoblinManager: Failed to register cave at 20,65 (Terrain rejected)
GoblinManager: Failed to register cave at 62,46 (Terrain rejected)
GoblinManager: Failed to register cave at 46,98 (Terrain rejected)
GoblinManager: Failed to register cave at 68,40 (Terrain rejected)
GoblinManager: Failed to register cave at 41,21 (Terrain rejected)
GoblinManager: Failed to register cave at 17,2 (Terrain rejected)
GoblinManager: Failed to register cave at 91,53 (Terrain rejected)
GoblinManager: Failed to register cave at 51,99 (Terrain rejected)
GoblinManager: Failed to register cave at 31,71 (Terrain rejected)
GoblinManager: Failed to register cave at 28,58 (Terrain rejected)
GoblinManager: Failed to register cave at 26,96 (Terrain rejected)
GoblinManager: Failed to register cave at 71,3 (Terrain rejected)
GoblinManager: Failed to register cave at 50,67 (Terrain rejected)
GoblinManager: Failed to register cave at 17,36 (Terrain rejected)
GoblinManager: Failed to register cave at 4,38 (Terrain rejected)
GoblinManager: Failed to register cave at 96,71 (Terrain rejected)
GoblinManager: Failed to register cave at 39,24 (Terrain rejected)
GoblinManager: Failed to register cave at 64,40 (Terrain rejected)
GoblinManager: Failed to register cave at 48,50 (Terrain rejected)
GoblinManager: Failed to register cave at 81,65 (Terrain rejected)
GoblinManager: Failed to register cave at 31,69 (Terrain rejected)
GoblinManager: Failed to register cave at 15,98 (Terrain rejected)
GoblinManager: Failed to register cave at 96,80 (Terrain rejected)
GoblinManager: Failed to register cave at 94,20 (Terrain rejected)
GoblinManager: Failed to register cave at 71,36 (Terrain rejected)
GoblinManager: Failed to register cave at 82,79 (Terrain rejected)
GoblinManager: Failed to register cave at 89,84 (Terrain rejected)
GoblinManager: Failed to register cave at 86,7 (Terrain rejected)
GoblinManager: Failed to register cave at 34,65 (Terrain rejected)
GoblinManager: Failed to register cave at 98,71 (Terrain rejected)
GoblinManager: Failed to register cave at 8,95 (Terrain rejected)
GoblinManager: Failed to register cave at 99,66 (Terrain rejected)
GoblinManager: Failed to register cave at 36,29 (Terrain rejected)
GoblinManager: Failed to register cave at 22,40 (Terrain rejected)
GoblinManager: Failed to register cave at 32,35 (Terrain rejected)
GoblinManager: Failed to register cave at 60,76 (Terrain rejected)
GoblinManager: Failed to register cave at 12,24 (Terrain rejected)
GoblinManager: Failed to register cave at 69,30 (Terrain rejected)
GoblinManager: Failed to register cave at 34,7 (Terrain rejected)
GoblinManager: Failed to register cave at 24,53 (Terrain rejected)
GoblinManager: Failed to register cave at 82,97 (Terrain rejected)
GoblinManager: Failed to register cave at 61,24 (Terrain rejected)
GoblinManager: Failed to register cave at 91,51 (Terrain rejected)
GoblinManager: Failed to register cave at 56,62 (Terrain rejected)
GoblinManager: Failed to register cave at 74,87 (Terrain rejected)
GoblinManager: Failed to register cave at 28,97 (Terrain rejected)
GoblinManager: Failed to register cave at 27,99 (Terrain rejected)
GoblinManager: Failed to register cave at 95,99 (Terrain rejected)
GoblinManager: Failed to register cave at 30,29 (Terrain rejected)
GoblinManager: Failed to register cave at 45,26 (Terrain rejected)
GoblinManager: Failed to register cave at 17,25 (Terrain rejected)
GoblinManager: Failed to register cave at 7,54 (Terrain rejected)
GoblinManager: Failed to register cave at 83,94 (Terrain rejected)
GoblinManager: Failed to register cave at 31,44 (Terrain rejected)
GoblinManager: Failed to register cave at 69,37 (Terrain rejected)
GoblinManager: Failed to register cave at 79,76 (Terrain rejected)
GoblinManager: Failed to register cave at 23,67 (Terrain rejected)
GoblinManager: Failed to register cave at 93,64 (Terrain rejected)
GoblinManager: Failed to register cave at 0,29 (Terrain rejected)
GoblinManager: Failed to register cave at 0,86 (Terrain rejected)
GoblinManager: Failed to register cave at 98,59 (Terrain rejected)
GoblinManager: Failed to register cave at 58,56 (Terrain rejected)
GoblinManager: Failed to register cave at 25,64 (Terrain rejected)
GoblinManager: Failed to register cave at 78,79 (Terrain rejected)
GoblinManager: Failed to register cave at 49,30 (Terrain rejected)
GoblinManager: Failed to register cave at 78,36 (Terrain rejected)
GoblinManager: Failed to register cave at 0,36 (Terrain rejected)
GoblinManager: Failed to register cave at 67,14 (Terrain rejected)
GoblinManager: Failed to register cave at 95,79 (Terrain rejected)
GoblinManager: Failed to register cave at 98,95 (Terrain rejected)
GoblinManager: Failed to register cave at 68,17 (Terrain rejected)
GoblinManager: Failed to register cave at 83,6 (Terrain rejected)
GoblinManager: Failed to register cave at 72,47 (Terrain rejected)
GoblinManager: Failed to register cave at 88,45 (Terrain rejected)
GoblinManager: Failed to register cave at 7,10 (Terrain rejected)
GoblinManager: Failed to register cave at 45,33 (Terrain rejected)
GoblinManager: Failed to register cave at 91,76 (Terrain rejected)
GoblinManager: Failed to register cave at 25,39 (Terrain rejected)
GoblinManager: Failed to register cave at 99,39 (Terrain rejected)
GoblinManager: Failed to register cave at 38,42 (Terrain rejected)
GoblinManager: Failed to register cave at 32,9 (Terrain rejected)
GoblinManager: Failed to register cave at 49,17 (Terrain rejected)
GoblinManager: Failed to register cave at 87,82 (Terrain rejected)
GoblinManager: Failed to register cave at 53,46 (Terrain rejected)
GoblinManager: Failed to register cave at 83,8 (Terrain rejected)
GoblinManager: Failed to register cave at 8,55 (Terrain rejected)
GoblinManager: Failed to register cave at 79,91 (Terrain rejected)
GoblinManager: Failed to register cave at 30,12 (Terrain rejected)
GoblinManager: Failed to register cave at 53,86 (Terrain rejected)
GoblinManager: Failed to register cave at 65,3 (Terrain rejected)
GoblinManager: Failed to register cave at 59,19 (Terrain rejected)
GoblinManager: Failed to register cave at 99,1 (Terrain rejected)
GoblinManager: Failed to register cave at 84,83 (Terrain rejected)
GoblinManager: Failed to register cave at 79,78 (Terrain rejected)
GoblinManager: Failed to register cave at 44,35 (Terrain rejected)
GoblinManager: Failed to register cave at 37,56 (Terrain rejected)
GoblinManager: Failed to register cave at 8,22 (Terrain rejected)
GoblinManager: Failed to register cave at 46,17 (Terrain rejected)
GoblinManager: Failed to register cave at 65,74 (Terrain rejected)
GoblinManager: Failed to register cave at 52,92 (Terrain rejected)
GoblinManager: Failed to register cave at 18,93 (Terrain rejected)
GoblinManager: Failed to register cave at 59,18 (Terrain rejected)
GoblinManager: Failed to register cave at 45,34 (Terrain rejected)
GoblinManager: Failed to register cave at 82,37 (Terrain rejected)
GoblinManager: Failed to register cave at 31,81 (Terrain rejected)
GoblinManager: Failed to register cave at 99,44 (Terrain rejected)
GoblinManager: Failed to register cave at 95,33 (Terrain rejected)
GoblinManager: Failed to register cave at 99,95 (Terrain rejected)
GoblinManager: Failed to register cave at 17,98 (Terrain rejected)
GoblinManager: Failed to register cave at 98,49 (Terrain rejected)
GoblinManager: Failed to register cave at 72,28 (Terrain rejected)
GoblinManager: Failed to register cave at 24,53 (Terrain rejected)
GoblinManager: Failed to register cave at 98,2 (Terrain rejected)
GoblinManager: Failed to register cave at 74,70 (Terrain rejected)
GoblinManager: Failed to register cave at 31,23 (Terrain rejected)
GoblinManager: Failed to register cave at 88,46 (Terrain rejected)
GoblinManager: Failed to register cave at 19,6 (Terrain rejected)
GoblinManager: Failed to register cave at 4,75 (Terrain rejected)
GoblinManager: Failed to register cave at 77,51 (Terrain rejected)
GoblinManager: Failed to register cave at 34,66 (Terrain rejected)
GoblinManager: Failed to register cave at 39,66 (Terrain rejected)
GoblinManager: Failed to register cave at 56,42 (Terrain rejected)
GoblinManager: Failed to register cave at 95,86 (Terrain rejected)
GoblinManager: Failed to register cave at 54,69 (Terrain rejected)
GoblinManager: Failed to register cave at 73,27 (Terrain rejected)
GoblinManager: Failed to register cave at 89,71 (Terrain rejected)
GoblinManager: Failed to register cave at 96,17 (Terrain rejected)
GoblinManager: Failed to register cave at 4,96 (Terrain rejected)
GoblinManager: Failed to register cave at 63,75 (Terrain rejected)
GoblinManager: Failed to register cave at 52,70 (Terrain rejected)
GoblinManager: Failed to register cave at 12,16 (Terrain rejected)
GoblinManager: Failed to register cave at 83,34 (Terrain rejected)
GoblinManager: Failed to register cave at 93,57 (Terrain rejected)
GoblinManager: Failed to register cave at 88,74 (Terrain rejected)
GoblinManager: Failed to register cave at 89,63 (Terrain rejected)
GoblinManager: Failed to register cave at 58,68 (Terrain rejected)
GoblinManager: Failed to register cave at 15,37 (Terrain rejected)
GoblinManager: Failed to register cave at 19,50 (Terrain rejected)
GoblinManager: Failed to register cave at 15,91 (Terrain rejected)
GoblinManager: Failed to register cave at 78,63 (Terrain rejected)
GoblinManager: Failed to register cave at 52,67 (Terrain rejected)
GoblinManager: Failed to register cave at 99,3 (Terrain rejected)
GoblinManager: Failed to register cave at 24,4 (Terrain rejected)
GoblinManager: Failed to register cave at 54,84 (Terrain rejected)
GoblinManager: Failed to register cave at 20,85 (Terrain rejected)
GoblinManager: Failed to register cave at 46,82 (Terrain rejected)
GoblinManager: Failed to register cave at 89,97 (Terrain rejected)
GoblinManager: Failed to register cave at 94,5 (Terrain rejected)
GoblinManager: Failed to register cave at 73,73 (Terrain rejected)
GoblinManager: Failed to register cave at 0,35 (Terrain rejected)
GoblinManager: Failed to register cave at 28,17 (Terrain rejected)
GoblinManager: Failed to register cave at 63,94 (Terrain rejected)
GoblinManager: Failed to register cave at 94,85 (Terrain rejected)
GoblinManager: Failed to register cave at 28,6 (Terrain rejected)
GoblinManager: Failed to register cave at 66,47 (Terrain rejected)
GoblinManager: Failed to register cave at 6,52 (Terrain rejected)
GoblinManager: Failed to register cave at 63,34 (Terrain rejected)
GoblinManager: Failed to register cave at 91,7 (Terrain rejected)
GoblinManager: Failed to register cave at 12,88 (Terrain rejected)
GoblinManager: Failed to register cave at 84,45 (Terrain rejected)
GoblinManager: Failed to register cave at 46,38 (Terrain rejected)
GoblinManager: Failed to register cave at 11,80 (Terrain rejected)
GoblinManager: Failed to register cave at 64,25 (Terrain rejected)
GoblinManager: Failed to register cave at 53,63 (Terrain rejected)
GoblinManager: Failed to register cave at 65,27 (Terrain rejected)
GoblinManager: Failed to register cave at 93,7 (Terrain rejected)
GoblinManager: Failed to register cave at 39,85 (Terrain rejected)
GoblinManager: Failed to register cave at 68,68 (Terrain rejected)
GoblinManager: Failed to register cave at 7,53 (Terrain rejected)
GoblinManager: Failed to register cave at 11,24 (Terrain rejected)
GoblinManager: Failed to register cave at 92,7 (Terrain rejected)
GoblinManager: Failed to register cave at 32,53 (Terrain rejected)
GoblinManager: Failed to register cave at 27,65 (Terrain rejected)
GoblinManager: Failed to register cave at 99,3 (Terrain rejected)
GoblinManager: Failed to register cave at 5,14 (Terrain rejected)
GoblinManager: Failed to register cave at 69,8 (Terrain rejected)
GoblinManager: Failed to register cave at 78,46 (Terrain rejected)
GoblinManager: Failed to register cave at 13,8 (Terrain rejected)
GoblinManager: Failed to register cave at 22,6 (Terrain rejected)
GoblinManager: Failed to register cave at 3,4 (Terrain rejected)
GoblinManager: Failed to register cave at 61,29 (Terrain rejected)
GoblinManager: Failed to register cave at 4,96 (Terrain rejected)
GoblinManager: Failed to register cave at 13,91 (Terrain rejected)
GoblinManager: Failed to register cave at 3,33 (Terrain rejected)
GoblinManager: Failed to register cave at 56,26 (Terrain rejected)
GoblinManager: Failed to register cave at 3,70 (Terrain rejected)
GoblinManager: Failed to register cave at 56,82 (Terrain rejected)
GoblinManager: Failed to register cave at 77,42 (Terrain rejected)
GoblinManager: Failed to register cave at 85,60 (Terrain rejected)
GoblinManager: Failed to register cave at 59,45 (Terrain rejected)
GoblinManager: Failed to register cave at 18,20 (Terrain rejected)
GoblinManager: Failed to register cave at 46,63 (Terrain rejected)
GoblinManager: Failed to register cave at 72,23 (Terrain rejected)
GoblinManager: Failed to register cave at 32,11 (Terrain rejected)
GoblinManager: Failed to register cave at 0,11 (Terrain rejected)
GoblinManager: Failed to register cave at 83,45 (Terrain rejected)
GoblinManager: Failed to register cave at 58,64 (Terrain rejected)
GoblinManager: Failed to register cave at 34,13 (Terrain rejected)
GoblinManager: Failed to register cave at 80,7 (Terrain rejected)
GoblinManager: Failed to register cave at 57,8 (Terrain rejected)
GoblinManager: Failed to register cave at 31,33 (Terrain rejected)
GoblinManager: Failed to register cave at 22,61 (Terrain rejected)
GoblinManager: Failed to register cave at 86,34 (Terrain rejected)
GoblinManager: Failed to register cave at 74,93 (Terrain rejected)
GoblinManager: Failed to register cave at 10,4 (Terrain rejected)
GoblinManager: Failed to register cave at 77,76 (Terrain rejected)
GoblinManager: Failed to register cave at 99,79 (Terrain rejected)
GoblinManager: Failed to register cave at 16,75 (Terrain rejected)
GoblinManager: Failed to register cave at 17,76 (Terrain rejected)
GoblinManager: Failed to register cave at 77,44 (Terrain rejected)
GoblinManager: Failed to register cave at 92,22 (Terrain rejected)
GoblinManager: Failed to register cave at 42,41 (Terrain rejected)
GoblinManager: Failed to register cave at 49,79 (Terrain rejected)
GoblinManager: Failed to register cave at 28,57 (Terrain rejected)
GoblinManager: Failed to register cave at 77,28 (Terrain rejected)
GoblinManager: Failed to register cave at 52,75 (Terrain rejected)
GoblinManager: Failed to register cave at 61,45 (Terrain rejected)
GoblinManager: Failed to register cave at 99,2 (Terrain rejected)
GoblinManager: Failed to register cave at 68,52 (Terrain rejected)
GoblinManager: Failed to register cave at 83,56 (Terrain rejected)
GoblinManager: Failed to register cave at 12,78 (Terrain rejected)
GoblinManager: Failed to register cave at 67,83 (Terrain rejected)
GoblinManager: Failed to register cave at 17,94 (Terrain rejected)
GoblinManager: Failed to register cave at 42,77 (Terrain rejected)
GoblinManager: Failed to register cave at 82,13 (Terrain rejected)
GoblinManager: Failed to register cave at 49,57 (Terrain rejected)
GoblinManager: Failed to register cave at 52,83 (Terrain rejected)
GoblinManager: Failed to register cave at 96,90 (Terrain rejected)
GoblinManager: Failed to register cave at 47,76 (Terrain rejected)
GoblinManager: Failed to register cave at 12,50 (Terrain rejected)
GoblinManager: Failed to register cave at 14,51 (Terrain rejected)
GoblinManager: Failed to register cave at 37,17 (Terrain rejected)
GoblinManager: Failed to register cave at 8,85 (Terrain rejected)
GoblinManager: Failed to register cave at 94,69 (Terrain rejected)
GoblinManager: Failed to register cave at 98,90 (Terrain rejected)
GoblinManager: Failed to register cave at 87,22 (Terrain rejected)
GoblinManager: Failed to register cave at 78,25 (Terrain rejected)
GoblinManager: Failed to register cave at 60,44 (Terrain rejected)
GoblinManager: Failed to register cave at 15,79 (Terrain rejected)
GoblinManager: Failed to register cave at 14,58 (Terrain rejected)
GoblinManager: Failed to register cave at 41,58 (Terrain rejected)
GoblinManager: Failed to register cave at 57,13 (Terrain rejected)
GoblinManager: Failed to register cave at 0,55 (Terrain rejected)
GoblinManager: Failed to register cave at 15,88 (Terrain rejected)
GoblinManager: Failed to register cave at 12,59 (Terrain rejected)
GoblinManager: Failed to register cave at 91,97 (Terrain rejected)
GoblinManager: Failed to register cave at 18,19 (Terrain rejected)
GoblinManager: Failed to register cave at 32,11 (Terrain rejected)
GoblinManager: Failed to register cave at 30,9 (Terrain rejected)
GoblinManager: Failed to register cave at 37,41 (Terrain rejected)
GoblinManager: Failed to register cave at 98,74 (Terrain rejected)
GoblinManager: Failed to register cave at 71,33 (Terrain rejected)
GoblinManager: Failed to register cave at 71,27 (Terrain rejected)
GoblinManager: Failed to register cave at 90,53 (Terrain rejected)
GoblinManager: Failed to register cave at 71,98 (Terrain rejected)
GoblinManager: Failed to register cave at 19,28 (Terrain rejected)
GoblinManager: Failed to register cave at 95,87 (Terrain rejected)
GoblinManager: Failed to register cave at 32,86 (Terrain rejected)
GoblinManager: Failed to register cave at 60,96 (Terrain rejected)
GoblinManager: Failed to register cave at 45,48 (Terrain rejected)
GoblinManager: Failed to register cave at 82,64 (Terrain rejected)
GoblinManager: Failed to register cave at 79,44 (Terrain rejected)
GoblinManager: Failed to register cave at 5,83 (Terrain rejected)
GoblinManager: Failed to register cave at 20,70 (Terrain rejected)
GoblinManager: Failed to register cave at 27,59 (Terrain rejected)
GoblinManager: Failed to register cave at 83,26 (Terrain rejected)
GoblinManager: Failed to register cave at 74,5 (Terrain rejected)
GoblinManager: Failed to register cave at 86,98 (Terrain rejected)
GoblinManager: Failed to register cave at 98,1 (Terrain rejected)
GoblinManager: Failed to register cave at 24,81 (Terrain rejected)
GoblinManager: Failed to register cave at 29,74 (Terrain rejected)
GoblinManager: Failed to register cave at 59,37 (Terrain rejected)
GoblinManager: Failed to register cave at 92,11 (Terrain rejected)
GoblinManager: Failed to register cave at 44,19 (Terrain rejected)
GoblinManager: Failed to register cave at 29,44 (Terrain rejected)
GoblinManager: Failed to register cave at 91,27 (Terrain rejected)
GoblinManager: Failed to register cave at 8,84 (Terrain rejected)
GoblinManager: Failed to register cave at 12,98 (Terrain rejected)
GoblinManager: Failed to register cave at 0,92 (Terrain rejected)
GoblinManager: Failed to register cave at 51,19 (Terrain rejected)
GoblinManager: Failed to register cave at 84,52 (Terrain rejected)
GoblinManager: Failed to register cave at 73,50 (Terrain rejected)
GoblinManager: Failed to register cave at 79,25 (Terrain rejected)
GoblinManager: Failed to register cave at 61,59 (Terrain rejected)
GoblinManager: Failed to register cave at 10,97 (Terrain rejected)
GoblinManager: Failed to register cave at 27,27 (Terrain rejected)
GoblinManager: Failed to register cave at 75,23 (Terrain rejected)
GoblinManager: Failed to register cave at 33,54 (Terrain rejected)
GoblinManager: Failed to register cave at 11,8 (Terrain rejected)
GoblinManager: Failed to register cave at 50,27 (Terrain rejected)
GoblinManager: Failed to register cave at 82,51 (Terrain rejected)
GoblinManager: Failed to register cave at 65,68 (Terrain rejected)
GoblinManager: Failed to register cave at 28,29 (Terrain rejected)
GoblinManager: Failed to register cave at 62,28 (Terrain rejected)
GoblinManager: Failed to register cave at 19,58 (Terrain rejected)
GoblinManager: Failed to register cave at 40,89 (Terrain rejected)
GoblinManager: Failed to register cave at 92,44 (Terrain rejected)
GoblinManager: Failed to register cave at 86,29 (Terrain rejected)
GoblinManager: Failed to register cave at 95,14 (Terrain rejected)
GoblinManager: Failed to register cave at 22,29 (Terrain rejected)
GoblinManager: Failed to register cave at 54,3 (Terrain rejected)
GoblinManager: Failed to register cave at 60,57 (Terrain rejected)
GoblinManager: Failed to register cave at 83,2 (Terrain rejected)
GoblinManager: Failed to register cave at 48,72 (Terrain rejected)
GoblinManager: Failed to register cave at 38,91 (Terrain rejected)
GoblinManager: Failed to register cave at 14,47 (Terrain rejected)
GoblinManager: Failed to register cave at 89,99 (Terrain rejected)
GoblinManager: Failed to register cave at 63,92 (Terrain rejected)
GoblinManager: Failed to register cave at 48,18 (Terrain rejected)
GoblinManager: Failed to register cave at 95,82 (Terrain rejected)
GoblinManager: Failed to register cave at 0,6 (Terrain rejected)
GoblinManager: Failed to register cave at 71,25 (Terrain rejected)
GoblinManager: Failed to register cave at 36,50 (Terrain rejected)
GoblinManager: Failed to register cave at 82,52 (Terrain rejected)
GoblinManager: Failed to register cave at 52,2 (Terrain rejected)
GoblinManager: Failed to register cave at 86,35 (Terrain rejected)
GoblinManager: Failed to register cave at 37,40 (Terrain rejected)
GoblinManager: Failed to register cave at 66,68 (Terrain rejected)
GoblinManager: Failed to register cave at 95,58 (Terrain rejected)
GoblinManager: Failed to register cave at 27,2 (Terrain rejected)
GoblinManager: Failed to register cave at 11,84 (Terrain rejected)
GoblinManager: Failed to register cave at 61,71 (Terrain rejected)
GoblinManager: Failed to register cave at 95,66 (Terrain rejected)
GoblinManager: Failed to register cave at 50,0 (Terrain rejected)
GoblinManager: Failed to register cave at 98,61 (Terrain rejected)
GoblinManager: Failed to register cave at 14,88 (Terrain rejected)
GoblinManager: Failed to register cave at 76,15 (Terrain rejected)
GoblinManager: Failed to register cave at 24,23 (Terrain rejected)
GoblinManager: Failed to register cave at 94,0 (Terrain rejected)
GoblinManager: Failed to register cave at 39,23 (Terrain rejected)
GoblinManager: Failed to register cave at 82,81 (Terrain rejected)
GoblinManager: Failed to register cave at 39,84 (Terrain rejected)
GoblinManager: Failed to register cave at 19,46 (Terrain rejected)
GoblinManager: Failed to register cave at 51,70 (Terrain rejected)
GoblinManager: Failed to register cave at 48,98 (Terrain rejected)
GoblinManager: Failed to register cave at 41,54 (Terrain rejected)
GoblinManager: Failed to register cave at 85,59 (Terrain rejected)
GoblinManager: Failed to register cave at 7,54 (Terrain rejected)
GoblinManager: Failed to register cave at 82,40 (Terrain rejected)
GoblinManager: Failed to register cave at 63,13 (Terrain rejected)
GoblinManager: Failed to register cave at 5,47 (Terrain rejected)
GoblinManager: Failed to register cave at 33,7 (Terrain rejected)
GoblinManager: Failed to register cave at 61,30 (Terrain rejected)
GoblinManager: Failed to register cave at 17,12 (Terrain rejected)
GoblinManager: Failed to register cave at 17,78 (Terrain rejected)
GoblinManager: Failed to register cave at 60,2 (Terrain rejected)
GoblinManager: Failed to register cave at 20,43 (Terrain rejected)
GoblinManager: Failed to register cave at 72,60 (Terrain rejected)
GoblinManager: Failed to register cave at 80,33 (Terrain rejected)
GoblinManager: Failed to register cave at 56,63 (Terrain rejected)
GoblinManager: Failed to register cave at 63,34 (Terrain rejected)
GoblinManager: Failed to register cave at 86,41 (Terrain rejected)
GoblinManager: Failed to register cave at 18,28 (Terrain rejected)
GoblinManager: Failed to register cave at 89,4 (Terrain rejected)
GoblinManager: Failed to register cave at 66,90 (Terrain rejected)
GoblinManager: Failed to register cave at 32,9 (Terrain rejected)
GoblinManager: Failed to register cave at 6,60 (Terrain rejected)
GoblinManager: Failed to register cave at 49,51 (Terrain rejected)
GoblinManager: Failed to register cave at 45,12 (Terrain rejected)
GoblinManager: Failed to register cave at 93,35 (Terrain rejected)
GoblinManager: Failed to register cave at 99,64 (Terrain rejected)
GoblinManager: Failed to register cave at 43,61 (Terrain rejected)
GoblinManager: Failed to register cave at 39,45 (Terrain rejected)
GoblinManager: Failed to register cave at 4,30 (Terrain rejected)
GoblinManager: Failed to register cave at 31,37 (Terrain rejected)
GoblinManager: Failed to register cave at 42,47 (Terrain rejected)
GoblinManager: Failed to register cave at 17,37 (Terrain rejected)
GoblinManager: Failed to register cave at 1,82 (Terrain rejected)
GoblinManager: Failed to register cave at 38,78 (Terrain rejected)
GoblinManager: Failed to register cave at 82,89 (Terrain rejected)
GoblinManager: Failed to register cave at 95,18 (Terrain rejected)
GoblinManager: Failed to register cave at 72,26 (Terrain rejected)
GoblinManager: Failed to register cave at 75,95 (Terrain rejected)
GoblinManager: Failed to register cave at 62,83 (Terrain rejected)
GoblinManager: Failed to register cave at 93,53 (Terrain rejected)
GoblinManager: Failed to register cave at 62,16 (Terrain rejected)
GoblinManager: Failed to register cave at 71,23 (Terrain rejected)
GoblinManager: Failed to register cave at 56,47 (Terrain rejected)
GoblinManager: Failed to register cave at 70,75 (Terrain rejected)
GoblinManager: Failed to register cave at 5,35 (Terrain rejected)
GoblinManager: Failed to register cave at 29,51 (Terrain rejected)
GoblinManager: Failed to register cave at 83,42 (Terrain rejected)
GoblinManager: Failed to register cave at 50,37 (Terrain rejected)
GoblinManager: Failed to register cave at 14,42 (Terrain rejected)
GoblinManager: Failed to register cave at 41,13 (Terrain rejected)
GoblinManager: Failed to register cave at 4,87 (Terrain rejected)
GoblinManager: Failed to register cave at 80,68 (Terrain rejected)
GoblinManager: Failed to register cave at 66,0 (Terrain rejected)
GoblinManager: Failed to register cave at 39,18 (Terrain rejected)
GoblinManager: Failed to register cave at 53,47 (Terrain rejected)
GoblinManager: Failed to register cave at 79,39 (Terrain rejected)
GoblinManager: Failed to register cave at 69,69 (Terrain rejected)
GoblinManager: Failed to register cave at 70,31 (Terrain rejected)
GoblinManager: Failed to register cave at 62,44 (Terrain rejected)
GoblinManager: Failed to register cave at 79,67 (Terrain rejected)
GoblinManager: Failed to register cave at 48,86 (Terrain rejected)
GoblinManager: Failed to register cave at 2,53 (Terrain rejected)
GoblinManager: Failed to register cave at 32,24 (Terrain rejected)
GoblinManager: Failed to register cave at 51,21 (Terrain rejected)
GoblinManager: Failed to register cave at 35,62 (Terrain rejected)
GoblinManager: Failed to register cave at 41,85 (Terrain rejected)
GoblinManager: Failed to register cave at 58,74 (Terrain rejected)
GoblinManager: Failed to register cave at 33,16 (Terrain rejected)
GoblinManager: Failed to register cave at 38,88 (Terrain rejected)
GoblinManager: Failed to register cave at 29,66 (Terrain rejected)
GoblinManager: Failed to register cave at 97,12 (Terrain rejected)
GoblinManager: Failed to register cave at 7,52 (Terrain rejected)
GoblinManager: Failed to register cave at 97,84 (Terrain rejected)
GoblinManager: Failed to register cave at 10,82 (Terrain rejected)
GoblinManager: Failed to register cave at 2,8 (Terrain rejected)
GoblinManager: Failed to register cave at 27,33 (Terrain rejected)
GoblinManager: Failed to register cave at 63,6 (Terrain rejected)
GoblinManager: Failed to register cave at 32,69 (Terrain rejected)
GoblinManager: Failed to register cave at 88,21 (Terrain rejected)
GoblinManager: Failed to register cave at 66,62 (Terrain rejected)
GoblinManager: Failed to register cave at 39,49 (Terrain rejected)
GoblinManager: Failed to register cave at 22,13 (Terrain rejected)
GoblinManager: Failed to register cave at 94,44 (Terrain rejected)
GoblinManager: Failed to register cave at 65,93 (Terrain rejected)
GoblinManager: Failed to register cave at 90,79 (Terrain rejected)
GoblinManager: Failed to register cave at 70,95 (Terrain rejected)
GoblinManager: Failed to register cave at 75,22 (Terrain rejected)
GoblinManager: Failed to register cave at 2,8 (Terrain rejected)
GoblinManager: Failed to register cave at 14,28 (Terrain rejected)
GoblinManager: Failed to register cave at 16,96 (Terrain rejected)
GoblinManager: Failed to register cave at 5,34 (Terrain rejected)
GoblinManager: Failed to register cave at 62,36 (Terrain rejected)
GoblinManager: Failed to register cave at 19,46 (Terrain rejected)
GoblinManager: Failed to register cave at 21,45 (Terrain rejected)
GoblinManager: Failed to register cave at 41,12 (Terrain rejected)
GoblinManager: Failed to register cave at 30,72 (Terrain rejected)
GoblinManager: Failed to register cave at 60,28 (Terrain rejected)
GoblinManager: Failed to register cave at 36,41 (Terrain rejected)
GoblinManager: Failed to register cave at 23,85 (Terrain rejected)
GoblinManager: Failed to register cave at 35,84 (Terrain rejected)
GoblinManager: Failed to register cave at 5,42 (Terrain rejected)
GoblinManager: Failed to register cave at 54,14 (Terrain rejected)
GoblinManager: Failed to register cave at 39,71 (Terrain rejected)
GoblinManager: Failed to register cave at 9,27 (Terrain rejected)
GoblinManager: Failed to register cave at 52,44 (Terrain rejected)
GoblinManager: Failed to register cave at 25,88 (Terrain rejected)
GoblinManager: Failed to register cave at 54,39 (Terrain rejected)
GoblinManager: Failed to register cave at 40,59 (Terrain rejected)
GoblinManager: Failed to register cave at 24,75 (Terrain rejected)
GoblinManager: Failed to register cave at 60,78 (Terrain rejected)
GoblinManager: Failed to register cave at 84,33 (Terrain rejected)
GoblinManager: Failed to register cave at 20,4 (Terrain rejected)
GoblinManager: Failed to register cave at 22,17 (Terrain rejected)
GoblinManager: Failed to register cave at 81,60 (Terrain rejected)
GoblinManager: Failed to register cave at 85,27 (Terrain rejected)
GoblinManager: Failed to register cave at 33,12 (Terrain rejected)
GoblinManager: Failed to register cave at 87,83 (Terrain rejected)
GoblinManager: Failed to register cave at 70,80 (Terrain rejected)
GoblinManager: Failed to register cave at 60,51 (Terrain rejected)
GoblinManager: Failed to register cave at 36,52 (Terrain rejected)
GoblinManager: Failed to register cave at 10,87 (Terrain rejected)
GoblinManager: Failed to register cave at 61,53 (Terrain rejected)
GoblinManager: Failed to register cave at 49,11 (Terrain rejected)
GoblinManager: Failed to register cave at 30,76 (Terrain rejected)
GoblinManager: Failed to register cave at 4,96 (Terrain rejected)
GoblinManager: Failed to register cave at 39,58 (Terrain rejected)
GoblinManager: Failed to register cave at 70,79 (Terrain rejected)
GoblinManager: Failed to register cave at 37,14 (Terrain rejected)
GoblinManager: Failed to register cave at 24,82 (Terrain rejected)
GoblinManager: Failed to register cave at 53,71 (Terrain rejected)
GoblinManager: Failed to register cave at 47,20 (Terrain rejected)
GoblinManager: Failed to register cave at 99,49 (Terrain rejected)
GoblinManager: Failed to register cave at 24,5 (Terrain rejected)
GoblinManager: Failed to register cave at 19,87 (Terrain rejected)
GoblinManager: Failed to register cave at 64,19 (Terrain rejected)
GoblinManager: Failed to register cave at 4,2 (Terrain rejected)
GoblinManager: Failed to register cave at 61,17 (Terrain rejected)
GoblinManager: Failed to register cave at 20,39 (Terrain rejected)
GoblinManager: Failed to register cave at 1,77 (Terrain rejected)
GoblinManager: Failed to register cave at 29,52 (Terrain rejected)
GoblinManager: Failed to register cave at 16,7 (Terrain rejected)
GoblinManager: Failed to register cave at 30,11 (Terrain rejected)
GoblinManager: Failed to register cave at 77,64 (Terrain rejected)
GoblinManager: Failed to register cave at 97,83 (Terrain rejected)
GoblinManager: Failed to register cave at 13,91 (Terrain rejected)
GoblinManager: Failed to register cave at 54,45 (Terrain rejected)
GoblinManager: Failed to register cave at 32,61 (Terrain rejected)
GoblinManager: Failed to register cave at 16,54 (Terrain rejected)
GoblinManager: Failed to register cave at 93,45 (Terrain rejected)
GoblinManager: Failed to register cave at 74,26 (Terrain rejected)
GoblinManager: Failed to register cave at 71,20 (Terrain rejected)
GoblinManager: Failed to register cave at 56,24 (Terrain rejected)
GoblinManager: Failed to register cave at 89,9 (Terrain rejected)
GoblinManager: Failed to register cave at 96,30 (Terrain rejected)
GoblinManager: Failed to register cave at 80,63 (Terrain rejected)
GoblinManager: Failed to register cave at 56,56 (Terrain rejected)
GoblinManager: Failed to register cave at 11,78 (Terrain rejected)
GoblinManager: Failed to register cave at 89,32 (Terrain rejected)
GoblinManager: Failed to register cave at 42,9 (Terrain rejected)
GoblinManager: Failed to register cave at 40,18 (Terrain rejected)
GoblinManager: Failed to register cave at 75,13 (Terrain rejected)
GoblinManager: Failed to register cave at 54,2 (Terrain rejected)
GoblinManager: Failed to register cave at 42,76 (Terrain rejected)
GoblinManager: Failed to register cave at 94,85 (Terrain rejected)
GoblinManager: Failed to register cave at 43,6 (Terrain rejected)
GoblinManager: Failed to register cave at 69,41 (Terrain rejected)
GoblinManager: Failed to register cave at 84,73 (Terrain rejected)
GoblinManager: Failed to register cave at 82,40 (Terrain rejected)
GoblinManager: Failed to register cave at 32,68 (Terrain rejected)
GoblinManager: Failed to register cave at 78,0 (Terrain rejected)
GoblinManager: Failed to register cave at 1,76 (Terrain rejected)
GoblinManager: Failed to register cave at 88,70 (Terrain rejected)
GoblinManager: Failed to register cave at 39,76 (Terrain rejected)
GoblinManager: Failed to register cave at 23,8 (Terrain rejected)
GoblinManager: Failed to register cave at 44,51 (Terrain rejected)
GoblinManager: Failed to register cave at 42,66 (Terrain rejected)
GoblinManager: Failed to register cave at 7,40 (Terrain rejected)
GoblinManager: Failed to register cave at 63,10 (Terrain rejected)
GoblinManager: Failed to register cave at 68,60 (Terrain rejected)
GoblinManager: Failed to register cave at 12,37 (Terrain rejected)
GoblinManager: Failed to register cave at 3,52 (Terrain rejected)
GoblinManager: Failed to register cave at 78,37 (Terrain rejected)
GoblinManager: Failed to register cave at 79,53 (Terrain rejected)
GoblinManager: Failed to register cave at 18,4 (Terrain rejected)
GoblinManager: Failed to register cave at 96,97 (Terrain rejected)
GoblinManager: Failed to register cave at 69,7 (Terrain rejected)
GoblinManager: Failed to register cave at 51,72 (Terrain rejected)
GoblinManager: Failed to register cave at 13,12 (Terrain rejected)
GoblinManager: Failed to register cave at 18,39 (Terrain rejected)
GoblinManager: Failed to register cave at 3,57 (Terrain rejected)
GoblinManager: Failed to register cave at 43,46 (Terrain rejected)
GoblinManager: Failed to register cave at 66,80 (Terrain rejected)
GoblinManager: Failed to register cave at 92,10 (Terrain rejected)
GoblinManager: Failed to register cave at 67,97 (Terrain rejected)
GoblinManager: Failed to register cave at 44,84 (Terrain rejected)
GoblinManager: Failed to register cave at 29,42 (Terrain rejected)
GoblinManager: Failed to register cave at 18,61 (Terrain rejected)
GoblinManager: Failed to register cave at 41,98 (Terrain rejected)
GoblinManager: Failed to register cave at 59,23 (Terrain rejected)
GoblinManager: Failed to register cave at 36,93 (Terrain rejected)
GoblinManager: Failed to register cave at 45,38 (Terrain rejected)
GoblinManager: Failed to register cave at 59,96 (Terrain rejected)
GoblinManager: Failed to register cave at 33,96 (Terrain rejected)
GoblinManager: Failed to register cave at 38,60 (Terrain rejected)
GoblinManager: Failed to register cave at 4,74 (Terrain rejected)
GoblinManager: Failed to register cave at 15,56 (Terrain rejected)
GoblinManager: Failed to register cave at 42,85 (Terrain rejected)
GoblinManager: Failed to register cave at 19,18 (Terrain rejected)
GoblinManager: Failed to register cave at 96,36 (Terrain rejected)
GoblinManager: Failed to register cave at 0,72 (Terrain rejected)
GoblinManager: Failed to register cave at 5,48 (Terrain rejected)
GoblinManager: Failed to register cave at 13,16 (Terrain rejected)
GoblinManager: Failed to register cave at 28,74 (Terrain rejected)
GoblinManager: Failed to register cave at 14,17 (Terrain rejected)
GoblinManager: Failed to register cave at 4,32 (Terrain rejected)
GoblinManager: Failed to register cave at 28,24 (Terrain rejected)
GoblinManager: Failed to register cave at 87,3 (Terrain rejected)
GoblinManager: Failed to register cave at 38,38 (Terrain rejected)
GoblinManager: Failed to register cave at 54,75 (Terrain rejected)
GoblinManager: Failed to register cave at 38,65 (Terrain rejected)
GoblinManager: Failed to register cave at 47,16 (Terrain rejected)
GoblinManager: Failed to register cave at 61,85 (Terrain rejected)
GoblinManager: Failed to register cave at 61,86 (Terrain rejected)
GoblinManager: Failed to register cave at 23,99 (Terrain rejected)
GoblinManager: Failed to register cave at 52,42 (Terrain rejected)
GoblinManager: Failed to register cave at 89,12 (Terrain rejected)
GoblinManager: Failed to register cave at 62,98 (Terrain rejected)
GoblinManager: Failed to register cave at 49,51 (Terrain rejected)
GoblinManager: Failed to register cave at 3,27 (Terrain rejected)
GoblinManager: Failed to register cave at 0,12 (Terrain rejected)
GoblinManager: Failed to register cave at 67,17 (Terrain rejected)
GoblinManager: Failed to register cave at 82,86 (Terrain rejected)
GoblinManager: Failed to register cave at 29,86 (Terrain rejected)
GoblinManager: Failed to register cave at 9,14 (Terrain rejected)
GoblinManager: Failed to register cave at 88,25 (Terrain rejected)
GoblinManager: Failed to register cave at 75,31 (Terrain rejected)
GoblinManager: Failed to register cave at 22,98 (Terrain rejected)
GoblinManager: Failed to register cave at 4,58 (Terrain rejected)
GoblinManager: Failed to register cave at 64,2 (Terrain rejected)
GoblinManager: Failed to register cave at 43,6 (Terrain rejected)
GoblinManager: Failed to register cave at 54,87 (Terrain rejected)
GoblinManager: Failed to register cave at 88,34 (Terrain rejected)
GoblinManager: Failed to register cave at 12,31 (Terrain rejected)
GoblinManager: Failed to register cave at 43,8 (Terrain rejected)
GoblinManager: Failed to register cave at 92,47 (Terrain rejected)
GoblinManager: Failed to register cave at 5,25 (Terrain rejected)
GoblinManager: Failed to register cave at 7,83 (Terrain rejected)
GoblinManager: Failed to register cave at 88,47 (Terrain rejected)
GoblinManager: Failed to register cave at 30,83 (Terrain rejected)
GoblinManager: Failed to register cave at 11,48 (Terrain rejected)
GoblinManager: Failed to register cave at 4,86 (Terrain rejected)
GoblinManager: Failed to register cave at 17,78 (Terrain rejected)
GoblinManager: Failed to register cave at 47,50 (Terrain rejected)
GoblinManager: Failed to register cave at 93,95 (Terrain rejected)
GoblinManager: Failed to register cave at 87,2 (Terrain rejected)
GoblinManager: Failed to register cave at 54,84 (Terrain rejected)
GoblinManager: Failed to register cave at 40,20 (Terrain rejected)
GoblinManager: Failed to register cave at 98,60 (Terrain rejected)
GoblinManager: Failed to register cave at 52,74 (Terrain rejected)
GoblinManager: Failed to register cave at 68,95 (Terrain rejected)
GoblinManager: Failed to register cave at 48,37 (Terrain rejected)
GoblinManager: Failed to register cave at 52,36 (Terrain rejected)
GoblinManager: Failed to register cave at 27,0 (Terrain rejected)
GoblinManager: Failed to register cave at 62,85 (Terrain rejected)
GoblinManager: Failed to register cave at 18,72 (Terrain rejected)
GoblinManager: Failed to register cave at 52,88 (Terrain rejected)
GoblinManager: Failed to register cave at 10,56 (Terrain rejected)
GoblinManager: Failed to register cave at 25,30 (Terrain rejected)
GoblinManager: Failed to register cave at 13,38 (Terrain rejected)
GoblinManager: Failed to register cave at 43,36 (Terrain rejected)
GoblinManager: Failed to register cave at 73,93 (Terrain rejected)
GoblinManager: Failed to register cave at 6,70 (Terrain rejected)
GoblinManager: Failed to register cave at 3,96 (Terrain rejected)
GoblinManager: Failed to register cave at 88,77 (Terrain rejected)
GoblinManager: Failed to register cave at 42,56 (Terrain rejected)
GoblinManager: Failed to register cave at 86,66 (Terrain rejected)
GoblinManager: Failed to register cave at 10,22 (Terrain rejected)
GoblinManager: Failed to register cave at 79,82 (Terrain rejected)
GoblinManager: Failed to register cave at 94,52 (Terrain rejected)
GoblinManager: Failed to register cave at 79,70 (Terrain rejected)
GoblinManager: Failed to register cave at 2,54 (Terrain rejected)
GoblinManager: Failed to register cave at 84,21 (Terrain rejected)
GoblinManager: Failed to register cave at 15,31 (Terrain rejected)
GoblinManager: Failed to register cave at 36,66 (Terrain rejected)
GoblinManager: Failed to register cave at 3,68 (Terrain rejected)
GoblinManager: Failed to register cave at 82,28 (Terrain rejected)
GoblinManager: Failed to register cave at 23,11 (Terrain rejected)
GoblinManager: Failed to register cave at 83,86 (Terrain rejected)
GoblinManager: Failed to register cave at 75,98 (Terrain rejected)
GoblinManager: Failed to register cave at 20,41 (Terrain rejected)
GoblinManager: Failed to register cave at 27,0 (Terrain rejected)
GoblinManager: Failed to register cave at 24,76 (Terrain rejected)
GoblinManager: Failed to register cave at 11,91 (Terrain rejected)
GoblinManager: Failed to register cave at 46,3 (Terrain rejected)
GoblinManager: Failed to register cave at 77,21 (Terrain rejected)
GoblinManager: Failed to register cave at 18,90 (Terrain rejected)
GoblinManager: Failed to register cave at 85,65 (Terrain rejected)
GoblinManager: Failed to register cave at 58,32 (Terrain rejected)
GoblinManager: Failed to register cave at 43,73 (Terrain rejected)
GoblinManager: Failed to register cave at 91,3 (Terrain rejected)
GoblinManager: Failed to register cave at 47,67 (Terrain rejected)
GoblinManager: Failed to register cave at 86,5 (Terrain rejected)
GoblinManager: Failed to register cave at 57,61 (Terrain rejected)
GoblinManager: Failed to register cave at 46,29 (Terrain rejected)
GoblinManager: Failed to register cave at 45,18 (Terrain rejected)
GoblinManager: Failed to register cave at 92,81 (Terrain rejected)
GoblinManager: Failed to register cave at 33,60 (Terrain rejected)
GoblinManager: Failed to register cave at 0,46 (Terrain rejected)
GoblinManager: Failed to register cave at 4,43 (Terrain rejected)
GoblinManager: Failed to register cave at 37,49 (Terrain rejected)
GoblinManager: Failed to register cave at 26,72 (Terrain rejected)
GoblinManager: Failed to register cave at 83,84 (Terrain rejected)
GoblinManager: Failed to register cave at 82,5 (Terrain rejected)
GoblinManager: Failed to register cave at 64,54 (Terrain rejected)
GoblinManager: Failed to register cave at 20,24 (Terrain rejected)
GoblinManager: Failed to register cave at 93,90 (Terrain rejected)
GoblinManager: Failed to register cave at 12,12 (Terrain rejected)
GoblinManager: Failed to register cave at 20,14 (Terrain rejected)
GoblinManager: Failed to register cave at 71,15 (Terrain rejected)
GoblinManager: Failed to register cave at 25,46 (Terrain rejected)
GoblinManager: Failed to register cave at 78,57 (Terrain rejected)
GoblinManager: Failed to register cave at 46,38 (Terrain rejected)
GoblinManager: Failed to register cave at 30,75 (Terrain rejected)
GoblinManager: Failed to register cave at 28,30 (Terrain rejected)
GoblinManager: Failed to register cave at 17,81 (Terrain rejected)
GoblinManager: Failed to register cave at 72,67 (Terrain rejected)
GoblinManager: Failed to register cave at 36,48 (Terrain rejected)
GoblinManager: Failed to register cave at 47,95 (Terrain rejected)
GoblinManager: Failed to register cave at 45,26 (Terrain rejected)
GoblinManager: Failed to register cave at 4,80 (Terrain rejected)
GoblinManager: Failed to register cave at 18,16 (Terrain rejected)
GoblinManager: Failed to register cave at 48,61 (Terrain rejected)
GoblinManager: Failed to register cave at 87,41 (Terrain rejected)
GoblinManager: Failed to register cave at 38,50 (Terrain rejected)
GoblinManager: Failed to register cave at 8,69 (Terrain rejected)
GoblinManager: Failed to register cave at 36,64 (Terrain rejected)
GoblinManager: Failed to register cave at 64,68 (Terrain rejected)
GoblinManager: Failed to register cave at 52,51 (Terrain rejected)
GoblinManager: Failed to register cave at 31,42 (Terrain rejected)
GoblinManager: Failed to register cave at 48,77 (Terrain rejected)
GoblinManager: Failed to register cave at 52,61 (Terrain rejected)
GoblinManager: Failed to register cave at 88,26 (Terrain rejected)
GoblinManager: Failed to register cave at 72,78 (Terrain rejected)
GoblinManager: Failed to register cave at 27,91 (Terrain rejected)
GoblinManager: Failed to register cave at 59,54 (Terrain rejected)
GoblinManager: Failed to register cave at 22,51 (Terrain rejected)
GoblinManager: Failed to register cave at 23,34 (Terrain rejected)
GoblinManager: Failed to register cave at 93,68 (Terrain rejected)
GoblinManager: Failed to register cave at 46,75 (Terrain rejected)
GoblinManager: Failed to register cave at 92,20 (Terrain rejected)
GoblinManager: Failed to register cave at 51,66 (Terrain rejected)
GoblinManager: Failed to register cave at 67,36 (Terrain rejected)
GoblinManager: Failed to register cave at 48,50 (Terrain rejected)
GoblinManager: Failed to register cave at 25,18 (Terrain rejected)
GoblinManager: Failed to register cave at 37,39 (Terrain rejected)
GoblinManager: Failed to register cave at 80,32 (Terrain rejected)
GoblinManager: Failed to register cave at 81,85 (Terrain rejected)
GoblinManager: Failed to register cave at 46,75 (Terrain rejected)
GoblinManager: Failed to register cave at 5,30 (Terrain rejected)
GoblinManager: Failed to register cave at 97,44 (Terrain rejected)
GoblinManager: Failed to register cave at 2,73 (Terrain rejected)
GoblinManager: Failed to register cave at 93,60 (Terrain rejected)
GoblinManager: Failed to register cave at 39,92 (Terrain rejected)
GoblinManager: Failed to register cave at 4,94 (Terrain rejected)
GoblinManager: Failed to register cave at 76,83 (Terrain rejected)
GoblinManager: Failed to register cave at 76,9 (Terrain rejected)
GoblinManager: Failed to register cave at 52,37 (Terrain rejected)
GoblinManager: Failed to register cave at 71,33 (Terrain rejected)
GoblinManager: Failed to register cave at 32,69 (Terrain rejected)
GoblinManager: Failed to register cave at 79,98 (Terrain rejected)
GoblinManager: Failed to register cave at 60,0 (Terrain rejected)
GoblinManager: Failed to register cave at 95,90 (Terrain rejected)
GoblinManager: Failed to register cave at 76,17 (Terrain rejected)
GoblinManager: Failed to register cave at 33,87 (Terrain rejected)
GoblinManager: Failed to register cave at 84,46 (Terrain rejected)
GoblinManager: Failed to register cave at 97,84 (Terrain rejected)
GoblinManager: Failed to register cave at 84,96 (Terrain rejected)
GoblinManager: Failed to register cave at 78,29 (Terrain rejected)
GoblinManager: Failed to register cave at 0,10 (Terrain rejected)
GoblinManager: Failed to register cave at 4,24 (Terrain rejected)
GoblinManager: Failed to register cave at 34,79 (Terrain rejected)
GoblinManager: Failed to register cave at 97,85 (Terrain rejected)
GoblinManager: Failed to register cave at 12,75 (Terrain rejected)
GoblinManager: Failed to register cave at 44,40 (Terrain rejected)
GoblinManager: Failed to register cave at 64,92 (Terrain rejected)
GoblinManager: Failed to register cave at 21,54 (Terrain rejected)
GoblinManager: Failed to register cave at 50,4 (Terrain rejected)
GoblinManager: Failed to register cave at 7,95 (Terrain rejected)
GoblinManager: Failed to register cave at 35,31 (Terrain rejected)
GoblinManager: Failed to register cave at 27,77 (Terrain rejected)
GoblinManager: Failed to register cave at 43,99 (Terrain rejected)
GoblinManager: Failed to register cave at 82,0 (Terrain rejected)
GoblinManager: Failed to register cave at 2,72 (Terrain rejected)
GoblinManager: Failed to register cave at 31,35 (Terrain rejected)
GoblinManager: Failed to register cave at 65,69 (Terrain rejected)
GoblinManager: Failed to register cave at 32,33 (Terrain rejected)
GoblinManager: Failed to register cave at 75,29 (Terrain rejected)
GoblinManager: Failed to register cave at 43,29 (Terrain rejected)
GoblinManager: Failed to register cave at 62,68 (Terrain rejected)
GoblinManager: Failed to register cave at 51,63 (Terrain rejected)
GoblinManager: Failed to register cave at 24,60 (Terrain rejected)
GoblinManager: Failed to register cave at 7,55 (Terrain rejected)
GoblinManager: Failed to register cave at 27,23 (Terrain rejected)
GoblinManager: Failed to register cave at 58,52 (Terrain rejected)
GoblinManager: Failed to register cave at 13,94 (Terrain rejected)
GoblinManager: Failed to register cave at 74,83 (Terrain rejected)
GoblinManager: Failed to register cave at 27,13 (Terrain rejected)
GoblinManager: Failed to register cave at 62,71 (Terrain rejected)
GoblinManager: Failed to register cave at 6,38 (Terrain rejected)
GoblinManager: Failed to register cave at 20,62 (Terrain rejected)
GoblinManager: Failed to register cave at 14,52 (Terrain rejected)
GoblinManager: Failed to register cave at 88,60 (Terrain rejected)
GoblinManager: Failed to register cave at 73,88 (Terrain rejected)
GoblinManager: Failed to register cave at 34,8 (Terrain rejected)
GoblinManager: Failed to register cave at 89,12 (Terrain rejected)
GoblinManager: Failed to register cave at 88,70 (Terrain rejected)
GoblinManager: Failed to register cave at 95,80 (Terrain rejected)
GoblinManager: Failed to register cave at 45,5 (Terrain rejected)
GoblinManager: Failed to register cave at 25,81 (Terrain rejected)
GoblinManager: Failed to register cave at 84,45 (Terrain rejected)
GoblinManager: Failed to register cave at 67,42 (Terrain rejected)
GoblinManager: Failed to register cave at 58,44 (Terrain rejected)
GoblinManager: Failed to register cave at 74,84 (Terrain rejected)
GoblinManager: Failed to register cave at 71,0 (Terrain rejected)
GoblinManager: Failed to register cave at 8,22 (Terrain rejected)
GoblinManager: Failed to register cave at 82,26 (Terrain rejected)
GoblinManager: Failed to register cave at 46,59 (Terrain rejected)
GoblinManager: Failed to register cave at 44,92 (Terrain rejected)
GoblinManager: Failed to register cave at 78,35 (Terrain rejected)
GoblinManager: Failed to register cave at 91,33 (Terrain rejected)
GoblinManager: Failed to register cave at 94,47 (Terrain rejected)
GoblinManager: Failed to register cave at 45,25 (Terrain rejected)
GoblinManager: Failed to register cave at 15,0 (Terrain rejected)
GoblinManager: Failed to register cave at 42,64 (Terrain rejected)
GoblinManager: Failed to register cave at 64,90 (Terrain rejected)
GoblinManager: Failed to register cave at 30,59 (Terrain rejected)
GoblinManager: Failed to register cave at 6,79 (Terrain rejected)
GoblinManager: Failed to register cave at 79,22 (Terrain rejected)
GoblinManager: Failed to register cave at 65,76 (Terrain rejected)
GoblinManager: Failed to register cave at 10,47 (Terrain rejected)
GoblinManager: Failed to register cave at 3,80 (Terrain rejected)
GoblinManager: Failed to register cave at 10,80 (Terrain rejected)
GoblinManager: Failed to register cave at 31,14 (Terrain rejected)
GoblinManager: Failed to register cave at 29,54 (Terrain rejected)
GoblinManager: Failed to register cave at 5,0 (Terrain rejected)
GoblinManager: Failed to register cave at 29,25 (Terrain rejected)
GoblinManager: Failed to register cave at 12,4 (Terrain rejected)
GoblinManager: Failed to register cave at 53,0 (Terrain rejected)
GoblinManager: Failed to register cave at 81,78 (Terrain rejected)
GoblinManager: Failed to register cave at 18,3 (Terrain rejected)
GoblinManager: Failed to register cave at 49,81 (Terrain rejected)
GoblinManager: Failed to register cave at 32,85 (Terrain rejected)
GoblinManager: Failed to register cave at 16,26 (Terrain rejected)
GoblinManager: Failed to register cave at 14,66 (Terrain rejected)
GoblinManager: Failed to register cave at 2,4 (Terrain rejected)
GoblinManager: Failed to register cave at 67,70 (Terrain rejected)
GoblinManager: Failed to register cave at 73,74 (Terrain rejected)
GoblinManager: Failed to register cave at 61,2 (Terrain rejected)
GoblinManager: Failed to register cave at 66,93 (Terrain rejected)
GoblinManager: Failed to register cave at 12,72 (Terrain rejected)
GoblinManager: Failed to register cave at 75,44 (Terrain rejected)
GoblinManager: Failed to register cave at 43,3 (Terrain rejected)
GoblinManager: Failed to register cave at 50,69 (Terrain rejected)
GoblinManager: Failed to register cave at 91,98 (Terrain rejected)
GoblinManager: Failed to register cave at 31,73 (Terrain rejected)
GoblinManager: Failed to register cave at 79,34 (Terrain rejected)
GoblinManager: Failed to register cave at 66,9 (Terrain rejected)
GoblinManager: Failed to register cave at 30,69 (Terrain rejected)
GoblinManager: Failed to register cave at 0,43 (Terrain rejected)
GoblinManager: Failed to register cave at 56,89 (Terrain rejected)
GoblinManager: Failed to register cave at 7,24 (Terrain rejected)
GoblinManager: Failed to register cave at 13,31 (Terrain rejected)
GoblinManager: Failed to register cave at 70,22 (Terrain rejected)
GoblinManager: Failed to register cave at 39,88 (Terrain rejected)
GoblinManager: Failed to register cave at 32,86 (Terrain rejected)
GoblinManager: Failed to register cave at 39,25 (Terrain rejected)
GoblinManager: Failed to register cave at 63,56 (Terrain rejected)
GoblinManager: Failed to register cave at 77,51 (Terrain rejected)
GoblinManager: Failed to register cave at 60,14 (Terrain rejected)
GoblinManager: Failed to register cave at 1,59 (Terrain rejected)
GoblinManager: Failed to register cave at 80,88 (Terrain rejected)
GoblinManager: Failed to register cave at 87,99 (Terrain rejected)
GoblinManager: Failed to register cave at 75,23 (Terrain rejected)
GoblinManager: Failed to register cave at 92,96 (Terrain rejected)
GoblinManager: Failed to register cave at 50,18 (Terrain rejected)
GoblinManager: Failed to register cave at 85,52 (Terrain rejected)
GoblinManager: Failed to register cave at 52,23 (Terrain rejected)
GoblinManager: Failed to register cave at 89,60 (Terrain rejected)
GoblinManager: Failed to register cave at 10,83 (Terrain rejected)
GoblinManager: Failed to register cave at 91,79 (Terrain rejected)
GoblinManager: Failed to register cave at 64,60 (Terrain rejected)
GoblinManager: Failed to register cave at 54,47 (Terrain rejected)
GoblinManager: Failed to register cave at 4,63 (Terrain rejected)
GoblinManager: Failed to register cave at 10,4 (Terrain rejected)
GoblinManager: Failed to register cave at 22,69 (Terrain rejected)
GoblinManager: Failed to register cave at 56,11 (Terrain rejected)
GoblinManager: Failed to register cave at 42,30 (Terrain rejected)
GoblinManager: Failed to register cave at 13,2 (Terrain rejected)
GoblinManager: Failed to register cave at 38,59 (Terrain rejected)
GoblinManager: Failed to register cave at 74,23 (Terrain rejected)
GoblinManager: Failed to register cave at 76,10 (Terrain rejected)
GoblinManager: Failed to register cave at 11,19 (Terrain rejected)
GoblinManager: Failed to register cave at 11,78 (Terrain rejected)
GoblinManager: Failed to register cave at 68,75 (Terrain rejected)
GoblinManager: Failed to register cave at 3,76 (Terrain rejected)
GoblinManager: Failed to register cave at 29,18 (Terrain rejected)
GoblinManager: Failed to register cave at 4,1 (Terrain rejected)
GoblinManager: Failed to register cave at 0,68 (Terrain rejected)
GoblinManager: Failed to register cave at 70,75 (Terrain rejected)
GoblinManager: Failed to register cave at 96,44 (Terrain rejected)
GoblinManager: Failed to register cave at 57,56 (Terrain rejected)
GoblinManager: Failed to register cave at 8,21 (Terrain rejected)
GoblinManager: Failed to register cave at 42,86 (Terrain rejected)
GoblinManager: Failed to register cave at 64,26 (Terrain rejected)
GoblinManager: Failed to register cave at 25,89 (Terrain rejected)
GoblinManager: Failed to register cave at 42,62 (Terrain rejected)
GoblinManager: Failed to register cave at 85,99 (Terrain rejected)
GoblinManager: Failed to register cave at 20,91 (Terrain rejected)
GoblinManager: Failed to register cave at 22,25 (Terrain rejected)
GoblinManager: Failed to register cave at 55,94 (Terrain rejected)
GoblinManager: Failed to register cave at 79,56 (Terrain rejected)
GoblinManager: Failed to register cave at 19,11 (Terrain rejected)
GoblinManager: Failed to register cave at 6,41 (Terrain rejected)
GoblinManager: Failed to register cave at 93,99 (Terrain rejected)
GoblinManager: Failed to register cave at 16,31 (Terrain rejected)
GoblinManager: Failed to register cave at 69,73 (Terrain rejected)
GoblinManager: Failed to register cave at 55,32 (Terrain rejected)
GoblinManager: Failed to register cave at 75,10 (Terrain rejected)
GoblinManager: Failed to register cave at 88,43 (Terrain rejected)
GoblinManager: Failed to register cave at 6,10 (Terrain rejected)
GoblinManager: Failed to register cave at 84,64 (Terrain rejected)
GoblinManager: Failed to register cave at 60,87 (Terrain rejected)
GoblinManager: Failed to register cave at 3,79 (Terrain rejected)
GoblinManager: Failed to register cave at 25,52 (Terrain rejected)
GoblinManager: Failed to register cave at 48,16 (Terrain rejected)
GoblinManager: Failed to register cave at 59,76 (Terrain rejected)
GoblinManager: Failed to register cave at 65,67 (Terrain rejected)
GoblinManager: Failed to register cave at 59,59 (Terrain rejected)
GoblinManager: Failed to register cave at 61,7 (Terrain rejected)
GoblinManager: Failed to register cave at 52,55 (Terrain rejected)
GoblinManager: Failed to register cave at 72,79 (Terrain rejected)
GoblinManager: Failed to register cave at 49,96 (Terrain rejected)
GoblinManager: Failed to register cave at 93,67 (Terrain rejected)
GoblinManager: Failed to register cave at 84,8 (Terrain rejected)
GoblinManager: Failed to register cave at 72,71 (Terrain rejected)
GoblinManager: Failed to register cave at 87,60 (Terrain rejected)
GoblinManager: Failed to register cave at 53,65 (Terrain rejected)
GoblinManager: Failed to register cave at 53,85 (Terrain rejected)
GoblinManager: Failed to register cave at 54,81 (Terrain rejected)
GoblinManager: Failed to register cave at 41,16 (Terrain rejected)
GoblinManager: Failed to register cave at 52,12 (Terrain rejected)
GoblinManager: Failed to register cave at 96,19 (Terrain rejected)
GoblinManager: Failed to register cave at 4,33 (Terrain rejected)
GoblinManager: Failed to register cave at 60,6 (Terrain rejected)
GoblinManager: Failed to register cave at 43,87 (Terrain rejected)
GoblinManager: Failed to register cave at 24,52 (Terrain rejected)
GoblinManager: Failed to register cave at 48,53 (Terrain rejected)
GoblinManager: Failed to register cave at 53,75 (Terrain rejected)
GoblinManager: Failed to register cave at 60,19 (Terrain rejected)
GoblinManager: Failed to register cave at 65,62 (Terrain rejected)
GoblinManager: Failed to register cave at 96,46 (Terrain rejected)
GoblinManager: Failed to register cave at 95,29 (Terrain rejected)
GoblinManager: Failed to register cave at 7,96 (Terrain rejected)
GoblinManager: Failed to register cave at 1,47 (Terrain rejected)
GoblinManager: Failed to register cave at 37,82 (Terrain rejected)
GoblinManager: Failed to register cave at 29,49 (Terrain rejected)
GoblinManager: Failed to register cave at 43,89 (Terrain rejected)
GoblinManager: Failed to register cave at 4,69 (Terrain rejected)
GoblinManager: Failed to register cave at 89,45 (Terrain rejected)
GoblinManager: Failed to register cave at 37,56 (Terrain rejected)
GoblinManager: Failed to register cave at 74,38 (Terrain rejected)
GoblinManager: Failed to register cave at 20,42 (Terrain rejected)
GoblinManager: Failed to register cave at 75,32 (Terrain rejected)
GoblinManager: Failed to register cave at 65,26 (Terrain rejected)
GoblinManager: Failed to register cave at 83,1 (Terrain rejected)
GoblinManager: Failed to register cave at 50,92 (Terrain rejected)
GoblinManager: Failed to register cave at 81,73 (Terrain rejected)
GoblinManager: Failed to register cave at 33,80 (Terrain rejected)
GoblinManager: Failed to register cave at 89,85 (Terrain rejected)
GoblinManager: Failed to register cave at 63,0 (Terrain rejected)
GoblinManager: Failed to register cave at 23,80 (Terrain rejected)
GoblinManager: Failed to register cave at 90,58 (Terrain rejected)
GoblinManager: Failed to register cave at 54,51 (Terrain rejected)
GoblinManager: Failed to register cave at 54,86 (Terrain rejected)
GoblinManager: Failed to register cave at 10,13 (Terrain rejected)
GoblinManager: Failed to register cave at 87,69 (Terrain rejected)
GoblinManager: Failed to register cave at 41,21 (Terrain rejected)
GoblinManager: Failed to register cave at 39,96 (Terrain rejected)
GoblinManager: Failed to register cave at 56,6 (Terrain rejected)
GoblinManager: Failed to register cave at 56,15 (Terrain rejected)
GoblinManager: Failed to register cave at 21,67 (Terrain rejected)
GoblinManager: Failed to register cave at 63,58 (Terrain rejected)
GoblinManager: Failed to register cave at 98,52 (Terrain rejected)
GoblinManager: Failed to register cave at 12,58 (Terrain rejected)
GoblinManager: Failed to register cave at 15,98 (Terrain rejected)
GoblinManager: Failed to register cave at 64,13 (Terrain rejected)
GoblinManager: Failed to register cave at 9,13 (Terrain rejected)
GoblinManager: Failed to register cave at 19,96 (Terrain rejected)
GoblinManager: Failed to register cave at 20,80 (Terrain rejected)
GoblinManager: Failed to register cave at 69,32 (Terrain rejected)
GoblinManager: Failed to register cave at 63,55 (Terrain rejected)
GoblinManager: Failed to register cave at 34,73 (Terrain rejected)
GoblinManager: Failed to register cave at 14,4 (Terrain rejected)
GoblinManager: Failed to register cave at 13,14 (Terrain rejected)
GoblinManager: Failed to register cave at 81,96 (Terrain rejected)
GoblinManager: Failed to register cave at 20,26 (Terrain rejected)
GoblinManager: Failed to register cave at 16,86 (Terrain rejected)
GoblinManager: Failed to register cave at 53,74 (Terrain rejected)
GoblinManager: Failed to register cave at 66,48 (Terrain rejected)
GoblinManager: Failed to register cave at 28,70 (Terrain rejected)
GoblinManager: Failed to register cave at 54,72 (Terrain rejected)
GoblinManager: Failed to register cave at 15,47 (Terrain rejected)
GoblinManager: Failed to register cave at 41,69 (Terrain rejected)
GoblinManager: Failed to register cave at 75,40 (Terrain rejected)
GoblinManager: Failed to register cave at 3,29 (Terrain rejected)
GoblinManager: Failed to register cave at 3,13 (Terrain rejected)
GoblinManager: Failed to register cave at 15,30 (Terrain rejected)
GoblinManager: Failed to register cave at 72,85 (Terrain rejected)
GoblinManager: Failed to register cave at 3,46 (Terrain rejected)
GoblinManager: Failed to register cave at 80,12 (Terrain rejected)
GoblinManager: Failed to register cave at 81,88 (Terrain rejected)
GoblinManager: Failed to register cave at 19,20 (Terrain rejected)
GoblinManager: Failed to register cave at 68,49 (Terrain rejected)
GoblinManager: Failed to register cave at 40,60 (Terrain rejected)
GoblinManager: Failed to register cave at 24,55 (Terrain rejected)
GoblinManager: Failed to register cave at 23,94 (Terrain rejected)
GoblinManager: Failed to register cave at 98,44 (Terrain rejected)
GoblinManager: Failed to register cave at 51,27 (Terrain rejected)
GoblinManager: Failed to register cave at 15,96 (Terrain rejected)
GoblinManager: Failed to register cave at 64,15 (Terrain rejected)
GoblinManager: Failed to register cave at 13,83 (Terrain rejected)
GoblinManager: Failed to register cave at 14,24 (Terrain rejected)
GoblinManager: Failed to register cave at 34,52 (Terrain rejected)
GoblinManager: Failed to register cave at 97,30 (Terrain rejected)
GoblinManager: Failed to register cave at 90,69 (Terrain rejected)
GoblinManager: Failed to register cave at 24,88 (Terrain rejected)
GoblinManager: Failed to register cave at 68,62 (Terrain rejected)
GoblinManager: Failed to register cave at 89,80 (Terrain rejected)
GoblinManager: Failed to register cave at 58,52 (Terrain rejected)
GoblinManager: Failed to register cave at 42,86 (Terrain rejected)
GoblinManager: Failed to register cave at 52,82 (Terrain rejected)
GoblinManager: Failed to register cave at 34,89 (Terrain rejected)
GoblinManager: Failed to register cave at 79,82 (Terrain rejected)
GoblinManager: Failed to register cave at 9,27 (Terrain rejected)
GoblinManager: Failed to register cave at 37,59 (Terrain rejected)
GoblinManager: Failed to register cave at 54,51 (Terrain rejected)
GoblinManager: Failed to register cave at 54,34 (Terrain rejected)
GoblinManager: Failed to register cave at 53,80 (Terrain rejected)
GoblinManager: Failed to register cave at 77,77 (Terrain rejected)
GoblinManager: Failed to register cave at 25,13 (Terrain rejected)
GoblinManager: Failed to register cave at 9,41 (Terrain rejected)
GoblinManager: Failed to register cave at 56,3 (Terrain rejected)
GoblinManager: Failed to register cave at 11,86 (Terrain rejected)
GoblinManager: Failed to register cave at 91,26 (Terrain rejected)
GoblinManager: Failed to register cave at 10,37 (Terrain rejected)
GoblinManager: Failed to register cave at 34,15 (Terrain rejected)
GoblinManager: Failed to register cave at 58,14 (Terrain rejected)
GoblinManager: Failed to register cave at 6,11 (Terrain rejected)
GoblinManager: Failed to register cave at 26,76 (Terrain rejected)
GoblinManager: Failed to register cave at 5,68 (Terrain rejected)
GoblinManager: Failed to register cave at 51,42 (Terrain rejected)
GoblinManager: Failed to register cave at 62,46 (Terrain rejected)
GoblinManager: Failed to register cave at 75,68 (Terrain rejected)
GoblinManager: Failed to register cave at 64,71 (Terrain rejected)
GoblinManager: Failed to register cave at 85,87 (Terrain rejected)
GoblinManager: Failed to register cave at 89,55 (Terrain rejected)
GoblinManager: Failed to register cave at 70,58 (Terrain rejected)
GoblinManager: Failed to register cave at 49,52 (Terrain rejected)
GoblinManager: Failed to register cave at 56,8 (Terrain rejected)
GoblinManager: Failed to register cave at 85,64 (Terrain rejected)
GoblinManager: Failed to register cave at 50,81 (Terrain rejected)
GoblinManager: Failed to register cave at 83,73 (Terrain rejected)
GoblinManager: Failed to register cave at 76,24 (Terrain rejected)
GoblinManager: Failed to register cave at 50,80 (Terrain rejected)
GoblinManager: Failed to register cave at 50,78 (Terrain rejected)
GoblinManager: Failed to register cave at 44,41 (Terrain rejected)
GoblinManager: Failed to register cave at 59,25 (Terrain rejected)
GoblinManager: Failed to register cave at 14,59 (Terrain rejected)
GoblinManager: Failed to register cave at 82,85 (Terrain rejected)
GoblinManager: Failed to register cave at 61,89 (Terrain rejected)
GoblinManager: Failed to register cave at 5,52 (Terrain rejected)
GoblinManager: Failed to register cave at 78,4 (Terrain rejected)
GoblinManager: Failed to register cave at 43,18 (Terrain rejected)
GoblinManager: Failed to register cave at 45,51 (Terrain rejected)
GoblinManager: Failed to register cave at 65,77 (Terrain rejected)
GoblinManager: Failed to register cave at 86,79 (Terrain rejected)
GoblinManager: Failed to register cave at 17,92 (Terrain rejected)
GoblinManager: Failed to register cave at 68,5 (Terrain rejected)
GoblinManager: Failed to register cave at 29,33 (Terrain rejected)
GoblinManager: Failed to register cave at 21,54 (Terrain rejected)
GoblinManager: Failed to register cave at 48,61 (Terrain rejected)
GoblinManager: Failed to register cave at 10,97 (Terrain rejected)
GoblinManager: Failed to register cave at 85,93 (Terrain rejected)
GoblinManager: Failed to register cave at 79,15 (Terrain rejected)
GoblinManager: Failed to register cave at 73,5 (Terrain rejected)
GoblinManager: Failed to register cave at 97,52 (Terrain rejected)
GoblinManager: Failed to register cave at 16,48 (Terrain rejected)
GoblinManager: Failed to register cave at 16,73 (Terrain rejected)
GoblinManager: Failed to register cave at 94,57 (Terrain rejected)
GoblinManager: Failed to register cave at 57,30 (Terrain rejected)
GoblinManager: Failed to register cave at 79,88 (Terrain rejected)
GoblinManager: Failed to register cave at 79,12 (Terrain rejected)
GoblinManager: Failed to register cave at 76,26 (Terrain rejected)
GoblinManager: Failed to register cave at 78,80 (Terrain rejected)
GoblinManager: Failed to register cave at 16,30 (Terrain rejected)
GoblinManager: Failed to register cave at 94,21 (Terrain rejected)
GoblinManager: Failed to register cave at 6,80 (Terrain rejected)
GoblinManager: Failed to register cave at 0,47 (Terrain rejected)
GoblinManager: Failed to register cave at 44,76 (Terrain rejected)
GoblinManager: Failed to register cave at 91,9 (Terrain rejected)
GoblinManager: Failed to register cave at 23,4 (Terrain rejected)
GoblinManager: Failed to register cave at 5,98 (Terrain rejected)
GoblinManager: Failed to register cave at 81,1 (Terrain rejected)
GoblinManager: Failed to register cave at 79,65 (Terrain rejected)
GoblinManager: Failed to register cave at 49,40 (Terrain rejected)
GoblinManager: Failed to register cave at 39,32 (Terrain rejected)
GoblinManager: Failed to register cave at 54,75 (Terrain rejected)
GoblinManager: Failed to register cave at 52,70 (Terrain rejected)
GoblinManager: Failed to register cave at 90,67 (Terrain rejected)
GoblinManager: Failed to register cave at 33,6 (Terrain rejected)
GoblinManager: Failed to register cave at 82,59 (Terrain rejected)
GoblinManager: Failed to register cave at 38,22 (Terrain rejected)
GoblinManager: Failed to register cave at 74,89 (Terrain rejected)
GoblinManager: Failed to register cave at 50,12 (Terrain rejected)
GoblinManager: Failed to register cave at 76,14 (Terrain rejected)
GoblinManager: Failed to register cave at 28,73 (Terrain rejected)
GoblinManager: Failed to register cave at 20,72 (Terrain rejected)
GoblinManager: Failed to register cave at 67,97 (Terrain rejected)
GoblinManager: Failed to register cave at 81,77 (Terrain rejected)
GoblinManager: Failed to register cave at 58,12 (Terrain rejected)
GoblinManager: Failed to register cave at 60,43 (Terrain rejected)
GoblinManager: Failed to register cave at 92,40 (Terrain rejected)
GoblinManager: Failed to register cave at 5,61 (Terrain rejected)
GoblinManager: Failed to register cave at 73,18 (Terrain rejected)
GoblinManager: Failed to register cave at 93,34 (Terrain rejected)
GoblinManager: Failed to register cave at 31,51 (Terrain rejected)
GoblinManager: Failed to register cave at 3,24 (Terrain rejected)
GoblinManager: Failed to register cave at 12,78 (Terrain rejected)
GoblinManager: Failed to register cave at 21,32 (Terrain rejected)
GoblinManager: Failed to register cave at 26,91 (Terrain rejected)
GoblinManager: Failed to register cave at 20,49 (Terrain rejected)
GoblinManager: Failed to register cave at 27,68 (Terrain rejected)
GoblinManager: Failed to register cave at 38,79 (Terrain rejected)
GoblinManager: Failed to register cave at 5,30 (Terrain rejected)
GoblinManager: Failed to register cave at 93,45 (Terrain rejected)
GoblinManager: Failed to register cave at 69,28 (Terrain rejected)
GoblinManager: Failed to register cave at 53,90 (Terrain rejected)
GoblinManager: Failed to register cave at 23,50 (Terrain rejected)
GoblinManager: Failed to register cave at 51,5 (Terrain rejected)
GoblinManager: Failed to register cave at 84,68 (Terrain rejected)
GoblinManager: Failed to register cave at 35,83 (Terrain rejected)
GoblinManager: Failed to register cave at 0,54 (Terrain rejected)
GoblinManager: Failed to register cave at 42,44 (Terrain rejected)
GoblinManager: Failed to register cave at 59,53 (Terrain rejected)
GoblinManager: Failed to register cave at 3,69 (Terrain rejected)
GoblinManager: Failed to register cave at 82,39 (Terrain rejected)
GoblinManager: Failed to register cave at 81,70 (Terrain rejected)
GoblinManager: Failed to register cave at 76,46 (Terrain rejected)
GoblinManager: Failed to register cave at 92,7 (Terrain rejected)
GoblinManager: Failed to register cave at 12,79 (Terrain rejected)
GoblinManager: Failed to register cave at 82,58 (Terrain rejected)
GoblinManager: Failed to register cave at 43,20 (Terrain rejected)
GoblinManager: Failed to register cave at 70,24 (Terrain rejected)
GoblinManager: Failed to register cave at 52,88 (Terrain rejected)
GoblinManager: Failed to register cave at 0,0 (Terrain rejected)
GoblinManager: Failed to register cave at 77,8 (Terrain rejected)
GoblinManager: Failed to register cave at 80,24 (Terrain rejected)
GoblinManager: Failed to register cave at 21,26 (Terrain rejected)
GoblinManager: Failed to register cave at 92,74 (Terrain rejected)
GoblinManager: Failed to register cave at 89,28 (Terrain rejected)
GoblinManager: Failed to register cave at 69,24 (Terrain rejected)
GoblinManager: Failed to register cave at 9,41 (Terrain rejected)
GoblinManager: Failed to register cave at 35,67 (Terrain rejected)
GoblinManager: Failed to register cave at 5,97 (Terrain rejected)
GoblinManager: Failed to register cave at 41,34 (Terrain rejected)
GoblinManager: Failed to register cave at 60,1 (Terrain rejected)
GoblinManager: Failed to register cave at 18,18 (Terrain rejected)
GoblinManager: Failed to register cave at 28,47 (Terrain rejected)
GoblinManager: Failed to register cave at 47,57 (Terrain rejected)
GoblinManager: Failed to register cave at 1,91 (Terrain rejected)
GoblinManager: Failed to register cave at 64,24 (Terrain rejected)
GoblinManager: Failed to register cave at 65,30 (Terrain rejected)
GoblinManager: Failed to register cave at 70,60 (Terrain rejected)
GoblinManager: Failed to register cave at 28,43 (Terrain rejected)
GoblinManager: Failed to register cave at 94,46 (Terrain rejected)
GoblinManager: Failed to register cave at 66,91 (Terrain rejected)
GoblinManager: Failed to register cave at 95,99 (Terrain rejected)
GoblinManager: Failed to register cave at 92,31 (Terrain rejected)
GoblinManager: Failed to register cave at 20,74 (Terrain rejected)
GoblinManager: Failed to register cave at 77,86 (Terrain rejected)
GoblinManager: Failed to register cave at 30,51 (Terrain rejected)
GoblinManager: Failed to register cave at 61,32 (Terrain rejected)
GoblinManager: Failed to register cave at 74,66 (Terrain rejected)
GoblinManager: Failed to register cave at 38,5 (Terrain rejected)
GoblinManager: Failed to register cave at 78,14 (Terrain rejected)
GoblinManager: Failed to register cave at 45,5 (Terrain rejected)
GoblinManager: Failed to register cave at 1,51 (Terrain rejected)
GoblinManager: Failed to register cave at 2,87 (Terrain rejected)
GoblinManager: Failed to register cave at 21,43 (Terrain rejected)
GoblinManager: Failed to register cave at 44,10 (Terrain rejected)
GoblinManager: Failed to register cave at 43,83 (Terrain rejected)
GoblinManager: Failed to register cave at 59,11 (Terrain rejected)
GoblinManager: Failed to register cave at 55,11 (Terrain rejected)
GoblinManager: Failed to register cave at 91,79 (Terrain rejected)
GoblinManager: Failed to register cave at 92,81 (Terrain rejected)
GoblinManager: Failed to register cave at 5,68 (Terrain rejected)
GoblinManager: Failed to register cave at 11,46 (Terrain rejected)
GoblinManager: Failed to register cave at 43,61 (Terrain rejected)
GoblinManager: Failed to register cave at 76,2 (Terrain rejected)
GoblinManager: Failed to register cave at 69,6 (Terrain rejected)
GoblinManager: Failed to register cave at 48,36 (Terrain rejected)
GoblinManager: Failed to register cave at 31,75 (Terrain rejected)
GoblinManager: Failed to register cave at 78,63 (Terrain rejected)
GoblinManager: Failed to register cave at 30,67 (Terrain rejected)
GoblinManager: Failed to register cave at 14,76 (Terrain rejected)
GoblinManager: Failed to register cave at 79,9 (Terrain rejected)
GoblinManager: Failed to register cave at 27,33 (Terrain rejected)
GoblinManager: Failed to register cave at 10,51 (Terrain rejected)
GoblinManager: Failed to register cave at 28,4 (Terrain rejected)
GoblinManager: Failed to register cave at 35,17 (Terrain rejected)
GoblinManager: Failed to register cave at 25,53 (Terrain rejected)
GoblinManager: Failed to register cave at 33,73 (Terrain rejected)
GoblinManager: Failed to register cave at 22,61 (Terrain rejected)
GoblinManager: Failed to register cave at 41,61 (Terrain rejected)
GoblinManager: Failed to register cave at 13,71 (Terrain rejected)
GoblinManager: Failed to register cave at 93,63 (Terrain rejected)
GoblinManager: Failed to register cave at 0,87 (Terrain rejected)
GoblinManager: Failed to register cave at 44,47 (Terrain rejected)
GoblinManager: Failed to register cave at 51,32 (Terrain rejected)
GoblinManager: Failed to register cave at 74,17 (Terrain rejected)
GoblinManager: Failed to register cave at 70,69 (Terrain rejected)
GoblinManager: Failed to register cave at 39,56 (Terrain rejected)
GoblinManager: Failed to register cave at 38,15 (Terrain rejected)
GoblinManager: Failed to register cave at 36,61 (Terrain rejected)
GoblinManager: Failed to register cave at 17,96 (Terrain rejected)
GoblinManager: Failed to register cave at 69,18 (Terrain rejected)
GoblinManager: Failed to register cave at 14,75 (Terrain rejected)
GoblinManager: Failed to register cave at 77,15 (Terrain rejected)
GoblinManager: Failed to register cave at 86,20 (Terrain rejected)
GoblinManager: Failed to register cave at 4,18 (Terrain rejected)
GoblinManager: Failed to register cave at 86,6 (Terrain rejected)
GoblinManager: Failed to register cave at 89,60 (Terrain rejected)
GoblinManager: Failed to register cave at 11,82 (Terrain rejected)
GoblinManager: Failed to register cave at 94,97 (Terrain rejected)
GoblinManager: Failed to register cave at 71,78 (Terrain rejected)
GoblinManager: Failed to register cave at 82,22 (Terrain rejected)
GoblinManager: Failed to register cave at 75,27 (Terrain rejected)
GoblinManager: Failed to register cave at 99,60 (Terrain rejected)
GoblinManager: Failed to register cave at 89,96 (Terrain rejected)
GoblinManager: Failed to register cave at 20,94 (Terrain rejected)
GoblinManager: Failed to register cave at 25,92 (Terrain rejected)
GoblinManager: Failed to register cave at 47,83 (Terrain rejected)
GoblinManager: Failed to register cave at 99,16 (Terrain rejected)
GoblinManager: Failed to register cave at 61,40 (Terrain rejected)
GoblinManager: Failed to register cave at 38,59 (Terrain rejected)
GoblinManager: Failed to register cave at 57,82 (Terrain rejected)
GoblinManager: Failed to register cave at 66,62 (Terrain rejected)
GoblinManager: Failed to register cave at 65,97 (Terrain rejected)
GoblinManager: Failed to register cave at 94,5 (Terrain rejected)
GoblinManager: Failed to register cave at 14,16 (Terrain rejected)
GoblinManager: Failed to register cave at 16,96 (Terrain rejected)
GoblinManager: Failed to register cave at 81,95 (Terrain rejected)
GoblinManager: Failed to register cave at 99,34 (Terrain rejected)
GoblinManager: Failed to register cave at 20,63 (Terrain rejected)
GoblinManager: Failed to register cave at 39,34 (Terrain rejected)
GoblinManager: Failed to register cave at 39,84 (Terrain rejected)
GoblinManager: Failed to register cave at 69,28 (Terrain rejected)
GoblinManager: Failed to register cave at 83,39 (Terrain rejected)
GoblinManager: Failed to register cave at 97,70 (Terrain rejected)
GoblinManager: Failed to register cave at 44,52 (Terrain rejected)
GoblinManager: Failed to register cave at 63,99 (Terrain rejected)
GoblinManager: Failed to register cave at 13,33 (Terrain rejected)
GoblinManager: Failed to register cave at 1,98 (Terrain rejected)
GoblinManager: Failed to register cave at 57,87 (Terrain rejected)
GoblinManager: Failed to register cave at 54,18 (Terrain rejected)
GoblinManager: Failed to register cave at 87,27 (Terrain rejected)
GoblinManager: Failed to register cave at 18,19 (Terrain rejected)
GoblinManager: Failed to register cave at 95,71 (Terrain rejected)
GoblinManager: Failed to register cave at 73,39 (Terrain rejected)
GoblinManager: Failed to register cave at 98,17 (Terrain rejected)
GoblinManager: Failed to register cave at 70,39 (Terrain rejected)
GoblinManager: Failed to register cave at 31,84 (Terrain rejected)
GoblinManager: Failed to register cave at 81,63 (Terrain rejected)
GoblinManager: Failed to register cave at 89,83 (Terrain rejected)
GoblinManager: Failed to register cave at 41,8 (Terrain rejected)
GoblinManager: Failed to register cave at 61,11 (Terrain rejected)
GoblinManager: Failed to register cave at 71,20 (Terrain rejected)
GoblinManager: Failed to register cave at 93,25 (Terrain rejected)
GoblinManager: Failed to register cave at 27,80 (Terrain rejected)
GoblinManager: Failed to register cave at 66,17 (Terrain rejected)
GoblinManager: Failed to register cave at 2,65 (Terrain rejected)
GoblinManager: Failed to register cave at 21,44 (Terrain rejected)
GoblinManager: Failed to register cave at 19,91 (Terrain rejected)
GoblinManager: Failed to register cave at 26,73 (Terrain rejected)
GoblinManager: Failed to register cave at 11,59 (Terrain rejected)
GoblinManager: Failed to register cave at 95,43 (Terrain rejected)
GoblinManager: Failed to register cave at 21,99 (Terrain rejected)
GoblinManager: Failed to register cave at 39,49 (Terrain rejected)
GoblinManager: Failed to register cave at 72,95 (Terrain rejected)
GoblinManager: Failed to register cave at 29,31 (Terrain rejected)
GoblinManager: Failed to register cave at 92,84 (Terrain rejected)
GoblinManager: Failed to register cave at 24,72 (Terrain rejected)
GoblinManager: Failed to register cave at 88,31 (Terrain rejected)
GoblinManager: Failed to register cave at 95,93 (Terrain rejected)
GoblinManager: Failed to register cave at 56,37 (Terrain rejected)
GoblinManager: Failed to register cave at 59,26 (Terrain rejected)
GoblinManager: Failed to register cave at 59,50 (Terrain rejected)
GoblinManager: Failed to register cave at 94,94 (Terrain rejected)
GoblinManager: Failed to register cave at 31,26 (Terrain rejected)
GoblinManager: Failed to register cave at 72,10 (Terrain rejected)
GoblinManager: Failed to register cave at 97,76 (Terrain rejected)
GoblinManager: Failed to register cave at 13,51 (Terrain rejected)
GoblinManager: Failed to register cave at 92,58 (Terrain rejected)
GoblinManager: Failed to register cave at 73,91 (Terrain rejected)
GoblinManager: Failed to register cave at 46,0 (Terrain rejected)
GoblinManager: Failed to register cave at 78,87 (Terrain rejected)
GoblinManager: Failed to register cave at 40,16 (Terrain rejected)
GoblinManager: Failed to register cave at 15,82 (Terrain rejected)
GoblinManager: Failed to register cave at 70,92 (Terrain rejected)
GoblinManager: Failed to register cave at 69,73 (Terrain rejected)
GoblinManager: Failed to register cave at 63,10 (Terrain rejected)
GoblinManager: Failed to register cave at 34,8 (Terrain rejected)
GoblinManager: Failed to register cave at 38,28 (Terrain rejected)
GoblinManager: Failed to register cave at 80,94 (Terrain rejected)
GoblinManager: Failed to register cave at 17,71 (Terrain rejected)
GoblinManager: Failed to register cave at 67,56 (Terrain rejected)
GoblinManager: Failed to register cave at 83,80 (Terrain rejected)
GoblinManager: Failed to register cave at 10,20 (Terrain rejected)
GoblinManager: Failed to register cave at 15,42 (Terrain rejected)
GoblinManager: Failed to register cave at 40,92 (Terrain rejected)
GoblinManager: Failed to register cave at 99,81 (Terrain rejected)
GoblinManager: Failed to register cave at 67,87 (Terrain rejected)
GoblinManager: Failed to register cave at 48,93 (Terrain rejected)
GoblinManager: Failed to register cave at 29,72 (Terrain rejected)
GoblinManager: Failed to register cave at 8,21 (Terrain rejected)
GoblinManager: Failed to register cave at 39,19 (Terrain rejected)
GoblinManager: Failed to register cave at 47,94 (Terrain rejected)
GoblinManager: Failed to register cave at 20,97 (Terrain rejected)
GoblinManager: Failed to register cave at 95,33 (Terrain rejected)
GoblinManager: Failed to register cave at 62,31 (Terrain rejected)
GoblinManager: Failed to register cave at 99,4 (Terrain rejected)
GoblinManager: Failed to register cave at 69,60 (Terrain rejected)
GoblinManager: Failed to register cave at 61,6 (Terrain rejected)
GoblinManager: Failed to register cave at 12,80 (Terrain rejected)
GoblinManager: Failed to register cave at 60,72 (Terrain rejected)
GoblinManager: Failed to register cave at 92,54 (Terrain rejected)
GoblinManager: Failed to register cave at 78,29 (Terrain rejected)
GoblinManager: Failed to register cave at 5,25 (Terrain rejected)
GoblinManager: Failed to register cave at 15,73 (Terrain rejected)
GoblinManager: Failed to register cave at 88,77 (Terrain rejected)
GoblinManager: Failed to register cave at 96,66 (Terrain rejected)
GoblinManager: Failed to register cave at 13,2 (Terrain rejected)
GoblinManager: Failed to register cave at 62,79 (Terrain rejected)
GoblinManager: Failed to register cave at 61,18 (Terrain rejected)
GoblinManager: Failed to register cave at 19,88 (Terrain rejected)
GoblinManager: Failed to register cave at 94,9 (Terrain rejected)
GoblinManager: Failed to register cave at 80,47 (Terrain rejected)
GoblinManager: Failed to register cave at 5,33 (Terrain rejected)
GoblinManager: Failed to register cave at 12,35 (Terrain rejected)
GoblinManager: Failed to register cave at 67,69 (Terrain rejected)
GoblinManager: Failed to register cave at 36,54 (Terrain rejected)
GoblinManager: Failed to register cave at 13,47 (Terrain rejected)
GoblinManager: Failed to register cave at 19,32 (Terrain rejected)
GoblinManager: Failed to register cave at 32,2 (Terrain rejected)
GoblinManager: Failed to register cave at 98,96 (Terrain rejected)
GoblinManager: Failed to register cave at 44,26 (Terrain rejected)
GoblinManager: Failed to register cave at 8,88 (Terrain rejected)
GoblinManager: Failed to register cave at 6,66 (Terrain rejected)
GoblinManager: Failed to register cave at 36,41 (Terrain rejected)
GoblinManager: Failed to register cave at 81,57 (Terrain rejected)
GoblinManager: Failed to register cave at 64,79 (Terrain rejected)
GoblinManager: Failed to register cave at 62,7 (Terrain rejected)
GoblinManager: Failed to register cave at 87,90 (Terrain rejected)
GoblinManager: Failed to register cave at 45,59 (Terrain rejected)
GoblinManager: Failed to register cave at 28,40 (Terrain rejected)
GoblinManager: Failed to register cave at 83,64 (Terrain rejected)
GoblinManager: Failed to register cave at 98,51 (Terrain rejected)
GoblinManager: Failed to register cave at 85,82 (Terrain rejected)
GoblinManager: Failed to register cave at 69,96 (Terrain rejected)
GoblinManager: Failed to register cave at 96,40 (Terrain rejected)
GoblinManager: Failed to register cave at 55,66 (Terrain rejected)
GoblinManager: Failed to register cave at 70,14 (Terrain rejected)
GoblinManager: Failed to register cave at 51,50 (Terrain rejected)
GoblinManager: Failed to register cave at 22,40 (Terrain rejected)
GoblinManager: Failed to register cave at 57,73 (Terrain rejected)
GoblinManager: Failed to register cave at 77,49 (Terrain rejected)
GoblinManager: Failed to register cave at 51,35 (Terrain rejected)
GoblinManager: Failed to register cave at 92,13 (Terrain rejected)
GoblinManager: Failed to register cave at 9,62 (Terrain rejected)
GoblinManager: Failed to register cave at 36,59 (Terrain rejected)
GoblinManager: Failed to register cave at 90,23 (Terrain rejected)
GoblinManager: Failed to register cave at 70,89 (Terrain rejected)
GoblinManager: Failed to register cave at 49,17 (Terrain rejected)
GoblinManager: Failed to register cave at 29,96 (Terrain rejected)
GoblinManager: Failed to register cave at 68,78 (Terrain rejected)
GoblinManager: Failed to register cave at 74,62 (Terrain rejected)
GoblinManager: Failed to register cave at 17,1 (Terrain rejected)
GoblinManager: Failed to register cave at 20,49 (Terrain rejected)
GoblinManager: Failed to register cave at 99,16 (Terrain rejected)
GoblinManager: Failed to register cave at 7,67 (Terrain rejected)
GoblinManager: Failed to register cave at 26,23 (Terrain rejected)
GoblinManager: Failed to register cave at 53,11 (Terrain rejected)
GoblinManager: Failed to register cave at 91,72 (Terrain rejected)
GoblinManager: Failed to register cave at 85,0 (Terrain rejected)
GoblinManager: Failed to register cave at 33,37 (Terrain rejected)
GoblinManager: Failed to register cave at 25,51 (Terrain rejected)
GoblinManager: Failed to register cave at 70,51 (Terrain rejected)
GoblinManager: Failed to register cave at 46,67 (Terrain rejected)
GoblinManager: Failed to register cave at 43,60 (Terrain rejected)
GoblinManager: Failed to register cave at 26,57 (Terrain rejected)
GoblinManager: Failed to register cave at 64,45 (Terrain rejected)
GoblinManager: Failed to register cave at 91,0 (Terrain rejected)
GoblinManager: Failed to register cave at 5,12 (Terrain rejected)
GoblinManager: Failed to register cave at 33,93 (Terrain rejected)
GoblinManager: Failed to register cave at 55,0 (Terrain rejected)
GoblinManager: Failed to register cave at 90,20 (Terrain rejected)
GoblinManager: Failed to register cave at 41,90 (Terrain rejected)
GoblinManager: Failed to register cave at 38,38 (Terrain rejected)
GoblinManager: Failed to register cave at 59,35 (Terrain rejected)
GoblinManager: Failed to register cave at 76,24 (Terrain rejected)
GoblinManager: Failed to register cave at 48,7 (Terrain rejected)
GoblinManager: Failed to register cave at 51,8 (Terrain rejected)
GoblinManager: Failed to register cave at 87,51 (Terrain rejected)
GoblinManager: Failed to register cave at 93,83 (Terrain rejected)
GoblinManager: Failed to register cave at 15,71 (Terrain rejected)
GoblinManager: Failed to register cave at 56,48 (Terrain rejected)
GoblinManager: Failed to register cave at 23,51 (Terrain rejected)
GoblinManager: Failed to register cave at 55,44 (Terrain rejected)
GoblinManager: Failed to register cave at 7,91 (Terrain rejected)
GoblinManager: Failed to register cave at 35,0 (Terrain rejected)
GoblinManager: Failed to register cave at 3,49 (Terrain rejected)
GoblinManager: Failed to register cave at 0,80 (Terrain rejected)
GoblinManager: Failed to register cave at 56,92 (Terrain rejected)
GoblinManager: Failed to register cave at 67,1 (Terrain rejected)
GoblinManager: Failed to register cave at 41,36 (Terrain rejected)
GoblinManager: Failed to register cave at 24,95 (Terrain rejected)
GoblinManager: Failed to register cave at 8,51 (Terrain rejected)
GoblinManager: Failed to register cave at 98,52 (Terrain rejected)
GoblinManager: Failed to register cave at 5,85 (Terrain rejected)
GoblinManager: Failed to register cave at 64,42 (Terrain rejected)
GoblinManager: Failed to register cave at 72,5 (Terrain rejected)
GoblinManager: Failed to register cave at 89,42 (Terrain rejected)
GoblinManager: Failed to register cave at 3,38 (Terrain rejected)
GoblinManager: Failed to register cave at 3,7 (Terrain rejected)
GoblinManager: Failed to register cave at 94,62 (Terrain rejected)
GoblinManager: Failed to register cave at 64,71 (Terrain rejected)
GoblinManager: Failed to register cave at 86,81 (Terrain rejected)
GoblinManager: Failed to register cave at 32,31 (Terrain rejected)
GoblinManager: Failed to register cave at 71,95 (Terrain rejected)
GoblinManager: Failed to register cave at 29,84 (Terrain rejected)
GoblinManager: Failed to register cave at 85,68 (Terrain rejected)
GoblinManager: Failed to register cave at 37,21 (Terrain rejected)
GoblinManager: Failed to register cave at 91,7 (Terrain rejected)
GoblinManager: Failed to register cave at 28,70 (Terrain rejected)
GoblinManager: Failed to register cave at 48,96 (Terrain rejected)
GoblinManager: Failed to register cave at 93,21 (Terrain rejected)
GoblinManager: Failed to register cave at 0,82 (Terrain rejected)
GoblinManager: Failed to register cave at 26,86 (Terrain rejected)
GoblinManager: Failed to register cave at 50,19 (Terrain rejected)
GoblinManager: Failed to register cave at 64,3 (Terrain rejected)
GoblinManager: Failed to register cave at 24,47 (Terrain rejected)
GoblinManager: Failed to register cave at 28,27 (Terrain rejected)
GoblinManager: Failed to register cave at 60,26 (Terrain rejected)
GoblinManager: Failed to register cave at 63,95 (Terrain rejected)
GoblinManager: Failed to register cave at 3,46 (Terrain rejected)
GoblinManager: Failed to register cave at 29,93 (Terrain rejected)
GoblinManager: Failed to register cave at 63,96 (Terrain rejected)
GoblinManager: Failed to register cave at 59,29 (Terrain rejected)
GoblinManager: Failed to register cave at 44,6 (Terrain rejected)
GoblinManager: Failed to register cave at 57,88 (Terrain rejected)
GoblinManager: Failed to register cave at 6,63 (Terrain rejected)
GoblinManager: Failed to register cave at 57,71 (Terrain rejected)
GoblinManager: Failed to register cave at 62,39 (Terrain rejected)
GoblinManager: Failed to register cave at 27,10 (Terrain rejected)
GoblinManager: Failed to register cave at 81,56 (Terrain rejected)
GoblinManager: Failed to register cave at 77,66 (Terrain rejected)
GoblinManager: Failed to register cave at 50,72 (Terrain rejected)
GoblinManager: Failed to register cave at 43,36 (Terrain rejected)
GoblinManager: Failed to register cave at 99,84 (Terrain rejected)
GoblinManager: Failed to register cave at 51,92 (Terrain rejected)
GoblinManager: Failed to register cave at 13,89 (Terrain rejected)
GoblinManager: Failed to register cave at 6,29 (Terrain rejected)
GoblinManager: Failed to register cave at 14,65 (Terrain rejected)
GoblinManager: Failed to register cave at 11,10 (Terrain rejected)
GoblinManager: Failed to register cave at 85,62 (Terrain rejected)
GoblinManager: Failed to register cave at 53,94 (Terrain rejected)
GoblinManager: Failed to register cave at 78,19 (Terrain rejected)
GoblinManager: Failed to register cave at 36,98 (Terrain rejected)
GoblinManager: Failed to register cave at 38,53 (Terrain rejected)
GoblinManager: Failed to register cave at 74,3 (Terrain rejected)
GoblinManager: Failed to register cave at 45,80 (Terrain rejected)
GoblinManager: Failed to register cave at 86,77 (Terrain rejected)
GoblinManager: Failed to register cave at 9,77 (Terrain rejected)
GoblinManager: Failed to register cave at 13,4 (Terrain rejected)
GoblinManager: Failed to register cave at 50,62 (Terrain rejected)
GoblinManager: Failed to register cave at 89,45 (Terrain rejected)
GoblinManager: Failed to register cave at 92,81 (Terrain rejected)
GoblinManager: Failed to register cave at 94,5 (Terrain rejected)
GoblinManager: Failed to register cave at 0,28 (Terrain rejected)
GoblinManager: Failed to register cave at 52,39 (Terrain rejected)
GoblinManager: Failed to register cave at 4,16 (Terrain rejected)
GoblinManager: Failed to register cave at 70,9 (Terrain rejected)
GoblinManager: Failed to register cave at 40,23 (Terrain rejected)
GoblinManager: Failed to register cave at 7,75 (Terrain rejected)
GoblinManager: Failed to register cave at 88,75 (Terrain rejected)
GoblinManager: Failed to register cave at 48,99 (Terrain rejected)
GoblinManager: Failed to register cave at 58,81 (Terrain rejected)
GoblinManager: Failed to register cave at 42,49 (Terrain rejected)
GoblinManager: Failed to register cave at 35,24 (Terrain rejected)
GoblinManager: Failed to register cave at 75,23 (Terrain rejected)
GoblinManager: Failed to register cave at 27,25 (Terrain rejected)
GoblinManager: Failed to register cave at 32,2 (Terrain rejected)
GoblinManager: Failed to register cave at 32,73 (Terrain rejected)
GoblinManager: Failed to register cave at 10,8 (Terrain rejected)
GoblinManager: Failed to register cave at 81,6 (Terrain rejected)
GoblinManager: Failed to register cave at 83,25 (Terrain rejected)
GoblinManager: Failed to register cave at 47,6 (Terrain rejected)
GoblinManager: Failed to register cave at 1,18 (Terrain rejected)
GoblinManager: Failed to register cave at 80,59 (Terrain rejected)
GoblinManager: Failed to register cave at 52,87 (Terrain rejected)
GoblinManager: Failed to register cave at 98,45 (Terrain rejected)
GoblinManager: Failed to register cave at 71,42 (Terrain rejected)
GoblinManager: Failed to register cave at 26,17 (Terrain rejected)
GoblinManager: Failed to register cave at 14,83 (Terrain rejected)
GoblinManager: Failed to register cave at 25,87 (Terrain rejected)
GoblinManager: Failed to register cave at 33,49 (Terrain rejected)
GoblinManager: Failed to register cave at 42,3 (Terrain rejected)
GoblinManager: Failed to register cave at 75,13 (Terrain rejected)
GoblinManager: Failed to register cave at 3,44 (Terrain rejected)
GoblinManager: Failed to register cave at 52,77 (Terrain rejected)
GoblinManager: Failed to register cave at 39,7 (Terrain rejected)
GoblinManager: Failed to register cave at 63,68 (Terrain rejected)
GoblinManager: Failed to register cave at 34,82 (Terrain rejected)
GoblinManager: Failed to register cave at 94,35 (Terrain rejected)
GoblinManager: Failed to register cave at 9,74 (Terrain rejected)
GoblinManager: Failed to register cave at 50,4 (Terrain rejected)
GoblinManager: Failed to register cave at 71,71 (Terrain rejected)
GoblinManager: Failed to register cave at 36,57 (Terrain rejected)
GoblinManager: Failed to register cave at 53,47 (Terrain rejected)
GoblinManager: Failed to register cave at 37,24 (Terrain rejected)
GoblinManager: Failed to register cave at 43,18 (Terrain rejected)
GoblinManager: Failed to register cave at 72,87 (Terrain rejected)
GoblinManager: Failed to register cave at 3,79 (Terrain rejected)
GoblinManager: Failed to register cave at 36,94 (Terrain rejected)
GoblinManager: Failed to register cave at 28,10 (Terrain rejected)
GoblinManager: Failed to register cave at 71,66 (Terrain rejected)
GoblinManager: Failed to register cave at 88,12 (Terrain rejected)
GoblinManager: Failed to register cave at 17,53 (Terrain rejected)
GoblinManager: Failed to register cave at 56,8 (Terrain rejected)
GoblinManager: Failed to register cave at 47,26 (Terrain rejected)
GoblinManager: Failed to register cave at 69,98 (Terrain rejected)
GoblinManager: Failed to register cave at 46,92 (Terrain rejected)
GoblinManager: Failed to register cave at 23,15 (Terrain rejected)
GoblinManager: Failed to register cave at 93,41 (Terrain rejected)
GoblinManager: Failed to register cave at 87,81 (Terrain rejected)
GoblinManager: Failed to register cave at 28,80 (Terrain rejected)
GoblinManager: Failed to register cave at 39,0 (Terrain rejected)
GoblinManager: Failed to register cave at 1,30 (Terrain rejected)
GoblinManager: Failed to register cave at 11,2 (Terrain rejected)
GoblinManager: Failed to register cave at 4,72 (Terrain rejected)
GoblinManager: Failed to register cave at 41,73 (Terrain rejected)
GoblinManager: Failed to register cave at 72,20 (Terrain rejected)
GoblinManager: Failed to register cave at 12,95 (Terrain rejected)
GoblinManager: Failed to register cave at 86,55 (Terrain rejected)
GoblinManager: Failed to register cave at 60,51 (Terrain rejected)
GoblinManager: Failed to register cave at 26,43 (Terrain rejected)
GoblinManager: Failed to register cave at 66,12 (Terrain rejected)
GoblinManager: Failed to register cave at 15,49 (Terrain rejected)
GoblinManager: Failed to register cave at 27,86 (Terrain rejected)
GoblinManager: Failed to register cave at 41,51 (Terrain rejected)
GoblinManager: Failed to register cave at 40,85 (Terrain rejected)
GoblinManager: Failed to register cave at 8,34 (Terrain rejected)
GoblinManager: Failed to register cave at 93,23 (Terrain rejected)
GoblinManager: Failed to register cave at 32,28 (Terrain rejected)
GoblinManager: Failed to register cave at 22,22 (Terrain rejected)
GoblinManager: Failed to register cave at 25,71 (Terrain rejected)
GoblinManager: Failed to register cave at 79,51 (Terrain rejected)
GoblinManager: Failed to register cave at 35,47 (Terrain rejected)
GoblinManager: Failed to register cave at 82,2 (Terrain rejected)
GoblinManager: Failed to register cave at 29,55 (Terrain rejected)
GoblinManager: Failed to register cave at 92,47 (Terrain rejected)
GoblinManager: Failed to register cave at 39,72 (Terrain rejected)
GoblinManager: Failed to register cave at 7,96 (Terrain rejected)
GoblinManager: Failed to register cave at 21,32 (Terrain rejected)
GoblinManager: Failed to register cave at 8,89 (Terrain rejected)
GoblinManager: Failed to register cave at 78,43 (Terrain rejected)
GoblinManager: Failed to register cave at 15,79 (Terrain rejected)
GoblinManager: Failed to register cave at 22,59 (Terrain rejected)
GoblinManager: Failed to register cave at 45,56 (Terrain rejected)
GoblinManager: Failed to register cave at 22,56 (Terrain rejected)
GoblinManager: Failed to register cave at 90,91 (Terrain rejected)
GoblinManager: Failed to register cave at 82,43 (Terrain rejected)
GoblinManager: Failed to register cave at 45,27 (Terrain rejected)
GoblinManager: Failed to register cave at 27,7 (Terrain rejected)
GoblinManager: Failed to register cave at 2,97 (Terrain rejected)
GoblinManager: Failed to register cave at 74,77 (Terrain rejected)
GoblinManager: Failed to register cave at 58,47 (Terrain rejected)
GoblinManager: Failed to register cave at 87,8 (Terrain rejected)
GoblinManager: Failed to register cave at 19,42 (Terrain rejected)
GoblinManager: Failed to register cave at 1,94 (Terrain rejected)
GoblinManager: Failed to register cave at 22,92 (Terrain rejected)
GoblinManager: Failed to register cave at 31,92 (Terrain rejected)
GoblinManager: Failed to register cave at 81,93 (Terrain rejected)
GoblinManager: Failed to register cave at 39,5 (Terrain rejected)
GoblinManager: Failed to register cave at 0,10 (Terrain rejected)
GoblinManager: Failed to register cave at 94,53 (Terrain rejected)
GoblinManager: Failed to register cave at 67,88 (Terrain rejected)
GoblinManager: Failed to register cave at 4,73 (Terrain rejected)
GoblinManager: Failed to register cave at 30,62 (Terrain rejected)
GoblinManager: Failed to register cave at 36,59 (Terrain rejected)
GoblinManager: Failed to register cave at 37,25 (Terrain rejected)
GoblinManager: Failed to register cave at 74,81 (Terrain rejected)
GoblinManager: Failed to register cave at 0,35 (Terrain rejected)
GoblinManager: Failed to register cave at 85,41 (Terrain rejected)
GoblinManager: Failed to register cave at 25,9 (Terrain rejected)
GoblinManager: Failed to register cave at 74,78 (Terrain rejected)
GoblinManager: Failed to register cave at 87,16 (Terrain rejected)
GoblinManager: Failed to register cave at 42,76 (Terrain rejected)
GoblinManager: Failed to register cave at 79,18 (Terrain rejected)
GoblinManager: Failed to register cave at 6,30 (Terrain rejected)
GoblinManager: Failed to register cave at 89,23 (Terrain rejected)
GoblinManager: Failed to register cave at 46,70 (Terrain rejected)
GoblinManager: Failed to register cave at 58,20 (Terrain rejected)
GoblinManager: Failed to register cave at 18,54 (Terrain rejected)
GoblinManager: Failed to register cave at 84,40 (Terrain rejected)
GoblinManager: Failed to register cave at 49,67 (Terrain rejected)
GoblinManager: Failed to register cave at 49,77 (Terrain rejected)
GoblinManager: Failed to register cave at 5,77 (Terrain rejected)
GoblinManager: Failed to register cave at 31,97 (Terrain rejected)
GoblinManager: Failed to register cave at 91,24 (Terrain rejected)
GoblinManager: Failed to register cave at 88,59 (Terrain rejected)
GoblinManager: Failed to register cave at 0,17 (Terrain rejected)
GoblinManager: Failed to register cave at 38,23 (Terrain rejected)
GoblinManager: Failed to register cave at 54,8 (Terrain rejected)
GoblinManager: Failed to register cave at 68,82 (Terrain rejected)
GoblinManager: Failed to register cave at 52,30 (Terrain rejected)
GoblinManager: Failed to register cave at 54,52 (Terrain rejected)
GoblinManager: Failed to register cave at 6,73 (Terrain rejected)
GoblinManager: Failed to register cave at 91,23 (Terrain rejected)
GoblinManager: Failed to register cave at 58,23 (Terrain rejected)
GoblinManager: Failed to register cave at 53,42 (Terrain rejected)
GoblinManager: Failed to register cave at 50,20 (Terrain rejected)
GoblinManager: Failed to register cave at 9,29 (Terrain rejected)
GoblinManager: Failed to register cave at 73,14 (Terrain rejected)
GoblinManager: Failed to register cave at 38,13 (Terrain rejected)
GoblinManager: Failed to register cave at 71,18 (Terrain rejected)
GoblinManager: Failed to register cave at 83,17 (Terrain rejected)
GoblinManager: Failed to register cave at 66,17 (Terrain rejected)
GoblinManager: Failed to register cave at 51,10 (Terrain rejected)
GoblinManager: Failed to register cave at 17,57 (Terrain rejected)
GoblinManager: Failed to register cave at 86,99 (Terrain rejected)
GoblinManager: Failed to register cave at 43,32 (Terrain rejected)
GoblinManager: Failed to register cave at 61,38 (Terrain rejected)
GoblinManager: Failed to register cave at 87,50 (Terrain rejected)
GoblinManager: Failed to register cave at 65,51 (Terrain rejected)
GoblinManager: Failed to register cave at 43,33 (Terrain rejected)
GoblinManager: Failed to register cave at 68,41 (Terrain rejected)
GoblinManager: Failed to register cave at 89,89 (Terrain rejected)
GoblinManager: Failed to register cave at 26,42 (Terrain rejected)
GoblinManager: Failed to register cave at 58,7 (Terrain rejected)
GoblinManager: Failed to register cave at 51,62 (Terrain rejected)
GoblinManager: Failed to register cave at 65,78 (Terrain rejected)
GoblinManager: Failed to register cave at 99,15 (Terrain rejected)
GoblinManager: Failed to register cave at 81,30 (Terrain rejected)
GoblinManager: Failed to register cave at 87,83 (Terrain rejected)
GoblinManager: Failed to register cave at 67,60 (Terrain rejected)
GoblinManager: Failed to register cave at 14,9 (Terrain rejected)
GoblinManager: Failed to register cave at 98,40 (Terrain rejected)
GoblinManager: Failed to register cave at 47,44 (Terrain rejected)
GoblinManager: Failed to register cave at 17,81 (Terrain rejected)
GoblinManager: Failed to register cave at 26,13 (Terrain rejected)
GoblinManager: Failed to register cave at 34,3 (Terrain rejected)
GoblinManager: Failed to register cave at 3,88 (Terrain rejected)
GoblinManager: Failed to register cave at 72,86 (Terrain rejected)
GoblinManager: Failed to register cave at 4,31 (Terrain rejected)
GoblinManager: Failed to register cave at 5,22 (Terrain rejected)
GoblinManager: Failed to register cave at 91,94 (Terrain rejected)
GoblinManager: Failed to register cave at 95,92 (Terrain rejected)
GoblinManager: Failed to register cave at 83,4 (Terrain rejected)
GoblinManager: Failed to register cave at 3,84 (Terrain rejected)
GoblinManager: Failed to register cave at 68,73 (Terrain rejected)
GoblinManager: Failed to register cave at 80,12 (Terrain rejected)
GoblinManager: Failed to register cave at 37,41 (Terrain rejected)
GoblinManager: Failed to register cave at 57,40 (Terrain rejected)
GoblinManager: Failed to register cave at 46,5 (Terrain rejected)
GoblinManager: Failed to register cave at 30,61 (Terrain rejected)
GoblinManager: Failed to register cave at 39,78 (Terrain rejected)
GoblinManager: Failed to register cave at 84,47 (Terrain rejected)
GoblinManager: Failed to register cave at 50,89 (Terrain rejected)
GoblinManager: Failed to register cave at 58,99 (Terrain rejected)
GoblinManager: Failed to register cave at 19,58 (Terrain rejected)
GoblinManager: Failed to register cave at 50,70 (Terrain rejected)
GoblinManager: Failed to register cave at 44,8 (Terrain rejected)
GoblinManager: Failed to register cave at 11,59 (Terrain rejected)
GoblinManager: Failed to register cave at 7,43 (Terrain rejected)
GoblinManager: Failed to register cave at 43,66 (Terrain rejected)
GoblinManager: Failed to register cave at 88,47 (Terrain rejected)
GoblinManager: Failed to register cave at 48,66 (Terrain rejected)
GoblinManager: Failed to register cave at 13,64 (Terrain rejected)
GoblinManager: Failed to register cave at 40,26 (Terrain rejected)
GoblinManager: Failed to register cave at 87,15 (Terrain rejected)
GoblinManager: Failed to register cave at 10,1 (Terrain rejected)
GoblinManager: Failed to register cave at 75,94 (Terrain rejected)
GoblinManager: Failed to register cave at 0,57 (Terrain rejected)
GoblinManager: Failed to register cave at 32,53 (Terrain rejected)
GoblinManager: Failed to register cave at 41,69 (Terrain rejected)
GoblinManager: Failed to register cave at 67,18 (Terrain rejected)
GoblinManager: Failed to register cave at 36,13 (Terrain rejected)
GoblinManager: Failed to register cave at 63,72 (Terrain rejected)
GoblinManager: Failed to register cave at 10,52 (Terrain rejected)
GoblinManager: Failed to register cave at 24,1 (Terrain rejected)
GoblinManager: Failed to register cave at 89,68 (Terrain rejected)
GoblinManager: Failed to register cave at 48,2 (Terrain rejected)
GoblinManager: Failed to register cave at 0,97 (Terrain rejected)
GoblinManager: Failed to register cave at 68,86 (Terrain rejected)
GoblinManager: Failed to register cave at 19,88 (Terrain rejected)
GoblinManager: Failed to register cave at 83,5 (Terrain rejected)
GoblinManager: Failed to register cave at 60,65 (Terrain rejected)
GoblinManager: Failed to register cave at 0,13 (Terrain rejected)
GoblinManager: Failed to register cave at 18,91 (Terrain rejected)
GoblinManager: Failed to register cave at 61,57 (Terrain rejected)
GoblinManager: Failed to register cave at 41,97 (Terrain rejected)
GoblinManager: Failed to register cave at 84,59 (Terrain rejected)
GoblinManager: Failed to register cave at 2,22 (Terrain rejected)
GoblinManager: Failed to register cave at 71,93 (Terrain rejected)
GoblinManager: Failed to register cave at 55,6 (Terrain rejected)
GoblinManager: Failed to register cave at 95,32 (Terrain rejected)
GoblinManager: Failed to register cave at 68,48 (Terrain rejected)
GoblinManager: Failed to register cave at 86,74 (Terrain rejected)
GoblinManager: Failed to register cave at 88,66 (Terrain rejected)
GoblinManager: Failed to register cave at 19,34 (Terrain rejected)
GoblinManager: Failed to register cave at 95,82 (Terrain rejected)
GoblinManager: Failed to register cave at 8,96 (Terrain rejected)
GoblinManager: Failed to register cave at 71,67 (Terrain rejected)
GoblinManager: Failed to register cave at 70,20 (Terrain rejected)
GoblinManager: Failed to register cave at 90,58 (Terrain rejected)
GoblinManager: Failed to register cave at 48,90 (Terrain rejected)
GoblinManager: Failed to register cave at 94,9 (Terrain rejected)
GoblinManager: Failed to register cave at 84,15 (Terrain rejected)
GoblinManager: Failed to register cave at 19,24 (Terrain rejected)
GoblinManager: Failed to register cave at 64,13 (Terrain rejected)
GoblinManager: Failed to register cave at 5,53 (Terrain rejected)
GoblinManager: Failed to register cave at 57,38 (Terrain rejected)
GoblinManager: Failed to register cave at 6,74 (Terrain rejected)
GoblinManager: Failed to register cave at 81,15 (Terrain rejected)
GoblinManager: Failed to register cave at 87,79 (Terrain rejected)
GoblinManager: Failed to register cave at 58,87 (Terrain rejected)
GoblinManager: Failed to register cave at 60,69 (Terrain rejected)
GoblinManager: Failed to register cave at 92,94 (Terrain rejected)
GoblinManager: Failed to register cave at 29,2 (Terrain rejected)
GoblinManager: Failed to register cave at 24,9 (Terrain rejected)
GoblinManager: Failed to register cave at 66,66 (Terrain rejected)
GoblinManager: Failed to register cave at 63,44 (Terrain rejected)
GoblinManager: Failed to register cave at 22,58 (Terrain rejected)
GoblinManager: Failed to register cave at 98,14 (Terrain rejected)
GoblinManager: Failed to register cave at 29,38 (Terrain rejected)
GoblinManager: Failed to register cave at 6,61 (Terrain rejected)
GoblinManager: Failed to register cave at 40,90 (Terrain rejected)
GoblinManager: Failed to register cave at 39,11 (Terrain rejected)
GoblinManager: Failed to register cave at 88,38 (Terrain rejected)
GoblinManager: Failed to register cave at 96,30 (Terrain rejected)
GoblinManager: Failed to register cave at 71,85 (Terrain rejected)
GoblinManager: Failed to register cave at 48,94 (Terrain rejected)
GoblinManager: Failed to register cave at 66,60 (Terrain rejected)
GoblinManager: Failed to register cave at 5,26 (Terrain rejected)
GoblinManager: Failed to register cave at 69,60 (Terrain rejected)
GoblinManager: Failed to register cave at 49,87 (Terrain rejected)
GoblinManager: Failed to register cave at 86,8 (Terrain rejected)
GoblinManager: Failed to register cave at 95,80 (Terrain rejected)
GoblinManager: Failed to register cave at 93,65 (Terrain rejected)
GoblinManager: Failed to register cave at 81,46 (Terrain rejected)
GoblinManager: Failed to register cave at 90,61 (Terrain rejected)
GoblinManager: Failed to register cave at 49,85 (Terrain rejected)
GoblinManager: Failed to register cave at 20,58 (Terrain rejected)
GoblinManager: Failed to register cave at 86,22 (Terrain rejected)
GoblinManager: Failed to register cave at 97,50 (Terrain rejected)
GoblinManager: Failed to register cave at 0,9 (Terrain rejected)
GoblinManager: Failed to register cave at 74,32 (Terrain rejected)
GoblinManager: Failed to register cave at 25,89 (Terrain rejected)
GoblinManager: Failed to register cave at 39,15 (Terrain rejected)
GoblinManager: Failed to register cave at 38,5 (Terrain rejected)
GoblinManager: Failed to register cave at 95,34 (Terrain rejected)
GoblinManager: Failed to register cave at 52,73 (Terrain rejected)
GoblinManager: Failed to register cave at 63,9 (Terrain rejected)
GoblinManager: Failed to register cave at 18,40 (Terrain rejected)
GoblinManager: Failed to register cave at 54,18 (Terrain rejected)
GoblinManager: Failed to register cave at 60,7 (Terrain rejected)
GoblinManager: Failed to register cave at 26,32 (Terrain rejected)
GoblinManager: Failed to register cave at 2,49 (Terrain rejected)
GoblinManager: Failed to register cave at 40,47 (Terrain rejected)
GoblinManager: Failed to register cave at 9,0 (Terrain rejected)
GoblinManager: Failed to register cave at 1,22 (Terrain rejected)
GoblinManager: Failed to register cave at 15,84 (Terrain rejected)
GoblinManager: Failed to register cave at 68,91 (Terrain rejected)
GoblinManager: Failed to register cave at 2,49 (Terrain rejected)
GoblinManager: Failed to register cave at 15,92 (Terrain rejected)
GoblinManager: Failed to register cave at 70,86 (Terrain rejected)
GoblinManager: Failed to register cave at 51,66 (Terrain rejected)
GoblinManager: Failed to register cave at 61,57 (Terrain rejected)
GoblinManager: Failed to register cave at 65,25 (Terrain rejected)
GoblinManager: Failed to register cave at 52,96 (Terrain rejected)
GoblinManager: Failed to register cave at 32,39 (Terrain rejected)
GoblinManager: Failed to register cave at 97,89 (Terrain rejected)
GoblinManager: Failed to register cave at 75,11 (Terrain rejected)
GoblinManager: Failed to register cave at 45,17 (Terrain rejected)
GoblinManager: Failed to register cave at 67,87 (Terrain rejected)
GoblinManager: Failed to register cave at 44,40 (Terrain rejected)
GoblinManager: Failed to register cave at 40,4 (Terrain rejected)
GoblinManager: Failed to register cave at 46,70 (Terrain rejected)
GoblinManager: Failed to register cave at 21,45 (Terrain rejected)
GoblinManager: Failed to register cave at 81,76 (Terrain rejected)
GoblinManager: Failed to register cave at 44,13 (Terrain rejected)
GoblinManager: Failed to register cave at 74,16 (Terrain rejected)
GoblinManager: Failed to register cave at 74,82 (Terrain rejected)
GoblinManager: Failed to register cave at 60,75 (Terrain rejected)
GoblinManager: Failed to register cave at 94,62 (Terrain rejected)
GoblinManager: Failed to register cave at 13,6 (Terrain rejected)
GoblinManager: Failed to register cave at 50,1 (Terrain rejected)
GoblinManager: Failed to register cave at 62,27 (Terrain rejected)
GoblinManager: Failed to register cave at 0,93 (Terrain rejected)
GoblinManager: Failed to register cave at 50,40 (Terrain rejected)
GoblinManager: Failed to register cave at 18,83 (Terrain rejected)
GoblinManager: Failed to register cave at 55,63 (Terrain rejected)
GoblinManager: Failed to register cave at 34,51 (Terrain rejected)
GoblinManager: Failed to register cave at 76,88 (Terrain rejected)
GoblinManager: Failed to register cave at 80,92 (Terrain rejected)
GoblinManager: Failed to register cave at 73,69 (Terrain rejected)
GoblinManager: Failed to register cave at 70,53 (Terrain rejected)
GoblinManager: Failed to register cave at 23,17 (Terrain rejected)
GoblinManager: Failed to register cave at 12,91 (Terrain rejected)
GoblinManager: Failed to register cave at 89,82 (Terrain rejected)
GoblinManager: Failed to register cave at 20,99 (Terrain rejected)
GoblinManager: Failed to register cave at 1,47 (Terrain rejected)
GoblinManager: Failed to register cave at 6,7 (Terrain rejected)
GoblinManager: Failed to register cave at 16,64 (Terrain rejected)
GoblinManager: Failed to register cave at 72,80 (Terrain rejected)
GoblinManager: Failed to register cave at 93,42 (Terrain rejected)
GoblinManager: Failed to register cave at 9,89 (Terrain rejected)
GoblinManager: Failed to register cave at 69,23 (Terrain rejected)
GoblinManager: Failed to register cave at 3,7 (Terrain rejected)
GoblinManager: Failed to register cave at 30,82 (Terrain rejected)
GoblinManager: Failed to register cave at 97,46 (Terrain rejected)
GoblinManager: Failed to register cave at 18,20 (Terrain rejected)
GoblinManager: Failed to register cave at 66,93 (Terrain rejected)
GoblinManager: Failed to register cave at 19,27 (Terrain rejected)
GoblinManager: Failed to register cave at 13,67 (Terrain rejected)
GoblinManager: Failed to register cave at 69,99 (Terrain rejected)
GoblinManager: Failed to register cave at 93,13 (Terrain rejected)
GoblinManager: Failed to register cave at 90,45 (Terrain rejected)
GoblinManager: Failed to register cave at 47,8 (Terrain rejected)
GoblinManager: Failed to register cave at 80,81 (Terrain rejected)
GoblinManager: Failed to register cave at 68,60 (Terrain rejected)
GoblinManager: Failed to register cave at 86,46 (Terrain rejected)
GoblinManager: Failed to register cave at 30,68 (Terrain rejected)
GoblinManager: Failed to register cave at 48,17 (Terrain rejected)
GoblinManager: Failed to register cave at 82,25 (Terrain rejected)
GoblinManager: Failed to register cave at 4,78 (Terrain rejected)
GoblinManager: Failed to register cave at 29,20 (Terrain rejected)
GoblinManager: Failed to register cave at 90,49 (Terrain rejected)
GoblinManager: Failed to register cave at 70,76 (Terrain rejected)
GoblinManager: Failed to register cave at 60,0 (Terrain rejected)
GoblinManager: Failed to register cave at 72,82 (Terrain rejected)
GoblinManager: Failed to register cave at 63,46 (Terrain rejected)
GoblinManager: Failed to register cave at 85,68 (Terrain rejected)
GoblinManager: Failed to register cave at 46,81 (Terrain rejected)
GoblinManager: Failed to register cave at 33,96 (Terrain rejected)
GoblinManager: Failed to register cave at 50,2 (Terrain rejected)
GoblinManager: Failed to register cave at 86,14 (Terrain rejected)
GoblinManager: Failed to register cave at 72,2 (Terrain rejected)
GoblinManager: Failed to register cave at 95,52 (Terrain rejected)
GoblinManager: Failed to register cave at 97,74 (Terrain rejected)
GoblinManager: Failed to register cave at 69,26 (Terrain rejected)
GoblinManager: Failed to register cave at 7,15 (Terrain rejected)
GoblinManager: Failed to register cave at 47,54 (Terrain rejected)
GoblinManager: Failed to register cave at 6,68 (Terrain rejected)
GoblinManager: Failed to register cave at 11,11 (Terrain rejected)
GoblinManager: Failed to register cave at 36,8 (Terrain rejected)
GoblinManager: Failed to register cave at 85,46 (Terrain rejected)
GoblinManager: Failed to register cave at 66,95 (Terrain rejected)
GoblinManager: Failed to register cave at 71,1 (Terrain rejected)
GoblinManager: Failed to register cave at 53,99 (Terrain rejected)
GoblinManager: Failed to register cave at 28,58 (Terrain rejected)
GoblinManager: Failed to register cave at 83,89 (Terrain rejected)
GoblinManager: Failed to register cave at 35,34 (Terrain rejected)
GoblinManager: Failed to register cave at 94,47 (Terrain rejected)
GoblinManager: Failed to register cave at 94,8 (Terrain rejected)
GoblinManager: Failed to register cave at 64,97 (Terrain rejected)
GoblinManager: Failed to register cave at 59,75 (Terrain rejected)
GoblinManager: Failed to register cave at 55,68 (Terrain rejected)
GoblinManager: Failed to register cave at 46,78 (Terrain rejected)
GoblinManager: Failed to register cave at 84,6 (Terrain rejected)
GoblinManager: Failed to register cave at 7,30 (Terrain rejected)
GoblinManager: Failed to register cave at 9,99 (Terrain rejected)
GoblinManager: Failed to register cave at 52,15 (Terrain rejected)
GoblinManager: Failed to register cave at 84,51 (Terrain rejected)
GoblinManager: Failed to register cave at 17,80 (Terrain rejected)
GoblinManager: Failed to register cave at 78,6 (Terrain rejected)
GoblinManager: Failed to register cave at 82,26 (Terrain rejected)
GoblinManager: Failed to register cave at 53,8 (Terrain rejected)
GoblinManager: Failed to register cave at 2,89 (Terrain rejected)
GoblinManager: Failed to register cave at 41,98 (Terrain rejected)
GoblinManager: Failed to register cave at 86,28 (Terrain rejected)
GoblinManager: Failed to register cave at 41,52 (Terrain rejected)
GoblinManager: Failed to register cave at 19,67 (Terrain rejected)
GoblinManager: Failed to register cave at 52,10 (Terrain rejected)
GoblinManager: Failed to register cave at 75,3 (Terrain rejected)
GoblinManager: Failed to register cave at 82,16 (Terrain rejected)
GoblinManager: Failed to register cave at 69,38 (Terrain rejected)
GoblinManager: Failed to register cave at 6,19 (Terrain rejected)
GoblinManager: Failed to register cave at 66,95 (Terrain rejected)
GoblinManager: Failed to register cave at 90,51 (Terrain rejected)
GoblinManager: Failed to register cave at 39,68 (Terrain rejected)
GoblinManager: Failed to register cave at 17,37 (Terrain rejected)
GoblinManager: Failed to register cave at 79,78 (Terrain rejected)
GoblinManager: Failed to register cave at 75,74 (Terrain rejected)
GoblinManager: Failed to register cave at 93,25 (Terrain rejected)
GoblinManager: Failed to register cave at 73,41 (Terrain rejected)
GoblinManager: Failed to register cave at 99,4 (Terrain rejected)
GoblinManager: Failed to register cave at 73,68 (Terrain rejected)
GoblinManager: Failed to register cave at 4,16 (Terrain rejected)
GoblinManager: Failed to register cave at 54,11 (Terrain rejected)
GoblinManager: Failed to register cave at 64,86 (Terrain rejected)
GoblinManager: Failed to register cave at 51,37 (Terrain rejected)
GoblinManager: Failed to register cave at 4,21 (Terrain rejected)
GoblinManager: Failed to register cave at 34,2 (Terrain rejected)
GoblinManager: Failed to register cave at 85,13 (Terrain rejected)
GoblinManager: Failed to register cave at 72,43 (Terrain rejected)
GoblinManager: Failed to register cave at 47,3 (Terrain rejected)
GoblinManager: Failed to register cave at 73,52 (Terrain rejected)
GoblinManager: Failed to register cave at 93,91 (Terrain rejected)
GoblinManager: Failed to register cave at 25,48 (Terrain rejected)
GoblinManager: Failed to register cave at 18,29 (Terrain rejected)
GoblinManager: Failed to register cave at 19,69 (Terrain rejected)
GoblinManager: Failed to register cave at 96,50 (Terrain rejected)
GoblinManager: Failed to register cave at 47,93 (Terrain rejected)
GoblinManager: Failed to register cave at 87,45 (Terrain rejected)
GoblinManager: Failed to register cave at 45,88 (Terrain rejected)
GoblinManager: Failed to register cave at 69,92 (Terrain rejected)
GoblinManager: Failed to register cave at 4,15 (Terrain rejected)
GoblinManager: Failed to register cave at 53,93 (Terrain rejected)
GoblinManager: Failed to register cave at 51,11 (Terrain rejected)
GoblinManager: Failed to register cave at 67,35 (Terrain rejected)
GoblinManager: Failed to register cave at 5,8 (Terrain rejected)
GoblinManager: Failed to register cave at 11,88 (Terrain rejected)
GoblinManager: Failed to register cave at 36,1 (Terrain rejected)
GoblinManager: Failed to register cave at 78,38 (Terrain rejected)
GoblinManager: Failed to register cave at 63,60 (Terrain rejected)
GoblinManager: Failed to register cave at 33,98 (Terrain rejected)
GoblinManager: Failed to register cave at 71,19 (Terrain rejected)
GoblinManager: Failed to register cave at 55,46 (Terrain rejected)
GoblinManager: Failed to register cave at 42,46 (Terrain rejected)
GoblinManager: Failed to register cave at 13,9 (Terrain rejected)
GoblinManager: Failed to register cave at 8,66 (Terrain rejected)
GoblinManager: Failed to register cave at 69,17 (Terrain rejected)
GoblinManager: Failed to register cave at 89,52 (Terrain rejected)
GoblinManager: Failed to register cave at 8,35 (Terrain rejected)
GoblinManager: Failed to register cave at 82,98 (Terrain rejected)
GoblinManager: Failed to register cave at 0,92 (Terrain rejected)
GoblinManager: Failed to register cave at 89,27 (Terrain rejected)
GoblinManager: Failed to register cave at 85,14 (Terrain rejected)
GoblinManager: Failed to register cave at 97,37 (Terrain rejected)
GoblinManager: Failed to register cave at 85,77 (Terrain rejected)
GoblinManager: Failed to register cave at 94,91 (Terrain rejected)
GoblinManager: Failed to register cave at 17,39 (Terrain rejected)
GoblinManager: Failed to register cave at 68,35 (Terrain rejected)
GoblinManager: Failed to register cave at 88,53 (Terrain rejected)
GoblinManager: Failed to register cave at 21,47 (Terrain rejected)
GoblinManager: Failed to register cave at 78,57 (Terrain rejected)
GoblinManager: Failed to register cave at 93,66 (Terrain rejected)
GoblinManager: Failed to register cave at 59,34 (Terrain rejected)
GoblinManager: Failed to register cave at 44,51 (Terrain rejected)
GoblinManager: Failed to register cave at 30,79 (Terrain rejected)
GoblinManager: Failed to register cave at 65,43 (Terrain rejected)
GoblinManager: Failed to register cave at 76,32 (Terrain rejected)
GoblinManager: Failed to register cave at 10,49 (Terrain rejected)
GoblinManager: Failed to register cave at 64,28 (Terrain rejected)
GoblinManager: Failed to register cave at 83,37 (Terrain rejected)
GoblinManager: Failed to register cave at 88,16 (Terrain rejected)
GoblinManager: Failed to register cave at 21,15 (Terrain rejected)
GoblinManager: Failed to register cave at 72,24 (Terrain rejected)
GoblinManager: Failed to register cave at 2,81 (Terrain rejected)
GoblinManager: Failed to register cave at 19,75 (Terrain rejected)
GoblinManager: Failed to register cave at 34,96 (Terrain rejected)
GoblinManager: Failed to register cave at 47,78 (Terrain rejected)
GoblinManager: Failed to register cave at 82,7 (Terrain rejected)
GoblinManager: Failed to register cave at 99,99 (Terrain rejected)
GoblinManager: Failed to register cave at 78,76 (Terrain rejected)
GoblinManager: Failed to register cave at 55,63 (Terrain rejected)
GoblinManager: Failed to register cave at 98,15 (Terrain rejected)
GoblinManager: Failed to register cave at 43,29 (Terrain rejected)
GoblinManager: Failed to register cave at 83,34 (Terrain rejected)
GoblinManager: Failed to register cave at 90,12 (Terrain rejected)
GoblinManager: Failed to register cave at 7,12 (Terrain rejected)
GoblinManager: Failed to register cave at 77,16 (Terrain rejected)
GoblinManager: Failed to register cave at 6,60 (Terrain rejected)
GoblinManager: Failed to register cave at 61,96 (Terrain rejected)
GoblinManager: Failed to register cave at 18,23 (Terrain rejected)
GoblinManager: Failed to register cave at 47,95 (Terrain rejected)
GoblinManager: Failed to register cave at 62,44 (Terrain rejected)
GoblinManager: Failed to register cave at 64,43 (Terrain rejected)
GoblinManager: Failed to register cave at 10,50 (Terrain rejected)
GoblinManager: Failed to register cave at 55,39 (Terrain rejected)
GoblinManager: Failed to register cave at 27,96 (Terrain rejected)
GoblinManager: Failed to register cave at 87,33 (Terrain rejected)
GoblinManager: Failed to register cave at 44,66 (Terrain rejected)
GoblinManager: Failed to register cave at 64,82 (Terrain rejected)
GoblinManager: Failed to register cave at 23,6 (Terrain rejected)
GoblinManager: Failed to register cave at 76,37 (Terrain rejected)
GoblinManager: Failed to register cave at 86,55 (Terrain rejected)
GoblinManager: Failed to register cave at 96,11 (Terrain rejected)
GoblinManager: Failed to register cave at 52,65 (Terrain rejected)
GoblinManager: Failed to register cave at 19,5 (Terrain rejected)
GoblinManager: Failed to register cave at 76,15 (Terrain rejected)
GoblinManager: Failed to register cave at 38,52 (Terrain rejected)
GoblinManager: Failed to register cave at 83,57 (Terrain rejected)
GoblinManager: Failed to register cave at 78,18 (Terrain rejected)
GoblinManager: Failed to register cave at 82,45 (Terrain rejected)
GoblinManager: Failed to register cave at 50,78 (Terrain rejected)
GoblinManager: Failed to register cave at 36,27 (Terrain rejected)
GoblinManager: Failed to register cave at 51,3 (Terrain rejected)
GoblinManager: Failed to register cave at 85,28 (Terrain rejected)
GoblinManager: Failed to register cave at 39,56 (Terrain rejected)
GoblinManager: Failed to register cave at 88,11 (Terrain rejected)
GoblinManager: Failed to register cave at 58,13 (Terrain rejected)
GoblinManager: Failed to register cave at 19,14 (Terrain rejected)
GoblinManager: Failed to register cave at 67,11 (Terrain rejected)
GoblinManager: Failed to register cave at 14,27 (Terrain rejected)
GoblinManager: Failed to register cave at 42,64 (Terrain rejected)
GoblinManager: Failed to register cave at 12,64 (Terrain rejected)
GoblinManager: Failed to register cave at 28,26 (Terrain rejected)
GoblinManager: Failed to register cave at 55,58 (Terrain rejected)
GoblinManager: Failed to register cave at 12,63 (Terrain rejected)
GoblinManager: Failed to register cave at 43,71 (Terrain rejected)
GoblinManager: Failed to register cave at 39,61 (Terrain rejected)
GoblinManager: Failed to register cave at 83,19 (Terrain rejected)
GoblinManager: Failed to register cave at 73,39 (Terrain rejected)
GoblinManager: Failed to register cave at 85,67 (Terrain rejected)
GoblinManager: Failed to register cave at 2,12 (Terrain rejected)
GoblinManager: Failed to register cave at 22,90 (Terrain rejected)
GoblinManager: Failed to register cave at 11,54 (Terrain rejected)
GoblinManager: Failed to register cave at 55,16 (Terrain rejected)
GoblinManager: Failed to register cave at 49,23 (Terrain rejected)
GoblinManager: Failed to register cave at 71,80 (Terrain rejected)
GoblinManager: Failed to register cave at 42,45 (Terrain rejected)
GoblinManager: Failed to register cave at 19,14 (Terrain rejected)
GoblinManager: Failed to register cave at 40,26 (Terrain rejected)
GoblinManager: Failed to register cave at 63,77 (Terrain rejected)
GoblinManager: Failed to register cave at 17,2 (Terrain rejected)
GoblinManager: Failed to register cave at 60,89 (Terrain rejected)
GoblinManager: Failed to register cave at 41,1 (Terrain rejected)
GoblinManager: Failed to register cave at 56,0 (Terrain rejected)
GoblinManager: Failed to register cave at 12,96 (Terrain rejected)
GoblinManager: Failed to register cave at 32,12 (Terrain rejected)
GoblinManager: Failed to register cave at 67,51 (Terrain rejected)
GoblinManager: Failed to register cave at 2,53 (Terrain rejected)
GoblinManager: Failed to register cave at 94,28 (Terrain rejected)
GoblinManager: Failed to register cave at 71,15 (Terrain rejected)
GoblinManager: Failed to register cave at 34,52 (Terrain rejected)
GoblinManager: Failed to register cave at 15,78 (Terrain rejected)
GoblinManager: Failed to register cave at 4,73 (Terrain rejected)
GoblinManager: Failed to register cave at 21,67 (Terrain rejected)
GoblinManager: Failed to register cave at 64,78 (Terrain rejected)
GoblinManager: Failed to register cave at 73,29 (Terrain rejected)
GoblinManager: Failed to register cave at 77,7 (Terrain rejected)
GoblinManager: Failed to register cave at 99,14 (Terrain rejected)
GoblinManager: Failed to register cave at 99,37 (Terrain rejected)
GoblinManager: Failed to register cave at 73,25 (Terrain rejected)
GoblinManager: Failed to register cave at 55,89 (Terrain rejected)
GoblinManager: Failed to register cave at 7,93 (Terrain rejected)
GoblinManager: Failed to register cave at 15,8 (Terrain rejected)
GoblinManager: Failed to register cave at 73,60 (Terrain rejected)
GoblinManager: Failed to register cave at 39,43 (Terrain rejected)
GoblinManager: Failed to register cave at 6,77 (Terrain rejected)
GoblinManager: Failed to register cave at 46,60 (Terrain rejected)
GoblinManager: Failed to register cave at 67,80 (Terrain rejected)
GoblinManager: Failed to register cave at 35,18 (Terrain rejected)
GoblinManager: Failed to register cave at 59,62 (Terrain rejected)
GoblinManager: Failed to register cave at 1,74 (Terrain rejected)
GoblinManager: Failed to register cave at 26,50 (Terrain rejected)
GoblinManager: Failed to register cave at 40,91 (Terrain rejected)
GoblinManager: Failed to register cave at 40,76 (Terrain rejected)
GoblinManager: Failed to register cave at 36,15 (Terrain rejected)
GoblinManager: Failed to register cave at 92,8 (Terrain rejected)
GoblinManager: Failed to register cave at 91,87 (Terrain rejected)
GoblinManager: Failed to register cave at 73,70 (Terrain rejected)
GoblinManager: Failed to register cave at 13,90 (Terrain rejected)
GoblinManager: Failed to register cave at 55,53 (Terrain rejected)
GoblinManager: Failed to register cave at 36,67 (Terrain rejected)
GoblinManager: Failed to register cave at 23,13 (Terrain rejected)
GoblinManager: Failed to register cave at 29,49 (Terrain rejected)
GoblinManager: Failed to register cave at 45,83 (Terrain rejected)
GoblinManager: Failed to register cave at 80,77 (Terrain rejected)
GoblinManager: Failed to register cave at 30,0 (Terrain rejected)
GoblinManager: Failed to register cave at 45,52 (Terrain rejected)
GoblinManager: Failed to register cave at 26,33 (Terrain rejected)
GoblinManager: Failed to register cave at 82,9 (Terrain rejected)
GoblinManager: Failed to register cave at 91,30 (Terrain rejected)
GoblinManager: Failed to register cave at 82,72 (Terrain rejected)
GoblinManager: Failed to register cave at 53,25 (Terrain rejected)
GoblinManager: Failed to register cave at 26,61 (Terrain rejected)
GoblinManager: Failed to register cave at 29,82 (Terrain rejected)
GoblinManager: Failed to register cave at 49,4 (Terrain rejected)
GoblinManager: Failed to register cave at 94,16 (Terrain rejected)
GoblinManager: Failed to register cave at 41,44 (Terrain rejected)
GoblinManager: Failed to register cave at 53,99 (Terrain rejected)
GoblinManager: Failed to register cave at 69,45 (Terrain rejected)
GoblinManager: Failed to register cave at 97,7 (Terrain rejected)
GoblinManager: Failed to register cave at 74,65 (Terrain rejected)
GoblinManager: Failed to register cave at 66,29 (Terrain rejected)
GoblinManager: Failed to register cave at 61,75 (Terrain rejected)
GoblinManager: Failed to register cave at 16,75 (Terrain rejected)
GoblinManager: Failed to register cave at 35,35 (Terrain rejected)
GoblinManager: Failed to register cave at 55,53 (Terrain rejected)
GoblinManager: Failed to register cave at 91,86 (Terrain rejected)
GoblinManager: Failed to register cave at 21,16 (Terrain rejected)
GoblinManager: Failed to register cave at 15,90 (Terrain rejected)
GoblinManager: Failed to register cave at 35,56 (Terrain rejected)
GoblinManager: Failed to register cave at 39,95 (Terrain rejected)
GoblinManager: Failed to register cave at 69,34 (Terrain rejected)
GoblinManager: Failed to register cave at 89,5 (Terrain rejected)
GoblinManager: Failed to register cave at 1,84 (Terrain rejected)
GoblinManager: Failed to register cave at 88,29 (Terrain rejected)
GoblinManager: Failed to register cave at 54,56 (Terrain rejected)
GoblinManager: Failed to register cave at 38,87 (Terrain rejected)
GoblinManager: Failed to register cave at 95,10 (Terrain rejected)
GoblinManager: Failed to register cave at 37,14 (Terrain rejected)
GoblinManager: Failed to register cave at 0,2 (Terrain rejected)
GoblinManager: Failed to register cave at 48,81 (Terrain rejected)
GoblinManager: Failed to register cave at 97,23 (Terrain rejected)
GoblinManager: Failed to register cave at 11,74 (Terrain rejected)
GoblinManager: Failed to register cave at 32,16 (Terrain rejected)
GoblinManager: Failed to register cave at 92,0 (Terrain rejected)
GoblinManager: Failed to register cave at 65,65 (Terrain rejected)
GoblinManager: Failed to register cave at 26,71 (Terrain rejected)
GoblinManager: Failed to register cave at 50,65 (Terrain rejected)
GoblinManager: Failed to register cave at 37,57 (Terrain rejected)
GoblinManager: Failed to register cave at 77,73 (Terrain rejected)
GoblinManager: Failed to register cave at 17,67 (Terrain rejected)
GoblinManager: Failed to register cave at 97,53 (Terrain rejected)
GoblinManager: Failed to register cave at 7,75 (Terrain rejected)
GoblinManager: Failed to register cave at 98,36 (Terrain rejected)
GoblinManager: Failed to register cave at 50,92 (Terrain rejected)
GoblinManager: Failed to register cave at 59,56 (Terrain rejected)
GoblinManager: Failed to register cave at 63,29 (Terrain rejected)
GoblinManager: Failed to register cave at 44,13 (Terrain rejected)
GoblinManager: Failed to register cave at 48,18 (Terrain rejected)
GoblinManager: Failed to register cave at 97,82 (Terrain rejected)
GoblinManager: Failed to register cave at 90,47 (Terrain rejected)
GoblinManager: Failed to register cave at 69,75 (Terrain rejected)
GoblinManager: Failed to register cave at 7,65 (Terrain rejected)
GoblinManager: Failed to register cave at 75,35 (Terrain rejected)
GoblinManager: Failed to register cave at 9,59 (Terrain rejected)
GoblinManager: Failed to register cave at 5,37 (Terrain rejected)
GoblinManager: Failed to register cave at 53,56 (Terrain rejected)
GoblinManager: Failed to register cave at 60,59 (Terrain rejected)
GoblinManager: Failed to register cave at 40,21 (Terrain rejected)
GoblinManager: Failed to register cave at 40,18 (Terrain rejected)
GoblinManager: Failed to register cave at 23,98 (Terrain rejected)
GoblinManager: Failed to register cave at 94,28 (Terrain rejected)
GoblinManager: Failed to register cave at 74,1 (Terrain rejected)
GoblinManager: Failed to register cave at 15,10 (Terrain rejected)
GoblinManager: Failed to register cave at 56,47 (Terrain rejected)
GoblinManager: Failed to register cave at 94,15 (Terrain rejected)
GoblinManager: Failed to register cave at 9,67 (Terrain rejected)
GoblinManager: Failed to register cave at 18,9 (Terrain rejected)
GoblinManager: Failed to register cave at 87,55 (Terrain rejected)
GoblinManager: Failed to register cave at 47,40 (Terrain rejected)
GoblinManager: Failed to register cave at 81,88 (Terrain rejected)
GoblinManager: Failed to register cave at 17,79 (Terrain rejected)
GoblinManager: Failed to register cave at 99,7 (Terrain rejected)
GoblinManager: Failed to register cave at 4,58 (Terrain rejected)
GoblinManager: Failed to register cave at 11,60 (Terrain rejected)
GoblinManager: Failed to register cave at 61,82 (Terrain rejected)
GoblinManager: Failed to register cave at 67,45 (Terrain rejected)
GoblinManager: Failed to register cave at 28,58 (Terrain rejected)
GoblinManager: Failed to register cave at 79,20 (Terrain rejected)
GoblinManager: Failed to register cave at 69,67 (Terrain rejected)
GoblinManager: Failed to register cave at 40,21 (Terrain rejected)
GoblinManager: Failed to register cave at 90,18 (Terrain rejected)
GoblinManager: Failed to register cave at 55,57 (Terrain rejected)
GoblinManager: Failed to register cave at 77,54 (Terrain rejected)
GoblinManager: Failed to register cave at 55,30 (Terrain rejected)
GoblinManager: Failed to register cave at 86,12 (Terrain rejected)
GoblinManager: Failed to register cave at 60,28 (Terrain rejected)
GoblinManager: Failed to register cave at 76,54 (Terrain rejected)
GoblinManager: Failed to register cave at 45,70 (Terrain rejected)
GoblinManager: Failed to register cave at 93,4 (Terrain rejected)
GoblinManager: Failed to register cave at 83,34 (Terrain rejected)
GoblinManager: Failed to register cave at 60,97 (Terrain rejected)
GoblinManager: Failed to register cave at 61,59 (Terrain rejected)
GoblinManager: Failed to register cave at 22,58 (Terrain rejected)
GoblinManager: Failed to register cave at 59,9 (Terrain rejected)
GoblinManager: Failed to register cave at 62,54 (Terrain rejected)
GoblinManager: Failed to register cave at 89,26 (Terrain rejected)
GoblinManager: Failed to register cave at 2,54 (Terrain rejected)
GoblinManager: Failed to register cave at 60,30 (Terrain rejected)
GoblinManager: Failed to register cave at 62,94 (Terrain rejected)
GoblinManager: Failed to register cave at 77,25 (Terrain rejected)
GoblinManager: Failed to register cave at 53,32 (Terrain rejected)
GoblinManager: Failed to register cave at 85,35 (Terrain rejected)
GoblinManager: Failed to register cave at 65,13 (Terrain rejected)
GoblinManager: Failed to register cave at 98,64 (Terrain rejected)
GoblinManager: Failed to register cave at 43,39 (Terrain rejected)
GoblinManager: Failed to register cave at 95,14 (Terrain rejected)
GoblinManager: Failed to register cave at 11,97 (Terrain rejected)
GoblinManager: Failed to register cave at 85,55 (Terrain rejected)
GoblinManager: Failed to register cave at 95,28 (Terrain rejected)
GoblinManager: Failed to register cave at 45,65 (Terrain rejected)
GoblinManager: Failed to register cave at 91,67 (Terrain rejected)
GoblinManager: Failed to register cave at 43,41 (Terrain rejected)
GoblinManager: Failed to register cave at 48,67 (Terrain rejected)
GoblinManager: Failed to register cave at 89,90 (Terrain rejected)
GoblinManager: Failed to register cave at 17,95 (Terrain rejected)
GoblinManager: Failed to register cave at 91,34 (Terrain rejected)
GoblinManager: Failed to register cave at 21,5 (Terrain rejected)
GoblinManager: Failed to register cave at 10,65 (Terrain rejected)
GoblinManager: Failed to register cave at 53,71 (Terrain rejected)
GoblinManager: Failed to register cave at 28,60 (Terrain rejected)
GoblinManager: Failed to register cave at 83,2 (Terrain rejected)
GoblinManager: Failed to register cave at 3,73 (Terrain rejected)
GoblinManager: Failed to register cave at 58,25 (Terrain rejected)
GoblinManager: Failed to register cave at 39,10 (Terrain rejected)
GoblinManager: Failed to register cave at 9,82 (Terrain rejected)
GoblinManager: Failed to register cave at 34,23 (Terrain rejected)
GoblinManager: Failed to register cave at 95,71 (Terrain rejected)
GoblinManager: Failed to register cave at 76,60 (Terrain rejected)
GoblinManager: Failed to register cave at 5,84 (Terrain rejected)
GoblinManager: Failed to register cave at 60,85 (Terrain rejected)
GoblinManager: Failed to register cave at 3,29 (Terrain rejected)
GoblinManager: Failed to register cave at 10,12 (Terrain rejected)
GoblinManager: Failed to register cave at 38,44 (Terrain rejected)
GoblinManager: Failed to register cave at 14,62 (Terrain rejected)
GoblinManager: Failed to register cave at 55,43 (Terrain rejected)
GoblinManager: Failed to register cave at 21,5 (Terrain rejected)
GoblinManager: Failed to register cave at 30,30 (Terrain rejected)
GoblinManager: Failed to register cave at 17,12 (Terrain rejected)
GoblinManager: Failed to register cave at 93,1 (Terrain rejected)
GoblinManager: Failed to register cave at 45,72 (Terrain rejected)
GoblinManager: Failed to register cave at 61,68 (Terrain rejected)
GoblinManager: Failed to register cave at 66,38 (Terrain rejected)
GoblinManager: Failed to register cave at 7,50 (Terrain rejected)
GoblinManager: Failed to register cave at 96,10 (Terrain rejected)
GoblinManager: Failed to register cave at 13,40 (Terrain rejected)
GoblinManager: Failed to register cave at 27,37 (Terrain rejected)
GoblinManager: Failed to register cave at 46,43 (Terrain rejected)
GoblinManager: Failed to register cave at 6,36 (Terrain rejected)
GoblinManager: Failed to register cave at 33,33 (Terrain rejected)
GoblinManager: Failed to register cave at 59,32 (Terrain rejected)
GoblinManager: Failed to register cave at 77,6 (Terrain rejected)
GoblinManager: Failed to register cave at 90,38 (Terrain rejected)
GoblinManager: Failed to register cave at 62,14 (Terrain rejected)
GoblinManager: Failed to register cave at 96,89 (Terrain rejected)
GoblinManager: Failed to register cave at 37,87 (Terrain rejected)
GoblinManager: Failed to register cave at 54,81 (Terrain rejected)
GoblinManager: Failed to register cave at 30,60 (Terrain rejected)
GoblinManager: Failed to register cave at 22,90 (Terrain rejected)
GoblinManager: Failed to register cave at 66,28 (Terrain rejected)
GoblinManager: Failed to register cave at 87,22 (Terrain rejected)
GoblinManager: Failed to register cave at 30,38 (Terrain rejected)
GoblinManager: Failed to register cave at 84,23 (Terrain rejected)
GoblinManager: Failed to register cave at 42,24 (Terrain rejected)
GoblinManager: Failed to register cave at 13,36 (Terrain rejected)
GoblinManager: Failed to register cave at 20,54 (Terrain rejected)
GoblinManager: Failed to register cave at 89,51 (Terrain rejected)
GoblinManager: Failed to register cave at 63,23 (Terrain rejected)
GoblinManager: Failed to register cave at 17,38 (Terrain rejected)
GoblinManager: Failed to register cave at 60,84 (Terrain rejected)
GoblinManager: Failed to register cave at 94,93 (Terrain rejected)
GoblinManager: Failed to register cave at 32,35 (Terrain rejected)
GoblinManager: Failed to register cave at 79,89 (Terrain rejected)
GoblinManager: Failed to register cave at 95,87 (Terrain rejected)
GoblinManager: Failed to register cave at 38,11 (Terrain rejected)
GoblinManager: Failed to register cave at 3,19 (Terrain rejected)
GoblinManager: Failed to register cave at 72,80 (Terrain rejected)
GoblinManager: Failed to register cave at 0,12 (Terrain rejected)
GoblinManager: Failed to register cave at 8,83 (Terrain rejected)
GoblinManager: Failed to register cave at 59,52 (Terrain rejected)
GoblinManager: Failed to register cave at 42,99 (Terrain rejected)
GoblinManager: Failed to register cave at 39,72 (Terrain rejected)
GoblinManager: Failed to register cave at 46,73 (Terrain rejected)
GoblinManager: Failed to register cave at 38,91 (Terrain rejected)
GoblinManager: Failed to register cave at 97,93 (Terrain rejected)
GoblinManager: Failed to register cave at 94,22 (Terrain rejected)
GoblinManager: Failed to register cave at 58,5 (Terrain rejected)
GoblinManager: Failed to register cave at 89,3 (Terrain rejected)
GoblinManager: Failed to register cave at 87,57 (Terrain rejected)
GoblinManager: Failed to register cave at 76,34 (Terrain rejected)
GoblinManager: Failed to register cave at 85,69 (Terrain rejected)
GoblinManager: Failed to register cave at 39,76 (Terrain rejected)
GoblinManager: Failed to register cave at 96,12 (Terrain rejected)
GoblinManager: Failed to register cave at 62,88 (Terrain rejected)
GoblinManager: Failed to register cave at 20,33 (Terrain rejected)
GoblinManager: Failed to register cave at 49,40 (Terrain rejected)
GoblinManager: Failed to register cave at 38,69 (Terrain rejected)
GoblinManager: Failed to register cave at 28,56 (Terrain rejected)
GoblinManager: Failed to register cave at 34,34 (Terrain rejected)
GoblinManager: Failed to register cave at 73,20 (Terrain rejected)
GoblinManager: Failed to register cave at 66,55 (Terrain rejected)
GoblinManager: Failed to register cave at 67,46 (Terrain rejected)
GoblinManager: Failed to register cave at 76,84 (Terrain rejected)
GoblinManager: Failed to register cave at 50,59 (Terrain rejected)
GoblinManager: Failed to register cave at 58,55 (Terrain rejected)
GoblinManager: Failed to register cave at 10,37 (Terrain rejected)
GoblinManager: Failed to register cave at 39,16 (Terrain rejected)
GoblinManager: Failed to register cave at 22,63 (Terrain rejected)
GoblinManager: Failed to register cave at 14,9 (Terrain rejected)
GoblinManager: Failed to register cave at 5,27 (Terrain rejected)
GoblinManager: Failed to register cave at 2,12 (Terrain rejected)
GoblinManager: Failed to register cave at 17,56 (Terrain rejected)
GoblinManager: Failed to register cave at 99,78 (Terrain rejected)
GoblinManager: Failed to register cave at 48,23 (Terrain rejected)
GoblinManager: Failed to register cave at 53,61 (Terrain rejected)
GoblinManager: Failed to register cave at 25,2 (Terrain rejected)
GoblinManager: Failed to register cave at 41,87 (Terrain rejected)
GoblinManager: Failed to register cave at 77,0 (Terrain rejected)
GoblinManager: Failed to register cave at 95,75 (Terrain rejected)
GoblinManager: Failed to register cave at 96,58 (Terrain rejected)
GoblinManager: Failed to register cave at 78,19 (Terrain rejected)
GoblinManager: Failed to register cave at 35,93 (Terrain rejected)
GoblinManager: Failed to register cave at 52,56 (Terrain rejected)
GoblinManager: Failed to register cave at 66,98 (Terrain rejected)
GoblinManager: Failed to register cave at 2,18 (Terrain rejected)
GoblinManager: Failed to register cave at 95,51 (Terrain rejected)
GoblinManager: Failed to register cave at 41,62 (Terrain rejected)
GoblinManager: Failed to register cave at 28,63 (Terrain rejected)
GoblinManager: Failed to register cave at 70,57 (Terrain rejected)
GoblinManager: Failed to register cave at 38,37 (Terrain rejected)
GoblinManager: Failed to register cave at 56,36 (Terrain rejected)
GoblinManager: Failed to register cave at 72,44 (Terrain rejected)
GoblinManager: Failed to register cave at 55,63 (Terrain rejected)
GoblinManager: Failed to register cave at 34,24 (Terrain rejected)
GoblinManager: Failed to register cave at 25,46 (Terrain rejected)
GoblinManager: Failed to register cave at 1,14 (Terrain rejected)
GoblinManager: Failed to register cave at 92,80 (Terrain rejected)
GoblinManager: Failed to register cave at 58,96 (Terrain rejected)
GoblinManager: Failed to register cave at 2,7 (Terrain rejected)
GoblinManager: Failed to register cave at 42,78 (Terrain rejected)
GoblinManager: Failed to register cave at 41,7 (Terrain rejected)
GoblinManager: Failed to register cave at 45,56 (Terrain rejected)
GoblinManager: Failed to register cave at 12,42 (Terrain rejected)
GoblinManager: Failed to register cave at 22,88 (Terrain rejected)
GoblinManager: Failed to register cave at 62,22 (Terrain rejected)
GoblinManager: Failed to register cave at 98,88 (Terrain rejected)
GoblinManager: Failed to register cave at 11,87 (Terrain rejected)
GoblinManager: Failed to register cave at 26,99 (Terrain rejected)
GoblinManager: Failed to register cave at 90,95 (Terrain rejected)
GoblinManager: Failed to register cave at 6,57 (Terrain rejected)
GoblinManager: Failed to register cave at 34,80 (Terrain rejected)
GoblinManager: Failed to register cave at 9,44 (Terrain rejected)
GoblinManager: Failed to register cave at 0,42 (Terrain rejected)
GoblinManager: Failed to register cave at 90,3 (Terrain rejected)
GoblinManager: Failed to register cave at 16,46 (Terrain rejected)
GoblinManager: Failed to register cave at 30,58 (Terrain rejected)
GoblinManager: Failed to register cave at 36,76 (Terrain rejected)
GoblinManager: Failed to register cave at 8,5 (Terrain rejected)
GoblinManager: Failed to register cave at 42,63 (Terrain rejected)
GoblinManager: Failed to register cave at 59,12 (Terrain rejected)
GoblinManager: Failed to register cave at 25,76 (Terrain rejected)
GoblinManager: Failed to register cave at 56,42 (Terrain rejected)
GoblinManager: Failed to register cave at 20,39 (Terrain rejected)
GoblinManager: Failed to register cave at 6,39 (Terrain rejected)
GoblinManager: Failed to register cave at 84,82 (Terrain rejected)
GoblinManager: Failed to register cave at 39,78 (Terrain rejected)
GoblinManager: Failed to register cave at 65,49 (Terrain rejected)
GoblinManager: Failed to register cave at 84,60 (Terrain rejected)
GoblinManager: Failed to register cave at 65,21 (Terrain rejected)
GoblinManager: Failed to register cave at 68,77 (Terrain rejected)
GoblinManager: Failed to register cave at 78,91 (Terrain rejected)
GoblinManager: Failed to register cave at 0,14 (Terrain rejected)
GoblinManager: Failed to register cave at 46,3 (Terrain rejected)
GoblinManager: Failed to register cave at 10,68 (Terrain rejected)
GoblinManager: Failed to register cave at 57,1 (Terrain rejected)
GoblinManager: Failed to register cave at 25,31 (Terrain rejected)
GoblinManager: Failed to register cave at 53,36 (Terrain rejected)
GoblinManager: Failed to register cave at 0,39 (Terrain rejected)
GoblinManager: Failed to register cave at 4,76 (Terrain rejected)
GoblinManager: Failed to register cave at 21,23 (Terrain rejected)
GoblinManager: Failed to register cave at 95,87 (Terrain rejected)
GoblinManager: Failed to register cave at 25,41 (Terrain rejected)
GoblinManager: Failed to register cave at 16,8 (Terrain rejected)
GoblinManager: Failed to register cave at 48,71 (Terrain rejected)
GoblinManager: Failed to register cave at 4,51 (Terrain rejected)
GoblinManager: Failed to register cave at 19,89 (Terrain rejected)
GoblinManager: Failed to register cave at 66,27 (Terrain rejected)
GoblinManager: Failed to register cave at 6,16 (Terrain rejected)
GoblinManager: Failed to register cave at 70,30 (Terrain rejected)
GoblinManager: Failed to register cave at 77,61 (Terrain rejected)
GoblinManager: Failed to register cave at 45,67 (Terrain rejected)
GoblinManager: Failed to register cave at 7,69 (Terrain rejected)
GoblinManager: Failed to register cave at 87,68 (Terrain rejected)
GoblinManager: Failed to register cave at 88,46 (Terrain rejected)
GoblinManager: Failed to register cave at 2,41 (Terrain rejected)
GoblinManager: Failed to register cave at 82,3 (Terrain rejected)
GoblinManager: Failed to register cave at 43,20 (Terrain rejected)
GoblinManager: Failed to register cave at 16,85 (Terrain rejected)
GoblinManager: Failed to register cave at 77,34 (Terrain rejected)
GoblinManager: Failed to register cave at 22,5 (Terrain rejected)
GoblinManager: Failed to register cave at 21,17 (Terrain rejected)
GoblinManager: Failed to register cave at 76,81 (Terrain rejected)
GoblinManager: Failed to register cave at 74,61 (Terrain rejected)
GoblinManager: Failed to register cave at 2,12 (Terrain rejected)
GoblinManager: Failed to register cave at 36,27 (Terrain rejected)
GoblinManager: Failed to register cave at 30,11 (Terrain rejected)
GoblinManager: Failed to register cave at 65,51 (Terrain rejected)
GoblinManager: Failed to register cave at 93,36 (Terrain rejected)
GoblinManager: Failed to register cave at 23,52 (Terrain rejected)
GoblinManager: Failed to register cave at 66,74 (Terrain rejected)
GoblinManager: Failed to register cave at 1,66 (Terrain rejected)
GoblinManager: Failed to register cave at 71,56 (Terrain rejected)
GoblinManager: Failed to register cave at 75,36 (Terrain rejected)
GoblinManager: Failed to register cave at 39,90 (Terrain rejected)
GoblinManager: Failed to register cave at 15,84 (Terrain rejected)
GoblinManager: Failed to register cave at 94,57 (Terrain rejected)
GoblinManager: Failed to register cave at 59,41 (Terrain rejected)
GoblinManager: Failed to register cave at 98,87 (Terrain rejected)
GoblinManager: Failed to register cave at 16,0 (Terrain rejected)
GoblinManager: Failed to register cave at 92,68 (Terrain rejected)
GoblinManager: Failed to register cave at 69,50 (Terrain rejected)
GoblinManager: Failed to register cave at 44,71 (Terrain rejected)
GoblinManager: Failed to register cave at 64,90 (Terrain rejected)
GoblinManager: Failed to register cave at 84,27 (Terrain rejected)
GoblinManager: Failed to register cave at 88,85 (Terrain rejected)
GoblinManager: Failed to register cave at 29,83 (Terrain rejected)
GoblinManager: Failed to register cave at 70,0 (Terrain rejected)
GoblinManager: Failed to register cave at 64,72 (Terrain rejected)
GoblinManager: Failed to register cave at 44,5 (Terrain rejected)
GoblinManager: Failed to register cave at 65,38 (Terrain rejected)
GoblinManager: Failed to register cave at 99,1 (Terrain rejected)
GoblinManager: Failed to register cave at 40,48 (Terrain rejected)
GoblinManager: Failed to register cave at 58,53 (Terrain rejected)
GoblinManager: Failed to register cave at 91,18 (Terrain rejected)
GoblinManager: Failed to register cave at 37,15 (Terrain rejected)
GoblinManager: Failed to register cave at 55,54 (Terrain rejected)
GoblinManager: Failed to register cave at 75,46 (Terrain rejected)
GoblinManager: Failed to register cave at 11,48 (Terrain rejected)
GoblinManager: Failed to register cave at 93,94 (Terrain rejected)
GoblinManager: Failed to register cave at 68,81 (Terrain rejected)
GoblinManager: Failed to register cave at 65,69 (Terrain rejected)
GoblinManager: Failed to register cave at 33,56 (Terrain rejected)
GoblinManager: Failed to register cave at 31,32 (Terrain rejected)
GoblinManager: Failed to register cave at 14,72 (Terrain rejected)
GoblinManager: Failed to register cave at 82,12 (Terrain rejected)
GoblinManager: Failed to register cave at 32,79 (Terrain rejected)
GoblinManager: Failed to register cave at 61,12 (Terrain rejected)
GoblinManager: Failed to register cave at 13,95 (Terrain rejected)
GoblinManager: Failed to register cave at 17,15 (Terrain rejected)
GoblinManager: Failed to register cave at 32,23 (Terrain rejected)
GoblinManager: Failed to register cave at 48,81 (Terrain rejected)
GoblinManager: Failed to register cave at 8,60 (Terrain rejected)
GoblinManager: Failed to register cave at 7,45 (Terrain rejected)
GoblinManager: Failed to register cave at 42,48 (Terrain rejected)
GoblinManager: Failed to register cave at 14,6 (Terrain rejected)
GoblinManager: Failed to register cave at 44,72 (Terrain rejected)
GoblinManager: Failed to register cave at 73,9 (Terrain rejected)
GoblinManager: Failed to register cave at 48,49 (Terrain rejected)
GoblinManager: Failed to register cave at 97,14 (Terrain rejected)
GoblinManager: Failed to register cave at 19,28 (Terrain rejected)
GoblinManager: Failed to register cave at 16,28 (Terrain rejected)
GoblinManager: Failed to register cave at 3,32 (Terrain rejected)
GoblinManager: Failed to register cave at 58,67 (Terrain rejected)
GoblinManager: Failed to register cave at 44,94 (Terrain rejected)
GoblinManager: Failed to register cave at 97,58 (Terrain rejected)
GoblinManager: Failed to register cave at 58,2 (Terrain rejected)
GoblinManager: Failed to register cave at 79,42 (Terrain rejected)
GoblinManager: Failed to register cave at 88,75 (Terrain rejected)
GoblinManager: Failed to register cave at 93,6 (Terrain rejected)
GoblinManager: Failed to register cave at 56,22 (Terrain rejected)
GoblinManager: Failed to register cave at 59,80 (Terrain rejected)
GoblinManager: Failed to register cave at 85,11 (Terrain rejected)
GoblinManager: Failed to register cave at 4,53 (Terrain rejected)
GoblinManager: Failed to register cave at 18,66 (Terrain rejected)
GoblinManager: Failed to register cave at 4,10 (Terrain rejected)
GoblinManager: Failed to register cave at 56,80 (Terrain rejected)
GoblinManager: Failed to register cave at 93,86 (Terrain rejected)
GoblinManager: Failed to register cave at 41,81 (Terrain rejected)
GoblinManager: Failed to register cave at 77,56 (Terrain rejected)
GoblinManager: Failed to register cave at 37,78 (Terrain rejected)
GoblinManager: Failed to register cave at 27,98 (Terrain rejected)
GoblinManager: Failed to register cave at 32,29 (Terrain rejected)
GoblinManager: Failed to register cave at 71,92 (Terrain rejected)
GoblinManager: Failed to register cave at 9,51 (Terrain rejected)
GoblinManager: Failed to register cave at 97,15 (Terrain rejected)
GoblinManager: Failed to register cave at 85,17 (Terrain rejected)
GoblinManager: Failed to register cave at 0,24 (Terrain rejected)
GoblinManager: Failed to register cave at 41,80 (Terrain rejected)
GoblinManager: Failed to register cave at 85,4 (Terrain rejected)
GoblinManager: Failed to register cave at 26,63 (Terrain rejected)
GoblinManager: Failed to register cave at 36,82 (Terrain rejected)
GoblinManager: Failed to register cave at 17,94 (Terrain rejected)
GoblinManager: Failed to register cave at 45,89 (Terrain rejected)
GoblinManager: Failed to register cave at 63,87 (Terrain rejected)
GoblinManager: Failed to register cave at 60,69 (Terrain rejected)
GoblinManager: Failed to register cave at 85,73 (Terrain rejected)
GoblinManager: Failed to register cave at 3,89 (Terrain rejected)
GoblinManager: Failed to register cave at 70,34 (Terrain rejected)
GoblinManager: Failed to register cave at 22,74 (Terrain rejected)
GoblinManager: Failed to register cave at 11,34 (Terrain rejected)
GoblinManager: Failed to register cave at 57,5 (Terrain rejected)
GoblinManager: Failed to register cave at 94,96 (Terrain rejected)
GoblinManager: Failed to register cave at 7,76 (Terrain rejected)
GoblinManager: Failed to register cave at 75,3 (Terrain rejected)
GoblinManager: Failed to register cave at 20,59 (Terrain rejected)
GoblinManager: Failed to register cave at 41,34 (Terrain rejected)
GoblinManager: Failed to register cave at 94,8 (Terrain rejected)
GoblinManager: Failed to register cave at 36,46 (Terrain rejected)
GoblinManager: Failed to register cave at 96,37 (Terrain rejected)
GoblinManager: Failed to register cave at 34,81 (Terrain rejected)
GoblinManager: Failed to register cave at 76,69 (Terrain rejected)
GoblinManager: Failed to register cave at 65,18 (Terrain rejected)
GoblinManager: Failed to register cave at 77,94 (Terrain rejected)
GoblinManager: Failed to register cave at 46,19 (Terrain rejected)
GoblinManager: Failed to register cave at 37,7 (Terrain rejected)
GoblinManager: Failed to register cave at 51,25 (Terrain rejected)
GoblinManager: Failed to register cave at 19,94 (Terrain rejected)
GoblinManager: Failed to register cave at 52,73 (Terrain rejected)
GoblinManager: Failed to register cave at 21,71 (Terrain rejected)
GoblinManager: Failed to register cave at 25,75 (Terrain rejected)
GoblinManager: Failed to register cave at 58,94 (Terrain rejected)
GoblinManager: Failed to register cave at 52,89 (Terrain rejected)
GoblinManager: Failed to register cave at 62,97 (Terrain rejected)
GoblinManager: Failed to register cave at 68,98 (Terrain rejected)
GoblinManager: Failed to register cave at 79,95 (Terrain rejected)
GoblinManager: Failed to register cave at 58,51 (Terrain rejected)
GoblinManager: Failed to register cave at 38,68 (Terrain rejected)
GoblinManager: Failed to register cave at 19,34 (Terrain rejected)
GoblinManager: Failed to register cave at 40,39 (Terrain rejected)
GoblinManager: Failed to register cave at 90,96 (Terrain rejected)
GoblinManager: Failed to register cave at 67,22 (Terrain rejected)
GoblinManager: Failed to register cave at 29,11 (Terrain rejected)
GoblinManager: Failed to register cave at 57,45 (Terrain rejected)
GoblinManager: Failed to register cave at 74,36 (Terrain rejected)
GoblinManager: Failed to register cave at 59,92 (Terrain rejected)
GoblinManager: Failed to register cave at 79,49 (Terrain rejected)
GoblinManager: Failed to register cave at 95,93 (Terrain rejected)
GoblinManager: Failed to register cave at 83,21 (Terrain rejected)
GoblinManager: Failed to register cave at 73,5 (Terrain rejected)
GoblinManager: Failed to register cave at 5,81 (Terrain rejected)
GoblinManager: Failed to register cave at 54,81 (Terrain rejected)
GoblinManager: Failed to register cave at 72,72 (Terrain rejected)
GoblinManager: Failed to register cave at 54,96 (Terrain rejected)
GoblinManager: Failed to register cave at 24,94 (Terrain rejected)
GoblinManager: Failed to register cave at 64,13 (Terrain rejected)
GoblinManager: Failed to register cave at 48,80 (Terrain rejected)
GoblinManager: Failed to register cave at 19,76 (Terrain rejected)
GoblinManager: Failed to register cave at 6,99 (Terrain rejected)
GoblinManager: Failed to register cave at 39,86 (Terrain rejected)
GoblinManager: Failed to register cave at 70,34 (Terrain rejected)
GoblinManager: Failed to register cave at 74,40 (Terrain rejected)
GoblinManager: Failed to register cave at 59,71 (Terrain rejected)
GoblinManager: Failed to register cave at 23,68 (Terrain rejected)
GoblinManager: Failed to register cave at 22,98 (Terrain rejected)
GoblinManager: Failed to register cave at 11,96 (Terrain rejected)
GoblinManager: Failed to register cave at 82,5 (Terrain rejected)
GoblinManager: Failed to register cave at 64,86 (Terrain rejected)
GoblinManager: Failed to register cave at 27,90 (Terrain rejected)
GoblinManager: Failed to register cave at 80,34 (Terrain rejected)
GoblinManager: Failed to register cave at 91,87 (Terrain rejected)
GoblinManager: Failed to register cave at 80,85 (Terrain rejected)
GoblinManager: Failed to register cave at 6,73 (Terrain rejected)
GoblinManager: Failed to register cave at 32,93 (Terrain rejected)
GoblinManager: Failed to register cave at 16,86 (Terrain rejected)
GoblinManager: Failed to register cave at 3,26 (Terrain rejected)
GoblinManager: Failed to register cave at 57,21 (Terrain rejected)
GoblinManager: Failed to register cave at 24,99 (Terrain rejected)
GoblinManager: Failed to register cave at 96,21 (Terrain rejected)
GoblinManager: Failed to register cave at 75,77 (Terrain rejected)
GoblinManager: Failed to register cave at 57,97 (Terrain rejected)
GoblinManager: Failed to register cave at 30,9 (Terrain rejected)
GoblinManager: Failed to register cave at 29,33 (Terrain rejected)
GoblinManager: Failed to register cave at 13,26 (Terrain rejected)
GoblinManager: Failed to register cave at 28,95 (Terrain rejected)
GoblinManager: Failed to register cave at 11,65 (Terrain rejected)
GoblinManager: Failed to register cave at 21,46 (Terrain rejected)
GoblinManager: Failed to register cave at 92,17 (Terrain rejected)
GoblinManager: Failed to register cave at 38,24 (Terrain rejected)
GoblinManager: Failed to register cave at 4,47 (Terrain rejected)
GoblinManager: Failed to register cave at 28,91 (Terrain rejected)
GoblinManager: Failed to register cave at 84,55 (Terrain rejected)
GoblinManager: Failed to register cave at 41,95 (Terrain rejected)
GoblinManager: Failed to register cave at 18,8 (Terrain rejected)
GoblinManager: Failed to register cave at 92,26 (Terrain rejected)
GoblinManager: Failed to register cave at 66,55 (Terrain rejected)
GoblinManager: Failed to register cave at 48,86 (Terrain rejected)
GoblinManager: Failed to register cave at 14,35 (Terrain rejected)
GoblinManager: Failed to register cave at 95,81 (Terrain rejected)
GoblinManager: Failed to register cave at 31,51 (Terrain rejected)
GoblinManager: Failed to register cave at 97,90 (Terrain rejected)
GoblinManager: Failed to register cave at 40,43 (Terrain rejected)
GoblinManager: Failed to register cave at 91,69 (Terrain rejected)
GoblinManager: Failed to register cave at 34,55 (Terrain rejected)
GoblinManager: Failed to register cave at 16,88 (Terrain rejected)
GoblinManager: Failed to register cave at 3,98 (Terrain rejected)
GoblinManager: Failed to register cave at 31,59 (Terrain rejected)
GoblinManager: Failed to register cave at 81,39 (Terrain rejected)
GoblinManager: Failed to register cave at 35,18 (Terrain rejected)
GoblinManager: Failed to register cave at 71,79 (Terrain rejected)
GoblinManager: Failed to register cave at 38,63 (Terrain rejected)
GoblinManager: Failed to register cave at 52,43 (Terrain rejected)
GoblinManager: Failed to register cave at 40,0 (Terrain rejected)
GoblinManager: Failed to register cave at 72,88 (Terrain rejected)
GoblinManager: Failed to register cave at 35,60 (Terrain rejected)
GoblinManager: Failed to register cave at 34,94 (Terrain rejected)
GoblinManager: Failed to register cave at 90,0 (Terrain rejected)
GoblinManager: Failed to register cave at 46,52 (Terrain rejected)
GoblinManager: Failed to register cave at 49,94 (Terrain rejected)
GoblinManager: Failed to register cave at 87,90 (Terrain rejected)
GoblinManager: Failed to register cave at 11,25 (Terrain rejected)
GoblinManager: Failed to register cave at 16,65 (Terrain rejected)
GoblinManager: Failed to register cave at 48,64 (Terrain rejected)
GoblinManager: Failed to register cave at 26,22 (Terrain rejected)
GoblinManager: Failed to register cave at 30,73 (Terrain rejected)
GoblinManager: Failed to register cave at 68,20 (Terrain rejected)
GoblinManager: Failed to register cave at 25,35 (Terrain rejected)
GoblinManager: Failed to register cave at 80,94 (Terrain rejected)
GoblinManager: Failed to register cave at 38,90 (Terrain rejected)
GoblinManager: Failed to register cave at 76,66 (Terrain rejected)
GoblinManager: Failed to register cave at 88,67 (Terrain rejected)
GoblinManager: Failed to register cave at 77,71 (Terrain rejected)
GoblinManager: Failed to register cave at 6,59 (Terrain rejected)
GoblinManager: Failed to register cave at 47,70 (Terrain rejected)
GoblinManager: Failed to register cave at 93,80 (Terrain rejected)
GoblinManager: Failed to register cave at 17,15 (Terrain rejected)
GoblinManager: Failed to register cave at 87,92 (Terrain rejected)
GoblinManager: Failed to register cave at 9,34 (Terrain rejected)
GoblinManager: Failed to register cave at 70,61 (Terrain rejected)
GoblinManager: Failed to register cave at 79,56 (Terrain rejected)
GoblinManager: Failed to register cave at 18,40 (Terrain rejected)
GoblinManager: Failed to register cave at 51,12 (Terrain rejected)
GoblinManager: Failed to register cave at 12,46 (Terrain rejected)
GoblinManager: Failed to register cave at 99,87 (Terrain rejected)
GoblinManager: Failed to register cave at 77,52 (Terrain rejected)
GoblinManager: Failed to register cave at 45,85 (Terrain rejected)
GoblinManager: Failed to register cave at 64,82 (Terrain rejected)
GoblinManager: Failed to register cave at 96,42 (Terrain rejected)
GoblinManager: Failed to register cave at 62,40 (Terrain rejected)
GoblinManager: Failed to register cave at 48,32 (Terrain rejected)
GoblinManager: Failed to register cave at 45,79 (Terrain rejected)
GoblinManager: Failed to register cave at 91,44 (Terrain rejected)
GoblinManager: Failed to register cave at 52,21 (Terrain rejected)
GoblinManager: Failed to register cave at 58,69 (Terrain rejected)
GoblinManager: Failed to register cave at 43,95 (Terrain rejected)
GoblinManager: Failed to register cave at 12,25 (Terrain rejected)
GoblinManager: Failed to register cave at 42,14 (Terrain rejected)
GoblinManager: Failed to register cave at 20,20 (Terrain rejected)
GoblinManager: Failed to register cave at 54,73 (Terrain rejected)
GoblinManager: Failed to register cave at 79,5 (Terrain rejected)
GoblinManager: Failed to register cave at 52,23 (Terrain rejected)
GoblinManager: Failed to register cave at 68,40 (Terrain rejected)
GoblinManager: Failed to register cave at 75,45 (Terrain rejected)
GoblinManager: Failed to register cave at 95,34 (Terrain rejected)
GoblinManager: Failed to register cave at 53,50 (Terrain rejected)
GoblinManager: Failed to register cave at 31,84 (Terrain rejected)
GoblinManager: Failed to register cave at 34,28 (Terrain rejected)
GoblinManager: Failed to register cave at 78,5 (Terrain rejected)
GoblinManager: Failed to register cave at 21,97 (Terrain rejected)
GoblinManager: Failed to register cave at 64,0 (Terrain rejected)
GoblinManager: Failed to register cave at 75,91 (Terrain rejected)
GoblinManager: Failed to register cave at 74,89 (Terrain rejected)
GoblinManager: Failed to register cave at 18,21 (Terrain rejected)
GoblinManager: Failed to register cave at 3,58 (Terrain rejected)
GoblinManager: Failed to register cave at 78,22 (Terrain rejected)
GoblinManager: Failed to register cave at 62,96 (Terrain rejected)
GoblinManager: Failed to register cave at 94,36 (Terrain rejected)
GoblinManager: Failed to register cave at 8,40 (Terrain rejected)
GoblinManager: Failed to register cave at 34,17 (Terrain rejected)
GoblinManager: Failed to register cave at 6,97 (Terrain rejected)
GoblinManager: Failed to register cave at 44,70 (Terrain rejected)
GoblinManager: Failed to register cave at 35,27 (Terrain rejected)
GoblinManager: Failed to register cave at 95,4 (Terrain rejected)
GoblinManager: Failed to register cave at 0,98 (Terrain rejected)
GoblinManager: Failed to register cave at 59,58 (Terrain rejected)
GoblinManager: Failed to register cave at 6,62 (Terrain rejected)
GoblinManager: Failed to register cave at 48,97 (Terrain rejected)
GoblinManager: Failed to register cave at 99,51 (Terrain rejected)
GoblinManager: Failed to register cave at 5,1 (Terrain rejected)
GoblinManager: Failed to register cave at 70,28 (Terrain rejected)
GoblinManager: Failed to register cave at 10,54 (Terrain rejected)
GoblinManager: Failed to register cave at 55,89 (Terrain rejected)
GoblinManager: Failed to register cave at 82,72 (Terrain rejected)
GoblinManager: Failed to register cave at 87,45 (Terrain rejected)
GoblinManager: Failed to register cave at 83,99 (Terrain rejected)
GoblinManager: Failed to register cave at 44,96 (Terrain rejected)
GoblinManager: Failed to register cave at 3,83 (Terrain rejected)
GoblinManager: Failed to register cave at 94,21 (Terrain rejected)
GoblinManager: Failed to register cave at 98,4 (Terrain rejected)
GoblinManager: Failed to register cave at 64,72 (Terrain rejected)
GoblinManager: Failed to register cave at 98,29 (Terrain rejected)
GoblinManager: Failed to register cave at 29,9 (Terrain rejected)
GoblinManager: Failed to register cave at 72,34 (Terrain rejected)
GoblinManager: Failed to register cave at 78,81 (Terrain rejected)
GoblinManager: Failed to register cave at 27,78 (Terrain rejected)
GoblinManager: Failed to register cave at 22,22 (Terrain rejected)
GoblinManager: Failed to register cave at 28,53 (Terrain rejected)
GoblinManager: Failed to register cave at 30,83 (Terrain rejected)
GoblinManager: Failed to register cave at 70,71 (Terrain rejected)
GoblinManager: Failed to register cave at 34,58 (Terrain rejected)
GoblinManager: Failed to register cave at 74,28 (Terrain rejected)
GoblinManager: Failed to register cave at 97,6 (Terrain rejected)
GoblinManager: Failed to register cave at 3,96 (Terrain rejected)
GoblinManager: Failed to register cave at 84,15 (Terrain rejected)
GoblinManager: Failed to register cave at 51,53 (Terrain rejected)
GoblinManager: Failed to register cave at 72,98 (Terrain rejected)
GoblinManager: Failed to register cave at 18,11 (Terrain rejected)
GoblinManager: Failed to register cave at 40,34 (Terrain rejected)
GoblinManager: Failed to register cave at 78,52 (Terrain rejected)
GoblinManager: Failed to register cave at 21,79 (Terrain rejected)
GoblinManager: Failed to register cave at 69,78 (Terrain rejected)
GoblinManager: Failed to register cave at 15,34 (Terrain rejected)
GoblinManager: Failed to register cave at 40,83 (Terrain rejected)
GoblinManager: Failed to register cave at 80,61 (Terrain rejected)
GoblinManager: Failed to register cave at 97,95 (Terrain rejected)
GoblinManager: Failed to register cave at 23,52 (Terrain rejected)
GoblinManager: Failed to register cave at 15,76 (Terrain rejected)
GoblinManager: Failed to register cave at 42,95 (Terrain rejected)
GoblinManager: Failed to register cave at 24,18 (Terrain rejected)
GoblinManager: Failed to register cave at 55,74 (Terrain rejected)
GoblinManager: Failed to register cave at 58,61 (Terrain rejected)
GoblinManager: Failed to register cave at 40,46 (Terrain rejected)
GoblinManager: Failed to register cave at 16,46 (Terrain rejected)
GoblinManager: Failed to register cave at 9,96 (Terrain rejected)
GoblinManager: Failed to register cave at 46,84 (Terrain rejected)
GoblinManager: Failed to register cave at 7,27 (Terrain rejected)
GoblinManager: Failed to register cave at 92,83 (Terrain rejected)
GoblinManager: Failed to register cave at 67,83 (Terrain rejected)
GoblinManager: Failed to register cave at 23,12 (Terrain rejected)
GoblinManager: Failed to register cave at 13,55 (Terrain rejected)
GoblinManager: Failed to register cave at 63,28 (Terrain rejected)
GoblinManager: Failed to register cave at 14,94 (Terrain rejected)
GoblinManager: Failed to register cave at 45,89 (Terrain rejected)
GoblinManager: Failed to register cave at 38,25 (Terrain rejected)
GoblinManager: Failed to register cave at 4,20 (Terrain rejected)
GoblinManager: Failed to register cave at 94,61 (Terrain rejected)
GoblinManager: Failed to register cave at 52,12 (Terrain rejected)
GoblinManager: Failed to register cave at 38,75 (Terrain rejected)
GoblinManager: Failed to register cave at 69,15 (Terrain rejected)
GoblinManager: Failed to register cave at 80,46 (Terrain rejected)
GoblinManager: Failed to register cave at 43,10 (Terrain rejected)
GoblinManager: Failed to register cave at 32,10 (Terrain rejected)
GoblinManager: Failed to register cave at 73,4 (Terrain rejected)
GoblinManager: Failed to register cave at 77,67 (Terrain rejected)
GoblinManager: Failed to register cave at 15,34 (Terrain rejected)
GoblinManager: Failed to register cave at 79,98 (Terrain rejected)
GoblinManager: Failed to register cave at 11,58 (Terrain rejected)
GoblinManager: Failed to register cave at 82,66 (Terrain rejected)
GoblinManager: Failed to register cave at 35,3 (Terrain rejected)
GoblinManager: Failed to register cave at 6,34 (Terrain rejected)
GoblinManager: Failed to register cave at 78,66 (Terrain rejected)
GoblinManager: Failed to register cave at 3,76 (Terrain rejected)
GoblinManager: Failed to register cave at 42,33 (Terrain rejected)
GoblinManager: Failed to register cave at 83,13 (Terrain rejected)
GoblinManager: Failed to register cave at 65,22 (Terrain rejected)
GoblinManager: Failed to register cave at 70,96 (Terrain rejected)
GoblinManager: Failed to register cave at 16,76 (Terrain rejected)
GoblinManager: Failed to register cave at 20,72 (Terrain rejected)
GoblinManager: Failed to register cave at 36,17 (Terrain rejected)
GoblinManager: Failed to register cave at 95,86 (Terrain rejected)
GoblinManager: Failed to register cave at 19,52 (Terrain rejected)
GoblinManager: Failed to register cave at 86,20 (Terrain rejected)
GoblinManager: Failed to register cave at 11,21 (Terrain rejected)
GoblinManager: Failed to register cave at 18,7 (Terrain rejected)
GoblinManager: Failed to register cave at 36,53 (Terrain rejected)
GoblinManager: Failed to register cave at 24,61 (Terrain rejected)
GoblinManager: Failed to register cave at 21,14 (Terrain rejected)
GoblinManager: Failed to register cave at 38,81 (Terrain rejected)
GoblinManager: Failed to register cave at 21,22 (Terrain rejected)
GoblinManager: Failed to register cave at 91,4 (Terrain rejected)
GoblinManager: Failed to register cave at 7,33 (Terrain rejected)
GoblinManager: Failed to register cave at 68,25 (Terrain rejected)
GoblinManager: Failed to register cave at 63,44 (Terrain rejected)
GoblinManager: Failed to register cave at 56,2 (Terrain rejected)
GoblinManager: Failed to register cave at 47,27 (Terrain rejected)
GoblinManager: Failed to register cave at 50,83 (Terrain rejected)
GoblinManager: Failed to register cave at 44,28 (Terrain rejected)
GoblinManager: Failed to register cave at 45,38 (Terrain rejected)
GoblinManager: Failed to register cave at 27,49 (Terrain rejected)
GoblinManager: Failed to register cave at 29,60 (Terrain rejected)
GoblinManager: Failed to register cave at 7,83 (Terrain rejected)
GoblinManager: Failed to register cave at 57,35 (Terrain rejected)
GoblinManager: Failed to register cave at 73,99 (Terrain rejected)
GoblinManager: Failed to register cave at 82,10 (Terrain rejected)
GoblinManager: Failed to register cave at 91,20 (Terrain rejected)
GoblinManager: Failed to register cave at 3,61 (Terrain rejected)
GoblinManager: Failed to register cave at 89,50 (Terrain rejected)
GoblinManager: Failed to register cave at 97,1 (Terrain rejected)
GoblinManager: Failed to register cave at 70,67 (Terrain rejected)
GoblinManager: Failed to register cave at 89,37 (Terrain rejected)
GoblinManager: Failed to register cave at 34,18 (Terrain rejected)
GoblinManager: Failed to register cave at 20,26 (Terrain rejected)
GoblinManager: Failed to register cave at 51,63 (Terrain rejected)
GoblinManager: Failed to register cave at 41,18 (Terrain rejected)
GoblinManager: Failed to register cave at 97,42 (Terrain rejected)
GoblinManager: Failed to register cave at 57,16 (Terrain rejected)
GoblinManager: Failed to register cave at 74,22 (Terrain rejected)
GoblinManager: Failed to register cave at 29,68 (Terrain rejected)
GoblinManager: Failed to register cave at 45,75 (Terrain rejected)
GoblinManager: Failed to register cave at 55,82 (Terrain rejected)
GoblinManager: Failed to register cave at 99,77 (Terrain rejected)
GoblinManager: Failed to register cave at 15,89 (Terrain rejected)
GoblinManager: Failed to register cave at 35,41 (Terrain rejected)
GoblinManager: Failed to register cave at 52,13 (Terrain rejected)
GoblinManager: Failed to register cave at 22,83 (Terrain rejected)
GoblinManager: Failed to register cave at 61,88 (Terrain rejected)
GoblinManager: Failed to register cave at 5,55 (Terrain rejected)
GoblinManager: Failed to register cave at 42,37 (Terrain rejected)
GoblinManager: Failed to register cave at 3,92 (Terrain rejected)
GoblinManager: Failed to register cave at 81,14 (Terrain rejected)
GoblinManager: Failed to register cave at 73,21 (Terrain rejected)
GoblinManager: Failed to register cave at 59,9 (Terrain rejected)
GoblinManager: Failed to register cave at 83,34 (Terrain rejected)
GoblinManager: Failed to register cave at 94,2 (Terrain rejected)
GoblinManager: Failed to register cave at 26,40 (Terrain rejected)
GoblinManager: Failed to register cave at 78,25 (Terrain rejected)
GoblinManager: Failed to register cave at 31,44 (Terrain rejected)
GoblinManager: Failed to register cave at 80,43 (Terrain rejected)
GoblinManager: Failed to register cave at 6,57 (Terrain rejected)
GoblinManager: Failed to register cave at 43,56 (Terrain rejected)
GoblinManager: Failed to register cave at 94,62 (Terrain rejected)
GoblinManager: Failed to register cave at 54,49 (Terrain rejected)
GoblinManager: Failed to register cave at 68,3 (Terrain rejected)
GoblinManager: Failed to register cave at 98,96 (Terrain rejected)
GoblinManager: Failed to register cave at 14,28 (Terrain rejected)
GoblinManager: Failed to register cave at 60,61 (Terrain rejected)
GoblinManager: Failed to register cave at 20,5 (Terrain rejected)
GoblinManager: Failed to register cave at 93,93 (Terrain rejected)
GoblinManager: Failed to register cave at 36,16 (Terrain rejected)
GoblinManager: Failed to register cave at 51,18 (Terrain rejected)
GoblinManager: Failed to register cave at 58,38 (Terrain rejected)
GoblinManager: Failed to register cave at 72,47 (Terrain rejected)
GoblinManager: Failed to register cave at 12,64 (Terrain rejected)
GoblinManager: Failed to register cave at 64,42 (Terrain rejected)
GoblinManager: Failed to register cave at 18,70 (Terrain rejected)
GoblinManager: Failed to register cave at 81,21 (Terrain rejected)
GoblinManager: Failed to register cave at 7,79 (Terrain rejected)
GoblinManager: Failed to register cave at 56,24 (Terrain rejected)
GoblinManager: Failed to register cave at 90,61 (Terrain rejected)
GoblinManager: Failed to register cave at 26,75 (Terrain rejected)
GoblinManager: Failed to register cave at 15,18 (Terrain rejected)
GoblinManager: Failed to register cave at 83,43 (Terrain rejected)
GoblinManager: Failed to register cave at 55,99 (Terrain rejected)
GoblinManager: Failed to register cave at 75,65 (Terrain rejected)
GoblinManager: Failed to register cave at 33,96 (Terrain rejected)
GoblinManager: Failed to register cave at 3,66 (Terrain rejected)
GoblinManager: Failed to register cave at 52,86 (Terrain rejected)
GoblinManager: Failed to register cave at 33,28 (Terrain rejected)
GoblinManager: Failed to register cave at 95,40 (Terrain rejected)
GoblinManager: Failed to register cave at 75,26 (Terrain rejected)
GoblinManager: Failed to register cave at 43,8 (Terrain rejected)
GoblinManager: Failed to register cave at 50,69 (Terrain rejected)
GoblinManager: Failed to register cave at 1,11 (Terrain rejected)
GoblinManager: Failed to register cave at 11,52 (Terrain rejected)
GoblinManager: Failed to register cave at 23,78 (Terrain rejected)
GoblinManager: Failed to register cave at 53,14 (Terrain rejected)
GoblinManager: Failed to register cave at 28,33 (Terrain rejected)
GoblinManager: Failed to register cave at 10,94 (Terrain rejected)
GoblinManager: Failed to register cave at 71,93 (Terrain rejected)
GoblinManager: Failed to register cave at 68,26 (Terrain rejected)
GoblinManager: Failed to register cave at 45,65 (Terrain rejected)
GoblinManager: Failed to register cave at 16,92 (Terrain rejected)
GoblinManager: Failed to register cave at 55,21 (Terrain rejected)
GoblinManager: Failed to register cave at 98,68 (Terrain rejected)
GoblinManager: Failed to register cave at 21,61 (Terrain rejected)
GoblinManager: Failed to register cave at 58,64 (Terrain rejected)
GoblinManager: Failed to register cave at 74,39 (Terrain rejected)
GoblinManager: Failed to register cave at 18,61 (Terrain rejected)
GoblinManager: Failed to register cave at 46,54 (Terrain rejected)
GoblinManager: Failed to register cave at 31,6 (Terrain rejected)
GoblinManager: Failed to register cave at 59,54 (Terrain rejected)
GoblinManager: Failed to register cave at 11,38 (Terrain rejected)
GoblinManager: Failed to register cave at 71,0 (Terrain rejected)
GoblinManager: Failed to register cave at 68,4 (Terrain rejected)
GoblinManager: Failed to register cave at 61,14 (Terrain rejected)
GoblinManager: Failed to register cave at 22,49 (Terrain rejected)
GoblinManager: Failed to register cave at 77,62 (Terrain rejected)
GoblinManager: Failed to register cave at 12,19 (Terrain rejected)
GoblinManager: Failed to register cave at 78,64 (Terrain rejected)
GoblinManager: Failed to register cave at 66,44 (Terrain rejected)
GoblinManager: Failed to register cave at 24,58 (Terrain rejected)
GoblinManager: Failed to register cave at 24,39 (Terrain rejected)
GoblinManager: Failed to register cave at 71,35 (Terrain rejected)
GoblinManager: Failed to register cave at 78,62 (Terrain rejected)
GoblinManager: Failed to register cave at 14,10 (Terrain rejected)
GoblinManager: Failed to register cave at 71,62 (Terrain rejected)
GoblinManager: Failed to register cave at 2,87 (Terrain rejected)
GoblinManager: Failed to register cave at 7,92 (Terrain rejected)
GoblinManager: Failed to register cave at 70,79 (Terrain rejected)
GoblinManager: Failed to register cave at 27,24 (Terrain rejected)
GoblinManager: Failed to register cave at 28,41 (Terrain rejected)
GoblinManager: Failed to register cave at 29,50 (Terrain rejected)
GoblinManager: Failed to register cave at 10,11 (Terrain rejected)
GoblinManager: Failed to register cave at 17,4 (Terrain rejected)
GoblinManager: Failed to register cave at 33,48 (Terrain rejected)
GoblinManager: Failed to register cave at 81,29 (Terrain rejected)
GoblinManager: Failed to register cave at 31,5 (Terrain rejected)
GoblinManager: Failed to register cave at 17,15 (Terrain rejected)
GoblinManager: Failed to register cave at 42,13 (Terrain rejected)
GoblinManager: Failed to register cave at 94,68 (Terrain rejected)
GoblinManager: Failed to register cave at 49,9 (Terrain rejected)
GoblinManager: Failed to register cave at 47,25 (Terrain rejected)
GoblinManager: Failed to register cave at 40,91 (Terrain rejected)
GoblinManager: Failed to register cave at 97,35 (Terrain rejected)
GoblinManager: Failed to register cave at 12,96 (Terrain rejected)
GoblinManager: Failed to register cave at 85,71 (Terrain rejected)
GoblinManager: Failed to register cave at 82,38 (Terrain rejected)
GoblinManager: Failed to register cave at 27,61 (Terrain rejected)
GoblinManager: Failed to register cave at 16,64 (Terrain rejected)
GoblinManager: Failed to register cave at 32,21 (Terrain rejected)
GoblinManager: Failed to register cave at 0,40 (Terrain rejected)
GoblinManager: Failed to register cave at 18,93 (Terrain rejected)
GoblinManager: Failed to register cave at 30,93 (Terrain rejected)
GoblinManager: Failed to register cave at 31,75 (Terrain rejected)
GoblinManager: Failed to register cave at 61,33 (Terrain rejected)
GoblinManager: Failed to register cave at 17,77 (Terrain rejected)
GoblinManager: Failed to register cave at 25,97 (Terrain rejected)
GoblinManager: Failed to register cave at 57,82 (Terrain rejected)
GoblinManager: Failed to register cave at 65,30 (Terrain rejected)
GoblinManager: Failed to register cave at 0,89 (Terrain rejected)
GoblinManager: Failed to register cave at 27,60 (Terrain rejected)
GoblinManager: Failed to register cave at 84,67 (Terrain rejected)
GoblinManager: Failed to register cave at 25,49 (Terrain rejected)
GoblinManager: Failed to register cave at 82,34 (Terrain rejected)
GoblinManager: Failed to register cave at 5,52 (Terrain rejected)
GoblinManager: Failed to register cave at 99,57 (Terrain rejected)
GoblinManager: Failed to register cave at 24,9 (Terrain rejected)
GoblinManager: Failed to register cave at 42,84 (Terrain rejected)
GoblinManager: Failed to register cave at 23,73 (Terrain rejected)
GoblinManager: Failed to register cave at 94,89 (Terrain rejected)
GoblinManager: Failed to register cave at 27,74 (Terrain rejected)
GoblinManager: Failed to register cave at 54,25 (Terrain rejected)
GoblinManager: Failed to register cave at 50,35 (Terrain rejected)
GoblinManager: Failed to register cave at 58,0 (Terrain rejected)
GoblinManager: Failed to register cave at 22,51 (Terrain rejected)
GoblinManager: Failed to register cave at 72,8 (Terrain rejected)
GoblinManager: Failed to register cave at 21,15 (Terrain rejected)
GoblinManager: Failed to register cave at 67,12 (Terrain rejected)
GoblinManager: Failed to register cave at 9,74 (Terrain rejected)
GoblinManager: Failed to register cave at 58,60 (Terrain rejected)
GoblinManager: Failed to register cave at 62,61 (Terrain rejected)
GoblinManager: Failed to register cave at 54,38 (Terrain rejected)
GoblinManager: Failed to register cave at 42,44 (Terrain rejected)
GoblinManager: Failed to register cave at 70,70 (Terrain rejected)
GoblinManager: Failed to register cave at 87,32 (Terrain rejected)
GoblinManager: Failed to register cave at 99,31 (Terrain rejected)
GoblinManager: Failed to register cave at 32,46 (Terrain rejected)
GoblinManager: Failed to register cave at 13,6 (Terrain rejected)
GoblinManager: Failed to register cave at 57,8 (Terrain rejected)
GoblinManager: Failed to register cave at 0,42 (Terrain rejected)
GoblinManager: Failed to register cave at 26,14 (Terrain rejected)
GoblinManager: Failed to register cave at 3,82 (Terrain rejected)
GoblinManager: Failed to register cave at 23,45 (Terrain rejected)
GoblinManager: Failed to register cave at 99,1 (Terrain rejected)
GoblinManager: Failed to register cave at 27,70 (Terrain rejected)
GoblinManager: Failed to register cave at 84,50 (Terrain rejected)
GoblinManager: Failed to register cave at 90,92 (Terrain rejected)
GoblinManager: Failed to register cave at 21,31 (Terrain rejected)
GoblinManager: Failed to register cave at 93,69 (Terrain rejected)
GoblinManager: Failed to register cave at 31,11 (Terrain rejected)
GoblinManager: Failed to register cave at 27,38 (Terrain rejected)
GoblinManager: Failed to register cave at 87,23 (Terrain rejected)
GoblinManager: Failed to register cave at 79,84 (Terrain rejected)
GoblinManager: Failed to register cave at 43,69 (Terrain rejected)
GoblinManager: Failed to register cave at 48,11 (Terrain rejected)
GoblinManager: Failed to register cave at 69,98 (Terrain rejected)
GoblinManager: Failed to register cave at 12,0 (Terrain rejected)
GoblinManager: Failed to register cave at 18,91 (Terrain rejected)
GoblinManager: Failed to register cave at 2,32 (Terrain rejected)
GoblinManager: Failed to register cave at 32,4 (Terrain rejected)
GoblinManager: Failed to register cave at 29,74 (Terrain rejected)
GoblinManager: Failed to register cave at 4,19 (Terrain rejected)
GoblinManager: Failed to register cave at 65,49 (Terrain rejected)
GoblinManager: Failed to register cave at 5,26 (Terrain rejected)
GoblinManager: Failed to register cave at 41,80 (Terrain rejected)
GoblinManager: Failed to register cave at 52,36 (Terrain rejected)
GoblinManager: Failed to register cave at 77,40 (Terrain rejected)
GoblinManager: Failed to register cave at 16,94 (Terrain rejected)
GoblinManager: Failed to register cave at 78,87 (Terrain rejected)
GoblinManager: Failed to register cave at 45,0 (Terrain rejected)
GoblinManager: Failed to register cave at 69,43 (Terrain rejected)
GoblinManager: Failed to register cave at 45,53 (Terrain rejected)
GoblinManager: Failed to register cave at 71,58 (Terrain rejected)
GoblinManager: Failed to register cave at 61,59 (Terrain rejected)
GoblinManager: Failed to register cave at 13,74 (Terrain rejected)
GoblinManager: Failed to register cave at 50,48 (Terrain rejected)
GoblinManager: Failed to register cave at 87,33 (Terrain rejected)
GoblinManager: Failed to register cave at 70,11 (Terrain rejected)
GoblinManager: Failed to register cave at 7,71 (Terrain rejected)
GoblinManager: Failed to register cave at 62,60 (Terrain rejected)
GoblinManager: Failed to register cave at 99,73 (Terrain rejected)
GoblinManager: Failed to register cave at 41,69 (Terrain rejected)
GoblinManager: Failed to register cave at 74,33 (Terrain rejected)
GoblinManager: Failed to register cave at 34,82 (Terrain rejected)
GoblinManager: Failed to register cave at 22,88 (Terrain rejected)
GoblinManager: Failed to register cave at 94,83 (Terrain rejected)
GoblinManager: Failed to register cave at 45,96 (Terrain rejected)
GoblinManager: Failed to register cave at 84,5 (Terrain rejected)
GoblinManager: Failed to register cave at 9,33 (Terrain rejected)
GoblinManager: Failed to register cave at 81,64 (Terrain rejected)
GoblinManager: Failed to register cave at 96,76 (Terrain rejected)
GoblinManager: Failed to register cave at 57,16 (Terrain rejected)
GoblinManager: Failed to register cave at 21,58 (Terrain rejected)
GoblinManager: Failed to register cave at 47,44 (Terrain rejected)
GoblinManager: Failed to register cave at 59,72 (Terrain rejected)
GoblinManager: Failed to register cave at 66,95 (Terrain rejected)
GoblinManager: Failed to register cave at 18,16 (Terrain rejected)
GoblinManager: Failed to register cave at 61,91 (Terrain rejected)
GoblinManager: Failed to register cave at 11,13 (Terrain rejected)
GoblinManager: Failed to register cave at 36,67 (Terrain rejected)
GoblinManager: Failed to register cave at 55,82 (Terrain rejected)
GoblinManager: Failed to register cave at 79,11 (Terrain rejected)
GoblinManager: Failed to register cave at 54,48 (Terrain rejected)
GoblinManager: Failed to register cave at 24,52 (Terrain rejected)
GoblinManager: Failed to register cave at 52,80 (Terrain rejected)
GoblinManager: Failed to register cave at 49,68 (Terrain rejected)
GoblinManager: Failed to register cave at 71,81 (Terrain rejected)
GoblinManager: Failed to register cave at 34,45 (Terrain rejected)
GoblinManager: Failed to register cave at 25,68 (Terrain rejected)
GoblinManager: Failed to register cave at 87,47 (Terrain rejected)
GoblinManager: Failed to register cave at 59,65 (Terrain rejected)
GoblinManager: Failed to register cave at 47,42 (Terrain rejected)
GoblinManager: Failed to register cave at 41,5 (Terrain rejected)
GoblinManager: Failed to register cave at 26,0 (Terrain rejected)
GoblinManager: Failed to register cave at 95,82 (Terrain rejected)
GoblinManager: Failed to register cave at 66,24 (Terrain rejected)
GoblinManager: Failed to register cave at 51,86 (Terrain rejected)
GoblinManager: Failed to register cave at 59,34 (Terrain rejected)
GoblinManager: Failed to register cave at 43,32 (Terrain rejected)
GoblinManager: Failed to register cave at 94,15 (Terrain rejected)
GoblinManager: Failed to register cave at 72,37 (Terrain rejected)
GoblinManager: Failed to register cave at 68,6 (Terrain rejected)
GoblinManager: Failed to register cave at 81,78 (Terrain rejected)
GoblinManager: Failed to register cave at 27,1 (Terrain rejected)
GoblinManager: Failed to register cave at 3,47 (Terrain rejected)
GoblinManager: Failed to register cave at 32,39 (Terrain rejected)
GoblinManager: Failed to register cave at 22,88 (Terrain rejected)
GoblinManager: Failed to register cave at 12,31 (Terrain rejected)
GoblinManager: Failed to register cave at 38,81 (Terrain rejected)
GoblinManager: Failed to register cave at 5,19 (Terrain rejected)
GoblinManager: Failed to register cave at 68,59 (Terrain rejected)
GoblinManager: Failed to register cave at 0,43 (Terrain rejected)
GoblinManager: Failed to register cave at 62,68 (Terrain rejected)
GoblinManager: Failed to register cave at 62,4 (Terrain rejected)
GoblinManager: Failed to register cave at 87,15 (Terrain rejected)
GoblinManager: Failed to register cave at 85,4 (Terrain rejected)
GoblinManager: Failed to register cave at 76,97 (Terrain rejected)
GoblinManager: Failed to register cave at 54,11 (Terrain rejected)
GoblinManager: Failed to register cave at 28,58 (Terrain rejected)
GoblinManager: Failed to register cave at 39,55 (Terrain rejected)
GoblinManager: Failed to register cave at 80,82 (Terrain rejected)
GoblinManager: Failed to register cave at 78,77 (Terrain rejected)
GoblinManager: Failed to register cave at 41,86 (Terrain rejected)
GoblinManager: Failed to register cave at 98,38 (Terrain rejected)
GoblinManager: Failed to register cave at 80,72 (Terrain rejected)
GoblinManager: Failed to register cave at 69,49 (Terrain rejected)
GoblinManager: Failed to register cave at 97,39 (Terrain rejected)
GoblinManager: Failed to register cave at 43,61 (Terrain rejected)
GoblinManager: Failed to register cave at 90,23 (Terrain rejected)
GoblinManager: Failed to register cave at 92,64 (Terrain rejected)
GoblinManager: Failed to register cave at 16,14 (Terrain rejected)
GoblinManager: Failed to register cave at 91,64 (Terrain rejected)
GoblinManager: Failed to register cave at 72,4 (Terrain rejected)
GoblinManager: Failed to register cave at 96,66 (Terrain rejected)
GoblinManager: Failed to register cave at 0,27 (Terrain rejected)
GoblinManager: Failed to register cave at 25,99 (Terrain rejected)
GoblinManager: Failed to register cave at 50,70 (Terrain rejected)
GoblinManager: Failed to register cave at 93,87 (Terrain rejected)
GoblinManager: Failed to register cave at 28,9 (Terrain rejected)
GoblinManager: Failed to register cave at 93,64 (Terrain rejected)
GoblinManager: Failed to register cave at 39,33 (Terrain rejected)
GoblinManager: Failed to register cave at 18,36 (Terrain rejected)
GoblinManager: Failed to register cave at 6,94 (Terrain rejected)
GoblinManager: Failed to register cave at 59,24 (Terrain rejected)
GoblinManager: Failed to register cave at 44,28 (Terrain rejected)
GoblinManager: Failed to register cave at 37,52 (Terrain rejected)
GoblinManager: Failed to register cave at 12,43 (Terrain rejected)
GoblinManager: Failed to register cave at 72,32 (Terrain rejected)
GoblinManager: Failed to register cave at 86,60 (Terrain rejected)
GoblinManager: Failed to register cave at 86,34 (Terrain rejected)
GoblinManager: Failed to register cave at 27,62 (Terrain rejected)
GoblinManager: Failed to register cave at 69,3 (Terrain rejected)
GoblinManager: Failed to register cave at 31,46 (Terrain rejected)
GoblinManager: Failed to register cave at 0,53 (Terrain rejected)
GoblinManager: Failed to register cave at 78,76 (Terrain rejected)
GoblinManager: Failed to register cave at 61,36 (Terrain rejected)
GoblinManager: Failed to register cave at 14,15 (Terrain rejected)
GoblinManager: Failed to register cave at 18,76 (Terrain rejected)
GoblinManager: Failed to register cave at 70,13 (Terrain rejected)
GoblinManager: Failed to register cave at 63,38 (Terrain rejected)
GoblinManager: Failed to register cave at 83,35 (Terrain rejected)
GoblinManager: Failed to register cave at 41,71 (Terrain rejected)
GoblinManager: Failed to register cave at 28,64 (Terrain rejected)
GoblinManager: Failed to register cave at 29,52 (Terrain rejected)
GoblinManager: Failed to register cave at 86,76 (Terrain rejected)
GoblinManager: Failed to register cave at 42,58 (Terrain rejected)
GoblinManager: Failed to register cave at 65,39 (Terrain rejected)
GoblinManager: Failed to register cave at 5,41 (Terrain rejected)
GoblinManager: Failed to register cave at 59,57 (Terrain rejected)
GoblinManager: Failed to register cave at 83,4 (Terrain rejected)
GoblinManager: Failed to register cave at 98,37 (Terrain rejected)
GoblinManager: Failed to register cave at 7,36 (Terrain rejected)
GoblinManager: Failed to register cave at 40,1 (Terrain rejected)
GoblinManager: Failed to register cave at 21,27 (Terrain rejected)
GoblinManager: Failed to register cave at 58,58 (Terrain rejected)
GoblinManager: Failed to register cave at 18,93 (Terrain rejected)
GoblinManager: Failed to register cave at 29,28 (Terrain rejected)
GoblinManager: Failed to register cave at 67,61 (Terrain rejected)
GoblinManager: Failed to register cave at 17,76 (Terrain rejected)
GoblinManager: Failed to register cave at 36,16 (Terrain rejected)
GoblinManager: Failed to register cave at 85,75 (Terrain rejected)
GoblinManager: Failed to register cave at 36,71 (Terrain rejected)
GoblinManager: Failed to register cave at 33,20 (Terrain rejected)
GoblinManager: Failed to register cave at 69,24 (Terrain rejected)
GoblinManager: Failed to register cave at 92,12 (Terrain rejected)
GoblinManager: Failed to register cave at 54,15 (Terrain rejected)
GoblinManager: Failed to register cave at 50,45 (Terrain rejected)
GoblinManager: Failed to register cave at 14,86 (Terrain rejected)
GoblinManager: Failed to register cave at 82,98 (Terrain rejected)
GoblinManager: Failed to register cave at 51,98 (Terrain rejected)
GoblinManager: Failed to register cave at 28,29 (Terrain rejected)
GoblinManager: Failed to register cave at 59,39 (Terrain rejected)
GoblinManager: Failed to register cave at 47,55 (Terrain rejected)
GoblinManager: Failed to register cave at 33,56 (Terrain rejected)
GoblinManager: Failed to register cave at 0,99 (Terrain rejected)
GoblinManager: Failed to register cave at 48,19 (Terrain rejected)
GoblinManager: Failed to register cave at 20,58 (Terrain rejected)
GoblinManager: Failed to register cave at 81,27 (Terrain rejected)
GoblinManager: Failed to register cave at 47,63 (Terrain rejected)
GoblinManager: Failed to register cave at 60,13 (Terrain rejected)
GoblinManager: Failed to register cave at 54,70 (Terrain rejected)
GoblinManager: Failed to register cave at 92,19 (Terrain rejected)
GoblinManager: Failed to register cave at 16,75 (Terrain rejected)
GoblinManager: Failed to register cave at 27,88 (Terrain rejected)
GoblinManager: Failed to register cave at 60,37 (Terrain rejected)
GoblinManager: Failed to register cave at 72,29 (Terrain rejected)
GoblinManager: Failed to register cave at 91,12 (Terrain rejected)
GoblinManager: Failed to register cave at 34,67 (Terrain rejected)
GoblinManager: Failed to register cave at 56,6 (Terrain rejected)
GoblinManager: Failed to register cave at 8,47 (Terrain rejected)
GoblinManager: Failed to register cave at 15,83 (Terrain rejected)
GoblinManager: Failed to register cave at 70,46 (Terrain rejected)
GoblinManager: Failed to register cave at 64,48 (Terrain rejected)
GoblinManager: Failed to register cave at 48,79 (Terrain rejected)
GoblinManager: Failed to register cave at 27,14 (Terrain rejected)
GoblinManager: Failed to register cave at 84,34 (Terrain rejected)
GoblinManager: Failed to register cave at 10,71 (Terrain rejected)
GoblinManager: Failed to register cave at 63,10 (Terrain rejected)
GoblinManager: Failed to register cave at 72,68 (Terrain rejected)
GoblinManager: Failed to register cave at 83,67 (Terrain rejected)
GoblinManager: Failed to register cave at 59,91 (Terrain rejected)
GoblinManager: Failed to register cave at 75,92 (Terrain rejected)
GoblinManager: Failed to register cave at 50,56 (Terrain rejected)
GoblinManager: Failed to register cave at 49,14 (Terrain rejected)
GoblinManager: Failed to register cave at 9,53 (Terrain rejected)
GoblinManager: Failed to register cave at 48,19 (Terrain rejected)
GoblinManager: Failed to register cave at 2,2 (Terrain rejected)
GoblinManager: Failed to register cave at 52,72 (Terrain rejected)
GoblinManager: Failed to register cave at 16,82 (Terrain rejected)
GoblinManager: Failed to register cave at 45,5 (Terrain rejected)
GoblinManager: Failed to register cave at 79,53 (Terrain rejected)
GoblinManager: Failed to register cave at 67,37 (Terrain rejected)
GoblinManager: Failed to register cave at 17,40 (Terrain rejected)
GoblinManager: Failed to register cave at 27,11 (Terrain rejected)
GoblinManager: Failed to register cave at 71,33 (Terrain rejected)
GoblinManager: Failed to register cave at 55,45 (Terrain rejected)
GoblinManager: Failed to register cave at 90,40 (Terrain rejected)
GoblinManager: Failed to register cave at 44,87 (Terrain rejected)
GoblinManager: Failed to register cave at 12,10 (Terrain rejected)
GoblinManager: Failed to register cave at 16,66 (Terrain rejected)
GoblinManager: Failed to register cave at 82,96 (Terrain rejected)
GoblinManager: Failed to register cave at 56,12 (Terrain rejected)
GoblinManager: Failed to register cave at 48,19 (Terrain rejected)
GoblinManager: Failed to register cave at 97,4 (Terrain rejected)
GoblinManager: Failed to register cave at 90,54 (Terrain rejected)
GoblinManager: Failed to register cave at 99,82 (Terrain rejected)
GoblinManager: Failed to register cave at 74,3 (Terrain rejected)
GoblinManager: Failed to register cave at 65,76 (Terrain rejected)
GoblinManager: Failed to register cave at 16,32 (Terrain rejected)
GoblinManager: Failed to register cave at 96,93 (Terrain rejected)
GoblinManager: Failed to register cave at 62,0 (Terrain rejected)
GoblinManager: Failed to register cave at 54,3 (Terrain rejected)
GoblinManager: Failed to register cave at 88,25 (Terrain rejected)
GoblinManager: Failed to register cave at 42,9 (Terrain rejected)
GoblinManager: Failed to register cave at 66,2 (Terrain rejected)
GoblinManager: Failed to register cave at 87,94 (Terrain rejected)
GoblinManager: Failed to register cave at 89,42 (Terrain rejected)
GoblinManager: Failed to register cave at 81,6 (Terrain rejected)
GoblinManager: Failed to register cave at 82,92 (Terrain rejected)
GoblinManager: Failed to register cave at 67,68 (Terrain rejected)
GoblinManager: Failed to register cave at 7,27 (Terrain rejected)
GoblinManager: Failed to register cave at 27,47 (Terrain rejected)
GoblinManager: Failed to register cave at 63,92 (Terrain rejected)
GoblinManager: Failed to register cave at 76,2 (Terrain rejected)
GoblinManager: Failed to register cave at 10,59 (Terrain rejected)
GoblinManager: Failed to register cave at 92,82 (Terrain rejected)
GoblinManager: Failed to register cave at 47,63 (Terrain rejected)
GoblinManager: Failed to register cave at 18,67 (Terrain rejected)
GoblinManager: Failed to register cave at 89,40 (Terrain rejected)
GoblinManager: Failed to register cave at 66,57 (Terrain rejected)
GoblinManager: Failed to register cave at 67,80 (Terrain rejected)
GoblinManager: Failed to register cave at 14,23 (Terrain rejected)
GoblinManager: Failed to register cave at 27,3 (Terrain rejected)
GoblinManager: Failed to register cave at 72,29 (Terrain rejected)
GoblinManager: Failed to register cave at 32,38 (Terrain rejected)
GoblinManager: Failed to register cave at 48,31 (Terrain rejected)
GoblinManager: Failed to register cave at 81,55 (Terrain rejected)
GoblinManager: Failed to register cave at 95,22 (Terrain rejected)
GoblinManager: Failed to register cave at 79,5 (Terrain rejected)
GoblinManager: Failed to register cave at 5,81 (Terrain rejected)
GoblinManager: Failed to register cave at 40,86 (Terrain rejected)
GoblinManager: Failed to register cave at 9,16 (Terrain rejected)
GoblinManager: Failed to register cave at 69,81 (Terrain rejected)
GoblinManager: Failed to register cave at 24,84 (Terrain rejected)
GoblinManager: Failed to register cave at 97,31 (Terrain rejected)
GoblinManager: Failed to register cave at 62,13 (Terrain rejected)
GoblinManager: Failed to register cave at 17,13 (Terrain rejected)
GoblinManager: Failed to register cave at 66,11 (Terrain rejected)
GoblinManager: Failed to register cave at 87,21 (Terrain rejected)
GoblinManager: Failed to register cave at 2,5 (Terrain rejected)
GoblinManager: Failed to register cave at 34,99 (Terrain rejected)
GoblinManager: Failed to register cave at 46,12 (Terrain rejected)
GoblinManager: Failed to register cave at 72,12 (Terrain rejected)
GoblinManager: Failed to register cave at 14,50 (Terrain rejected)
GoblinManager: Failed to register cave at 5,79 (Terrain rejected)
GoblinManager: Failed to register cave at 89,0 (Terrain rejected)
GoblinManager: Failed to register cave at 89,89 (Terrain rejected)
GoblinManager: Failed to register cave at 88,27 (Terrain rejected)
GoblinManager: Failed to register cave at 98,74 (Terrain rejected)
GoblinManager: Failed to register cave at 55,94 (Terrain rejected)
GoblinManager: Failed to register cave at 50,87 (Terrain rejected)
GoblinManager: Failed to register cave at 63,29 (Terrain rejected)
GoblinManager: Failed to register cave at 18,86 (Terrain rejected)
GoblinManager: Failed to register cave at 31,85 (Terrain rejected)
GoblinManager: Failed to register cave at 94,36 (Terrain rejected)
GoblinManager: Failed to register cave at 33,36 (Terrain rejected)
GoblinManager: Failed to register cave at 99,13 (Terrain rejected)
GoblinManager: Failed to register cave at 20,33 (Terrain rejected)
GoblinManager: Failed to register cave at 39,26 (Terrain rejected)
GoblinManager: Failed to register cave at 56,10 (Terrain rejected)
GoblinManager: Failed to register cave at 8,90 (Terrain rejected)
GoblinManager: Failed to register cave at 47,73 (Terrain rejected)
GoblinManager: Failed to register cave at 22,52 (Terrain rejected)
GoblinManager: Failed to register cave at 6,44 (Terrain rejected)
GoblinManager: Failed to register cave at 84,67 (Terrain rejected)
GoblinManager: Failed to register cave at 57,58 (Terrain rejected)
GoblinManager: Failed to register cave at 22,21 (Terrain rejected)
GoblinManager: Failed to register cave at 66,6 (Terrain rejected)
GoblinManager: Failed to register cave at 33,32 (Terrain rejected)
GoblinManager: Failed to register cave at 63,40 (Terrain rejected)
GoblinManager: Failed to register cave at 75,95 (Terrain rejected)
GoblinManager: Failed to register cave at 16,45 (Terrain rejected)
GoblinManager: Failed to register cave at 49,8 (Terrain rejected)
GoblinManager: Failed to register cave at 36,7 (Terrain rejected)
GoblinManager: Failed to register cave at 85,38 (Terrain rejected)
GoblinManager: Failed to register cave at 66,61 (Terrain rejected)
GoblinManager: Failed to register cave at 35,18 (Terrain rejected)
GoblinManager: Failed to register cave at 96,80 (Terrain rejected)
GoblinManager: Failed to register cave at 38,54 (Terrain rejected)
GoblinManager: Failed to register cave at 95,79 (Terrain rejected)
GoblinManager: Failed to register cave at 16,0 (Terrain rejected)
GoblinManager: Failed to register cave at 92,55 (Terrain rejected)
GoblinManager: Failed to register cave at 0,20 (Terrain rejected)
GoblinManager: Failed to register cave at 0,85 (Terrain rejected)
GoblinManager: Failed to register cave at 72,75 (Terrain rejected)
GoblinManager: Failed to register cave at 85,19 (Terrain rejected)
GoblinManager: Failed to register cave at 64,78 (Terrain rejected)
GoblinManager: Failed to register cave at 34,8 (Terrain rejected)
GoblinManager: Failed to register cave at 3,59 (Terrain rejected)
GoblinManager: Failed to register cave at 37,15 (Terrain rejected)
GoblinManager: Failed to register cave at 32,62 (Terrain rejected)
GoblinManager: Failed to register cave at 11,62 (Terrain rejected)
GoblinManager: Failed to register cave at 22,69 (Terrain rejected)
GoblinManager: Failed to register cave at 12,42 (Terrain rejected)
GoblinManager: Failed to register cave at 80,48 (Terrain rejected)
GoblinManager: Failed to register cave at 47,32 (Terrain rejected)
GoblinManager: Failed to register cave at 84,56 (Terrain rejected)
GoblinManager: Failed to register cave at 50,7 (Terrain rejected)
GoblinManager: Failed to register cave at 84,27 (Terrain rejected)
GoblinManager: Failed to register cave at 72,32 (Terrain rejected)
GoblinManager: Failed to register cave at 73,90 (Terrain rejected)
GoblinManager: Failed to register cave at 71,99 (Terrain rejected)
GoblinManager: Failed to register cave at 43,95 (Terrain rejected)
GoblinManager: Failed to register cave at 28,97 (Terrain rejected)
GoblinManager: Failed to register cave at 72,65 (Terrain rejected)
GoblinManager: Failed to register cave at 97,60 (Terrain rejected)
GoblinManager: Failed to register cave at 81,42 (Terrain rejected)
GoblinManager: Failed to register cave at 58,55 (Terrain rejected)
GoblinManager: Failed to register cave at 19,58 (Terrain rejected)
GoblinManager: Failed to register cave at 22,98 (Terrain rejected)
GoblinManager: Failed to register cave at 73,67 (Terrain rejected)
GoblinManager: Failed to register cave at 24,44 (Terrain rejected)
GoblinManager: Failed to register cave at 39,83 (Terrain rejected)
GoblinManager: Failed to register cave at 97,28 (Terrain rejected)
GoblinManager: Failed to register cave at 48,65 (Terrain rejected)
GoblinManager: Failed to register cave at 36,90 (Terrain rejected)
GoblinManager: Failed to register cave at 0,16 (Terrain rejected)
GoblinManager: Failed to register cave at 21,74 (Terrain rejected)
GoblinManager: Failed to register cave at 8,8 (Terrain rejected)
GoblinManager: Failed to register cave at 9,0 (Terrain rejected)
GoblinManager: Failed to register cave at 44,49 (Terrain rejected)
GoblinManager: Failed to register cave at 43,18 (Terrain rejected)
GoblinManager: Failed to register cave at 25,57 (Terrain rejected)
GoblinManager: Failed to register cave at 8,74 (Terrain rejected)
GoblinManager: Failed to register cave at 62,59 (Terrain rejected)
GoblinManager: Failed to register cave at 44,86 (Terrain rejected)
GoblinManager: Failed to register cave at 76,99 (Terrain rejected)
GoblinManager: Failed to register cave at 45,82 (Terrain rejected)
GoblinManager: Failed to register cave at 4,50 (Terrain rejected)
GoblinManager: Failed to register cave at 83,19 (Terrain rejected)
GoblinManager: Failed to register cave at 54,4 (Terrain rejected)
GoblinManager: Failed to register cave at 42,32 (Terrain rejected)
GoblinManager: Failed to register cave at 51,93 (Terrain rejected)
GoblinManager: Failed to register cave at 94,41 (Terrain rejected)
GoblinManager: Failed to register cave at 23,69 (Terrain rejected)
GoblinManager: Failed to register cave at 67,61 (Terrain rejected)
GoblinManager: Failed to register cave at 72,42 (Terrain rejected)
GoblinManager: Failed to register cave at 82,50 (Terrain rejected)
GoblinManager: Failed to register cave at 49,16 (Terrain rejected)
GoblinManager: Failed to register cave at 75,9 (Terrain rejected)
GoblinManager: Failed to register cave at 41,45 (Terrain rejected)
GoblinManager: Failed to register cave at 56,88 (Terrain rejected)
GoblinManager: Failed to register cave at 19,25 (Terrain rejected)
GoblinManager: Failed to register cave at 93,58 (Terrain rejected)
GoblinManager: Failed to register cave at 65,68 (Terrain rejected)
GoblinManager: Failed to register cave at 85,5 (Terrain rejected)
GoblinManager: Failed to register cave at 2,54 (Terrain rejected)
GoblinManager: Failed to register cave at 35,54 (Terrain rejected)
GoblinManager: Failed to register cave at 32,0 (Terrain rejected)
GoblinManager: Failed to register cave at 19,24 (Terrain rejected)
GoblinManager: Failed to register cave at 69,88 (Terrain rejected)
GoblinManager: Failed to register cave at 74,44 (Terrain rejected)
GoblinManager: Failed to register cave at 87,7 (Terrain rejected)
GoblinManager: Failed to register cave at 92,21 (Terrain rejected)
GoblinManager: Failed to register cave at 57,88 (Terrain rejected)
GoblinManager: Failed to register cave at 75,84 (Terrain rejected)
GoblinManager: Failed to register cave at 20,28 (Terrain rejected)
GoblinManager: Failed to register cave at 58,71 (Terrain rejected)
GoblinManager: Failed to register cave at 32,98 (Terrain rejected)
GoblinManager: Failed to register cave at 33,72 (Terrain rejected)
GoblinManager: Failed to register cave at 58,45 (Terrain rejected)
GoblinManager: Failed to register cave at 84,24 (Terrain rejected)
GoblinManager: Failed to register cave at 90,9 (Terrain rejected)
GoblinManager: Failed to register cave at 48,91 (Terrain rejected)
GoblinManager: Failed to register cave at 22,89 (Terrain rejected)
GoblinManager: Failed to register cave at 87,76 (Terrain rejected)
GoblinManager: Failed to register cave at 19,94 (Terrain rejected)
GoblinManager: Failed to register cave at 95,42 (Terrain rejected)
GoblinManager: Failed to register cave at 16,50 (Terrain rejected)
GoblinManager: Failed to register cave at 70,97 (Terrain rejected)
GoblinManager: Failed to register cave at 28,3 (Terrain rejected)
GoblinManager: Failed to register cave at 19,73 (Terrain rejected)
GoblinManager: Failed to register cave at 4,64 (Terrain rejected)
GoblinManager: Failed to register cave at 32,29 (Terrain rejected)
GoblinManager: Failed to register cave at 73,50 (Terrain rejected)
GoblinManager: Failed to register cave at 95,96 (Terrain rejected)
GoblinManager: Failed to register cave at 83,71 (Terrain rejected)
GoblinManager: Failed to register cave at 17,3 (Terrain rejected)
GoblinManager: Failed to register cave at 13,18 (Terrain rejected)
GoblinManager: Failed to register cave at 47,67 (Terrain rejected)
GoblinManager: Failed to register cave at 88,29 (Terrain rejected)
GoblinManager: Failed to register cave at 6,79 (Terrain rejected)
GoblinManager: Failed to register cave at 22,9 (Terrain rejected)
GoblinManager: Failed to register cave at 68,6 (Terrain rejected)
GoblinManager: Failed to register cave at 1,77 (Terrain rejected)
GoblinManager: Failed to register cave at 64,89 (Terrain rejected)
GoblinManager: Failed to register cave at 31,83 (Terrain rejected)
GoblinManager: Failed to register cave at 98,94 (Terrain rejected)
GoblinManager: Failed to register cave at 30,80 (Terrain rejected)
GoblinManager: Failed to register cave at 72,99 (Terrain rejected)
GoblinManager: Failed to register cave at 63,11 (Terrain rejected)
GoblinManager: Failed to register cave at 86,39 (Terrain rejected)
GoblinManager: Failed to register cave at 16,83 (Terrain rejected)
GoblinManager: Failed to register cave at 95,50 (Terrain rejected)
GoblinManager: Failed to register cave at 75,11 (Terrain rejected)
GoblinManager: Failed to register cave at 43,45 (Terrain rejected)
GoblinManager: Failed to register cave at 94,57 (Terrain rejected)
GoblinManager: Failed to register cave at 9,74 (Terrain rejected)
GoblinManager: Failed to register cave at 45,77 (Terrain rejected)
GoblinManager: Failed to register cave at 42,70 (Terrain rejected)
GoblinManager: Failed to register cave at 4,38 (Terrain rejected)
GoblinManager: Failed to register cave at 70,35 (Terrain rejected)
GoblinManager: Failed to register cave at 62,20 (Terrain rejected)
GoblinManager: Failed to register cave at 74,61 (Terrain rejected)
GoblinManager: Failed to register cave at 99,30 (Terrain rejected)
GoblinManager: Failed to register cave at 28,10 (Terrain rejected)
GoblinManager: Failed to register cave at 1,37 (Terrain rejected)
GoblinManager: Failed to register cave at 96,36 (Terrain rejected)
GoblinManager: Failed to register cave at 8,24 (Terrain rejected)
GoblinManager: Failed to register cave at 63,83 (Terrain rejected)
GoblinManager: Failed to register cave at 8,40 (Terrain rejected)
GoblinManager: Failed to register cave at 63,95 (Terrain rejected)
GoblinManager: Failed to register cave at 39,10 (Terrain rejected)
GoblinManager: Failed to register cave at 20,48 (Terrain rejected)
GoblinManager: Failed to register cave at 96,34 (Terrain rejected)
GoblinManager: Failed to register cave at 13,38 (Terrain rejected)
GoblinManager: Failed to register cave at 72,18 (Terrain rejected)
GoblinManager: Failed to register cave at 82,27 (Terrain rejected)
GoblinManager: Failed to register cave at 51,38 (Terrain rejected)
GoblinManager: Failed to register cave at 49,84 (Terrain rejected)
GoblinManager: Failed to register cave at 79,38 (Terrain rejected)
GoblinManager: Failed to register cave at 57,58 (Terrain rejected)
GoblinManager: Failed to register cave at 31,83 (Terrain rejected)
GoblinManager: Failed to register cave at 72,57 (Terrain rejected)
GoblinManager: Failed to register cave at 19,86 (Terrain rejected)
GoblinManager: Failed to register cave at 63,93 (Terrain rejected)
GoblinManager: Failed to register cave at 48,99 (Terrain rejected)
GoblinManager: Failed to register cave at 10,13 (Terrain rejected)
GoblinManager: Failed to register cave at 66,67 (Terrain rejected)
GoblinManager: Failed to register cave at 14,27 (Terrain rejected)
GoblinManager: Failed to register cave at 98,11 (Terrain rejected)
GoblinManager: Failed to register cave at 28,79 (Terrain rejected)
GoblinManager: Failed to register cave at 65,63 (Terrain rejected)
GoblinManager: Failed to register cave at 67,22 (Terrain rejected)
GoblinManager: Failed to register cave at 79,72 (Terrain rejected)
GoblinManager: Failed to register cave at 65,92 (Terrain rejected)
GoblinManager: Failed to register cave at 76,77 (Terrain rejected)
GoblinManager: Failed to register cave at 18,22 (Terrain rejected)
GoblinManager: Failed to register cave at 4,69 (Terrain rejected)
GoblinManager: Failed to register cave at 41,86 (Terrain rejected)
GoblinManager: Failed to register cave at 48,34 (Terrain rejected)
GoblinManager: Failed to register cave at 69,55 (Terrain rejected)
GoblinManager: Failed to register cave at 73,37 (Terrain rejected)
GoblinManager: Failed to register cave at 19,63 (Terrain rejected)
GoblinManager: Failed to register cave at 32,5 (Terrain rejected)
GoblinManager: Failed to register cave at 69,60 (Terrain rejected)
GoblinManager: Failed to register cave at 71,92 (Terrain rejected)
GoblinManager: Failed to register cave at 63,19 (Terrain rejected)
GoblinManager: Failed to register cave at 45,92 (Terrain rejected)
GoblinManager: Failed to register cave at 40,34 (Terrain rejected)
GoblinManager: Failed to register cave at 93,24 (Terrain rejected)
GoblinManager: Failed to register cave at 12,98 (Terrain rejected)
GoblinManager: Failed to register cave at 92,45 (Terrain rejected)
GoblinManager: Failed to register cave at 48,78 (Terrain rejected)
GoblinManager: Failed to register cave at 53,2 (Terrain rejected)
GoblinManager: Failed to register cave at 37,72 (Terrain rejected)
GoblinManager: Failed to register cave at 2,18 (Terrain rejected)
GoblinManager: Failed to register cave at 81,40 (Terrain rejected)
GoblinManager: Failed to register cave at 87,35 (Terrain rejected)
GoblinManager: Failed to register cave at 50,73 (Terrain rejected)
GoblinManager: Failed to register cave at 58,42 (Terrain rejected)
GoblinManager: Failed to register cave at 49,62 (Terrain rejected)
GoblinManager: Failed to register cave at 74,72 (Terrain rejected)
GoblinManager: Failed to register cave at 54,15 (Terrain rejected)
GoblinManager: Failed to register cave at 37,1 (Terrain rejected)
GoblinManager: Failed to register cave at 76,44 (Terrain rejected)
GoblinManager: Failed to register cave at 2,35 (Terrain rejected)
GoblinManager: Failed to register cave at 92,14 (Terrain rejected)
GoblinManager: Failed to register cave at 60,49 (Terrain rejected)
GoblinManager: Failed to register cave at 99,30 (Terrain rejected)
GoblinManager: Failed to register cave at 86,29 (Terrain rejected)
GoblinManager: Failed to register cave at 9,53 (Terrain rejected)
GoblinManager: Failed to register cave at 63,90 (Terrain rejected)
GoblinManager: Failed to register cave at 22,92 (Terrain rejected)
GoblinManager: Failed to register cave at 34,59 (Terrain rejected)
GoblinManager: Failed to register cave at 29,69 (Terrain rejected)
GoblinManager: Failed to register cave at 66,36 (Terrain rejected)
GoblinManager: Failed to register cave at 39,68 (Terrain rejected)
GoblinManager: Failed to register cave at 18,94 (Terrain rejected)
GoblinManager: Failed to register cave at 76,92 (Terrain rejected)
GoblinManager: Failed to register cave at 74,16 (Terrain rejected)
GoblinManager: Failed to register cave at 60,29 (Terrain rejected)
GoblinManager: Failed to register cave at 19,32 (Terrain rejected)
GoblinManager: Failed to register cave at 57,35 (Terrain rejected)
GoblinManager: Failed to register cave at 95,24 (Terrain rejected)
GoblinManager: Failed to register cave at 44,78 (Terrain rejected)
GoblinManager: Failed to register cave at 95,28 (Terrain rejected)
GoblinManager: Failed to register cave at 5,49 (Terrain rejected)
GoblinManager: Failed to register cave at 46,63 (Terrain rejected)
GoblinManager: Failed to register cave at 20,47 (Terrain rejected)
GoblinManager: Failed to register cave at 5,58 (Terrain rejected)
GoblinManager: Failed to register cave at 28,80 (Terrain rejected)
GoblinManager: Failed to register cave at 51,91 (Terrain rejected)
GoblinManager: Failed to register cave at 94,63 (Terrain rejected)
GoblinManager: Failed to register cave at 2,12 (Terrain rejected)
GoblinManager: Failed to register cave at 94,93 (Terrain rejected)
GoblinManager: Failed to register cave at 99,79 (Terrain rejected)
GoblinManager: Failed to register cave at 29,21 (Terrain rejected)
GoblinManager: Failed to register cave at 71,61 (Terrain rejected)
GoblinManager: Failed to register cave at 34,70 (Terrain rejected)
GoblinManager: Failed to register cave at 21,82 (Terrain rejected)
GoblinManager: Failed to register cave at 28,45 (Terrain rejected)
GoblinManager: Failed to register cave at 82,49 (Terrain rejected)
GoblinManager: Failed to register cave at 89,62 (Terrain rejected)
GoblinManager: Failed to register cave at 23,54 (Terrain rejected)
GoblinManager: Failed to register cave at 47,58 (Terrain rejected)
GoblinManager: Failed to register cave at 22,14 (Terrain rejected)
GoblinManager: Failed to register cave at 76,56 (Terrain rejected)
GoblinManager: Failed to register cave at 79,52 (Terrain rejected)
GoblinManager: Failed to register cave at 81,75 (Terrain rejected)
GoblinManager: Failed to register cave at 37,72 (Terrain rejected)
GoblinManager: Failed to register cave at 33,79 (Terrain rejected)
GoblinManager: Failed to register cave at 97,38 (Terrain rejected)
GoblinManager: Failed to register cave at 50,91 (Terrain rejected)
GoblinManager: Failed to register cave at 95,71 (Terrain rejected)
GoblinManager: Failed to register cave at 32,93 (Terrain rejected)
GoblinManager: Failed to register cave at 92,28 (Terrain rejected)
GoblinManager: Failed to register cave at 18,89 (Terrain rejected)
GoblinManager: Failed to register cave at 26,95 (Terrain rejected)
GoblinManager: Failed to register cave at 8,32 (Terrain rejected)
GoblinManager: Failed to register cave at 8,10 (Terrain rejected)
GoblinManager: Failed to register cave at 46,44 (Terrain rejected)
GoblinManager: Failed to register cave at 44,28 (Terrain rejected)
GoblinManager: Failed to register cave at 93,85 (Terrain rejected)
GoblinManager: Failed to register cave at 82,21 (Terrain rejected)
GoblinManager: Failed to register cave at 23,27 (Terrain rejected)
GoblinManager: Failed to register cave at 91,94 (Terrain rejected)
GoblinManager: Failed to register cave at 70,79 (Terrain rejected)
GoblinManager: Failed to register cave at 95,52 (Terrain rejected)
GoblinManager: Failed to register cave at 45,75 (Terrain rejected)
GoblinManager: Failed to register cave at 5,72 (Terrain rejected)
GoblinManager: Failed to register cave at 68,44 (Terrain rejected)
GoblinManager: Failed to register cave at 8,41 (Terrain rejected)
GoblinManager: Failed to register cave at 53,28 (Terrain rejected)
GoblinManager: Failed to register cave at 57,40 (Terrain rejected)
GoblinManager: Failed to register cave at 26,63 (Terrain rejected)
GoblinManager: Failed to register cave at 52,67 (Terrain rejected)
GoblinManager: Failed to register cave at 85,71 (Terrain rejected)
GoblinManager: Failed to register cave at 78,28 (Terrain rejected)
GoblinManager: Failed to register cave at 49,74 (Terrain rejected)
GoblinManager: Failed to register cave at 77,75 (Terrain rejected)
GoblinManager: Failed to register cave at 48,13 (Terrain rejected)
GoblinManager: Failed to register cave at 96,58 (Terrain rejected)
GoblinManager: Failed to register cave at 96,38 (Terrain rejected)
GoblinManager: Failed to register cave at 71,85 (Terrain rejected)
GoblinManager: Failed to register cave at 47,39 (Terrain rejected)
GoblinManager: Failed to register cave at 37,42 (Terrain rejected)
GoblinManager: Failed to register cave at 21,35 (Terrain rejected)
GoblinManager: Failed to register cave at 34,22 (Terrain rejected)
GoblinManager: Failed to register cave at 84,16 (Terrain rejected)
GoblinManager: Failed to register cave at 2,70 (Terrain rejected)
GoblinManager: Failed to register cave at 66,56 (Terrain rejected)
GoblinManager: Failed to register cave at 50,71 (Terrain rejected)
GoblinManager: Failed to register cave at 92,59 (Terrain rejected)
GoblinManager: Failed to register cave at 59,54 (Terrain rejected)
GoblinManager: Failed to register cave at 81,50 (Terrain rejected)
GoblinManager: Failed to register cave at 95,36 (Terrain rejected)
GoblinManager: Failed to register cave at 92,71 (Terrain rejected)
GoblinManager: Failed to register cave at 38,43 (Terrain rejected)
GoblinManager: Failed to register cave at 4,62 (Terrain rejected)
GoblinManager: Failed to register cave at 55,27 (Terrain rejected)
GoblinManager: Failed to register cave at 13,59 (Terrain rejected)
GoblinManager: Failed to register cave at 80,26 (Terrain rejected)
GoblinManager: Failed to register cave at 13,22 (Terrain rejected)
GoblinManager: Failed to register cave at 33,47 (Terrain rejected)
GoblinManager: Failed to register cave at 47,21 (Terrain rejected)
GoblinManager: Failed to register cave at 90,74 (Terrain rejected)
GoblinManager: Failed to register cave at 63,14 (Terrain rejected)
GoblinManager: Failed to register cave at 62,99 (Terrain rejected)
GoblinManager: Failed to register cave at 18,1 (Terrain rejected)
GoblinManager: Failed to register cave at 15,2 (Terrain rejected)
GoblinManager: Failed to register cave at 14,33 (Terrain rejected)
GoblinManager: Failed to register cave at 47,7 (Terrain rejected)
GoblinManager: Failed to register cave at 81,8 (Terrain rejected)
GoblinManager: Failed to register cave at 62,57 (Terrain rejected)
GoblinManager: Failed to register cave at 21,99 (Terrain rejected)
GoblinManager: Failed to register cave at 8,42 (Terrain rejected)
GoblinManager: Failed to register cave at 49,68 (Terrain rejected)
GoblinManager: Failed to register cave at 57,56 (Terrain rejected)
GoblinManager: Failed to register cave at 33,32 (Terrain rejected)
GoblinManager: Failed to register cave at 28,62 (Terrain rejected)
GoblinManager: Failed to register cave at 44,62 (Terrain rejected)
GoblinManager: Failed to register cave at 23,81 (Terrain rejected)
GoblinManager: Failed to register cave at 87,15 (Terrain rejected)
GoblinManager: Failed to register cave at 69,80 (Terrain rejected)
GoblinManager: Failed to register cave at 80,36 (Terrain rejected)
GoblinManager: Failed to register cave at 83,86 (Terrain rejected)
GoblinManager: Failed to register cave at 41,89 (Terrain rejected)
GoblinManager: Failed to register cave at 97,25 (Terrain rejected)
GoblinManager: Failed to register cave at 19,96 (Terrain rejected)
GoblinManager: Failed to register cave at 9,91 (Terrain rejected)
GoblinManager: Failed to register cave at 2,47 (Terrain rejected)
GoblinManager: Failed to register cave at 7,91 (Terrain rejected)
GoblinManager: Failed to register cave at 72,87 (Terrain rejected)
GoblinManager: Failed to register cave at 56,32 (Terrain rejected)
GoblinManager: Failed to register cave at 76,13 (Terrain rejected)
GoblinManager: Failed to register cave at 46,1 (Terrain rejected)
GoblinManager: Failed to register cave at 86,62 (Terrain rejected)
GoblinManager: Failed to register cave at 51,51 (Terrain rejected)
GoblinManager: Failed to register cave at 59,98 (Terrain rejected)
GoblinManager: Failed to register cave at 26,9 (Terrain rejected)
GoblinManager: Failed to register cave at 10,66 (Terrain rejected)
GoblinManager: Failed to register cave at 79,64 (Terrain rejected)
GoblinManager: Failed to register cave at 40,58 (Terrain rejected)
GoblinManager: Failed to register cave at 47,89 (Terrain rejected)
GoblinManager: Failed to register cave at 58,56 (Terrain rejected)
GoblinManager: Failed to register cave at 56,82 (Terrain rejected)
GoblinManager: Failed to register cave at 50,45 (Terrain rejected)
GoblinManager: Failed to register cave at 51,96 (Terrain rejected)
GoblinManager: Failed to register cave at 92,22 (Terrain rejected)
GoblinManager: Failed to register cave at 86,41 (Terrain rejected)
GoblinManager: Failed to register cave at 33,93 (Terrain rejected)
GoblinManager: Failed to register cave at 54,67 (Terrain rejected)
GoblinManager: Failed to register cave at 91,6 (Terrain rejected)
GoblinManager: Failed to register cave at 33,85 (Terrain rejected)
GoblinManager: Failed to register cave at 6,37 (Terrain rejected)
GoblinManager: Failed to register cave at 16,51 (Terrain rejected)
GoblinManager: Failed to register cave at 1,74 (Terrain rejected)
GoblinManager: Failed to register cave at 98,98 (Terrain rejected)
GoblinManager: Failed to register cave at 1,55 (Terrain rejected)
GoblinManager: Failed to register cave at 80,12 (Terrain rejected)
GoblinManager: Failed to register cave at 92,71 (Terrain rejected)
GoblinManager: Failed to register cave at 33,20 (Terrain rejected)
GoblinManager: Failed to register cave at 47,98 (Terrain rejected)
GoblinManager: Failed to register cave at 53,88 (Terrain rejected)
GoblinManager: Failed to register cave at 58,30 (Terrain rejected)
GoblinManager: Failed to register cave at 32,53 (Terrain rejected)
GoblinManager: Failed to register cave at 85,70 (Terrain rejected)
GoblinManager: Failed to register cave at 19,70 (Terrain rejected)
GoblinManager: Failed to register cave at 70,94 (Terrain rejected)
GoblinManager: Failed to register cave at 76,26 (Terrain rejected)
GoblinManager: Failed to register cave at 17,96 (Terrain rejected)
GoblinManager: Failed to register cave at 29,20 (Terrain rejected)
GoblinManager: Failed to register cave at 3,35 (Terrain rejected)
GoblinManager: Failed to register cave at 82,4 (Terrain rejected)
GoblinManager: Failed to register cave at 32,54 (Terrain rejected)
GoblinManager: Failed to register cave at 99,63 (Terrain rejected)
GoblinManager: Failed to register cave at 75,3 (Terrain rejected)
GoblinManager: Failed to register cave at 33,70 (Terrain rejected)
GoblinManager: Failed to register cave at 23,61 (Terrain rejected)
GoblinManager: Failed to register cave at 54,73 (Terrain rejected)
GoblinManager: Failed to register cave at 30,38 (Terrain rejected)
GoblinManager: Failed to register cave at 13,76 (Terrain rejected)
GoblinManager: Failed to register cave at 11,61 (Terrain rejected)
GoblinManager: Failed to register cave at 83,0 (Terrain rejected)
GoblinManager: Failed to register cave at 33,16 (Terrain rejected)
GoblinManager: Failed to register cave at 82,79 (Terrain rejected)
GoblinManager: Failed to register cave at 68,68 (Terrain rejected)
GoblinManager: Failed to register cave at 88,77 (Terrain rejected)
GoblinManager: Failed to register cave at 93,22 (Terrain rejected)
GoblinManager: Failed to register cave at 96,37 (Terrain rejected)
GoblinManager: Failed to register cave at 36,45 (Terrain rejected)
GoblinManager: Failed to register cave at 43,60 (Terrain rejected)
GoblinManager: Failed to register cave at 49,75 (Terrain rejected)
GoblinManager: Failed to register cave at 88,96 (Terrain rejected)
GoblinManager: Failed to register cave at 36,27 (Terrain rejected)
GoblinManager: Failed to register cave at 36,19 (Terrain rejected)
GoblinManager: Failed to register cave at 88,84 (Terrain rejected)
GoblinManager: Failed to register cave at 85,90 (Terrain rejected)
GoblinManager: Failed to register cave at 26,11 (Terrain rejected)
GoblinManager: Failed to register cave at 52,42 (Terrain rejected)
GoblinManager: Failed to register cave at 78,20 (Terrain rejected)
GoblinManager: Failed to register cave at 50,95 (Terrain rejected)
GoblinManager: Failed to register cave at 21,88 (Terrain rejected)
GoblinManager: Failed to register cave at 7,43 (Terrain rejected)
GoblinManager: Failed to register cave at 68,54 (Terrain rejected)
GoblinManager: Failed to register cave at 95,84 (Terrain rejected)
GoblinManager: Failed to register cave at 28,9 (Terrain rejected)
GoblinManager: Failed to register cave at 14,71 (Terrain rejected)
GoblinManager: Failed to register cave at 31,27 (Terrain rejected)
GoblinManager: Failed to register cave at 48,66 (Terrain rejected)
GoblinManager: Failed to register cave at 55,18 (Terrain rejected)
GoblinManager: Failed to register cave at 87,66 (Terrain rejected)
GoblinManager: Failed to register cave at 36,70 (Terrain rejected)
GoblinManager: Failed to register cave at 86,3 (Terrain rejected)
GoblinManager: Failed to register cave at 79,51 (Terrain rejected)
GoblinManager: Failed to register cave at 60,38 (Terrain rejected)
GoblinManager: Failed to register cave at 86,50 (Terrain rejected)
GoblinManager: Failed to register cave at 2,44 (Terrain rejected)
GoblinManager: Failed to register cave at 99,56 (Terrain rejected)
GoblinManager: Failed to register cave at 55,57 (Terrain rejected)
GoblinManager: Failed to register cave at 59,96 (Terrain rejected)
GoblinManager: Failed to register cave at 97,82 (Terrain rejected)
GoblinManager: Failed to register cave at 49,35 (Terrain rejected)
GoblinManager: Failed to register cave at 85,7 (Terrain rejected)
GoblinManager: Failed to register cave at 2,65 (Terrain rejected)
GoblinManager: Failed to register cave at 6,40 (Terrain rejected)
GoblinManager: Failed to register cave at 94,85 (Terrain rejected)
GoblinManager: Failed to register cave at 88,77 (Terrain rejected)
GoblinManager: Failed to register cave at 88,8 (Terrain rejected)
GoblinManager: Failed to register cave at 80,53 (Terrain rejected)
GoblinManager: Failed to register cave at 15,61 (Terrain rejected)
GoblinManager: Failed to register cave at 55,61 (Terrain rejected)
GoblinManager: Failed to register cave at 82,39 (Terrain rejected)
GoblinManager: Failed to register cave at 64,39 (Terrain rejected)
GoblinManager: Failed to register cave at 3,77 (Terrain rejected)
GoblinManager: Failed to register cave at 60,90 (Terrain rejected)
GoblinManager: Failed to register cave at 8,83 (Terrain rejected)
GoblinManager: Failed to register cave at 68,35 (Terrain rejected)
GoblinManager: Failed to register cave at 3,96 (Terrain rejected)
GoblinManager: Failed to register cave at 30,38 (Terrain rejected)
GoblinManager: Failed to register cave at 31,20 (Terrain rejected)
GoblinManager: Failed to register cave at 13,34 (Terrain rejected)
GoblinManager: Failed to register cave at 95,8 (Terrain rejected)
GoblinManager: Failed to register cave at 92,97 (Terrain rejected)
GoblinManager: Failed to register cave at 67,45 (Terrain rejected)
GoblinManager: Failed to register cave at 1,97 (Terrain rejected)
GoblinManager: Failed to register cave at 98,10 (Terrain rejected)
GoblinManager: Failed to register cave at 46,55 (Terrain rejected)
GoblinManager: Failed to register cave at 38,90 (Terrain rejected)
GoblinManager: Failed to register cave at 43,63 (Terrain rejected)
GoblinManager: Failed to register cave at 61,44 (Terrain rejected)
GoblinManager: Failed to register cave at 78,80 (Terrain rejected)
GoblinManager: Failed to register cave at 85,53 (Terrain rejected)
GoblinManager: Failed to register cave at 48,33 (Terrain rejected)
GoblinManager: Failed to register cave at 20,38 (Terrain rejected)
GoblinManager: Failed to register cave at 65,24 (Terrain rejected)
GoblinManager: Failed to register cave at 6,69 (Terrain rejected)
GoblinManager: Failed to register cave at 57,89 (Terrain rejected)
GoblinManager: Failed to register cave at 67,25 (Terrain rejected)
GoblinManager: Failed to register cave at 23,0 (Terrain rejected)
GoblinManager: Failed to register cave at 75,59 (Terrain rejected)
GoblinManager: Failed to register cave at 17,99 (Terrain rejected)
GoblinManager: Failed to register cave at 7,96 (Terrain rejected)
GoblinManager: Failed to register cave at 64,56 (Terrain rejected)
GoblinManager: Failed to register cave at 40,42 (Terrain rejected)
GoblinManager: Failed to register cave at 77,82 (Terrain rejected)
GoblinManager: Failed to register cave at 52,77 (Terrain rejected)
GoblinManager: Failed to register cave at 93,26 (Terrain rejected)
GoblinManager: Failed to register cave at 43,26 (Terrain rejected)
GoblinManager: Failed to register cave at 59,34 (Terrain rejected)
GoblinManager: Failed to register cave at 92,41 (Terrain rejected)
GoblinManager: Failed to register cave at 91,69 (Terrain rejected)
GoblinManager: Failed to register cave at 82,96 (Terrain rejected)
GoblinManager: Failed to register cave at 91,80 (Terrain rejected)
GoblinManager: Failed to register cave at 50,32 (Terrain rejected)
GoblinManager: Failed to register cave at 48,18 (Terrain rejected)
GoblinManager: Failed to register cave at 35,14 (Terrain rejected)
GoblinManager: Failed to register cave at 59,90 (Terrain rejected)
GoblinManager: Failed to register cave at 58,51 (Terrain rejected)
GoblinManager: Failed to register cave at 38,25 (Terrain rejected)
GoblinManager: Failed to register cave at 55,4 (Terrain rejected)
GoblinManager: Failed to register cave at 12,76 (Terrain rejected)
GoblinManager: Failed to register cave at 91,71 (Terrain rejected)
GoblinManager: Failed to register cave at 19,64 (Terrain rejected)
GoblinManager: Failed to register cave at 62,70 (Terrain rejected)
GoblinManager: Failed to register cave at 89,61 (Terrain rejected)
GoblinManager: Failed to register cave at 99,19 (Terrain rejected)
GoblinManager: Failed to register cave at 4,35 (Terrain rejected)
GoblinManager: Failed to register cave at 96,1 (Terrain rejected)
GoblinManager: Failed to register cave at 32,93 (Terrain rejected)
GoblinManager: Failed to register cave at 18,17 (Terrain rejected)
GoblinManager: Failed to register cave at 40,46 (Terrain rejected)
GoblinManager: Failed to register cave at 31,2 (Terrain rejected)
GoblinManager: Failed to register cave at 27,50 (Terrain rejected)
GoblinManager: Failed to register cave at 69,50 (Terrain rejected)
GoblinManager: Failed to register cave at 3,19 (Terrain rejected)
GoblinManager: Failed to register cave at 48,95 (Terrain rejected)
GoblinManager: Failed to register cave at 67,20 (Terrain rejected)
GoblinManager: Failed to register cave at 54,20 (Terrain rejected)
GoblinManager: Failed to register cave at 40,44 (Terrain rejected)
GoblinManager: Failed to register cave at 7,64 (Terrain rejected)
GoblinManager: Failed to register cave at 79,15 (Terrain rejected)
GoblinManager: Failed to register cave at 49,89 (Terrain rejected)
GoblinManager: Failed to register cave at 29,3 (Terrain rejected)
GoblinManager: Failed to register cave at 18,19 (Terrain rejected)
GoblinManager: Failed to register cave at 65,27 (Terrain rejected)
GoblinManager: Failed to register cave at 5,51 (Terrain rejected)
GoblinManager: Failed to register cave at 88,14 (Terrain rejected)
GoblinManager: Failed to register cave at 4,93 (Terrain rejected)
GoblinManager: Failed to register cave at 49,99 (Terrain rejected)
GoblinManager: Failed to register cave at 44,99 (Terrain rejected)
GoblinManager: Failed to register cave at 0,82 (Terrain rejected)
GoblinManager: Failed to register cave at 95,76 (Terrain rejected)
GoblinManager: Failed to register cave at 80,35 (Terrain rejected)
GoblinManager: Failed to register cave at 89,78 (Terrain rejected)
GoblinManager: Failed to register cave at 56,93 (Terrain rejected)
GoblinManager: Failed to register cave at 88,50 (Terrain rejected)
GoblinManager: Failed to register cave at 31,66 (Terrain rejected)
GoblinManager: Failed to register cave at 88,95 (Terrain rejected)
GoblinManager: Failed to register cave at 5,71 (Terrain rejected)
GoblinManager: Failed to register cave at 90,49 (Terrain rejected)
GoblinManager: Failed to register cave at 9,83 (Terrain rejected)
GoblinManager: Failed to register cave at 51,14 (Terrain rejected)
GoblinManager: Failed to register cave at 16,1 (Terrain rejected)
GoblinManager: Failed to register cave at 87,16 (Terrain rejected)
GoblinManager: Failed to register cave at 95,22 (Terrain rejected)
GoblinManager: Failed to register cave at 73,76 (Terrain rejected)
GoblinManager: Failed to register cave at 28,70 (Terrain rejected)
GoblinManager: Failed to register cave at 23,26 (Terrain rejected)
GoblinManager: Failed to register cave at 51,93 (Terrain rejected)
GoblinManager: Failed to register cave at 65,98 (Terrain rejected)
GoblinManager: Failed to register cave at 44,48 (Terrain rejected)
GoblinManager: Failed to register cave at 24,82 (Terrain rejected)
GoblinManager: Failed to register cave at 52,7 (Terrain rejected)
GoblinManager: Failed to register cave at 73,8 (Terrain rejected)
GoblinManager: Failed to register cave at 99,41 (Terrain rejected)
GoblinManager: Failed to register cave at 84,37 (Terrain rejected)
GoblinManager: Failed to register cave at 90,78 (Terrain rejected)
GoblinManager: Failed to register cave at 99,4 (Terrain rejected)
GoblinManager: Failed to register cave at 29,0 (Terrain rejected)
GoblinManager: Failed to register cave at 11,34 (Terrain rejected)
GoblinManager: Failed to register cave at 54,43 (Terrain rejected)
GoblinManager: Failed to register cave at 80,49 (Terrain rejected)
GoblinManager: Failed to register cave at 53,76 (Terrain rejected)
GoblinManager: Failed to register cave at 16,37 (Terrain rejected)
GoblinManager: Failed to register cave at 19,3 (Terrain rejected)
GoblinManager: Failed to register cave at 4,9 (Terrain rejected)
GoblinManager: Failed to register cave at 37,77 (Terrain rejected)
GoblinManager: Failed to register cave at 53,90 (Terrain rejected)
GoblinManager: Failed to register cave at 11,89 (Terrain rejected)
GoblinManager: Failed to register cave at 61,8 (Terrain rejected)
GoblinManager: Failed to register cave at 10,88 (Terrain rejected)
GoblinManager: Failed to register cave at 29,63 (Terrain rejected)
GoblinManager: Failed to register cave at 57,27 (Terrain rejected)
GoblinManager: Failed to register cave at 40,41 (Terrain rejected)
GoblinManager: Failed to register cave at 10,42 (Terrain rejected)
GoblinManager: Failed to register cave at 13,15 (Terrain rejected)
GoblinManager: Failed to register cave at 46,75 (Terrain rejected)
GoblinManager: Failed to register cave at 14,28 (Terrain rejected)
GoblinManager: Failed to register cave at 85,58 (Terrain rejected)
GoblinManager: Failed to register cave at 29,81 (Terrain rejected)
GoblinManager: Failed to register cave at 30,56 (Terrain rejected)
GoblinManager: Failed to register cave at 46,19 (Terrain rejected)
GoblinManager: Failed to register cave at 56,79 (Terrain rejected)
GoblinManager: Failed to register cave at 14,2 (Terrain rejected)
GoblinManager: Failed to register cave at 35,99 (Terrain rejected)
GoblinManager: Failed to register cave at 76,75 (Terrain rejected)
GoblinManager: Failed to register cave at 26,50 (Terrain rejected)
GoblinManager: Failed to register cave at 42,80 (Terrain rejected)
GoblinManager: Failed to register cave at 45,86 (Terrain rejected)
GoblinManager: Failed to register cave at 2,43 (Terrain rejected)
GoblinManager: Failed to register cave at 95,21 (Terrain rejected)
GoblinManager: Failed to register cave at 69,44 (Terrain rejected)
GoblinManager: Failed to register cave at 50,23 (Terrain rejected)
GoblinManager: Failed to register cave at 95,4 (Terrain rejected)
GoblinManager: Failed to register cave at 84,11 (Terrain rejected)
GoblinManager: Failed to register cave at 57,37 (Terrain rejected)
GoblinManager: Failed to register cave at 43,41 (Terrain rejected)
GoblinManager: Failed to register cave at 72,98 (Terrain rejected)
GoblinManager: Failed to register cave at 82,31 (Terrain rejected)
GoblinManager: Failed to register cave at 79,38 (Terrain rejected)
GoblinManager: Failed to register cave at 5,52 (Terrain rejected)
GoblinManager: Failed to register cave at 24,76 (Terrain rejected)
GoblinManager: Failed to register cave at 39,36 (Terrain rejected)
GoblinManager: Failed to register cave at 67,63 (Terrain rejected)
GoblinManager: Failed to register cave at 49,29 (Terrain rejected)
GoblinManager: Failed to register cave at 24,71 (Terrain rejected)
GoblinManager: Failed to register cave at 90,33 (Terrain rejected)
GoblinManager: Failed to register cave at 51,44 (Terrain rejected)
GoblinManager: Failed to register cave at 17,75 (Terrain rejected)
GoblinManager: Failed to register cave at 3,66 (Terrain rejected)
GoblinManager: Failed to register cave at 89,66 (Terrain rejected)
GoblinManager: Failed to register cave at 14,10 (Terrain rejected)
GoblinManager: Failed to register cave at 72,14 (Terrain rejected)
GoblinManager: Failed to register cave at 52,6 (Terrain rejected)
GoblinManager: Failed to register cave at 52,61 (Terrain rejected)
GoblinManager: Failed to register cave at 2,48 (Terrain rejected)
GoblinManager: Failed to register cave at 22,6 (Terrain rejected)
GoblinManager: Failed to register cave at 11,81 (Terrain rejected)
GoblinManager: Failed to register cave at 4,28 (Terrain rejected)
GoblinManager: Failed to register cave at 19,1 (Terrain rejected)
GoblinManager: Failed to register cave at 19,10 (Terrain rejected)
GoblinManager: Failed to register cave at 65,58 (Terrain rejected)
GoblinManager: Failed to register cave at 1,7 (Terrain rejected)
GoblinManager: Failed to register cave at 82,93 (Terrain rejected)
GoblinManager: Failed to register cave at 80,7 (Terrain rejected)
GoblinManager: Failed to register cave at 98,88 (Terrain rejected)
GoblinManager: Failed to register cave at 92,96 (Terrain rejected)
GoblinManager: Failed to register cave at 53,10 (Terrain rejected)
GoblinManager: Failed to register cave at 9,23 (Terrain rejected)
GoblinManager: Failed to register cave at 94,14 (Terrain rejected)
GoblinManager: Failed to register cave at 50,66 (Terrain rejected)
GoblinManager: Failed to register cave at 58,71 (Terrain rejected)
GoblinManager: Failed to register cave at 81,24 (Terrain rejected)
GoblinManager: Failed to register cave at 63,13 (Terrain rejected)
GoblinManager: Failed to register cave at 44,59 (Terrain rejected)
GoblinManager: Failed to register cave at 19,85 (Terrain rejected)
GoblinManager: Failed to register cave at 56,39 (Terrain rejected)
GoblinManager: Failed to register cave at 92,25 (Terrain rejected)
GoblinManager: Failed to register cave at 27,6 (Terrain rejected)
GoblinManager: Failed to register cave at 83,34 (Terrain rejected)
GoblinManager: Failed to register cave at 41,37 (Terrain rejected)
GoblinManager: Failed to register cave at 7,62 (Terrain rejected)
GoblinManager: Failed to register cave at 83,20 (Terrain rejected)
GoblinManager: Failed to register cave at 61,33 (Terrain rejected)
GoblinManager: Failed to register cave at 74,88 (Terrain rejected)
GoblinManager: Failed to register cave at 66,28 (Terrain rejected)
GoblinManager: Failed to register cave at 28,32 (Terrain rejected)
GoblinManager: Failed to register cave at 20,69 (Terrain rejected)
GoblinManager: Failed to register cave at 37,57 (Terrain rejected)
GoblinManager: Failed to register cave at 81,88 (Terrain rejected)
GoblinManager: Failed to register cave at 62,58 (Terrain rejected)
GoblinManager: Failed to register cave at 67,92 (Terrain rejected)
GoblinManager: Failed to register cave at 81,83 (Terrain rejected)
GoblinManager: Failed to register cave at 85,51 (Terrain rejected)
GoblinManager: Failed to register cave at 87,74 (Terrain rejected)
GoblinManager: Failed to register cave at 14,70 (Terrain rejected)
GoblinManager: Failed to register cave at 98,3 (Terrain rejected)
GoblinManager: Failed to register cave at 6,59 (Terrain rejected)
GoblinManager: Failed to register cave at 42,12 (Terrain rejected)
GoblinManager: Failed to register cave at 40,54 (Terrain rejected)
GoblinManager: Failed to register cave at 7,6 (Terrain rejected)
GoblinManager: Failed to register cave at 35,73 (Terrain rejected)
GoblinManager: Failed to register cave at 74,89 (Terrain rejected)
GoblinManager: Failed to register cave at 70,2 (Terrain rejected)
GoblinManager: Failed to register cave at 93,41 (Terrain rejected)
GoblinManager: Failed to register cave at 18,88 (Terrain rejected)
GoblinManager: Failed to register cave at 24,36 (Terrain rejected)
GoblinManager: Failed to register cave at 70,70 (Terrain rejected)
GoblinManager: Failed to register cave at 97,66 (Terrain rejected)
GoblinManager: Failed to register cave at 65,73 (Terrain rejected)
GoblinManager: Failed to register cave at 40,9 (Terrain rejected)
GoblinManager: Failed to register cave at 36,62 (Terrain rejected)
GoblinManager: Failed to register cave at 51,7 (Terrain rejected)
GoblinManager: Failed to register cave at 11,50 (Terrain rejected)
GoblinManager: Failed to register cave at 91,61 (Terrain rejected)
GoblinManager: Failed to register cave at 87,87 (Terrain rejected)
GoblinManager: Failed to register cave at 68,74 (Terrain rejected)
GoblinManager: Failed to register cave at 63,7 (Terrain rejected)
GoblinManager: Failed to register cave at 43,23 (Terrain rejected)
GoblinManager: Failed to register cave at 23,62 (Terrain rejected)
GoblinManager: Failed to register cave at 1,21 (Terrain rejected)
GoblinManager: Failed to register cave at 19,40 (Terrain rejected)
GoblinManager: Failed to register cave at 70,65 (Terrain rejected)
GoblinManager: Failed to register cave at 2,86 (Terrain rejected)
GoblinManager: Failed to register cave at 17,77 (Terrain rejected)
GoblinManager: Failed to register cave at 66,64 (Terrain rejected)
GoblinManager: Failed to register cave at 43,57 (Terrain rejected)
GoblinManager: Failed to register cave at 48,62 (Terrain rejected)
GoblinManager: Failed to register cave at 27,74 (Terrain rejected)
GoblinManager: Failed to register cave at 29,64 (Terrain rejected)
GoblinManager: Failed to register cave at 78,55 (Terrain rejected)
GoblinManager: Failed to register cave at 84,98 (Terrain rejected)
GoblinManager: Failed to register cave at 44,23 (Terrain rejected)
GoblinManager: Failed to register cave at 38,23 (Terrain rejected)
GoblinManager: Failed to register cave at 60,96 (Terrain rejected)
GoblinManager: Failed to register cave at 62,2 (Terrain rejected)
GoblinManager: Failed to register cave at 74,75 (Terrain rejected)
GoblinManager: Failed to register cave at 93,73 (Terrain rejected)
GoblinManager: Failed to register cave at 34,71 (Terrain rejected)
GoblinManager: Failed to register cave at 95,75 (Terrain rejected)
GoblinManager: Failed to register cave at 22,51 (Terrain rejected)
GoblinManager: Failed to register cave at 98,34 (Terrain rejected)
GoblinManager: Failed to register cave at 76,80 (Terrain rejected)
GoblinManager: Failed to register cave at 85,44 (Terrain rejected)
GoblinManager: Failed to register cave at 77,52 (Terrain rejected)
GoblinManager: Failed to register cave at 29,63 (Terrain rejected)
GoblinManager: Failed to register cave at 79,3 (Terrain rejected)
GoblinManager: Failed to register cave at 92,2 (Terrain rejected)
GoblinManager: Failed to register cave at 51,61 (Terrain rejected)
GoblinManager: Failed to register cave at 91,68 (Terrain rejected)
GoblinManager: Failed to register cave at 25,45 (Terrain rejected)
GoblinManager: Failed to register cave at 40,95 (Terrain rejected)
GoblinManager: Failed to register cave at 15,31 (Terrain rejected)
GoblinManager: Failed to register cave at 8,19 (Terrain rejected)
GoblinManager: Failed to register cave at 31,96 (Terrain rejected)
GoblinManager: Failed to register cave at 80,98 (Terrain rejected)
GoblinManager: Failed to register cave at 62,97 (Terrain rejected)
GoblinManager: Failed to register cave at 63,18 (Terrain rejected)
GoblinManager: Failed to register cave at 94,42 (Terrain rejected)
GoblinManager: Failed to register cave at 28,1 (Terrain rejected)
GoblinManager: Failed to register cave at 85,3 (Terrain rejected)
GoblinManager: Failed to register cave at 74,29 (Terrain rejected)
GoblinManager: Failed to register cave at 4,56 (Terrain rejected)
GoblinManager: Failed to register cave at 43,44 (Terrain rejected)
GoblinManager: Failed to register cave at 34,29 (Terrain rejected)
GoblinManager: Failed to register cave at 59,41 (Terrain rejected)
GoblinManager: Failed to register cave at 11,75 (Terrain rejected)
GoblinManager: Failed to register cave at 54,19 (Terrain rejected)
GoblinManager: Failed to register cave at 44,83 (Terrain rejected)
GoblinManager: Failed to register cave at 80,67 (Terrain rejected)
GoblinManager: Failed to register cave at 3,73 (Terrain rejected)
GoblinManager: Failed to register cave at 74,87 (Terrain rejected)
GoblinManager: Failed to register cave at 11,39 (Terrain rejected)
GoblinManager: Failed to register cave at 76,22 (Terrain rejected)
GoblinManager: Failed to register cave at 76,72 (Terrain rejected)
GoblinManager: Failed to register cave at 57,27 (Terrain rejected)
GoblinManager: Failed to register cave at 50,61 (Terrain rejected)
GoblinManager: Failed to register cave at 33,6 (Terrain rejected)
GoblinManager: Failed to register cave at 87,69 (Terrain rejected)
GoblinManager: Failed to register cave at 75,85 (Terrain rejected)
[90mstdout[2m | src/tests/RefuseDistraction.test.js[2m > [22m[2mRefuse Distraction Reconstructed[2m > [22m[2mshould NOT Switch to a better Auto-Job if Manual Job is active
[22m[39m[Game] Init SphereGeometry
[Game] Minimal/Override Init Start
[Game] Minimal: Init Clock
[Game FORCE CONST 3] Assigning terrainOverride to this.terrain
[Game] Minimal: Init Managers
[Game] Minimal: Init GoblinManager
[GoblinManager] 5蛟九・豢樒ｪ溘ｒ逕滓・荳ｭ...
[GoblinManager] DETERMINISM: generateCaves start. rngState=undefined
[GoblinManager] DETERMINISM: Attempt 1: Rnd(0.974320, 0.311988) -> Grid(97, 31) rngState=undefined
[GoblinManager] DETERMINISM: Attempt 2: Rnd(0.350590, 0.974774) -> Grid(35, 97) rngState=undefined
[GoblinManager] DETERMINISM: Attempt 3: Rnd(0.650186, 0.786462) -> Grid(65, 78) rngState=undefined
[GoblinManager] 豢樒ｪ溽函謌仙ｮ御ｺ・ 0/5 (隧ｦ陦悟屓謨ｰ: 5000)
[Game] Minimal: Init EnemyAI
[Game] Minimal: Done. Returning.
[Entity 2] CONSTRUCTOR START: type=unit at 10,10
[Entity 2] Calling updatePosition...
[Entity 2] updatePosition returned.
[DIAG] Actor Created ID: 2
[DIAG] Actor smartMove type: function
[DIAG] Actor smartMove body snapshot: smartMove(tx, tz, time, depth = 0) {
    if (isNaN(tx) || isNaN(tz)) {
      console.error(`[Actor $
[UnitCore.js] Unit Created ID:2 Role:worker Pos:10,10 Special:false
[UnitCore.js] Unit Created ID:2 Role:worker Pos:10,10
[UnitCore.js] Unit Construction Finished ID:2

[90mstdout[2m | src/tests/RefuseDistraction.test.js[2m > [22m[2mRefuse Distraction Reconstructed[2m > [22m[2mshould NOT Switch to a better Auto-Job if Manual Job is active
[22m[39m[Game] Request Added: move at (30,30) ID:req_0
[Game] No worker in radius 80 for Manual Req req_0. Trying Global Scan...
[Actor 1] Resetting Unreachable (Target changed or initializing)
[Actor 1] Resetting Unreachable (Target changed or initializing)
[Game] Request Added: clear at (15,15) ID:req_1

GoblinManager: Failed to register cave at 93,46 (Terrain rejected)
GoblinManager: Failed to register cave at 27,46 (Terrain rejected)
GoblinManager: Failed to register cave at 88,79 (Terrain rejected)
GoblinManager: Failed to register cave at 59,17 (Terrain rejected)
GoblinManager: Failed to register cave at 22,15 (Terrain rejected)
GoblinManager: Failed to register cave at 42,97 (Terrain rejected)
GoblinManager: Failed to register cave at 44,87 (Terrain rejected)
GoblinManager: Failed to register cave at 51,3 (Terrain rejected)
GoblinManager: Failed to register cave at 2,7 (Terrain rejected)
GoblinManager: Failed to register cave at 28,60 (Terrain rejected)
GoblinManager: Failed to register cave at 25,64 (Terrain rejected)
GoblinManager: Failed to register cave at 60,78 (Terrain rejected)
GoblinManager: Failed to register cave at 52,67 (Terrain rejected)
GoblinManager: Failed to register cave at 50,8 (Terrain rejected)
GoblinManager: Failed to register cave at 43,78 (Terrain rejected)
GoblinManager: Failed to register cave at 90,32 (Terrain rejected)
GoblinManager: Failed to register cave at 52,92 (Terrain rejected)
GoblinManager: Failed to register cave at 21,68 (Terrain rejected)
GoblinManager: Failed to register cave at 48,22 (Terrain rejected)
GoblinManager: Failed to register cave at 90,55 (Terrain rejected)
GoblinManager: Failed to register cave at 36,76 (Terrain rejected)
GoblinManager: Failed to register cave at 52,96 (Terrain rejected)
GoblinManager: Failed to register cave at 16,93 (Terrain rejected)
GoblinManager: Failed to register cave at 58,16 (Terrain rejected)
GoblinManager: Failed to register cave at 93,93 (Terrain rejected)
GoblinManager: Failed to register cave at 82,88 (Terrain rejected)
GoblinManager: Failed to register cave at 97,43 (Terrain rejected)
GoblinManager: Failed to register cave at 51,93 (Terrain rejected)
GoblinManager: Failed to register cave at 29,57 (Terrain rejected)
GoblinManager: Failed to register cave at 89,22 (Terrain rejected)
GoblinManager: Failed to register cave at 23,37 (Terrain rejected)
GoblinManager: Failed to register cave at 53,60 (Terrain rejected)
GoblinManager: Failed to register cave at 19,38 (Terrain rejected)
GoblinManager: Failed to register cave at 6,26 (Terrain rejected)
GoblinManager: Failed to register cave at 79,78 (Terrain rejected)
GoblinManager: Failed to register cave at 0,66 (Terrain rejected)

stderr | src/tests/RefuseDistraction.test.js > Refuse Distraction Reconstructed > should NOT Switch to a better Auto-Job if Manual Job is active
[Game] Warning: markerMaterial missing or invalid. Using fallback.
[Actor 1] Blocked: findPathAsync missing
[Actor 1] Blocked: findPathAsync missing
[Game] Warning: markerMaterial missing or invalid. Using fallback.

 [32m笨・[39m src/tests/RefuseDistraction.test.js [2m([22m[2m3 tests[22m[2m)[22m[33m 6281[2mms[22m[39m
     [33m[2m笨・[22m[39m should initialize correctly [33m 1960[2mms[22m[39m
     [33m[2m笨・[22m[39m should prioritize MANUAL move marker over autonomous HOUSE BUILDING [33m 2347[2mms[22m[39m
     [33m[2m笨・[22m[39m should NOT Switch to a better Auto-Job if Manual Job is active [33m 1970[2mms[22m[39m
[90mstdout[2m | src/tests/StartupCrash.test.js
[22m[39m[DEBUG] Building.ts loaded

[90mstdout[2m | src/tests/StartupCrash.test.js
[22m[39m[DEBUG] Terrain.ts top-level load

[90mstdout[2m | src/tests/VerifyUnitUpdate.test.js
[22m[39m[DEBUG] Actor.ts loaded

[90mstdout[2m | src/tests/StartupCrash.test.js[2m > [22m[2mStartup Crash Verification[2m > [22m[2mUnitRenderer update should not crash with active units
[22m[39m[Entity 0] CONSTRUCTOR START: type=unit at 10,10
[Entity 0] Calling updatePosition...
[Entity 0] updatePosition returned.
[DIAG] Actor Created ID: 0
[DIAG] Actor smartMove type: function
[DIAG] Actor smartMove body snapshot: smartMove(tx, tz, time, depth = 0) {
    if (isNaN(tx) || isNaN(tz)) {
      console.error(`[Actor $
[UnitCore.js] Unit Created ID:0 Role:knight Pos:10,10 Special:false
[Unit 0] State Change: None -> Wander
[UnitCore.js] Unit Created ID:0 Role:knight Pos:10,10
[UnitCore.js] Unit Construction Finished ID:0

 [31m笶ｯ[39m src/tests/StartupCrash.test.js [2m([22m[2m3 tests[22m[2m | [22m[31m1 failed[39m[2m)[22m[32m 37[2mms[22m[39m
[31m     [31mﾃ・[31m UnitRenderer should initialize without null materials[39m[32m 17[2mms[22m[39m
     [32m笨・[39m UnitRenderer update should not crash with active units[32m 14[2mms[22m[39m
     [32m笨・[39m FaceMesh should be present if split logic is active[32m 1[2mms[22m[39m
[90mstdout[2m | src/tests/VerifyUnitUpdate.test.js[2m > [22m[2mUnit Update Verification[2m > [22m[2mshould have updateLogic method
[22m[39m[Entity 0] CONSTRUCTOR START: type=unit at 20,20
[Entity 0] Calling registerEntity...
[Entity 0] registerEntity returned.
[Entity 0] Calling updatePosition...
[Entity 0] updatePosition returned.
[DIAG] Actor Created ID: 0
[DIAG] Actor smartMove type: function
[DIAG] Actor smartMove body snapshot: smartMove(tx, tz, time, depth = 0) {
    if (isNaN(tx) || isNaN(tz)) {
      console.error(`[Actor $
[UnitCore.js] Unit Created ID:0 Role:worker Pos:20,20 Special:false
[Unit 0] State Change: None -> Wander
[UnitCore.js] Unit Created ID:0 Role:worker Pos:20,20
[UnitCore.js] Unit Construction Finished ID:0

[90mstdout[2m | src/tests/VerifyUnitUpdate.test.js[2m > [22m[2mUnit Update Verification[2m > [22m[2mshould increment age in update
[22m[39mDisposing detached game instance

[90mstdout[2m | src/tests/VerifyUnitUpdate.test.js[2m > [22m[2mUnit Update Verification[2m > [22m[2mshould increment age in update
[22m[39m[Entity 1] CONSTRUCTOR START: type=unit at 20,20
[Entity 1] Calling registerEntity...
[Entity 1] registerEntity returned.
[Entity 1] Calling updatePosition...
[Entity 1] updatePosition returned.
[DIAG] Actor Created ID: 1
[DIAG] Actor smartMove type: function
[DIAG] Actor smartMove body snapshot: smartMove(tx, tz, time, depth = 0) {
    if (isNaN(tx) || isNaN(tz)) {
      console.error(`[Actor $
[UnitCore.js] Unit Created ID:1 Role:worker Pos:20,20 Special:false
[UnitCore.js] Unit Created ID:1 Role:worker Pos:20,20
[UnitCore.js] Unit Construction Finished ID:1

stderr | src/tests/VerifyUnitUpdate.test.js > Unit Update Verification > should increment age in update
[Unit Error] ID 1 in updateLogic: TypeError: this.terrain.getRandomPointInRegion is not a function
    at Unit.moveRandomly (C:/Users/mooya/develop/test/src/Unit.ts:1955:37)
    at Wander.update (C:/Users/mooya/develop/test/src/ai/states/UnitStates.ts:161:69)
    at Unit.updateLogic (C:/Users/mooya/develop/test/src/Unit.ts:1859:32)
    at Unit.update (C:/Users/mooya/develop/test/src/Actor.ts:527:14)
    at Unit.update (C:/Users/mooya/develop/test/src/Unit.ts:1826:15)
    at C:/Users/mooya/develop/test/src/tests/VerifyUnitUpdate.test.js:48:14
    at file:///C:/Users/mooya/develop/test/node_modules/@vitest/runner/dist/index.js:145:11
    at file:///C:/Users/mooya/develop/test/node_modules/@vitest/runner/dist/index.js:915:26
    at file:///C:/Users/mooya/develop/test/node_modules/@vitest/runner/dist/index.js:1240:20
    at new Promise (<anonymous>)

[90mstdout[2m | src/tests/VerifyUnitUpdate.test.js[2m > [22m[2mUnit Update Verification[2m > [22m[2mshould call updateMovement in update
[22m[39mDisposing detached game instance

[90mstdout[2m | src/tests/VerifyUnitUpdate.test.js[2m > [22m[2mUnit Update Verification[2m > [22m[2mshould call updateMovement in update
[22m[39m[Entity 2] CONSTRUCTOR START: type=unit at 20,20
[Entity 2] Calling registerEntity...
[Entity 2] registerEntity returned.
[Entity 2] Calling updatePosition...
[Entity 2] updatePosition returned.
[DIAG] Actor Created ID: 2
[DIAG] Actor smartMove type: function
[DIAG] Actor smartMove body snapshot: smartMove(tx, tz, time, depth = 0) {
    if (isNaN(tx) || isNaN(tz)) {
      console.error(`[Actor $
[UnitCore.js] Unit Created ID:2 Role:worker Pos:20,20 Special:false
[UnitCore.js] Unit Created ID:2 Role:worker Pos:20,20
[UnitCore.js] Unit Construction Finished ID:2

stderr | src/tests/VerifyUnitUpdate.test.js > Unit Update Verification > should call updateMovement in update
[Unit Error] ID 2 in updateLogic: TypeError: this.terrain.getRandomPointInRegion is not a function
    at Unit.moveRandomly (C:/Users/mooya/develop/test/src/Unit.ts:1955:37)
    at Wander.update (C:/Users/mooya/develop/test/src/ai/states/UnitStates.ts:161:69)
    at Unit.updateLogic (C:/Users/mooya/develop/test/src/Unit.ts:1859:32)
    at Unit.update (C:/Users/mooya/develop/test/src/Actor.ts:527:14)
    at Unit.update (C:/Users/mooya/develop/test/src/Unit.ts:1826:15)
    at C:/Users/mooya/develop/test/src/tests/VerifyUnitUpdate.test.js:55:14
    at file:///C:/Users/mooya/develop/test/node_modules/@vitest/runner/dist/index.js:145:11
    at file:///C:/Users/mooya/develop/test/node_modules/@vitest/runner/dist/index.js:915:26
    at file:///C:/Users/mooya/develop/test/node_modules/@vitest/runner/dist/index.js:1240:20
    at new Promise (<anonymous>)

[90mstdout[2m | src/tests/VerifyUnitUpdate.test.js[2m > [22m[2mUnit Update Verification[2m > [22m[2mshould call updateLogic fallback in update
[22m[39mDisposing detached game instance

[90mstdout[2m | src/tests/VerifyUnitUpdate.test.js[2m > [22m[2mUnit Update Verification[2m > [22m[2mshould call updateLogic fallback in update
[22m[39m[Entity 3] CONSTRUCTOR START: type=unit at 20,20
[Entity 3] Calling registerEntity...
[Entity 3] registerEntity returned.
[Entity 3] Calling updatePosition...
[Entity 3] updatePosition returned.
[DIAG] Actor Created ID: 3
[DIAG] Actor smartMove type: function
[DIAG] Actor smartMove body snapshot: smartMove(tx, tz, time, depth = 0) {
    if (isNaN(tx) || isNaN(tz)) {
      console.error(`[Actor $
[UnitCore.js] Unit Created ID:3 Role:worker Pos:20,20 Special:false
[UnitCore.js] Unit Created ID:3 Role:worker Pos:20,20
[UnitCore.js] Unit Construction Finished ID:3

stderr | src/tests/VerifyUnitUpdate.test.js > Unit Update Verification > should call updateLogic fallback in update
[Unit Error] ID 3 in updateLogic: TypeError: this.terrain.getRandomPointInRegion is not a function
    at Unit.moveRandomly (C:/Users/mooya/develop/test/src/Unit.ts:1955:37)
    at Wander.update (C:/Users/mooya/develop/test/src/ai/states/UnitStates.ts:161:69)
    at Unit.updateLogic (C:/Users/mooya/develop/test/src/Unit.ts:1859:32)
    at Unit.updateLogic (file:///C:/Users/mooya/develop/test/node_modules/@vitest/spy/dist/index.js:285:34)
    at Unit.update (C:/Users/mooya/develop/test/src/Actor.ts:527:14)
    at Unit.update (C:/Users/mooya/develop/test/src/Unit.ts:1826:15)
    at C:/Users/mooya/develop/test/src/tests/VerifyUnitUpdate.test.js:61:14
    at file:///C:/Users/mooya/develop/test/node_modules/@vitest/runner/dist/index.js:145:11
    at file:///C:/Users/mooya/develop/test/node_modules/@vitest/runner/dist/index.js:915:26
    at file:///C:/Users/mooya/develop/test/node_modules/@vitest/runner/dist/index.js:1240:20

 [32m笨・[39m src/tests/VerifyUnitUpdate.test.js [2m([22m[2m4 tests[22m[2m)[22m[32m 52[2mms[22m[39m
[90mstdout[2m | src/tests/Unit.test.js
[22m[39m[DEBUG] Actor.ts loaded

[90mstdout[2m | src/tests/Unit.test.js[2m > [22m[2mUnit Logic[2m > [22m[2mResource Gathering[2m > [22m[2mshould gather fish if checking neighbors finds water
[22m[39m[Entity 0] CONSTRUCTOR START: type=unit at 5,5
[Entity 0] Calling registerEntity...
[Entity 0] registerEntity returned.
[Entity 0] Calling updatePosition...
[Entity 0] updatePosition returned.
[DIAG] Actor Created ID: 0
[DIAG] Actor smartMove type: function
[DIAG] Actor smartMove body snapshot: smartMove(tx, tz, time, depth = 0) {
    if (isNaN(tx) || isNaN(tz)) {
      console.error(`[Actor $
[UnitCore.js] Unit Created ID:0 Role:worker Pos:5,5 Special:false
[Unit 0] State Change: None -> Wander
[UnitCore.js] Unit Created ID:0 Role:worker Pos:5,5
[UnitCore.js] Unit Construction Finished ID:0

[90mstdout[2m | src/tests/Unit.test.js[2m > [22m[2mUnit Logic[2m > [22m[2mResource Gathering[2m > [22m[2mshould NOT gather fish if completely inland
[22m[39mDisposing detached game instance

[90mstdout[2m | src/tests/Unit.test.js[2m > [22m[2mUnit Logic[2m > [22m[2mResource Gathering[2m > [22m[2mshould NOT gather fish if completely inland
[22m[39m[Entity 1] CONSTRUCTOR START: type=unit at 5,5
[Entity 1] Calling registerEntity...
[Entity 1] registerEntity returned.
[Entity 1] Calling updatePosition...
[Entity 1] updatePosition returned.
[DIAG] Actor Created ID: 1
[DIAG] Actor smartMove type: function
[DIAG] Actor smartMove body snapshot: smartMove(tx, tz, time, depth = 0) {
    if (isNaN(tx) || isNaN(tz)) {
      console.error(`[Actor $
[UnitCore.js] Unit Created ID:1 Role:worker Pos:5,5 Special:false
[UnitCore.js] Unit Created ID:1 Role:worker Pos:5,5
[UnitCore.js] Unit Construction Finished ID:1

[90mstdout[2m | src/tests/Unit.test.js[2m > [22m[2mUnit Logic[2m > [22m[2mBuild Priority (Famine)[2m > [22m[2mshould prioritize Farm and ABORT house if farm fails during famine
[22m[39mDisposing detached game instance

[90mstdout[2m | src/tests/Unit.test.js[2m > [22m[2mUnit Logic[2m > [22m[2mBuild Priority (Famine)[2m > [22m[2mshould prioritize Farm and ABORT house if farm fails during famine
[22m[39m[Entity 2] CONSTRUCTOR START: type=unit at 5,5
[Entity 2] Calling registerEntity...
[Entity 2] registerEntity returned.
[Entity 2] Calling updatePosition...
[Entity 2] updatePosition returned.
[DIAG] Actor Created ID: 2
[DIAG] Actor smartMove type: function
[DIAG] Actor smartMove body snapshot: smartMove(tx, tz, time, depth = 0) {
    if (isNaN(tx) || isNaN(tz)) {
      console.error(`[Actor $
[UnitCore.js] Unit Created ID:2 Role:worker Pos:5,5 Special:false
[UnitCore.js] Unit Created ID:2 Role:worker Pos:5,5
[UnitCore.js] Unit Construction Finished ID:2

[90mstdout[2m | src/tests/Unit.test.js[2m > [22m[2mUnit Logic[2m > [22m[2mBuild Priority (Famine)[2m > [22m[2mshould fallback to House if NOT in famine
[22m[39mDisposing detached game instance

[90mstdout[2m | src/tests/Unit.test.js[2m > [22m[2mUnit Logic[2m > [22m[2mBuild Priority (Famine)[2m > [22m[2mshould fallback to House if NOT in famine
[22m[39m[Entity 3] CONSTRUCTOR START: type=unit at 5,5
[Entity 3] Calling registerEntity...
[Entity 3] registerEntity returned.
[Entity 3] Calling updatePosition...
[Entity 3] updatePosition returned.
[DIAG] Actor Created ID: 3
[DIAG] Actor smartMove type: function
[DIAG] Actor smartMove body snapshot: smartMove(tx, tz, time, depth = 0) {
    if (isNaN(tx) || isNaN(tz)) {
      console.error(`[Actor $
[UnitCore.js] Unit Created ID:3 Role:worker Pos:5,5 Special:false
[UnitCore.js] Unit Created ID:3 Role:worker Pos:5,5
[UnitCore.js] Unit Construction Finished ID:3

[90mstdout[2m | src/tests/GoblinTypes.test.js
[22m[39m[DEBUG] Actor.ts loaded

[90mstdout[2m | src/tests/Unit.test.js[2m > [22m[2mUnit Logic[2m > [22m[2mBuild Priority (Famine)[2m > [22m[2mshould fallback to House if NOT in famine
[22m[39m[Actor 3] Resetting Unreachable (Target changed or initializing)

[90mstdout[2m | src/tests/Unit.test.js[2m > [22m[2mUnit Logic[2m > [22m[2mAdvanced Mechanics - Unit[2m > [22m[2mshould accept role in constructor
[22m[39mDisposing detached game instance

[90mstdout[2m | src/tests/Unit.test.js[2m > [22m[2mUnit Logic[2m > [22m[2mAdvanced Mechanics - Unit[2m > [22m[2mshould accept role in constructor
[22m[39m[Entity 4] CONSTRUCTOR START: type=unit at 5,5
[Entity 4] Calling registerEntity...
[Entity 4] registerEntity returned.
[Entity 4] Calling updatePosition...
[Entity 4] updatePosition returned.
[DIAG] Actor Created ID: 4
[DIAG] Actor smartMove type: function
[DIAG] Actor smartMove body snapshot: smartMove(tx, tz, time, depth = 0) {
    if (isNaN(tx) || isNaN(tz)) {
      console.error(`[Actor $
[UnitCore.js] Unit Created ID:4 Role:worker Pos:5,5 Special:false
[UnitCore.js] Unit Created ID:4 Role:worker Pos:5,5
[UnitCore.js] Unit Construction Finished ID:4

[90mstdout[2m | src/tests/Unit.test.js[2m > [22m[2mUnit Logic[2m > [22m[2mAdvanced Mechanics - Unit[2m > [22m[2mshould accept role in constructor
[22m[39m[Entity 5] CONSTRUCTOR START: type=unit at 5,5
[Entity 5] Calling registerEntity...
[Entity 5] registerEntity returned.
[Entity 5] Calling updatePosition...
[Entity 5] updatePosition returned.
[DIAG] Actor Created ID: 5
[DIAG] Actor smartMove type: function
[DIAG] Actor smartMove body snapshot: smartMove(tx, tz, time, depth = 0) {
    if (isNaN(tx) || isNaN(tz)) {
      console.error(`[Actor $
[UnitCore.js] Unit Created ID:5 Role:hunter Pos:5,5 Special:false
[UnitCore.js] Unit Created ID:5 Role:hunter Pos:5,5
[UnitCore.js] Unit Construction Finished ID:5
[Entity 6] CONSTRUCTOR START: type=unit at 5,5
[Entity 6] Calling registerEntity...
[Entity 6] registerEntity returned.
[Entity 6] Calling updatePosition...
[Entity 6] updatePosition returned.
[DIAG] Actor Created ID: 6
[DIAG] Actor smartMove type: function
[DIAG] Actor smartMove body snapshot: smartMove(tx, tz, time, depth = 0) {
    if (isNaN(tx) || isNaN(tz)) {
      console.error(`[Actor $
[UnitCore.js] Unit Created ID:6 Role:worker Pos:5,5 Special:false
[UnitCore.js] Unit Created ID:6 Role:worker Pos:5,5
[UnitCore.js] Unit Construction Finished ID:6
[Entity 7] CONSTRUCTOR START: type=unit at 5,5
[Entity 7] Calling registerEntity...
[Entity 7] registerEntity returned.
[Entity 7] Calling updatePosition...
[Entity 7] updatePosition returned.
[DIAG] Actor Created ID: 7
[DIAG] Actor smartMove type: function
[DIAG] Actor smartMove body snapshot: smartMove(tx, tz, time, depth = 0) {
    if (isNaN(tx) || isNaN(tz)) {
      console.error(`[Actor $
[UnitCore.js] Unit Created ID:7 Role:true Pos:5,5 Special:false
[UnitCore.js] Unit Created ID:7 Role:worker Pos:5,5
[UnitCore.js] Unit Construction Finished ID:7

[90mstdout[2m | src/tests/Unit.test.js[2m > [22m[2mUnit Logic[2m > [22m[2mAdvanced Mechanics - Unit[2m > [22m[2mshould FAIL buildFarm and IMPROVE LAND if moisture is poor
[22m[39mDisposing detached game instance

[90mstdout[2m | src/tests/Unit.test.js[2m > [22m[2mUnit Logic[2m > [22m[2mAdvanced Mechanics - Unit[2m > [22m[2mshould FAIL buildFarm and IMPROVE LAND if moisture is poor
[22m[39m[Entity 8] CONSTRUCTOR START: type=unit at 5,5
[Entity 8] Calling registerEntity...
[Entity 8] registerEntity returned.
[Entity 8] Calling updatePosition...
[Entity 8] updatePosition returned.
[DIAG] Actor Created ID: 8
[DIAG] Actor smartMove type: function
[DIAG] Actor smartMove body snapshot: smartMove(tx, tz, time, depth = 0) {
    if (isNaN(tx) || isNaN(tz)) {
      console.error(`[Actor $
[UnitCore.js] Unit Created ID:8 Role:worker Pos:5,5 Special:false
[UnitCore.js] Unit Created ID:8 Role:worker Pos:5,5
[UnitCore.js] Unit Construction Finished ID:8

[90mstdout[2m | src/tests/Unit.test.js[2m > [22m[2mUnit Logic[2m > [22m[2mAdvanced Mechanics - Unit[2m > [22m[2mshould FAIL buildFarm and IMPROVE LAND if moisture is poor
[22m[39m[Actor 8] Resetting Unreachable (Target changed or initializing)

[90mstdout[2m | src/tests/Unit.test.js[2m > [22m[2mUnit Logic[2m > [22m[2mAdvanced Mechanics - Unit[2m > [22m[2mshould succeed buildFarm if moisture is optimal
[22m[39mDisposing detached game instance

[90mstdout[2m | src/tests/GoblinTypes.test.js
[22m[39m[DEBUG] Goblin.ts loaded

[90mstdout[2m | src/tests/Unit.test.js[2m > [22m[2mUnit Logic[2m > [22m[2mAdvanced Mechanics - Unit[2m > [22m[2mshould succeed buildFarm if moisture is optimal
[22m[39m[Entity 9] CONSTRUCTOR START: type=unit at 5,5
[Entity 9] Calling registerEntity...
[Entity 9] registerEntity returned.
[Entity 9] Calling updatePosition...
[Entity 9] updatePosition returned.
[DIAG] Actor Created ID: 9
[DIAG] Actor smartMove type: function
[DIAG] Actor smartMove body snapshot: smartMove(tx, tz, time, depth = 0) {
    if (isNaN(tx) || isNaN(tz)) {
      console.error(`[Actor $
[UnitCore.js] Unit Created ID:9 Role:worker Pos:5,5 Special:false
[UnitCore.js] Unit Created ID:9 Role:worker Pos:5,5
[UnitCore.js] Unit Construction Finished ID:9

[90mstdout[2m | src/tests/Unit.test.js[2m > [22m[2mUnit Logic[2m > [22m[2mAdvanced Mechanics - Unit[2m > [22m[2mshould succeed buildFarm if moisture is optimal
[22m[39m[Actor 9] Resetting Unreachable (Target changed or initializing)

[90mstdout[2m | src/tests/Unit.test.js[2m > [22m[2mUnit Logic[2m > [22m[2mAdvanced Mechanics - Unit[2m > [22m[2mshould check regions during moveRandomly
[22m[39mDisposing detached game instance

[90mstdout[2m | src/tests/Unit.test.js[2m > [22m[2mUnit Logic[2m > [22m[2mAdvanced Mechanics - Unit[2m > [22m[2mshould check regions during moveRandomly
[22m[39m[Entity 10] CONSTRUCTOR START: type=unit at 5,5
[Entity 10] Calling registerEntity...
[Entity 10] registerEntity returned.
[Entity 10] Calling updatePosition...
[Entity 10] updatePosition returned.
[DIAG] Actor Created ID: 10
[DIAG] Actor smartMove type: function
[DIAG] Actor smartMove body snapshot: smartMove(tx, tz, time, depth = 0) {
    if (isNaN(tx) || isNaN(tz)) {
      console.error(`[Actor $
[UnitCore.js] Unit Created ID:10 Role:worker Pos:5,5 Special:false
[UnitCore.js] Unit Created ID:10 Role:worker Pos:5,5
[UnitCore.js] Unit Construction Finished ID:10

[90mstdout[2m | src/tests/Unit.test.js[2m > [22m[2mUnit Logic[2m > [22m[2mAdvanced Mechanics - Unit[2m > [22m[2mshould check regions during moveRandomly
[22m[39m[Actor 10] Resetting Unreachable (Target changed or initializing)

[90mstdout[2m | src/tests/GoblinTypes.test.js
[22m[39m[Import Debug] Raid: function, Combat: function, Wander: function

 [32m笨・[39m src/tests/Unit.test.js [2m([22m[2m8 tests[22m[2m)[22m[32m 108[2mms[22m[39m
[90mstdout[2m | src/tests/GoblinTypes.test.js[2m > [22m[2mGoblin Types & Stats[2m > [22m[2mshould create Goblin King with correct stats
[22m[39m[Entity 0] CONSTRUCTOR START: type=goblin at 10,10
[Entity 0] Calling registerEntity...
[Entity 0] registerEntity returned.
[Entity 0] Calling updatePosition...
[Entity 0] updatePosition returned.
[DIAG] Actor Created ID: 0
[DIAG] Actor smartMove type: function
[DIAG] Actor smartMove body snapshot: smartMove(tx, tz, time, depth = 0) {
    if (isNaN(tx) || isNaN(tz)) {
      console.error(`[Actor $
[Actor 0] CHANGE STATE: None -> Wander Request:null 

[90mstdout[2m | src/tests/GoblinTypes.test.js[2m > [22m[2mGoblin Types & Stats[2m > [22m[2mshould create Goblin Shaman with correct stats
[22m[39mDisposing detached game instance

[90mstdout[2m | src/tests/CombatLogic.test.js
[22m[39m[DEBUG] Actor.ts loaded

[90mstdout[2m | src/tests/GoblinTypes.test.js[2m > [22m[2mGoblin Types & Stats[2m > [22m[2mshould create Goblin Shaman with correct stats
[22m[39m[Entity 1] CONSTRUCTOR START: type=goblin at 10,10
[Entity 1] Calling registerEntity...
[Entity 1] registerEntity returned.
[Entity 1] Calling updatePosition...
[Entity 1] updatePosition returned.
[DIAG] Actor Created ID: 1
[DIAG] Actor smartMove type: function
[DIAG] Actor smartMove body snapshot: smartMove(tx, tz, time, depth = 0) {
    if (isNaN(tx) || isNaN(tz)) {
      console.error(`[Actor $

[90mstdout[2m | src/tests/GoblinTypes.test.js[2m > [22m[2mGoblin Types & Stats[2m > [22m[2mshould correctly spawn types based on random probability
[22m[39mDisposing detached game instance

[90mstdout[2m | src/tests/CombatLogic.test.js
[22m[39m[DEBUG] Goblin.ts loaded

[90mstdout[2m | src/tests/GoblinTypes.test.js[2m > [22m[2mGoblin Types & Stats[2m > [22m[2mshould correctly spawn types based on random probability
[22m[39m[GoblinManager] 5蛟九・豢樒ｪ溘ｒ逕滓・荳ｭ...
[GoblinManager] DETERMINISM: generateCaves start. rngState=undefined
[GoblinManager] DETERMINISM: Attempt 1: Rnd(0.500000, 0.500000) -> Grid(50, 50) rngState=undefined
[GoblinManager] DETERMINISM: Attempt 2: Rnd(0.500000, 0.500000) -> Grid(50, 50) rngState=undefined
[GoblinManager] DETERMINISM: Attempt 3: Rnd(0.500000, 0.500000) -> Grid(50, 50) rngState=undefined
[GoblinManager] 豢樒ｪ溽函謌仙ｮ御ｺ・ 0/5 (隧ｦ陦悟屓謨ｰ: 5000)
荘 Goblin King Spawned!
[Entity 2] CONSTRUCTOR START: type=goblin at 10,10
[Entity 2] Calling registerEntity...
[Entity 2] registerEntity returned.
[Entity 2] Calling updatePosition...
[Entity 2] updatePosition returned.
[DIAG] Actor Created ID: 2
[DIAG] Actor smartMove type: function
[DIAG] Actor smartMove body snapshot: smartMove(tx, tz, time, depth = 0) {
    if (isNaN(tx) || isNaN(tz)) {
      console.error(`[Actor $

[90mstdout[2m | src/tests/GoblinTypes.test.js[2m > [22m[2mGoblin Types & Stats[2m > [22m[2mshould use staff visual for Shaman in Renderer logic
[22m[39mDisposing detached game instance

[90mstdout[2m | src/tests/GoblinTypes.test.js[2m > [22m[2mGoblin Types & Stats[2m > [22m[2mshould use staff visual for Shaman in Renderer logic
[22m[39m[Entity 3] CONSTRUCTOR START: type=goblin at 10,10
[Entity 3] Calling registerEntity...
[Entity 3] registerEntity returned.
[Entity 3] Calling updatePosition...
[Entity 3] updatePosition returned.
[DIAG] Actor Created ID: 3
[DIAG] Actor smartMove type: function
[DIAG] Actor smartMove body snapshot: smartMove(tx, tz, time, depth = 0) {
    if (isNaN(tx) || isNaN(tz)) {
      console.error(`[Actor $

[90mstdout[2m | src/tests/CombatLogic.test.js
[22m[39m[DEBUG] Building.ts loaded

 [32m笨・[39m src/tests/GoblinTypes.test.js [2m([22m[2m4 tests[22m[2m)[22m[32m 93[2mms[22m[39m
[90mstdout[2m | src/tests/CombatLogic.test.js[2m > [22m[2mCombat Logic Correctness[2m > [22m[2mShould allow Unit to target and damage a Goblin
[22m[39m[Entity 0] CONSTRUCTOR START: type=unit at 10,10
[Entity 0] Calling registerEntity...
[Entity 0] registerEntity returned.
[Entity 0] Calling updatePosition...
[Entity 0] updatePosition returned.
[DIAG] Actor Created ID: 0
[DIAG] Actor smartMove type: function
[DIAG] Actor smartMove body snapshot: smartMove(tx, tz, time, depth = 0) {
    if (isNaN(tx) || isNaN(tz)) {
      console.error(`[Actor $
[UnitCore.js] Unit Created ID:0 Role:soldier Pos:10,10 Special:false
[Unit 0] State Change: None -> Wander
[UnitCore.js] Unit Created ID:0 Role:soldier Pos:10,10
[UnitCore.js] Unit Construction Finished ID:0
[Entity 1] CONSTRUCTOR START: type=goblin at 12,10
[Entity 1] Calling registerEntity...
[Entity 1] registerEntity returned.
[Entity 1] Calling updatePosition...
[Entity 1] updatePosition returned.
[DIAG] Actor Created ID: 1
[DIAG] Actor smartMove type: function
[DIAG] Actor smartMove body snapshot: smartMove(tx, tz, time, depth = 0) {
    if (isNaN(tx) || isNaN(tz)) {
      console.error(`[Actor $
[Unit 0] State Change: Wander -> Combat
[Unit 0] State Change: Combat -> Combat

[90mstdout[2m | src/tests/CombatLogic.test.js[2m > [22m[2mCombat Logic Correctness[2m > [22m[2mShould allow Goblin to target and damage a Farm
[22m[39m[Entity 0] CONSTRUCTOR START: type=building at 15,10
[Entity 0] Calling registerEntity...
[Entity 0] registerEntity returned.
[Entity 0] Calling updatePosition...
[Entity 0] updatePosition returned.
[Entity 1] CONSTRUCTOR START: type=goblin at 17,10
[Entity 1] Calling registerEntity...
[Entity 1] registerEntity returned.
[Entity 1] Calling updatePosition...
[Entity 1] updatePosition returned.
[DIAG] Actor Created ID: 1
[DIAG] Actor smartMove type: function
[DIAG] Actor smartMove body snapshot: smartMove(tx, tz, time, depth = 0) {
    if (isNaN(tx) || isNaN(tz)) {
      console.error(`[Actor $
[Test 2] targetBuilding: FOUND
[Building 0] takeDamage ENTER: amount=10, hp=80
[Building] farm(0) took 10 dmg. Pop: 0. Retaliation: 0
[Goblin 1] AttackBuilding Result - BldgType: farm, HP: 70, Pop: 0, isDestroyed: false 

[90mstdout[2m | src/tests/CombatLogic.test.js[2m > [22m[2mCombat Logic Correctness[2m > [22m[2mShould allow Goblin to destroy a Farm when HP is 0
[22m[39m[Entity 0] CONSTRUCTOR START: type=building at 20,10
[Entity 0] Calling registerEntity...
[Entity 0] registerEntity returned.
[Entity 0] Calling updatePosition...
[Entity 0] updatePosition returned.
[Entity 1] CONSTRUCTOR START: type=goblin at 21,10
[Entity 1] Calling registerEntity...
[Entity 1] registerEntity returned.
[Entity 1] Calling updatePosition...
[Entity 1] updatePosition returned.
[DIAG] Actor Created ID: 1
[DIAG] Actor smartMove type: function
[DIAG] Actor smartMove body snapshot: smartMove(tx, tz, time, depth = 0) {
    if (isNaN(tx) || isNaN(tz)) {
      console.error(`[Actor $
[Test 3] Calling attackBuilding... Goblin Damage: 10
[Building 0] takeDamage ENTER: amount=10, hp=5
[Building] farm(0) took 10 dmg. Pop: 0. Retaliation: 0
[Building 0] isDestroyed TRUE (HP: -5)
[Goblin 1] AttackBuilding Result - BldgType: farm, HP: -5, Pop: 0, isDestroyed: true 
[MockTerrain] removeBuilding start id=1
[MockTerrain] [C:1] Comparing 0 vs 0 -> Match: true
[MockTerrain] [C:1] removeBuilding idx: 0, total buildings: 1
[MockTerrain] [C:1] AFTER splice: 0
Goblin 1 destroyed farm !
[Test 3] Post-Attack HP: -5

 [32m笨・[39m src/tests/CombatLogic.test.js [2m([22m[2m3 tests[22m[2m)[22m[32m 54[2mms[22m[39m
[90mstdout[2m | src/tests/MovementExecution.test.js
[22m[39m[DEBUG] Actor.ts loaded

[90mstdout[2m | src/tests/MovementExecution.test.js[2m > [22m[2mMovement Execution under Pressure[2m > [22m[2mshould WAIT (return false) when pathfinding is throttled
[22m[39m[Entity 0] CONSTRUCTOR START: type=unit at 5,5
[Entity 0] Calling registerEntity...
[Entity 0] registerEntity returned.
[Entity 0] Calling updatePosition...
[Entity 0] updatePosition returned.
[DIAG] Actor Created ID: 0
[DIAG] Actor smartMove type: function
[DIAG] Actor smartMove body snapshot: smartMove(tx, tz, time, depth = 0) {
    if (isNaN(tx) || isNaN(tz)) {
      console.error(`[Actor $
[UnitCore.js] Unit Created ID:0 Role:worker Pos:5,5 Special:false
[Unit 0] State Change: None -> Wander
[UnitCore.js] Unit Created ID:0 Role:worker Pos:5,5
[UnitCore.js] Unit Construction Finished ID:0

[90mstdout[2m | src/tests/MovementExecution.test.js[2m > [22m[2mMovement Execution under Pressure[2m > [22m[2mshould WAIT (return false) when pathfinding is throttled
[22m[39m[Actor 1] Resetting Unreachable (Target changed or initializing)

[90mstdout[2m | src/tests/MovementExecution.test.js[2m > [22m[2mMovement Execution under Pressure[2m > [22m[2mshould WAIT (return false) when pathfinding budget is exhausted
[22m[39m[Entity 1] CONSTRUCTOR START: type=unit at 5,5
[Entity 1] Calling registerEntity...
[Entity 1] registerEntity returned.
[Entity 1] Calling updatePosition...
[Entity 1] updatePosition returned.
[DIAG] Actor Created ID: 1
[DIAG] Actor smartMove type: function
[DIAG] Actor smartMove body snapshot: smartMove(tx, tz, time, depth = 0) {
    if (isNaN(tx) || isNaN(tz)) {
      console.error(`[Actor $
[UnitCore.js] Unit Created ID:1 Role:worker Pos:5,5 Special:false
[UnitCore.js] Unit Created ID:1 Role:worker Pos:5,5
[UnitCore.js] Unit Construction Finished ID:1

[90mstdout[2m | src/tests/MovementExecution.test.js[2m > [22m[2mMovement Execution under Pressure[2m > [22m[2mshould WAIT (return false) when pathfinding budget is exhausted
[22m[39m[Actor 1] Resetting Unreachable (Target changed or initializing)

[90mstdout[2m | src/tests/MovementExecution.test.js[2m > [22m[2mMovement Execution under Pressure[2m > [22m[2mshould WAIT (return false) when pathfinding budget is exhausted
[22m[39m[Actor 1] Pathfinding SUCCESS: Got 1 nodes to 50,50
[Entity 1] startMove -> isMoving:true. Target:50,50 StartTime:100.0000

[90mstdout[2m | src/tests/MovementExecution.test.js[2m > [22m[2mMovement Execution under Pressure[2m > [22m[2mshould immediately trigger movement in Job if currently idle
[22m[39m[Entity 2] CONSTRUCTOR START: type=unit at 5,5
[Entity 2] Calling registerEntity...
[Entity 2] registerEntity returned.
[Entity 2] Calling updatePosition...
[Entity 2] updatePosition returned.
[DIAG] Actor Created ID: 2
[DIAG] Actor smartMove type: function
[DIAG] Actor smartMove body snapshot: smartMove(tx, tz, time, depth = 0) {
    if (isNaN(tx) || isNaN(tz)) {
      console.error(`[Actor $
[UnitCore.js] Unit Created ID:2 Role:worker Pos:5,5 Special:false
[UnitCore.js] Unit Created ID:2 Role:worker Pos:5,5
[UnitCore.js] Unit Construction Finished ID:2

[90mstdout[2m | src/tests/MovementExecution.test.js[2m > [22m[2mMovement Execution under Pressure[2m > [22m[2mshould immediately trigger movement in Job if currently idle
[22m[39m[Actor 1] Resetting Unreachable (Target changed or initializing)

[90mstdout[2m | src/tests/MovementExecution.test.js[2m > [22m[2mMovement Execution under Pressure[2m > [22m[2mshould immediately trigger movement in Job if currently idle
[22m[39m[Actor 1] Pathfinding SUCCESS: Got 1 nodes to 20,20
[Entity 1] startMove -> isMoving:true. Target:20,20 StartTime:100.0000

 [32m笨・[39m src/tests/MovementExecution.test.js [2m([22m[2m3 tests[22m[2m)[22m[32m 42[2mms[22m[39m
[90mstdout[2m | src/tests/VisualDebug.test.js
[22m[39m[DEBUG] Actor.ts loaded

 [31m笶ｯ[39m src/tests/VisualDebug.test.js [2m([22m[2m1 test[22m[2m | [22m[31m1 failed[39m[2m)[22m[32m 25[2mms[22m[39m
[31m     [31mﾃ・[31m should set SCALE > 0 for active units[39m[32m 20[2mms[22m[39m
[90mstdout[2m | src/tests/ManualBuild.test.js
[22m[39m[DEBUG] Actor.ts loaded

[90mstdout[2m | src/tests/ManualBuild.test.js
[22m[39m[DEBUG] Building.ts loaded

[90mstdout[2m | src/tests/ManualBuild.test.js
[22m[39m[DEBUG] Terrain.ts top-level load

[90mstdout[2m | src/tests/ManualBuild.test.js
[22m[39m[DEBUG] Goblin.ts loaded

[90mstdout[2m | src/tests/CombatFixes.test.js
[22m[39m[DEBUG] Actor.ts loaded

[90mstdout[2m | src/tests/GoblinRaidExpiry.test.js
[22m[39m[DEBUG] Actor.ts loaded

[90mstdout[2m | src/tests/ManualBuild.test.js
[22m[39m[Import Debug] Raid: function, Combat: function, Wander: function

[90mstdout[2m | src/tests/CombatFixes.test.js
[22m[39m[DEBUG] Goblin.ts loaded

[90mstdout[2m | src/tests/UnitSheepTargeting.test.js
[22m[39m[DEBUG] Actor.ts loaded

[90mstdout[2m | src/tests/CombatFixes.test.js
[22m[39m[Import Debug] Raid: function, Combat: function, Wander: function

[90mstdout[2m | src/tests/UnitWrapping.test.js
[22m[39m[DEBUG] Actor.ts loaded

[90mstdout[2m | src/tests/GoblinRaidExpiry.test.js
[22m[39m[DEBUG] Goblin.ts loaded

stderr | src/tests/CombatFixes.test.js > Combat and Logic Fixes > should find target goblin
[Entity 0] CONSTRUCTOR START: type=unit at 0,0
[Entity 0] Calling registerEntity...
[Entity 0] registerEntity returned.
[Entity 0] Calling updatePosition...
[Entity 0] updatePosition returned.
[DIAG] Actor Created ID: 0
[DIAG] Actor smartMove type: function
[DIAG] Actor smartMove body snapshot: smartMove(tx, tz, time, depth = 0) {
    if (isNaN(tx) || isNaN(tz)) {
      console.error(`[Actor $
[UnitCore.js] Unit Created ID:0 Role:knight Pos:0,0 Special:false
[Unit 0] State Change: None -> Wander
[UnitCore.js] Unit Created ID:0 Role:knight Pos:0,0
[UnitCore.js] Unit Construction Finished ID:0
DEBUG: Heights: 1 1
DEBUG: Distance: 10
[Unit 0] State Change: Wander -> Combat
[Unit 0] State Change: Combat -> Combat
DEBUG: Target Found: g1
DEBUG: Action: Chasing

[90mstdout[2m | src/tests/GoblinRaidExpiry.test.js
[22m[39m[Import Debug] Raid: function, Combat: function, Wander: function

 [32m笨・[39m src/tests/CombatFixes.test.js [2m([22m[2m1 test[22m[2m)[22m[32m 16[2mms[22m[39m
[90mstdout[2m | src/tests/ManualBuild.test.js
[22m[39m[DEBUG] Game.ts top-level load

[90mstdout[2m | src/tests/UnitSheepTargeting.test.js[2m > [22m[2mUnit Sheep Automated Targeting Verification[2m > [22m[2mshould automatically target a nearby sheep during self-defense scan
[22m[39m[Entity 0] CONSTRUCTOR START: type=unit at 5,5
[Entity 0] Calling registerEntity...
[Entity 0] registerEntity returned.
[Entity 0] Calling updatePosition...
[Entity 0] updatePosition returned.
[DIAG] Actor Created ID: 0
[DIAG] Actor smartMove type: function
[DIAG] Actor smartMove body snapshot: smartMove(tx, tz, time, depth = 0) {
    if (isNaN(tx) || isNaN(tz)) {
      console.error(`[Actor $
[UnitCore.js] Unit Created ID:0 Role:knight Pos:5,5 Special:false
[Unit 0] State Change: None -> Wander
[UnitCore.js] Unit Created ID:0 Role:knight Pos:5,5
[UnitCore.js] Unit Construction Finished ID:0
[Entity 1] CONSTRUCTOR START: type=sheep at 6,6
[Entity 1] Calling registerEntity...
[Entity 1] registerEntity returned.
[Entity 1] Calling updatePosition...
[Entity 1] updatePosition returned.
[DIAG] Actor Created ID: 1
[DIAG] Actor smartMove type: function
[DIAG] Actor smartMove body snapshot: smartMove(tx, tz, time, depth = 0) {
    if (isNaN(tx) || isNaN(tz)) {
      console.error(`[Actor $

[90mstdout[2m | src/tests/UnitSheepTargeting.test.js[2m > [22m[2mUnit Sheep Automated Targeting Verification[2m > [22m[2mshould prioritize Goblins over Sheep
[22m[39m[Entity 2] CONSTRUCTOR START: type=unit at 5,5
[Entity 2] Calling registerEntity...
[Entity 2] registerEntity returned.
[Entity 2] Calling updatePosition...
[Entity 2] updatePosition returned.
[DIAG] Actor Created ID: 2
[DIAG] Actor smartMove type: function
[DIAG] Actor smartMove body snapshot: smartMove(tx, tz, time, depth = 0) {
    if (isNaN(tx) || isNaN(tz)) {
      console.error(`[Actor $
[UnitCore.js] Unit Created ID:1 Role:knight Pos:5,5 Special:false
[UnitCore.js] Unit Created ID:1 Role:knight Pos:5,5
[UnitCore.js] Unit Construction Finished ID:1
[Entity 3] CONSTRUCTOR START: type=sheep at 6,6
[Entity 3] Calling registerEntity...
[Entity 3] registerEntity returned.
[Entity 3] Calling updatePosition...
[Entity 3] updatePosition returned.
[DIAG] Actor Created ID: 3
[DIAG] Actor smartMove type: function
[DIAG] Actor smartMove body snapshot: smartMove(tx, tz, time, depth = 0) {
    if (isNaN(tx) || isNaN(tz)) {
      console.error(`[Actor $
[DEBUG Unit 1] i=123 id=999 gx=5 gz=5 tGx=6 tGz=6 myCell=true gCell=true

[90mstdout[2m | src/tests/UnitSheepTargeting.test.js[2m > [22m[2mUnit Sheep Automated Targeting Verification[2m > [22m[2mshould engage in combat and grant meat reward automatically
[22m[39m[Entity 4] CONSTRUCTOR START: type=unit at 5,5
[Entity 4] Calling registerEntity...
[Entity 4] registerEntity returned.
[Entity 4] Calling updatePosition...
[Entity 4] updatePosition returned.
[DIAG] Actor Created ID: 4
[DIAG] Actor smartMove type: function
[DIAG] Actor smartMove body snapshot: smartMove(tx, tz, time, depth = 0) {
    if (isNaN(tx) || isNaN(tz)) {
      console.error(`[Actor $
[UnitCore.js] Unit Created ID:2 Role:knight Pos:5,5 Special:false
[UnitCore.js] Unit Created ID:2 Role:knight Pos:5,5
[UnitCore.js] Unit Construction Finished ID:2
[Entity 5] CONSTRUCTOR START: type=sheep at 5.5,5.5
[Entity 5] Calling registerEntity...
[Entity 5] registerEntity returned.
[Entity 5] Calling updatePosition...
[Entity 5] updatePosition returned.
[DIAG] Actor Created ID: 5
[DIAG] Actor smartMove type: function
[DIAG] Actor smartMove body snapshot: smartMove(tx, tz, time, depth = 0) {
    if (isNaN(tx) || isNaN(tz)) {
      console.error(`[Actor $

[90mstdout[2m | src/tests/UnitWrapping.test.js[2m > [22m[2mUnit Movement Wrapping[2m > [22m[2mshould move normally for short distances
[22m[39m[Entity 0] CONSTRUCTOR START: type=unit at 0,0
[Entity 0] Calling registerEntity...
[Entity 0] registerEntity returned.
[Entity 0] Calling updatePosition...
[Entity 0] updatePosition returned.
[DIAG] Actor Created ID: 0
[DIAG] Actor smartMove type: function
[DIAG] Actor smartMove body snapshot: smartMove(tx, tz, time, depth = 0) {
    if (isNaN(tx) || isNaN(tz)) {
      console.error(`[Actor $
[UnitCore.js] Unit Created ID:0 Role:worker Pos:0,0 Special:false
[Unit 0] State Change: None -> Wander
[UnitCore.js] Unit Created ID:0 Role:worker Pos:0,0
[UnitCore.js] Unit Construction Finished ID:0

[90mstdout[2m | src/tests/UnitWrapping.test.js[2m > [22m[2mUnit Movement Wrapping[2m > [22m[2mshould move normally for short distances
[22m[39m[Actor 0] Resetting Unreachable (Target changed or initializing)

[90mstdout[2m | src/tests/UnitWrapping.test.js[2m > [22m[2mUnit Movement Wrapping[2m > [22m[2mshould move normally for short distances
[22m[39m[Actor 0] Pathfinding SUCCESS: Got 2 nodes to 15,10
[Entity 0] startMove -> isMoving:true. Target:11,10 StartTime:1000.0000

[90mstdout[2m | src/tests/UnitWrapping.test.js[2m > [22m[2mUnit Movement Wrapping[2m > [22m[2mshould wrap LEFT if target is across right boundary
[22m[39m[Entity 1] CONSTRUCTOR START: type=unit at 0,0
[Entity 1] Calling registerEntity...
[Entity 1] registerEntity returned.
[Entity 1] Calling updatePosition...
[Entity 1] updatePosition returned.
[DIAG] Actor Created ID: 1
[DIAG] Actor smartMove type: function
[DIAG] Actor smartMove body snapshot: smartMove(tx, tz, time, depth = 0) {
    if (isNaN(tx) || isNaN(tz)) {
      console.error(`[Actor $
[UnitCore.js] Unit Created ID:1 Role:worker Pos:0,0 Special:false
[UnitCore.js] Unit Created ID:1 Role:worker Pos:0,0
[UnitCore.js] Unit Construction Finished ID:1

[90mstdout[2m | src/tests/UnitWrapping.test.js[2m > [22m[2mUnit Movement Wrapping[2m > [22m[2mshould wrap LEFT if target is across right boundary
[22m[39m[Actor 1] Resetting Unreachable (Target changed or initializing)

[90mstdout[2m | src/tests/UnitWrapping.test.js[2m > [22m[2mUnit Movement Wrapping[2m > [22m[2mshould wrap LEFT if target is across right boundary
[22m[39m[Actor 1] Pathfinding SUCCESS: Got 1 nodes to 70,10
[Entity 1] startMove -> isMoving:true. Target:70,10 StartTime:1000.0000

[90mstdout[2m | src/tests/UnitWrapping.test.js[2m > [22m[2mUnit Movement Wrapping[2m > [22m[2mshould wrap RIGHT if target is across left boundary
[22m[39m[Entity 2] CONSTRUCTOR START: type=unit at 0,0
[Entity 2] Calling registerEntity...
[Entity 2] registerEntity returned.
[Entity 2] Calling updatePosition...
[Entity 2] updatePosition returned.
[DIAG] Actor Created ID: 2
[DIAG] Actor smartMove type: function
[DIAG] Actor smartMove body snapshot: smartMove(tx, tz, time, depth = 0) {
    if (isNaN(tx) || isNaN(tz)) {
      console.error(`[Actor $
[UnitCore.js] Unit Created ID:2 Role:worker Pos:0,0 Special:false
[UnitCore.js] Unit Created ID:2 Role:worker Pos:0,0
[UnitCore.js] Unit Construction Finished ID:2

[90mstdout[2m | src/tests/UnitWrapping.test.js[2m > [22m[2mUnit Movement Wrapping[2m > [22m[2mshould wrap RIGHT if target is across left boundary
[22m[39m[Actor 2] Resetting Unreachable (Target changed or initializing)

[90mstdout[2m | src/tests/UnitWrapping.test.js[2m > [22m[2mUnit Movement Wrapping[2m > [22m[2mshould wrap RIGHT if target is across left boundary
[22m[39m[Actor 2] Pathfinding SUCCESS: Got 1 nodes to 10,10
[Entity 2] startMove -> isMoving:true. Target:10,10 StartTime:1000.0000

[90mstdout[2m | src/tests/UnitWrapping.test.js[2m > [22m[2mUnit Movement Wrapping[2m > [22m[2mshould handle Z axis wrapping
[22m[39m[Entity 3] CONSTRUCTOR START: type=unit at 0,0
[Entity 3] Calling registerEntity...
[Entity 3] registerEntity returned.
[Entity 3] Calling updatePosition...
[Entity 3] updatePosition returned.
[DIAG] Actor Created ID: 3
[DIAG] Actor smartMove type: function
[DIAG] Actor smartMove body snapshot: smartMove(tx, tz, time, depth = 0) {
    if (isNaN(tx) || isNaN(tz)) {
      console.error(`[Actor $
[UnitCore.js] Unit Created ID:3 Role:worker Pos:0,0 Special:false
[UnitCore.js] Unit Created ID:3 Role:worker Pos:0,0
[UnitCore.js] Unit Construction Finished ID:3

[90mstdout[2m | src/tests/UnitWrapping.test.js[2m > [22m[2mUnit Movement Wrapping[2m > [22m[2mshould handle Z axis wrapping
[22m[39m[Actor 3] Resetting Unreachable (Target changed or initializing)

[90mstdout[2m | src/tests/UnitWrapping.test.js[2m > [22m[2mUnit Movement Wrapping[2m > [22m[2mshould handle Z axis wrapping
[22m[39m[Actor 3] Pathfinding SUCCESS: Got 1 nodes to 10,70
[Entity 3] startMove -> isMoving:true. Target:10,70 StartTime:1000.0000

[90mstdout[2m | src/tests/ManualBuild.test.js[2m > [22m[2mManual Build Job Logic[2m > [22m[2mshould complete manual build job when arrived
[22m[39m[Entity 0] CONSTRUCTOR START: type=unit at 5,5
[Entity 0] Calling registerEntity...
[Entity 0] registerEntity returned.
[Entity 0] Calling updatePosition...
[Entity 0] updatePosition returned.
[DIAG] Actor Created ID: 0
[DIAG] Actor smartMove type: function
[DIAG] Actor smartMove body snapshot: smartMove(tx, tz, time, depth = 0) {
    if (isNaN(tx) || isNaN(tz)) {
      console.error(`[Actor $
[UnitCore.js] Unit Created ID:0 Role:worker Pos:5,5 Special:false
[Unit 0] State Change: None -> Wander
[UnitCore.js] Unit Created ID:0 Role:worker Pos:5,5
[UnitCore.js] Unit Construction Finished ID:0

[90mstdout[2m | src/tests/ManualBuild.test.js[2m > [22m[2mManual Build Job Logic[2m > [22m[2mshould complete manual build job when arrived
[22m[39m[Unit 0] State Change: Wander -> Job
[Actor 0] Resetting Unreachable (Target changed or initializing)
[Unit 0] State Change: Job -> Wander

[90mstdout[2m | src/tests/ManualBuild.test.js[2m > [22m[2mManual Build Job Logic[2m > [22m[2mshould NOT freeze if arrived but building fails
[22m[39mDisposing detached game instance

[90mstdout[2m | src/tests/ManualBuild.test.js[2m > [22m[2mManual Build Job Logic[2m > [22m[2mshould NOT freeze if arrived but building fails
[22m[39m[Entity 1] CONSTRUCTOR START: type=unit at 5,5
[Entity 1] Calling registerEntity...
[Entity 1] registerEntity returned.
[Entity 1] Calling updatePosition...
[Entity 1] updatePosition returned.
[DIAG] Actor Created ID: 1
[DIAG] Actor smartMove type: function
[DIAG] Actor smartMove body snapshot: smartMove(tx, tz, time, depth = 0) {
    if (isNaN(tx) || isNaN(tz)) {
      console.error(`[Actor $
[UnitCore.js] Unit Created ID:1 Role:worker Pos:5,5 Special:false
[UnitCore.js] Unit Created ID:1 Role:worker Pos:5,5
[UnitCore.js] Unit Construction Finished ID:1

[90mstdout[2m | src/tests/ManualBuild.test.js[2m > [22m[2mManual Build Job Logic[2m > [22m[2mshould NOT freeze if arrived but building fails
[22m[39m[Unit 0] State Change: Wander -> Job
[Actor 0] Resetting Unreachable (Target changed or initializing)
[Unit 0] State Change: Job -> Wander

[90mstdout[2m | src/tests/ManualBuild.test.js[2m > [22m[2mManual Build Job Logic[2m > [22m[2mshould handle "Arrived" logic transition
[22m[39mDisposing detached game instance

[90mstdout[2m | src/tests/ManualBuild.test.js[2m > [22m[2mManual Build Job Logic[2m > [22m[2mshould handle "Arrived" logic transition
[22m[39m[Entity 2] CONSTRUCTOR START: type=unit at 5,5
[Entity 2] Calling registerEntity...
[Entity 2] registerEntity returned.
[Entity 2] Calling updatePosition...
[Entity 2] updatePosition returned.
[DIAG] Actor Created ID: 2
[DIAG] Actor smartMove type: function
[DIAG] Actor smartMove body snapshot: smartMove(tx, tz, time, depth = 0) {
    if (isNaN(tx) || isNaN(tz)) {
      console.error(`[Actor $
[UnitCore.js] Unit Created ID:2 Role:worker Pos:5,5 Special:false
[UnitCore.js] Unit Created ID:2 Role:worker Pos:5,5
[UnitCore.js] Unit Construction Finished ID:2

[90mstdout[2m | src/tests/ManualBuild.test.js[2m > [22m[2mManual Build Job Logic[2m > [22m[2mshould handle "Arrived" logic transition
[22m[39m[Unit 0] State Change: Wander -> Job
[Actor 0] Resetting Unreachable (Target changed or initializing)
[Unit 0] State Change: Job -> Wander
[Unit 0] State Change: Wander -> Wander

[90mstdout[2m | src/tests/GoblinRaidExpiry.test.js[2m > [22m[2mGoblin Raid Expiry Persistence[2m > [22m[2mshould serialize and deserialize raidGoal timestamp
[22m[39m[GoblinManager] 5蛟九・豢樒ｪ溘ｒ逕滓・荳ｭ...
[GoblinManager] DETERMINISM: generateCaves start. rngState=undefined
[GoblinManager] DETERMINISM: Attempt 1: Rnd(0.282113, 0.763675) -> Grid(28, 76) rngState=undefined
GoblinManager: Cave registered at 28,76 
[GoblinManager] DETERMINISM: Attempt 2: Rnd(0.595299, 0.494341) -> Grid(59, 49) rngState=undefined
GoblinManager: Cave registered at 59,49 
[GoblinManager] DETERMINISM: Attempt 3: Rnd(0.141571, 0.454045) -> Grid(14, 45) rngState=undefined
GoblinManager: Cave registered at 14,45 
GoblinManager: Cave registered at 45,56 
GoblinManager: Cave registered at 4,8 
[GoblinManager] 豢樒ｪ溽函謌仙ｮ御ｺ・ 5/5 (隧ｦ陦悟屓謨ｰ: 5)
GoblinManager: Force spawning Debug Goblin

[90mstdout[2m | src/tests/GoblinRaidExpiry.test.js[2m > [22m[2mGoblin Raid Expiry Persistence[2m > [22m[2mshould serialize and deserialize raidGoal timestamp
[22m[39m[Entity 0] CONSTRUCTOR START: type=goblin at 10,10
[Entity 0] Calling registerEntity...
[Entity 0] registerEntity returned.
[Entity 0] Calling updatePosition...
[Entity 0] updatePosition returned.
[DIAG] Actor Created ID: 0
[DIAG] Actor smartMove type: function
[DIAG] Actor smartMove body snapshot: smartMove(tx, tz, time, depth = 0) {
    if (isNaN(tx) || isNaN(tz)) {
      console.error(`[Actor $
[Actor 0] CHANGE STATE: None -> Wander Request:null 
[GoblinManager] 5蛟九・豢樒ｪ溘ｒ逕滓・荳ｭ...
[GoblinManager] DETERMINISM: generateCaves start. rngState=undefined
[GoblinManager] DETERMINISM: Attempt 1: Rnd(0.620408, 0.363072) -> Grid(62, 36) rngState=undefined
GoblinManager: Cave registered at 62,36 
[GoblinManager] DETERMINISM: Attempt 2: Rnd(0.961886, 0.407345) -> Grid(96, 40) rngState=undefined
GoblinManager: Cave registered at 96,40 
[GoblinManager] DETERMINISM: Attempt 3: Rnd(0.786336, 0.364108) -> Grid(78, 36) rngState=undefined
GoblinManager: Cave registered at 78,36 
GoblinManager: Cave registered at 57,81 
GoblinManager: Cave registered at 42,99 
[GoblinManager] 豢樒ｪ溽函謌仙ｮ御ｺ・ 5/5 (隧ｦ陦悟屓謨ｰ: 5)
GoblinManager: Force spawning Debug Goblin
GoblinManager: Deserializing...
[Entity 1] CONSTRUCTOR START: type=goblin at 10,10
[Entity 1] Calling registerEntity...
[Entity 1] registerEntity returned.
[Entity 1] Calling updatePosition...
[Entity 1] updatePosition returned.
[DIAG] Actor Created ID: 1
[DIAG] Actor smartMove type: function
[DIAG] Actor smartMove body snapshot: smartMove(tx, tz, time, depth = 0) {
    if (isNaN(tx) || isNaN(tz)) {
      console.error(`[Actor $
GoblinManager: Restored 1 goblins.

[90mstdout[2m | src/tests/GoblinRaidExpiry.test.js[2m > [22m[2mGoblin Raid Expiry Persistence[2m > [22m[2mshould expire RaidState after load if timestamp is preserved
[22m[39mDisposing detached game instance

[90mstdout[2m | src/tests/GoblinRaidExpiry.test.js[2m > [22m[2mGoblin Raid Expiry Persistence[2m > [22m[2mshould expire RaidState after load if timestamp is preserved
[22m[39m[GoblinManager] 5蛟九・豢樒ｪ溘ｒ逕滓・荳ｭ...
[GoblinManager] DETERMINISM: generateCaves start. rngState=undefined
[GoblinManager] DETERMINISM: Attempt 1: Rnd(0.019155, 0.695588) -> Grid(1, 69) rngState=undefined
GoblinManager: Cave registered at 1,69 
[GoblinManager] DETERMINISM: Attempt 2: Rnd(0.762804, 0.148381) -> Grid(76, 14) rngState=undefined
GoblinManager: Cave registered at 76,14 
[GoblinManager] DETERMINISM: Attempt 3: Rnd(0.032351, 0.972714) -> Grid(3, 97) rngState=undefined
GoblinManager: Cave registered at 3,97 
GoblinManager: Cave registered at 37,29 
GoblinManager: Cave registered at 5,5 
[GoblinManager] 豢樒ｪ溽函謌仙ｮ御ｺ・ 5/5 (隧ｦ陦悟屓謨ｰ: 5)
GoblinManager: Force spawning Debug Goblin

[90mstdout[2m | src/tests/GoblinRaidExpiry.test.js[2m > [22m[2mGoblin Raid Expiry Persistence[2m > [22m[2mshould expire RaidState after load if timestamp is preserved
[22m[39mGoblinManager: Deserializing...
[Entity 2] CONSTRUCTOR START: type=goblin at 10,10
[Entity 2] Calling registerEntity...
[Entity 2] registerEntity returned.
[Entity 2] Calling updatePosition...
[Entity 2] updatePosition returned.
[DIAG] Actor Created ID: 2
[DIAG] Actor smartMove type: function
[DIAG] Actor smartMove body snapshot: smartMove(tx, tz, time, depth = 0) {
    if (isNaN(tx) || isNaN(tz)) {
      console.error(`[Actor $
GoblinManager: Restored 1 goblins.

 [32m笨・[39m src/tests/UnitSheepTargeting.test.js [2m([22m[2m3 tests[22m[2m)[22m[32m 42[2mms[22m[39m
 [32m笨・[39m src/tests/GoblinRaidExpiry.test.js [2m([22m[2m2 tests[22m[2m)[22m[32m 36[2mms[22m[39m
 [32m笨・[39m src/tests/UnitWrapping.test.js [2m([22m[2m4 tests[22m[2m)[22m[32m 47[2mms[22m[39m
 [32m笨・[39m src/tests/ManualBuild.test.js [2m([22m[2m3 tests[22m[2m)[22m[32m 21[2mms[22m[39m
[90mstdout[2m | src/tests/InterruptResume.test.js
[22m[39m[DEBUG] Actor.ts loaded

Cannot parse C:/Users/mooya/develop/test/src/tests/StuckReassignment.test.js:
Return statement is not allowed here.
Cannot parse C:/Users/mooya/develop/test/src/tests/JobReassignment.test.js:
Return statement is not allowed here.
[90mstdout[2m | src/tests/InterruptResume.test.js
[22m[39m[DEBUG] Building.ts loaded

[90mstdout[2m | src/tests/InterruptResume.test.js
[22m[39m[DEBUG] Terrain.ts top-level load

[90mstdout[2m | src/tests/InterruptResume.test.js[2m > [22m[2mUnit Interrupt and Resume[2m > [22m[2mshould return to previous movement target after finishing a job
[22m[39m[Entity 0] CONSTRUCTOR START: type=unit at 10,10
[Entity 0] Calling registerEntity...
[Entity 0] registerEntity returned.
[Entity 0] Calling updatePosition...
[Entity 0] updatePosition returned.
[DIAG] Actor Created ID: 0
[DIAG] Actor smartMove type: function
[DIAG] Actor smartMove body snapshot: smartMove(tx, tz, time, depth = 0) {
    if (isNaN(tx) || isNaN(tz)) {
      console.error(`[Actor $
[UnitCore.js] Unit Created ID:0 Role:worker Pos:10,10 Special:false
[Unit 0] State Change: None -> Wander
[UnitCore.js] Unit Created ID:0 Role:worker Pos:10,10
[UnitCore.js] Unit Construction Finished ID:0

[90mstdout[2m | src/tests/InterruptResume.test.js[2m > [22m[2mUnit Interrupt and Resume[2m > [22m[2mshould return to previous movement target after finishing a job
[22m[39m[Actor 1] Resetting Unreachable (Target changed or initializing)

[90mstdout[2m | src/tests/InterruptResume.test.js[2m > [22m[2mUnit Interrupt and Resume[2m > [22m[2mshould return to previous movement target after finishing a job
[22m[39m[Actor 1] Pathfinding SUCCESS: Got 2 nodes to 80,80
[Entity 1] startMove -> isMoving:true. Target:80,80 StartTime:100.0000

[90mstdout[2m | src/tests/InterruptResume.test.js[2m > [22m[2mUnit Interrupt and Resume[2m > [22m[2mshould return to previous movement target after finishing a job
[22m[39m[Actor 1] Resetting Unreachable (Target changed or initializing)
[Actor 1] Resetting Unreachable (Target changed or initializing)

[90mstdout[2m | src/tests/InterruptResume.test.js[2m > [22m[2mUnit Interrupt and Resume[2m > [22m[2mshould return to previous movement target after finishing a job
[22m[39m[Actor 1] Pathfinding SUCCESS: Got 2 nodes to 80,80
[Entity 1] startMove -> isMoving:true. Target:80,80 StartTime:200.0000

[90mstdout[2m | src/tests/InterruptResume.test.js[2m > [22m[2mUnit Interrupt and Resume[2m > [22m[2mshould resume MIGRATION after Combat interruption
[22m[39mDisposing detached game instance

[90mstdout[2m | src/tests/InterruptResume.test.js[2m > [22m[2mUnit Interrupt and Resume[2m > [22m[2mshould resume MIGRATION after Combat interruption
[22m[39m[Entity 1] CONSTRUCTOR START: type=unit at 10,10
[Entity 1] Calling registerEntity...
[Entity 1] registerEntity returned.
[Entity 1] Calling updatePosition...
[Entity 1] updatePosition returned.
[DIAG] Actor Created ID: 1
[DIAG] Actor smartMove type: function
[DIAG] Actor smartMove body snapshot: smartMove(tx, tz, time, depth = 0) {
    if (isNaN(tx) || isNaN(tz)) {
      console.error(`[Actor $
[UnitCore.js] Unit Created ID:1 Role:worker Pos:10,10 Special:false
[UnitCore.js] Unit Created ID:1 Role:worker Pos:10,10
[UnitCore.js] Unit Construction Finished ID:1

 [32m笨・[39m src/tests/InterruptResume.test.js [2m([22m[2m2 tests[22m[2m)[22m[32m 62[2mms[22m[39m
[90mstdout[2m | src/tests/AIUnification.test.js
[22m[39m[DEBUG] Actor.ts loaded

[90mstdout[2m | src/tests/ManaSystem.test.js
[22m[39m[DEBUG] Building.ts loaded

[90mstdout[2m | src/tests/ManaSystem.test.js
[22m[39m[DEBUG] Terrain.ts top-level load

[90mstdout[2m | src/tests/AIUnification.test.js
[22m[39m[DEBUG] Goblin.ts loaded

[90mstdout[2m | src/tests/ManaSystem.test.js
[22m[39m[DEBUG] Actor.ts loaded

[90mstdout[2m | src/tests/AIUnification.test.js[2m > [22m[2mAI Unification & Tooltip Format[2m > [22m[2mshould show Moving action for both Human and Goblin when isMoving is true
[22m[39m[Entity 0] CONSTRUCTOR START: type=unit at 10,10
[Entity 0] Calling registerEntity...
[Entity 0] registerEntity returned.
[Entity 0] Calling updatePosition...
[Entity 0] updatePosition returned.
[DIAG] Actor Created ID: 0
[DIAG] Actor smartMove type: function
[DIAG] Actor smartMove body snapshot: smartMove(tx, tz, time, depth = 0) {
    if (isNaN(tx) || isNaN(tz)) {
      console.error(`[Actor $
[UnitCore.js] Unit Created ID:0 Role:worker Pos:10,10 Special:false
[Unit 0] State Change: None -> Wander
[UnitCore.js] Unit Created ID:0 Role:worker Pos:10,10
[UnitCore.js] Unit Construction Finished ID:0
[Entity 1] CONSTRUCTOR START: type=goblin at 20,20
[Entity 1] Calling registerEntity...
[Entity 1] registerEntity returned.
[Entity 1] Calling updatePosition...
[Entity 1] updatePosition returned.
[DIAG] Actor Created ID: 1
[DIAG] Actor smartMove type: function
[DIAG] Actor smartMove body snapshot: smartMove(tx, tz, time, depth = 0) {
    if (isNaN(tx) || isNaN(tz)) {
      console.error(`[Actor $

[90mstdout[2m | src/tests/AIUnification.test.js[2m > [22m[2mAI Unification & Tooltip Format[2m > [22m[2mshould show Building action for both Human and Goblin in Build state
[22m[39mDisposing detached game instance

[90mstdout[2m | src/tests/AIUnification.test.js[2m > [22m[2mAI Unification & Tooltip Format[2m > [22m[2mshould show Building action for both Human and Goblin in Build state
[22m[39m[Entity 2] CONSTRUCTOR START: type=unit at 10,10
[Entity 2] Calling registerEntity...
[Entity 2] registerEntity returned.
[Entity 2] Calling updatePosition...
[Entity 2] updatePosition returned.
[DIAG] Actor Created ID: 2
[DIAG] Actor smartMove type: function
[DIAG] Actor smartMove body snapshot: smartMove(tx, tz, time, depth = 0) {
    if (isNaN(tx) || isNaN(tz)) {
      console.error(`[Actor $
[UnitCore.js] Unit Created ID:1 Role:worker Pos:10,10 Special:false
[UnitCore.js] Unit Created ID:1 Role:worker Pos:10,10
[UnitCore.js] Unit Construction Finished ID:1
[Entity 3] CONSTRUCTOR START: type=goblin at 20,20
[Entity 3] Calling registerEntity...
[Entity 3] registerEntity returned.
[Entity 3] Calling updatePosition...
[Entity 3] updatePosition returned.
[DIAG] Actor Created ID: 3
[DIAG] Actor smartMove type: function
[DIAG] Actor smartMove body snapshot: smartMove(tx, tz, time, depth = 0) {
    if (isNaN(tx) || isNaN(tz)) {
      console.error(`[Actor $

[90mstdout[2m | src/tests/AIUnification.test.js[2m > [22m[2mAI Unification & Tooltip Format[2m > [22m[2mshould have consistent tooltip data structure (id, name, action, hp, level)
[22m[39mDisposing detached game instance

[90mstdout[2m | src/tests/AIUnification.test.js[2m > [22m[2mAI Unification & Tooltip Format[2m > [22m[2mshould have consistent tooltip data structure (id, name, action, hp, level)
[22m[39m[Entity 4] CONSTRUCTOR START: type=unit at 10,10
[Entity 4] Calling registerEntity...
[Entity 4] registerEntity returned.
[Entity 4] Calling updatePosition...
[Entity 4] updatePosition returned.
[DIAG] Actor Created ID: 4
[DIAG] Actor smartMove type: function
[DIAG] Actor smartMove body snapshot: smartMove(tx, tz, time, depth = 0) {
    if (isNaN(tx) || isNaN(tz)) {
      console.error(`[Actor $
[UnitCore.js] Unit Created ID:2 Role:worker Pos:10,10 Special:false
[UnitCore.js] Unit Created ID:2 Role:worker Pos:10,10
[UnitCore.js] Unit Construction Finished ID:2

 [32m笨・[39m src/tests/AIUnification.test.js [2m([22m[2m3 tests[22m[2m)[22m[32m 22[2mms[22m[39m
[90mstdout[2m | src/tests/ManaSystem.test.js
[22m[39m[DEBUG] Goblin.ts loaded

[90mstdout[2m | src/tests/ManaSystem.test.js
[22m[39m[Import Debug] Raid: function, Combat: function, Wander: function

[90mstdout[2m | src/tests/ManaSystem.test.js
[22m[39m[DEBUG] Game.ts top-level load

[90mstdout[2m | src/tests/ManaSystem.test.js[2m > [22m[2mMana System[2m > [22m[2mshould block actions when mana is negative
[22m[39mDisposing detached game instance

[90mstdout[2m | src/tests/ManaSystem.test.js[2m > [22m[2mMana System[2m > [22m[2mInputManager Integration[2m > [22m[2mshould consume mana on raise terrain
[22m[39m[Input] handleInteraction Button:0
[Input] Request Queued: Raise at 0,0

stderr | src/tests/ManaSystem.test.js > Mana System > InputManager Integration > should consume mana on raise terrain
THREE.Raycaster: Unsupported camera type: undefined
THREE.Raycaster: Unsupported camera type: undefined

[90mstdout[2m | src/tests/ManaSystem.test.js[2m > [22m[2mMana System[2m > [22m[2mInputManager Integration[2m > [22m[2mshould block raise terrain if mana is negative
[22m[39m[Input] handleInteraction Button:0

stderr | src/tests/ManaSystem.test.js > Mana System > InputManager Integration > should block raise terrain if mana is negative
THREE.Raycaster: Unsupported camera type: undefined
Action Blocked: Not enough Mana (Negative)

 [32m笨・[39m src/tests/ManaSystem.test.js [2m([22m[2m5 tests[22m[2m)[22m[32m 16[2mms[22m[39m
[90mstdout[2m | src/tests/NightMovement.test.js
[22m[39m[DEBUG] Actor.ts loaded

[90mstdout[2m | src/tests/NightMovement.test.js[2m > [22m[2mNight Movement and Sleep State[2m > [22m[2mshould transition from WanderState to Sleep at night
[22m[39m[Entity 0] CONSTRUCTOR START: type=unit at 10,10
[Entity 0] Calling registerEntity...
[Entity 0] registerEntity returned.
[Entity 0] Calling updatePosition...
[Entity 0] updatePosition returned.
[DIAG] Actor Created ID: 0
[DIAG] Actor smartMove type: function
[DIAG] Actor smartMove body snapshot: smartMove(tx, tz, time, depth = 0) {
    if (isNaN(tx) || isNaN(tz)) {
      console.error(`[Actor $
[UnitCore.js] Unit Created ID:0 Role:worker Pos:10,10 Special:false
[Unit 0] State Change: None -> Wander
[UnitCore.js] Unit Created ID:0 Role:worker Pos:10,10
[UnitCore.js] Unit Construction Finished ID:0

[90mstdout[2m | src/tests/NightMovement.test.js[2m > [22m[2mNight Movement and Sleep State[2m > [22m[2mshould remain in Sleep if isNight persists
[22m[39mDisposing detached game instance

[90mstdout[2m | src/tests/NightMovement.test.js[2m > [22m[2mNight Movement and Sleep State[2m > [22m[2mshould remain in Sleep if isNight persists
[22m[39m[Entity 1] CONSTRUCTOR START: type=unit at 10,10
[Entity 1] Calling registerEntity...
[Entity 1] registerEntity returned.
[Entity 1] Calling updatePosition...
[Entity 1] updatePosition returned.
[DIAG] Actor Created ID: 1
[DIAG] Actor smartMove type: function
[DIAG] Actor smartMove body snapshot: smartMove(tx, tz, time, depth = 0) {
    if (isNaN(tx) || isNaN(tz)) {
      console.error(`[Actor $
[UnitCore.js] Unit Created ID:1 Role:worker Pos:10,10 Special:false
[UnitCore.js] Unit Created ID:1 Role:worker Pos:10,10
[UnitCore.js] Unit Construction Finished ID:1

[90mstdout[2m | src/tests/NightMovement.test.js[2m > [22m[2mNight Movement and Sleep State[2m > [22m[2mshould transition back to WanderState when it becomes day
[22m[39mDisposing detached game instance

[90mstdout[2m | src/tests/NightMovement.test.js[2m > [22m[2mNight Movement and Sleep State[2m > [22m[2mshould transition back to WanderState when it becomes day
[22m[39m[Entity 2] CONSTRUCTOR START: type=unit at 10,10
[Entity 2] Calling registerEntity...
[Entity 2] registerEntity returned.
[Entity 2] Calling updatePosition...
[Entity 2] updatePosition returned.
[DIAG] Actor Created ID: 2
[DIAG] Actor smartMove type: function
[DIAG] Actor smartMove body snapshot: smartMove(tx, tz, time, depth = 0) {
    if (isNaN(tx) || isNaN(tz)) {
      console.error(`[Actor $
[UnitCore.js] Unit Created ID:2 Role:worker Pos:10,10 Special:false
[UnitCore.js] Unit Created ID:2 Role:worker Pos:10,10
[UnitCore.js] Unit Construction Finished ID:2

[90mstdout[2m | src/tests/NightMovement.test.js[2m > [22m[2mNight Movement and Sleep State[2m > [22m[2mshould move towards shelter when in Sleep
[22m[39mDisposing detached game instance

[90mstdout[2m | src/tests/TargetingPriority.test.js
[22m[39m[DEBUG] Actor.ts loaded

[90mstdout[2m | src/tests/NightMovement.test.js[2m > [22m[2mNight Movement and Sleep State[2m > [22m[2mshould move towards shelter when in Sleep
[22m[39m[Entity 3] CONSTRUCTOR START: type=unit at 10,10
[Entity 3] Calling registerEntity...
[Entity 3] registerEntity returned.
[Entity 3] Calling updatePosition...
[Entity 3] updatePosition returned.
[DIAG] Actor Created ID: 3
[DIAG] Actor smartMove type: function
[DIAG] Actor smartMove body snapshot: smartMove(tx, tz, time, depth = 0) {
    if (isNaN(tx) || isNaN(tz)) {
      console.error(`[Actor $
[UnitCore.js] Unit Created ID:3 Role:worker Pos:10,10 Special:false
[UnitCore.js] Unit Created ID:3 Role:worker Pos:10,10
[UnitCore.js] Unit Construction Finished ID:3

[90mstdout[2m | src/tests/NightMovement.test.js[2m > [22m[2mNight Movement and Sleep State[2m > [22m[2mshould move towards shelter when in Sleep
[22m[39m[Actor 1] Resetting Unreachable (Target changed or initializing)

[90mstdout[2m | src/tests/NightMovement.test.js[2m > [22m[2mNight Movement and Sleep State[2m > [22m[2mshould move towards shelter when in Sleep
[22m[39m[Actor 1] Pathfinding SUCCESS: Got 1 nodes to 20,20
[Entity 1] startMove -> isMoving:true. Target:20,20 StartTime:101.0000

 [32m笨・[39m src/tests/NightMovement.test.js [2m([22m[2m4 tests[22m[2m)[22m[32m 44[2mms[22m[39m
[90mstdout[2m | src/tests/WorkerOscillation.test.js
[22m[39m[DEBUG] Actor.ts loaded

[90mstdout[2m | src/tests/TargetingPriority.test.js
[22m[39m[DEBUG] Building.ts loaded

[90mstdout[2m | src/tests/TargetingPriority.test.js
[22m[39m[DEBUG] Terrain.ts top-level load

[90mstdout[2m | src/tests/WorkerOscillation.test.js[2m > [22m[2mWorker Oscillation Debug[2m > [22m[2mshould blacklist unreachable jobs and NOT pick them up immediately
[22m[39m[Entity 0] CONSTRUCTOR START: type=unit at 10,10
[Entity 0] Calling updatePosition...
[Entity 0] updatePosition returned.
[DIAG] Actor Created ID: 0
[DIAG] Actor smartMove type: function
[DIAG] Actor smartMove body snapshot: smartMove(tx, tz, time, depth = 0) {
    if (isNaN(tx) || isNaN(tz)) {
      console.error(`[Actor $
[UnitCore.js] Unit Created ID:0 Role:worker Pos:10,10 Special:false
[Unit 0] State Change: None -> Wander
[UnitCore.js] Unit Created ID:0 Role:worker Pos:10,10
[UnitCore.js] Unit Construction Finished ID:0

[90mstdout[2m | src/tests/TargetingPriority.test.js[2m > [22m[2mUnit Targeting Priority[2m > [22m[2mshould prioritize Goblin if it is much closer than Building
[22m[39m[Entity 0] CONSTRUCTOR START: type=unit at 0,0
[Entity 0] Calling registerEntity...
[Entity 0] registerEntity returned.
[Entity 0] Calling updatePosition...
[Entity 0] updatePosition returned.
[DIAG] Actor Created ID: 0
[DIAG] Actor smartMove type: function
[DIAG] Actor smartMove body snapshot: smartMove(tx, tz, time, depth = 0) {
    if (isNaN(tx) || isNaN(tz)) {
      console.error(`[Actor $
[UnitCore.js] Unit Created ID:0 Role:knight Pos:0,0 Special:false
[Unit 0] State Change: None -> Wander
[UnitCore.js] Unit Created ID:0 Role:knight Pos:0,0
[UnitCore.js] Unit Construction Finished ID:0

[90mstdout[2m | src/tests/TargetingPriority.test.js[2m > [22m[2mUnit Targeting Priority[2m > [22m[2mshould prioritize Goblin if it is much closer than Building
[22m[39m[Unit 0] State Change: Wander -> Combat
[Unit 0] State Change: Combat -> Combat

[90mstdout[2m | src/tests/TargetingPriority.test.js[2m > [22m[2mUnit Targeting Priority[2m > [22m[2mshould prioritize Building if distances are very close (Siege Mode)
[22m[39mDisposing detached game instance

[90mstdout[2m | src/tests/WorkerOscillation.test.js[2m > [22m[2mWorker Oscillation Debug[2m > [22m[2mshould blacklist unreachable jobs and NOT pick them up immediately
[22m[39m[Actor 1] Resetting Unreachable (Target changed or initializing)

stderr | src/tests/WorkerOscillation.test.js > Worker Oscillation Debug > should blacklist unreachable jobs and NOT pick them up immediately
[Actor 1] Pathfinding FAILED: Empty/Short path returned. Current Pos: 10,10 -> Target: 50,50 Len:0 Short:false

[90mstdout[2m | src/tests/WorkerOscillation.test.js[2m > [22m[2mWorker Oscillation Debug[2m > [22m[2mshould blacklist unreachable jobs and NOT pick them up immediately
[22m[39m[TestDebug] State:Wander Unreach:false Wait:false

stderr | src/tests/WorkerOscillation.test.js > Worker Oscillation Debug > should blacklist unreachable jobs and NOT pick them up immediately
[JobState] DIAG: Job Abort Unreachable. Unit:1 moveStarted=false, isU=true, isW=false, distSq=3200.0
[JobState] Job Abandoned: Unreachable. ReqID:101

[90mstdout[2m | src/tests/WorkerOscillation.test.js[2m > [22m[2mWorker Oscillation Debug[2m > [22m[2mshould NOT oscillate (Ping Pong) between Job and Idle
[22m[39m[Entity 1] CONSTRUCTOR START: type=unit at 10,10
[Entity 1] Calling updatePosition...
[Entity 1] updatePosition returned.
[DIAG] Actor Created ID: 1
[DIAG] Actor smartMove type: function
[DIAG] Actor smartMove body snapshot: smartMove(tx, tz, time, depth = 0) {
    if (isNaN(tx) || isNaN(tz)) {
      console.error(`[Actor $
[UnitCore.js] Unit Created ID:1 Role:worker Pos:10,10 Special:false
[UnitCore.js] Unit Created ID:1 Role:worker Pos:10,10
[UnitCore.js] Unit Construction Finished ID:1

[90mstdout[2m | src/tests/WorkerOscillation.test.js[2m > [22m[2mWorker Oscillation Debug[2m > [22m[2mshould NOT oscillate (Ping Pong) between Job and Idle
[22m[39m[Actor 1] Resetting Unreachable (Target changed or initializing)

stderr | src/tests/WorkerOscillation.test.js > Worker Oscillation Debug > should NOT oscillate (Ping Pong) between Job and Idle
[Actor 1] Pathfinding FAILED: Empty/Short path returned. Current Pos: 10,10 -> Target: 50,50 Len:0 Short:false

stderr | src/tests/WorkerOscillation.test.js > Worker Oscillation Debug > should NOT oscillate (Ping Pong) between Job and Idle
[JobState] DIAG: Job Abort Unreachable. Unit:1 moveStarted=false, isU=true, isW=false, distSq=3200.0
[JobState] Job Abandoned: Unreachable. ReqID:102

 [32m笨・[39m src/tests/WorkerOscillation.test.js [2m([22m[2m2 tests[22m[2m)[22m[32m 55[2mms[22m[39m
[90mstdout[2m | src/tests/TargetingPriority.test.js[2m > [22m[2mUnit Targeting Priority[2m > [22m[2mshould prioritize Building if distances are very close (Siege Mode)
[22m[39m[Entity 1] CONSTRUCTOR START: type=unit at 0,0
[Entity 1] Calling registerEntity...
[Entity 1] registerEntity returned.
[Entity 1] Calling updatePosition...
[Entity 1] updatePosition returned.
[DIAG] Actor Created ID: 1
[DIAG] Actor smartMove type: function
[DIAG] Actor smartMove body snapshot: smartMove(tx, tz, time, depth = 0) {
    if (isNaN(tx) || isNaN(tz)) {
      console.error(`[Actor $
[UnitCore.js] Unit Created ID:1 Role:knight Pos:0,0 Special:false
[UnitCore.js] Unit Created ID:1 Role:knight Pos:0,0
[UnitCore.js] Unit Construction Finished ID:1

[90mstdout[2m | src/tests/TargetingPriority.test.js[2m > [22m[2mUnit Targeting Priority[2m > [22m[2mshould prioritize Building if distances are very close (Siege Mode)
[22m[39m[Entity 2] CONSTRUCTOR START: type=unit at 0,0
[Entity 2] Calling registerEntity...
[Entity 2] registerEntity returned.
[Entity 2] Calling updatePosition...
[Entity 2] updatePosition returned.
[DIAG] Actor Created ID: 2
[DIAG] Actor smartMove type: function
[DIAG] Actor smartMove body snapshot: smartMove(tx, tz, time, depth = 0) {
    if (isNaN(tx) || isNaN(tz)) {
      console.error(`[Actor $
[UnitCore.js] Unit Created ID:2 Role:knight Pos:0,0 Special:false
[UnitCore.js] Unit Created ID:2 Role:knight Pos:0,0
[UnitCore.js] Unit Construction Finished ID:2
[Actor 2] Resetting Unreachable (Target changed or initializing)
[Actor 2] Resetting Unreachable (Target changed or initializing)
[Actor 2] Resetting Unreachable (Target changed or initializing)
[Actor 2] Resetting Unreachable (Target changed or initializing)
[Actor 2] Resetting Unreachable (Target changed or initializing)
[Actor 2] Resetting Unreachable (Target changed or initializing)
[Actor 2] Resetting Unreachable (Target changed or initializing)
[Actor 2] Resetting Unreachable (Target changed or initializing)
[Actor 2] Pathfinding SUCCESS: Got 1 nodes to 7,0
[Actor 2] Resetting Unreachable (Target changed or initializing)

[90mstdout[2m | src/tests/TargetingPriority.test.js[2m > [22m[2mUnit Targeting Priority[2m > [22m[2mshould prioritize Building if distances are very close (Siege Mode)
[22m[39m[Actor 2] Pathfinding SUCCESS: Got 1 nodes to 7,0
[Actor 2] Resetting Unreachable (Target changed or initializing)

[90mstdout[2m | src/tests/TargetingPriority.test.js[2m > [22m[2mUnit Targeting Priority[2m > [22m[2mshould prioritize Building if distances are very close (Siege Mode)
[22m[39m[Actor 2] Pathfinding SUCCESS: Got 1 nodes to 7,0
[Actor 2] Resetting Unreachable (Target changed or initializing)

[90mstdout[2m | src/tests/TargetingPriority.test.js[2m > [22m[2mUnit Targeting Priority[2m > [22m[2mshould prioritize Building if distances are very close (Siege Mode)
[22m[39m[Actor 2] Pathfinding SUCCESS: Got 1 nodes to 7,0
[Actor 2] Resetting Unreachable (Target changed or initializing)

[90mstdout[2m | src/tests/TargetingPriority.test.js[2m > [22m[2mUnit Targeting Priority[2m > [22m[2mshould prioritize Building if distances are very close (Siege Mode)
[22m[39m[Actor 2] Pathfinding SUCCESS: Got 1 nodes to 7,0
[Actor 2] Resetting Unreachable (Target changed or initializing)

[90mstdout[2m | src/tests/TargetingPriority.test.js[2m > [22m[2mUnit Targeting Priority[2m > [22m[2mshould prioritize Building if distances are very close (Siege Mode)
[22m[39m[Actor 2] Pathfinding SUCCESS: Got 1 nodes to 7,0
[Actor 2] Resetting Unreachable (Target changed or initializing)

[90mstdout[2m | src/tests/TargetingPriority.test.js[2m > [22m[2mUnit Targeting Priority[2m > [22m[2mshould NOT auto-target distant Huts (Workers are passive)
[22m[39mDisposing detached game instance

[90mstdout[2m | src/tests/TargetingPriority.test.js[2m > [22m[2mUnit Targeting Priority[2m > [22m[2mshould NOT auto-target distant Huts (Workers are passive)
[22m[39m[Entity 3] CONSTRUCTOR START: type=unit at 0,0
[Entity 3] Calling registerEntity...
[Entity 3] registerEntity returned.
[Entity 3] Calling updatePosition...
[Entity 3] updatePosition returned.
[DIAG] Actor Created ID: 3
[DIAG] Actor smartMove type: function
[DIAG] Actor smartMove body snapshot: smartMove(tx, tz, time, depth = 0) {
    if (isNaN(tx) || isNaN(tz)) {
      console.error(`[Actor $
[UnitCore.js] Unit Created ID:3 Role:knight Pos:0,0 Special:false
[UnitCore.js] Unit Created ID:3 Role:knight Pos:0,0
[UnitCore.js] Unit Construction Finished ID:3

[90mstdout[2m | src/tests/TargetingPriority.test.js[2m > [22m[2mUnit Targeting Priority[2m > [22m[2mshould NOT auto-target distant Huts (Workers are passive)
[22m[39m[Entity 4] CONSTRUCTOR START: type=unit at 0,0
[Entity 4] Calling registerEntity...
[Entity 4] registerEntity returned.
[Entity 4] Calling updatePosition...
[Entity 4] updatePosition returned.
[DIAG] Actor Created ID: 4
[DIAG] Actor smartMove type: function
[DIAG] Actor smartMove body snapshot: smartMove(tx, tz, time, depth = 0) {
    if (isNaN(tx) || isNaN(tz)) {
      console.error(`[Actor $
[UnitCore.js] Unit Created ID:4 Role:worker Pos:0,0 Special:false
[UnitCore.js] Unit Created ID:4 Role:worker Pos:0,0
[UnitCore.js] Unit Construction Finished ID:4
[Actor 4] Resetting Unreachable (Target changed or initializing)

[90mstdout[2m | src/tests/TargetingPriority.test.js[2m > [22m[2mUnit Targeting Priority[2m > [22m[2mshould auto-target CLOSE Huts for self-defense (Workers)
[22m[39mDisposing detached game instance

[90mstdout[2m | src/tests/TargetingPriority.test.js[2m > [22m[2mUnit Targeting Priority[2m > [22m[2mshould auto-target CLOSE Huts for self-defense (Workers)
[22m[39m[Entity 5] CONSTRUCTOR START: type=unit at 0,0
[Entity 5] Calling registerEntity...
[Entity 5] registerEntity returned.
[Entity 5] Calling updatePosition...
[Entity 5] updatePosition returned.
[DIAG] Actor Created ID: 5
[DIAG] Actor smartMove type: function
[DIAG] Actor smartMove body snapshot: smartMove(tx, tz, time, depth = 0) {
    if (isNaN(tx) || isNaN(tz)) {
      console.error(`[Actor $
[UnitCore.js] Unit Created ID:5 Role:knight Pos:0,0 Special:false
[UnitCore.js] Unit Created ID:5 Role:knight Pos:0,0
[UnitCore.js] Unit Construction Finished ID:5

[90mstdout[2m | src/tests/TargetingPriority.test.js[2m > [22m[2mUnit Targeting Priority[2m > [22m[2mshould auto-target CLOSE Huts for self-defense (Workers)
[22m[39m[Entity 6] CONSTRUCTOR START: type=unit at 0,0
[Entity 6] Calling registerEntity...
[Entity 6] registerEntity returned.
[Entity 6] Calling updatePosition...
[Entity 6] updatePosition returned.
[DIAG] Actor Created ID: 6
[DIAG] Actor smartMove type: function
[DIAG] Actor smartMove body snapshot: smartMove(tx, tz, time, depth = 0) {
    if (isNaN(tx) || isNaN(tz)) {
      console.error(`[Actor $
[UnitCore.js] Unit Created ID:6 Role:worker Pos:0,0 Special:false
[UnitCore.js] Unit Created ID:6 Role:worker Pos:0,0
[UnitCore.js] Unit Construction Finished ID:6
[Actor 6] Resetting Unreachable (Target changed or initializing)

 [32m笨・[39m src/tests/TargetingPriority.test.js [2m([22m[2m4 tests[22m[2m)[22m[32m 44[2mms[22m[39m
[90mstdout[2m | src/tests/IdleRegression.test.js
[22m[39m[DEBUG] Actor.ts loaded

[90mstdout[2m | src/tests/KnightMobilization.test.js
[22m[39m[DEBUG] Actor.ts loaded

[90mstdout[2m | src/tests/IdleRegression.test.js
[22m[39m[DEBUG] Building.ts loaded

[90mstdout[2m | src/tests/IdleRegression.test.js
[22m[39m[DEBUG] Terrain.ts top-level load

[90mstdout[2m | src/tests/KnightMobilization.test.js[2m > [22m[2mKnight Mobilization Debug[2m > [22m[2mshould mobilize to global hotspot in SAME region
[22m[39m[Entity 0] CONSTRUCTOR START: type=unit at 10,10
[Entity 0] Calling registerEntity...
[Entity 0] registerEntity returned.
[Entity 0] Calling updatePosition...
[Entity 0] updatePosition returned.
[DIAG] Actor Created ID: 0
[DIAG] Actor smartMove type: function
[DIAG] Actor smartMove body snapshot: smartMove(tx, tz, time, depth = 0) {
    if (isNaN(tx) || isNaN(tz)) {
      console.error(`[Actor $
[UnitCore.js] Unit Created ID:0 Role:knight Pos:10,10 Special:false
[Unit 0] State Change: None -> Wander
[UnitCore.js] Unit Created ID:0 Role:knight Pos:10,10
[UnitCore.js] Unit Construction Finished ID:0

[90mstdout[2m | src/tests/KnightMobilization.test.js[2m > [22m[2mKnight Mobilization Debug[2m > [22m[2mshould IGNORE global hotspot in DIFFERENT region if no proxy found
[22m[39mDisposing detached game instance

[90mstdout[2m | src/tests/KnightMobilization.test.js[2m > [22m[2mKnight Mobilization Debug[2m > [22m[2mshould IGNORE global hotspot in DIFFERENT region if no proxy found
[22m[39m[Entity 1] CONSTRUCTOR START: type=unit at 10,10
[Entity 1] Calling registerEntity...
[Entity 1] registerEntity returned.
[Entity 1] Calling updatePosition...
[Entity 1] updatePosition returned.
[DIAG] Actor Created ID: 1
[DIAG] Actor smartMove type: function
[DIAG] Actor smartMove body snapshot: smartMove(tx, tz, time, depth = 0) {
    if (isNaN(tx) || isNaN(tz)) {
      console.error(`[Actor $
[UnitCore.js] Unit Created ID:1 Role:knight Pos:10,10 Special:false
[UnitCore.js] Unit Created ID:1 Role:knight Pos:10,10
[UnitCore.js] Unit Construction Finished ID:1

[90mstdout[2m | src/tests/KnightMobilization.test.js[2m > [22m[2mKnight Mobilization Debug[2m > [22m[2mshould USE PROXY for global hotspot in DIFFERENT region
[22m[39mDisposing detached game instance

[90mstdout[2m | src/tests/KnightMobilization.test.js[2m > [22m[2mKnight Mobilization Debug[2m > [22m[2mshould USE PROXY for global hotspot in DIFFERENT region
[22m[39m[Entity 2] CONSTRUCTOR START: type=unit at 10,10
[Entity 2] Calling registerEntity...
[Entity 2] registerEntity returned.
[Entity 2] Calling updatePosition...
[Entity 2] updatePosition returned.
[DIAG] Actor Created ID: 2
[DIAG] Actor smartMove type: function
[DIAG] Actor smartMove body snapshot: smartMove(tx, tz, time, depth = 0) {
    if (isNaN(tx) || isNaN(tz)) {
      console.error(`[Actor $
[UnitCore.js] Unit Created ID:2 Role:knight Pos:10,10 Special:false
[UnitCore.js] Unit Created ID:2 Role:knight Pos:10,10
[UnitCore.js] Unit Construction Finished ID:2

 [32m笨・[39m src/tests/KnightMobilization.test.js [2m([22m[2m3 tests[22m[2m)[22m[32m 34[2mms[22m[39m
[90mstdout[2m | src/tests/WrapDistance.test.js
[22m[39m[DEBUG] Actor.ts loaded

[90mstdout[2m | src/tests/WrapDistance.test.js[2m > [22m[2mUnit Distance Wrap Logic[2m > [22m[2mshould calculate short distance across wrap (0,0 -> 79,0)
[22m[39mDisposing detached game instance

[90mstdout[2m | src/tests/WrapDistance.test.js[2m > [22m[2mUnit Distance Wrap Logic[2m > [22m[2mshould calculate short distance across wrap (0,0 -> 79,0)
[22m[39m[Entity 0] CONSTRUCTOR START: type=unit at 0,0
[Entity 0] Calling registerEntity...
[Entity 0] registerEntity returned.
[Entity 0] Calling updatePosition...
[Entity 0] updatePosition returned.
[DIAG] Actor Created ID: 0
[DIAG] Actor smartMove type: function
[DIAG] Actor smartMove body snapshot: smartMove(tx, tz, time, depth = 0) {
    if (isNaN(tx) || isNaN(tz)) {
      console.error(`[Actor $
[UnitCore.js] Unit Created ID:0 Role:undefined Pos:0,0 Special:false
[Unit 0] State Change: None -> Wander
[UnitCore.js] Unit Created ID:0 Role:worker Pos:0,0
[UnitCore.js] Unit Construction Finished ID:0

[90mstdout[2m | src/tests/IdleRegression.test.js
[22m[39m[DEBUG] Goblin.ts loaded

[90mstdout[2m | src/tests/WrapDistance.test.js[2m > [22m[2mUnit Distance Wrap Logic[2m > [22m[2mshould calculate diagonal wrap correctly (0,0 -> 79,79)
[22m[39m[Entity 1] CONSTRUCTOR START: type=unit at 0,0
[Entity 1] Calling registerEntity...
[Entity 1] registerEntity returned.
[Entity 1] Calling updatePosition...
[Entity 1] updatePosition returned.
[DIAG] Actor Created ID: 1
[DIAG] Actor smartMove type: function
[DIAG] Actor smartMove body snapshot: smartMove(tx, tz, time, depth = 0) {
    if (isNaN(tx) || isNaN(tz)) {
      console.error(`[Actor $
[UnitCore.js] Unit Created ID:1 Role:undefined Pos:0,0 Special:false
[UnitCore.js] Unit Created ID:1 Role:worker Pos:0,0
[UnitCore.js] Unit Construction Finished ID:1

[90mstdout[2m | src/tests/IdleRegression.test.js
[22m[39m[Import Debug] Raid: function, Combat: function, Wander: function

[90mstdout[2m | src/tests/BuildingAttackAuto.test.js
[22m[39m[DEBUG] Actor.ts loaded

 [32m笨・[39m src/tests/WrapDistance.test.js [2m([22m[2m2 tests[22m[2m)[22m[32m 15[2mms[22m[39m
[90mstdout[2m | src/tests/EncounterCombat.test.js
[22m[39m[DEBUG] Actor.ts loaded

[90mstdout[2m | src/tests/EncounterCombat.test.js
[22m[39m[DEBUG] Goblin.ts loaded

[90mstdout[2m | src/tests/EncounterCombat.test.js[2m > [22m[2mEncounter Combat Logic[2m > [22m[2mUnit should switch target to nearby Goblin while moving to distant Building
[22m[39m[TestDebug] beforeEach finished. game.scene exists? [33mtrue[39m

[90mstdout[2m | src/tests/BuildingAttackAuto.test.js[2m > [22m[2mAutonomous Building Attack[2m > [22m[2mshould automatically engage a nearby goblin hut
[22m[39m[Entity 0] CONSTRUCTOR START: type=unit at 10,10
[Entity 0] Calling updatePosition...
[Entity 0] updatePosition returned.
[DIAG] Actor Created ID: 0
[DIAG] Actor smartMove type: function
[DIAG] Actor smartMove body snapshot: smartMove(tx, tz, time, depth = 0) {
    if (isNaN(tx) || isNaN(tz)) {
      console.error(`[Actor $
[UnitCore.js] Unit Created ID:0 Role:knight Pos:10,10 Special:false
[Unit 0] State Change: None -> Wander
[UnitCore.js] Unit Created ID:0 Role:knight Pos:10,10
[UnitCore.js] Unit Construction Finished ID:0
Unit created. Game set: [33mtrue[39m

[90mstdout[2m | src/tests/EncounterCombat.test.js[2m > [22m[2mEncounter Combat Logic[2m > [22m[2mUnit should switch target to nearby Goblin while moving to distant Building
[22m[39m[Entity 0] CONSTRUCTOR START: type=unit at 10,10
[Entity 0] Calling registerEntity...
[Entity 0] registerEntity returned.
[Entity 0] Calling updatePosition...
[Entity 0] updatePosition returned.
[DIAG] Actor Created ID: 0
[DIAG] Actor smartMove type: function
[DIAG] Actor smartMove body snapshot: smartMove(tx, tz, time, depth = 0) {
    if (isNaN(tx) || isNaN(tz)) {
      console.error(`[Actor $
[UnitCore.js] Unit Created ID:0 Role:soldier Pos:10,10 Special:false
[Unit 0] State Change: None -> Wander
[UnitCore.js] Unit Created ID:0 Role:soldier Pos:10,10
[UnitCore.js] Unit Construction Finished ID:0
[Entity 1] CONSTRUCTOR START: type=goblin at 20,20
[Entity 1] Calling registerEntity...
[Entity 1] registerEntity returned.
[Entity 1] Calling updatePosition...
[Entity 1] updatePosition returned.
[DIAG] Actor Created ID: 1
[DIAG] Actor smartMove type: function
[DIAG] Actor smartMove body snapshot: smartMove(tx, tz, time, depth = 0) {
    if (isNaN(tx) || isNaN(tz)) {
      console.error(`[Actor $
[TestDebug] Starting Loop. Unit State: Combat
[Combat Debug 1] Update Start. TargetG:false TargetB:true
[DEBUG Unit 1] i=1 id=2 gx=10 gz=10 tGx=20 tGz=20 myCell=true gCell=true

[90mstdout[2m | src/tests/EncounterCombat.test.js[2m > [22m[2mEncounter Combat Logic[2m > [22m[2mGoblin should switch target to nearby Unit while moving to distant Building
[22m[39mDisposing detached game instance

[90mstdout[2m | src/tests/EncounterCombat.test.js[2m > [22m[2mEncounter Combat Logic[2m > [22m[2mGoblin should switch target to nearby Unit while moving to distant Building
[22m[39m[TestDebug] beforeEach finished. game.scene exists? [33mtrue[39m

[90mstdout[2m | src/tests/BuildingAttackAuto.test.js[2m > [22m[2mAutonomous Building Attack[2m > [22m[2mshould automatically engage a nearby goblin hut
[22m[39mMock findBestTarget called for building
[Combat Debug 1] Update Start. TargetG:false TargetB:true
[Actor 1] Resetting Unreachable (Target changed or initializing)
Unit successfully entered Combat for Building
[Actor 1] Pathfinding SUCCESS: Got 1 nodes to 10,15
[Actor 1] Resetting Unreachable (Target changed or initializing)

[90mstdout[2m | src/tests/BuildingAttackAuto.test.js[2m > [22m[2mAutonomous Building Attack[2m > [22m[2mshould automatically engage a nearby goblin hut
[22m[39m[Actor 1] Pathfinding SUCCESS: Got 1 nodes to 10,15
[Actor 1] Resetting Unreachable (Target changed or initializing)

[90mstdout[2m | src/tests/BuildingAttackAuto.test.js[2m > [22m[2mAutonomous Building Attack[2m > [22m[2mshould automatically engage a nearby goblin hut
[22m[39m[Actor 1] Pathfinding SUCCESS: Got 1 nodes to 10,15
[Actor 1] Resetting Unreachable (Target changed or initializing)

[90mstdout[2m | src/tests/BuildingAttackAuto.test.js[2m > [22m[2mAutonomous Building Attack[2m > [22m[2mshould automatically engage a nearby goblin hut
[22m[39m[Actor 1] Pathfinding SUCCESS: Got 1 nodes to 10,15
[Actor 1] Resetting Unreachable (Target changed or initializing)

[90mstdout[2m | src/tests/BuildingAttackAuto.test.js[2m > [22m[2mAutonomous Building Attack[2m > [22m[2mshould automatically engage a nearby goblin hut
[22m[39m[Actor 1] Pathfinding SUCCESS: Got 1 nodes to 10,15
[Actor 1] Resetting Unreachable (Target changed or initializing)

[90mstdout[2m | src/tests/BuildingAttackAuto.test.js[2m > [22m[2mAutonomous Building Attack[2m > [22m[2mshould automatically engage a nearby goblin hut
[22m[39m[Actor 1] Pathfinding SUCCESS: Got 1 nodes to 10,15
[Actor 1] Resetting Unreachable (Target changed or initializing)

[90mstdout[2m | src/tests/BuildingAttackAuto.test.js[2m > [22m[2mAutonomous Building Attack[2m > [22m[2mshould NOT engage if worker (safeguard check)
[22m[39mDisposing detached game instance

[90mstdout[2m | src/tests/BuildingAttackAuto.test.js[2m > [22m[2mAutonomous Building Attack[2m > [22m[2mshould NOT engage if worker (safeguard check)
[22m[39m[Entity 1] CONSTRUCTOR START: type=unit at 10,10
[Entity 1] Calling updatePosition...
[Entity 1] updatePosition returned.
[DIAG] Actor Created ID: 1
[DIAG] Actor smartMove type: function
[DIAG] Actor smartMove body snapshot: smartMove(tx, tz, time, depth = 0) {
    if (isNaN(tx) || isNaN(tz)) {
      console.error(`[Actor $
[UnitCore.js] Unit Created ID:1 Role:knight Pos:10,10 Special:false
[UnitCore.js] Unit Created ID:1 Role:knight Pos:10,10
[UnitCore.js] Unit Construction Finished ID:1
Unit created. Game set: [33mtrue[39m

[90mstdout[2m | src/tests/EncounterCombat.test.js[2m > [22m[2mEncounter Combat Logic[2m > [22m[2mGoblin should switch target to nearby Unit while moving to distant Building
[22m[39m[Entity 2] CONSTRUCTOR START: type=goblin at 10,10
[Entity 2] Calling registerEntity...
[Entity 2] registerEntity returned.
[Entity 2] Calling updatePosition...
[Entity 2] updatePosition returned.
[DIAG] Actor Created ID: 2
[DIAG] Actor smartMove type: function
[DIAG] Actor smartMove body snapshot: smartMove(tx, tz, time, depth = 0) {
    if (isNaN(tx) || isNaN(tz)) {
      console.error(`[Actor $
[Entity 3] CONSTRUCTOR START: type=unit at 20,20
[Entity 3] Calling registerEntity...
[Entity 3] registerEntity returned.
[Entity 3] Calling updatePosition...
[Entity 3] updatePosition returned.
[DIAG] Actor Created ID: 3
[DIAG] Actor smartMove type: function
[DIAG] Actor smartMove body snapshot: smartMove(tx, tz, time, depth = 0) {
    if (isNaN(tx) || isNaN(tz)) {
      console.error(`[Actor $
[UnitCore.js] Unit Created ID:1 Role:soldier Pos:20,20 Special:false
[UnitCore.js] Unit Created ID:1 Role:soldier Pos:20,20
[UnitCore.js] Unit Construction Finished ID:1
[GoblinState 3] Encounter! Switching from Building to Nearby Unit 4

[90mstdout[2m | src/tests/EncounterCombat.test.js[2m > [22m[2mEncounter Combat Logic[2m > [22m[2mshould reduce scan range for Workers
[22m[39mDisposing detached game instance

[90mstdout[2m | src/tests/EncounterCombat.test.js[2m > [22m[2mEncounter Combat Logic[2m > [22m[2mshould reduce scan range for Workers
[22m[39m[TestDebug] beforeEach finished. game.scene exists? [33mtrue[39m

stderr | src/tests/BuildingAttackAuto.test.js > Autonomous Building Attack > should NOT engage if worker (safeguard check)
[Actor 1] smartMove received NaN target: undefined,undefined 

[90mstdout[2m | src/tests/BuildingAttackAuto.test.js[2m > [22m[2mAutonomous Building Attack[2m > [22m[2mshould NOT engage if worker (safeguard check)
[22m[39mWorker correctly ignored combat due to job

[90mstdout[2m | src/tests/EncounterCombat.test.js[2m > [22m[2mEncounter Combat Logic[2m > [22m[2mshould reduce scan range for Workers
[22m[39m[Entity 4] CONSTRUCTOR START: type=unit at 10,10
[Entity 4] Calling registerEntity...
[Entity 4] registerEntity returned.
[Entity 4] Calling updatePosition...
[Entity 4] updatePosition returned.
[DIAG] Actor Created ID: 4
[DIAG] Actor smartMove type: function
[DIAG] Actor smartMove body snapshot: smartMove(tx, tz, time, depth = 0) {
    if (isNaN(tx) || isNaN(tz)) {
      console.error(`[Actor $
[UnitCore.js] Unit Created ID:2 Role:worker Pos:10,10 Special:false
[UnitCore.js] Unit Created ID:2 Role:worker Pos:10,10
[UnitCore.js] Unit Construction Finished ID:2

[90mstdout[2m | src/tests/IdleRegression.test.js
[22m[39m[DEBUG] Game.ts top-level load

 [32m笨・[39m src/tests/BuildingAttackAuto.test.js [2m([22m[2m2 tests[22m[2m)[22m[32m 31[2mms[22m[39m
 [32m笨・[39m src/tests/EncounterCombat.test.js [2m([22m[2m3 tests[22m[2m)[22m[32m 23[2mms[22m[39m
[90mstdout[2m | src/tests/JobPathFailure.test.js
[22m[39m[DEBUG] Actor.ts loaded

[90mstdout[2m | src/tests/IdleRegression.test.js[2m > [22m[2mJob/Moving Idle Regression[2m > [22m[2mshould NOT abandon Job when smartMove is throttled (Time Slicing)
[22m[39m[Entity 0] CONSTRUCTOR START: type=unit at 10,10
[Entity 0] Calling registerEntity...
[Entity 0] registerEntity returned.
[Entity 0] Calling updatePosition...
[Entity 0] updatePosition returned.
[DIAG] Actor Created ID: 0
[DIAG] Actor smartMove type: function
[DIAG] Actor smartMove body snapshot: smartMove(tx, tz, time, depth = 0) {
    if (isNaN(tx) || isNaN(tz)) {
      console.error(`[Actor $
[UnitCore.js] Unit Created ID:0 Role:worker Pos:10,10 Special:false
[Unit 0] State Change: None -> Wander
[UnitCore.js] Unit Created ID:0 Role:worker Pos:10,10
[UnitCore.js] Unit Construction Finished ID:0

[90mstdout[2m | src/tests/IdleRegression.test.js[2m > [22m[2mJob/Moving Idle Regression[2m > [22m[2mshould NOT abandon Job when smartMove is throttled (Time Slicing)
[22m[39m[Actor 1] Resetting Unreachable (Target changed or initializing)

[90mstdout[2m | src/tests/IdleRegression.test.js[2m > [22m[2mJob/Moving Idle Regression[2m > [22m[2mshould NOT abandon Job when smartMove is throttled (Time Slicing)
[22m[39m[Actor 1] Pathfinding SUCCESS: Got 1 nodes to 50,50

[90mstdout[2m | src/tests/IdleRegression.test.js[2m > [22m[2mJob/Moving Idle Regression[2m > [22m[2mshould NOT increment stuckTimer when smartMove is throttled
[22m[39mDisposing detached game instance

[90mstdout[2m | src/tests/IdleRegression.test.js[2m > [22m[2mJob/Moving Idle Regression[2m > [22m[2mshould NOT increment stuckTimer when smartMove is throttled
[22m[39m[Entity 1] CONSTRUCTOR START: type=unit at 10,10
[Entity 1] Calling registerEntity...
[Entity 1] registerEntity returned.
[Entity 1] Calling updatePosition...
[Entity 1] updatePosition returned.
[DIAG] Actor Created ID: 1
[DIAG] Actor smartMove type: function
[DIAG] Actor smartMove body snapshot: smartMove(tx, tz, time, depth = 0) {
    if (isNaN(tx) || isNaN(tz)) {
      console.error(`[Actor $
[UnitCore.js] Unit Created ID:1 Role:worker Pos:10,10 Special:false
[UnitCore.js] Unit Created ID:1 Role:worker Pos:10,10
[UnitCore.js] Unit Construction Finished ID:1

[90mstdout[2m | src/tests/IdleRegression.test.js[2m > [22m[2mJob/Moving Idle Regression[2m > [22m[2mshould NOT increment stuckTimer when smartMove is throttled
[22m[39m[Actor 1] Resetting Unreachable (Target changed or initializing)

[90mstdout[2m | src/tests/IdleRegression.test.js[2m > [22m[2mJob/Moving Idle Regression[2m > [22m[2mshould NOT increment stuckTimer when smartMove is throttled
[22m[39m[Actor 1] Pathfinding SUCCESS: Got 1 nodes to 50,50

[90mstdout[2m | src/tests/IdleRegression.test.js[2m > [22m[2mJob/Moving Idle Regression[2m > [22m[2mshould NOT revert action to "Moving" if already "Approaching Job"
[22m[39mDisposing detached game instance

[90mstdout[2m | src/tests/IdleRegression.test.js[2m > [22m[2mJob/Moving Idle Regression[2m > [22m[2mshould NOT revert action to "Moving" if already "Approaching Job"
[22m[39m[Entity 2] CONSTRUCTOR START: type=unit at 10,10
[Entity 2] Calling registerEntity...
[Entity 2] registerEntity returned.
[Entity 2] Calling updatePosition...
[Entity 2] updatePosition returned.
[DIAG] Actor Created ID: 2
[DIAG] Actor smartMove type: function
[DIAG] Actor smartMove body snapshot: smartMove(tx, tz, time, depth = 0) {
    if (isNaN(tx) || isNaN(tz)) {
      console.error(`[Actor $
[UnitCore.js] Unit Created ID:2 Role:worker Pos:10,10 Special:false
[UnitCore.js] Unit Created ID:2 Role:worker Pos:10,10
[UnitCore.js] Unit Construction Finished ID:2

[90mstdout[2m | src/tests/IdleRegression.test.js[2m > [22m[2mJob/Moving Idle Regression[2m > [22m[2mshould NOT revert action to "Moving" if already "Approaching Job"
[22m[39m[Entity 1] startMove -> isMoving:true. Target:11,11 StartTime:100.0000

[90mstdout[2m | src/tests/IdleRegression.test.js[2m > [22m[2mJob/Moving Idle Regression[2m > [22m[2mshould NOT execute updateCombatLogic if State Machine is active
[22m[39mDisposing detached game instance

[90mstdout[2m | src/tests/IdleRegression.test.js[2m > [22m[2mJob/Moving Idle Regression[2m > [22m[2mshould NOT execute updateCombatLogic if State Machine is active
[22m[39m[Entity 3] CONSTRUCTOR START: type=unit at 10,10
[Entity 3] Calling registerEntity...
[Entity 3] registerEntity returned.
[Entity 3] Calling updatePosition...
[Entity 3] updatePosition returned.
[DIAG] Actor Created ID: 3
[DIAG] Actor smartMove type: function
[DIAG] Actor smartMove body snapshot: smartMove(tx, tz, time, depth = 0) {
    if (isNaN(tx) || isNaN(tz)) {
      console.error(`[Actor $
[UnitCore.js] Unit Created ID:3 Role:worker Pos:10,10 Special:false
[UnitCore.js] Unit Created ID:3 Role:worker Pos:10,10
[UnitCore.js] Unit Construction Finished ID:3

 [32m笨・[39m src/tests/IdleRegression.test.js [2m([22m[2m4 tests[22m[2m)[22m[32m 32[2mms[22m[39m
[90mstdout[2m | src/tests/JobPathFailure.test.js
[22m[39m[DEBUG] Building.ts loaded

[90mstdout[2m | src/tests/JobPathFailure.test.js
[22m[39m[DEBUG] Terrain.ts top-level load

[90mstdout[2m | src/tests/JobPathFailure.test.js[2m > [22m[2mJob Pathfinding Failure Handling[2m > [22m[2mshould abandon job if smartMove fails repeatedly
[22m[39m[Entity 0] CONSTRUCTOR START: type=unit at 0,0
[Entity 0] Calling registerEntity...
[Entity 0] registerEntity returned.
[Entity 0] Calling updatePosition...
[Entity 0] updatePosition returned.
[DIAG] Actor Created ID: 0
[DIAG] Actor smartMove type: function
[DIAG] Actor smartMove body snapshot: smartMove(tx, tz, time, depth = 0) {
    if (isNaN(tx) || isNaN(tz)) {
      console.error(`[Actor $
[UnitCore.js] Unit Created ID:0 Role:worker Pos:0,0 Special:false
[Unit 0] State Change: None -> Wander
[UnitCore.js] Unit Created ID:0 Role:worker Pos:0,0
[UnitCore.js] Unit Construction Finished ID:0

[90mstdout[2m | src/tests/JobPathFailure.test.js[2m > [22m[2mJob Pathfinding Failure Handling[2m > [22m[2mshould abandon job if smartMove fails repeatedly
[22m[39m[Job State] Unit 1 stuck for 5.1s (Throttled:false). Abandoning Job.

 [32m笨・[39m src/tests/JobPathFailure.test.js [2m([22m[2m1 test[22m[2m)[22m[32m 21[2mms[22m[39m
[90mstdout[2m | src/tests/ReproUnitMovement.test.js
[22m[39m[DEBUG] Actor.ts loaded

[90mstdout[2m | src/tests/ReproUnitMovement.test.js[2m > [22m[2mUnit Movement Reproduction[2m > [22m[2mshould move to target using smartMove
[22m[39m[Entity 0] CONSTRUCTOR START: type=unit at 10,10
[Entity 0] Calling registerEntity...
[Entity 0] registerEntity returned.
[Entity 0] Calling updatePosition...
[Entity 0] updatePosition returned.
[DIAG] Actor Created ID: 0
[DIAG] Actor smartMove type: function
[DIAG] Actor smartMove body snapshot: smartMove(tx, tz, time, depth = 0) {
    if (isNaN(tx) || isNaN(tz)) {
      console.error(`[Actor $
[UnitCore.js] Unit Created ID:0 Role:worker Pos:10,10 Special:false
[Unit 0] State Change: None -> Wander
[UnitCore.js] Unit Created ID:0 Role:worker Pos:10,10
[UnitCore.js] Unit Construction Finished ID:0

[90mstdout[2m | src/tests/ReproUnitMovement.test.js[2m > [22m[2mUnit Movement Reproduction[2m > [22m[2mshould move to target using smartMove
[22m[39m[Repro] Unit start: 10, 10
[Actor 0] Resetting Unreachable (Target changed or initializing)

[90mstdout[2m | src/tests/ReproUnitMovement.test.js[2m > [22m[2mUnit Movement Reproduction[2m > [22m[2mshould move to target using smartMove
[22m[39m[Actor 0] Pathfinding SUCCESS: Got 1 nodes to 20,10
[Entity 0] startMove -> isMoving:true. Target:20,10 StartTime:0.0000

[90mstdout[2m | src/tests/ReproUnitMovement.test.js[2m > [22m[2mUnit Movement Reproduction[2m > [22m[2mshould move to target using smartMove
[22m[39m[Entity 0] updateMovement ARRIVAL -> isMoving:false. Time:0.8000 StartTime:0.0000 Dur:0.8000 PrevGrid:10,10 Target:20,10

[90mstdout[2m | src/tests/ReproUnitMovement.test.js[2m > [22m[2mUnit Movement Reproduction[2m > [22m[2mshould stay stuck if pathfinding is never resolved
[22m[39mDisposing detached game instance

[90mstdout[2m | src/tests/ReproUnitMovement.test.js[2m > [22m[2mUnit Movement Reproduction[2m > [22m[2mshould stay stuck if pathfinding is never resolved
[22m[39m[Entity 1] CONSTRUCTOR START: type=unit at 10,10
[Entity 1] Calling registerEntity...
[Entity 1] registerEntity returned.
[Entity 1] Calling updatePosition...
[Entity 1] updatePosition returned.
[DIAG] Actor Created ID: 1
[DIAG] Actor smartMove type: function
[DIAG] Actor smartMove body snapshot: smartMove(tx, tz, time, depth = 0) {
    if (isNaN(tx) || isNaN(tz)) {
      console.error(`[Actor $
[UnitCore.js] Unit Created ID:1 Role:worker Pos:10,10 Special:false
[UnitCore.js] Unit Created ID:1 Role:worker Pos:10,10
[UnitCore.js] Unit Construction Finished ID:1

[90mstdout[2m | src/tests/ReproUnitMovement.test.js[2m > [22m[2mUnit Movement Reproduction[2m > [22m[2mshould stay stuck if pathfinding is never resolved
[22m[39m[Actor 1] Resetting Unreachable (Target changed or initializing)
[Repro] Second smartMove result: true (Should be true but blocked internal)

 [32m笨・[39m src/tests/ReproUnitMovement.test.js [2m([22m[2m2 tests[22m[2m)[22m[32m 34[2mms[22m[39m
Cannot parse C:/Users/mooya/develop/test/src/tests/HelpShowroom.test.js:
Expression expected.
[90mstdout[2m | src/tests/NightManualWork.test.js
[22m[39m[DEBUG] Actor.ts loaded

[90mstdout[2m | src/tests/NightManualWork.test.js[2m > [22m[2mNight Manual Work Priority[2m > [22m[2mshould go toward shelter (Going Home) if only AUTO jobs available at night
[22m[39m[Entity 0] CONSTRUCTOR START: type=unit at 10,10
[Entity 0] Calling registerEntity...
[Entity 0] registerEntity returned.
[Entity 0] Calling updatePosition...
[Entity 0] updatePosition returned.
[DIAG] Actor Created ID: 0
[DIAG] Actor smartMove type: function
[DIAG] Actor smartMove body snapshot: smartMove(tx, tz, time, depth = 0) {
    if (isNaN(tx) || isNaN(tz)) {
      console.error(`[Actor $
[UnitCore.js] Unit Created ID:0 Role:worker Pos:10,10 Special:false
[Unit 0] State Change: None -> Wander
[UnitCore.js] Unit Created ID:0 Role:worker Pos:10,10
[UnitCore.js] Unit Construction Finished ID:0

[90mstdout[2m | src/tests/NightManualWork.test.js[2m > [22m[2mNight Manual Work Priority[2m > [22m[2mshould go toward shelter (Going Home) if only AUTO jobs available at night
[22m[39m[Unit 0] State Change: Wander -> Wander
[Unit 0] State Change: Wander -> Sleep
[Actor 0] Resetting Unreachable (Target changed or initializing)

[90mstdout[2m | src/tests/NightManualWork.test.js[2m > [22m[2mNight Manual Work Priority[2m > [22m[2mshould go toward shelter (Going Home) if only AUTO jobs available at night
[22m[39m[Actor 0] Pathfinding SUCCESS: Got 1 nodes to 50,50
[Entity 0] startMove -> isMoving:true. Target:50,50 StartTime:102.0000

[90mstdout[2m | src/tests/NightManualWork.test.js[2m > [22m[2mNight Manual Work Priority[2m > [22m[2mshould continue MANUAL job when night falls
[22m[39mDisposing detached game instance

[90mstdout[2m | src/tests/NightManualWork.test.js[2m > [22m[2mNight Manual Work Priority[2m > [22m[2mshould continue MANUAL job when night falls
[22m[39m[Entity 1] CONSTRUCTOR START: type=unit at 10,10
[Entity 1] Calling registerEntity...
[Entity 1] registerEntity returned.
[Entity 1] Calling updatePosition...
[Entity 1] updatePosition returned.
[DIAG] Actor Created ID: 1
[DIAG] Actor smartMove type: function
[DIAG] Actor smartMove body snapshot: smartMove(tx, tz, time, depth = 0) {
    if (isNaN(tx) || isNaN(tz)) {
      console.error(`[Actor $
[UnitCore.js] Unit Created ID:0 Role:worker Pos:10,10 Special:false
[Unit 0] State Change: None -> Wander
[UnitCore.js] Unit Created ID:0 Role:worker Pos:10,10
[UnitCore.js] Unit Construction Finished ID:0

[90mstdout[2m | src/tests/NightManualWork.test.js[2m > [22m[2mNight Manual Work Priority[2m > [22m[2mshould continue MANUAL job when night falls
[22m[39m[Unit 0] State Change: Wander -> Job
[Actor 0] Resetting Unreachable (Target changed or initializing)

[90mstdout[2m | src/tests/NightManualWork.test.js[2m > [22m[2mNight Manual Work Priority[2m > [22m[2mshould continue MANUAL job when night falls
[22m[39m[Actor 0] Pathfinding SUCCESS: Got 1 nodes to 20,20
[Entity 0] startMove -> isMoving:true. Target:20,20 StartTime:100.0000

[90mstdout[2m | src/tests/NightManualWork.test.js[2m > [22m[2mNight Manual Work Priority[2m > [22m[2mshould NOT release AUTO job when night falls if already active
[22m[39mDisposing detached game instance

[90mstdout[2m | src/tests/NightManualWork.test.js[2m > [22m[2mNight Manual Work Priority[2m > [22m[2mshould NOT release AUTO job when night falls if already active
[22m[39m[Entity 2] CONSTRUCTOR START: type=unit at 10,10
[Entity 2] Calling registerEntity...
[Entity 2] registerEntity returned.
[Entity 2] Calling updatePosition...
[Entity 2] updatePosition returned.
[DIAG] Actor Created ID: 2
[DIAG] Actor smartMove type: function
[DIAG] Actor smartMove body snapshot: smartMove(tx, tz, time, depth = 0) {
    if (isNaN(tx) || isNaN(tz)) {
      console.error(`[Actor $
[UnitCore.js] Unit Created ID:0 Role:worker Pos:10,10 Special:false
[Unit 0] State Change: None -> Wander
[UnitCore.js] Unit Created ID:0 Role:worker Pos:10,10
[UnitCore.js] Unit Construction Finished ID:0

[90mstdout[2m | src/tests/NightManualWork.test.js[2m > [22m[2mNight Manual Work Priority[2m > [22m[2mshould NOT release AUTO job when night falls if already active
[22m[39m[Unit 0] State Change: Wander -> Job
[Actor 0] Resetting Unreachable (Target changed or initializing)

[90mstdout[2m | src/tests/NightManualWork.test.js[2m > [22m[2mNight Manual Work Priority[2m > [22m[2mshould NOT release AUTO job when night falls if already active
[22m[39m[Actor 0] Pathfinding SUCCESS: Got 1 nodes to 20,20
[Entity 0] startMove -> isMoving:true. Target:20,20 StartTime:100.0000

[90mstdout[2m | src/tests/NightManualWork.test.js[2m > [22m[2mNight Manual Work Priority[2m > [22m[2mshould prefer MANUAL job over sleep in Wander at night
[22m[39mDisposing detached game instance

[90mstdout[2m | src/tests/NightManualWork.test.js[2m > [22m[2mNight Manual Work Priority[2m > [22m[2mshould prefer MANUAL job over sleep in Wander at night
[22m[39m[Entity 3] CONSTRUCTOR START: type=unit at 10,10
[Entity 3] Calling registerEntity...
[Entity 3] registerEntity returned.
[Entity 3] Calling updatePosition...
[Entity 3] updatePosition returned.
[DIAG] Actor Created ID: 3
[DIAG] Actor smartMove type: function
[DIAG] Actor smartMove body snapshot: smartMove(tx, tz, time, depth = 0) {
    if (isNaN(tx) || isNaN(tz)) {
      console.error(`[Actor $
[UnitCore.js] Unit Created ID:0 Role:worker Pos:10,10 Special:false
[Unit 0] State Change: None -> Wander
[UnitCore.js] Unit Created ID:0 Role:worker Pos:10,10
[UnitCore.js] Unit Construction Finished ID:0

[90mstdout[2m | src/tests/NightManualWork.test.js[2m > [22m[2mNight Manual Work Priority[2m > [22m[2mshould prefer MANUAL job over sleep in Wander at night
[22m[39m[Unit 0] State Change: Wander -> Wander
[Unit 0] State Change: Wander -> Job
[Actor 0] Resetting Unreachable (Target changed or initializing)
[Actor 0] Resetting Unreachable (Target changed or initializing)

[90mstdout[2m | src/tests/NightManualWork.test.js[2m > [22m[2mNight Manual Work Priority[2m > [22m[2mshould prefer MANUAL job over sleep in Wander at night
[22m[39m[Actor 0] Pathfinding SUCCESS: Got 1 nodes to 20,20
[Entity 0] startMove -> isMoving:true. Target:20,20 StartTime:101.0000

 [32m笨・[39m src/tests/NightManualWork.test.js [2m([22m[2m4 tests[22m[2m)[22m[32m 32[2mms[22m[39m
[90mstdout[2m | src/tests/WorkerOscillationStale.test.js
[22m[39m[DEBUG] Actor.ts loaded

[90mstdout[2m | src/tests/WorkerOscillationStale.test.js[2m > [22m[2mWorker Oscillation Debug[2m > [22m[2mshould clear isUnreachable flag when entering new job
[22m[39m[Entity 0] CONSTRUCTOR START: type=unit at 10,10
[Entity 0] Calling registerEntity...
[Entity 0] registerEntity returned.
[Entity 0] Calling updatePosition...
[Entity 0] updatePosition returned.
[DIAG] Actor Created ID: 0
[DIAG] Actor smartMove type: function
[DIAG] Actor smartMove body snapshot: smartMove(tx, tz, time, depth = 0) {
    if (isNaN(tx) || isNaN(tz)) {
      console.error(`[Actor $
[UnitCore.js] Unit Created ID:0 Role:worker Pos:10,10 Special:false
[Unit 0] State Change: None -> Wander
[UnitCore.js] Unit Created ID:0 Role:worker Pos:10,10
[UnitCore.js] Unit Construction Finished ID:0

[90mstdout[2m | src/tests/WorkerOscillationStale.test.js[2m > [22m[2mWorker Oscillation Debug[2m > [22m[2mshould clear isUnreachable flag when entering new job
[22m[39m[Actor 1] Resetting Unreachable (Target changed or initializing)

stderr | src/tests/WorkerOscillationStale.test.js > Worker Oscillation Debug > should clear isUnreachable flag when entering new job
[Actor 1] Pathfinding FAILED: Empty/Short path returned. Current Pos: 10,10 -> Target: 50,50 Len:0 Short:false

stderr | src/tests/WorkerOscillationStale.test.js > Worker Oscillation Debug > should clear isUnreachable flag when entering new job
[JobState] DIAG: Job Abort Unreachable. Unit:1 moveStarted=false, isU=true, isW=false, distSq=3200.0
[JobState] Job Abandoned: Unreachable. ReqID:101

[90mstdout[2m | src/tests/WorkerOscillationStale.test.js[2m > [22m[2mWorker Oscillation Debug[2m > [22m[2mshould clear isUnreachable flag when entering new job
[22m[39m[Actor 1] Resetting Unreachable (Target changed or initializing)

[90mstdout[2m | src/tests/WorkerOscillationStale.test.js[2m > [22m[2mWorker Oscillation Debug[2m > [22m[2mshould clear isUnreachable flag when entering new job
[22m[39m[Actor 1] Pathfinding SUCCESS: Got 2 nodes to 20,20
[Entity 1] startMove -> isMoving:true. Target:20,20 StartTime:100.1000

 [32m笨・[39m src/tests/WorkerOscillationStale.test.js [2m([22m[2m1 test[22m[2m)[22m[32m 30[2mms[22m[39m
[90mstdout[2m | src/tests/PathfindingWorker.test.js[2m > [22m[2mPathfindingWorker[2m > [22m[2mshould find a simple path on flat terrain
[22m[39m[Worker] Grid Initialized: 10x10 (with Moisture)

[90mstdout[2m | src/tests/PathfindingWorker.test.js[2m > [22m[2mPathfindingWorker[2m > [22m[2mshould find a simple path on flat terrain
[22m[39mReturned Path: [{"x":0,"z":0},{"x":0,"z":1},{"x":0,"z":2},{"x":0,"z":3},{"x":0,"z":4},{"x":0,"z":5}]

[90mstdout[2m | src/tests/PathfindingWorker.test.js[2m > [22m[2mPathfindingWorker[2m > [22m[2mshould avoid water (Height <= 0)
[22m[39m[Worker] Grid Initialized: 10x10 (with Moisture)

[90mstdout[2m | src/tests/PathfindingWorker.test.js[2m > [22m[2mPathfindingWorker[2m > [22m[2mshould avoid steep slopes (Height Diff > 3)
[22m[39m[Worker] Grid Initialized: 10x10 (with Moisture)

[90mstdout[2m | src/tests/PathfindingWorker.test.js[2m > [22m[2mPathfindingWorker[2m > [22m[2mshould climb allowed slopes (Height Diff <= 3)
[22m[39m[Worker] Grid Initialized: 10x10 (with Moisture)

[90mstdout[2m | src/tests/PathfindingWorker.test.js[2m > [22m[2mPathfindingWorker[2m > [22m[2mshould handle diagonal movement correctly
[22m[39m[Worker] Grid Initialized: 10x10 (with Moisture)

[90mstdout[2m | src/tests/JobAssignment.test.js
[22m[39m[DEBUG] Building.ts loaded

 [32m笨・[39m src/tests/PathfindingWorker.test.js [2m([22m[2m5 tests[22m[2m)[22m[32m 23[2mms[22m[39m
[90mstdout[2m | src/tests/JobAssignment.test.js
[22m[39m[DEBUG] Terrain.ts top-level load

[90mstdout[2m | src/tests/JobAssignment.test.js
[22m[39m[DEBUG] Actor.ts loaded

[90mstdout[2m | src/tests/MarkerEndToEnd.test.js
[22m[39m[DEBUG] Actor.ts loaded

[90mstdout[2m | src/tests/MigrationImprovement.test.js
[22m[39m[DEBUG] Actor.ts loaded

[90mstdout[2m | src/tests/JobAssignment.test.js
[22m[39m[DEBUG] Goblin.ts loaded

[90mstdout[2m | src/tests/JobAssignment.test.js
[22m[39m[Import Debug] Raid: function, Combat: function, Wander: function

[90mstdout[2m | src/tests/MarkerEndToEnd.test.js[2m > [22m[2mMarker End-to-End: Persistence and Wrap Support[2m > [22m[2mshould calculate shortest distance across map boundaries (Wrap Support)
[22m[39m[Entity 0] CONSTRUCTOR START: type=unit at 5,5
[Entity 0] Calling registerEntity...
[Entity 0] registerEntity returned.
[Entity 0] Calling updatePosition...
[Entity 0] updatePosition returned.
[DIAG] Actor Created ID: 0
[DIAG] Actor smartMove type: function
[DIAG] Actor smartMove body snapshot: smartMove(tx, tz, time, depth = 0) {
    if (isNaN(tx) || isNaN(tz)) {
      console.error(`[Actor $
[UnitCore.js] Unit Created ID:0 Role:worker Pos:5,5 Special:false
[Unit 0] State Change: None -> Wander
[UnitCore.js] Unit Created ID:0 Role:worker Pos:5,5
[UnitCore.js] Unit Construction Finished ID:0

[90mstdout[2m | src/tests/MarkerEndToEnd.test.js[2m > [22m[2mMarker End-to-End: Persistence and Wrap Support[2m > [22m[2mshould persist through pathfinding delays for manual jobs
[22m[39mDisposing detached game instance

[90mstdout[2m | src/tests/MigrationImprovement.test.js[2m > [22m[2mMigration Improvements[2m > [22m[2mshould retry migration after 30 seconds timeout
[22m[39m[Entity 0] CONSTRUCTOR START: type=unit at 50,50
[Entity 0] Calling registerEntity...
[Entity 0] registerEntity returned.
[Entity 0] Calling updatePosition...
[Entity 0] updatePosition returned.
[DIAG] Actor Created ID: 0
[DIAG] Actor smartMove type: function
[DIAG] Actor smartMove body snapshot: smartMove(tx, tz, time, depth = 0) {
    if (isNaN(tx) || isNaN(tz)) {
      console.error(`[Actor $
[UnitCore.js] Unit Created ID:0 Role:worker Pos:50,50 Special:false
[Unit 0] State Change: None -> Wander
[UnitCore.js] Unit Created ID:0 Role:worker Pos:50,50
[UnitCore.js] Unit Construction Finished ID:0

[90mstdout[2m | src/tests/MigrationImprovement.test.js[2m > [22m[2mMigration Improvements[2m > [22m[2mshould retry migration after 30 seconds timeout
[22m[39m[Actor test-migrant] Resetting Unreachable (Target changed or initializing)
[Actor test-migrant] Resetting Unreachable (Target changed or initializing)
[Actor test-migrant] Resetting Unreachable (Target changed or initializing)
[Actor test-migrant] Pathfinding SUCCESS: Got 1 nodes to 89.7214637914452,47.500937322733336
[Entity test-migrant] startMove -> isMoving:true. Target:89.7214637914452,47.500937322733336 StartTime:0.0000

[90mstdout[2m | src/tests/MigrationImprovement.test.js[2m > [22m[2mMigration Improvements[2m > [22m[2mshould interrupt migration if enemy is found (Priority)
[22m[39m[Entity 1] CONSTRUCTOR START: type=unit at 50,50
[Entity 1] Calling registerEntity...
[Entity 1] registerEntity returned.
[Entity 1] Calling updatePosition...
[Entity 1] updatePosition returned.
[DIAG] Actor Created ID: 1
[DIAG] Actor smartMove type: function
[DIAG] Actor smartMove body snapshot: smartMove(tx, tz, time, depth = 0) {
    if (isNaN(tx) || isNaN(tz)) {
      console.error(`[Actor $
[UnitCore.js] Unit Created ID:1 Role:worker Pos:50,50 Special:false
[UnitCore.js] Unit Created ID:1 Role:worker Pos:50,50
[UnitCore.js] Unit Construction Finished ID:1

[90mstdout[2m | src/tests/MarkerEndToEnd.test.js[2m > [22m[2mMarker End-to-End: Persistence and Wrap Support[2m > [22m[2mshould persist through pathfinding delays for manual jobs
[22m[39m[Entity 1] CONSTRUCTOR START: type=unit at 5,5
[Entity 1] Calling registerEntity...
[Entity 1] registerEntity returned.
[Entity 1] Calling updatePosition...
[Entity 1] updatePosition returned.
[DIAG] Actor Created ID: 1
[DIAG] Actor smartMove type: function
[DIAG] Actor smartMove body snapshot: smartMove(tx, tz, time, depth = 0) {
    if (isNaN(tx) || isNaN(tz)) {
      console.error(`[Actor $
[UnitCore.js] Unit Created ID:1 Role:worker Pos:5,5 Special:false
[UnitCore.js] Unit Created ID:1 Role:worker Pos:5,5
[UnitCore.js] Unit Construction Finished ID:1

[90mstdout[2m | src/tests/JobAssignment.test.js
[22m[39m[DEBUG] Game.ts top-level load

[90mstdout[2m | src/tests/MigrationImprovement.test.js[2m > [22m[2mMigration Improvements[2m > [22m[2mshould interrupt migration if enemy is found (Priority)
[22m[39m[Actor test-migrant] Resetting Unreachable (Target changed or initializing)
[Test Debug] Action after 1st update: Chasing
[Actor test-migrant] Resetting Unreachable (Target changed or initializing)
[Test Debug] Action after 2nd update: Chasing
[Actor test-migrant] Pathfinding SUCCESS: Got 1 nodes to 82.02642358470139,31.521088541869773
[Actor test-migrant] Resetting Unreachable (Target changed or initializing)
[Entity test-migrant] startMove -> isMoving:true. Target:82.02642358470139,31.521088541869773 StartTime:0.0000

[90mstdout[2m | src/tests/MarkerEndToEnd.test.js[2m > [22m[2mMarker End-to-End: Persistence and Wrap Support[2m > [22m[2mshould persist through pathfinding delays for manual jobs
[22m[39m[Actor 1] Resetting Unreachable (Target changed or initializing)
[Test] Loop Start
[Test] Iter 0: State=Job Target=Yes
[Test] Iter 10: State=Job Target=Yes
[Test] Iter 20: State=Job Target=Yes
[Test] Loop End
[Test] Unit TargetReq: req_manual
[Actor 1] Pathfinding SUCCESS: Got 2 nodes to 50,50

[90mstdout[2m | src/tests/MarkerEndToEnd.test.js[2m > [22m[2mMarker End-to-End: Persistence and Wrap Support[2m > [22m[2mshould handle sequential manual instructions with efficient preemption
[22m[39mDisposing detached game instance

[90mstdout[2m | src/tests/MarkerEndToEnd.test.js[2m > [22m[2mMarker End-to-End: Persistence and Wrap Support[2m > [22m[2mshould handle sequential manual instructions with efficient preemption
[22m[39m[Entity 2] CONSTRUCTOR START: type=unit at 5,5
[Entity 2] Calling registerEntity...
[Entity 2] registerEntity returned.
[Entity 2] Calling updatePosition...
[Entity 2] updatePosition returned.
[DIAG] Actor Created ID: 2
[DIAG] Actor smartMove type: function
[DIAG] Actor smartMove body snapshot: smartMove(tx, tz, time, depth = 0) {
    if (isNaN(tx) || isNaN(tz)) {
      console.error(`[Actor $
[UnitCore.js] Unit Created ID:2 Role:worker Pos:5,5 Special:false
[UnitCore.js] Unit Created ID:2 Role:worker Pos:5,5
[UnitCore.js] Unit Construction Finished ID:2

[90mstdout[2m | src/tests/MarkerEndToEnd.test.js[2m > [22m[2mMarker End-to-End: Persistence and Wrap Support[2m > [22m[2mshould handle sequential manual instructions with efficient preemption
[22m[39m[MockGame] Assigning req_0 to Unit 1 (DistSq: 11250)
[MockGame] Claiming req_0 for Unit 1
[Actor 1] Resetting Unreachable (Target changed or initializing)
[MockGame] No unit found for req_1
[MockGame] No unit found for req_1
[MockGame] Assigning req_2 to Unit 1 (DistSq: 2)
[MockGame] Claiming req_2 for Unit 1
[Actor 1] Resetting Unreachable (Target changed or initializing)
[Entity 1] startMove -> isMoving:true. Target:6,6 StartTime:100.0000

[90mstdout[2m | src/tests/MarkerEndToEnd.test.js[2m > [22m[2mMarker End-to-End: Persistence and Wrap Support[2m > [22m[2mshould assign pending jobs to newly spawned workers
[22m[39mDisposing detached game instance

[90mstdout[2m | src/tests/MarkerEndToEnd.test.js[2m > [22m[2mMarker End-to-End: Persistence and Wrap Support[2m > [22m[2mshould assign pending jobs to newly spawned workers
[22m[39m[Entity 3] CONSTRUCTOR START: type=unit at 5,5
[Entity 3] Calling registerEntity...
[Entity 3] registerEntity returned.
[Entity 3] Calling updatePosition...
[Entity 3] updatePosition returned.
[DIAG] Actor Created ID: 3
[DIAG] Actor smartMove type: function
[DIAG] Actor smartMove body snapshot: smartMove(tx, tz, time, depth = 0) {
    if (isNaN(tx) || isNaN(tz)) {
      console.error(`[Actor $
[UnitCore.js] Unit Created ID:3 Role:worker Pos:5,5 Special:false
[UnitCore.js] Unit Created ID:3 Role:worker Pos:5,5
[UnitCore.js] Unit Construction Finished ID:3

[90mstdout[2m | src/tests/MarkerEndToEnd.test.js[2m > [22m[2mMarker End-to-End: Persistence and Wrap Support[2m > [22m[2mshould assign pending jobs to newly spawned workers
[22m[39m[MockGame] Assigning req_0 to Unit 1 (DistSq: 11250)
[MockGame] Claiming req_0 for Unit 1
[Actor 1] Resetting Unreachable (Target changed or initializing)
[MockGame] No unit found for req_1
[Entity 4] CONSTRUCTOR START: type=unit at 50,50
[Entity 4] Calling registerEntity...
[Entity 4] registerEntity returned.
[Entity 4] Calling updatePosition...
[Entity 4] updatePosition returned.
[DIAG] Actor Created ID: 4
[DIAG] Actor smartMove type: function
[DIAG] Actor smartMove body snapshot: smartMove(tx, tz, time, depth = 0) {
    if (isNaN(tx) || isNaN(tz)) {
      console.error(`[Actor $
[UnitCore.js] Unit Created ID:4 Role:worker Pos:50,50 Special:false
[UnitCore.js] Unit Created ID:4 Role:worker Pos:50,50
[UnitCore.js] Unit Construction Finished ID:4
[MockGame] Assigning req_1 to Unit 101 (DistSq: 5000)
[MockGame] Claiming req_1 for Unit 101
[Actor 101] Resetting Unreachable (Target changed or initializing)
[Actor 1] Pathfinding SUCCESS: Got 2 nodes to 80,80
[Entity 1] startMove -> isMoving:true. Target:80,80 StartTime:100.0000
[Actor 101] Pathfinding SUCCESS: Got 2 nodes to 100,100
[Entity 101] startMove -> isMoving:true. Target:100,100 StartTime:0.0000

[90mstdout[2m | src/tests/MarkerEndToEnd.test.js[2m > [22m[2mMarker End-to-End: Persistence and Wrap Support[2m > [22m[2mshould handle job cancellation and release worker
[22m[39mDisposing detached game instance

 [32m笨・[39m src/tests/JobAssignment.test.js [2m([22m[2m3 tests[22m[2m)[22m[32m 12[2mms[22m[39m
[90mstdout[2m | src/tests/MarkerEndToEnd.test.js[2m > [22m[2mMarker End-to-End: Persistence and Wrap Support[2m > [22m[2mshould handle job cancellation and release worker
[22m[39m[Entity 5] CONSTRUCTOR START: type=unit at 5,5
[Entity 5] Calling registerEntity...
[Entity 5] registerEntity returned.
[Entity 5] Calling updatePosition...
[Entity 5] updatePosition returned.
[DIAG] Actor Created ID: 5
[DIAG] Actor smartMove type: function
[DIAG] Actor smartMove body snapshot: smartMove(tx, tz, time, depth = 0) {
    if (isNaN(tx) || isNaN(tz)) {
      console.error(`[Actor $
[UnitCore.js] Unit Created ID:5 Role:worker Pos:5,5 Special:false
[UnitCore.js] Unit Created ID:5 Role:worker Pos:5,5
[UnitCore.js] Unit Construction Finished ID:5

[90mstdout[2m | src/tests/MarkerEndToEnd.test.js[2m > [22m[2mMarker End-to-End: Persistence and Wrap Support[2m > [22m[2mshould handle job cancellation and release worker
[22m[39m[MockGame] Assigning req_0 to Unit 1 (DistSq: 2450)
[MockGame] Claiming req_0 for Unit 1
[Actor 1] Resetting Unreachable (Target changed or initializing)

[90mstdout[2m | src/tests/MigrationImprovement.test.js[2m > [22m[2mMigration Improvements[2m > [22m[2mshould stop migrating if construction succeeds
[22m[39m[Entity 2] CONSTRUCTOR START: type=unit at 50,50
[Entity 2] Calling registerEntity...
[Entity 2] registerEntity returned.
[Entity 2] Calling updatePosition...
[Entity 2] updatePosition returned.
[DIAG] Actor Created ID: 2
[DIAG] Actor smartMove type: function
[DIAG] Actor smartMove body snapshot: smartMove(tx, tz, time, depth = 0) {
    if (isNaN(tx) || isNaN(tz)) {
      console.error(`[Actor $
[UnitCore.js] Unit Created ID:2 Role:worker Pos:50,50 Special:false
[UnitCore.js] Unit Created ID:2 Role:worker Pos:50,50
[UnitCore.js] Unit Construction Finished ID:2

[90mstdout[2m | src/tests/MarkerEndToEnd.test.js[2m > [22m[2mMarker End-to-End: Persistence and Wrap Support[2m > [22m[2mshould handle job cancellation and release worker
[22m[39m[Actor 1] Pathfinding SUCCESS: Got 2 nodes to 40,40
[Entity 1] startMove -> isMoving:true. Target:40,40 StartTime:100.0000

[90mstdout[2m | src/tests/MigrationImprovement.test.js[2m > [22m[2mMigration Improvements[2m > [22m[2mshould stop migrating if construction succeeds
[22m[39m[Actor test-migrant] Resetting Unreachable (Target changed or initializing)

[90mstdout[2m | src/tests/MigrationImprovement.test.js[2m > [22m[2mMigration Improvements[2m > [22m[2mshould stop migrating if construction succeeds
[22m[39m[Actor test-migrant] Pathfinding SUCCESS: Got 1 nodes to 76.98433037108315,62.22819948571501
[Entity test-migrant] startMove -> isMoving:true. Target:76.98433037108315,62.22819948571501 StartTime:0.0000

[90mstdout[2m | src/tests/MigrationImprovement.test.js[2m > [22m[2mMigration Improvements[2m > [22m[2mDEBUG: should log blockage reasons correctly
[22m[39m[Entity 3] CONSTRUCTOR START: type=unit at 50,50
[Entity 3] Calling registerEntity...
[Entity 3] registerEntity returned.
[Entity 3] Calling updatePosition...
[Entity 3] updatePosition returned.
[DIAG] Actor Created ID: 3
[DIAG] Actor smartMove type: function
[DIAG] Actor smartMove body snapshot: smartMove(tx, tz, time, depth = 0) {
    if (isNaN(tx) || isNaN(tz)) {
      console.error(`[Actor $
[UnitCore.js] Unit Created ID:3 Role:worker Pos:50,50 Special:false
[UnitCore.js] Unit Created ID:3 Role:worker Pos:50,50
[UnitCore.js] Unit Construction Finished ID:3

 [32m笨・[39m src/tests/MarkerEndToEnd.test.js [2m([22m[2m5 tests[22m[2m)[22m[32m 51[2mms[22m[39m
 [32m笨・[39m src/tests/MigrationImprovement.test.js [2m([22m[2m4 tests[22m[2m)[22m[32m 47[2mms[22m[39m
[90mstdout[2m | src/tests/ResourceGathering.test.js
[22m[39m[DEBUG] Building.ts loaded

[90mstdout[2m | src/tests/ResourceGathering.test.js
[22m[39m[DEBUG] Terrain.ts top-level load

[90mstdout[2m | src/tests/UnitAISearch.test.js
[22m[39m[DEBUG] Actor.ts loaded

[90mstdout[2m | src/tests/ResourceGathering.test.js
[22m[39m[DEBUG] Actor.ts loaded

[90mstdout[2m | src/tests/UnitAISearch.test.js
[22m[39m[DEBUG] Building.ts loaded

[90mstdout[2m | src/tests/UnitAISearch.test.js
[22m[39m[DEBUG] Terrain.ts top-level load

[90mstdout[2m | src/tests/UnitAISearch.test.js[2m > [22m[2mUnit AI Search Optimization[2m > [22m[2mshould use Spatial Search to find goblin
[22m[39m[Entity 0] CONSTRUCTOR START: type=unit at 0,0
[Entity 0] Calling registerEntity...
[Entity 0] registerEntity returned.
[Entity 0] Calling updatePosition...
[Entity 0] updatePosition returned.
[DIAG] Actor Created ID: 0
[DIAG] Actor smartMove type: function
[DIAG] Actor smartMove body snapshot: smartMove(tx, tz, time, depth = 0) {
    if (isNaN(tx) || isNaN(tz)) {
      console.error(`[Actor $
[UnitCore.js] Unit Created ID:0 Role:guard Pos:0,0 Special:false
[Unit 0] State Change: None -> Wander
[UnitCore.js] Unit Created ID:0 Role:guard Pos:0,0
[UnitCore.js] Unit Construction Finished ID:0

 [32m笨・[39m src/tests/UnitAISearch.test.js [2m([22m[2m2 tests[22m[2m)[22m[32m 20[2mms[22m[39m
[90mstdout[2m | src/tests/TerrainJobReach.test.js
[22m[39m[DEBUG] Building.ts loaded

[90mstdout[2m | src/tests/TerrainJobReach.test.js
[22m[39m[DEBUG] Terrain.ts top-level load

[90mstdout[2m | src/tests/ResourceGathering.test.js
[22m[39m[DEBUG] Goblin.ts loaded

[90mstdout[2m | src/tests/ResourceGathering.test.js
[22m[39m[Import Debug] Raid: function, Combat: function, Wander: function

[90mstdout[2m | src/tests/TerrainJobReach.test.js
[22m[39m[DEBUG] Actor.ts loaded

[90mstdout[2m | src/tests/ResourceGathering.test.js
[22m[39m[DEBUG] Game.ts top-level load

[90mstdout[2m | src/tests/ResourceGathering.test.js[2m > [22m[2mResourceGathering Regression Test[2m > [22m[2mFisher should gather fish when near water
[22m[39m[Entity 0] CONSTRUCTOR START: type=unit at 6,5
[Entity 0] Calling registerEntity...
[Entity 0] registerEntity returned.
[Entity 0] Calling updatePosition...
[Entity 0] updatePosition returned.
[DIAG] Actor Created ID: 0
[DIAG] Actor smartMove type: function
[DIAG] Actor smartMove body snapshot: smartMove(tx, tz, time, depth = 0) {
    if (isNaN(tx) || isNaN(tz)) {
      console.error(`[Actor $
[UnitCore.js] Unit Created ID:0 Role:fisher Pos:6,5 Special:false
[Unit 0] State Change: None -> Wander
[UnitCore.js] Unit Created ID:0 Role:fisher Pos:6,5
[UnitCore.js] Unit Construction Finished ID:0
[Actor 0] Resetting Unreachable (Target changed or initializing)
[Entity 0] startMove -> isMoving:true. Target:7,6 StartTime:0.0000

[90mstdout[2m | src/tests/ResourceGathering.test.js[2m > [22m[2mResourceGathering Regression Test[2m > [22m[2mHunter should gather meat when near forest
[22m[39m[Entity 1] CONSTRUCTOR START: type=unit at 11,10
[Entity 1] Calling registerEntity...
[Entity 1] registerEntity returned.
[Entity 1] Calling updatePosition...
[Entity 1] updatePosition returned.
[DIAG] Actor Created ID: 1
[DIAG] Actor smartMove type: function
[DIAG] Actor smartMove body snapshot: smartMove(tx, tz, time, depth = 0) {
    if (isNaN(tx) || isNaN(tz)) {
      console.error(`[Actor $
[UnitCore.js] Unit Created ID:1 Role:hunter Pos:11,10 Special:false
[UnitCore.js] Unit Created ID:1 Role:hunter Pos:11,10
[UnitCore.js] Unit Construction Finished ID:1
[Actor 1] Resetting Unreachable (Target changed or initializing)
[Entity 1] startMove -> isMoving:true. Target:12,10 StartTime:0.0000

[90mstdout[2m | src/tests/ResourceGathering.test.js[2m > [22m[2mResourceGathering Regression Test[2m > [22m[2mWorker should NOT gather resources automatically
[22m[39m[Entity 2] CONSTRUCTOR START: type=unit at 6,5
[Entity 2] Calling registerEntity...
[Entity 2] registerEntity returned.
[Entity 2] Calling updatePosition...
[Entity 2] updatePosition returned.
[DIAG] Actor Created ID: 2
[DIAG] Actor smartMove type: function
[DIAG] Actor smartMove body snapshot: smartMove(tx, tz, time, depth = 0) {
    if (isNaN(tx) || isNaN(tz)) {
      console.error(`[Actor $
[UnitCore.js] Unit Created ID:2 Role:worker Pos:6,5 Special:false
[UnitCore.js] Unit Created ID:2 Role:worker Pos:6,5
[UnitCore.js] Unit Construction Finished ID:2

[90mstdout[2m | src/tests/TerrainJobReach.test.js
[22m[39m[DEBUG] Goblin.ts loaded

[90mstdout[2m | src/tests/ResourceGathering.test.js[2m > [22m[2mResourceGathering Regression Test[2m > [22m[2mFisher should seek water during patrol
[22m[39m[Entity 3] CONSTRUCTOR START: type=unit at 15,15
[Entity 3] Calling registerEntity...
[Entity 3] registerEntity returned.
[Entity 3] Calling updatePosition...
[Entity 3] updatePosition returned.
[DIAG] Actor Created ID: 3
[DIAG] Actor smartMove type: function
[DIAG] Actor smartMove body snapshot: smartMove(tx, tz, time, depth = 0) {
    if (isNaN(tx) || isNaN(tz)) {
      console.error(`[Actor $
[UnitCore.js] Unit Created ID:3 Role:fisher Pos:15,15 Special:false
[UnitCore.js] Unit Created ID:3 Role:fisher Pos:15,15
[UnitCore.js] Unit Construction Finished ID:3
[Actor 3] Resetting Unreachable (Target changed or initializing)

[90mstdout[2m | src/tests/ResourceGathering.test.js[2m > [22m[2mResourceGathering Regression Test[2m > [22m[2mFisher should seek water during patrol
[22m[39m[Actor 3] Pathfinding SUCCESS: Got 1 nodes to 5,4
[Entity 3] startMove -> isMoving:true. Target:5,4 StartTime:0.0000

[90mstdout[2m | src/tests/ResourceGathering.test.js[2m > [22m[2mResourceGathering Regression Test[2m > [22m[2mHunter should seek forest during patrol
[22m[39m[Entity 4] CONSTRUCTOR START: type=unit at 0,0
[Entity 4] Calling registerEntity...
[Entity 4] registerEntity returned.
[Entity 4] Calling updatePosition...
[Entity 4] updatePosition returned.
[DIAG] Actor Created ID: 4
[DIAG] Actor smartMove type: function
[DIAG] Actor smartMove body snapshot: smartMove(tx, tz, time, depth = 0) {
    if (isNaN(tx) || isNaN(tz)) {
      console.error(`[Actor $
[UnitCore.js] Unit Created ID:4 Role:hunter Pos:0,0 Special:false
[UnitCore.js] Unit Created ID:4 Role:hunter Pos:0,0
[UnitCore.js] Unit Construction Finished ID:4
[Actor 4] Resetting Unreachable (Target changed or initializing)

[90mstdout[2m | src/tests/ResourceGathering.test.js[2m > [22m[2mResourceGathering Regression Test[2m > [22m[2mHunter should seek forest during patrol
[22m[39m[Actor 4] Pathfinding SUCCESS: Got 1 nodes to 16,15
[Entity 4] startMove -> isMoving:true. Target:16,15 StartTime:0.0000

 [32m笨・[39m src/tests/ResourceGathering.test.js [2m([22m[2m5 tests[22m[2m)[22m[32m 38[2mms[22m[39m
[90mstdout[2m | src/tests/TerrainJobReach.test.js
[22m[39m[Import Debug] Raid: function, Combat: function, Wander: function

[90mstdout[2m | src/tests/TerrainJobReach.test.js
[22m[39m[DEBUG] Game.ts top-level load

[90mstdout[2m | src/tests/UnitBehavior.test.js
[22m[39m[DEBUG] Actor.ts loaded

[90mstdout[2m | src/tests/TerrainJobReach.test.js[2m > [22m[2mTerrain Job Reachability Test[2m > [22m[2mWorker should complete raise request on water from adjacent tile (Distance 1.0)
[22m[39m[Entity 0] CONSTRUCTOR START: type=unit at 9,10
[Entity 0] Calling registerEntity...
[Entity 0] registerEntity returned.
[Entity 0] Calling updatePosition...
[Entity 0] updatePosition returned.
[DIAG] Actor Created ID: 0
[DIAG] Actor smartMove type: function
[DIAG] Actor smartMove body snapshot: smartMove(tx, tz, time, depth = 0) {
    if (isNaN(tx) || isNaN(tz)) {
      console.error(`[Actor $
[UnitCore.js] Unit Created ID:0 Role:worker Pos:9,10 Special:false
[Unit 0] State Change: None -> Wander
[UnitCore.js] Unit Created ID:0 Role:worker Pos:9,10
[UnitCore.js] Unit Construction Finished ID:0
[Unit 0] State Change: Wander -> Job
[Actor 0] Resetting Unreachable (Target changed or initializing)
[Entity 0] startMove -> isMoving:true. Target:10,10 StartTime:0.0000
[Unit 0] State Change: Job -> Wander

[90mstdout[2m | src/tests/TerrainJobReach.test.js[2m > [22m[2mTerrain Job Reachability Test[2m > [22m[2mWorker should complete raise request on water from diagonal tile (Distance ~1.414)
[22m[39m[Entity 1] CONSTRUCTOR START: type=unit at 9,9
[Entity 1] Calling registerEntity...
[Entity 1] registerEntity returned.
[Entity 1] Calling updatePosition...
[Entity 1] updatePosition returned.
[DIAG] Actor Created ID: 1
[DIAG] Actor smartMove type: function
[DIAG] Actor smartMove body snapshot: smartMove(tx, tz, time, depth = 0) {
    if (isNaN(tx) || isNaN(tz)) {
      console.error(`[Actor $
[UnitCore.js] Unit Created ID:1 Role:worker Pos:9,9 Special:false
[UnitCore.js] Unit Created ID:1 Role:worker Pos:9,9
[UnitCore.js] Unit Construction Finished ID:1
[Actor 1] Resetting Unreachable (Target changed or initializing)
[Entity 1] startMove -> isMoving:true. Target:10,10 StartTime:0.0000

[90mstdout[2m | src/tests/TerrainJobReach.test.js[2m > [22m[2mTerrain Job Reachability Test[2m > [22m[2mWorker should NOT complete job if distance is > 2.1 (outside new threshold)
[22m[39m[Entity 2] CONSTRUCTOR START: type=unit at 7,10
[Entity 2] Calling registerEntity...
[Entity 2] registerEntity returned.
[Entity 2] Calling updatePosition...
[Entity 2] updatePosition returned.
[DIAG] Actor Created ID: 2
[DIAG] Actor smartMove type: function
[DIAG] Actor smartMove body snapshot: smartMove(tx, tz, time, depth = 0) {
    if (isNaN(tx) || isNaN(tz)) {
      console.error(`[Actor $
[UnitCore.js] Unit Created ID:2 Role:worker Pos:7,10 Special:false
[UnitCore.js] Unit Created ID:2 Role:worker Pos:7,10
[UnitCore.js] Unit Construction Finished ID:2
[Actor 2] Resetting Unreachable (Target changed or initializing)

[90mstdout[2m | src/tests/TerrainJobReach.test.js[2m > [22m[2mTerrain Job Reachability Test[2m > [22m[2mWorker should NOT complete job if distance is > 2.1 (outside new threshold)
[22m[39m[Actor 2] Pathfinding SUCCESS: Got 1 nodes to 10,10

[90mstdout[2m | src/tests/TerrainJobReach.test.js[2m > [22m[2mTerrain Job Reachability Test[2m > [22m[2mWorker should NOT complete job if distance is > 2.1 (outside new threshold)
[22m[39m[Actor 2] Pathfinding SUCCESS: Got 1 nodes to 10,10

[90mstdout[2m | src/tests/TerrainJobReach.test.js[2m > [22m[2mTerrain Job Reachability Test[2m > [22m[2mWorker should NOT complete job if distance is > 2.1 (outside new threshold)
[22m[39m[Actor 2] Pathfinding SUCCESS: Got 1 nodes to 10,10

[90mstdout[2m | src/tests/TerrainJobReach.test.js[2m > [22m[2mTerrain Job Reachability Test[2m > [22m[2mWorker should NOT complete job if distance is > 2.1 (outside new threshold)
[22m[39m[Actor 2] Pathfinding SUCCESS: Got 1 nodes to 10,10

[90mstdout[2m | src/tests/TerrainJobReach.test.js[2m > [22m[2mTerrain Job Reachability Test[2m > [22m[2mWorker should NOT complete job if distance is > 2.1 (outside new threshold)
[22m[39m[Actor 2] Pathfinding SUCCESS: Got 1 nodes to 10,10

[90mstdout[2m | src/tests/TerrainJobReach.test.js[2m > [22m[2mTerrain Job Reachability Test[2m > [22m[2mWorker should NOT complete job if distance is > 2.1 (outside new threshold)
[22m[39m[Actor 2] Pathfinding SUCCESS: Got 1 nodes to 10,10

 [32m笨・[39m src/tests/TerrainJobReach.test.js [2m([22m[2m3 tests[22m[2m)[22m[32m 34[2mms[22m[39m
[90mstdout[2m | src/tests/UnitBehavior.test.js[2m > [22m[2mUnit Behavior Mode[2m > [22m[2mshould return Patrol for Knight/Wizard when idle
[22m[39mDisposing detached game instance

[90mstdout[2m | src/tests/UnitBehavior.test.js[2m > [22m[2mUnit Behavior Mode[2m > [22m[2mshould return Patrol for Knight/Wizard when idle
[22m[39m[Entity 0] CONSTRUCTOR START: type=unit at 5,5
[Entity 0] Calling registerEntity...
[Entity 0] registerEntity returned.
[Entity 0] Calling updatePosition...
[Entity 0] updatePosition returned.
[DIAG] Actor Created ID: 0
[DIAG] Actor smartMove type: function
[DIAG] Actor smartMove body snapshot: smartMove(tx, tz, time, depth = 0) {
    if (isNaN(tx) || isNaN(tz)) {
      console.error(`[Actor $
[UnitCore.js] Unit Created ID:0 Role:undefined Pos:5,5 Special:false
[Unit 0] State Change: None -> Wander
[UnitCore.js] Unit Created ID:0 Role:worker Pos:5,5
[UnitCore.js] Unit Construction Finished ID:0

[90mstdout[2m | src/tests/UnitBehavior.test.js[2m > [22m[2mUnit Behavior Mode[2m > [22m[2mshould return Wander for Worker when idle
[22m[39mDisposing detached game instance

[90mstdout[2m | src/tests/UnitBehavior.test.js[2m > [22m[2mUnit Behavior Mode[2m > [22m[2mshould return Wander for Worker when idle
[22m[39m[Entity 1] CONSTRUCTOR START: type=unit at 5,5
[Entity 1] Calling registerEntity...
[Entity 1] registerEntity returned.
[Entity 1] Calling updatePosition...
[Entity 1] updatePosition returned.
[DIAG] Actor Created ID: 1
[DIAG] Actor smartMove type: function
[DIAG] Actor smartMove body snapshot: smartMove(tx, tz, time, depth = 0) {
    if (isNaN(tx) || isNaN(tz)) {
      console.error(`[Actor $
[UnitCore.js] Unit Created ID:1 Role:undefined Pos:5,5 Special:false
[UnitCore.js] Unit Created ID:1 Role:worker Pos:5,5
[UnitCore.js] Unit Construction Finished ID:1

[90mstdout[2m | src/tests/UnitBehavior.test.js[2m > [22m[2mUnit Behavior Mode[2m > [22m[2mshould return Combat when targetGoblin is set
[22m[39mDisposing detached game instance

[90mstdout[2m | src/tests/UnitBehavior.test.js[2m > [22m[2mUnit Behavior Mode[2m > [22m[2mshould return Combat when targetGoblin is set
[22m[39m[Entity 2] CONSTRUCTOR START: type=unit at 5,5
[Entity 2] Calling registerEntity...
[Entity 2] registerEntity returned.
[Entity 2] Calling updatePosition...
[Entity 2] updatePosition returned.
[DIAG] Actor Created ID: 2
[DIAG] Actor smartMove type: function
[DIAG] Actor smartMove body snapshot: smartMove(tx, tz, time, depth = 0) {
    if (isNaN(tx) || isNaN(tz)) {
      console.error(`[Actor $
[UnitCore.js] Unit Created ID:2 Role:undefined Pos:5,5 Special:false
[UnitCore.js] Unit Created ID:2 Role:worker Pos:5,5
[UnitCore.js] Unit Construction Finished ID:2

[90mstdout[2m | src/tests/UnitBehavior.test.js[2m > [22m[2mUnit Behavior Mode[2m > [22m[2mshould return Siege when targetBuilding is set
[22m[39mDisposing detached game instance

[90mstdout[2m | src/tests/UnitBehavior.test.js[2m > [22m[2mUnit Behavior Mode[2m > [22m[2mshould return Siege when targetBuilding is set
[22m[39m[Entity 3] CONSTRUCTOR START: type=unit at 5,5
[Entity 3] Calling registerEntity...
[Entity 3] registerEntity returned.
[Entity 3] Calling updatePosition...
[Entity 3] updatePosition returned.
[DIAG] Actor Created ID: 3
[DIAG] Actor smartMove type: function
[DIAG] Actor smartMove body snapshot: smartMove(tx, tz, time, depth = 0) {
    if (isNaN(tx) || isNaN(tz)) {
      console.error(`[Actor $
[UnitCore.js] Unit Created ID:3 Role:undefined Pos:5,5 Special:false
[UnitCore.js] Unit Created ID:3 Role:worker Pos:5,5
[UnitCore.js] Unit Construction Finished ID:3

[90mstdout[2m | src/tests/UnitBehavior.test.js[2m > [22m[2mUnit Behavior Mode[2m > [22m[2mshould return Working when targetRequest is set
[22m[39mDisposing detached game instance

[90mstdout[2m | src/tests/UnitBehavior.test.js[2m > [22m[2mUnit Behavior Mode[2m > [22m[2mshould return Working when targetRequest is set
[22m[39m[Entity 4] CONSTRUCTOR START: type=unit at 5,5
[Entity 4] Calling registerEntity...
[Entity 4] registerEntity returned.
[Entity 4] Calling updatePosition...
[Entity 4] updatePosition returned.
[DIAG] Actor Created ID: 4
[DIAG] Actor smartMove type: function
[DIAG] Actor smartMove body snapshot: smartMove(tx, tz, time, depth = 0) {
    if (isNaN(tx) || isNaN(tz)) {
      console.error(`[Actor $
[UnitCore.js] Unit Created ID:4 Role:undefined Pos:5,5 Special:false
[UnitCore.js] Unit Created ID:4 Role:worker Pos:5,5
[UnitCore.js] Unit Construction Finished ID:4

stderr | src/tests/UnitBehavior.test.js > Unit Behavior Mode > should return Working when targetRequest is set
[Actor 1] smartMove received NaN target: undefined,undefined 

[90mstdout[2m | src/tests/UnitBehavior.test.js[2m > [22m[2mUnit Behavior Mode[2m > [22m[2mshould return Patrolling with coords when targetRaidPoint is set
[22m[39mDisposing detached game instance

[90mstdout[2m | src/tests/UnitBehavior.test.js[2m > [22m[2mUnit Behavior Mode[2m > [22m[2mshould return Patrolling with coords when targetRaidPoint is set
[22m[39m[Entity 5] CONSTRUCTOR START: type=unit at 5,5
[Entity 5] Calling registerEntity...
[Entity 5] registerEntity returned.
[Entity 5] Calling updatePosition...
[Entity 5] updatePosition returned.
[DIAG] Actor Created ID: 5
[DIAG] Actor smartMove type: function
[DIAG] Actor smartMove body snapshot: smartMove(tx, tz, time, depth = 0) {
    if (isNaN(tx) || isNaN(tz)) {
      console.error(`[Actor $
[UnitCore.js] Unit Created ID:5 Role:undefined Pos:5,5 Special:false
[UnitCore.js] Unit Created ID:5 Role:worker Pos:5,5
[UnitCore.js] Unit Construction Finished ID:5

[90mstdout[2m | src/tests/UnitBehavior.test.js[2m > [22m[2mUnit Behavior Mode[2m > [22m[2mshould return Wander for Migrating if action is Migrating but state is Wander
[22m[39mDisposing detached game instance

[90mstdout[2m | src/tests/UnitBehavior.test.js[2m > [22m[2mUnit Behavior Mode[2m > [22m[2mshould return Wander for Migrating if action is Migrating but state is Wander
[22m[39m[Entity 6] CONSTRUCTOR START: type=unit at 5,5
[Entity 6] Calling registerEntity...
[Entity 6] registerEntity returned.
[Entity 6] Calling updatePosition...
[Entity 6] updatePosition returned.
[DIAG] Actor Created ID: 6
[DIAG] Actor smartMove type: function
[DIAG] Actor smartMove body snapshot: smartMove(tx, tz, time, depth = 0) {
    if (isNaN(tx) || isNaN(tz)) {
      console.error(`[Actor $
[UnitCore.js] Unit Created ID:6 Role:undefined Pos:5,5 Special:false
[UnitCore.js] Unit Created ID:6 Role:worker Pos:5,5
[UnitCore.js] Unit Construction Finished ID:6

[90mstdout[2m | src/tests/UnitBehavior.test.js[2m > [22m[2mUnit Behavior Mode[2m > [22m[2mshould prioritize Combat mode when in Combat
[22m[39mDisposing detached game instance

[90mstdout[2m | src/tests/UnitBehavior.test.js[2m > [22m[2mUnit Behavior Mode[2m > [22m[2mshould prioritize Combat mode when in Combat
[22m[39m[Entity 7] CONSTRUCTOR START: type=unit at 5,5
[Entity 7] Calling registerEntity...
[Entity 7] registerEntity returned.
[Entity 7] Calling updatePosition...
[Entity 7] updatePosition returned.
[DIAG] Actor Created ID: 7
[DIAG] Actor smartMove type: function
[DIAG] Actor smartMove body snapshot: smartMove(tx, tz, time, depth = 0) {
    if (isNaN(tx) || isNaN(tz)) {
      console.error(`[Actor $
[UnitCore.js] Unit Created ID:7 Role:undefined Pos:5,5 Special:false
[UnitCore.js] Unit Created ID:7 Role:worker Pos:5,5
[UnitCore.js] Unit Construction Finished ID:7

 [32m笨・[39m src/tests/UnitBehavior.test.js [2m([22m[2m8 tests[22m[2m)[22m[32m 36[2mms[22m[39m
[90mstdout[2m | src/tests/UnitMigration.test.js
[22m[39m[DEBUG] Actor.ts loaded

[90mstdout[2m | src/tests/UnitMigration.test.js[2m > [22m[2mUnit Migration Logic[2m > [22m[2mshould return true on successful build
[22m[39m[Entity 0] CONSTRUCTOR START: type=unit at 50,50
[Entity 0] Calling registerEntity...
[Entity 0] registerEntity returned.
[Entity 0] Calling updatePosition...
[Entity 0] updatePosition returned.
[DIAG] Actor Created ID: 0
[DIAG] Actor smartMove type: function
[DIAG] Actor smartMove body snapshot: smartMove(tx, tz, time, depth = 0) {
    if (isNaN(tx) || isNaN(tz)) {
      console.error(`[Actor $
[UnitCore.js] Unit Created ID:0 Role:worker Pos:50,50 Special:false
[Unit 0] State Change: None -> Wander
[UnitCore.js] Unit Created ID:0 Role:worker Pos:50,50
[UnitCore.js] Unit Construction Finished ID:0

[90mstdout[2m | src/tests/UnitMigration.test.js[2m > [22m[2mUnit Migration Logic[2m > [22m[2mshould increment stagnation on failed build
[22m[39mDisposing detached game instance

[90mstdout[2m | src/tests/UnitMigration.test.js[2m > [22m[2mUnit Migration Logic[2m > [22m[2mshould increment stagnation on failed build
[22m[39m[Entity 1] CONSTRUCTOR START: type=unit at 50,50
[Entity 1] Calling registerEntity...
[Entity 1] registerEntity returned.
[Entity 1] Calling updatePosition...
[Entity 1] updatePosition returned.
[DIAG] Actor Created ID: 1
[DIAG] Actor smartMove type: function
[DIAG] Actor smartMove body snapshot: smartMove(tx, tz, time, depth = 0) {
    if (isNaN(tx) || isNaN(tz)) {
      console.error(`[Actor $
[UnitCore.js] Unit Created ID:1 Role:worker Pos:50,50 Special:false
[UnitCore.js] Unit Created ID:1 Role:worker Pos:50,50
[UnitCore.js] Unit Construction Finished ID:1

[90mstdout[2m | src/tests/UnitMigration.test.js[2m > [22m[2mUnit Migration Logic[2m > [22m[2mshould migrate after 20 seconds of stagnation
[22m[39mDisposing detached game instance

[90mstdout[2m | src/tests/UnitMigration.test.js[2m > [22m[2mUnit Migration Logic[2m > [22m[2mshould migrate after 20 seconds of stagnation
[22m[39m[Entity 2] CONSTRUCTOR START: type=unit at 50,50
[Entity 2] Calling registerEntity...
[Entity 2] registerEntity returned.
[Entity 2] Calling updatePosition...
[Entity 2] updatePosition returned.
[DIAG] Actor Created ID: 2
[DIAG] Actor smartMove type: function
[DIAG] Actor smartMove body snapshot: smartMove(tx, tz, time, depth = 0) {
    if (isNaN(tx) || isNaN(tz)) {
      console.error(`[Actor $
[UnitCore.js] Unit Created ID:2 Role:worker Pos:50,50 Special:false
[UnitCore.js] Unit Created ID:2 Role:worker Pos:50,50
[UnitCore.js] Unit Construction Finished ID:2

 [32m笨・[39m src/tests/UnitMigration.test.js [2m([22m[2m3 tests[22m[2m)[22m[32m 27[2mms[22m[39m
[90mstdout[2m | src/tests/CombatRetaliation.test.js
[22m[39m[DEBUG] Actor.ts loaded

[90mstdout[2m | src/tests/Stabilization.test.js
[22m[39m[DEBUG] Actor.ts loaded

[90mstdout[2m | src/tests/CombatRetaliation.test.js
[22m[39m[DEBUG] Goblin.ts loaded

[90mstdout[2m | src/tests/Stabilization.test.js[2m > [22m[2mStabilization Verified[2m > [22m[2mshould NOT overwrite Action: Moving with Idle during Wander state self-transition
[22m[39m[Entity 0] CONSTRUCTOR START: type=unit at 5,5
[Entity 0] Calling registerEntity...
[Entity 0] registerEntity returned.
[Entity 0] Calling updatePosition...
[Entity 0] updatePosition returned.
[DIAG] Actor Created ID: 0
[DIAG] Actor smartMove type: function
[DIAG] Actor smartMove body snapshot: smartMove(tx, tz, time, depth = 0) {
    if (isNaN(tx) || isNaN(tz)) {
      console.error(`[Actor $
[UnitCore.js] Unit Created ID:0 Role:worker Pos:5,5 Special:false
[Unit 0] State Change: None -> Wander
[UnitCore.js] Unit Created ID:0 Role:worker Pos:5,5
[UnitCore.js] Unit Construction Finished ID:0

[90mstdout[2m | src/tests/Stabilization.test.js[2m > [22m[2mStabilization Verified[2m > [22m[2mshould NOT overwrite Action: Moving with Idle during Wander state self-transition
[22m[39m[Unit 0] State Change: Wander -> Wander
[Unit 0] State Change: Wander -> Wander

[90mstdout[2m | src/tests/Stabilization.test.js[2m > [22m[2mStabilization Verified[2m > [22m[2mshould NOT build on slope (Strict Check)
[22m[39mDisposing detached game instance

[90mstdout[2m | src/tests/Stabilization.test.js[2m > [22m[2mStabilization Verified[2m > [22m[2mshould NOT build on slope (Strict Check)
[22m[39m[Entity 1] CONSTRUCTOR START: type=unit at 5,5
[Entity 1] Calling registerEntity...
[Entity 1] registerEntity returned.
[Entity 1] Calling updatePosition...
[Entity 1] updatePosition returned.
[DIAG] Actor Created ID: 1
[DIAG] Actor smartMove type: function
[DIAG] Actor smartMove body snapshot: smartMove(tx, tz, time, depth = 0) {
    if (isNaN(tx) || isNaN(tz)) {
      console.error(`[Actor $
[UnitCore.js] Unit Created ID:1 Role:worker Pos:5,5 Special:false
[UnitCore.js] Unit Created ID:1 Role:worker Pos:5,5
[UnitCore.js] Unit Construction Finished ID:1

[90mstdout[2m | src/tests/Stabilization.test.js[2m > [22m[2mStabilization Verified[2m > [22m[2mshould build on flat ground
[22m[39mDisposing detached game instance

[90mstdout[2m | src/tests/Stabilization.test.js[2m > [22m[2mStabilization Verified[2m > [22m[2mshould build on flat ground
[22m[39m[Entity 2] CONSTRUCTOR START: type=unit at 5,5
[Entity 2] Calling registerEntity...
[Entity 2] registerEntity returned.
[Entity 2] Calling updatePosition...
[Entity 2] updatePosition returned.
[DIAG] Actor Created ID: 2
[DIAG] Actor smartMove type: function
[DIAG] Actor smartMove body snapshot: smartMove(tx, tz, time, depth = 0) {
    if (isNaN(tx) || isNaN(tz)) {
      console.error(`[Actor $
[UnitCore.js] Unit Created ID:2 Role:worker Pos:5,5 Special:false
[UnitCore.js] Unit Created ID:2 Role:worker Pos:5,5
[UnitCore.js] Unit Construction Finished ID:2

[90mstdout[2m | src/tests/Stabilization.test.js[2m > [22m[2mStabilization Verified[2m > [22m[2mshould build on flat ground
[22m[39m[Actor 0] Resetting Unreachable (Target changed or initializing)

[90mstdout[2m | src/tests/Stabilization.test.js[2m > [22m[2mStabilization Verified[2m > [22m[2mshould NOT build infinite houses (Population Cap Logic)
[22m[39mDisposing detached game instance

[90mstdout[2m | src/tests/Stabilization.test.js[2m > [22m[2mStabilization Verified[2m > [22m[2mshould NOT build infinite houses (Population Cap Logic)
[22m[39m[Entity 3] CONSTRUCTOR START: type=unit at 5,5
[Entity 3] Calling registerEntity...
[Entity 3] registerEntity returned.
[Entity 3] Calling updatePosition...
[Entity 3] updatePosition returned.
[DIAG] Actor Created ID: 3
[DIAG] Actor smartMove type: function
[DIAG] Actor smartMove body snapshot: smartMove(tx, tz, time, depth = 0) {
    if (isNaN(tx) || isNaN(tz)) {
      console.error(`[Actor $
[UnitCore.js] Unit Created ID:3 Role:worker Pos:5,5 Special:false
[UnitCore.js] Unit Created ID:3 Role:worker Pos:5,5
[UnitCore.js] Unit Construction Finished ID:3

 [32m笨・[39m src/tests/Stabilization.test.js [2m([22m[2m4 tests[22m[2m)[22m[32m 34[2mms[22m[39m
[90mstdout[2m | src/tests/CombatRetaliation.test.js[2m > [22m[2mCombat Retaliation System[2m > [22m[2mshould retaliate when hit while working (Job)
[22m[39m[Entity 0] CONSTRUCTOR START: type=unit at 10,10
[Entity 0] Calling registerEntity...
[Entity 0] registerEntity returned.
[Entity 0] Calling updatePosition...
[Entity 0] updatePosition returned.
[DIAG] Actor Created ID: 0
[DIAG] Actor smartMove type: function
[DIAG] Actor smartMove body snapshot: smartMove(tx, tz, time, depth = 0) {
    if (isNaN(tx) || isNaN(tz)) {
      console.error(`[Actor $
[UnitCore.js] Unit Created ID:0 Role:worker Pos:10,10 Special:false
[Unit 0] State Change: None -> Wander
[UnitCore.js] Unit Created ID:0 Role:worker Pos:10,10
[UnitCore.js] Unit Construction Finished ID:0
Spawning Goblin...
[Entity 1] CONSTRUCTOR START: type=goblin at 11,10
[Entity 1] Calling registerEntity...
[Entity 1] registerEntity returned.
[Entity 1] Calling updatePosition...
[Entity 1] updatePosition returned.
[DIAG] Actor Created ID: 1
[DIAG] Actor smartMove type: function
[DIAG] Actor smartMove body snapshot: smartMove(tx, tz, time, depth = 0) {
    if (isNaN(tx) || isNaN(tz)) {
      console.error(`[Actor $

[90mstdout[2m | src/tests/CombatRetaliation.test.js[2m > [22m[2mCombat Retaliation System[2m > [22m[2mshould retaliate when hit while working (Job)
[22m[39m[Unit 0] State Change: Wander -> Job
[Actor 0] Resetting Unreachable (Target changed or initializing)
[Unit 0] State Change: Job -> Wander
[Unit 0] State Change: Wander -> Combat
SUCCESS: Unit switched to Combat.
[Combat Debug 0] Update Start. TargetG:true TargetB:false

[90mstdout[2m | src/tests/CombatRetaliation.test.js[2m > [22m[2mCombat Retaliation System[2m > [22m[2mshould switch strictly for self-defense scan failure in Job (Non-worker)
[22m[39mDisposing detached game instance

[90mstdout[2m | src/tests/CombatRetaliation.test.js[2m > [22m[2mCombat Retaliation System[2m > [22m[2mshould switch strictly for self-defense scan failure in Job (Non-worker)
[22m[39m[Entity 2] CONSTRUCTOR START: type=unit at 10,10
[Entity 2] Calling registerEntity...
[Entity 2] registerEntity returned.
[Entity 2] Calling updatePosition...
[Entity 2] updatePosition returned.
[DIAG] Actor Created ID: 2
[DIAG] Actor smartMove type: function
[DIAG] Actor smartMove body snapshot: smartMove(tx, tz, time, depth = 0) {
    if (isNaN(tx) || isNaN(tz)) {
      console.error(`[Actor $
[UnitCore.js] Unit Created ID:1 Role:worker Pos:10,10 Special:false
[UnitCore.js] Unit Created ID:1 Role:worker Pos:10,10
[UnitCore.js] Unit Construction Finished ID:1
Spawning Goblin...
[Entity 3] CONSTRUCTOR START: type=goblin at 11,10
[Entity 3] Calling registerEntity...
[Entity 3] registerEntity returned.
[Entity 3] Calling updatePosition...
[Entity 3] updatePosition returned.
[DIAG] Actor Created ID: 3
[DIAG] Actor smartMove type: function
[DIAG] Actor smartMove body snapshot: smartMove(tx, tz, time, depth = 0) {
    if (isNaN(tx) || isNaN(tz)) {
      console.error(`[Actor $

[90mstdout[2m | src/tests/CombatRetaliation.test.js[2m > [22m[2mCombat Retaliation System[2m > [22m[2mshould switch strictly for self-defense scan failure in Job (Non-worker)
[22m[39m[Unit 0] State Change: Wander -> Job
[Actor 0] Resetting Unreachable (Target changed or initializing)
[Unit 0] State Change: Job -> Combat
[Unit 0] State Change: Combat -> Combat
[Actor 0] Pathfinding SUCCESS: Got 1 nodes to 30,30
[Entity 0] startMove -> isMoving:true. Target:11,10 StartTime:0.0000

 [32m笨・[39m src/tests/CombatRetaliation.test.js [2m([22m[2m2 tests[22m[2m)[22m[32m 24[2mms[22m[39m
[90mstdout[2m | src/tests/GoblinAggression.test.js
[22m[39m[DEBUG] Actor.ts loaded

[90mstdout[2m | src/tests/GoblinAggression.test.js
[22m[39m[DEBUG] Goblin.ts loaded

[90mstdout[2m | src/tests/GoblinAggression.test.js[2m > [22m[2mGoblin Aggression Bug[2m > [22m[2mshould find target, chase, and attack
[22m[39m[Test] Creating Goblin
[Entity 0] CONSTRUCTOR START: type=goblin at 10,10
[Entity 0] Calling registerEntity...
[Entity 0] registerEntity returned.
[Entity 0] Calling updatePosition...
[Entity 0] updatePosition returned.
[DIAG] Actor Created ID: 0
[DIAG] Actor smartMove type: function
[DIAG] Actor smartMove body snapshot: smartMove(tx, tz, time, depth = 0) {
    if (isNaN(tx) || isNaN(tz)) {
      console.error(`[Actor $
[Actor 0] CHANGE STATE: None -> Wander Request:null 

[90mstdout[2m | src/tests/GoblinAggression.test.js[2m > [22m[2mGoblin Aggression Bug[2m > [22m[2mshould find target, chase, and attack
[22m[39m[Test] START Goblin Aggression
[Test] Scanning for targets...
[GoblinState Debug] ID:0 Calling scanForTargets...
[Goblin 0] Found Unit Candidate: unit_victim Dist:? 
[Actor 0] CHANGE STATE: Wander -> Combat Request:null 
[Test] Goblin Found Target & Switched to Combat
[Test] Chasing...
[Actor 0] Resetting Unreachable (Target changed or initializing)

[90mstdout[2m | src/tests/GoblinAggression.test.js[2m > [22m[2mGoblin Aggression Bug[2m > [22m[2mshould find target, chase, and attack
[22m[39m[Actor 0] Pathfinding SUCCESS: Got 1 nodes to 15,10
[Entity 0] startMove -> isMoving:true. Target:15,10 StartTime:0.0000

[90mstdout[2m | src/tests/GoblinAggression.test.js[2m > [22m[2mGoblin Aggression Bug[2m > [22m[2mshould find target, chase, and attack
[22m[39mGoblin hit Unit! Dmg: 10 UnitHP: 90 
[Test] Arrived in Range (Dist 2)
[Test] Attack Successful. UnitHP: 90

 [32m笨・[39m src/tests/GoblinAggression.test.js [2m([22m[2m1 test[22m[2m)[22m[32m 25[2mms[22m[39m
[90mstdout[2m | src/tests/GoblinStuckness.test.js
[22m[39m[DEBUG] Actor.ts loaded

[90mstdout[2m | src/tests/GoblinStuckness.test.js
[22m[39m[DEBUG] Goblin.ts loaded

[90mstdout[2m | src/tests/GoblinStuckness.test.js[2m > [22m[2mGoblin Combat and Stagnation[2m > [22m[2mshould blacklist unreachable targets and transition state
[22m[39m[Entity 0] CONSTRUCTOR START: type=goblin at 10,10
[Entity 0] Calling registerEntity...
[Entity 0] registerEntity returned.
[Entity 0] Calling updatePosition...
[Entity 0] updatePosition returned.
[DIAG] Actor Created ID: 0
[DIAG] Actor smartMove type: function
[DIAG] Actor smartMove body snapshot: smartMove(tx, tz, time, depth = 0) {
    if (isNaN(tx) || isNaN(tz)) {
      console.error(`[Actor $
[Actor 0] CHANGE STATE: None -> Wander Request:null 

[90mstdout[2m | src/tests/GoblinStuckness.test.js[2m > [22m[2mGoblin Combat and Stagnation[2m > [22m[2mshould blacklist unreachable targets and transition state
[22m[39m[Actor 0] CHANGE STATE: Wander -> Combat Request:null 
Goblin 0 stuck reaching target victim1.Blacklisting.
[Actor 0] CHANGE STATE: Combat -> Raid Request:null 

[90mstdout[2m | src/tests/GoblinStuckness.test.js[2m > [22m[2mGoblin Combat and Stagnation[2m > [22m[2mshould respect blacklist in findTarget
[22m[39m[Entity 1] CONSTRUCTOR START: type=goblin at 10,10
[Entity 1] Calling registerEntity...
[Entity 1] registerEntity returned.
[Entity 1] Calling updatePosition...
[Entity 1] updatePosition returned.
[DIAG] Actor Created ID: 1
[DIAG] Actor smartMove type: function
[DIAG] Actor smartMove body snapshot: smartMove(tx, tz, time, depth = 0) {
    if (isNaN(tx) || isNaN(tz)) {
      console.error(`[Actor $

[90mstdout[2m | src/tests/GoblinStuckness.test.js[2m > [22m[2mGoblin Combat and Stagnation[2m > [22m[2mshould respect blacklist in findTarget
[22m[39m[Goblin 1] Found Unit Candidate: blocked1 Dist:? 

[90mstdout[2m | src/tests/GoblinStuckness.test.js[2m > [22m[2mGoblin Combat and Stagnation[2m > [22m[2mshould not stop movement if already fighting
[22m[39m[Entity 2] CONSTRUCTOR START: type=goblin at 10,10
[Entity 2] Calling registerEntity...
[Entity 2] registerEntity returned.
[Entity 2] Calling updatePosition...
[Entity 2] updatePosition returned.
[DIAG] Actor Created ID: 2
[DIAG] Actor smartMove type: function
[DIAG] Actor smartMove body snapshot: smartMove(tx, tz, time, depth = 0) {
    if (isNaN(tx) || isNaN(tz)) {
      console.error(`[Actor $

 [32m笨・[39m src/tests/GoblinStuckness.test.js [2m([22m[2m3 tests[22m[2m)[22m[32m 34[2mms[22m[39m
[90mstdout[2m | src/tests/CombatStability.test.js
[22m[39m[DEBUG] Actor.ts loaded

[90mstdout[2m | src/tests/CombatStability.test.js
[22m[39m[DEBUG] Goblin.ts loaded

[90mstdout[2m | src/tests/CombatFix.test.js
[22m[39m[DEBUG] Actor.ts loaded

[90mstdout[2m | src/tests/SquadAi.test.js
[22m[39m[DEBUG] Actor.ts loaded

[90mstdout[2m | src/tests/CombatStability.test.js[2m > [22m[2mCombat Stability Tests[2m > [22m[2mShould attack goblin in SAME region within 8 tiles
[22m[39m[Entity 0] CONSTRUCTOR START: type=unit at 10,10
[Entity 0] Calling registerEntity...
[Entity 0] registerEntity returned.
[Entity 0] Calling updatePosition...
[Entity 0] updatePosition returned.
[DIAG] Actor Created ID: 0
[DIAG] Actor smartMove type: function
[DIAG] Actor smartMove body snapshot: smartMove(tx, tz, time, depth = 0) {
    if (isNaN(tx) || isNaN(tz)) {
      console.error(`[Actor $
[UnitCore.js] Unit Created ID:0 Role:soldier Pos:10,10 Special:false
[Unit 0] State Change: None -> Wander
[UnitCore.js] Unit Created ID:0 Role:soldier Pos:10,10
[UnitCore.js] Unit Construction Finished ID:0
[Entity 1] CONSTRUCTOR START: type=goblin at 12,10
[Entity 1] Calling registerEntity...
[Entity 1] registerEntity returned.
[Entity 1] Calling updatePosition...
[Entity 1] updatePosition returned.
[DIAG] Actor Created ID: 1
[DIAG] Actor smartMove type: function
[DIAG] Actor smartMove body snapshot: smartMove(tx, tz, time, depth = 0) {
    if (isNaN(tx) || isNaN(tz)) {
      console.error(`[Actor $

stderr | src/tests/CombatStability.test.js > Combat Stability Tests > Should attack goblin in SAME region within 8 tiles
DEBUG: beforeEach start
DEBUG: Unit created
DEBUG: Goblin created

stderr | src/tests/CombatStability.test.js > Combat Stability Tests > Should attack goblin in SAME region within 8 tiles
--- TEST CASE 1 START ---
--- TEST CASE 1 END ---

[90mstdout[2m | src/tests/CombatStability.test.js[2m > [22m[2mCombat Stability Tests[2m > [22m[2mShould attack goblin in SAME region within 8 tiles
[22m[39m[DEBUG Unit 1] i=0 id=100 gx=10 gz=10 tGx=12 tGz=10 myCell=true gCell=true

[90mstdout[2m | src/tests/CombatStability.test.js[2m > [22m[2mCombat Stability Tests[2m > [22m[2mShould IGNORE goblin in DIFFERENT region (Unreachable)
[22m[39m[Entity 2] CONSTRUCTOR START: type=unit at 10,10
[Entity 2] Calling registerEntity...
[Entity 2] registerEntity returned.
[Entity 2] Calling updatePosition...
[Entity 2] updatePosition returned.
[DIAG] Actor Created ID: 2
[DIAG] Actor smartMove type: function
[DIAG] Actor smartMove body snapshot: smartMove(tx, tz, time, depth = 0) {
    if (isNaN(tx) || isNaN(tz)) {
      console.error(`[Actor $
[UnitCore.js] Unit Created ID:1 Role:soldier Pos:10,10 Special:false
[UnitCore.js] Unit Created ID:1 Role:soldier Pos:10,10
[UnitCore.js] Unit Construction Finished ID:1
[Entity 3] CONSTRUCTOR START: type=goblin at 12,10
[Entity 3] Calling registerEntity...
[Entity 3] registerEntity returned.
[Entity 3] Calling updatePosition...
[Entity 3] updatePosition returned.
[DIAG] Actor Created ID: 3
[DIAG] Actor smartMove type: function
[DIAG] Actor smartMove body snapshot: smartMove(tx, tz, time, depth = 0) {
    if (isNaN(tx) || isNaN(tz)) {
      console.error(`[Actor $

stderr | src/tests/CombatStability.test.js > Combat Stability Tests > Should IGNORE goblin in DIFFERENT region (Unreachable)
DEBUG: beforeEach start
DEBUG: Unit created
DEBUG: Goblin created

[90mstdout[2m | src/tests/CombatStability.test.js[2m > [22m[2mCombat Stability Tests[2m > [22m[2mShould IGNORE goblin in DIFFERENT region (Unreachable)
[22m[39m[DEBUG Unit 1] i=0 id=100 gx=10 gz=10 tGx=12 tGz=10 myCell=true gCell=true

[90mstdout[2m | src/tests/CombatStability.test.js[2m > [22m[2mCombat Stability Tests[2m > [22m[2mShould IGNORE goblin OUTSIDE general range (>8) for self defense check
[22m[39m[Entity 4] CONSTRUCTOR START: type=unit at 10,10
[Entity 4] Calling registerEntity...
[Entity 4] registerEntity returned.
[Entity 4] Calling updatePosition...
[Entity 4] updatePosition returned.
[DIAG] Actor Created ID: 4
[DIAG] Actor smartMove type: function
[DIAG] Actor smartMove body snapshot: smartMove(tx, tz, time, depth = 0) {
    if (isNaN(tx) || isNaN(tz)) {
      console.error(`[Actor $
[UnitCore.js] Unit Created ID:2 Role:soldier Pos:10,10 Special:false
[UnitCore.js] Unit Created ID:2 Role:soldier Pos:10,10
[UnitCore.js] Unit Construction Finished ID:2
[Entity 5] CONSTRUCTOR START: type=goblin at 12,10
[Entity 5] Calling registerEntity...
[Entity 5] registerEntity returned.
[Entity 5] Calling updatePosition...
[Entity 5] updatePosition returned.
[DIAG] Actor Created ID: 5
[DIAG] Actor smartMove type: function
[DIAG] Actor smartMove body snapshot: smartMove(tx, tz, time, depth = 0) {
    if (isNaN(tx) || isNaN(tz)) {
      console.error(`[Actor $

stderr | src/tests/CombatStability.test.js > Combat Stability Tests > Should IGNORE goblin OUTSIDE general range (>8) for self defense check
DEBUG: beforeEach start
DEBUG: Unit created
DEBUG: Goblin created

[90mstdout[2m | src/tests/CombatStability.test.js[2m > [22m[2mCombat Stability Tests[2m > [22m[2mShould IGNORE goblin OUTSIDE general range (>8) for self defense check
[22m[39m[DEBUG Unit 1] i=0 id=100 gx=10 gz=10 tGx=40 tGz=10 myCell=true gCell=true

[90mstdout[2m | src/tests/CombatStability.test.js[2m > [22m[2mCombat Stability Tests[2m > [22m[2mShould PRIORITIZE goblin closer than 8 tiles
[22m[39m[Entity 6] CONSTRUCTOR START: type=unit at 10,10
[Entity 6] Calling registerEntity...
[Entity 6] registerEntity returned.
[Entity 6] Calling updatePosition...
[Entity 6] updatePosition returned.
[DIAG] Actor Created ID: 6
[DIAG] Actor smartMove type: function
[DIAG] Actor smartMove body snapshot: smartMove(tx, tz, time, depth = 0) {
    if (isNaN(tx) || isNaN(tz)) {
      console.error(`[Actor $
[UnitCore.js] Unit Created ID:3 Role:soldier Pos:10,10 Special:false
[UnitCore.js] Unit Created ID:3 Role:soldier Pos:10,10
[UnitCore.js] Unit Construction Finished ID:3
[Entity 7] CONSTRUCTOR START: type=goblin at 12,10
[Entity 7] Calling registerEntity...
[Entity 7] registerEntity returned.
[Entity 7] Calling updatePosition...
[Entity 7] updatePosition returned.
[DIAG] Actor Created ID: 7
[DIAG] Actor smartMove type: function
[DIAG] Actor smartMove body snapshot: smartMove(tx, tz, time, depth = 0) {
    if (isNaN(tx) || isNaN(tz)) {
      console.error(`[Actor $

stderr | src/tests/CombatStability.test.js > Combat Stability Tests > Should PRIORITIZE goblin closer than 8 tiles
DEBUG: beforeEach start
DEBUG: Unit created
DEBUG: Goblin created

[90mstdout[2m | src/tests/CombatStability.test.js[2m > [22m[2mCombat Stability Tests[2m > [22m[2mShould PRIORITIZE goblin closer than 8 tiles
[22m[39m[Entity 8] CONSTRUCTOR START: type=goblin at 10,15
[Entity 8] Calling registerEntity...
[Entity 8] registerEntity returned.
[Entity 8] Calling updatePosition...
[Entity 8] updatePosition returned.
[DIAG] Actor Created ID: 8
[DIAG] Actor smartMove type: function
[DIAG] Actor smartMove body snapshot: smartMove(tx, tz, time, depth = 0) {
    if (isNaN(tx) || isNaN(tz)) {
      console.error(`[Actor $
[Entity 9] CONSTRUCTOR START: type=goblin at 11,10
[Entity 9] Calling registerEntity...
[Entity 9] registerEntity returned.
[Entity 9] Calling updatePosition...
[Entity 9] updatePosition returned.
[DIAG] Actor Created ID: 9
[DIAG] Actor smartMove type: function
[DIAG] Actor smartMove body snapshot: smartMove(tx, tz, time, depth = 0) {
    if (isNaN(tx) || isNaN(tz)) {
      console.error(`[Actor $
[DEBUG Unit 1] i=0 id=200 gx=10 gz=10 tGx=10 tGz=15 myCell=true gCell=true
[DEBUG Unit 1] i=0 id=201 gx=10 gz=10 tGx=11 tGz=10 myCell=true gCell=true

[90mstdout[2m | src/tests/CombatStability.test.js[2m > [22m[2mCombat Stability Tests[2m > [22m[2mShould NOT attack across Water (Region 0)
[22m[39m[Entity 10] CONSTRUCTOR START: type=unit at 10,10
[Entity 10] Calling registerEntity...
[Entity 10] registerEntity returned.
[Entity 10] Calling updatePosition...
[Entity 10] updatePosition returned.
[DIAG] Actor Created ID: 10
[DIAG] Actor smartMove type: function
[DIAG] Actor smartMove body snapshot: smartMove(tx, tz, time, depth = 0) {
    if (isNaN(tx) || isNaN(tz)) {
      console.error(`[Actor $
[UnitCore.js] Unit Created ID:4 Role:soldier Pos:10,10 Special:false
[UnitCore.js] Unit Created ID:4 Role:soldier Pos:10,10
[UnitCore.js] Unit Construction Finished ID:4
[Entity 11] CONSTRUCTOR START: type=goblin at 12,10
[Entity 11] Calling registerEntity...
[Entity 11] registerEntity returned.
[Entity 11] Calling updatePosition...
[Entity 11] updatePosition returned.
[DIAG] Actor Created ID: 11
[DIAG] Actor smartMove type: function
[DIAG] Actor smartMove body snapshot: smartMove(tx, tz, time, depth = 0) {
    if (isNaN(tx) || isNaN(tz)) {
      console.error(`[Actor $

stderr | src/tests/CombatStability.test.js > Combat Stability Tests > Should NOT attack across Water (Region 0)
DEBUG: beforeEach start
DEBUG: Unit created
DEBUG: Goblin created

[90mstdout[2m | src/tests/CombatStability.test.js[2m > [22m[2mCombat Stability Tests[2m > [22m[2mShould NOT attack across Water (Region 0)
[22m[39m[DEBUG Unit 1] i=0 id=100 gx=10 gz=10 tGx=12 tGz=10 myCell=true gCell=true

 [32m笨・[39m src/tests/CombatStability.test.js [2m([22m[2m5 tests[22m[2m)[22m[32m 25[2mms[22m[39m
[90mstdout[2m | src/tests/CombatFix.test.js
[22m[39m[DEBUG] Building.ts loaded

[90mstdout[2m | src/tests/CombatFix.test.js
[22m[39m[DEBUG] Terrain.ts top-level load

[90mstdout[2m | src/tests/SquadAi.test.js[2m > [22m[2mSquad AI & Region Logic[2m > [22m[2mshould share targets among squad members
[22m[39m[Entity 0] CONSTRUCTOR START: type=unit at 10,10
[Entity 0] Calling registerEntity...
[Entity 0] registerEntity returned.
[Entity 0] Calling updatePosition...
[Entity 0] updatePosition returned.
[DIAG] Actor Created ID: 0
[DIAG] Actor smartMove type: function
[DIAG] Actor smartMove body snapshot: smartMove(tx, tz, time, depth = 0) {
    if (isNaN(tx) || isNaN(tz)) {
      console.error(`[Actor $
[UnitCore.js] Unit Created ID:0 Role:knight Pos:10,10 Special:false
[Unit 0] State Change: None -> Wander
[UnitCore.js] Unit Created ID:0 Role:knight Pos:10,10
[UnitCore.js] Unit Construction Finished ID:0
[Entity 1] CONSTRUCTOR START: type=unit at 20,20
[Entity 1] Calling registerEntity...
[Entity 1] registerEntity returned.
[Entity 1] Calling updatePosition...
[Entity 1] updatePosition returned.
[DIAG] Actor Created ID: 1
[DIAG] Actor smartMove type: function
[DIAG] Actor smartMove body snapshot: smartMove(tx, tz, time, depth = 0) {
    if (isNaN(tx) || isNaN(tz)) {
      console.error(`[Actor $
[UnitCore.js] Unit Created ID:1 Role:knight Pos:20,20 Special:false
[UnitCore.js] Unit Created ID:1 Role:knight Pos:20,20
[UnitCore.js] Unit Construction Finished ID:1

[90mstdout[2m | src/tests/SquadAi.test.js[2m > [22m[2mSquad AI & Region Logic[2m > [22m[2mRegression: Migration Stagnation Fix (Knight)
[22m[39m[Entity 2] CONSTRUCTOR START: type=unit at 10,10
[Entity 2] Calling registerEntity...
[Entity 2] registerEntity returned.
[Entity 2] Calling updatePosition...
[Entity 2] updatePosition returned.
[DIAG] Actor Created ID: 2
[DIAG] Actor smartMove type: function
[DIAG] Actor smartMove body snapshot: smartMove(tx, tz, time, depth = 0) {
    if (isNaN(tx) || isNaN(tz)) {
      console.error(`[Actor $
[UnitCore.js] Unit Created ID:2 Role:knight Pos:10,10 Special:false
[UnitCore.js] Unit Created ID:2 Role:knight Pos:10,10
[UnitCore.js] Unit Construction Finished ID:2

[90mstdout[2m | src/tests/SquadAi.test.js[2m > [22m[2mSquad AI & Region Logic[2m > [22m[2mRegression: Migration Stagnation Fix (Worker)
[22m[39m[Entity 3] CONSTRUCTOR START: type=unit at 10,10
[Entity 3] Calling registerEntity...
[Entity 3] registerEntity returned.
[Entity 3] Calling updatePosition...
[Entity 3] updatePosition returned.
[DIAG] Actor Created ID: 3
[DIAG] Actor smartMove type: function
[DIAG] Actor smartMove body snapshot: smartMove(tx, tz, time, depth = 0) {
    if (isNaN(tx) || isNaN(tz)) {
      console.error(`[Actor $
[UnitCore.js] Unit Created ID:3 Role:worker Pos:10,10 Special:false
[UnitCore.js] Unit Created ID:3 Role:worker Pos:10,10
[UnitCore.js] Unit Construction Finished ID:3

[90mstdout[2m | src/tests/SquadAi.test.js[2m > [22m[2mSquad AI & Region Logic[2m > [22m[2mshould allow cross-region movement if target is very close (Self Defense)
[22m[39m[Entity 4] CONSTRUCTOR START: type=unit at 10,10
[Entity 4] Calling registerEntity...
[Entity 4] registerEntity returned.
[Entity 4] Calling updatePosition...
[Entity 4] updatePosition returned.
[DIAG] Actor Created ID: 4
[DIAG] Actor smartMove type: function
[DIAG] Actor smartMove body snapshot: smartMove(tx, tz, time, depth = 0) {
    if (isNaN(tx) || isNaN(tz)) {
      console.error(`[Actor $
[UnitCore.js] Unit Created ID:4 Role:knight Pos:10,10 Special:false
[UnitCore.js] Unit Created ID:4 Role:knight Pos:10,10
[UnitCore.js] Unit Construction Finished ID:4

 [32m笨・[39m src/tests/SquadAi.test.js [2m([22m[2m5 tests[22m[2m)[22m[32m 34[2mms[22m[39m
[90mstdout[2m | src/tests/PerformanceMonitor.test.js[2m > [22m[2mPerformanceMonitor[2m > [22m[2mshould enable and disable correctly
[22m[39m[PerformanceMonitor] Enabled
[PerformanceMonitor] Disabled

[90mstdout[2m | src/tests/PerformanceMonitor.test.js[2m > [22m[2mPerformanceMonitor[2m > [22m[2mshould toggle state
[22m[39m[PerformanceMonitor] Enabled
[PerformanceMonitor] Disabled

[90mstdout[2m | src/tests/PerformanceMonitor.test.js[2m > [22m[2mPerformanceMonitor[2m > [22m[2mshould reset stats
[22m[39m[PerformanceMonitor] Stats reset

[90mstdout[2m | src/tests/PerformanceMonitor.test.js[2m > [22m[2mPerformanceMonitor[2m > [22m[2mshould update with game instance
[22m[39m[PerformanceMonitor] Enabled

[90mstdout[2m | src/tests/CombatFix.test.js
[22m[39m[DEBUG] Goblin.ts loaded

[90mstdout[2m | src/tests/CombatFix.test.js
[22m[39m[Import Debug] Raid: function, Combat: function, Wander: function

 [32m笨・[39m src/tests/PerformanceMonitor.test.js [2m([22m[2m12 tests[22m[2m)[22m[32m 24[2mms[22m[39m
[90mstdout[2m | src/tests/CombatFix.test.js
[22m[39m[DEBUG] Game.ts top-level load

[90mstdout[2m | src/tests/CombatFix.test.js[2m > [22m[2mUnit Combat Fixes[2m > [22m[2mshould dispatch to attackGoblin when target is a Goblin
[22m[39m[Entity 0] CONSTRUCTOR START: type=unit at 10,10
[Entity 0] Calling updatePosition...
[Entity 0] updatePosition returned.
[DIAG] Actor Created ID: 0
[DIAG] Actor smartMove type: function
[DIAG] Actor smartMove body snapshot: smartMove(tx, tz, time, depth = 0) {
    if (isNaN(tx) || isNaN(tz)) {
      console.error(`[Actor $
[UnitCore.js] Unit Created ID:0 Role:soldier Pos:10,10 Special:false
[Unit 0] State Change: None -> Wander
[UnitCore.js] Unit Created ID:0 Role:soldier Pos:10,10
[UnitCore.js] Unit Construction Finished ID:0

[90mstdout[2m | src/tests/CombatFix.test.js[2m > [22m[2mUnit Combat Fixes[2m > [22m[2mshould dispatch to attackBuilding when target is a Building
[22m[39m[Entity 1] CONSTRUCTOR START: type=unit at 10,10
[Entity 1] Calling updatePosition...
[Entity 1] updatePosition returned.
[DIAG] Actor Created ID: 1
[DIAG] Actor smartMove type: function
[DIAG] Actor smartMove body snapshot: smartMove(tx, tz, time, depth = 0) {
    if (isNaN(tx) || isNaN(tz)) {
      console.error(`[Actor $
[UnitCore.js] Unit Created ID:1 Role:soldier Pos:10,10 Special:false
[UnitCore.js] Unit Created ID:1 Role:soldier Pos:10,10
[UnitCore.js] Unit Construction Finished ID:1

[90mstdout[2m | src/tests/CombatFix.test.js[2m > [22m[2mUnit Combat Fixes[2m > [22m[2mshould dispatch to attackUnit when target is a Unit/Sheep
[22m[39m[Entity 2] CONSTRUCTOR START: type=unit at 10,10
[Entity 2] Calling updatePosition...
[Entity 2] updatePosition returned.
[DIAG] Actor Created ID: 2
[DIAG] Actor smartMove type: function
[DIAG] Actor smartMove body snapshot: smartMove(tx, tz, time, depth = 0) {
    if (isNaN(tx) || isNaN(tz)) {
      console.error(`[Actor $
[UnitCore.js] Unit Created ID:2 Role:soldier Pos:10,10 Special:false
[UnitCore.js] Unit Created ID:2 Role:soldier Pos:10,10
[UnitCore.js] Unit Construction Finished ID:2

[90mstdout[2m | src/tests/CombatFix.test.js[2m > [22m[2mUnit Combat Fixes[2m > [22m[2mshould handle missing target gracefully
[22m[39m[Entity 3] CONSTRUCTOR START: type=unit at 10,10
[Entity 3] Calling updatePosition...
[Entity 3] updatePosition returned.
[DIAG] Actor Created ID: 3
[DIAG] Actor smartMove type: function
[DIAG] Actor smartMove body snapshot: smartMove(tx, tz, time, depth = 0) {
    if (isNaN(tx) || isNaN(tz)) {
      console.error(`[Actor $
[UnitCore.js] Unit Created ID:3 Role:soldier Pos:10,10 Special:false
[UnitCore.js] Unit Created ID:3 Role:soldier Pos:10,10
[UnitCore.js] Unit Construction Finished ID:3

 [32m笨・[39m src/tests/CombatFix.test.js [2m([22m[2m4 tests[22m[2m)[22m[32m 19[2mms[22m[39m
[90mstdout[2m | src/tests/DebugRegression.test.js
[22m[39m[DEBUG] Actor.ts loaded

[90mstdout[2m | src/tests/ManualPriority.test.js
[22m[39m[DEBUG] Actor.ts loaded

[90mstdout[2m | src/tests/MigrationConflict.test.js
[22m[39m[DEBUG] Actor.ts loaded

[90mstdout[2m | src/tests/DebugRegression.test.js[2m > [22m[2mDebug Regression[2m > [22m[2mreproduce Snatch movement
[22m[39m[Entity 0] CONSTRUCTOR START: type=unit at 10,10
[Entity 0] Calling updatePosition...
[Entity 0] updatePosition returned.
[DIAG] Actor Created ID: 0
[DIAG] Actor smartMove type: function
[DIAG] Actor smartMove body snapshot: smartMove(tx, tz, time, depth = 0) {
    if (isNaN(tx) || isNaN(tz)) {
      console.error(`[Actor $
[UnitCore.js] Unit Created ID:0 Role:worker Pos:10,10 Special:false
[Unit 0] State Change: None -> Wander
[UnitCore.js] Unit Created ID:0 Role:worker Pos:10,10
[UnitCore.js] Unit Construction Finished ID:0
--- ENTER JOB STATE ---
[Unit 0] State Change: Wander -> Job
[Actor 0] Resetting Unreachable (Target changed or initializing)
--- START UPDATE ---
[Unit 0] State Change: Job -> Wander
--- END UPDATE ---

[90mstdout[2m | src/tests/ManualPriority.test.js[2m > [22m[2mManual Request Priority and Preemption[2m > [22m[2mshould NOT allow manual request to preempt Combat
[22m[39m[Entity 0] CONSTRUCTOR START: type=unit at 10,10
[Entity 0] Calling registerEntity...
[Entity 0] registerEntity returned.
[Entity 0] Calling updatePosition...
[Entity 0] updatePosition returned.
[DIAG] Actor Created ID: 0
[DIAG] Actor smartMove type: function
[DIAG] Actor smartMove body snapshot: smartMove(tx, tz, time, depth = 0) {
    if (isNaN(tx) || isNaN(tz)) {
      console.error(`[Actor $
[UnitCore.js] Unit Created ID:0 Role:worker Pos:10,10 Special:false
[Unit 0] State Change: None -> Wander
[UnitCore.js] Unit Created ID:0 Role:worker Pos:10,10
[UnitCore.js] Unit Construction Finished ID:0

[90mstdout[2m | src/tests/ManualPriority.test.js[2m > [22m[2mManual Request Priority and Preemption[2m > [22m[2mshould NOT allow manual request to preempt Combat
[22m[39m[Combat Debug 1] Update Start. TargetG:true TargetB:false
[Actor 1] Resetting Unreachable (Target changed or initializing)

[90mstdout[2m | src/tests/ManualPriority.test.js[2m > [22m[2mManual Request Priority and Preemption[2m > [22m[2mshould NOT allow manual request to preempt Combat
[22m[39m[Actor 1] Pathfinding SUCCESS: Got 1 nodes to 12,12
[Entity 1] startMove -> isMoving:true. Target:12,12 StartTime:101.0000

[90mstdout[2m | src/tests/ManualPriority.test.js[2m > [22m[2mManual Request Priority and Preemption[2m > [22m[2mshould allow manual request to preempt Sleep
[22m[39mDisposing detached game instance

[90mstdout[2m | src/tests/ManualPriority.test.js[2m > [22m[2mManual Request Priority and Preemption[2m > [22m[2mshould allow manual request to preempt Sleep
[22m[39m[Entity 1] CONSTRUCTOR START: type=unit at 10,10
[Entity 1] Calling registerEntity...
[Entity 1] registerEntity returned.
[Entity 1] Calling updatePosition...
[Entity 1] updatePosition returned.
[DIAG] Actor Created ID: 1
[DIAG] Actor smartMove type: function
[DIAG] Actor smartMove body snapshot: smartMove(tx, tz, time, depth = 0) {
    if (isNaN(tx) || isNaN(tz)) {
      console.error(`[Actor $
[UnitCore.js] Unit Created ID:0 Role:worker Pos:10,10 Special:false
[Unit 0] State Change: None -> Wander
[UnitCore.js] Unit Created ID:0 Role:worker Pos:10,10
[UnitCore.js] Unit Construction Finished ID:0

[90mstdout[2m | src/tests/ManualPriority.test.js[2m > [22m[2mManual Request Priority and Preemption[2m > [22m[2mshould allow manual request to preempt Sleep
[22m[39m[Actor 1] Resetting Unreachable (Target changed or initializing)

[90mstdout[2m | src/tests/ManualPriority.test.js[2m > [22m[2mManual Request Priority and Preemption[2m > [22m[2mshould allow manual request to preempt Sleep
[22m[39m[Actor 1] Pathfinding SUCCESS: Got 1 nodes to 30,30
[Entity 1] startMove -> isMoving:true. Target:30,30 StartTime:101.0000

 [32m笨・[39m src/tests/DebugRegression.test.js [2m([22m[2m1 test[22m[2m)[22m[32m 22[2mms[22m[39m
[90mstdout[2m | src/tests/ManualPriority.test.js[2m > [22m[2mManual Request Priority and Preemption[2m > [22m[2mshould NOT allow auto request to preempt Combat
[22m[39mDisposing detached game instance

[90mstdout[2m | src/tests/ManualPriority.test.js[2m > [22m[2mManual Request Priority and Preemption[2m > [22m[2mshould NOT allow auto request to preempt Combat
[22m[39m[Entity 2] CONSTRUCTOR START: type=unit at 10,10
[Entity 2] Calling registerEntity...
[Entity 2] registerEntity returned.
[Entity 2] Calling updatePosition...
[Entity 2] updatePosition returned.
[DIAG] Actor Created ID: 2
[DIAG] Actor smartMove type: function
[DIAG] Actor smartMove body snapshot: smartMove(tx, tz, time, depth = 0) {
    if (isNaN(tx) || isNaN(tz)) {
      console.error(`[Actor $
[UnitCore.js] Unit Created ID:0 Role:worker Pos:10,10 Special:false
[Unit 0] State Change: None -> Wander
[UnitCore.js] Unit Created ID:0 Role:worker Pos:10,10
[UnitCore.js] Unit Construction Finished ID:0

[90mstdout[2m | src/tests/ManualPriority.test.js[2m > [22m[2mManual Request Priority and Preemption[2m > [22m[2mshould NOT allow auto request to preempt Combat
[22m[39m[Combat Debug 1] Update Start. TargetG:true TargetB:false
[Actor 1] Resetting Unreachable (Target changed or initializing)

[90mstdout[2m | src/tests/ManualPriority.test.js[2m > [22m[2mManual Request Priority and Preemption[2m > [22m[2mshould NOT allow auto request to preempt Combat
[22m[39m[Actor 1] Pathfinding SUCCESS: Got 1 nodes to 12,12
[Entity 1] startMove -> isMoving:true. Target:12,12 StartTime:101.0000

 [32m笨・[39m src/tests/ManualPriority.test.js [2m([22m[2m3 tests[22m[2m)[22m[32m 27[2mms[22m[39m
[90mstdout[2m | src/tests/MigrationConflict.test.js[2m > [22m[2mMigration Conflict Regression (Jitabata Bug)[2m > [22m[2mshould handle basic Unit update without crash
[22m[39m[Entity 0] CONSTRUCTOR START: type=unit at 20,20
[Entity 0] Calling registerEntity...
[Entity 0] registerEntity returned.
[Entity 0] Calling updatePosition...
[Entity 0] updatePosition returned.
[DIAG] Actor Created ID: 0
[DIAG] Actor smartMove type: function
[DIAG] Actor smartMove body snapshot: smartMove(tx, tz, time, depth = 0) {
    if (isNaN(tx) || isNaN(tz)) {
      console.error(`[Actor $
[UnitCore.js] Unit Created ID:0 Role:worker Pos:20,20 Special:false
[Unit 0] State Change: None -> Wander
[UnitCore.js] Unit Created ID:0 Role:worker Pos:20,20
[UnitCore.js] Unit Construction Finished ID:0
[Unit 0] State Change: Wander -> Wander

[90mstdout[2m | src/tests/MigrationConflict.test.js[2m > [22m[2mMigration Conflict Regression (Jitabata Bug)[2m > [22m[2mshould NOT allow WanderState to interfere with Migration Movement
[22m[39m[Entity 1] CONSTRUCTOR START: type=unit at 20,20
[Entity 1] Calling registerEntity...
[Entity 1] registerEntity returned.
[Entity 1] Calling updatePosition...
[Entity 1] updatePosition returned.
[DIAG] Actor Created ID: 1
[DIAG] Actor smartMove type: function
[DIAG] Actor smartMove body snapshot: smartMove(tx, tz, time, depth = 0) {
    if (isNaN(tx) || isNaN(tz)) {
      console.error(`[Actor $
[UnitCore.js] Unit Created ID:1 Role:worker Pos:20,20 Special:false
[UnitCore.js] Unit Created ID:1 Role:worker Pos:20,20
[UnitCore.js] Unit Construction Finished ID:1

[90mstdout[2m | src/tests/MigrationConflict.test.js[2m > [22m[2mMigration Conflict Regression (Jitabata Bug)[2m > [22m[2mshould NOT allow WanderState to interfere with Migration Movement
[22m[39m[Actor 1] Resetting Unreachable (Target changed or initializing)

[90mstdout[2m | src/tests/MigrationConflict.test.js[2m > [22m[2mMigration Conflict Regression (Jitabata Bug)[2m > [22m[2mshould NOT allow WanderState to interfere with Migration Movement
[22m[39m[Actor 1] Pathfinding SUCCESS: Got 2 nodes to 28.94182172642841,16.482373107542916
[Entity 1] startMove -> isMoving:true. Target:24,18 StartTime:1000.0000

[90mstdout[2m | src/tests/MigrationConflict.test.js[2m > [22m[2mMigration Conflict Regression (Jitabata Bug)[2m > [22m[2mshould allow Migration Logic to control repeated movement
[22m[39m[Entity 2] CONSTRUCTOR START: type=unit at 20,20
[Entity 2] Calling registerEntity...
[Entity 2] registerEntity returned.
[Entity 2] Calling updatePosition...
[Entity 2] updatePosition returned.
[DIAG] Actor Created ID: 2
[DIAG] Actor smartMove type: function
[DIAG] Actor smartMove body snapshot: smartMove(tx, tz, time, depth = 0) {
    if (isNaN(tx) || isNaN(tz)) {
      console.error(`[Actor $
[UnitCore.js] Unit Created ID:2 Role:worker Pos:20,20 Special:false
[UnitCore.js] Unit Created ID:2 Role:worker Pos:20,20
[UnitCore.js] Unit Construction Finished ID:2

[90mstdout[2m | src/tests/MigrationConflict.test.js[2m > [22m[2mMigration Conflict Regression (Jitabata Bug)[2m > [22m[2mshould allow Migration Logic to control repeated movement
[22m[39m[Actor 2] Resetting Unreachable (Target changed or initializing)

[90mstdout[2m | src/tests/MigrationConflict.test.js[2m > [22m[2mMigration Conflict Regression (Jitabata Bug)[2m > [22m[2mshould allow Migration Logic to control repeated movement
[22m[39m[Actor 2] Pathfinding SUCCESS: Got 2 nodes to 7.586274908397568,34.911144640804864
[Entity 2] startMove -> isMoving:true. Target:14,27 StartTime:2000.0000

 [32m笨・[39m src/tests/MigrationConflict.test.js [2m([22m[2m3 tests[22m[2m)[22m[32m 69[2mms[22m[39m
[90mstdout[2m | src/tests/BuildingDistraction.test.js
[22m[39m[DEBUG] Actor.ts loaded

[90mstdout[2m | src/tests/BuildingDistraction.test.js[2m > [22m[2mBuilding Distraction Bug[2m > [22m[2mshould NOT build a house while in Job moving to target
[22m[39mDisposing detached game instance

[90mstdout[2m | src/tests/BuildingDistraction.test.js[2m > [22m[2mBuilding Distraction Bug[2m > [22m[2mshould NOT build a house while in Job moving to target
[22m[39m[Entity 0] CONSTRUCTOR START: type=unit at 10,10
[Entity 0] Calling registerEntity...
[Entity 0] registerEntity returned.
[Entity 0] Calling updatePosition...
[Entity 0] updatePosition returned.
[DIAG] Actor Created ID: 0
[DIAG] Actor smartMove type: function
[DIAG] Actor smartMove body snapshot: smartMove(tx, tz, time, depth = 0) {
    if (isNaN(tx) || isNaN(tz)) {
      console.error(`[Actor $
[UnitCore.js] Unit Created ID:0 Role:worker Pos:10,10 Special:false
[Unit 0] State Change: None -> Wander
[UnitCore.js] Unit Created ID:0 Role:worker Pos:10,10
[UnitCore.js] Unit Construction Finished ID:0

[90mstdout[2m | src/tests/BuildingDistraction.test.js[2m > [22m[2mBuilding Distraction Bug[2m > [22m[2mshould NOT build a house while in Job moving to target
[22m[39m[Unit 0] State Change: Wander -> Job
[Actor 0] Resetting Unreachable (Target changed or initializing)
[Test] Simulating Job Movement...
[Test] PASSED: Worker stayed focused.
[Actor 0] Pathfinding SUCCESS: Got 2 nodes to 20,20
[Entity 0] startMove -> isMoving:true. Target:20,20 StartTime:0.0000

[90mstdout[2m | src/tests/BuildingDistraction.test.js[2m > [22m[2mBuilding Distraction Bug[2m > [22m[2mshould NOT build immediately after job abort (cooldown check)
[22m[39m[Entity 1] CONSTRUCTOR START: type=unit at 10,10
[Entity 1] Calling registerEntity...
[Entity 1] registerEntity returned.
[Entity 1] Calling updatePosition...
[Entity 1] updatePosition returned.
[DIAG] Actor Created ID: 1
[DIAG] Actor smartMove type: function
[DIAG] Actor smartMove body snapshot: smartMove(tx, tz, time, depth = 0) {
    if (isNaN(tx) || isNaN(tz)) {
      console.error(`[Actor $
[UnitCore.js] Unit Created ID:1 Role:worker Pos:10,10 Special:false
[UnitCore.js] Unit Created ID:1 Role:worker Pos:10,10
[UnitCore.js] Unit Construction Finished ID:1

[90mstdout[2m | src/tests/BuildingDistraction.test.js[2m > [22m[2mBuilding Distraction Bug[2m > [22m[2mshould NOT build immediately after job abort (cooldown check)
[22m[39m[Test] Switched to state: Wander
[Test] Cooldown prevented building.

 [32m笨・[39m src/tests/BuildingDistraction.test.js [2m([22m[2m2 tests[22m[2m)[22m[32m 48[2mms[22m[39m
[90mstdout[2m | src/tests/MarkerDistraction.test.js
[22m[39m[DEBUG] Actor.ts loaded

[90mstdout[2m | src/tests/UnitLifecycle.test.js
[22m[39m[DEBUG] Actor.ts loaded

[90mstdout[2m | src/tests/MarkerDistraction.test.js[2m > [22m[2mMarker Distraction and Pathfinding Persistence[2m > [22m[2mshould NOT abandon manual job during pathfinding throttle
[22m[39m[Entity 0] CONSTRUCTOR START: type=unit at 10,10
[Entity 0] Calling registerEntity...
[Entity 0] registerEntity returned.
[Entity 0] Calling updatePosition...
[Entity 0] updatePosition returned.
[DIAG] Actor Created ID: 0
[DIAG] Actor smartMove type: function
[DIAG] Actor smartMove body snapshot: smartMove(tx, tz, time, depth = 0) {
    if (isNaN(tx) || isNaN(tz)) {
      console.error(`[Actor $
[UnitCore.js] Unit Created ID:0 Role:worker Pos:10,10 Special:false
[Unit 0] State Change: None -> Wander
[UnitCore.js] Unit Created ID:0 Role:worker Pos:10,10
[UnitCore.js] Unit Construction Finished ID:0

[90mstdout[2m | src/tests/MarkerDistraction.test.js[2m > [22m[2mMarker Distraction and Pathfinding Persistence[2m > [22m[2mshould be more persistent for manual jobs on hard failure
[22m[39mDisposing detached game instance

[90mstdout[2m | src/tests/MarkerDistraction.test.js[2m > [22m[2mMarker Distraction and Pathfinding Persistence[2m > [22m[2mshould be more persistent for manual jobs on hard failure
[22m[39m[Entity 1] CONSTRUCTOR START: type=unit at 10,10
[Entity 1] Calling registerEntity...
[Entity 1] registerEntity returned.
[Entity 1] Calling updatePosition...
[Entity 1] updatePosition returned.
[DIAG] Actor Created ID: 1
[DIAG] Actor smartMove type: function
[DIAG] Actor smartMove body snapshot: smartMove(tx, tz, time, depth = 0) {
    if (isNaN(tx) || isNaN(tz)) {
      console.error(`[Actor $
[UnitCore.js] Unit Created ID:1 Role:worker Pos:10,10 Special:false
[UnitCore.js] Unit Created ID:1 Role:worker Pos:10,10
[UnitCore.js] Unit Construction Finished ID:1

 [32m笨・[39m src/tests/MarkerDistraction.test.js [2m([22m[2m2 tests[22m[2m)[22m[32m 19[2mms[22m[39m
[90mstdout[2m | src/tests/UnitLifecycle.test.js[2m > [22m[2mUnit Lifecycle and Aging[2m > [22m[2mshould initialize with age 20
[22m[39m[Entity 0] CONSTRUCTOR START: type=unit at 0,0
[Entity 0] Calling registerEntity...
[Entity 0] registerEntity returned.
[Entity 0] Calling updatePosition...
[Entity 0] updatePosition returned.
[DIAG] Actor Created ID: 0
[DIAG] Actor smartMove type: function
[DIAG] Actor smartMove body snapshot: smartMove(tx, tz, time, depth = 0) {
    if (isNaN(tx) || isNaN(tz)) {
      console.error(`[Actor $
[UnitCore.js] Unit Created ID:0 Role:worker Pos:0,0 Special:false
[Unit 0] State Change: None -> Wander
[UnitCore.js] Unit Created ID:0 Role:worker Pos:0,0
[UnitCore.js] Unit Construction Finished ID:0

[90mstdout[2m | src/tests/UnitLifecycle.test.js[2m > [22m[2mUnit Lifecycle and Aging[2m > [22m[2mshould increment age when updateLogic is called
[22m[39mDisposing detached game instance

[90mstdout[2m | src/tests/UnitLifecycle.test.js[2m > [22m[2mUnit Lifecycle and Aging[2m > [22m[2mshould increment age when updateLogic is called
[22m[39m[Entity 1] CONSTRUCTOR START: type=unit at 0,0
[Entity 1] Calling registerEntity...
[Entity 1] registerEntity returned.
[Entity 1] Calling updatePosition...
[Entity 1] updatePosition returned.
[DIAG] Actor Created ID: 1
[DIAG] Actor smartMove type: function
[DIAG] Actor smartMove body snapshot: smartMove(tx, tz, time, depth = 0) {
    if (isNaN(tx) || isNaN(tz)) {
      console.error(`[Actor $
[UnitCore.js] Unit Created ID:1 Role:worker Pos:0,0 Special:false
[UnitCore.js] Unit Created ID:1 Role:worker Pos:0,0
[UnitCore.js] Unit Construction Finished ID:1

[90mstdout[2m | src/tests/UnitLifecycle.test.js[2m > [22m[2mUnit Lifecycle and Aging[2m > [22m[2mshould die when age exceeds lifespan
[22m[39mDisposing detached game instance

[90mstdout[2m | src/tests/UnitLifecycle.test.js[2m > [22m[2mUnit Lifecycle and Aging[2m > [22m[2mshould die when age exceeds lifespan
[22m[39m[Entity 2] CONSTRUCTOR START: type=unit at 0,0
[Entity 2] Calling registerEntity...
[Entity 2] registerEntity returned.
[Entity 2] Calling updatePosition...
[Entity 2] updatePosition returned.
[DIAG] Actor Created ID: 2
[DIAG] Actor smartMove type: function
[DIAG] Actor smartMove body snapshot: smartMove(tx, tz, time, depth = 0) {
    if (isNaN(tx) || isNaN(tz)) {
      console.error(`[Actor $
[UnitCore.js] Unit Created ID:2 Role:worker Pos:0,0 Special:false
[UnitCore.js] Unit Created ID:2 Role:worker Pos:0,0
[UnitCore.js] Unit Construction Finished ID:2

[90mstdout[2m | src/tests/UnitLifecycle.test.js[2m > [22m[2mUnit Lifecycle and Aging[2m > [22m[2mshould age slower for Knights and Wizards (0.02 rate)
[22m[39mDisposing detached game instance

[90mstdout[2m | src/tests/UnitLifecycle.test.js[2m > [22m[2mUnit Lifecycle and Aging[2m > [22m[2mshould age slower for Knights and Wizards (0.02 rate)
[22m[39m[Entity 3] CONSTRUCTOR START: type=unit at 0,0
[Entity 3] Calling registerEntity...
[Entity 3] registerEntity returned.
[Entity 3] Calling updatePosition...
[Entity 3] updatePosition returned.
[DIAG] Actor Created ID: 3
[DIAG] Actor smartMove type: function
[DIAG] Actor smartMove body snapshot: smartMove(tx, tz, time, depth = 0) {
    if (isNaN(tx) || isNaN(tz)) {
      console.error(`[Actor $
[UnitCore.js] Unit Created ID:3 Role:worker Pos:0,0 Special:false
[UnitCore.js] Unit Created ID:3 Role:worker Pos:0,0
[UnitCore.js] Unit Construction Finished ID:3

[90mstdout[2m | src/tests/UnitLifecycle.test.js[2m > [22m[2mUnit Lifecycle and Aging[2m > [22m[2mshould age slower for Knights and Wizards (0.02 rate)
[22m[39m[Entity 4] CONSTRUCTOR START: type=unit at 0,0
[Entity 4] Calling registerEntity...
[Entity 4] registerEntity returned.
[Entity 4] Calling updatePosition...
[Entity 4] updatePosition returned.
[DIAG] Actor Created ID: 4
[DIAG] Actor smartMove type: function
[DIAG] Actor smartMove body snapshot: smartMove(tx, tz, time, depth = 0) {
    if (isNaN(tx) || isNaN(tz)) {
      console.error(`[Actor $
[UnitCore.js] Unit Created ID:4 Role:knight Pos:0,0 Special:false
[UnitCore.js] Unit Created ID:4 Role:knight Pos:0,0
[UnitCore.js] Unit Construction Finished ID:4
[Entity 5] CONSTRUCTOR START: type=unit at 0,0
[Entity 5] Calling registerEntity...
[Entity 5] registerEntity returned.
[Entity 5] Calling updatePosition...
[Entity 5] updatePosition returned.
[DIAG] Actor Created ID: 5
[DIAG] Actor smartMove type: function
[DIAG] Actor smartMove body snapshot: smartMove(tx, tz, time, depth = 0) {
    if (isNaN(tx) || isNaN(tz)) {
      console.error(`[Actor $
[UnitCore.js] Unit Created ID:5 Role:wizard Pos:0,0 Special:false
[UnitCore.js] Unit Created ID:5 Role:wizard Pos:0,0
[UnitCore.js] Unit Construction Finished ID:5

[90mstdout[2m | src/tests/UnitLifecycle.test.js[2m > [22m[2mUnit Lifecycle and Aging[2m > [22m[2mshould have longer lifespan for Special units
[22m[39mDisposing detached game instance

[90mstdout[2m | src/tests/UnitLifecycle.test.js[2m > [22m[2mUnit Lifecycle and Aging[2m > [22m[2mshould have longer lifespan for Special units
[22m[39m[Entity 6] CONSTRUCTOR START: type=unit at 0,0
[Entity 6] Calling registerEntity...
[Entity 6] registerEntity returned.
[Entity 6] Calling updatePosition...
[Entity 6] updatePosition returned.
[DIAG] Actor Created ID: 6
[DIAG] Actor smartMove type: function
[DIAG] Actor smartMove body snapshot: smartMove(tx, tz, time, depth = 0) {
    if (isNaN(tx) || isNaN(tz)) {
      console.error(`[Actor $
[UnitCore.js] Unit Created ID:6 Role:worker Pos:0,0 Special:false
[UnitCore.js] Unit Created ID:6 Role:worker Pos:0,0
[UnitCore.js] Unit Construction Finished ID:6

[90mstdout[2m | src/tests/UnitLifecycle.test.js[2m > [22m[2mUnit Lifecycle and Aging[2m > [22m[2mshould have longer lifespan for Special units
[22m[39m[Entity 7] CONSTRUCTOR START: type=unit at 0,0
[Entity 7] Calling registerEntity...
[Entity 7] registerEntity returned.
[Entity 7] Calling updatePosition...
[Entity 7] updatePosition returned.
[DIAG] Actor Created ID: 7
[DIAG] Actor smartMove type: function
[DIAG] Actor smartMove body snapshot: smartMove(tx, tz, time, depth = 0) {
    if (isNaN(tx) || isNaN(tz)) {
      console.error(`[Actor $
[UnitCore.js] Unit Created ID:7 Role:worker Pos:0,0 Special:false
[UnitCore.js] Unit Created ID:7 Role:worker Pos:0,0
[UnitCore.js] Unit Construction Finished ID:7

 [32m笨・[39m src/tests/UnitLifecycle.test.js [2m([22m[2m5 tests[22m[2m)[22m[32m 19[2mms[22m[39m
[90mstdout[2m | src/tests/RubberBanding.test.js
[22m[39m[DEBUG] Actor.ts loaded

[90mstdout[2m | src/tests/RubberBanding.test.js[2m > [22m[2mRubber-banding and Chaining Verification[2m > [22m[2mshould NOT snap back when arriving at a job during mid-move
[22m[39m[Entity 0] CONSTRUCTOR START: type=unit at 10,10
[Entity 0] Calling registerEntity...
[Entity 0] registerEntity returned.
[Entity 0] Calling updatePosition...
[Entity 0] updatePosition returned.
[DIAG] Actor Created ID: 0
[DIAG] Actor smartMove type: function
[DIAG] Actor smartMove body snapshot: smartMove(tx, tz, time, depth = 0) {
    if (isNaN(tx) || isNaN(tz)) {
      console.error(`[Actor $
[UnitCore.js] Unit Created ID:0 Role:worker Pos:10,10 Special:false
[Unit 0] State Change: None -> Wander
[UnitCore.js] Unit Created ID:0 Role:worker Pos:10,10
[UnitCore.js] Unit Construction Finished ID:0

[90mstdout[2m | src/tests/RubberBanding.test.js[2m > [22m[2mRubber-banding and Chaining Verification[2m > [22m[2mshould NOT snap back when arriving at a job during mid-move
[22m[39m[Unit 0] State Change: Wander -> Job
[Actor 0] Resetting Unreachable (Target changed or initializing)
[Entity 0] startMove -> isMoving:true. Target:20,10 StartTime:0.0000
[Actor 0] Pathfinding SUCCESS: Got 1 nodes to 20,10

[90mstdout[2m | src/tests/RubberBanding.test.js[2m > [22m[2mRubber-banding and Chaining Verification[2m > [22m[2mshould use visual position for chaining the next job
[22m[39mDisposing detached game instance

[90mstdout[2m | src/tests/RubberBanding.test.js[2m > [22m[2mRubber-banding and Chaining Verification[2m > [22m[2mshould use visual position for chaining the next job
[22m[39m[Entity 1] CONSTRUCTOR START: type=unit at 10,10
[Entity 1] Calling registerEntity...
[Entity 1] registerEntity returned.
[Entity 1] Calling updatePosition...
[Entity 1] updatePosition returned.
[DIAG] Actor Created ID: 1
[DIAG] Actor smartMove type: function
[DIAG] Actor smartMove body snapshot: smartMove(tx, tz, time, depth = 0) {
    if (isNaN(tx) || isNaN(tz)) {
      console.error(`[Actor $
[UnitCore.js] Unit Created ID:1 Role:worker Pos:10,10 Special:false
[UnitCore.js] Unit Created ID:1 Role:worker Pos:10,10
[UnitCore.js] Unit Construction Finished ID:1

stderr | src/tests/RubberBanding.test.js > Rubber-banding and Chaining Verification > should use visual position for chaining the next job
[RubberBanding Test] Unit Pos: 20,10. TargetReq: 2. ClaimCalls: 1
[Actor 1] Pathfinding FAILED: Empty/Short path returned. Current Pos: 20,10 -> Target: 30,10 Len:1 Short:true
[90mstdout[2m | src/tests/RubberBanding.test.js[2m > [22m[2mRubber-banding and Chaining Verification[2m > [22m[2mshould use visual position for chaining the next job
[22m[39m[Actor 1] Resetting Unreachable (Target changed or initializing)
[Entity 1] startMove -> isMoving:true. Target:20,10 StartTime:0.0000
[Entity 1] updateMovement ARRIVAL -> isMoving:false. Time:10.0000 StartTime:0.0000 Dur:10.0000 PrevGrid:10,10 Target:20,10
[Actor 1] Resetting Unreachable (Target changed or initializing)
[Actor 1] Resetting Unreachable (Target changed or initializing)


 [32m笨・[39m src/tests/RubberBanding.test.js [2m([22m[2m2 tests[22m[2m)[22m[32m 27[2mms[22m[39m
[90mstdout[2m | src/tests/Hysteresis.test.js
[22m[39m[DEBUG] Actor.ts loaded

[90mstdout[2m | src/tests/Hysteresis.test.js[2m > [22m[2mUnit Combat Hysteresis (Stickiness)[2m > [22m[2mshould stay focused on existing targetRaidPoint despite a slightly closer new hotspot
[22m[39m[Entity 0] CONSTRUCTOR START: type=unit at 50,50
[Entity 0] Calling updatePosition...
[Entity 0] updatePosition returned.
[DIAG] Actor Created ID: 0
[DIAG] Actor smartMove type: function
[DIAG] Actor smartMove body snapshot: smartMove(tx, tz, time, depth = 0) {
    if (isNaN(tx) || isNaN(tz)) {
      console.error(`[Actor $
[UnitCore.js] Unit Created ID:0 Role:knight Pos:50,50 Special:false
[Unit 0] State Change: None -> Wander
[UnitCore.js] Unit Created ID:0 Role:knight Pos:50,50
[UnitCore.js] Unit Construction Finished ID:0

[90mstdout[2m | src/tests/Hysteresis.test.js[2m > [22m[2mUnit Combat Hysteresis (Stickiness)[2m > [22m[2mshould switch target if the new hotspot is significantly closer (beyond hysteresis)
[22m[39mDisposing detached game instance

[90mstdout[2m | src/tests/Hysteresis.test.js[2m > [22m[2mUnit Combat Hysteresis (Stickiness)[2m > [22m[2mshould switch target if the new hotspot is significantly closer (beyond hysteresis)
[22m[39m[Entity 1] CONSTRUCTOR START: type=unit at 50,50
[Entity 1] Calling updatePosition...
[Entity 1] updatePosition returned.
[DIAG] Actor Created ID: 1
[DIAG] Actor smartMove type: function
[DIAG] Actor smartMove body snapshot: smartMove(tx, tz, time, depth = 0) {
    if (isNaN(tx) || isNaN(tz)) {
      console.error(`[Actor $
[UnitCore.js] Unit Created ID:1 Role:knight Pos:50,50 Special:false
[UnitCore.js] Unit Created ID:1 Role:knight Pos:50,50
[UnitCore.js] Unit Construction Finished ID:1

[90mstdout[2m | src/tests/Hysteresis.test.js[2m > [22m[2mUnit Combat Hysteresis (Stickiness)[2m > [22m[2mshould apply stickiness during checkSelfDefense for entities
[22m[39mDisposing detached game instance

[90mstdout[2m | src/tests/Hysteresis.test.js[2m > [22m[2mUnit Combat Hysteresis (Stickiness)[2m > [22m[2mshould apply stickiness during checkSelfDefense for entities
[22m[39m[Entity 2] CONSTRUCTOR START: type=unit at 50,50
[Entity 2] Calling updatePosition...
[Entity 2] updatePosition returned.
[DIAG] Actor Created ID: 2
[DIAG] Actor smartMove type: function
[DIAG] Actor smartMove body snapshot: smartMove(tx, tz, time, depth = 0) {
    if (isNaN(tx) || isNaN(tz)) {
      console.error(`[Actor $
[UnitCore.js] Unit Created ID:2 Role:knight Pos:50,50 Special:false
[UnitCore.js] Unit Created ID:2 Role:knight Pos:50,50
[UnitCore.js] Unit Construction Finished ID:2

[90mstdout[2m | src/tests/Hysteresis.test.js[2m > [22m[2mUnit Combat Hysteresis (Stickiness)[2m > [22m[2mshould apply stickiness during checkSelfDefense for entities
[22m[39m[DEBUG Unit 1] i=9 id=gA gx=50 gz=50 tGx=60 tGz=60 myCell=true gCell=true
[DEBUG Unit 1] i=9 id=gB gx=50 gz=50 tGx=45 tGz=45 myCell=true gCell=true
[DEBUG Unit 1] i=9 id=gA gx=50 gz=50 tGx=60 tGz=60 myCell=true gCell=true
[DEBUG Unit 1] i=9 id=gB gx=50 gz=50 tGx=45 tGz=45 myCell=true gCell=true

 [32m笨・[39m src/tests/Hysteresis.test.js [2m([22m[2m3 tests[22m[2m)[22m[32m 25[2mms[22m[39m
[90mstdout[2m | src/tests/MovementReset.test.js
[22m[39m[DEBUG] Actor.ts loaded

[90mstdout[2m | src/tests/MovementReset.test.js[2m > [22m[2mActor Movement Reset[2m > [22m[2mshould NOT reset movement timer when calling smartMove frequently for the same target
[22m[39m[Entity 0] CONSTRUCTOR START: type=test at 0,0
[Entity 0] Calling updatePosition...
[Entity 0] updatePosition returned.
[DIAG] Actor Created ID: 0
[DIAG] Actor smartMove type: function
[DIAG] Actor smartMove body snapshot: smartMove(tx, tz, time, depth = 0) {
    if (isNaN(tx) || isNaN(tz)) {
      console.error(`[Actor $
[Actor 0] Resetting Unreachable (Target changed or initializing)
[Entity 0] startMove -> isMoving:true. Target:1,0 StartTime:1000.0000

[90mstdout[2m | src/tests/MovementReset.test.js[2m > [22m[2mActor Movement Reset[2m > [22m[2mshould progress visually even with frequent smartMove calls
[22m[39m[Entity 1] CONSTRUCTOR START: type=test at 0,0
[Entity 1] Calling updatePosition...
[Entity 1] updatePosition returned.
[DIAG] Actor Created ID: 1
[DIAG] Actor smartMove type: function
[DIAG] Actor smartMove body snapshot: smartMove(tx, tz, time, depth = 0) {
    if (isNaN(tx) || isNaN(tz)) {
      console.error(`[Actor $
[Actor 1] Resetting Unreachable (Target changed or initializing)
[Entity 1] startMove -> isMoving:true. Target:1,0 StartTime:1000.0000
[Entity 1] startMove -> isMoving:true. Target:1.1,0 StartTime:1000.5000

 [32m笨・[39m src/tests/MovementReset.test.js [2m([22m[2m2 tests[22m[2m)[22m[32m 13[2mms[22m[39m
[90mstdout[2m | src/tests/UnitSnatch.test.js
[22m[39m[DEBUG] Actor.ts loaded

[90mstdout[2m | src/tests/UnitSnatch.test.js[2m > [22m[2mUnit Snatching and Race Conditions[2m > [22m[2mshould stop and wander if another unit snatches its job
[22m[39m[Entity 0] CONSTRUCTOR START: type=unit at 10,10
[Entity 0] Calling updatePosition...
[Entity 0] updatePosition returned.
[DIAG] Actor Created ID: 0
[DIAG] Actor smartMove type: function
[DIAG] Actor smartMove body snapshot: smartMove(tx, tz, time, depth = 0) {
    if (isNaN(tx) || isNaN(tz)) {
      console.error(`[Actor $
[UnitCore.js] Unit Created ID:0 Role:worker Pos:10,10 Special:false
[Unit 0] State Change: None -> Wander
[UnitCore.js] Unit Created ID:0 Role:worker Pos:10,10
[UnitCore.js] Unit Construction Finished ID:0
[Unit 0] State Change: Wander -> Job
[Actor 0] Resetting Unreachable (Target changed or initializing)
[Unit 0] State Change: Job -> Wander

[90mstdout[2m | src/tests/UnitSnatch.test.js[2m > [22m[2mUnit Snatching and Race Conditions[2m > [22m[2mshould stop if the job is completed by someone else
[22m[39mDisposing detached game instance

[90mstdout[2m | src/tests/UnitSnatch.test.js[2m > [22m[2mUnit Snatching and Race Conditions[2m > [22m[2mshould stop if the job is completed by someone else
[22m[39m[Entity 1] CONSTRUCTOR START: type=unit at 10,10
[Entity 1] Calling updatePosition...
[Entity 1] updatePosition returned.
[DIAG] Actor Created ID: 1
[DIAG] Actor smartMove type: function
[DIAG] Actor smartMove body snapshot: smartMove(tx, tz, time, depth = 0) {
    if (isNaN(tx) || isNaN(tz)) {
      console.error(`[Actor $
[UnitCore.js] Unit Created ID:0 Role:worker Pos:10,10 Special:false
[Unit 0] State Change: None -> Wander
[UnitCore.js] Unit Created ID:0 Role:worker Pos:10,10
[UnitCore.js] Unit Construction Finished ID:0
[Unit 0] State Change: Wander -> Job
[Actor 0] Resetting Unreachable (Target changed or initializing)
[Unit 0] State Change: Job -> Wander

 [32m笨・[39m src/tests/UnitSnatch.test.js [2m([22m[2m2 tests[22m[2m)[22m[32m 31[2mms[22m[39m
[90mstdout[2m | src/tests/MovementFix.test.js
[22m[39m[DEBUG] Actor.ts loaded

[90mstdout[2m | src/tests/TerrainSpeed.test.js
[22m[39m[DEBUG] Actor.ts loaded

[90mstdout[2m | src/tests/TerrainSpeed.test.js
[22m[39m[DEBUG] Goblin.ts loaded

[90mstdout[2m | src/tests/MovementFix.test.js[2m > [22m[2mUnit Movement & Throttling Fix[2m > [22m[2mshould move immediately on first call (Linear Fallback)
[22m[39m[Entity 0] CONSTRUCTOR START: type=unit at 10,10
[Entity 0] Calling registerEntity...
[Entity 0] registerEntity returned.
[Entity 0] Calling updatePosition...
[Entity 0] updatePosition returned.
[DIAG] Actor Created ID: 0
[DIAG] Actor smartMove type: function
[DIAG] Actor smartMove body snapshot: smartMove(tx, tz, time, depth = 0) {
    if (isNaN(tx) || isNaN(tz)) {
      console.error(`[Actor $
[UnitCore.js] Unit Created ID:0 Role:worker Pos:10,10 Special:false
[Unit 0] State Change: None -> Wander
[UnitCore.js] Unit Created ID:0 Role:worker Pos:10,10
[UnitCore.js] Unit Construction Finished ID:0

[90mstdout[2m | src/tests/MovementFix.test.js[2m > [22m[2mUnit Movement & Throttling Fix[2m > [22m[2mshould move immediately on first call (Linear Fallback)
[22m[39m[Actor 0] Resetting Unreachable (Target changed or initializing)
[Entity 0] startMove -> isMoving:true. Target:11,10 StartTime:0.0000

[90mstdout[2m | src/tests/MovementFix.test.js[2m > [22m[2mUnit Movement & Throttling Fix[2m > [22m[2mshould trigger pathfinding for longer distances
[22m[39m[Entity 1] CONSTRUCTOR START: type=unit at 10,10
[Entity 1] Calling registerEntity...
[Entity 1] registerEntity returned.
[Entity 1] Calling updatePosition...
[Entity 1] updatePosition returned.
[DIAG] Actor Created ID: 1
[DIAG] Actor smartMove type: function
[DIAG] Actor smartMove body snapshot: smartMove(tx, tz, time, depth = 0) {
    if (isNaN(tx) || isNaN(tz)) {
      console.error(`[Actor $
[UnitCore.js] Unit Created ID:1 Role:worker Pos:10,10 Special:false
[UnitCore.js] Unit Created ID:1 Role:worker Pos:10,10
[UnitCore.js] Unit Construction Finished ID:1

[90mstdout[2m | src/tests/TerrainSpeed.test.js
[22m[39m[DEBUG] Building.ts loaded

[90mstdout[2m | src/tests/TerrainSpeed.test.js
[22m[39m[DEBUG] Terrain.ts top-level load

[90mstdout[2m | src/tests/MovementFix.test.js[2m > [22m[2mUnit Movement & Throttling Fix[2m > [22m[2mshould trigger pathfinding for longer distances
[22m[39m[Actor 1] Resetting Unreachable (Target changed or initializing)

[90mstdout[2m | src/tests/MovementFix.test.js[2m > [22m[2mUnit Movement & Throttling Fix[2m > [22m[2mshould trigger pathfinding for longer distances
[22m[39m[Actor 1] Pathfinding SUCCESS: Got 3 nodes to 13,10
[Entity 1] startMove -> isMoving:true. Target:11,10 StartTime:0.0000

[90mstdout[2m | src/tests/MovementFix.test.js[2m > [22m[2mUnit Movement & Throttling Fix[2m > [22m[2mshould handle throttling correctly
[22m[39m[Entity 2] CONSTRUCTOR START: type=unit at 10,10
[Entity 2] Calling registerEntity...
[Entity 2] registerEntity returned.
[Entity 2] Calling updatePosition...
[Entity 2] updatePosition returned.
[DIAG] Actor Created ID: 2
[DIAG] Actor smartMove type: function
[DIAG] Actor smartMove body snapshot: smartMove(tx, tz, time, depth = 0) {
    if (isNaN(tx) || isNaN(tz)) {
      console.error(`[Actor $
[UnitCore.js] Unit Created ID:2 Role:worker Pos:10,10 Special:false
[UnitCore.js] Unit Created ID:2 Role:worker Pos:10,10
[UnitCore.js] Unit Construction Finished ID:2

[90mstdout[2m | src/tests/MovementFix.test.js[2m > [22m[2mUnit Movement & Throttling Fix[2m > [22m[2mshould handle throttling correctly
[22m[39m[Actor 2] Resetting Unreachable (Target changed or initializing)

[90mstdout[2m | src/tests/MovementFix.test.js[2m > [22m[2mUnit Movement & Throttling Fix[2m > [22m[2mshould handle throttling correctly
[22m[39m[Actor 2] Pathfinding SUCCESS: Got 3 nodes to 15,10
[Entity 2] startMove -> isMoving:true. Target:11,10 StartTime:1.0000

[90mstdout[2m | src/tests/MovementFix.test.js[2m > [22m[2mUnit Movement & Throttling Fix[2m > [22m[2mshould continue moving along path even if throttled
[22m[39m[Entity 3] CONSTRUCTOR START: type=unit at 10,10
[Entity 3] Calling registerEntity...
[Entity 3] registerEntity returned.
[Entity 3] Calling updatePosition...
[Entity 3] updatePosition returned.
[DIAG] Actor Created ID: 3
[DIAG] Actor smartMove type: function
[DIAG] Actor smartMove body snapshot: smartMove(tx, tz, time, depth = 0) {
    if (isNaN(tx) || isNaN(tz)) {
      console.error(`[Actor $
[UnitCore.js] Unit Created ID:3 Role:worker Pos:10,10 Special:false
[UnitCore.js] Unit Created ID:3 Role:worker Pos:10,10
[UnitCore.js] Unit Construction Finished ID:3

[90mstdout[2m | src/tests/MovementFix.test.js[2m > [22m[2mUnit Movement & Throttling Fix[2m > [22m[2mshould continue moving along path even if throttled
[22m[39m[Actor 3] Resetting Unreachable (Target changed or initializing)

 [32m笨・[39m src/tests/MovementFix.test.js [2m([22m[2m4 tests[22m[2m)[22m[32m 82[2mms[22m[39m
[90mstdout[2m | src/tests/PathChurn.test.js
[22m[39m[DEBUG] Actor.ts loaded

[90mstdout[2m | src/tests/PathChurn.test.js
[22m[39m[DEBUG] Building.ts loaded

[90mstdout[2m | src/tests/PathChurn.test.js
[22m[39m[DEBUG] Terrain.ts top-level load

[90mstdout[2m | src/tests/TerrainSpeed.test.js
[22m[39m[Import Debug] Raid: function, Combat: function, Wander: function

[90mstdout[2m | src/tests/PathChurn.test.js[2m > [22m[2mPath Churn / Refetching[2m > [22m[2mshould use stored pathTarget in onMoveFinished to preserve path
[22m[39m[Entity 0] CONSTRUCTOR START: type=unit at 0,0
[Entity 0] Calling registerEntity...
[Entity 0] registerEntity returned.
[Entity 0] Calling updatePosition...
[Entity 0] updatePosition returned.
[DIAG] Actor Created ID: 0
[DIAG] Actor smartMove type: function
[DIAG] Actor smartMove body snapshot: smartMove(tx, tz, time, depth = 0) {
    if (isNaN(tx) || isNaN(tz)) {
      console.error(`[Actor $
[UnitCore.js] Unit Created ID:0 Role:knight Pos:0,0 Special:false
[Unit 0] State Change: None -> Wander
[UnitCore.js] Unit Created ID:0 Role:knight Pos:0,0
[UnitCore.js] Unit Construction Finished ID:0

[90mstdout[2m | src/tests/PathChurn.test.js[2m > [22m[2mPath Churn / Refetching[2m > [22m[2mshould use stored pathTarget in onMoveFinished to preserve path
[22m[39m[Actor 0] Resetting Unreachable (Target changed or initializing)
[Entity 0] startMove -> isMoving:true. Target:1,1 StartTime:100.0000

[90mstdout[2m | src/tests/PathChurn.test.js[2m > [22m[2mPath Churn / Refetching[2m > [22m[2mshould fallback to lastNode if pathTarget is undefined
[22m[39mDisposing detached game instance

[90mstdout[2m | src/tests/PathChurn.test.js[2m > [22m[2mPath Churn / Refetching[2m > [22m[2mshould fallback to lastNode if pathTarget is undefined
[22m[39m[Entity 1] CONSTRUCTOR START: type=unit at 0,0
[Entity 1] Calling registerEntity...
[Entity 1] registerEntity returned.
[Entity 1] Calling updatePosition...
[Entity 1] updatePosition returned.
[DIAG] Actor Created ID: 1
[DIAG] Actor smartMove type: function
[DIAG] Actor smartMove body snapshot: smartMove(tx, tz, time, depth = 0) {
    if (isNaN(tx) || isNaN(tz)) {
      console.error(`[Actor $
[UnitCore.js] Unit Created ID:1 Role:knight Pos:0,0 Special:false
[UnitCore.js] Unit Created ID:1 Role:knight Pos:0,0
[UnitCore.js] Unit Construction Finished ID:1

[90mstdout[2m | src/tests/PathChurn.test.js[2m > [22m[2mPath Churn / Refetching[2m > [22m[2mshould fallback to lastNode if pathTarget is undefined
[22m[39m[Actor 1] Resetting Unreachable (Target changed or initializing)
[Entity 1] startMove -> isMoving:true. Target:5,5 StartTime:100.0000

[90mstdout[2m | src/tests/UnitPerformance.test.js
[22m[39m[DEBUG] Actor.ts loaded

 [32m笨・[39m src/tests/PathChurn.test.js [2m([22m[2m2 tests[22m[2m)[22m[32m 20[2mms[22m[39m
[90mstdout[2m | src/tests/UnitPerformance.test.js[2m > [22m[2mUnit Performance Optimization[2m > [22m[2mshould throttle checkSelfDefense based on ID and Frame
[22m[39m[Entity 0] CONSTRUCTOR START: type=unit at 10,10
[Entity 0] Calling updatePosition...
[Entity 0] updatePosition returned.
[DIAG] Actor Created ID: 0
[DIAG] Actor smartMove type: function
[DIAG] Actor smartMove body snapshot: smartMove(tx, tz, time, depth = 0) {
    if (isNaN(tx) || isNaN(tz)) {
      console.error(`[Actor $
[UnitCore.js] Unit Created ID:0 Role:worker Pos:10,10 Special:false
[Unit 0] State Change: None -> Wander
[UnitCore.js] Unit Created ID:0 Role:worker Pos:10,10
[UnitCore.js] Unit Construction Finished ID:0

[90mstdout[2m | src/tests/UnitPerformance.test.js[2m > [22m[2mUnit Performance Optimization[2m > [22m[2mshould skip checkSelfDefense for busy workers
[22m[39mDisposing detached game instance

[90mstdout[2m | src/tests/UnitPerformance.test.js[2m > [22m[2mUnit Performance Optimization[2m > [22m[2mshould skip checkSelfDefense for busy workers
[22m[39m[Entity 1] CONSTRUCTOR START: type=unit at 10,10
[Entity 1] Calling updatePosition...
[Entity 1] updatePosition returned.
[DIAG] Actor Created ID: 1
[DIAG] Actor smartMove type: function
[DIAG] Actor smartMove body snapshot: smartMove(tx, tz, time, depth = 0) {
    if (isNaN(tx) || isNaN(tz)) {
      console.error(`[Actor $
[UnitCore.js] Unit Created ID:1 Role:worker Pos:10,10 Special:false
[UnitCore.js] Unit Created ID:1 Role:worker Pos:10,10
[UnitCore.js] Unit Construction Finished ID:1

[90mstdout[2m | src/tests/UnitPerformance.test.js[2m > [22m[2mUnit Performance Optimization[2m > [22m[2mshould throttle checkSelfDefense for idle units
[22m[39mDisposing detached game instance

[90mstdout[2m | src/tests/UnitPerformance.test.js[2m > [22m[2mUnit Performance Optimization[2m > [22m[2mshould throttle checkSelfDefense for idle units
[22m[39m[Entity 2] CONSTRUCTOR START: type=unit at 10,10
[Entity 2] Calling updatePosition...
[Entity 2] updatePosition returned.
[DIAG] Actor Created ID: 2
[DIAG] Actor smartMove type: function
[DIAG] Actor smartMove body snapshot: smartMove(tx, tz, time, depth = 0) {
    if (isNaN(tx) || isNaN(tz)) {
      console.error(`[Actor $
[UnitCore.js] Unit Created ID:2 Role:worker Pos:10,10 Special:false
[UnitCore.js] Unit Created ID:2 Role:worker Pos:10,10
[UnitCore.js] Unit Construction Finished ID:2

 [32m笨・[39m src/tests/UnitPerformance.test.js [2m([22m[2m3 tests[22m[2m)[22m[32m 29[2mms[22m[39m
[90mstdout[2m | src/tests/CombatVerification.test.js
[22m[39m[DEBUG] Actor.ts loaded

[90mstdout[2m | src/tests/CombatVerification.test.js
[22m[39m[DEBUG] Goblin.ts loaded

 [32m笨・[39m src/tests/Flatness.test.js [2m([22m[2m5 tests[22m[2m)[22m[32m 20[2mms[22m[39m
[90mstdout[2m | src/tests/CombatVerification.test.js[2m > [22m[2mCombat Logic Verification[2m > [22m[2mScenario A: Worker destroys Cave
[22m[39m[Entity 0] CONSTRUCTOR START: type=unit at 10,10
[Entity 0] Calling registerEntity...
[Entity 0] registerEntity returned.
[Entity 0] Calling updatePosition...
[Entity 0] updatePosition returned.
[DIAG] Actor Created ID: 0
[DIAG] Actor smartMove type: function
[DIAG] Actor smartMove body snapshot: smartMove(tx, tz, time, depth = 0) {
    if (isNaN(tx) || isNaN(tz)) {
      console.error(`[Actor $
[UnitCore.js] Unit Created ID:0 Role:worker Pos:10,10 Special:false
[Unit 0] State Change: None -> Wander
[UnitCore.js] Unit Created ID:0 Role:worker Pos:10,10
[UnitCore.js] Unit Construction Finished ID:0
[Test A] Pre-Update HP: 200
[Test A] Post-Update HP: 200

 [32m笨・[39m src/tests/CombatVerification.test.js [2m([22m[2m1 test[22m[2m)[22m[32m 12[2mms[22m[39m
[90mstdout[2m | src/tests/TerrainSpeed.test.js
[22m[39m[DEBUG] Game.ts top-level load

[90mstdout[2m | src/tests/TerrainSpeed.test.js[2m > [22m[2mTerrain Speed Rules[2m > [22m[2mUnit Movement Speed[2m > [22m[2mshould have basic speed on Flat Terrain
[22m[39m[Entity 0] CONSTRUCTOR START: type=unit at 0,0
[Entity 0] Calling registerEntity...
[Entity 0] registerEntity returned.
[Entity 0] Calling updatePosition...
[Entity 0] updatePosition returned.
[DIAG] Actor Created ID: 0
[DIAG] Actor smartMove type: function
[DIAG] Actor smartMove body snapshot: smartMove(tx, tz, time, depth = 0) {
    if (isNaN(tx) || isNaN(tz)) {
      console.error(`[Actor $
[UnitCore.js] Unit Created ID:0 Role:test Pos:0,0 Special:false
[Unit 0] State Change: None -> Wander
[UnitCore.js] Unit Created ID:0 Role:test Pos:0,0
[UnitCore.js] Unit Construction Finished ID:0

[90mstdout[2m | src/tests/TerrainSpeed.test.js[2m > [22m[2mTerrain Speed Rules[2m > [22m[2mUnit Movement Speed[2m > [22m[2mshould have basic speed on Flat Terrain
[22m[39m[Entity 0] startMove -> isMoving:true. Target:1,0 StartTime:0.0000

[90mstdout[2m | src/tests/TerrainSpeed.test.js[2m > [22m[2mTerrain Speed Rules[2m > [22m[2mUnit Movement Speed[2m > [22m[2mshould slow down on Rock (Height > 9)
[22m[39mDisposing detached game instance

[90mstdout[2m | src/tests/TerrainSpeed.test.js[2m > [22m[2mTerrain Speed Rules[2m > [22m[2mUnit Movement Speed[2m > [22m[2mshould slow down on Rock (Height > 9)
[22m[39m[Entity 1] CONSTRUCTOR START: type=unit at 0,0
[Entity 1] Calling registerEntity...
[Entity 1] registerEntity returned.
[Entity 1] Calling updatePosition...
[Entity 1] updatePosition returned.
[DIAG] Actor Created ID: 1
[DIAG] Actor smartMove type: function
[DIAG] Actor smartMove body snapshot: smartMove(tx, tz, time, depth = 0) {
    if (isNaN(tx) || isNaN(tz)) {
      console.error(`[Actor $
[UnitCore.js] Unit Created ID:1 Role:test Pos:0,0 Special:false
[UnitCore.js] Unit Created ID:1 Role:test Pos:0,0
[UnitCore.js] Unit Construction Finished ID:1

[90mstdout[2m | src/tests/TerrainSpeed.test.js[2m > [22m[2mTerrain Speed Rules[2m > [22m[2mUnit Movement Speed[2m > [22m[2mshould slow down on Rock (Height > 9)
[22m[39m[Entity 1] startMove -> isMoving:true. Target:1,0 StartTime:0.0000

[90mstdout[2m | src/tests/TerrainSpeed.test.js[2m > [22m[2mTerrain Speed Rules[2m > [22m[2mUnit Movement Speed[2m > [22m[2mshould slow down on Slope (Height Diff > 0.1)
[22m[39mDisposing detached game instance

[90mstdout[2m | src/tests/TerrainSpeed.test.js[2m > [22m[2mTerrain Speed Rules[2m > [22m[2mUnit Movement Speed[2m > [22m[2mshould slow down on Slope (Height Diff > 0.1)
[22m[39m[Entity 2] CONSTRUCTOR START: type=unit at 0,0
[Entity 2] Calling registerEntity...
[Entity 2] registerEntity returned.
[Entity 2] Calling updatePosition...
[Entity 2] updatePosition returned.
[DIAG] Actor Created ID: 2
[DIAG] Actor smartMove type: function
[DIAG] Actor smartMove body snapshot: smartMove(tx, tz, time, depth = 0) {
    if (isNaN(tx) || isNaN(tz)) {
      console.error(`[Actor $
[UnitCore.js] Unit Created ID:2 Role:test Pos:0,0 Special:false
[UnitCore.js] Unit Created ID:2 Role:test Pos:0,0
[UnitCore.js] Unit Construction Finished ID:2

[90mstdout[2m | src/tests/TerrainSpeed.test.js[2m > [22m[2mTerrain Speed Rules[2m > [22m[2mUnit Movement Speed[2m > [22m[2mshould slow down on Slope (Height Diff > 0.1)
[22m[39m[Entity 2] startMove -> isMoving:true. Target:1,0 StartTime:0.0000

[90mstdout[2m | src/tests/TerrainSpeed.test.js[2m > [22m[2mTerrain Speed Rules[2m > [22m[2mUnit Movement Speed[2m > [22m[2mshould slow down in Swamp (Moisture > 0.6)
[22m[39mDisposing detached game instance

[90mstdout[2m | src/tests/TerrainSpeed.test.js[2m > [22m[2mTerrain Speed Rules[2m > [22m[2mUnit Movement Speed[2m > [22m[2mshould slow down in Swamp (Moisture > 0.6)
[22m[39m[Entity 3] CONSTRUCTOR START: type=unit at 0,0
[Entity 3] Calling registerEntity...
[Entity 3] registerEntity returned.
[Entity 3] Calling updatePosition...
[Entity 3] updatePosition returned.
[DIAG] Actor Created ID: 3
[DIAG] Actor smartMove type: function
[DIAG] Actor smartMove body snapshot: smartMove(tx, tz, time, depth = 0) {
    if (isNaN(tx) || isNaN(tz)) {
      console.error(`[Actor $
[UnitCore.js] Unit Created ID:3 Role:test Pos:0,0 Special:false
[UnitCore.js] Unit Created ID:3 Role:test Pos:0,0
[UnitCore.js] Unit Construction Finished ID:3

[90mstdout[2m | src/tests/TerrainSpeed.test.js[2m > [22m[2mTerrain Speed Rules[2m > [22m[2mUnit Movement Speed[2m > [22m[2mshould slow down in Swamp (Moisture > 0.6)
[22m[39m[Entity 3] startMove -> isMoving:true. Target:1,0 StartTime:0.0000

[90mstdout[2m | src/tests/TerrainSpeed.test.js[2m > [22m[2mTerrain Speed Rules[2m > [22m[2mGoblin Movement Speed[2m > [22m[2mshould have basic speed on Flat Terrain
[22m[39mDisposing detached game instance

[90mstdout[2m | src/tests/TerrainSpeed.test.js[2m > [22m[2mTerrain Speed Rules[2m > [22m[2mGoblin Movement Speed[2m > [22m[2mshould have basic speed on Flat Terrain
[22m[39m[Entity 4] CONSTRUCTOR START: type=goblin at 0,0
[Entity 4] Calling registerEntity...
[Entity 4] registerEntity returned.
[Entity 4] Calling updatePosition...
[Entity 4] updatePosition returned.
[DIAG] Actor Created ID: 4
[DIAG] Actor smartMove type: function
[DIAG] Actor smartMove body snapshot: smartMove(tx, tz, time, depth = 0) {
    if (isNaN(tx) || isNaN(tz)) {
      console.error(`[Actor $

[90mstdout[2m | src/tests/TerrainSpeed.test.js[2m > [22m[2mTerrain Speed Rules[2m > [22m[2mGoblin Movement Speed[2m > [22m[2mshould have basic speed on Flat Terrain
[22m[39m[Entity 4] startMove -> isMoving:true. Target:1,0 StartTime:0.0000

[90mstdout[2m | src/tests/TerrainSpeed.test.js[2m > [22m[2mTerrain Speed Rules[2m > [22m[2mGoblin Movement Speed[2m > [22m[2mshould slow down on Rock (Height > 9)
[22m[39mDisposing detached game instance

[90mstdout[2m | src/tests/TerrainSpeed.test.js[2m > [22m[2mTerrain Speed Rules[2m > [22m[2mGoblin Movement Speed[2m > [22m[2mshould slow down on Rock (Height > 9)
[22m[39m[Entity 5] CONSTRUCTOR START: type=goblin at 0,0
[Entity 5] Calling registerEntity...
[Entity 5] registerEntity returned.
[Entity 5] Calling updatePosition...
[Entity 5] updatePosition returned.
[DIAG] Actor Created ID: 5
[DIAG] Actor smartMove type: function
[DIAG] Actor smartMove body snapshot: smartMove(tx, tz, time, depth = 0) {
    if (isNaN(tx) || isNaN(tz)) {
      console.error(`[Actor $

[90mstdout[2m | src/tests/TerrainSpeed.test.js[2m > [22m[2mTerrain Speed Rules[2m > [22m[2mGoblin Movement Speed[2m > [22m[2mshould slow down on Rock (Height > 9)
[22m[39m[Entity 5] startMove -> isMoving:true. Target:1,0 StartTime:0.0000

[90mstdout[2m | src/tests/TerrainSpeed.test.js[2m > [22m[2mTerrain Speed Rules[2m > [22m[2mGoblin Movement Speed[2m > [22m[2mshould slow down on Slope (Height Diff > 0.1)
[22m[39mDisposing detached game instance

[90mstdout[2m | src/tests/TerrainSpeed.test.js[2m > [22m[2mTerrain Speed Rules[2m > [22m[2mGoblin Movement Speed[2m > [22m[2mshould slow down on Slope (Height Diff > 0.1)
[22m[39m[Entity 6] CONSTRUCTOR START: type=goblin at 0,0
[Entity 6] Calling registerEntity...
[Entity 6] registerEntity returned.
[Entity 6] Calling updatePosition...
[Entity 6] updatePosition returned.
[DIAG] Actor Created ID: 6
[DIAG] Actor smartMove type: function
[DIAG] Actor smartMove body snapshot: smartMove(tx, tz, time, depth = 0) {
    if (isNaN(tx) || isNaN(tz)) {
      console.error(`[Actor $

[90mstdout[2m | src/tests/TerrainSpeed.test.js[2m > [22m[2mTerrain Speed Rules[2m > [22m[2mGoblin Movement Speed[2m > [22m[2mshould slow down on Slope (Height Diff > 0.1)
[22m[39m[Entity 6] startMove -> isMoving:true. Target:1,0 StartTime:0.0000

[90mstdout[2m | src/tests/TerrainSpeed.test.js[2m > [22m[2mTerrain Speed Rules[2m > [22m[2mGoblin Movement Speed[2m > [22m[2mshould slow down in Swamp (Moisture > 0.6)
[22m[39mDisposing detached game instance

[90mstdout[2m | src/tests/TerrainSpeed.test.js[2m > [22m[2mTerrain Speed Rules[2m > [22m[2mGoblin Movement Speed[2m > [22m[2mshould slow down in Swamp (Moisture > 0.6)
[22m[39m[Entity 7] CONSTRUCTOR START: type=goblin at 0,0
[Entity 7] Calling registerEntity...
[Entity 7] registerEntity returned.
[Entity 7] Calling updatePosition...
[Entity 7] updatePosition returned.
[DIAG] Actor Created ID: 7
[DIAG] Actor smartMove type: function
[DIAG] Actor smartMove body snapshot: smartMove(tx, tz, time, depth = 0) {
    if (isNaN(tx) || isNaN(tz)) {
      console.error(`[Actor $

[90mstdout[2m | src/tests/TerrainSpeed.test.js[2m > [22m[2mTerrain Speed Rules[2m > [22m[2mGoblin Movement Speed[2m > [22m[2mshould slow down in Swamp (Moisture > 0.6)
[22m[39m[Entity 7] startMove -> isMoving:true. Target:1,0 StartTime:0.0000

 [32m笨・[39m src/tests/TerrainSpeed.test.js [2m([22m[2m8 tests[22m[2m)[22m[32m 54[2mms[22m[39m
[90mstdout[2m | src/tests/ShorelineLoop.test.js
[22m[39m[DEBUG] Actor.ts loaded

[90mstdout[2m | src/tests/SlopeSpeed.test.js
[22m[39m[DEBUG] Actor.ts loaded

[90mstdout[2m | src/tests/ShorelineLoop.test.js[2m > [22m[2mShoreline Loop Reproduction[2m > [22m[2mshould NOT target unrelated region goblin via checkSelfDefense
[22m[39m[Entity 0] CONSTRUCTOR START: type=unit at 5,5
[Entity 0] Calling registerEntity...
[Entity 0] registerEntity returned.
[Entity 0] Calling updatePosition...
[Entity 0] updatePosition returned.
[DIAG] Actor Created ID: 0
[DIAG] Actor smartMove type: function
[DIAG] Actor smartMove body snapshot: smartMove(tx, tz, time, depth = 0) {
    if (isNaN(tx) || isNaN(tz)) {
      console.error(`[Actor $
[UnitCore.js] Unit Created ID:0 Role:soldier Pos:5,5 Special:false
[Unit 0] State Change: None -> Wander
[UnitCore.js] Unit Created ID:0 Role:soldier Pos:5,5
[UnitCore.js] Unit Construction Finished ID:0

[90mstdout[2m | src/tests/ShorelineLoop.test.js[2m > [22m[2mShoreline Loop Reproduction[2m > [22m[2mshould NOT target unrelated region goblin via checkSelfDefense
[22m[39m[DEBUG Unit 1] i=0 id=2 gx=5 gz=5 tGx=15 tGz=5 myCell=true gCell=true

[90mstdout[2m | src/tests/ShorelineLoop.test.js[2m > [22m[2mShoreline Loop Reproduction[2m > [22m[2mshould NOT target land goblin when unit is in water (Region 0)
[22m[39m[Entity 1] CONSTRUCTOR START: type=unit at 5,5
[Entity 1] Calling registerEntity...
[Entity 1] registerEntity returned.
[Entity 1] Calling updatePosition...
[Entity 1] updatePosition returned.
[DIAG] Actor Created ID: 1
[DIAG] Actor smartMove type: function
[DIAG] Actor smartMove body snapshot: smartMove(tx, tz, time, depth = 0) {
    if (isNaN(tx) || isNaN(tz)) {
      console.error(`[Actor $
[UnitCore.js] Unit Created ID:1 Role:soldier Pos:5,5 Special:false
[UnitCore.js] Unit Created ID:1 Role:soldier Pos:5,5
[UnitCore.js] Unit Construction Finished ID:1

[90mstdout[2m | src/tests/ShorelineLoop.test.js[2m > [22m[2mShoreline Loop Reproduction[2m > [22m[2mshould NOT target land goblin when unit is in water (Region 0)
[22m[39m[DEBUG Unit 1] i=0 id=2 gx=10 gz=5 tGx=15 tGz=5 myCell=true gCell=true

 [32m笨・[39m src/tests/ShorelineLoop.test.js [2m([22m[2m2 tests[22m[2m)[22m[32m 16[2mms[22m[39m
[90mstdout[2m | src/tests/SlopeSpeed.test.js
[22m[39m[DEBUG] Goblin.ts loaded

[90mstdout[2m | src/tests/SlopeSpeed.test.js[2m > [22m[2mSlope Speed Sensitivity[2m > [22m[2mUnit detects sub-tile slope
[22m[39m[Entity 0] CONSTRUCTOR START: type=unit at 9.8,50
[Entity 0] Calling registerEntity...
[Entity 0] registerEntity returned.
[Entity 0] Calling updatePosition...
[Entity 0] updatePosition returned.
[DIAG] Actor Created ID: 0
[DIAG] Actor smartMove type: function
[DIAG] Actor smartMove body snapshot: smartMove(tx, tz, time, depth = 0) {
    if (isNaN(tx) || isNaN(tz)) {
      console.error(`[Actor $
[UnitCore.js] Unit Created ID:0 Role:worker Pos:9.8,50 Special:false
[Unit 0] State Change: None -> Wander
[UnitCore.js] Unit Created ID:0 Role:worker Pos:9.8,50
[UnitCore.js] Unit Construction Finished ID:0
[Entity 1] startMove -> isMoving:true. Target:10.2,50 StartTime:1000.0000

[90mstdout[2m | src/tests/SlopeSpeed.test.js[2m > [22m[2mSlope Speed Sensitivity[2m > [22m[2mGoblin detects sub-tile slope
[22m[39m[Entity 1] CONSTRUCTOR START: type=goblin at 9.8,50
[Entity 1] Calling registerEntity...
[Entity 1] registerEntity returned.
[Entity 1] Calling updatePosition...
[Entity 1] updatePosition returned.
[DIAG] Actor Created ID: 1
[DIAG] Actor smartMove type: function
[DIAG] Actor smartMove body snapshot: smartMove(tx, tz, time, depth = 0) {
    if (isNaN(tx) || isNaN(tz)) {
      console.error(`[Actor $
[Entity 2] startMove -> isMoving:true. Target:10.2,50 StartTime:1000.0000

[90mstdout[2m | src/tests/SlopeSpeed.test.js[2m > [22m[2mSlope Speed Sensitivity[2m > [22m[2mUnit on Flat ground stays Fast
[22m[39m[Entity 2] CONSTRUCTOR START: type=unit at 5,50
[Entity 2] Calling registerEntity...
[Entity 2] registerEntity returned.
[Entity 2] Calling updatePosition...
[Entity 2] updatePosition returned.
[DIAG] Actor Created ID: 2
[DIAG] Actor smartMove type: function
[DIAG] Actor smartMove body snapshot: smartMove(tx, tz, time, depth = 0) {
    if (isNaN(tx) || isNaN(tz)) {
      console.error(`[Actor $
[UnitCore.js] Unit Created ID:1 Role:worker Pos:5,50 Special:false
[UnitCore.js] Unit Created ID:1 Role:worker Pos:5,50
[UnitCore.js] Unit Construction Finished ID:1
[Entity 1] startMove -> isMoving:true. Target:6,50 StartTime:1000.0000

 [32m笨・[39m src/tests/SlopeSpeed.test.js [2m([22m[2m3 tests[22m[2m)[22m[32m 16[2mms[22m[39m
[90mstdout[2m | src/tests/ManualJobThrottle.test.ts
[22m[39m[DEBUG] Actor.ts loaded

[90mstdout[2m | src/tests/ManualJobThrottle.test.ts[2m > [22m[2mManual Job Pathfinding Throttle[2m > [22m[2mshould bypass throttle for manual jobs even after first attempt
[22m[39m[Entity 0] CONSTRUCTOR START: type=unit at 10,10
[Entity 0] Calling updatePosition...
[Entity 0] updatePosition returned.
[DIAG] Actor Created ID: 0
[DIAG] Actor smartMove type: function
[DIAG] Actor smartMove body snapshot: smartMove(tx, tz, time, depth = 0) {
    if (isNaN(tx) || isNaN(tz)) {
      console.error(`[Actor $
[UnitCore.js] Unit Created ID:0 Role:worker Pos:10,10 Special:false
[Unit 0] State Change: None -> Wander
[UnitCore.js] Unit Created ID:0 Role:worker Pos:10,10
[UnitCore.js] Unit Construction Finished ID:0

[90mstdout[2m | src/tests/ManualJobThrottle.test.ts[2m > [22m[2mManual Job Pathfinding Throttle[2m > [22m[2mshould bypass throttle for manual jobs even after first attempt
[22m[39m[Actor 1] Resetting Unreachable (Target changed or initializing)

[90mstdout[2m | src/tests/ManualJobThrottle.test.ts[2m > [22m[2mManual Job Pathfinding Throttle[2m > [22m[2mshould bypass throttle for manual jobs even after first attempt
[22m[39m[Actor 1] Pathfinding SUCCESS: Got 1 nodes to 20,20
[Entity 1] startMove -> isMoving:true. Target:11,11 StartTime:100.5000

[90mstdout[2m | src/tests/BuildingStart.test.js
[22m[39m[DEBUG] Actor.ts loaded

[90mstdout[2m | src/tests/ManualJobThrottle.test.ts[2m > [22m[2mManual Job Pathfinding Throttle[2m > [22m[2mshould still throttle normal actions (e.g. Wander)
[22m[39m[Entity 1] CONSTRUCTOR START: type=unit at 10,10
[Entity 1] Calling updatePosition...
[Entity 1] updatePosition returned.
[DIAG] Actor Created ID: 1
[DIAG] Actor smartMove type: function
[DIAG] Actor smartMove body snapshot: smartMove(tx, tz, time, depth = 0) {
    if (isNaN(tx) || isNaN(tz)) {
      console.error(`[Actor $
[UnitCore.js] Unit Created ID:1 Role:worker Pos:10,10 Special:false
[UnitCore.js] Unit Created ID:1 Role:worker Pos:10,10
[UnitCore.js] Unit Construction Finished ID:1

[90mstdout[2m | src/tests/ManualJobThrottle.test.ts[2m > [22m[2mManual Job Pathfinding Throttle[2m > [22m[2mshould still throttle normal actions (e.g. Wander)
[22m[39m[Actor 1] Resetting Unreachable (Target changed or initializing)

[90mstdout[2m | src/tests/ManualJobThrottle.test.ts[2m > [22m[2mManual Job Pathfinding Throttle[2m > [22m[2mshould NOT update lastPathTime if global budget is exceeded
[22m[39m[Entity 2] CONSTRUCTOR START: type=unit at 10,10
[Entity 2] Calling updatePosition...
[Entity 2] updatePosition returned.
[DIAG] Actor Created ID: 2
[DIAG] Actor smartMove type: function
[DIAG] Actor smartMove body snapshot: smartMove(tx, tz, time, depth = 0) {
    if (isNaN(tx) || isNaN(tz)) {
      console.error(`[Actor $
[UnitCore.js] Unit Created ID:2 Role:worker Pos:10,10 Special:false
[UnitCore.js] Unit Created ID:2 Role:worker Pos:10,10
[UnitCore.js] Unit Construction Finished ID:2

[90mstdout[2m | src/tests/ManualJobThrottle.test.ts[2m > [22m[2mManual Job Pathfinding Throttle[2m > [22m[2mshould NOT update lastPathTime if global budget is exceeded
[22m[39m[Actor 1] Resetting Unreachable (Target changed or initializing)

 [32m笨・[39m src/tests/ManualJobThrottle.test.ts [2m([22m[2m3 tests[22m[2m)[22m[32m 20[2mms[22m[39m
[90mstdout[2m | src/tests/BuildingStart.test.js[2m > [22m[2mBuilding Logic[2m > [22m[2mshould build house if population is sufficient (Initial State)
[22m[39m[Entity 0] CONSTRUCTOR START: type=unit at 5,5
[Entity 0] Calling registerEntity...
[Entity 0] registerEntity returned.
[Entity 0] Calling updatePosition...
[Entity 0] updatePosition returned.
[DIAG] Actor Created ID: 0
[DIAG] Actor smartMove type: function
[DIAG] Actor smartMove body snapshot: smartMove(tx, tz, time, depth = 0) {
    if (isNaN(tx) || isNaN(tz)) {
      console.error(`[Actor $
[UnitCore.js] Unit Created ID:0 Role:worker Pos:5,5 Special:false
[Unit 0] State Change: None -> Wander
[UnitCore.js] Unit Created ID:0 Role:worker Pos:5,5
[UnitCore.js] Unit Construction Finished ID:0

[90mstdout[2m | src/tests/BuildingStart.test.js[2m > [22m[2mBuilding Logic[2m > [22m[2mshould build house if population is sufficient (Initial State)
[22m[39m[Actor 0] Resetting Unreachable (Target changed or initializing)

[90mstdout[2m | src/tests/BuildingStart.test.js[2m > [22m[2mBuilding Logic[2m > [22m[2mshould build house if population > 8 (with Base Cap 10)
[22m[39mDisposing detached game instance

[90mstdout[2m | src/tests/BuildingStart.test.js[2m > [22m[2mBuilding Logic[2m > [22m[2mshould build house if population > 8 (with Base Cap 10)
[22m[39m[Entity 1] CONSTRUCTOR START: type=unit at 5,5
[Entity 1] Calling registerEntity...
[Entity 1] registerEntity returned.
[Entity 1] Calling updatePosition...
[Entity 1] updatePosition returned.
[DIAG] Actor Created ID: 1
[DIAG] Actor smartMove type: function
[DIAG] Actor smartMove body snapshot: smartMove(tx, tz, time, depth = 0) {
    if (isNaN(tx) || isNaN(tz)) {
      console.error(`[Actor $
[UnitCore.js] Unit Created ID:1 Role:worker Pos:5,5 Special:false
[UnitCore.js] Unit Created ID:1 Role:worker Pos:5,5
[UnitCore.js] Unit Construction Finished ID:1

[90mstdout[2m | src/tests/BuildingStart.test.js[2m > [22m[2mBuilding Logic[2m > [22m[2mshould build house if population > 8 (with Base Cap 10)
[22m[39m[Actor 0] Resetting Unreachable (Target changed or initializing)

 [32m笨・[39m src/tests/BuildingStart.test.js [2m([22m[2m2 tests[22m[2m)[22m[32m 31[2mms[22m[39m
[90mstdout[2m | src/tests/AdvancedUnits.test.js
[22m[39m[DEBUG] Actor.ts loaded

[90mstdout[2m | src/tests/AdvancedUnits.test.js
[22m[39m[DEBUG] Building.ts loaded

[90mstdout[2m | src/tests/AdvancedUnits.test.js
[22m[39m[DEBUG] Terrain.ts top-level load

[90mstdout[2m | src/tests/AdvancedUnits.test.js
[22m[39m[DEBUG] Goblin.ts loaded

[90mstdout[2m | src/tests/AdvancedUnits.test.js
[22m[39m[Import Debug] Raid: function, Combat: function, Wander: function

[90mstdout[2m | src/tests/GoblinHutDestruction.test.js
[22m[39m[DEBUG] Building.ts loaded

[90mstdout[2m | src/tests/AdvancedUnits.test.js
[22m[39m[DEBUG] Game.ts top-level load

[90mstdout[2m | src/tests/GoblinHutDestruction.test.js
[22m[39m[DEBUG] Terrain.ts top-level load

[90mstdout[2m | src/tests/AdvancedUnits.test.js[2m > [22m[2mAdvanced Units[2m > [22m[2mshould initialize Knight with high stats
[22m[39m[Entity 0] CONSTRUCTOR START: type=unit at 10,10
[Entity 0] Calling registerEntity...
[Entity 0] registerEntity returned.
[Entity 0] Calling updatePosition...
[Entity 0] updatePosition returned.
[DIAG] Actor Created ID: 0
[DIAG] Actor smartMove type: function
[DIAG] Actor smartMove body snapshot: smartMove(tx, tz, time, depth = 0) {
    if (isNaN(tx) || isNaN(tz)) {
      console.error(`[Actor $
[UnitCore.js] Unit Created ID:0 Role:knight Pos:10,10 Special:false
[Unit 0] State Change: None -> Wander
[UnitCore.js] Unit Created ID:0 Role:knight Pos:10,10
[UnitCore.js] Unit Construction Finished ID:0

[90mstdout[2m | src/tests/AdvancedUnits.test.js[2m > [22m[2mAdvanced Units[2m > [22m[2mshould initialize Wizard with low HP and high stats
[22m[39mDisposing detached game instance

[90mstdout[2m | src/tests/AdvancedUnits.test.js[2m > [22m[2mAdvanced Units[2m > [22m[2mshould initialize Wizard with low HP and high stats
[22m[39m[Entity 1] CONSTRUCTOR START: type=unit at 10,10
[Entity 1] Calling registerEntity...
[Entity 1] registerEntity returned.
[Entity 1] Calling updatePosition...
[Entity 1] updatePosition returned.
[DIAG] Actor Created ID: 1
[DIAG] Actor smartMove type: function
[DIAG] Actor smartMove body snapshot: smartMove(tx, tz, time, depth = 0) {
    if (isNaN(tx) || isNaN(tz)) {
      console.error(`[Actor $
[UnitCore.js] Unit Created ID:1 Role:wizard Pos:10,10 Special:false
[UnitCore.js] Unit Created ID:1 Role:wizard Pos:10,10
[UnitCore.js] Unit Construction Finished ID:1

[90mstdout[2m | src/tests/AdvancedUnits.test.js[2m > [22m[2mAdvanced Units[2m > [22m[2mshould allow Wizard to attack from range
[22m[39mDisposing detached game instance

[90mstdout[2m | src/tests/AdvancedUnits.test.js[2m > [22m[2mAdvanced Units[2m > [22m[2mshould allow Wizard to attack from range
[22m[39m[Entity 2] CONSTRUCTOR START: type=unit at 10,10
[Entity 2] Calling registerEntity...
[Entity 2] registerEntity returned.
[Entity 2] Calling updatePosition...
[Entity 2] updatePosition returned.
[DIAG] Actor Created ID: 2
[DIAG] Actor smartMove type: function
[DIAG] Actor smartMove body snapshot: smartMove(tx, tz, time, depth = 0) {
    if (isNaN(tx) || isNaN(tz)) {
      console.error(`[Actor $
[UnitCore.js] Unit Created ID:2 Role:wizard Pos:10,10 Special:false
[UnitCore.js] Unit Created ID:2 Role:wizard Pos:10,10
[UnitCore.js] Unit Construction Finished ID:2

 [32m笨・[39m src/tests/AdvancedUnits.test.js [2m([22m[2m3 tests[22m[2m)[22m[32m 13[2mms[22m[39m
[90mstdout[2m | src/tests/GoblinHutDestruction.test.js
[22m[39m[DEBUG] Actor.ts loaded

[90mstdout[2m | src/tests/DeathAnimation.test.js
[22m[39m[DEBUG] Actor.ts loaded

[90mstdout[2m | src/tests/SheepHarvest.test.js
[22m[39m[DEBUG] Actor.ts loaded

[90mstdout[2m | src/tests/GoblinHutDestruction.test.js
[22m[39m[DEBUG] Goblin.ts loaded

[90mstdout[2m | src/tests/ManualJobRetry.test.js
[22m[39m[DEBUG] Building.ts loaded

[90mstdout[2m | src/tests/ManualJobRetry.test.js
[22m[39m[DEBUG] Terrain.ts top-level load

[90mstdout[2m | src/tests/DeathAnimation.test.js[2m > [22m[2mDeath Animation and Logic Fixes[2m > [22m[2mshould update death animation and remove cross after duration
[22m[39mDisposing detached game instance

[90mstdout[2m | src/tests/GoblinHutDestruction.test.js
[22m[39m[Import Debug] Raid: function, Combat: function, Wander: function

[90mstdout[2m | src/tests/DeathAnimation.test.js[2m > [22m[2mDeath Animation and Logic Fixes[2m > [22m[2mshould update death animation and remove cross after duration
[22m[39m[Entity 0] CONSTRUCTOR START: type=unit at 10,10
[Entity 0] Calling updatePosition...
[Entity 0] updatePosition returned.
[DIAG] Actor Created ID: 0
[DIAG] Actor smartMove type: function
[DIAG] Actor smartMove body snapshot: smartMove(tx, tz, time, depth = 0) {
    if (isNaN(tx) || isNaN(tz)) {
      console.error(`[Actor $
[UnitCore.js] Unit Created ID:0 Role:worker Pos:10,10 Special:false
[Unit 0] State Change: None -> Wander
[UnitCore.js] Unit Created ID:0 Role:worker Pos:10,10
[UnitCore.js] Unit Construction Finished ID:0

[90mstdout[2m | src/tests/DeathAnimation.test.js[2m > [22m[2mDeath Animation and Logic Fixes[2m > [22m[2mshould update death animation and remove cross after duration
[22m[39mUnit 0 (worker) DIED. R.I.P.

[90mstdout[2m | src/tests/DeathAnimation.test.js[2m > [22m[2mDeath Animation and Logic Fixes[2m > [22m[2mshould Stop moving/updating logic when Dead (Ghost Unit Fix)
[22m[39m[Entity 1] CONSTRUCTOR START: type=unit at 10,10
[Entity 1] Calling updatePosition...
[Entity 1] updatePosition returned.
[DIAG] Actor Created ID: 1
[DIAG] Actor smartMove type: function
[DIAG] Actor smartMove body snapshot: smartMove(tx, tz, time, depth = 0) {
    if (isNaN(tx) || isNaN(tz)) {
      console.error(`[Actor $
[UnitCore.js] Unit Created ID:1 Role:worker Pos:10,10 Special:false
[UnitCore.js] Unit Created ID:1 Role:worker Pos:10,10
[UnitCore.js] Unit Construction Finished ID:1

[90mstdout[2m | src/tests/DeathAnimation.test.js[2m > [22m[2mDeath Animation and Logic Fixes[2m > [22m[2mshould Stop moving/updating logic when Dead (Ghost Unit Fix)
[22m[39mUnit 0 (worker) DIED. R.I.P.

 [32m笨・[39m src/tests/DeathAnimation.test.js [2m([22m[2m2 tests[22m[2m)[22m[32m 16[2mms[22m[39m
[90mstdout[2m | src/tests/SheepHarvest.test.js[2m > [22m[2mSheep Harvest Reward Verification[2m > [22m[2mshould grant 1000 meat when a unit kills a sheep
[22m[39m[Entity 0] CONSTRUCTOR START: type=unit at 5,5
[Entity 0] Calling registerEntity...
[Entity 0] registerEntity returned.
[Entity 0] Calling updatePosition...
[Entity 0] updatePosition returned.
[DIAG] Actor Created ID: 0
[DIAG] Actor smartMove type: function
[DIAG] Actor smartMove body snapshot: smartMove(tx, tz, time, depth = 0) {
    if (isNaN(tx) || isNaN(tz)) {
      console.error(`[Actor $
[UnitCore.js] Unit Created ID:0 Role:worker Pos:5,5 Special:false
[Unit 0] State Change: None -> Wander
[UnitCore.js] Unit Created ID:0 Role:worker Pos:5,5
[UnitCore.js] Unit Construction Finished ID:0
[Entity 1] CONSTRUCTOR START: type=sheep at 5,5
[Entity 1] Calling registerEntity...
[Entity 1] registerEntity returned.
[Entity 1] Calling updatePosition...
[Entity 1] updatePosition returned.
[DIAG] Actor Created ID: 1
[DIAG] Actor smartMove type: function
[DIAG] Actor smartMove body snapshot: smartMove(tx, tz, time, depth = 0) {
    if (isNaN(tx) || isNaN(tz)) {
      console.error(`[Actor $

 [32m笨・[39m src/tests/SheepHarvest.test.js [2m([22m[2m1 test[22m[2m)[22m[32m 20[2mms[22m[39m
[90mstdout[2m | src/tests/ManualJobRetry.test.js
[22m[39m[DEBUG] Actor.ts loaded

[90mstdout[2m | src/tests/GoblinHutDestruction.test.js
[22m[39m[DEBUG] Game.ts top-level load

[90mstdout[2m | src/tests/GoblinHutDestruction.test.js[2m > [22m[2mGoblin Hut Destruction[2m > [22m[2mshould be destroyed when HP reaches 0
[22m[39m[Entity 0] CONSTRUCTOR START: type=building at 5,5
[Entity 0] Calling updatePosition...
[Entity 0] updatePosition returned.
[Building 0] takeDamage ENTER: amount=150, hp=100
[Building] goblin_hut(0) took 150 dmg. Pop: 0. Retaliation: 0
[Building 0] isDestroyed TRUE (HP: -50)

[90mstdout[2m | src/tests/GoblinHutDestruction.test.js[2m > [22m[2mGoblin Hut Destruction[2m > [22m[2mshould be removed from Terrain by Game Loop logic
[22m[39mDisposing detached game instance

[90mstdout[2m | src/tests/NightLogic.test.js
[22m[39m[DEBUG] Actor.ts loaded

[90mstdout[2m | src/tests/GoblinHutDestruction.test.js[2m > [22m[2mGoblin Hut Destruction[2m > [22m[2mshould be removed from Terrain by Game Loop logic
[22m[39m[Entity 1] CONSTRUCTOR START: type=building at 5,5
[Entity 1] Calling updatePosition...
[Entity 1] updatePosition returned.
[Building 999] takeDamage ENTER: amount=200, hp=100
[Building] goblin_hut(999) took 200 dmg. Pop: 0. Retaliation: 0
[Building 999] isDestroyed TRUE (HP: -100)
[Building 999] isDestroyed TRUE (HP: -100)

 [32m笨・[39m src/tests/GoblinHutDestruction.test.js [2m([22m[2m2 tests[22m[2m)[22m[32m 21[2mms[22m[39m
[90mstdout[2m | src/tests/ManualJobRetry.test.js
[22m[39m[DEBUG] Goblin.ts loaded

[90mstdout[2m | src/tests/ManualJobRetry.test.js
[22m[39m[Import Debug] Raid: function, Combat: function, Wander: function

[90mstdout[2m | src/tests/NightLogic.test.js[2m > [22m[2mNight Logic - Shelter Entry[2m > [22m[2mWorker should engage pathfinding to House but is likely blocked
[22m[39m[Entity 0] CONSTRUCTOR START: type=unit at 10,0
[Entity 0] Calling registerEntity...
[Entity 0] registerEntity returned.
[Entity 0] Calling updatePosition...
[Entity 0] updatePosition returned.
[DIAG] Actor Created ID: 0
[DIAG] Actor smartMove type: function
[DIAG] Actor smartMove body snapshot: smartMove(tx, tz, time, depth = 0) {
    if (isNaN(tx) || isNaN(tz)) {
      console.error(`[Actor $
[UnitCore.js] Unit Created ID:0 Role:worker Pos:10,0 Special:false
[Unit 0] State Change: None -> Wander
[UnitCore.js] Unit Created ID:0 Role:worker Pos:10,0
[UnitCore.js] Unit Construction Finished ID:0
[Unit 0] State Change: Wander -> Sleep

 [32m笨・[39m src/tests/NightLogic.test.js [2m([22m[2m1 test[22m[2m)[22m[32m 13[2mms[22m[39m
[90mstdout[2m | src/tests/ManualJobRetry.test.js
[22m[39m[DEBUG] Game.ts top-level load

stderr | src/tests/ManualJobRetry.test.js > Manual Job Retry and Water Reachability Logic Test > Job Deferral Logic > should use 3s deferTime for manual requests
[JobState] DIAG: Job Abort Unreachable. Unit:1 moveStarted=false, isU=true, isW=undefined, distSq=200.0
[JobState] Job Abandoned: Unreachable. ReqID:req_manual

stderr | src/tests/ManualJobRetry.test.js > Manual Job Retry and Water Reachability Logic Test > Job Deferral Logic > should use 15s deferTime for automatic requests
[JobState] DIAG: Job Abort Unreachable. Unit:1 moveStarted=false, isU=true, isW=undefined, distSq=200.0
[JobState] Job Abandoned: Unreachable. ReqID:req_auto

 [32m笨・[39m src/tests/ManualJobRetry.test.js [2m([22m[2m5 tests[22m[2m)[22m[32m 17[2mms[22m[39m
[90mstdout[2m | src/tests/GoblinStats.test.js
[22m[39m[DEBUG] Actor.ts loaded

[90mstdout[2m | src/tests/GoblinStats.test.js
[22m[39m[DEBUG] Goblin.ts loaded

[90mstdout[2m | src/tests/DebuggingIdle.test.js
[22m[39m[DEBUG] Actor.ts loaded

[90mstdout[2m | src/tests/GoblinStats.test.js[2m > [22m[2mGoblin Stats Verification[2m > [22m[2mNormal Goblin should have sufficient lifespan and speed
[22m[39m[Entity 0] CONSTRUCTOR START: type=goblin at 10,10
[Entity 0] Calling registerEntity...
[Entity 0] registerEntity returned.
[Entity 0] Calling updatePosition...
[Entity 0] updatePosition returned.
[DIAG] Actor Created ID: 0
[DIAG] Actor smartMove type: function
[DIAG] Actor smartMove body snapshot: smartMove(tx, tz, time, depth = 0) {
    if (isNaN(tx) || isNaN(tz)) {
      console.error(`[Actor $
[Actor 0] CHANGE STATE: None -> Wander Request:null 

[90mstdout[2m | src/tests/GoblinStats.test.js[2m > [22m[2mGoblin Stats Verification[2m > [22m[2mKing Goblin should be long lived
[22m[39mDisposing detached game instance

[90mstdout[2m | src/tests/GoblinStats.test.js[2m > [22m[2mGoblin Stats Verification[2m > [22m[2mKing Goblin should be long lived
[22m[39m[Entity 1] CONSTRUCTOR START: type=goblin at 10,10
[Entity 1] Calling registerEntity...
[Entity 1] registerEntity returned.
[Entity 1] Calling updatePosition...
[Entity 1] updatePosition returned.
[DIAG] Actor Created ID: 1
[DIAG] Actor smartMove type: function
[DIAG] Actor smartMove body snapshot: smartMove(tx, tz, time, depth = 0) {
    if (isNaN(tx) || isNaN(tz)) {
      console.error(`[Actor $

 [32m笨・[39m src/tests/GoblinStats.test.js [2m([22m[2m2 tests[22m[2m)[22m[32m 13[2mms[22m[39m
[90mstdout[2m | src/tests/WanderBehavior.test.js[2m > [22m[2mWander Behavior Verification[2m > [22m[2mWander should also wander and scan for targets
[22m[39mDisposing detached game instance

 [32m笨・[39m src/tests/WanderBehavior.test.js [2m([22m[2m2 tests[22m[2m)[22m[32m 13[2mms[22m[39m
[90mstdout[2m | src/tests/DebuggingIdle.test.js[2m > [22m[2mAction Label Logic[2m > [22m[2mshould maintain Moving action during update loop
[22m[39m[Entity 0] CONSTRUCTOR START: type=unit at 5,5
[Entity 0] Calling registerEntity...
[Entity 0] registerEntity returned.
[Entity 0] Calling updatePosition...
[Entity 0] updatePosition returned.
[DIAG] Actor Created ID: 0
[DIAG] Actor smartMove type: function
[DIAG] Actor smartMove body snapshot: smartMove(tx, tz, time, depth = 0) {
    if (isNaN(tx) || isNaN(tz)) {
      console.error(`[Actor $
[UnitCore.js] Unit Created ID:0 Role:worker Pos:5,5 Special:false
[Unit 0] State Change: None -> Wander
[UnitCore.js] Unit Created ID:0 Role:worker Pos:5,5
[UnitCore.js] Unit Construction Finished ID:0

[90mstdout[2m | src/tests/DebuggingIdle.test.js[2m > [22m[2mAction Label Logic[2m > [22m[2mshould maintain Moving action during update loop
[22m[39m[Unit 0] State Change: Wander -> Wander
[Actor 0] Resetting Unreachable (Target changed or initializing)
[Entity 0] startMove -> isMoving:true. Target:6,6 StartTime:0.0000

 [32m笨・[39m src/tests/DebuggingIdle.test.js [2m([22m[2m1 test[22m[2m)[22m[32m 15[2mms[22m[39m
[90mstdout[2m | src/tests/WorkerLogic.test.js[2m > [22m[2mPathfinding Worker Logic[2m > [22m[2mshould find a simple path
[22m[39m[Worker] Grid Initialized: 10x10 (with Moisture)

[90mstdout[2m | src/tests/WorkerLogic.test.js[2m > [22m[2mPathfinding Worker Logic[2m > [22m[2mshould return null for unreachable path
[22m[39m[Worker] Grid Initialized: 10x10 (with Moisture)

[90mstdout[2m | src/tests/WorkerLogic.test.js[2m > [22m[2mPathfinding Worker Logic[2m > [22m[2mshould handle start point in water (should find nearest land)
[22m[39m[Worker] Grid Initialized: 10x10 (with Moisture)

[90mstdout[2m | src/tests/WorkerLogic.test.js[2m > [22m[2mPathfinding Worker Logic[2m > [22m[2mshould NOT crash or loop infinitely on complex mazes
[22m[39m[Worker] Grid Initialized: 20x20 (with Moisture)
[WorkerLogic] Path found: true in 0.03960000000006403ms

 [32m笨・[39m src/tests/BehaviorReproduction.test.js [2m([22m[2m4 tests[22m[2m)[22m[32m 7[2mms[22m[39m
 [32m笨・[39m src/tests/WorkerLogic.test.js [2m([22m[2m4 tests[22m[2m)[22m[32m 15[2mms[22m[39m
[90mstdout[2m | src/tests/ReproductionJitabata.test.js
[22m[39m[DEBUG] Actor.ts loaded

[90mstdout[2m | src/tests/UnitInit.test.js
[22m[39m[DEBUG] Actor.ts loaded

[90mstdout[2m | src/tests/ReproductionJitabata.test.js[2m > [22m[2mJitabata Bug Reproduction (Interrupt Loop)[2m > [22m[2mshould NOT trigger Jitabata (Stop-and-Go) when a distant Raid Point appears during Migration
[22m[39m[Entity 0] CONSTRUCTOR START: type=unit at 10,10
[Entity 0] Calling registerEntity...
[Entity 0] registerEntity returned.
[Entity 0] Calling updatePosition...
[Entity 0] updatePosition returned.
[DIAG] Actor Created ID: 0
[DIAG] Actor smartMove type: function
[DIAG] Actor smartMove body snapshot: smartMove(tx, tz, time, depth = 0) {
    if (isNaN(tx) || isNaN(tz)) {
      console.error(`[Actor $
[UnitCore.js] Unit Created ID:0 Role:knight Pos:10,10 Special:false
[Unit 0] State Change: None -> Wander
[UnitCore.js] Unit Created ID:0 Role:knight Pos:10,10
[UnitCore.js] Unit Construction Finished ID:0
[Unit 0] State Change: Wander -> Wander

[90mstdout[2m | src/tests/ReproductionJitabata.test.js[2m > [22m[2mJitabata Bug Reproduction (Interrupt Loop)[2m > [22m[2mshould NOT trigger Jitabata (Stop-and-Go) when a distant Raid Point appears during Migration
[22m[39m[Test] Frame 1 Post-logic isMoving: true, action: Migrating
[Test] Frame 2 Post-logic isMoving: true, action: Migrating

 [32m笨・[39m src/tests/ReproductionJitabata.test.js [2m([22m[2m1 test[22m[2m)[22m[32m 11[2mms[22m[39m
[90mstdout[2m | src/tests/UnitInit.test.js[2m > [22m[2mUnit Initialization and Movement Start[2m > [22m[2mshould NOT freeze if started at time 0
[22m[39m[Entity 0] CONSTRUCTOR START: type=unit at 10,10
[Entity 0] Calling registerEntity...
[Entity 0] registerEntity returned.
[Entity 0] Calling updatePosition...
[Entity 0] updatePosition returned.
[DIAG] Actor Created ID: 0
[DIAG] Actor smartMove type: function
[DIAG] Actor smartMove body snapshot: smartMove(tx, tz, time, depth = 0) {
    if (isNaN(tx) || isNaN(tz)) {
      console.error(`[Actor $
[UnitCore.js] Unit Created ID:0 Role:worker Pos:10,10 Special:false
[Unit 0] State Change: None -> Wander
[UnitCore.js] Unit Created ID:0 Role:worker Pos:10,10
[UnitCore.js] Unit Construction Finished ID:0
Debug Unit Action after 6s: Idle

 [32m笨・[39m src/tests/UnitInit.test.js [2m([22m[2m1 test[22m[2m)[22m[32m 13[2mms[22m[39m
[90mstdout[2m | src/tests/GoblinDestruction.test.js
[22m[39m[DEBUG] Actor.ts loaded

[90mstdout[2m | src/tests/WaterEntry.test.js
[22m[39m[DEBUG] Actor.ts loaded

[90mstdout[2m | src/tests/WaterEntry.test.js[2m > [22m[2mWater Entry Prevention[2m > [22m[2mActor prevents linear movement into water
[22m[39m[Entity 0] CONSTRUCTOR START: type=worker at 10,8
[Entity 0] Calling registerEntity...
[Entity 0] registerEntity returned.
[Entity 0] Calling updatePosition...
[Entity 0] updatePosition returned.
[DIAG] Actor Created ID: 0
[DIAG] Actor smartMove type: function
[DIAG] Actor smartMove body snapshot: smartMove(tx, tz, time, depth = 0) {
    if (isNaN(tx) || isNaN(tz)) {
      console.error(`[Actor $
[Actor 1] Resetting Unreachable (Target changed or initializing)

stderr | src/tests/WaterEntry.test.js > Water Entry Prevention > Actor prevents linear movement into water
[Actor 1] Pathfinding FAILED: Empty/Short path returned. Current Pos: 10,8 -> Target: 10,10 Len:0 Short:false

[90mstdout[2m | src/tests/WaterEntry.test.js[2m > [22m[2mWater Entry Prevention[2m > [22m[2mActor allows movement on land
[22m[39m[Entity 1] CONSTRUCTOR START: type=worker at 10,8
[Entity 1] Calling registerEntity...
[Entity 1] registerEntity returned.
[Entity 1] Calling updatePosition...
[Entity 1] updatePosition returned.
[DIAG] Actor Created ID: 1
[DIAG] Actor smartMove type: function
[DIAG] Actor smartMove body snapshot: smartMove(tx, tz, time, depth = 0) {
    if (isNaN(tx) || isNaN(tz)) {
      console.error(`[Actor $
[Actor 1] Resetting Unreachable (Target changed or initializing)

stderr | src/tests/WaterEntry.test.js > Water Entry Prevention > Actor allows movement on land
[Actor 1] Pathfinding FAILED: Empty/Short path returned. Current Pos: 10,8 -> Target: 10,6 Len:0 Short:false

[90mstdout[2m | src/tests/GoblinDestruction.test.js
[22m[39m[DEBUG] Goblin.ts loaded

 [32m笨・[39m src/tests/WaterEntry.test.js [2m([22m[2m2 tests[22m[2m)[22m[32m 18[2mms[22m[39m
[90mstdout[2m | src/tests/GoblinDestruction.test.js
[22m[39m[DEBUG] Building.ts loaded

[90mstdout[2m | src/tests/GoblinDestruction.test.js[2m > [22m[2mGoblin Real Building Destruction[2m > [22m[2mshould damage building population
[22m[39mDisposing detached game instance

[90mstdout[2m | src/tests/GoblinDestruction.test.js[2m > [22m[2mGoblin Real Building Destruction[2m > [22m[2mshould damage building population
[22m[39m[Entity 0] CONSTRUCTOR START: type=goblin at 10,10
[Entity 0] Calling registerEntity...
[Entity 0] registerEntity returned.
[Entity 0] Calling updatePosition...
[Entity 0] updatePosition returned.
[DIAG] Actor Created ID: 0
[DIAG] Actor smartMove type: function
[DIAG] Actor smartMove body snapshot: smartMove(tx, tz, time, depth = 0) {
    if (isNaN(tx) || isNaN(tz)) {
      console.error(`[Actor $
[Actor 0] CHANGE STATE: None -> Wander Request:null 
[Entity 1] CONSTRUCTOR START: type=building at 11,11
[Entity 1] Calling registerEntity...
[Entity 1] registerEntity returned.
[Entity 1] Calling updatePosition...
[Entity 1] updatePosition returned.

[90mstdout[2m | src/tests/GoblinDestruction.test.js[2m > [22m[2mGoblin Real Building Destruction[2m > [22m[2mshould damage building population
[22m[39m[Building 1] takeDamage ENTER: amount=10, hp=100
[Building] house(1) took 10 dmg. Pop: 9. Retaliation: 0
[Goblin 0] AttackBuilding Result - BldgType: house, HP: 90, Pop: 9, isDestroyed: false 

[90mstdout[2m | src/tests/GoblinDestruction.test.js[2m > [22m[2mGoblin Real Building Destruction[2m > [22m[2mshould destroy building when HP reaches zero (Universal Rule)
[22m[39m[Entity 2] CONSTRUCTOR START: type=goblin at 10,10
[Entity 2] Calling registerEntity...
[Entity 2] registerEntity returned.
[Entity 2] Calling updatePosition...
[Entity 2] updatePosition returned.
[DIAG] Actor Created ID: 2
[DIAG] Actor smartMove type: function
[DIAG] Actor smartMove body snapshot: smartMove(tx, tz, time, depth = 0) {
    if (isNaN(tx) || isNaN(tz)) {
      console.error(`[Actor $
[Entity 3] CONSTRUCTOR START: type=building at 11,11
[Entity 3] Calling registerEntity...
[Entity 3] registerEntity returned.
[Entity 3] Calling updatePosition...
[Entity 3] updatePosition returned.

[90mstdout[2m | src/tests/GoblinDestruction.test.js[2m > [22m[2mGoblin Real Building Destruction[2m > [22m[2mshould destroy building when HP reaches zero (Universal Rule)
[22m[39m[Building 3] takeDamage ENTER: amount=10, hp=5
[Building] house(3) took 10 dmg. Pop: 4. Retaliation: 0
[Building 3] isDestroyed TRUE (HP: -5)
[Goblin 2] AttackBuilding Result - BldgType: house, HP: -5, Pop: 4, isDestroyed: true 
[Building 3] isDestroyed TRUE (HP: -5)
Goblin 2 destroyed house !

[90mstdout[2m | src/tests/GoblinDestruction.test.js[2m > [22m[2mGoblin Real Building Destruction[2m > [22m[2mshould decrease HP of a Farm (No population survival)
[22m[39m[Entity 4] CONSTRUCTOR START: type=goblin at 10,10
[Entity 4] Calling registerEntity...
[Entity 4] registerEntity returned.
[Entity 4] Calling updatePosition...
[Entity 4] updatePosition returned.
[DIAG] Actor Created ID: 4
[DIAG] Actor smartMove type: function
[DIAG] Actor smartMove body snapshot: smartMove(tx, tz, time, depth = 0) {
    if (isNaN(tx) || isNaN(tz)) {
      console.error(`[Actor $
[Entity 5] CONSTRUCTOR START: type=building at 11,11
[Entity 5] Calling registerEntity...
[Entity 5] registerEntity returned.
[Entity 5] Calling updatePosition...
[Entity 5] updatePosition returned.

[90mstdout[2m | src/tests/GoblinDestruction.test.js[2m > [22m[2mGoblin Real Building Destruction[2m > [22m[2mshould decrease HP of a Farm (No population survival)
[22m[39m[Entity 6] CONSTRUCTOR START: type=building at 12,12
[Entity 6] Calling registerEntity...
[Entity 6] registerEntity returned.
[Entity 6] Calling updatePosition...
[Entity 6] updatePosition returned.
[Building 6] takeDamage ENTER: amount=10, hp=80
[Building] farm(6) took 10 dmg. Pop: 49. Retaliation: 0
[Goblin 4] AttackBuilding Result - BldgType: farm, HP: 70, Pop: 49, isDestroyed: false 

 [32m笨・[39m src/tests/GoblinDestruction.test.js [2m([22m[2m3 tests[22m[2m)[22m[32m 25[2mms[22m[39m
 [32m笨・[39m src/tests/BonusWorkerSpawn.test.js [2m([22m[2m4 tests[22m[2m)[22m[32m 9[2mms[22m[39m
 [32m笨・[39m src/tests/DefeatCondition.test.js [2m([22m[2m6 tests[22m[2m)[22m[32m 11[2mms[22m[39m
[90mstdout[2m | src/tests/VerifyBuildingGrowth.test.js
[22m[39m[DEBUG] Building.ts loaded

 [32m笨・[39m src/tests/FactionWar.test.js [2m([22m[2m3 tests[22m[2m)[22m[32m 10[2mms[22m[39m
[90mstdout[2m | src/tests/CavePersistence.test.js
[22m[39m[Import Debug] Raid: function, Combat: function, Wander: function

[90mstdout[2m | src/tests/CavePersistence.test.js[2m > [22m[2mGoblinManager Cave Persistence[2m > [22m[2mshould destroy cave if submerged (height <= 0)
[22m[39m[GoblinManager] Cave destroyed: SUBMERGED(H = -1)
[GoblinManager] Cleaning up cave at 10,10

 [32m笨・[39m src/tests/CavePersistence.test.js [2m([22m[2m2 tests[22m[2m)[22m[32m 19[2mms[22m[39m
[90mstdout[2m | src/tests/CaveDestruction.test.js
[22m[39m[DEBUG] Actor.ts loaded

 [32m笨・[39m src/tests/VerifyBuildingGrowth.test.js [2m([22m[2m3 tests[22m[2m)[22m[32m 9[2mms[22m[39m
[90mstdout[2m | src/tests/CaveDestruction.test.js[2m > [22m[2mCave Destruction Bug[2m > [22m[2mshould damage cave when attacking directly
[22m[39mDisposing detached game instance

[90mstdout[2m | src/tests/CaveDestruction.test.js[2m > [22m[2mCave Destruction Bug[2m > [22m[2mshould damage cave when attacking directly
[22m[39m[Test] Creating Unit
[Entity 0] CONSTRUCTOR START: type=unit at 10,10
[Entity 0] Calling updatePosition...
[Entity 0] updatePosition returned.
[DIAG] Actor Created ID: 0
[DIAG] Actor smartMove type: function
[DIAG] Actor smartMove body snapshot: smartMove(tx, tz, time, depth = 0) {
    if (isNaN(tx) || isNaN(tz)) {
      console.error(`[Actor $
[UnitCore.js] Unit Created ID:0 Role:knight Pos:10,10 Special:false
[Unit 0] State Change: None -> Wander
[UnitCore.js] Unit Created ID:0 Role:knight Pos:10,10
[UnitCore.js] Unit Construction Finished ID:0

 [32m笨・[39m src/tests/CaveDestruction.test.js [2m([22m[2m1 test[22m[2m)[22m[32m 20[2mms[22m[39m
[90mstdout[2m | src/tests/WorkerDiversityFixed.test.js
[22m[39m[DEBUG] Building.ts loaded

[90mstdout[2m | src/tests/WorkerDiversityFixed.test.js
[22m[39m[DEBUG] Terrain.ts top-level load

[90mstdout[2m | src/tests/WorkerDiversityFixed.test.js
[22m[39m[DEBUG] Actor.ts loaded

[90mstdout[2m | src/tests/WorkerDiversityFixed.test.js
[22m[39m[DEBUG] Goblin.ts loaded

[90mstdout[2m | src/tests/WorkerDiversityFixed.test.js
[22m[39m[Import Debug] Raid: function, Combat: function, Wander: function

[90mstdout[2m | src/tests/WorkerDiversityFixed.test.js
[22m[39m[DEBUG] Game.ts top-level load

[90mstdout[2m | src/tests/WorkerDiversityFixed.test.js[2m > [22m[2mVerification Game[2m > [22m[2mGame should be defined
[22m[39m!!! CHECKING GAME DEFINITION !!!
Game is defined

[90mstdout[2m | src/tests/WorkerDiversityFixed.test.js[2m > [22m[2mVerification Game[2m > [22m[2mGame.spawnUnit should be updated
[22m[39m!!! CHECKING SPAWNUNIT !!!
DEBUG: spawnUnit source:
spawnUnit(x, z, roleOrSpecial = null, sourceBuilding = null, squadId = null, isManualClick = false, faction = "player") {
    let role = "citizen";
    let isSpecial = false;
    let homeBase = null;
    if (roleOrSpecial === true) {
      isSpecial = true;
      role = "worker";
      if (isManualClick) this.manualWorkerSpawns++;
    } else if (typeof roleOrSpecial === "string") {
      role = roleOrSpecial;
    } else if (sourceBuilding) {
      homeBase = sourceBuilding;
      const bType = sourceBuilding.type || sourceBuilding.userData && sourceBuilding.userData.type;
      if (bType === "barracks") role = "knight";
      else if (bType === "tower") role = "wizard";
      else {
        const r = Math.random();
        if (r < 0.2) role = "hunter";
        else if (r < 0.4) role = "fisher";
        else role = "worker";
      };
      if ((role === "knight" || role === "wizard") && !sourceBuilding.userData.memory) {
        sourceBuilding.userData.memory = new BattleMemory();
      };
      console.log(`Spawned ${role} linked to ${sourceBuilding.type} at ${sourceBuilding.userData.gridX},${sourceBuilding.userData.gridZ} SquadID:${squadId}`);
    } else {
      const r = Math.random();
      if (r < 0.25) role = "hunter";
      else if (r < 0.5) role = "fisher";
      else role = "worker";
    };
    const unit = new __vite_ssr_import_3__.Unit(this.scene, this.terrain, x, z, role, isSpecial, squadId, faction);
    unit.game = this;
    unit.homeBase = homeBase;
    this.units.push(unit);
    if (this.unitMap) this.unitMap.set(unit.id, unit);
    const canWork = unit.role === "worker" || unit.role === "hunter" || unit.role === "fisher";
    if (canWork) {
      this.processAssignments();
    };
    return unit;
  }

 [32m笨・[39m src/tests/WorkerDiversityFixed.test.js [2m([22m[2m2 tests[22m[2m)[22m[32m 8[2mms[22m[39m
[90mstdout[2m | src/tests/PathfindingOscillation.test.js
[22m[39m[DEBUG] Actor.ts loaded

[90mstdout[2m | src/tests/PathfindingOscillation.test.js[2m > [22m[2mPathfinding Oscillation Debug[2m > [22m[2mshould NOT re-call pathfinding if target differs slightly from path end
[22m[39m[Entity 0] CONSTRUCTOR START: type=unit at 0,0
[Entity 0] Calling registerEntity...
[Entity 0] registerEntity returned.
[Entity 0] Calling updatePosition...
[Entity 0] updatePosition returned.
[DIAG] Actor Created ID: 0
[DIAG] Actor smartMove type: function
[DIAG] Actor smartMove body snapshot: smartMove(tx, tz, time, depth = 0) {
    if (isNaN(tx) || isNaN(tz)) {
      console.error(`[Actor $
[UnitCore.js] Unit Created ID:0 Role:undefined Pos:0,0 Special:false
[Unit 0] State Change: None -> Wander
[UnitCore.js] Unit Created ID:0 Role:worker Pos:0,0
[UnitCore.js] Unit Construction Finished ID:0

[90mstdout[2m | src/tests/PathfindingOscillation.test.js[2m > [22m[2mPathfinding Oscillation Debug[2m > [22m[2mshould NOT re-call pathfinding if target differs slightly from path end
[22m[39m[Actor 1] Resetting Unreachable (Target changed or initializing)
[Entity 1] startMove -> isMoving:true. Target:10,10 StartTime:100.0000

 [32m笨・[39m src/tests/PathfindingOscillation.test.js [2m([22m[2m1 test[22m[2m)[22m[32m 13[2mms[22m[39m
 [32m笨・[39m src/tests/SquadMemory.test.js [2m([22m[2m2 tests[22m[2m)[22m[32m 9[2mms[22m[39m
[90mstdout[2m | src/tests/ManualJobFlicker.test.js
[22m[39m[DEBUG] Building.ts loaded

[90mstdout[2m | src/tests/ManualJobFlicker.test.js
[22m[39m[DEBUG] Terrain.ts top-level load

 [32m笨・[39m src/tests/SleepBehavior.test.js [2m([22m[2m2 tests[22m[2m)[22m[32m 17[2mms[22m[39m
[90mstdout[2m | src/tests/ManualJobFlicker.test.js
[22m[39m[DEBUG] Actor.ts loaded

[90mstdout[2m | src/tests/ReproduceGoblinCrash.test.js
[22m[39m[DEBUG] Actor.ts loaded

[90mstdout[2m | src/tests/ReproduceGoblinCrash.test.js
[22m[39m[DEBUG] Goblin.ts loaded

[90mstdout[2m | src/tests/ReproduceGoblinCrash.test.js[2m > [22m[2mReproduce Goblin Crash[2m > [22m[2mshould create face texture without crashing
[22m[39mRunning Reproduction Test
Mock Context Keys: [
  [32m'fillRect'[39m,             [32m'fillStyle'[39m,
  [32m'drawImage'[39m,            [32m'getImageData'[39m,
  [32m'putImageData'[39m,         [32m'createImageData'[39m,
  [32m'translate'[39m,            [32m'rotate'[39m,
  [32m'scale'[39m,                [32m'save'[39m,
  [32m'restore'[39m,              [32m'beginPath'[39m,
  [32m'moveTo'[39m,               [32m'lineTo'[39m,
  [32m'closePath'[39m,            [32m'fill'[39m,
  [32m'stroke'[39m,               [32m'arc'[39m,
  [32m'createLinearGradient'[39m, [32m'createRadialGradient'[39m,
  [32m'setTransform'[39m,         [32m'measureText'[39m
]
Is beginPath function? function

 [32m笨・[39m src/tests/ReproduceGoblinCrash.test.js [2m([22m[2m1 test[22m[2m)[22m[32m 7[2mms[22m[39m
[90mstdout[2m | src/tests/ManualJobFlicker.test.js
[22m[39m[DEBUG] Goblin.ts loaded

[90mstdout[2m | src/tests/ManualJobFlicker.test.js
[22m[39m[Import Debug] Raid: function, Combat: function, Wander: function

[90mstdout[2m | src/tests/ManualJobFlicker.test.js
[22m[39m[DEBUG] Game.ts top-level load

[90mstdout[2m | src/tests/ManualJobFlicker.test.js[2m > [22m[2mManual Job Flicker Investigation[2m > [22m[2mshould NOT switch to Combat when performing a Manual Job, even if enemy is near
[22m[39m[Entity 0] CONSTRUCTOR START: type=unit at 10,10
[Entity 0] Calling registerEntity...
[Entity 0] registerEntity returned.
[Entity 0] Calling updatePosition...
[Entity 0] updatePosition returned.
[DIAG] Actor Created ID: 0
[DIAG] Actor smartMove type: function
[DIAG] Actor smartMove body snapshot: smartMove(tx, tz, time, depth = 0) {
    if (isNaN(tx) || isNaN(tz)) {
      console.error(`[Actor $
[UnitCore.js] Unit Created ID:0 Role:worker Pos:10,10 Special:false
[Unit 0] State Change: None -> Wander
[UnitCore.js] Unit Created ID:0 Role:worker Pos:10,10
[UnitCore.js] Unit Construction Finished ID:0
[Entity 1] CONSTRUCTOR START: type=goblin at 15,10
[Entity 1] Calling registerEntity...
[Entity 1] registerEntity returned.
[Entity 1] Calling updatePosition...
[Entity 1] updatePosition returned.
[DIAG] Actor Created ID: 1
[DIAG] Actor smartMove type: function
[DIAG] Actor smartMove body snapshot: smartMove(tx, tz, time, depth = 0) {
    if (isNaN(tx) || isNaN(tz)) {
      console.error(`[Actor $

 [32m笨・[39m src/tests/ManualJobFlicker.test.js [2m([22m[2m1 test[22m[2m)[22m[32m 15[2mms[22m[39m
 [32m笨・[39m src/tests/AAAA_DIAG.test.js [2m([22m[2m2 tests[22m[2m)[22m[32m 7[2mms[22m[39m
[90mstdout[2m | src/tests/JobApproachThreshold.test.js
[22m[39m[DEBUG] Actor.ts loaded

[90mstdout[2m | src/tests/JobApproachThreshold.test.js[2m > [22m[2mJob Approach Threshold[2m > [22m[2mshould NOT complete job if distance is 1.6 (outside 1.5 threshold)
[22m[39mDisposing detached game instance

 [32m笨・[39m src/tests/JobApproachThreshold.test.js [2m([22m[2m2 tests[22m[2m)[22m[32m 10[2mms[22m[39m
 [32m笨・[39m src/tests/StuckAndFrozen.test.js [2m([22m[2m2 tests[22m[2m)[22m[32m 16[2mms[22m[39m
 [32m笨・[39m src/tests/WeatherSeason.test.js [2m([22m[2m2 tests[22m[2m)[22m[32m 9[2mms[22m[39m
 [32m笨・[39m src/tests/Minimal.test.js [2m([22m[2m1 test[22m[2m)[22m[32m 4[2mms[22m[39m

竡ｯ竡ｯ竡ｯ竡ｯ竡ｯ竡ｯ Failed Suites 18 竡ｯ竡ｯ竡ｯ竡ｯ竡ｯ竡ｯ

 FAIL  src/tests/ActionLabelStability.test.js [ src/tests/ActionLabelStability.test.js ]
 FAIL  src/tests/DeepCup.test.js [ src/tests/DeepCup.test.js ]
 FAIL  src/tests/JobReassignment.test.js [ src/tests/JobReassignment.test.js ]
 FAIL  src/tests/MovingFlicker.test.js [ src/tests/MovingFlicker.test.js ]
 FAIL  src/tests/NightLoadJob.test.js [ src/tests/NightLoadJob.test.js ]
 FAIL  src/tests/PopulationSpawningFix.test.js [ src/tests/PopulationSpawningFix.test.js ]
 FAIL  src/tests/SafeSpawn.test.js [ src/tests/SafeSpawn.test.js ]
 FAIL  src/tests/StuckReassignment.test.js [ src/tests/StuckReassignment.test.js ]
Error: Failed to parse source for import analysis because the content contains invalid JS syntax. If you are using JSX, make sure to name the file with the .jsx or .tsx extension.
  Plugin: vite:import-analysis
  File: C:/Users/mooya/develop/test/src/tests/ActionLabelStability.test.js:8:12
  7  |   and dependencies (Copy from JobReassignment.test.js)
  8  |   return {}; }
  9  |          }
     |       ^
  10 |      };
  11 |  });
 笶ｯ TransformPluginContext._formatLog node_modules/vite/dist/node/chunks/config.js:29647:43
 笶ｯ TransformPluginContext.error node_modules/vite/dist/node/chunks/config.js:29644:14
 笶ｯ TransformPluginContext.transform node_modules/vite/dist/node/chunks/config.js:27730:10
 笶ｯ EnvironmentPluginContainer.transform node_modules/vite/dist/node/chunks/config.js:29445:14
 笶ｯ loadAndTransform node_modules/vite/dist/node/chunks/config.js:23316:26

竡ｯ竡ｯ竡ｯ竡ｯ竡ｯ竡ｯ竡ｯ竡ｯ竡ｯ竡ｯ竡ｯ竡ｯ竡ｯ竡ｯ竡ｯ竡ｯ竡ｯ竡ｯ竡ｯ竡ｯ竡ｯ竡ｯ竡ｯ[1/56]竡ｯ

 FAIL  src/tests/BuildingDefense.test.js [ src/tests/BuildingDefense.test.js ]
RollupError: Parse failure: Expected ';', '}' or <eof>
At file: /src/tests/BuildingDefense.test.js:5:5
  File: /src/tests/BuildingDefense.test.js:5:5
  3  |  import { Unit } from "/src/Unit.ts";
  4  |  
  5  |   and Terrain
     |           ^
  6  |  describe('Building Defense Logic', () => {
  7  |      let mockScene, mockTerrain, mockBuilding;
 笶ｯ getRollupError node_modules/rollup/dist/es/shared/parseAst.js:401:41
 笶ｯ convertProgram node_modules/rollup/dist/es/shared/parseAst.js:1098:26
 笶ｯ parseAstAsync node_modules/rollup/dist/es/shared/parseAst.js:2084:106
 笶ｯ ssrTransformScript node_modules/vite/dist/node/chunks/config.js:16031:9
 笶ｯ loadAndTransform node_modules/vite/dist/node/chunks/config.js:23347:64

竡ｯ竡ｯ竡ｯ竡ｯ竡ｯ竡ｯ竡ｯ竡ｯ竡ｯ竡ｯ竡ｯ竡ｯ竡ｯ竡ｯ竡ｯ竡ｯ竡ｯ竡ｯ竡ｯ竡ｯ竡ｯ竡ｯ竡ｯ[2/56]竡ｯ

 FAIL  src/tests/ComplexAI.test.js [ src/tests/ComplexAI.test.js ]
RollupError: Parse failure: Expected ';', '}' or <eof>
At file: /src/tests/ComplexAI.test.js:8:4
  File: /src/tests/ComplexAI.test.js:8:4
  7  |  
  8  |   as usual
  9  |  vi.mock('../Minimap.js', () => ({ Minimap: class { update() { } drawRaidPing() { } } }));
     |   ^
  10 |  vi.mock('../Compass.js', () => ({ Compass: class { update() { } } }));
  11 |  vi.mock('../UnitRenderer.js', () => ({ UnitRenderer: class { init() { return Promise.resolve(); } update() { } } }));
 笶ｯ getRollupError node_modules/rollup/dist/es/shared/parseAst.js:401:41
 笶ｯ convertProgram node_modules/rollup/dist/es/shared/parseAst.js:1098:26
 笶ｯ parseAstAsync node_modules/rollup/dist/es/shared/parseAst.js:2084:106
 笶ｯ ssrTransformScript node_modules/vite/dist/node/chunks/config.js:16031:9
 笶ｯ loadAndTransform node_modules/vite/dist/node/chunks/config.js:23347:64

竡ｯ竡ｯ竡ｯ竡ｯ竡ｯ竡ｯ竡ｯ竡ｯ竡ｯ竡ｯ竡ｯ竡ｯ竡ｯ竡ｯ竡ｯ竡ｯ竡ｯ竡ｯ竡ｯ竡ｯ竡ｯ竡ｯ竡ｯ[3/56]竡ｯ

 FAIL  src/tests/EcoSpawnFix.test.js [ src/tests/EcoSpawnFix.test.js ]
RollupError: Parse failure: Expected ';', '}' or <eof>
At file: /src/tests/EcoSpawnFix.test.js:19:5
  File: /src/tests/EcoSpawnFix.test.js:19:5
  17 |  });
  18 |  
  19 |   and other dependencies if needed
     |                         ^
  20 |  describe('Economy and Spawning Fix Verification', () => {
  21 |      let game;
 笶ｯ getRollupError node_modules/rollup/dist/es/shared/parseAst.js:401:41
 笶ｯ convertProgram node_modules/rollup/dist/es/shared/parseAst.js:1098:26
 笶ｯ parseAstAsync node_modules/rollup/dist/es/shared/parseAst.js:2084:106
 笶ｯ ssrTransformScript node_modules/vite/dist/node/chunks/config.js:16031:9
 笶ｯ loadAndTransform node_modules/vite/dist/node/chunks/config.js:23347:64

竡ｯ竡ｯ竡ｯ竡ｯ竡ｯ竡ｯ竡ｯ竡ｯ竡ｯ竡ｯ竡ｯ竡ｯ竡ｯ竡ｯ竡ｯ竡ｯ竡ｯ竡ｯ竡ｯ竡ｯ竡ｯ竡ｯ竡ｯ[4/56]竡ｯ

 FAIL  src/tests/ForceAssignment.test.js [ src/tests/ForceAssignment.test.js ]
RollupError: Parse failure: Expression expected
At file: /src/tests/ForceAssignment.test.js:6:0
  File: /src/tests/ForceAssignment.test.js:6:0
  4  |  import { Unit } from "/src/Unit.ts";
  5  |  
  6  |  .js to avoid canvas/visual issues
     |       ^
  7  |  // Mock OrbitControls
  8  |  vi.mock('three/examples/jsm/controls/OrbitControls', () => {
 笶ｯ getRollupError node_modules/rollup/dist/es/shared/parseAst.js:401:41
 笶ｯ convertProgram node_modules/rollup/dist/es/shared/parseAst.js:1098:26
 笶ｯ parseAstAsync node_modules/rollup/dist/es/shared/parseAst.js:2084:106
 笶ｯ ssrTransformScript node_modules/vite/dist/node/chunks/config.js:16031:9
 笶ｯ loadAndTransform node_modules/vite/dist/node/chunks/config.js:23347:64

竡ｯ竡ｯ竡ｯ竡ｯ竡ｯ竡ｯ竡ｯ竡ｯ竡ｯ竡ｯ竡ｯ竡ｯ竡ｯ竡ｯ竡ｯ竡ｯ竡ｯ竡ｯ竡ｯ竡ｯ竡ｯ竡ｯ竡ｯ[5/56]竡ｯ

 FAIL  src/tests/GoblinActivity.test.js [ src/tests/GoblinActivity.test.js ]
RollupError: Parse failure: Expression expected
At file: /src/tests/GoblinActivity.test.js:8:0
  File: /src/tests/GoblinActivity.test.js:8:0
  6  |  import { MockGame, MockTerrain } from "/src/tests/TestHelper.ts";
  7  |  
  8  |  .js essentials
     |         ^
  9  |  describe('Goblin Activity & Persistence', () => {
  10 |      let goblinManager;
 笶ｯ getRollupError node_modules/rollup/dist/es/shared/parseAst.js:401:41
 笶ｯ convertProgram node_modules/rollup/dist/es/shared/parseAst.js:1098:26
 笶ｯ parseAstAsync node_modules/rollup/dist/es/shared/parseAst.js:2084:106
 笶ｯ ssrTransformScript node_modules/vite/dist/node/chunks/config.js:16031:9
 笶ｯ loadAndTransform node_modules/vite/dist/node/chunks/config.js:23347:64

竡ｯ竡ｯ竡ｯ竡ｯ竡ｯ竡ｯ竡ｯ竡ｯ竡ｯ竡ｯ竡ｯ竡ｯ竡ｯ竡ｯ竡ｯ竡ｯ竡ｯ竡ｯ竡ｯ竡ｯ竡ｯ竡ｯ竡ｯ[6/56]竡ｯ

 FAIL  src/tests/GoblinSpawn.test.js [ src/tests/GoblinSpawn.test.js ]
RollupError: Parse failure: Expression expected
At file: /src/tests/GoblinSpawn.test.js:8:0
  File: /src/tests/GoblinSpawn.test.js:8:0
  7  |  
  8  |  .js
  9  |  global.THREE = THREE;
     |     ^
  10 |  if (!global.window) global.window = {};
  11 |  
 笶ｯ getRollupError node_modules/rollup/dist/es/shared/parseAst.js:401:41
 笶ｯ convertProgram node_modules/rollup/dist/es/shared/parseAst.js:1098:26
 笶ｯ parseAstAsync node_modules/rollup/dist/es/shared/parseAst.js:2084:106
 笶ｯ ssrTransformScript node_modules/vite/dist/node/chunks/config.js:16031:9
 笶ｯ loadAndTransform node_modules/vite/dist/node/chunks/config.js:23347:64

竡ｯ竡ｯ竡ｯ竡ｯ竡ｯ竡ｯ竡ｯ竡ｯ竡ｯ竡ｯ竡ｯ竡ｯ竡ｯ竡ｯ竡ｯ竡ｯ竡ｯ竡ｯ竡ｯ竡ｯ竡ｯ竡ｯ竡ｯ[7/56]竡ｯ

 FAIL  src/tests/HelpShowroom.test.js [ src/tests/HelpShowroom.test.js ]
RollupError: Parse failure: Expression expected
At file: /src/tests/HelpShowroom.test.js:18:0
  File: /src/tests/HelpShowroom.test.js:18:0
  17 |  
  18 |  .js
  19 |  vi.mock('three/examples/jsm/controls/OrbitControls.js', () => ({
     |               ^
  20 |      OrbitControls: class {
  21 |          constructor() { this.target = { set: vi.fn() }; }
 笶ｯ getRollupError node_modules/rollup/dist/es/shared/parseAst.js:401:41
 笶ｯ convertProgram node_modules/rollup/dist/es/shared/parseAst.js:1098:26
 笶ｯ parseAstAsync node_modules/rollup/dist/es/shared/parseAst.js:2084:106
 笶ｯ ssrTransformScript node_modules/vite/dist/node/chunks/config.js:16031:9
 笶ｯ loadAndTransform node_modules/vite/dist/node/chunks/config.js:23347:64

竡ｯ竡ｯ竡ｯ竡ｯ竡ｯ竡ｯ竡ｯ竡ｯ竡ｯ竡ｯ竡ｯ竡ｯ竡ｯ竡ｯ竡ｯ竡ｯ竡ｯ竡ｯ竡ｯ竡ｯ竡ｯ竡ｯ竡ｯ[8/56]竡ｯ

 FAIL  src/tests/JitterInvestigation.test.js [ src/tests/JitterInvestigation.test.js ]
RollupError: Parse failure: Expression expected
At file: /src/tests/JitterInvestigation.test.js:6:0
  File: /src/tests/JitterInvestigation.test.js:6:0
  4  |  import { Wander, Job } from "/src/ai/states/UnitStates.ts";
  5  |  
  6  |  .CanvasTexture and others
     |       ^
  7  |  describe('Movement Jitter Investigation', () => {
  8  |      let game;
 笶ｯ getRollupError node_modules/rollup/dist/es/shared/parseAst.js:401:41
 笶ｯ convertProgram node_modules/rollup/dist/es/shared/parseAst.js:1098:26
 笶ｯ parseAstAsync node_modules/rollup/dist/es/shared/parseAst.js:2084:106
 笶ｯ ssrTransformScript node_modules/vite/dist/node/chunks/config.js:16031:9
 笶ｯ loadAndTransform node_modules/vite/dist/node/chunks/config.js:23347:64

竡ｯ竡ｯ竡ｯ竡ｯ竡ｯ竡ｯ竡ｯ竡ｯ竡ｯ竡ｯ竡ｯ竡ｯ竡ｯ竡ｯ竡ｯ竡ｯ竡ｯ竡ｯ竡ｯ竡ｯ竡ｯ竡ｯ竡ｯ[9/56]竡ｯ

 FAIL  src/tests/MultiJob.test.js [ src/tests/MultiJob.test.js ]
RollupError: Parse failure: Expression expected
At file: /src/tests/MultiJob.test.js:9:0
  File: /src/tests/MultiJob.test.js:9:0
  7  |  import { Compass } from "/src/Compass.js";
  8  |  
  9  |  , Minimap, Compass
     |          ^
  10 |  vi.mock('../Minimap.js', () => ({ Minimap: class { update() { } drawRaidPing() { } } }));
  11 |  vi.mock('../Compass.js', () => ({ Compass: class { update() { } } }));
 笶ｯ getRollupError node_modules/rollup/dist/es/shared/parseAst.js:401:41
 笶ｯ convertProgram node_modules/rollup/dist/es/shared/parseAst.js:1098:26
 笶ｯ parseAstAsync node_modules/rollup/dist/es/shared/parseAst.js:2084:106
 笶ｯ ssrTransformScript node_modules/vite/dist/node/chunks/config.js:16031:9
 笶ｯ loadAndTransform node_modules/vite/dist/node/chunks/config.js:23347:64

竡ｯ竡ｯ竡ｯ竡ｯ竡ｯ竡ｯ竡ｯ竡ｯ竡ｯ竡ｯ竡ｯ竡ｯ竡ｯ竡ｯ竡ｯ竡ｯ竡ｯ竡ｯ竡ｯ竡ｯ竡ｯ竡ｯ[10/56]竡ｯ

 FAIL  src/tests/WorkerRequest.test.js [ src/tests/WorkerRequest.test.js ]
RollupError: Parse failure: Expected '(', got 'Unit'
At file: /src/tests/WorkerRequest.test.js:8:5
  File: /src/tests/WorkerRequest.test.js:8:5
  6  |  import { describe, test, expect, beforeEach, vi } from "/node_modules/vitest/dist/index.js";
  7  |  
  8  |   for Unit.js
     |              ^
  9  |  describe('Worker Job Logic (Unit.js + States)', () => {
  10 |      let mockGame;
 笶ｯ getRollupError node_modules/rollup/dist/es/shared/parseAst.js:401:41
 笶ｯ convertProgram node_modules/rollup/dist/es/shared/parseAst.js:1098:26
 笶ｯ parseAstAsync node_modules/rollup/dist/es/shared/parseAst.js:2084:106
 笶ｯ ssrTransformScript node_modules/vite/dist/node/chunks/config.js:16031:9
 笶ｯ loadAndTransform node_modules/vite/dist/node/chunks/config.js:23347:64

竡ｯ竡ｯ竡ｯ竡ｯ竡ｯ竡ｯ竡ｯ竡ｯ竡ｯ竡ｯ竡ｯ竡ｯ竡ｯ竡ｯ竡ｯ竡ｯ竡ｯ竡ｯ竡ｯ竡ｯ竡ｯ竡ｯ[11/56]竡ｯ


竡ｯ竡ｯ竡ｯ竡ｯ竡ｯ竡ｯ Failed Tests 38 竡ｯ竡ｯ竡ｯ竡ｯ竡ｯ竡ｯ竡ｯ

 FAIL  src/tests/Animals.test.js > Animal Movement Verification > Fish should move in water
TypeError: tailGeo.rotateX is not a function
 笶ｯ Function.initAssets src/Fish.js:22:17
     20|         // Tail: Cone rotated
     21|         const tailGeo = new THREE.ConeGeometry(0.1, 0.3, 4);
     22|         tailGeo.rotateX(-Math.PI / 2); // Point back
       |                 ^
     23|         Fish.assets.geometries.tail = tailGeo;
     24| 
 笶ｯ new FishManager src/FishManager.js:12:14
 笶ｯ src/tests/Animals.test.js:66:25

竡ｯ竡ｯ竡ｯ竡ｯ竡ｯ竡ｯ竡ｯ竡ｯ竡ｯ竡ｯ竡ｯ竡ｯ竡ｯ竡ｯ竡ｯ竡ｯ竡ｯ竡ｯ竡ｯ竡ｯ竡ｯ竡ｯ[12/56]竡ｯ

 FAIL  src/tests/CaveDeterminism.test.js > Cave Determinism > should generate identical caves with same terrain seed
TypeError: colorAttr.setXYZ is not a function
 笶ｯ Terrain.updateColors src/Terrain.ts:1228:27
    1226|                 baseColor.b = THREE.MathUtils.clamp(baseColor.b * tota窶ｦ
    1227| 
    1228|                 colorAttr.setXYZ(i, baseColor.r, baseColor.g, baseColo窶ｦ
       |                           ^
    1229|             }
    1230|         }
 笶ｯ Terrain.calculateRegions src/Terrain.ts:646:14
 笶ｯ Terrain.generateRandomTerrain src/Terrain.ts:563:20
 笶ｯ src/tests/CaveDeterminism.test.js:30:9

竡ｯ竡ｯ竡ｯ竡ｯ竡ｯ竡ｯ竡ｯ竡ｯ竡ｯ竡ｯ竡ｯ竡ｯ竡ｯ竡ｯ竡ｯ竡ｯ竡ｯ竡ｯ竡ｯ竡ｯ竡ｯ竡ｯ[13/56]竡ｯ

 FAIL  src/tests/ComplexInteraction.test.js > Complex Job Interaction and Cancellation > should immediately stop unit when job is cancelled mid-approach
 FAIL  src/tests/ComplexInteraction.test.js > Complex Job Interaction and Cancellation > should pickup NEXT job if current is cancelled
 FAIL  src/tests/ComplexInteraction.test.js > Complex Job Interaction and Cancellation > should handle cancellation while Working (arrived)
TypeError: tailGeo.rotateX is not a function
 笶ｯ Function.initAssets src/Fish.js:22:17
     20|         // Tail: Cone rotated
     21|         const tailGeo = new THREE.ConeGeometry(0.1, 0.3, 4);
     22|         tailGeo.rotateX(-Math.PI / 2); // Point back
       |                 ^
     23|         Fish.assets.geometries.tail = tailGeo;
     24| 
 笶ｯ new FishManager src/FishManager.js:12:14
 笶ｯ new Game src/Game.ts:524:28
 笶ｯ src/tests/ComplexInteraction.test.js:48:20

竡ｯ竡ｯ竡ｯ竡ｯ竡ｯ竡ｯ竡ｯ竡ｯ竡ｯ竡ｯ竡ｯ竡ｯ竡ｯ竡ｯ竡ｯ竡ｯ竡ｯ竡ｯ竡ｯ竡ｯ竡ｯ竡ｯ[14/56]竡ｯ

 FAIL  src/tests/DoubleSpawn.test.js > Double Spawn Issue (Concurrency) > should prevent double spawn on concurrent startNewGame calls
TypeError: colorAttr.setXYZ is not a function
 笶ｯ Terrain.updateColors src/Terrain.ts:1228:27
    1226|                 baseColor.b = THREE.MathUtils.clamp(baseColor.b * tota窶ｦ
    1227| 
    1228|                 colorAttr.setXYZ(i, baseColor.r, baseColor.g, baseColo窶ｦ
       |                           ^
    1229|             }
    1230|         }
 笶ｯ Game.startLevel src/Game.ts:2835:22
 笶ｯ Game.startNewGame src/Game.ts:2764:9
 笶ｯ src/tests/DoubleSpawn.test.js:35:9

竡ｯ竡ｯ竡ｯ竡ｯ竡ｯ竡ｯ竡ｯ竡ｯ竡ｯ竡ｯ竡ｯ竡ｯ竡ｯ竡ｯ竡ｯ竡ｯ竡ｯ竡ｯ竡ｯ竡ｯ竡ｯ竡ｯ[15/56]竡ｯ

 FAIL  src/tests/FarmWaves.test.js > Farm Waves > should use BoxGeometry for farms to provide 3D volume
 FAIL  src/tests/FarmWaves.test.js > Farm Waves > should have uTime uniform in the farm material
 FAIL  src/tests/FarmWaves.test.js > Farm Waves > should define onBeforeCompile for farm material to inject waving logic
 FAIL  src/tests/FarmWaves.test.js > Farm Waves > should update uTime value in update()
TypeError: Cannot convert undefined or null to object
 笶ｯ Module.mergeGeometries node_modules/three/examples/jsm/utils/BufferGeometryUtils.js:138:46
 笶ｯ BuildingRenderer.initAssets src/BuildingRenderer.js:64:56
     62|         }
     63| 
     64|         this.assets.houseWallGeo = BufferGeometryUtils.mergeGeometries窶ｦ
       |                                                        ^
     65| 
     66|         // Stone Texture (Enlarged to 128x128 to separate areas)
 笶ｯ BuildingRenderer.init src/BuildingRenderer.js:24:20
 笶ｯ src/tests/FarmWaves.test.js:22:24

竡ｯ竡ｯ竡ｯ竡ｯ竡ｯ竡ｯ竡ｯ竡ｯ竡ｯ竡ｯ竡ｯ竡ｯ竡ｯ竡ｯ竡ｯ竡ｯ竡ｯ竡ｯ竡ｯ竡ｯ竡ｯ竡ｯ[16/56]竡ｯ

 FAIL  src/tests/GameLighting.test.js > Game Lighting (Day/Night Cycle) > should have low intensity and blueish color during night
AssertionError: expected 0.35 to be close to 0.25, received difference is 0.09999999999999998, but expected 0.05
 笶ｯ src/tests/GameLighting.test.js:48:49
     46|         game.updateEnvironment(0);
     47| 
     48|         expect(game.directionalLight.intensity).toBeCloseTo(0.25, 1);
       |                                                 ^
     49|         expect(game.isNight).toBe(true);
     50|         // Moon should be above horizon for shadows

竡ｯ竡ｯ竡ｯ竡ｯ竡ｯ竡ｯ竡ｯ竡ｯ竡ｯ竡ｯ竡ｯ竡ｯ竡ｯ竡ｯ竡ｯ竡ｯ竡ｯ竡ｯ竡ｯ竡ｯ竡ｯ竡ｯ[17/56]竡ｯ

 FAIL  src/tests/JobIdempotency.test.js > Job Assignment Idempotency > should NOT reset movement if claiming the same job twice
TypeError: tailGeo.rotateX is not a function
 笶ｯ Function.initAssets src/Fish.js:22:17
     20|         // Tail: Cone rotated
     21|         const tailGeo = new THREE.ConeGeometry(0.1, 0.3, 4);
     22|         tailGeo.rotateX(-Math.PI / 2); // Point back
       |                 ^
     23|         Fish.assets.geometries.tail = tailGeo;
     24| 
 笶ｯ new FishManager src/FishManager.js:12:14
 笶ｯ new Game src/Game.ts:524:28
 笶ｯ src/tests/JobIdempotency.test.js:181:20

竡ｯ竡ｯ竡ｯ竡ｯ竡ｯ竡ｯ竡ｯ竡ｯ竡ｯ竡ｯ竡ｯ竡ｯ竡ｯ竡ｯ竡ｯ竡ｯ竡ｯ竡ｯ竡ｯ竡ｯ竡ｯ竡ｯ[18/56]竡ｯ

 FAIL  src/tests/Lighting.test.js > BuildingRenderer Lighting > should turn on barracks lights at night
TypeError: Cannot convert undefined or null to object
 笶ｯ Module.mergeGeometries node_modules/three/examples/jsm/utils/BufferGeometryUtils.js:138:46
 笶ｯ BuildingRenderer.initAssets src/BuildingRenderer.js:64:56
     62|         }
     63| 
     64|         this.assets.houseWallGeo = BufferGeometryUtils.mergeGeometries窶ｦ
       |                                                        ^
     65| 
     66|         // Stone Texture (Enlarged to 128x128 to separate areas)
 笶ｯ BuildingRenderer.init src/BuildingRenderer.js:24:20
 笶ｯ src/tests/Lighting.test.js:34:24

竡ｯ竡ｯ竡ｯ竡ｯ竡ｯ竡ｯ竡ｯ竡ｯ竡ｯ竡ｯ竡ｯ竡ｯ竡ｯ竡ｯ竡ｯ竡ｯ竡ｯ竡ｯ竡ｯ竡ｯ竡ｯ竡ｯ[19/56]竡ｯ

 FAIL  src/tests/LoadUpdateLoop.test.js > Load Update Loop Integration > should maintain Job after first update loop post-load
TypeError: context.createRadialGradient is not a function
 笶ｯ SmokeManager.createSmokeTexture src/SmokeManager.ts:66:38
     64| 
     65|         if (context) {
     66|             const gradient = context.createRadialGradient(
       |                                      ^
     67|                 size / 2, size / 2, 0,
     68|                 size / 2, size / 2, size / 2
 笶ｯ new SmokeManager src/SmokeManager.ts:31:30
 笶ｯ new Game src/Game.ts:532:53
 笶ｯ src/tests/LoadUpdateLoop.test.js:97:16

竡ｯ竡ｯ竡ｯ竡ｯ竡ｯ竡ｯ竡ｯ竡ｯ竡ｯ竡ｯ竡ｯ竡ｯ竡ｯ竡ｯ竡ｯ竡ｯ竡ｯ竡ｯ竡ｯ竡ｯ竡ｯ竡ｯ[20/56]竡ｯ

 FAIL  src/tests/RealGrowth.test.js > Real Growth Stagnation Diagnostic > should show population growth for houses with 20x stagger
 FAIL  src/tests/RealGrowth.test.js > Real Growth Stagnation Diagnostic > should show house population growth with small deltaTime (1/60s)
 FAIL  src/tests/RealGrowth.test.js > Real Growth Stagnation Diagnostic > should produce grain from farms with 20x stagger
 FAIL  src/tests/RealGrowth.test.js > Real Growth Stagnation Diagnostic > should show population growth for goblin caves
TypeError: tailGeo.rotateX is not a function
 笶ｯ Function.initAssets src/Fish.js:22:17
     20|         // Tail: Cone rotated
     21|         const tailGeo = new THREE.ConeGeometry(0.1, 0.3, 4);
     22|         tailGeo.rotateX(-Math.PI / 2); // Point back
       |                 ^
     23|         Fish.assets.geometries.tail = tailGeo;
     24| 
 笶ｯ new FishManager src/FishManager.js:12:14
 笶ｯ new Game src/Game.ts:524:28
 笶ｯ src/tests/RealGrowth.test.js:41:16

竡ｯ竡ｯ竡ｯ竡ｯ竡ｯ竡ｯ竡ｯ竡ｯ竡ｯ竡ｯ竡ｯ竡ｯ竡ｯ竡ｯ竡ｯ竡ｯ竡ｯ竡ｯ竡ｯ竡ｯ竡ｯ竡ｯ[21/56]竡ｯ

 FAIL  src/tests/RealTerrainRestoration.test.js > Real Terrain Restoration Logic > should successfully restore Terrain regions and Unit pathfinding
TypeError: context.createRadialGradient is not a function
 笶ｯ SmokeManager.createSmokeTexture src/SmokeManager.ts:66:38
     64| 
     65|         if (context) {
     66|             const gradient = context.createRadialGradient(
       |                                      ^
     67|                 size / 2, size / 2, 0,
     68|                 size / 2, size / 2, size / 2
 笶ｯ new SmokeManager src/SmokeManager.ts:31:30
 笶ｯ new Game src/Game.ts:418:33
 笶ｯ src/tests/RealTerrainRestoration.test.js:104:16

竡ｯ竡ｯ竡ｯ竡ｯ竡ｯ竡ｯ竡ｯ竡ｯ竡ｯ竡ｯ竡ｯ竡ｯ竡ｯ竡ｯ竡ｯ竡ｯ竡ｯ竡ｯ竡ｯ竡ｯ竡ｯ竡ｯ[22/56]竡ｯ

 FAIL  src/tests/SaveLoad.test.js > Save/Load System > should save game data correctly
 FAIL  src/tests/SaveLoad.test.js > Save/Load System > should load game data correctly
 FAIL  src/tests/SaveLoad.test.js > Save/Load System > should restore request markers with correct renderOrder
TypeError: tailGeo.rotateX is not a function
 笶ｯ Function.initAssets src/Fish.js:22:17
     20|         // Tail: Cone rotated
     21|         const tailGeo = new THREE.ConeGeometry(0.1, 0.3, 4);
     22|         tailGeo.rotateX(-Math.PI / 2); // Point back
       |                 ^
     23|         Fish.assets.geometries.tail = tailGeo;
     24| 
 笶ｯ new FishManager src/FishManager.js:12:14
 笶ｯ new Game src/Game.ts:524:28
 笶ｯ src/tests/SaveLoad.test.js:19:16

竡ｯ竡ｯ竡ｯ竡ｯ竡ｯ竡ｯ竡ｯ竡ｯ竡ｯ竡ｯ竡ｯ竡ｯ竡ｯ竡ｯ竡ｯ竡ｯ竡ｯ竡ｯ竡ｯ竡ｯ竡ｯ竡ｯ[23/56]竡ｯ

 FAIL  src/tests/SaveLoadIntegration.test.js > Comprehensive Save/Load Integration > should maintain game continuity across save/load
 FAIL  src/tests/SaveLoadIntegration.test.js > Comprehensive Save/Load Integration > should ignore unreachable jobs after load (IgnoredTarget Persistence)
 FAIL  src/tests/SaveLoadIntegration.test.js > Comprehensive Save/Load Integration > should expire goblin raid after load (Aggression Persistence)
TypeError: context.createRadialGradient is not a function
 笶ｯ SmokeManager.createSmokeTexture src/SmokeManager.ts:66:38
     64| 
     65|         if (context) {
     66|             const gradient = context.createRadialGradient(
       |                                      ^
     67|                 size / 2, size / 2, 0,
     68|                 size / 2, size / 2, size / 2
 笶ｯ new SmokeManager src/SmokeManager.ts:31:30
 笶ｯ new Game src/Game.ts:418:33
 笶ｯ src/tests/SaveLoadIntegration.test.js:73:16

竡ｯ竡ｯ竡ｯ竡ｯ竡ｯ竡ｯ竡ｯ竡ｯ竡ｯ竡ｯ竡ｯ竡ｯ竡ｯ竡ｯ竡ｯ竡ｯ竡ｯ竡ｯ竡ｯ竡ｯ竡ｯ竡ｯ[24/56]竡ｯ

 FAIL  src/tests/SaveLoadRestoration.test.js > Save/Load Job Restoration > should restore unit ID and re-link to Job correctly
 FAIL  src/tests/SaveLoadRestoration.test.js > Save/Load Job Restoration > should reset ghost-assigned requests during load
TypeError: tailGeo.rotateX is not a function
 笶ｯ Function.initAssets src/Fish.js:22:17
     20|         // Tail: Cone rotated
     21|         const tailGeo = new THREE.ConeGeometry(0.1, 0.3, 4);
     22|         tailGeo.rotateX(-Math.PI / 2); // Point back
       |                 ^
     23|         Fish.assets.geometries.tail = tailGeo;
     24| 
 笶ｯ new FishManager src/FishManager.js:12:14
 笶ｯ new Game src/Game.ts:524:28
 笶ｯ src/tests/SaveLoadRestoration.test.js:31:16

竡ｯ竡ｯ竡ｯ竡ｯ竡ｯ竡ｯ竡ｯ竡ｯ竡ｯ竡ｯ竡ｯ竡ｯ竡ｯ竡ｯ竡ｯ竡ｯ竡ｯ竡ｯ竡ｯ竡ｯ竡ｯ竡ｯ[25/56]竡ｯ

 FAIL  src/tests/StartupCrash.test.js > Startup Crash Verification > UnitRenderer should initialize without null materials
TypeError: m.instanceMatrix.setUsage is not a function
 笶ｯ UnitRenderer.createMesh src/BaseEntityRenderer.js:26:26
     24|         const m = new THREE.InstancedMesh(geo, mat, count || this.MAX_窶ｦ
     25|         m.count = 0; // Start hidden
     26|         m.instanceMatrix.setUsage(THREE.DynamicDrawUsage);
       |                          ^
     27|         m.frustumCulled = false; // Manually culled in update
     28|         m.castShadow = true;
 笶ｯ UnitRenderer.initInstancedMeshes src/UnitRenderer.js:67:31
 笶ｯ UnitRenderer.init src/UnitRenderer.js:59:14
 笶ｯ src/tests/StartupCrash.test.js:60:9

竡ｯ竡ｯ竡ｯ竡ｯ竡ｯ竡ｯ竡ｯ竡ｯ竡ｯ竡ｯ竡ｯ竡ｯ竡ｯ竡ｯ竡ｯ竡ｯ竡ｯ竡ｯ竡ｯ竡ｯ竡ｯ竡ｯ[26/56]竡ｯ

 FAIL  src/tests/TerrainShadow.test.js > Terrain Shadows > should have flatShading disabled for smooth normals
AssertionError: expected undefined to be false // Object.is equality

- Expected: 
false

+ Received: 
undefined

 笶ｯ src/tests/TerrainShadow.test.js:27:42
     25|             const material = terrain.mesh.material;
     26|             // MeshLambertMaterial has flatShading
     27|             expect(material.flatShading).toBe(false);
       |                                          ^
     28|         }
     29|     });

竡ｯ竡ｯ竡ｯ竡ｯ竡ｯ竡ｯ竡ｯ竡ｯ竡ｯ竡ｯ竡ｯ竡ｯ竡ｯ竡ｯ竡ｯ竡ｯ竡ｯ竡ｯ竡ｯ竡ｯ竡ｯ竡ｯ[27/56]竡ｯ

 FAIL  src/tests/TreeSway.test.js > Tree Swaying > should have uTime uniform in the leaf material
 FAIL  src/tests/TreeSway.test.js > Tree Swaying > should define onBeforeCompile for leaf material to inject swaying logic
 FAIL  src/tests/TreeSway.test.js > Tree Swaying > should update uTime value in update()
TypeError: geo.setAttribute is not a function
 笶ｯ TreeRenderer.applyAO src/TreeRenderer.js:116:13
    114|             colors.push(b, b, b);
    115|         }
    116|         geo.setAttribute('color', new THREE.Float32BufferAttribute(col窶ｦ
       |             ^
    117|     }
    118| 
 笶ｯ TreeRenderer.initAssets src/TreeRenderer.js:36:14
 笶ｯ TreeRenderer.init src/TreeRenderer.js:18:14
 笶ｯ src/tests/TreeSway.test.js:22:24

竡ｯ竡ｯ竡ｯ竡ｯ竡ｯ竡ｯ竡ｯ竡ｯ竡ｯ竡ｯ竡ｯ竡ｯ竡ｯ竡ｯ竡ｯ竡ｯ竡ｯ竡ｯ竡ｯ竡ｯ竡ｯ竡ｯ[28/56]竡ｯ

 FAIL  src/tests/UnitVisibility.test.js > UnitRenderer Visibility > should set matrix with valid scale when unit is visible
 FAIL  src/tests/UnitVisibility.test.js > UnitRenderer Visibility > should render correct count of instances
TypeError: m.instanceMatrix.setUsage is not a function
 笶ｯ UnitRenderer.createMesh src/BaseEntityRenderer.js:26:26
     24|         const m = new THREE.InstancedMesh(geo, mat, count || this.MAX_窶ｦ
     25|         m.count = 0; // Start hidden
     26|         m.instanceMatrix.setUsage(THREE.DynamicDrawUsage);
       |                          ^
     27|         m.frustumCulled = false; // Manually culled in update
     28|         m.castShadow = true;
 笶ｯ UnitRenderer.initInstancedMeshes src/UnitRenderer.js:67:31
 笶ｯ UnitRenderer.init src/UnitRenderer.js:59:14
 笶ｯ src/tests/UnitVisibility.test.js:67:9

竡ｯ竡ｯ竡ｯ竡ｯ竡ｯ竡ｯ竡ｯ竡ｯ竡ｯ竡ｯ竡ｯ竡ｯ竡ｯ竡ｯ竡ｯ竡ｯ竡ｯ竡ｯ竡ｯ竡ｯ竡ｯ竡ｯ[29/56]竡ｯ

 FAIL  src/tests/VisualDebug.test.js > VisualDebug UnitRenderer > should set SCALE > 0 for active units
TypeError: m.instanceMatrix.setUsage is not a function
 笶ｯ UnitRenderer.createMesh src/BaseEntityRenderer.js:26:26
     24|         const m = new THREE.InstancedMesh(geo, mat, count || this.MAX_窶ｦ
     25|         m.count = 0; // Start hidden
     26|         m.instanceMatrix.setUsage(THREE.DynamicDrawUsage);
       |                          ^
     27|         m.frustumCulled = false; // Manually culled in update
     28|         m.castShadow = true;
 笶ｯ UnitRenderer.initInstancedMeshes src/UnitRenderer.js:67:31
 笶ｯ UnitRenderer.init src/UnitRenderer.js:59:14
 笶ｯ src/tests/VisualDebug.test.js:56:9

竡ｯ竡ｯ竡ｯ竡ｯ竡ｯ竡ｯ竡ｯ竡ｯ竡ｯ竡ｯ竡ｯ竡ｯ竡ｯ竡ｯ竡ｯ竡ｯ竡ｯ竡ｯ竡ｯ竡ｯ竡ｯ竡ｯ[30/56]竡ｯ

 FAIL  src/tests/WeatherSway.test.js > Weather Sway Intensity > should update uSwayIntensity in water material
 FAIL  src/tests/WeatherSway.test.js > Weather Sway Intensity > should update uSwayIntensity in farm material
 FAIL  src/tests/WeatherSway.test.js > Weather Sway Intensity > should update uSwayIntensity in tree leaf material
TypeError: Cannot convert undefined or null to object
 笶ｯ Module.mergeGeometries node_modules/three/examples/jsm/utils/BufferGeometryUtils.js:138:46
 笶ｯ BuildingRenderer.initAssets src/BuildingRenderer.js:64:56
     62|         }
     63| 
     64|         this.assets.houseWallGeo = BufferGeometryUtils.mergeGeometries窶ｦ
       |                                                        ^
     65| 
     66|         // Stone Texture (Enlarged to 128x128 to separate areas)
 笶ｯ BuildingRenderer.init src/BuildingRenderer.js:24:20
 笶ｯ src/tests/WeatherSway.test.js:24:32

竡ｯ竡ｯ竡ｯ竡ｯ竡ｯ竡ｯ竡ｯ竡ｯ竡ｯ竡ｯ竡ｯ竡ｯ竡ｯ竡ｯ竡ｯ竡ｯ竡ｯ竡ｯ竡ｯ竡ｯ竡ｯ竡ｯ[31/56]竡ｯ

竡ｯ竡ｯ竡ｯ竡ｯ竡ｯ竡ｯ Unhandled Errors 竡ｯ竡ｯ竡ｯ竡ｯ竡ｯ竡ｯ

Vitest caught 262 unhandled errors during the test run.
This might cause false positive tests. Resolve unhandled errors to make sure your tests are not affected.

竡ｯ竡ｯ竡ｯ竡ｯ Unhandled Rejection 竡ｯ竡ｯ竡ｯ竡ｯ竡ｯ
TypeError: Goblin.assets.geometries.facePlane.translate is not a function
 笶ｯ Function.initAssets src/Goblin.ts:116:44
    114|         // Faces
    115|         Goblin.assets.geometries.facePlane = new THREE.PlaneGeometry(0窶ｦ
    116|         Goblin.assets.geometries.facePlane.translate(0, 0, 0.102); // 窶ｦ
       |                                            ^
    117| 
    118|         Goblin.assets.textures.face = Goblin.createFaceTexture();

This error originated in "src/tests/SaveLoadIntegration.test.js" test file. It doesn't mean the error was thrown inside the file itself, but while it was running.

竡ｯ竡ｯ竡ｯ竡ｯ Unhandled Rejection 竡ｯ竡ｯ竡ｯ竡ｯ竡ｯ
TypeError: Goblin.assets.geometries.facePlane.translate is not a function
 笶ｯ Function.initAssets src/Goblin.ts:116:44
    114|         // Faces
    115|         Goblin.assets.geometries.facePlane = new THREE.PlaneGeometry(0窶ｦ
    116|         Goblin.assets.geometries.facePlane.translate(0, 0, 0.102); // 窶ｦ
       |                                            ^
    117| 
    118|         Goblin.assets.textures.face = Goblin.createFaceTexture();

This error originated in "src/tests/SaveLoadIntegration.test.js" test file. It doesn't mean the error was thrown inside the file itself, but while it was running.

竡ｯ竡ｯ竡ｯ竡ｯ Unhandled Rejection 竡ｯ竡ｯ竡ｯ竡ｯ竡ｯ
TypeError: Goblin.assets.geometries.facePlane.translate is not a function
 笶ｯ Function.initAssets src/Goblin.ts:116:44
    114|         // Faces
    115|         Goblin.assets.geometries.facePlane = new THREE.PlaneGeometry(0窶ｦ
    116|         Goblin.assets.geometries.facePlane.translate(0, 0, 0.102); // 窶ｦ
       |                                            ^
    117| 
    118|         Goblin.assets.textures.face = Goblin.createFaceTexture();

This error originated in "src/tests/SaveLoadIntegration.test.js" test file. It doesn't mean the error was thrown inside the file itself, but while it was running.

竡ｯ竡ｯ竡ｯ竡ｯ Unhandled Rejection 竡ｯ竡ｯ竡ｯ竡ｯ竡ｯ
TypeError: Goblin.assets.geometries.facePlane.translate is not a function
 笶ｯ Function.initAssets src/Goblin.ts:116:44
    114|         // Faces
    115|         Goblin.assets.geometries.facePlane = new THREE.PlaneGeometry(0窶ｦ
    116|         Goblin.assets.geometries.facePlane.translate(0, 0, 0.102); // 窶ｦ
       |                                            ^
    117| 
    118|         Goblin.assets.textures.face = Goblin.createFaceTexture();

This error originated in "src/tests/GameLighting.test.js" test file. It doesn't mean the error was thrown inside the file itself, but while it was running.

竡ｯ竡ｯ竡ｯ竡ｯ Unhandled Rejection 竡ｯ竡ｯ竡ｯ竡ｯ竡ｯ
TypeError: Goblin.assets.geometries.facePlane.translate is not a function
 笶ｯ Function.initAssets src/Goblin.ts:116:44
    114|         // Faces
    115|         Goblin.assets.geometries.facePlane = new THREE.PlaneGeometry(0窶ｦ
    116|         Goblin.assets.geometries.facePlane.translate(0, 0, 0.102); // 窶ｦ
       |                                            ^
    117| 
    118|         Goblin.assets.textures.face = Goblin.createFaceTexture();

This error originated in "src/tests/GameLighting.test.js" test file. It doesn't mean the error was thrown inside the file itself, but while it was running.

竡ｯ竡ｯ竡ｯ竡ｯ Unhandled Rejection 竡ｯ竡ｯ竡ｯ竡ｯ竡ｯ
TypeError: Goblin.assets.geometries.facePlane.translate is not a function
 笶ｯ Function.initAssets src/Goblin.ts:116:44
    114|         // Faces
    115|         Goblin.assets.geometries.facePlane = new THREE.PlaneGeometry(0窶ｦ
    116|         Goblin.assets.geometries.facePlane.translate(0, 0, 0.102); // 窶ｦ
       |                                            ^
    117| 
    118|         Goblin.assets.textures.face = Goblin.createFaceTexture();

This error originated in "src/tests/GameLighting.test.js" test file. It doesn't mean the error was thrown inside the file itself, but while it was running.

竡ｯ竡ｯ竡ｯ竡ｯ Unhandled Rejection 竡ｯ竡ｯ竡ｯ竡ｯ竡ｯ
TypeError: Goblin.assets.geometries.facePlane.translate is not a function
 笶ｯ Function.initAssets src/Goblin.ts:116:44
    114|         // Faces
    115|         Goblin.assets.geometries.facePlane = new THREE.PlaneGeometry(0窶ｦ
    116|         Goblin.assets.geometries.facePlane.translate(0, 0, 0.102); // 窶ｦ
       |                                            ^
    117| 
    118|         Goblin.assets.textures.face = Goblin.createFaceTexture();

This error originated in "src/tests/GameLighting.test.js" test file. It doesn't mean the error was thrown inside the file itself, but while it was running.

竡ｯ竡ｯ竡ｯ竡ｯ Unhandled Rejection 竡ｯ竡ｯ竡ｯ竡ｯ竡ｯ
TypeError: Goblin.assets.geometries.facePlane.translate is not a function
 笶ｯ Function.initAssets src/Goblin.ts:116:44
    114|         // Faces
    115|         Goblin.assets.geometries.facePlane = new THREE.PlaneGeometry(0窶ｦ
    116|         Goblin.assets.geometries.facePlane.translate(0, 0, 0.102); // 窶ｦ
       |                                            ^
    117| 
    118|         Goblin.assets.textures.face = Goblin.createFaceTexture();

This error originated in "src/tests/JobIdempotency.test.js" test file. It doesn't mean the error was thrown inside the file itself, but while it was running.

竡ｯ竡ｯ竡ｯ竡ｯ Unhandled Rejection 竡ｯ竡ｯ竡ｯ竡ｯ竡ｯ
TypeError: Goblin.assets.geometries.facePlane.translate is not a function
 笶ｯ Function.initAssets src/Goblin.ts:116:44
    114|         // Faces
    115|         Goblin.assets.geometries.facePlane = new THREE.PlaneGeometry(0窶ｦ
    116|         Goblin.assets.geometries.facePlane.translate(0, 0, 0.102); // 窶ｦ
       |                                            ^
    117| 
    118|         Goblin.assets.textures.face = Goblin.createFaceTexture();

This error originated in "src/tests/GoblinMobilization.test.js" test file. It doesn't mean the error was thrown inside the file itself, but while it was running.

竡ｯ竡ｯ竡ｯ竡ｯ Unhandled Rejection 竡ｯ竡ｯ竡ｯ竡ｯ竡ｯ
TypeError: Goblin.assets.geometries.facePlane.translate is not a function
 笶ｯ Function.initAssets src/Goblin.ts:116:44
    114|         // Faces
    115|         Goblin.assets.geometries.facePlane = new THREE.PlaneGeometry(0窶ｦ
    116|         Goblin.assets.geometries.facePlane.translate(0, 0, 0.102); // 窶ｦ
       |                                            ^
    117| 
    118|         Goblin.assets.textures.face = Goblin.createFaceTexture();

This error originated in "src/tests/GoblinMobilization.test.js" test file. It doesn't mean the error was thrown inside the file itself, but while it was running.

竡ｯ竡ｯ竡ｯ竡ｯ Unhandled Rejection 竡ｯ竡ｯ竡ｯ竡ｯ竡ｯ
TypeError: Goblin.assets.geometries.facePlane.translate is not a function
 笶ｯ Function.initAssets src/Goblin.ts:116:44
    114|         // Faces
    115|         Goblin.assets.geometries.facePlane = new THREE.PlaneGeometry(0窶ｦ
    116|         Goblin.assets.geometries.facePlane.translate(0, 0, 0.102); // 窶ｦ
       |                                            ^
    117| 
    118|         Goblin.assets.textures.face = Goblin.createFaceTexture();

This error originated in "src/tests/GoblinMobilization.test.js" test file. It doesn't mean the error was thrown inside the file itself, but while it was running.

竡ｯ竡ｯ竡ｯ竡ｯ Unhandled Rejection 竡ｯ竡ｯ竡ｯ竡ｯ竡ｯ
TypeError: Goblin.assets.geometries.facePlane.translate is not a function
 笶ｯ Function.initAssets src/Goblin.ts:116:44
    114|         // Faces
    115|         Goblin.assets.geometries.facePlane = new THREE.PlaneGeometry(0窶ｦ
    116|         Goblin.assets.geometries.facePlane.translate(0, 0, 0.102); // 窶ｦ
       |                                            ^
    117| 
    118|         Goblin.assets.textures.face = Goblin.createFaceTexture();

This error originated in "src/tests/GoblinMobilization.test.js" test file. It doesn't mean the error was thrown inside the file itself, but while it was running.

竡ｯ竡ｯ竡ｯ竡ｯ Unhandled Rejection 竡ｯ竡ｯ竡ｯ竡ｯ竡ｯ
TypeError: Goblin.assets.geometries.facePlane.translate is not a function
 笶ｯ Function.initAssets src/Goblin.ts:116:44
    114|         // Faces
    115|         Goblin.assets.geometries.facePlane = new THREE.PlaneGeometry(0窶ｦ
    116|         Goblin.assets.geometries.facePlane.translate(0, 0, 0.102); // 窶ｦ
       |                                            ^
    117| 
    118|         Goblin.assets.textures.face = Goblin.createFaceTexture();

This error originated in "src/tests/GoblinMobilization.test.js" test file. It doesn't mean the error was thrown inside the file itself, but while it was running.

竡ｯ竡ｯ竡ｯ竡ｯ Unhandled Rejection 竡ｯ竡ｯ竡ｯ竡ｯ竡ｯ
TypeError: Goblin.assets.geometries.facePlane.translate is not a function
 笶ｯ Function.initAssets src/Goblin.ts:116:44
    114|         // Faces
    115|         Goblin.assets.geometries.facePlane = new THREE.PlaneGeometry(0窶ｦ
    116|         Goblin.assets.geometries.facePlane.translate(0, 0, 0.102); // 窶ｦ
       |                                            ^
    117| 
    118|         Goblin.assets.textures.face = Goblin.createFaceTexture();

This error originated in "src/tests/GoblinMobilization.test.js" test file. It doesn't mean the error was thrown inside the file itself, but while it was running.

竡ｯ竡ｯ竡ｯ竡ｯ Unhandled Rejection 竡ｯ竡ｯ竡ｯ竡ｯ竡ｯ
TypeError: Goblin.assets.geometries.facePlane.translate is not a function
 笶ｯ Function.initAssets src/Goblin.ts:116:44
    114|         // Faces
    115|         Goblin.assets.geometries.facePlane = new THREE.PlaneGeometry(0窶ｦ
    116|         Goblin.assets.geometries.facePlane.translate(0, 0, 0.102); // 窶ｦ
       |                                            ^
    117| 
    118|         Goblin.assets.textures.face = Goblin.createFaceTexture();

This error originated in "src/tests/GoblinSpawnVerification.test.js" test file. It doesn't mean the error was thrown inside the file itself, but while it was running.

竡ｯ竡ｯ竡ｯ竡ｯ Unhandled Rejection 竡ｯ竡ｯ竡ｯ竡ｯ竡ｯ
TypeError: Goblin.assets.geometries.facePlane.translate is not a function
 笶ｯ Function.initAssets src/Goblin.ts:116:44
    114|         // Faces
    115|         Goblin.assets.geometries.facePlane = new THREE.PlaneGeometry(0窶ｦ
    116|         Goblin.assets.geometries.facePlane.translate(0, 0, 0.102); // 窶ｦ
       |                                            ^
    117| 
    118|         Goblin.assets.textures.face = Goblin.createFaceTexture();

This error originated in "src/tests/GoblinSpawnVerification.test.js" test file. It doesn't mean the error was thrown inside the file itself, but while it was running.

竡ｯ竡ｯ竡ｯ竡ｯ Unhandled Rejection 竡ｯ竡ｯ竡ｯ竡ｯ竡ｯ
TypeError: Goblin.assets.geometries.facePlane.translate is not a function
 笶ｯ Function.initAssets src/Goblin.ts:116:44
    114|         // Faces
    115|         Goblin.assets.geometries.facePlane = new THREE.PlaneGeometry(0窶ｦ
    116|         Goblin.assets.geometries.facePlane.translate(0, 0, 0.102); // 窶ｦ
       |                                            ^
    117| 
    118|         Goblin.assets.textures.face = Goblin.createFaceTexture();

This error originated in "src/tests/GoblinSpawnVerification.test.js" test file. It doesn't mean the error was thrown inside the file itself, but while it was running.

竡ｯ竡ｯ竡ｯ竡ｯ Unhandled Rejection 竡ｯ竡ｯ竡ｯ竡ｯ竡ｯ
TypeError: Goblin.assets.geometries.facePlane.translate is not a function
 笶ｯ Function.initAssets src/Goblin.ts:116:44
    114|         // Faces
    115|         Goblin.assets.geometries.facePlane = new THREE.PlaneGeometry(0窶ｦ
    116|         Goblin.assets.geometries.facePlane.translate(0, 0, 0.102); // 窶ｦ
       |                                            ^
    117| 
    118|         Goblin.assets.textures.face = Goblin.createFaceTexture();

This error originated in "src/tests/GoblinSpawnVerification.test.js" test file. It doesn't mean the error was thrown inside the file itself, but while it was running.

竡ｯ竡ｯ竡ｯ竡ｯ Unhandled Rejection 竡ｯ竡ｯ竡ｯ竡ｯ竡ｯ
TypeError: Goblin.assets.geometries.facePlane.translate is not a function
 笶ｯ Function.initAssets src/Goblin.ts:116:44
    114|         // Faces
    115|         Goblin.assets.geometries.facePlane = new THREE.PlaneGeometry(0窶ｦ
    116|         Goblin.assets.geometries.facePlane.translate(0, 0, 0.102); // 窶ｦ
       |                                            ^
    117| 
    118|         Goblin.assets.textures.face = Goblin.createFaceTexture();

This error originated in "src/tests/GoblinSpawnVerification.test.js" test file. It doesn't mean the error was thrown inside the file itself, but while it was running.

竡ｯ竡ｯ竡ｯ竡ｯ Unhandled Rejection 竡ｯ竡ｯ竡ｯ竡ｯ竡ｯ
TypeError: Goblin.assets.geometries.facePlane.translate is not a function
 笶ｯ Function.initAssets src/Goblin.ts:116:44
    114|         // Faces
    115|         Goblin.assets.geometries.facePlane = new THREE.PlaneGeometry(0窶ｦ
    116|         Goblin.assets.geometries.facePlane.translate(0, 0, 0.102); // 窶ｦ
       |                                            ^
    117| 
    118|         Goblin.assets.textures.face = Goblin.createFaceTexture();

This error originated in "src/tests/SaveLoad.test.js" test file. It doesn't mean the error was thrown inside the file itself, but while it was running.

竡ｯ竡ｯ竡ｯ竡ｯ Unhandled Rejection 竡ｯ竡ｯ竡ｯ竡ｯ竡ｯ
TypeError: Goblin.assets.geometries.facePlane.translate is not a function
 笶ｯ Function.initAssets src/Goblin.ts:116:44
    114|         // Faces
    115|         Goblin.assets.geometries.facePlane = new THREE.PlaneGeometry(0窶ｦ
    116|         Goblin.assets.geometries.facePlane.translate(0, 0, 0.102); // 窶ｦ
       |                                            ^
    117| 
    118|         Goblin.assets.textures.face = Goblin.createFaceTexture();

This error originated in "src/tests/SaveLoad.test.js" test file. It doesn't mean the error was thrown inside the file itself, but while it was running.

竡ｯ竡ｯ竡ｯ竡ｯ Unhandled Rejection 竡ｯ竡ｯ竡ｯ竡ｯ竡ｯ
TypeError: Goblin.assets.geometries.facePlane.translate is not a function
 笶ｯ Function.initAssets src/Goblin.ts:116:44
    114|         // Faces
    115|         Goblin.assets.geometries.facePlane = new THREE.PlaneGeometry(0窶ｦ
    116|         Goblin.assets.geometries.facePlane.translate(0, 0, 0.102); // 窶ｦ
       |                                            ^
    117| 
    118|         Goblin.assets.textures.face = Goblin.createFaceTexture();

This error originated in "src/tests/SaveLoad.test.js" test file. It doesn't mean the error was thrown inside the file itself, but while it was running.

竡ｯ竡ｯ竡ｯ竡ｯ Unhandled Rejection 竡ｯ竡ｯ竡ｯ竡ｯ竡ｯ
TypeError: Goblin.assets.geometries.facePlane.translate is not a function
 笶ｯ Function.initAssets src/Goblin.ts:116:44
    114|         // Faces
    115|         Goblin.assets.geometries.facePlane = new THREE.PlaneGeometry(0窶ｦ
    116|         Goblin.assets.geometries.facePlane.translate(0, 0, 0.102); // 窶ｦ
       |                                            ^
    117| 
    118|         Goblin.assets.textures.face = Goblin.createFaceTexture();

This error originated in "src/tests/FactionPersistence.test.js" test file. It doesn't mean the error was thrown inside the file itself, but while it was running.
The latest test that might've caused the error is "should persist unit and building faction across save/load". It might mean one of the following:
- The error was thrown, while Vitest was running this test.
- If the error occurred after the test had been completed, this was the last documented test before it was thrown.

竡ｯ竡ｯ竡ｯ竡ｯ Unhandled Rejection 竡ｯ竡ｯ竡ｯ竡ｯ竡ｯ
TypeError: Goblin.assets.geometries.facePlane.translate is not a function
 笶ｯ Function.initAssets src/Goblin.ts:116:44
    114|         // Faces
    115|         Goblin.assets.geometries.facePlane = new THREE.PlaneGeometry(0窶ｦ
    116|         Goblin.assets.geometries.facePlane.translate(0, 0, 0.102); // 窶ｦ
       |                                            ^
    117| 
    118|         Goblin.assets.textures.face = Goblin.createFaceTexture();

This error originated in "src/tests/FactionPersistence.test.js" test file. It doesn't mean the error was thrown inside the file itself, but while it was running.

竡ｯ竡ｯ竡ｯ竡ｯ Unhandled Rejection 竡ｯ竡ｯ竡ｯ竡ｯ竡ｯ
TypeError: Goblin.assets.geometries.facePlane.translate is not a function
 笶ｯ Function.initAssets src/Goblin.ts:116:44
    114|         // Faces
    115|         Goblin.assets.geometries.facePlane = new THREE.PlaneGeometry(0窶ｦ
    116|         Goblin.assets.geometries.facePlane.translate(0, 0, 0.102); // 窶ｦ
       |                                            ^
    117| 
    118|         Goblin.assets.textures.face = Goblin.createFaceTexture();

This error originated in "src/tests/FactionPersistence.test.js" test file. It doesn't mean the error was thrown inside the file itself, but while it was running.

竡ｯ竡ｯ竡ｯ竡ｯ Unhandled Rejection 竡ｯ竡ｯ竡ｯ竡ｯ竡ｯ
TypeError: Goblin.assets.geometries.facePlane.translate is not a function
 笶ｯ Function.initAssets src/Goblin.ts:116:44
    114|         // Faces
    115|         Goblin.assets.geometries.facePlane = new THREE.PlaneGeometry(0窶ｦ
    116|         Goblin.assets.geometries.facePlane.translate(0, 0, 0.102); // 窶ｦ
       |                                            ^
    117| 
    118|         Goblin.assets.textures.face = Goblin.createFaceTexture();

This error originated in "src/tests/WinLossCondition.test.js" test file. It doesn't mean the error was thrown inside the file itself, but while it was running.

竡ｯ竡ｯ竡ｯ竡ｯ Unhandled Rejection 竡ｯ竡ｯ竡ｯ竡ｯ竡ｯ
TypeError: Goblin.assets.geometries.facePlane.translate is not a function
 笶ｯ Function.initAssets src/Goblin.ts:116:44
    114|         // Faces
    115|         Goblin.assets.geometries.facePlane = new THREE.PlaneGeometry(0窶ｦ
    116|         Goblin.assets.geometries.facePlane.translate(0, 0, 0.102); // 窶ｦ
       |                                            ^
    117| 
    118|         Goblin.assets.textures.face = Goblin.createFaceTexture();

This error originated in "src/tests/WinLossCondition.test.js" test file. It doesn't mean the error was thrown inside the file itself, but while it was running.

竡ｯ竡ｯ竡ｯ竡ｯ Unhandled Rejection 竡ｯ竡ｯ竡ｯ竡ｯ竡ｯ
TypeError: Goblin.assets.geometries.facePlane.translate is not a function
 笶ｯ Function.initAssets src/Goblin.ts:116:44
    114|         // Faces
    115|         Goblin.assets.geometries.facePlane = new THREE.PlaneGeometry(0窶ｦ
    116|         Goblin.assets.geometries.facePlane.translate(0, 0, 0.102); // 窶ｦ
       |                                            ^
    117| 
    118|         Goblin.assets.textures.face = Goblin.createFaceTexture();

This error originated in "src/tests/WinLossCondition.test.js" test file. It doesn't mean the error was thrown inside the file itself, but while it was running.

竡ｯ竡ｯ竡ｯ竡ｯ Unhandled Rejection 竡ｯ竡ｯ竡ｯ竡ｯ竡ｯ
TypeError: Goblin.assets.geometries.facePlane.translate is not a function
 笶ｯ Function.initAssets src/Goblin.ts:116:44
    114|         // Faces
    115|         Goblin.assets.geometries.facePlane = new THREE.PlaneGeometry(0窶ｦ
    116|         Goblin.assets.geometries.facePlane.translate(0, 0, 0.102); // 窶ｦ
       |                                            ^
    117| 
    118|         Goblin.assets.textures.face = Goblin.createFaceTexture();

This error originated in "src/tests/WinLossCondition.test.js" test file. It doesn't mean the error was thrown inside the file itself, but while it was running.

竡ｯ竡ｯ竡ｯ竡ｯ Unhandled Rejection 竡ｯ竡ｯ竡ｯ竡ｯ竡ｯ
TypeError: Goblin.assets.geometries.facePlane.translate is not a function
 笶ｯ Function.initAssets src/Goblin.ts:116:44
    114|         // Faces
    115|         Goblin.assets.geometries.facePlane = new THREE.PlaneGeometry(0窶ｦ
    116|         Goblin.assets.geometries.facePlane.translate(0, 0, 0.102); // 窶ｦ
       |                                            ^
    117| 
    118|         Goblin.assets.textures.face = Goblin.createFaceTexture();

This error originated in "src/tests/WinLossCondition.test.js" test file. It doesn't mean the error was thrown inside the file itself, but while it was running.

竡ｯ竡ｯ竡ｯ竡ｯ Unhandled Rejection 竡ｯ竡ｯ竡ｯ竡ｯ竡ｯ
TypeError: Goblin.assets.geometries.facePlane.translate is not a function
 笶ｯ Function.initAssets src/Goblin.ts:116:44
    114|         // Faces
    115|         Goblin.assets.geometries.facePlane = new THREE.PlaneGeometry(0窶ｦ
    116|         Goblin.assets.geometries.facePlane.translate(0, 0, 0.102); // 窶ｦ
       |                                            ^
    117| 
    118|         Goblin.assets.textures.face = Goblin.createFaceTexture();

This error originated in "src/tests/WinLossCondition.test.js" test file. It doesn't mean the error was thrown inside the file itself, but while it was running.

竡ｯ竡ｯ竡ｯ竡ｯ Unhandled Rejection 竡ｯ竡ｯ竡ｯ竡ｯ竡ｯ
TypeError: Goblin.assets.geometries.facePlane.translate is not a function
 笶ｯ Function.initAssets src/Goblin.ts:116:44
    114|         // Faces
    115|         Goblin.assets.geometries.facePlane = new THREE.PlaneGeometry(0窶ｦ
    116|         Goblin.assets.geometries.facePlane.translate(0, 0, 0.102); // 窶ｦ
       |                                            ^
    117| 
    118|         Goblin.assets.textures.face = Goblin.createFaceTexture();

This error originated in "src/tests/SaveLoadRestoration.test.js" test file. It doesn't mean the error was thrown inside the file itself, but while it was running.

竡ｯ竡ｯ竡ｯ竡ｯ Unhandled Rejection 竡ｯ竡ｯ竡ｯ竡ｯ竡ｯ
TypeError: Goblin.assets.geometries.facePlane.translate is not a function
 笶ｯ Function.initAssets src/Goblin.ts:116:44
    114|         // Faces
    115|         Goblin.assets.geometries.facePlane = new THREE.PlaneGeometry(0窶ｦ
    116|         Goblin.assets.geometries.facePlane.translate(0, 0, 0.102); // 窶ｦ
       |                                            ^
    117| 
    118|         Goblin.assets.textures.face = Goblin.createFaceTexture();

This error originated in "src/tests/SaveLoadRestoration.test.js" test file. It doesn't mean the error was thrown inside the file itself, but while it was running.

竡ｯ竡ｯ竡ｯ竡ｯ Unhandled Rejection 竡ｯ竡ｯ竡ｯ竡ｯ竡ｯ
TypeError: Goblin.assets.geometries.facePlane.translate is not a function
 笶ｯ Function.initAssets src/Goblin.ts:116:44
    114|         // Faces
    115|         Goblin.assets.geometries.facePlane = new THREE.PlaneGeometry(0窶ｦ
    116|         Goblin.assets.geometries.facePlane.translate(0, 0, 0.102); // 窶ｦ
       |                                            ^
    117| 
    118|         Goblin.assets.textures.face = Goblin.createFaceTexture();

This error originated in "src/tests/RealGrowth.test.js" test file. It doesn't mean the error was thrown inside the file itself, but while it was running.

竡ｯ竡ｯ竡ｯ竡ｯ Unhandled Rejection 竡ｯ竡ｯ竡ｯ竡ｯ竡ｯ
TypeError: Goblin.assets.geometries.facePlane.translate is not a function
 笶ｯ Function.initAssets src/Goblin.ts:116:44
    114|         // Faces
    115|         Goblin.assets.geometries.facePlane = new THREE.PlaneGeometry(0窶ｦ
    116|         Goblin.assets.geometries.facePlane.translate(0, 0, 0.102); // 窶ｦ
       |                                            ^
    117| 
    118|         Goblin.assets.textures.face = Goblin.createFaceTexture();

This error originated in "src/tests/RealGrowth.test.js" test file. It doesn't mean the error was thrown inside the file itself, but while it was running.

竡ｯ竡ｯ竡ｯ竡ｯ Unhandled Rejection 竡ｯ竡ｯ竡ｯ竡ｯ竡ｯ
TypeError: Goblin.assets.geometries.facePlane.translate is not a function
 笶ｯ Function.initAssets src/Goblin.ts:116:44
    114|         // Faces
    115|         Goblin.assets.geometries.facePlane = new THREE.PlaneGeometry(0窶ｦ
    116|         Goblin.assets.geometries.facePlane.translate(0, 0, 0.102); // 窶ｦ
       |                                            ^
    117| 
    118|         Goblin.assets.textures.face = Goblin.createFaceTexture();

This error originated in "src/tests/RealGrowth.test.js" test file. It doesn't mean the error was thrown inside the file itself, but while it was running.

竡ｯ竡ｯ竡ｯ竡ｯ Unhandled Rejection 竡ｯ竡ｯ竡ｯ竡ｯ竡ｯ
TypeError: Goblin.assets.geometries.facePlane.translate is not a function
 笶ｯ Function.initAssets src/Goblin.ts:116:44
    114|         // Faces
    115|         Goblin.assets.geometries.facePlane = new THREE.PlaneGeometry(0窶ｦ
    116|         Goblin.assets.geometries.facePlane.translate(0, 0, 0.102); // 窶ｦ
       |                                            ^
    117| 
    118|         Goblin.assets.textures.face = Goblin.createFaceTexture();

This error originated in "src/tests/RealGrowth.test.js" test file. It doesn't mean the error was thrown inside the file itself, but while it was running.

竡ｯ竡ｯ竡ｯ竡ｯ Unhandled Rejection 竡ｯ竡ｯ竡ｯ竡ｯ竡ｯ
TypeError: Goblin.assets.geometries.facePlane.translate is not a function
 笶ｯ Function.initAssets src/Goblin.ts:116:44
    114|         // Faces
    115|         Goblin.assets.geometries.facePlane = new THREE.PlaneGeometry(0窶ｦ
    116|         Goblin.assets.geometries.facePlane.translate(0, 0, 0.102); // 窶ｦ
       |                                            ^
    117| 
    118|         Goblin.assets.textures.face = Goblin.createFaceTexture();

This error originated in "src/tests/CaveDeterminism.test.js" test file. It doesn't mean the error was thrown inside the file itself, but while it was running.
The latest test that might've caused the error is "should generate identical caves with same terrain seed". It might mean one of the following:
- The error was thrown, while Vitest was running this test.
- If the error occurred after the test had been completed, this was the last documented test before it was thrown.

竡ｯ竡ｯ竡ｯ竡ｯ Unhandled Rejection 竡ｯ竡ｯ竡ｯ竡ｯ竡ｯ
TypeError: Goblin.assets.geometries.facePlane.translate is not a function
 笶ｯ Function.initAssets src/Goblin.ts:116:44
    114|         // Faces
    115|         Goblin.assets.geometries.facePlane = new THREE.PlaneGeometry(0窶ｦ
    116|         Goblin.assets.geometries.facePlane.translate(0, 0, 0.102); // 窶ｦ
       |                                            ^
    117| 
    118|         Goblin.assets.textures.face = Goblin.createFaceTexture();

This error originated in "src/tests/GoblinEncounter.test.js" test file. It doesn't mean the error was thrown inside the file itself, but while it was running.

竡ｯ竡ｯ竡ｯ竡ｯ Unhandled Rejection 竡ｯ竡ｯ竡ｯ竡ｯ竡ｯ
TypeError: Goblin.assets.geometries.facePlane.translate is not a function
 笶ｯ Function.initAssets src/Goblin.ts:116:44
    114|         // Faces
    115|         Goblin.assets.geometries.facePlane = new THREE.PlaneGeometry(0窶ｦ
    116|         Goblin.assets.geometries.facePlane.translate(0, 0, 0.102); // 窶ｦ
       |                                            ^
    117| 
    118|         Goblin.assets.textures.face = Goblin.createFaceTexture();

This error originated in "src/tests/GoblinEncounter.test.js" test file. It doesn't mean the error was thrown inside the file itself, but while it was running.

竡ｯ竡ｯ竡ｯ竡ｯ Unhandled Rejection 竡ｯ竡ｯ竡ｯ竡ｯ竡ｯ
TypeError: Goblin.assets.geometries.facePlane.translate is not a function
 笶ｯ Function.initAssets src/Goblin.ts:116:44
    114|         // Faces
    115|         Goblin.assets.geometries.facePlane = new THREE.PlaneGeometry(0窶ｦ
    116|         Goblin.assets.geometries.facePlane.translate(0, 0, 0.102); // 窶ｦ
       |                                            ^
    117| 
    118|         Goblin.assets.textures.face = Goblin.createFaceTexture();

This error originated in "src/tests/GoblinEncounter.test.js" test file. It doesn't mean the error was thrown inside the file itself, but while it was running.

竡ｯ竡ｯ竡ｯ竡ｯ Unhandled Rejection 竡ｯ竡ｯ竡ｯ竡ｯ竡ｯ
TypeError: Goblin.assets.geometries.facePlane.translate is not a function
 笶ｯ Function.initAssets src/Goblin.ts:116:44
    114|         // Faces
    115|         Goblin.assets.geometries.facePlane = new THREE.PlaneGeometry(0窶ｦ
    116|         Goblin.assets.geometries.facePlane.translate(0, 0, 0.102); // 窶ｦ
       |                                            ^
    117| 
    118|         Goblin.assets.textures.face = Goblin.createFaceTexture();

This error originated in "src/tests/LoadJitabata.test.js" test file. It doesn't mean the error was thrown inside the file itself, but while it was running.
The latest test that might've caused the error is "should NOT flap between Job and Wander after load". It might mean one of the following:
- The error was thrown, while Vitest was running this test.
- If the error occurred after the test had been completed, this was the last documented test before it was thrown.

竡ｯ竡ｯ竡ｯ竡ｯ Unhandled Rejection 竡ｯ竡ｯ竡ｯ竡ｯ竡ｯ
TypeError: Goblin.assets.geometries.facePlane.translate is not a function
 笶ｯ Function.initAssets src/Goblin.ts:116:44
    114|         // Faces
    115|         Goblin.assets.geometries.facePlane = new THREE.PlaneGeometry(0窶ｦ
    116|         Goblin.assets.geometries.facePlane.translate(0, 0, 0.102); // 窶ｦ
       |                                            ^
    117| 
    118|         Goblin.assets.textures.face = Goblin.createFaceTexture();

This error originated in "src/tests/LoadJitabata.test.js" test file. It doesn't mean the error was thrown inside the file itself, but while it was running.
The latest test that might've caused the error is "should NOT flap between Job and Wander after load". It might mean one of the following:
- The error was thrown, while Vitest was running this test.
- If the error occurred after the test had been completed, this was the last documented test before it was thrown.

竡ｯ竡ｯ竡ｯ竡ｯ Unhandled Rejection 竡ｯ竡ｯ竡ｯ竡ｯ竡ｯ
TypeError: Goblin.assets.geometries.facePlane.translate is not a function
 笶ｯ Function.initAssets src/Goblin.ts:116:44
    114|         // Faces
    115|         Goblin.assets.geometries.facePlane = new THREE.PlaneGeometry(0窶ｦ
    116|         Goblin.assets.geometries.facePlane.translate(0, 0, 0.102); // 窶ｦ
       |                                            ^
    117| 
    118|         Goblin.assets.textures.face = Goblin.createFaceTexture();

This error originated in "src/tests/StressTest.test.js" test file. It doesn't mean the error was thrown inside the file itself, but while it was running.

竡ｯ竡ｯ竡ｯ竡ｯ Unhandled Rejection 竡ｯ竡ｯ竡ｯ竡ｯ竡ｯ
TypeError: Goblin.assets.geometries.facePlane.translate is not a function
 笶ｯ Function.initAssets src/Goblin.ts:116:44
    114|         // Faces
    115|         Goblin.assets.geometries.facePlane = new THREE.PlaneGeometry(0窶ｦ
    116|         Goblin.assets.geometries.facePlane.translate(0, 0, 0.102); // 窶ｦ
       |                                            ^
    117| 
    118|         Goblin.assets.textures.face = Goblin.createFaceTexture();

This error originated in "src/tests/StressTest.test.js" test file. It doesn't mean the error was thrown inside the file itself, but while it was running.

竡ｯ竡ｯ竡ｯ竡ｯ Unhandled Rejection 竡ｯ竡ｯ竡ｯ竡ｯ竡ｯ
TypeError: Goblin.assets.geometries.facePlane.translate is not a function
 笶ｯ Function.initAssets src/Goblin.ts:116:44
    114|         // Faces
    115|         Goblin.assets.geometries.facePlane = new THREE.PlaneGeometry(0窶ｦ
    116|         Goblin.assets.geometries.facePlane.translate(0, 0, 0.102); // 窶ｦ
       |                                            ^
    117| 
    118|         Goblin.assets.textures.face = Goblin.createFaceTexture();

This error originated in "src/tests/StressTest.test.js" test file. It doesn't mean the error was thrown inside the file itself, but while it was running.

竡ｯ竡ｯ竡ｯ竡ｯ Unhandled Rejection 竡ｯ竡ｯ竡ｯ竡ｯ竡ｯ
TypeError: Goblin.assets.geometries.facePlane.translate is not a function
 笶ｯ Function.initAssets src/Goblin.ts:116:44
    114|         // Faces
    115|         Goblin.assets.geometries.facePlane = new THREE.PlaneGeometry(0窶ｦ
    116|         Goblin.assets.geometries.facePlane.translate(0, 0, 0.102); // 窶ｦ
       |                                            ^
    117| 
    118|         Goblin.assets.textures.face = Goblin.createFaceTexture();

This error originated in "src/tests/StressTest.test.js" test file. It doesn't mean the error was thrown inside the file itself, but while it was running.

竡ｯ竡ｯ竡ｯ竡ｯ Unhandled Rejection 竡ｯ竡ｯ竡ｯ竡ｯ竡ｯ
TypeError: Goblin.assets.geometries.facePlane.translate is not a function
 笶ｯ Function.initAssets src/Goblin.ts:116:44
    114|         // Faces
    115|         Goblin.assets.geometries.facePlane = new THREE.PlaneGeometry(0窶ｦ
    116|         Goblin.assets.geometries.facePlane.translate(0, 0, 0.102); // 窶ｦ
       |                                            ^
    117| 
    118|         Goblin.assets.textures.face = Goblin.createFaceTexture();

This error originated in "src/tests/StressTest.test.js" test file. It doesn't mean the error was thrown inside the file itself, but while it was running.

竡ｯ竡ｯ竡ｯ竡ｯ Unhandled Rejection 竡ｯ竡ｯ竡ｯ竡ｯ竡ｯ
TypeError: Goblin.assets.geometries.facePlane.translate is not a function
 笶ｯ Function.initAssets src/Goblin.ts:116:44
    114|         // Faces
    115|         Goblin.assets.geometries.facePlane = new THREE.PlaneGeometry(0窶ｦ
    116|         Goblin.assets.geometries.facePlane.translate(0, 0, 0.102); // 窶ｦ
       |                                            ^
    117| 
    118|         Goblin.assets.textures.face = Goblin.createFaceTexture();

This error originated in "src/tests/StressTest.test.js" test file. It doesn't mean the error was thrown inside the file itself, but while it was running.

竡ｯ竡ｯ竡ｯ竡ｯ Unhandled Rejection 竡ｯ竡ｯ竡ｯ竡ｯ竡ｯ
TypeError: Goblin.assets.geometries.facePlane.translate is not a function
 笶ｯ Function.initAssets src/Goblin.ts:116:44
    114|         // Faces
    115|         Goblin.assets.geometries.facePlane = new THREE.PlaneGeometry(0窶ｦ
    116|         Goblin.assets.geometries.facePlane.translate(0, 0, 0.102); // 窶ｦ
       |                                            ^
    117| 
    118|         Goblin.assets.textures.face = Goblin.createFaceTexture();

This error originated in "src/tests/StressTest.test.js" test file. It doesn't mean the error was thrown inside the file itself, but while it was running.

竡ｯ竡ｯ竡ｯ竡ｯ Unhandled Rejection 竡ｯ竡ｯ竡ｯ竡ｯ竡ｯ
TypeError: Goblin.assets.geometries.facePlane.translate is not a function
 笶ｯ Function.initAssets src/Goblin.ts:116:44
    114|         // Faces
    115|         Goblin.assets.geometries.facePlane = new THREE.PlaneGeometry(0窶ｦ
    116|         Goblin.assets.geometries.facePlane.translate(0, 0, 0.102); // 窶ｦ
       |                                            ^
    117| 
    118|         Goblin.assets.textures.face = Goblin.createFaceTexture();

This error originated in "src/tests/StressTest.test.js" test file. It doesn't mean the error was thrown inside the file itself, but while it was running.

竡ｯ竡ｯ竡ｯ竡ｯ Unhandled Rejection 竡ｯ竡ｯ竡ｯ竡ｯ竡ｯ
TypeError: Goblin.assets.geometries.facePlane.translate is not a function
 笶ｯ Function.initAssets src/Goblin.ts:116:44
    114|         // Faces
    115|         Goblin.assets.geometries.facePlane = new THREE.PlaneGeometry(0窶ｦ
    116|         Goblin.assets.geometries.facePlane.translate(0, 0, 0.102); // 窶ｦ
       |                                            ^
    117| 
    118|         Goblin.assets.textures.face = Goblin.createFaceTexture();

This error originated in "src/tests/StressTest.test.js" test file. It doesn't mean the error was thrown inside the file itself, but while it was running.

竡ｯ竡ｯ竡ｯ竡ｯ Unhandled Rejection 竡ｯ竡ｯ竡ｯ竡ｯ竡ｯ
TypeError: Goblin.assets.geometries.facePlane.translate is not a function
 笶ｯ Function.initAssets src/Goblin.ts:116:44
    114|         // Faces
    115|         Goblin.assets.geometries.facePlane = new THREE.PlaneGeometry(0窶ｦ
    116|         Goblin.assets.geometries.facePlane.translate(0, 0, 0.102); // 窶ｦ
       |                                            ^
    117| 
    118|         Goblin.assets.textures.face = Goblin.createFaceTexture();

This error originated in "src/tests/StressTest.test.js" test file. It doesn't mean the error was thrown inside the file itself, but while it was running.

竡ｯ竡ｯ竡ｯ竡ｯ Unhandled Rejection 竡ｯ竡ｯ竡ｯ竡ｯ竡ｯ
TypeError: Goblin.assets.geometries.facePlane.translate is not a function
 笶ｯ Function.initAssets src/Goblin.ts:116:44
    114|         // Faces
    115|         Goblin.assets.geometries.facePlane = new THREE.PlaneGeometry(0窶ｦ
    116|         Goblin.assets.geometries.facePlane.translate(0, 0, 0.102); // 窶ｦ
       |                                            ^
    117| 
    118|         Goblin.assets.textures.face = Goblin.createFaceTexture();

This error originated in "src/tests/StressTest.test.js" test file. It doesn't mean the error was thrown inside the file itself, but while it was running.

竡ｯ竡ｯ竡ｯ竡ｯ Unhandled Rejection 竡ｯ竡ｯ竡ｯ竡ｯ竡ｯ
TypeError: Goblin.assets.geometries.facePlane.translate is not a function
 笶ｯ Function.initAssets src/Goblin.ts:116:44
    114|         // Faces
    115|         Goblin.assets.geometries.facePlane = new THREE.PlaneGeometry(0窶ｦ
    116|         Goblin.assets.geometries.facePlane.translate(0, 0, 0.102); // 窶ｦ
       |                                            ^
    117| 
    118|         Goblin.assets.textures.face = Goblin.createFaceTexture();

This error originated in "src/tests/StressTest.test.js" test file. It doesn't mean the error was thrown inside the file itself, but while it was running.

竡ｯ竡ｯ竡ｯ竡ｯ Unhandled Rejection 竡ｯ竡ｯ竡ｯ竡ｯ竡ｯ
TypeError: Goblin.assets.geometries.facePlane.translate is not a function
 笶ｯ Function.initAssets src/Goblin.ts:116:44
    114|         // Faces
    115|         Goblin.assets.geometries.facePlane = new THREE.PlaneGeometry(0窶ｦ
    116|         Goblin.assets.geometries.facePlane.translate(0, 0, 0.102); // 窶ｦ
       |                                            ^
    117| 
    118|         Goblin.assets.textures.face = Goblin.createFaceTexture();

This error originated in "src/tests/StressTest.test.js" test file. It doesn't mean the error was thrown inside the file itself, but while it was running.

竡ｯ竡ｯ竡ｯ竡ｯ Unhandled Rejection 竡ｯ竡ｯ竡ｯ竡ｯ竡ｯ
TypeError: Goblin.assets.geometries.facePlane.translate is not a function
 笶ｯ Function.initAssets src/Goblin.ts:116:44
    114|         // Faces
    115|         Goblin.assets.geometries.facePlane = new THREE.PlaneGeometry(0窶ｦ
    116|         Goblin.assets.geometries.facePlane.translate(0, 0, 0.102); // 窶ｦ
       |                                            ^
    117| 
    118|         Goblin.assets.textures.face = Goblin.createFaceTexture();

This error originated in "src/tests/StressTest.test.js" test file. It doesn't mean the error was thrown inside the file itself, but while it was running.

竡ｯ竡ｯ竡ｯ竡ｯ Unhandled Rejection 竡ｯ竡ｯ竡ｯ竡ｯ竡ｯ
TypeError: Goblin.assets.geometries.facePlane.translate is not a function
 笶ｯ Function.initAssets src/Goblin.ts:116:44
    114|         // Faces
    115|         Goblin.assets.geometries.facePlane = new THREE.PlaneGeometry(0窶ｦ
    116|         Goblin.assets.geometries.facePlane.translate(0, 0, 0.102); // 窶ｦ
       |                                            ^
    117| 
    118|         Goblin.assets.textures.face = Goblin.createFaceTexture();

This error originated in "src/tests/StressTest.test.js" test file. It doesn't mean the error was thrown inside the file itself, but while it was running.

竡ｯ竡ｯ竡ｯ竡ｯ Unhandled Rejection 竡ｯ竡ｯ竡ｯ竡ｯ竡ｯ
TypeError: Goblin.assets.geometries.facePlane.translate is not a function
 笶ｯ Function.initAssets src/Goblin.ts:116:44
    114|         // Faces
    115|         Goblin.assets.geometries.facePlane = new THREE.PlaneGeometry(0窶ｦ
    116|         Goblin.assets.geometries.facePlane.translate(0, 0, 0.102); // 窶ｦ
       |                                            ^
    117| 
    118|         Goblin.assets.textures.face = Goblin.createFaceTexture();

This error originated in "src/tests/StressTest.test.js" test file. It doesn't mean the error was thrown inside the file itself, but while it was running.

竡ｯ竡ｯ竡ｯ竡ｯ Unhandled Rejection 竡ｯ竡ｯ竡ｯ竡ｯ竡ｯ
TypeError: Goblin.assets.geometries.facePlane.translate is not a function
 笶ｯ Function.initAssets src/Goblin.ts:116:44
    114|         // Faces
    115|         Goblin.assets.geometries.facePlane = new THREE.PlaneGeometry(0窶ｦ
    116|         Goblin.assets.geometries.facePlane.translate(0, 0, 0.102); // 窶ｦ
       |                                            ^
    117| 
    118|         Goblin.assets.textures.face = Goblin.createFaceTexture();

This error originated in "src/tests/StressTest.test.js" test file. It doesn't mean the error was thrown inside the file itself, but while it was running.

竡ｯ竡ｯ竡ｯ竡ｯ Unhandled Rejection 竡ｯ竡ｯ竡ｯ竡ｯ竡ｯ
TypeError: Goblin.assets.geometries.facePlane.translate is not a function
 笶ｯ Function.initAssets src/Goblin.ts:116:44
    114|         // Faces
    115|         Goblin.assets.geometries.facePlane = new THREE.PlaneGeometry(0窶ｦ
    116|         Goblin.assets.geometries.facePlane.translate(0, 0, 0.102); // 窶ｦ
       |                                            ^
    117| 
    118|         Goblin.assets.textures.face = Goblin.createFaceTexture();

This error originated in "src/tests/StressTest.test.js" test file. It doesn't mean the error was thrown inside the file itself, but while it was running.

竡ｯ竡ｯ竡ｯ竡ｯ Unhandled Rejection 竡ｯ竡ｯ竡ｯ竡ｯ竡ｯ
TypeError: Goblin.assets.geometries.facePlane.translate is not a function
 笶ｯ Function.initAssets src/Goblin.ts:116:44
    114|         // Faces
    115|         Goblin.assets.geometries.facePlane = new THREE.PlaneGeometry(0窶ｦ
    116|         Goblin.assets.geometries.facePlane.translate(0, 0, 0.102); // 窶ｦ
       |                                            ^
    117| 
    118|         Goblin.assets.textures.face = Goblin.createFaceTexture();

This error originated in "src/tests/StressTest.test.js" test file. It doesn't mean the error was thrown inside the file itself, but while it was running.

竡ｯ竡ｯ竡ｯ竡ｯ Unhandled Rejection 竡ｯ竡ｯ竡ｯ竡ｯ竡ｯ
TypeError: Goblin.assets.geometries.facePlane.translate is not a function
 笶ｯ Function.initAssets src/Goblin.ts:116:44
    114|         // Faces
    115|         Goblin.assets.geometries.facePlane = new THREE.PlaneGeometry(0窶ｦ
    116|         Goblin.assets.geometries.facePlane.translate(0, 0, 0.102); // 窶ｦ
       |                                            ^
    117| 
    118|         Goblin.assets.textures.face = Goblin.createFaceTexture();

This error originated in "src/tests/StressTest.test.js" test file. It doesn't mean the error was thrown inside the file itself, but while it was running.

竡ｯ竡ｯ竡ｯ竡ｯ Unhandled Rejection 竡ｯ竡ｯ竡ｯ竡ｯ竡ｯ
TypeError: Goblin.assets.geometries.facePlane.translate is not a function
 笶ｯ Function.initAssets src/Goblin.ts:116:44
    114|         // Faces
    115|         Goblin.assets.geometries.facePlane = new THREE.PlaneGeometry(0窶ｦ
    116|         Goblin.assets.geometries.facePlane.translate(0, 0, 0.102); // 窶ｦ
       |                                            ^
    117| 
    118|         Goblin.assets.textures.face = Goblin.createFaceTexture();

This error originated in "src/tests/StressTest.test.js" test file. It doesn't mean the error was thrown inside the file itself, but while it was running.

竡ｯ竡ｯ竡ｯ竡ｯ Unhandled Rejection 竡ｯ竡ｯ竡ｯ竡ｯ竡ｯ
TypeError: Goblin.assets.geometries.facePlane.translate is not a function
 笶ｯ Function.initAssets src/Goblin.ts:116:44
    114|         // Faces
    115|         Goblin.assets.geometries.facePlane = new THREE.PlaneGeometry(0窶ｦ
    116|         Goblin.assets.geometries.facePlane.translate(0, 0, 0.102); // 窶ｦ
       |                                            ^
    117| 
    118|         Goblin.assets.textures.face = Goblin.createFaceTexture();

This error originated in "src/tests/StressTest.test.js" test file. It doesn't mean the error was thrown inside the file itself, but while it was running.

竡ｯ竡ｯ竡ｯ竡ｯ Unhandled Rejection 竡ｯ竡ｯ竡ｯ竡ｯ竡ｯ
TypeError: Goblin.assets.geometries.facePlane.translate is not a function
 笶ｯ Function.initAssets src/Goblin.ts:116:44
    114|         // Faces
    115|         Goblin.assets.geometries.facePlane = new THREE.PlaneGeometry(0窶ｦ
    116|         Goblin.assets.geometries.facePlane.translate(0, 0, 0.102); // 窶ｦ
       |                                            ^
    117| 
    118|         Goblin.assets.textures.face = Goblin.createFaceTexture();

This error originated in "src/tests/StressTest.test.js" test file. It doesn't mean the error was thrown inside the file itself, but while it was running.

竡ｯ竡ｯ竡ｯ竡ｯ Unhandled Rejection 竡ｯ竡ｯ竡ｯ竡ｯ竡ｯ
TypeError: Goblin.assets.geometries.facePlane.translate is not a function
 笶ｯ Function.initAssets src/Goblin.ts:116:44
    114|         // Faces
    115|         Goblin.assets.geometries.facePlane = new THREE.PlaneGeometry(0窶ｦ
    116|         Goblin.assets.geometries.facePlane.translate(0, 0, 0.102); // 窶ｦ
       |                                            ^
    117| 
    118|         Goblin.assets.textures.face = Goblin.createFaceTexture();

This error originated in "src/tests/StressTest.test.js" test file. It doesn't mean the error was thrown inside the file itself, but while it was running.

竡ｯ竡ｯ竡ｯ竡ｯ Unhandled Rejection 竡ｯ竡ｯ竡ｯ竡ｯ竡ｯ
TypeError: Goblin.assets.geometries.facePlane.translate is not a function
 笶ｯ Function.initAssets src/Goblin.ts:116:44
    114|         // Faces
    115|         Goblin.assets.geometries.facePlane = new THREE.PlaneGeometry(0窶ｦ
    116|         Goblin.assets.geometries.facePlane.translate(0, 0, 0.102); // 窶ｦ
       |                                            ^
    117| 
    118|         Goblin.assets.textures.face = Goblin.createFaceTexture();

This error originated in "src/tests/StressTest.test.js" test file. It doesn't mean the error was thrown inside the file itself, but while it was running.

竡ｯ竡ｯ竡ｯ竡ｯ Unhandled Rejection 竡ｯ竡ｯ竡ｯ竡ｯ竡ｯ
TypeError: Goblin.assets.geometries.facePlane.translate is not a function
 笶ｯ Function.initAssets src/Goblin.ts:116:44
    114|         // Faces
    115|         Goblin.assets.geometries.facePlane = new THREE.PlaneGeometry(0窶ｦ
    116|         Goblin.assets.geometries.facePlane.translate(0, 0, 0.102); // 窶ｦ
       |                                            ^
    117| 
    118|         Goblin.assets.textures.face = Goblin.createFaceTexture();

This error originated in "src/tests/StressTest.test.js" test file. It doesn't mean the error was thrown inside the file itself, but while it was running.

竡ｯ竡ｯ竡ｯ竡ｯ Unhandled Rejection 竡ｯ竡ｯ竡ｯ竡ｯ竡ｯ
TypeError: Goblin.assets.geometries.facePlane.translate is not a function
 笶ｯ Function.initAssets src/Goblin.ts:116:44
    114|         // Faces
    115|         Goblin.assets.geometries.facePlane = new THREE.PlaneGeometry(0窶ｦ
    116|         Goblin.assets.geometries.facePlane.translate(0, 0, 0.102); // 窶ｦ
       |                                            ^
    117| 
    118|         Goblin.assets.textures.face = Goblin.createFaceTexture();

This error originated in "src/tests/StressTest.test.js" test file. It doesn't mean the error was thrown inside the file itself, but while it was running.

竡ｯ竡ｯ竡ｯ竡ｯ Unhandled Rejection 竡ｯ竡ｯ竡ｯ竡ｯ竡ｯ
TypeError: Goblin.assets.geometries.facePlane.translate is not a function
 笶ｯ Function.initAssets src/Goblin.ts:116:44
    114|         // Faces
    115|         Goblin.assets.geometries.facePlane = new THREE.PlaneGeometry(0窶ｦ
    116|         Goblin.assets.geometries.facePlane.translate(0, 0, 0.102); // 窶ｦ
       |                                            ^
    117| 
    118|         Goblin.assets.textures.face = Goblin.createFaceTexture();

This error originated in "src/tests/StressTest.test.js" test file. It doesn't mean the error was thrown inside the file itself, but while it was running.

竡ｯ竡ｯ竡ｯ竡ｯ Unhandled Rejection 竡ｯ竡ｯ竡ｯ竡ｯ竡ｯ
TypeError: Goblin.assets.geometries.facePlane.translate is not a function
 笶ｯ Function.initAssets src/Goblin.ts:116:44
    114|         // Faces
    115|         Goblin.assets.geometries.facePlane = new THREE.PlaneGeometry(0窶ｦ
    116|         Goblin.assets.geometries.facePlane.translate(0, 0, 0.102); // 窶ｦ
       |                                            ^
    117| 
    118|         Goblin.assets.textures.face = Goblin.createFaceTexture();

This error originated in "src/tests/StressTest.test.js" test file. It doesn't mean the error was thrown inside the file itself, but while it was running.

竡ｯ竡ｯ竡ｯ竡ｯ Unhandled Rejection 竡ｯ竡ｯ竡ｯ竡ｯ竡ｯ
TypeError: Goblin.assets.geometries.facePlane.translate is not a function
 笶ｯ Function.initAssets src/Goblin.ts:116:44
    114|         // Faces
    115|         Goblin.assets.geometries.facePlane = new THREE.PlaneGeometry(0窶ｦ
    116|         Goblin.assets.geometries.facePlane.translate(0, 0, 0.102); // 窶ｦ
       |                                            ^
    117| 
    118|         Goblin.assets.textures.face = Goblin.createFaceTexture();

This error originated in "src/tests/StressTest.test.js" test file. It doesn't mean the error was thrown inside the file itself, but while it was running.

竡ｯ竡ｯ竡ｯ竡ｯ Unhandled Rejection 竡ｯ竡ｯ竡ｯ竡ｯ竡ｯ
TypeError: Goblin.assets.geometries.facePlane.translate is not a function
 笶ｯ Function.initAssets src/Goblin.ts:116:44
    114|         // Faces
    115|         Goblin.assets.geometries.facePlane = new THREE.PlaneGeometry(0窶ｦ
    116|         Goblin.assets.geometries.facePlane.translate(0, 0, 0.102); // 窶ｦ
       |                                            ^
    117| 
    118|         Goblin.assets.textures.face = Goblin.createFaceTexture();

This error originated in "src/tests/StressTest.test.js" test file. It doesn't mean the error was thrown inside the file itself, but while it was running.

竡ｯ竡ｯ竡ｯ竡ｯ Unhandled Rejection 竡ｯ竡ｯ竡ｯ竡ｯ竡ｯ
TypeError: Goblin.assets.geometries.facePlane.translate is not a function
 笶ｯ Function.initAssets src/Goblin.ts:116:44
    114|         // Faces
    115|         Goblin.assets.geometries.facePlane = new THREE.PlaneGeometry(0窶ｦ
    116|         Goblin.assets.geometries.facePlane.translate(0, 0, 0.102); // 窶ｦ
       |                                            ^
    117| 
    118|         Goblin.assets.textures.face = Goblin.createFaceTexture();

This error originated in "src/tests/StressTest.test.js" test file. It doesn't mean the error was thrown inside the file itself, but while it was running.

竡ｯ竡ｯ竡ｯ竡ｯ Unhandled Rejection 竡ｯ竡ｯ竡ｯ竡ｯ竡ｯ
TypeError: Goblin.assets.geometries.facePlane.translate is not a function
 笶ｯ Function.initAssets src/Goblin.ts:116:44
    114|         // Faces
    115|         Goblin.assets.geometries.facePlane = new THREE.PlaneGeometry(0窶ｦ
    116|         Goblin.assets.geometries.facePlane.translate(0, 0, 0.102); // 窶ｦ
       |                                            ^
    117| 
    118|         Goblin.assets.textures.face = Goblin.createFaceTexture();

This error originated in "src/tests/StressTest.test.js" test file. It doesn't mean the error was thrown inside the file itself, but while it was running.

竡ｯ竡ｯ竡ｯ竡ｯ Unhandled Rejection 竡ｯ竡ｯ竡ｯ竡ｯ竡ｯ
TypeError: Goblin.assets.geometries.facePlane.translate is not a function
 笶ｯ Function.initAssets src/Goblin.ts:116:44
    114|         // Faces
    115|         Goblin.assets.geometries.facePlane = new THREE.PlaneGeometry(0窶ｦ
    116|         Goblin.assets.geometries.facePlane.translate(0, 0, 0.102); // 窶ｦ
       |                                            ^
    117| 
    118|         Goblin.assets.textures.face = Goblin.createFaceTexture();

This error originated in "src/tests/StressTest.test.js" test file. It doesn't mean the error was thrown inside the file itself, but while it was running.

竡ｯ竡ｯ竡ｯ竡ｯ Unhandled Rejection 竡ｯ竡ｯ竡ｯ竡ｯ竡ｯ
TypeError: Goblin.assets.geometries.facePlane.translate is not a function
 笶ｯ Function.initAssets src/Goblin.ts:116:44
    114|         // Faces
    115|         Goblin.assets.geometries.facePlane = new THREE.PlaneGeometry(0窶ｦ
    116|         Goblin.assets.geometries.facePlane.translate(0, 0, 0.102); // 窶ｦ
       |                                            ^
    117| 
    118|         Goblin.assets.textures.face = Goblin.createFaceTexture();

This error originated in "src/tests/StressTest.test.js" test file. It doesn't mean the error was thrown inside the file itself, but while it was running.

竡ｯ竡ｯ竡ｯ竡ｯ Unhandled Rejection 竡ｯ竡ｯ竡ｯ竡ｯ竡ｯ
TypeError: Goblin.assets.geometries.facePlane.translate is not a function
 笶ｯ Function.initAssets src/Goblin.ts:116:44
    114|         // Faces
    115|         Goblin.assets.geometries.facePlane = new THREE.PlaneGeometry(0窶ｦ
    116|         Goblin.assets.geometries.facePlane.translate(0, 0, 0.102); // 窶ｦ
       |                                            ^
    117| 
    118|         Goblin.assets.textures.face = Goblin.createFaceTexture();

This error originated in "src/tests/StressTest.test.js" test file. It doesn't mean the error was thrown inside the file itself, but while it was running.

竡ｯ竡ｯ竡ｯ竡ｯ Unhandled Rejection 竡ｯ竡ｯ竡ｯ竡ｯ竡ｯ
TypeError: Goblin.assets.geometries.facePlane.translate is not a function
 笶ｯ Function.initAssets src/Goblin.ts:116:44
    114|         // Faces
    115|         Goblin.assets.geometries.facePlane = new THREE.PlaneGeometry(0窶ｦ
    116|         Goblin.assets.geometries.facePlane.translate(0, 0, 0.102); // 窶ｦ
       |                                            ^
    117| 
    118|         Goblin.assets.textures.face = Goblin.createFaceTexture();

This error originated in "src/tests/StressTest.test.js" test file. It doesn't mean the error was thrown inside the file itself, but while it was running.

竡ｯ竡ｯ竡ｯ竡ｯ Unhandled Rejection 竡ｯ竡ｯ竡ｯ竡ｯ竡ｯ
TypeError: Goblin.assets.geometries.facePlane.translate is not a function
 笶ｯ Function.initAssets src/Goblin.ts:116:44
    114|         // Faces
    115|         Goblin.assets.geometries.facePlane = new THREE.PlaneGeometry(0窶ｦ
    116|         Goblin.assets.geometries.facePlane.translate(0, 0, 0.102); // 窶ｦ
       |                                            ^
    117| 
    118|         Goblin.assets.textures.face = Goblin.createFaceTexture();

This error originated in "src/tests/StressTest.test.js" test file. It doesn't mean the error was thrown inside the file itself, but while it was running.

竡ｯ竡ｯ竡ｯ竡ｯ Unhandled Rejection 竡ｯ竡ｯ竡ｯ竡ｯ竡ｯ
TypeError: Goblin.assets.geometries.facePlane.translate is not a function
 笶ｯ Function.initAssets src/Goblin.ts:116:44
    114|         // Faces
    115|         Goblin.assets.geometries.facePlane = new THREE.PlaneGeometry(0窶ｦ
    116|         Goblin.assets.geometries.facePlane.translate(0, 0, 0.102); // 窶ｦ
       |                                            ^
    117| 
    118|         Goblin.assets.textures.face = Goblin.createFaceTexture();

This error originated in "src/tests/StressTest.test.js" test file. It doesn't mean the error was thrown inside the file itself, but while it was running.

竡ｯ竡ｯ竡ｯ竡ｯ Unhandled Rejection 竡ｯ竡ｯ竡ｯ竡ｯ竡ｯ
TypeError: Goblin.assets.geometries.facePlane.translate is not a function
 笶ｯ Function.initAssets src/Goblin.ts:116:44
    114|         // Faces
    115|         Goblin.assets.geometries.facePlane = new THREE.PlaneGeometry(0窶ｦ
    116|         Goblin.assets.geometries.facePlane.translate(0, 0, 0.102); // 窶ｦ
       |                                            ^
    117| 
    118|         Goblin.assets.textures.face = Goblin.createFaceTexture();

This error originated in "src/tests/StressTest.test.js" test file. It doesn't mean the error was thrown inside the file itself, but while it was running.

竡ｯ竡ｯ竡ｯ竡ｯ Unhandled Rejection 竡ｯ竡ｯ竡ｯ竡ｯ竡ｯ
TypeError: Goblin.assets.geometries.facePlane.translate is not a function
 笶ｯ Function.initAssets src/Goblin.ts:116:44
    114|         // Faces
    115|         Goblin.assets.geometries.facePlane = new THREE.PlaneGeometry(0窶ｦ
    116|         Goblin.assets.geometries.facePlane.translate(0, 0, 0.102); // 窶ｦ
       |                                            ^
    117| 
    118|         Goblin.assets.textures.face = Goblin.createFaceTexture();

This error originated in "src/tests/StressTest.test.js" test file. It doesn't mean the error was thrown inside the file itself, but while it was running.

竡ｯ竡ｯ竡ｯ竡ｯ Unhandled Rejection 竡ｯ竡ｯ竡ｯ竡ｯ竡ｯ
TypeError: Goblin.assets.geometries.facePlane.translate is not a function
 笶ｯ Function.initAssets src/Goblin.ts:116:44
    114|         // Faces
    115|         Goblin.assets.geometries.facePlane = new THREE.PlaneGeometry(0窶ｦ
    116|         Goblin.assets.geometries.facePlane.translate(0, 0, 0.102); // 窶ｦ
       |                                            ^
    117| 
    118|         Goblin.assets.textures.face = Goblin.createFaceTexture();

This error originated in "src/tests/StressTest.test.js" test file. It doesn't mean the error was thrown inside the file itself, but while it was running.

竡ｯ竡ｯ竡ｯ竡ｯ Unhandled Rejection 竡ｯ竡ｯ竡ｯ竡ｯ竡ｯ
TypeError: Goblin.assets.geometries.facePlane.translate is not a function
 笶ｯ Function.initAssets src/Goblin.ts:116:44
    114|         // Faces
    115|         Goblin.assets.geometries.facePlane = new THREE.PlaneGeometry(0窶ｦ
    116|         Goblin.assets.geometries.facePlane.translate(0, 0, 0.102); // 窶ｦ
       |                                            ^
    117| 
    118|         Goblin.assets.textures.face = Goblin.createFaceTexture();

This error originated in "src/tests/StressTest.test.js" test file. It doesn't mean the error was thrown inside the file itself, but while it was running.

竡ｯ竡ｯ竡ｯ竡ｯ Unhandled Rejection 竡ｯ竡ｯ竡ｯ竡ｯ竡ｯ
TypeError: Goblin.assets.geometries.facePlane.translate is not a function
 笶ｯ Function.initAssets src/Goblin.ts:116:44
    114|         // Faces
    115|         Goblin.assets.geometries.facePlane = new THREE.PlaneGeometry(0窶ｦ
    116|         Goblin.assets.geometries.facePlane.translate(0, 0, 0.102); // 窶ｦ
       |                                            ^
    117| 
    118|         Goblin.assets.textures.face = Goblin.createFaceTexture();

This error originated in "src/tests/StressTest.test.js" test file. It doesn't mean the error was thrown inside the file itself, but while it was running.

竡ｯ竡ｯ竡ｯ竡ｯ Unhandled Rejection 竡ｯ竡ｯ竡ｯ竡ｯ竡ｯ
TypeError: Goblin.assets.geometries.facePlane.translate is not a function
 笶ｯ Function.initAssets src/Goblin.ts:116:44
    114|         // Faces
    115|         Goblin.assets.geometries.facePlane = new THREE.PlaneGeometry(0窶ｦ
    116|         Goblin.assets.geometries.facePlane.translate(0, 0, 0.102); // 窶ｦ
       |                                            ^
    117| 
    118|         Goblin.assets.textures.face = Goblin.createFaceTexture();

This error originated in "src/tests/StressTest.test.js" test file. It doesn't mean the error was thrown inside the file itself, but while it was running.

竡ｯ竡ｯ竡ｯ竡ｯ Unhandled Rejection 竡ｯ竡ｯ竡ｯ竡ｯ竡ｯ
TypeError: Goblin.assets.geometries.facePlane.translate is not a function
 笶ｯ Function.initAssets src/Goblin.ts:116:44
    114|         // Faces
    115|         Goblin.assets.geometries.facePlane = new THREE.PlaneGeometry(0窶ｦ
    116|         Goblin.assets.geometries.facePlane.translate(0, 0, 0.102); // 窶ｦ
       |                                            ^
    117| 
    118|         Goblin.assets.textures.face = Goblin.createFaceTexture();

This error originated in "src/tests/StressTest.test.js" test file. It doesn't mean the error was thrown inside the file itself, but while it was running.

竡ｯ竡ｯ竡ｯ竡ｯ Unhandled Rejection 竡ｯ竡ｯ竡ｯ竡ｯ竡ｯ
TypeError: Goblin.assets.geometries.facePlane.translate is not a function
 笶ｯ Function.initAssets src/Goblin.ts:116:44
    114|         // Faces
    115|         Goblin.assets.geometries.facePlane = new THREE.PlaneGeometry(0窶ｦ
    116|         Goblin.assets.geometries.facePlane.translate(0, 0, 0.102); // 窶ｦ
       |                                            ^
    117| 
    118|         Goblin.assets.textures.face = Goblin.createFaceTexture();

This error originated in "src/tests/StressTest.test.js" test file. It doesn't mean the error was thrown inside the file itself, but while it was running.

竡ｯ竡ｯ竡ｯ竡ｯ Unhandled Rejection 竡ｯ竡ｯ竡ｯ竡ｯ竡ｯ
TypeError: Goblin.assets.geometries.facePlane.translate is not a function
 笶ｯ Function.initAssets src/Goblin.ts:116:44
    114|         // Faces
    115|         Goblin.assets.geometries.facePlane = new THREE.PlaneGeometry(0窶ｦ
    116|         Goblin.assets.geometries.facePlane.translate(0, 0, 0.102); // 窶ｦ
       |                                            ^
    117| 
    118|         Goblin.assets.textures.face = Goblin.createFaceTexture();

This error originated in "src/tests/StressTest.test.js" test file. It doesn't mean the error was thrown inside the file itself, but while it was running.

竡ｯ竡ｯ竡ｯ竡ｯ Unhandled Rejection 竡ｯ竡ｯ竡ｯ竡ｯ竡ｯ
TypeError: Goblin.assets.geometries.facePlane.translate is not a function
 笶ｯ Function.initAssets src/Goblin.ts:116:44
    114|         // Faces
    115|         Goblin.assets.geometries.facePlane = new THREE.PlaneGeometry(0窶ｦ
    116|         Goblin.assets.geometries.facePlane.translate(0, 0, 0.102); // 窶ｦ
       |                                            ^
    117| 
    118|         Goblin.assets.textures.face = Goblin.createFaceTexture();

This error originated in "src/tests/StressTest.test.js" test file. It doesn't mean the error was thrown inside the file itself, but while it was running.

竡ｯ竡ｯ竡ｯ竡ｯ Unhandled Rejection 竡ｯ竡ｯ竡ｯ竡ｯ竡ｯ
TypeError: Goblin.assets.geometries.facePlane.translate is not a function
 笶ｯ Function.initAssets src/Goblin.ts:116:44
    114|         // Faces
    115|         Goblin.assets.geometries.facePlane = new THREE.PlaneGeometry(0窶ｦ
    116|         Goblin.assets.geometries.facePlane.translate(0, 0, 0.102); // 窶ｦ
       |                                            ^
    117| 
    118|         Goblin.assets.textures.face = Goblin.createFaceTexture();

This error originated in "src/tests/StressTest.test.js" test file. It doesn't mean the error was thrown inside the file itself, but while it was running.

竡ｯ竡ｯ竡ｯ竡ｯ Unhandled Rejection 竡ｯ竡ｯ竡ｯ竡ｯ竡ｯ
TypeError: Goblin.assets.geometries.facePlane.translate is not a function
 笶ｯ Function.initAssets src/Goblin.ts:116:44
    114|         // Faces
    115|         Goblin.assets.geometries.facePlane = new THREE.PlaneGeometry(0窶ｦ
    116|         Goblin.assets.geometries.facePlane.translate(0, 0, 0.102); // 窶ｦ
       |                                            ^
    117| 
    118|         Goblin.assets.textures.face = Goblin.createFaceTexture();

This error originated in "src/tests/StressTest.test.js" test file. It doesn't mean the error was thrown inside the file itself, but while it was running.

竡ｯ竡ｯ竡ｯ竡ｯ Unhandled Rejection 竡ｯ竡ｯ竡ｯ竡ｯ竡ｯ
TypeError: Goblin.assets.geometries.facePlane.translate is not a function
 笶ｯ Function.initAssets src/Goblin.ts:116:44
    114|         // Faces
    115|         Goblin.assets.geometries.facePlane = new THREE.PlaneGeometry(0窶ｦ
    116|         Goblin.assets.geometries.facePlane.translate(0, 0, 0.102); // 窶ｦ
       |                                            ^
    117| 
    118|         Goblin.assets.textures.face = Goblin.createFaceTexture();

This error originated in "src/tests/StressTest.test.js" test file. It doesn't mean the error was thrown inside the file itself, but while it was running.

竡ｯ竡ｯ竡ｯ竡ｯ Unhandled Rejection 竡ｯ竡ｯ竡ｯ竡ｯ竡ｯ
TypeError: Goblin.assets.geometries.facePlane.translate is not a function
 笶ｯ Function.initAssets src/Goblin.ts:116:44
    114|         // Faces
    115|         Goblin.assets.geometries.facePlane = new THREE.PlaneGeometry(0窶ｦ
    116|         Goblin.assets.geometries.facePlane.translate(0, 0, 0.102); // 窶ｦ
       |                                            ^
    117| 
    118|         Goblin.assets.textures.face = Goblin.createFaceTexture();

This error originated in "src/tests/StressTest.test.js" test file. It doesn't mean the error was thrown inside the file itself, but while it was running.

竡ｯ竡ｯ竡ｯ竡ｯ Unhandled Rejection 竡ｯ竡ｯ竡ｯ竡ｯ竡ｯ
TypeError: Goblin.assets.geometries.facePlane.translate is not a function
 笶ｯ Function.initAssets src/Goblin.ts:116:44
    114|         // Faces
    115|         Goblin.assets.geometries.facePlane = new THREE.PlaneGeometry(0窶ｦ
    116|         Goblin.assets.geometries.facePlane.translate(0, 0, 0.102); // 窶ｦ
       |                                            ^
    117| 
    118|         Goblin.assets.textures.face = Goblin.createFaceTexture();

This error originated in "src/tests/StressTest.test.js" test file. It doesn't mean the error was thrown inside the file itself, but while it was running.

竡ｯ竡ｯ竡ｯ竡ｯ Unhandled Rejection 竡ｯ竡ｯ竡ｯ竡ｯ竡ｯ
TypeError: Goblin.assets.geometries.facePlane.translate is not a function
 笶ｯ Function.initAssets src/Goblin.ts:116:44
    114|         // Faces
    115|         Goblin.assets.geometries.facePlane = new THREE.PlaneGeometry(0窶ｦ
    116|         Goblin.assets.geometries.facePlane.translate(0, 0, 0.102); // 窶ｦ
       |                                            ^
    117| 
    118|         Goblin.assets.textures.face = Goblin.createFaceTexture();

This error originated in "src/tests/StressTest.test.js" test file. It doesn't mean the error was thrown inside the file itself, but while it was running.

竡ｯ竡ｯ竡ｯ竡ｯ Unhandled Rejection 竡ｯ竡ｯ竡ｯ竡ｯ竡ｯ
TypeError: Goblin.assets.geometries.facePlane.translate is not a function
 笶ｯ Function.initAssets src/Goblin.ts:116:44
    114|         // Faces
    115|         Goblin.assets.geometries.facePlane = new THREE.PlaneGeometry(0窶ｦ
    116|         Goblin.assets.geometries.facePlane.translate(0, 0, 0.102); // 窶ｦ
       |                                            ^
    117| 
    118|         Goblin.assets.textures.face = Goblin.createFaceTexture();

This error originated in "src/tests/StressTest.test.js" test file. It doesn't mean the error was thrown inside the file itself, but while it was running.

竡ｯ竡ｯ竡ｯ竡ｯ Unhandled Rejection 竡ｯ竡ｯ竡ｯ竡ｯ竡ｯ
TypeError: Goblin.assets.geometries.facePlane.translate is not a function
 笶ｯ Function.initAssets src/Goblin.ts:116:44
    114|         // Faces
    115|         Goblin.assets.geometries.facePlane = new THREE.PlaneGeometry(0窶ｦ
    116|         Goblin.assets.geometries.facePlane.translate(0, 0, 0.102); // 窶ｦ
       |                                            ^
    117| 
    118|         Goblin.assets.textures.face = Goblin.createFaceTexture();

This error originated in "src/tests/StressTest.test.js" test file. It doesn't mean the error was thrown inside the file itself, but while it was running.

竡ｯ竡ｯ竡ｯ竡ｯ Unhandled Rejection 竡ｯ竡ｯ竡ｯ竡ｯ竡ｯ
TypeError: Goblin.assets.geometries.facePlane.translate is not a function
 笶ｯ Function.initAssets src/Goblin.ts:116:44
    114|         // Faces
    115|         Goblin.assets.geometries.facePlane = new THREE.PlaneGeometry(0窶ｦ
    116|         Goblin.assets.geometries.facePlane.translate(0, 0, 0.102); // 窶ｦ
       |                                            ^
    117| 
    118|         Goblin.assets.textures.face = Goblin.createFaceTexture();

This error originated in "src/tests/StressTest.test.js" test file. It doesn't mean the error was thrown inside the file itself, but while it was running.

竡ｯ竡ｯ竡ｯ竡ｯ Unhandled Rejection 竡ｯ竡ｯ竡ｯ竡ｯ竡ｯ
TypeError: Goblin.assets.geometries.facePlane.translate is not a function
 笶ｯ Function.initAssets src/Goblin.ts:116:44
    114|         // Faces
    115|         Goblin.assets.geometries.facePlane = new THREE.PlaneGeometry(0窶ｦ
    116|         Goblin.assets.geometries.facePlane.translate(0, 0, 0.102); // 窶ｦ
       |                                            ^
    117| 
    118|         Goblin.assets.textures.face = Goblin.createFaceTexture();

This error originated in "src/tests/StressTest.test.js" test file. It doesn't mean the error was thrown inside the file itself, but while it was running.

竡ｯ竡ｯ竡ｯ竡ｯ Unhandled Rejection 竡ｯ竡ｯ竡ｯ竡ｯ竡ｯ
TypeError: Goblin.assets.geometries.facePlane.translate is not a function
 笶ｯ Function.initAssets src/Goblin.ts:116:44
    114|         // Faces
    115|         Goblin.assets.geometries.facePlane = new THREE.PlaneGeometry(0窶ｦ
    116|         Goblin.assets.geometries.facePlane.translate(0, 0, 0.102); // 窶ｦ
       |                                            ^
    117| 
    118|         Goblin.assets.textures.face = Goblin.createFaceTexture();

This error originated in "src/tests/StressTest.test.js" test file. It doesn't mean the error was thrown inside the file itself, but while it was running.

竡ｯ竡ｯ竡ｯ竡ｯ Unhandled Rejection 竡ｯ竡ｯ竡ｯ竡ｯ竡ｯ
TypeError: Goblin.assets.geometries.facePlane.translate is not a function
 笶ｯ Function.initAssets src/Goblin.ts:116:44
    114|         // Faces
    115|         Goblin.assets.geometries.facePlane = new THREE.PlaneGeometry(0窶ｦ
    116|         Goblin.assets.geometries.facePlane.translate(0, 0, 0.102); // 窶ｦ
       |                                            ^
    117| 
    118|         Goblin.assets.textures.face = Goblin.createFaceTexture();

This error originated in "src/tests/StressTest.test.js" test file. It doesn't mean the error was thrown inside the file itself, but while it was running.

竡ｯ竡ｯ竡ｯ竡ｯ Unhandled Rejection 竡ｯ竡ｯ竡ｯ竡ｯ竡ｯ
TypeError: Goblin.assets.geometries.facePlane.translate is not a function
 笶ｯ Function.initAssets src/Goblin.ts:116:44
    114|         // Faces
    115|         Goblin.assets.geometries.facePlane = new THREE.PlaneGeometry(0窶ｦ
    116|         Goblin.assets.geometries.facePlane.translate(0, 0, 0.102); // 窶ｦ
       |                                            ^
    117| 
    118|         Goblin.assets.textures.face = Goblin.createFaceTexture();

This error originated in "src/tests/StressTest.test.js" test file. It doesn't mean the error was thrown inside the file itself, but while it was running.

竡ｯ竡ｯ竡ｯ竡ｯ Unhandled Rejection 竡ｯ竡ｯ竡ｯ竡ｯ竡ｯ
TypeError: Goblin.assets.geometries.facePlane.translate is not a function
 笶ｯ Function.initAssets src/Goblin.ts:116:44
    114|         // Faces
    115|         Goblin.assets.geometries.facePlane = new THREE.PlaneGeometry(0窶ｦ
    116|         Goblin.assets.geometries.facePlane.translate(0, 0, 0.102); // 窶ｦ
       |                                            ^
    117| 
    118|         Goblin.assets.textures.face = Goblin.createFaceTexture();

This error originated in "src/tests/StressTest.test.js" test file. It doesn't mean the error was thrown inside the file itself, but while it was running.

竡ｯ竡ｯ竡ｯ竡ｯ Unhandled Rejection 竡ｯ竡ｯ竡ｯ竡ｯ竡ｯ
TypeError: Goblin.assets.geometries.facePlane.translate is not a function
 笶ｯ Function.initAssets src/Goblin.ts:116:44
    114|         // Faces
    115|         Goblin.assets.geometries.facePlane = new THREE.PlaneGeometry(0窶ｦ
    116|         Goblin.assets.geometries.facePlane.translate(0, 0, 0.102); // 窶ｦ
       |                                            ^
    117| 
    118|         Goblin.assets.textures.face = Goblin.createFaceTexture();

This error originated in "src/tests/StressTest.test.js" test file. It doesn't mean the error was thrown inside the file itself, but while it was running.

竡ｯ竡ｯ竡ｯ竡ｯ Unhandled Rejection 竡ｯ竡ｯ竡ｯ竡ｯ竡ｯ
TypeError: Goblin.assets.geometries.facePlane.translate is not a function
 笶ｯ Function.initAssets src/Goblin.ts:116:44
    114|         // Faces
    115|         Goblin.assets.geometries.facePlane = new THREE.PlaneGeometry(0窶ｦ
    116|         Goblin.assets.geometries.facePlane.translate(0, 0, 0.102); // 窶ｦ
       |                                            ^
    117| 
    118|         Goblin.assets.textures.face = Goblin.createFaceTexture();

This error originated in "src/tests/StressTest.test.js" test file. It doesn't mean the error was thrown inside the file itself, but while it was running.

竡ｯ竡ｯ竡ｯ竡ｯ Unhandled Rejection 竡ｯ竡ｯ竡ｯ竡ｯ竡ｯ
TypeError: Goblin.assets.geometries.facePlane.translate is not a function
 笶ｯ Function.initAssets src/Goblin.ts:116:44
    114|         // Faces
    115|         Goblin.assets.geometries.facePlane = new THREE.PlaneGeometry(0窶ｦ
    116|         Goblin.assets.geometries.facePlane.translate(0, 0, 0.102); // 窶ｦ
       |                                            ^
    117| 
    118|         Goblin.assets.textures.face = Goblin.createFaceTexture();

This error originated in "src/tests/StressTest.test.js" test file. It doesn't mean the error was thrown inside the file itself, but while it was running.

竡ｯ竡ｯ竡ｯ竡ｯ Unhandled Rejection 竡ｯ竡ｯ竡ｯ竡ｯ竡ｯ
TypeError: Goblin.assets.geometries.facePlane.translate is not a function
 笶ｯ Function.initAssets src/Goblin.ts:116:44
    114|         // Faces
    115|         Goblin.assets.geometries.facePlane = new THREE.PlaneGeometry(0窶ｦ
    116|         Goblin.assets.geometries.facePlane.translate(0, 0, 0.102); // 窶ｦ
       |                                            ^
    117| 
    118|         Goblin.assets.textures.face = Goblin.createFaceTexture();

This error originated in "src/tests/StressTest.test.js" test file. It doesn't mean the error was thrown inside the file itself, but while it was running.

竡ｯ竡ｯ竡ｯ竡ｯ Unhandled Rejection 竡ｯ竡ｯ竡ｯ竡ｯ竡ｯ
TypeError: Goblin.assets.geometries.facePlane.translate is not a function
 笶ｯ Function.initAssets src/Goblin.ts:116:44
    114|         // Faces
    115|         Goblin.assets.geometries.facePlane = new THREE.PlaneGeometry(0窶ｦ
    116|         Goblin.assets.geometries.facePlane.translate(0, 0, 0.102); // 窶ｦ
       |                                            ^
    117| 
    118|         Goblin.assets.textures.face = Goblin.createFaceTexture();

This error originated in "src/tests/StressTest.test.js" test file. It doesn't mean the error was thrown inside the file itself, but while it was running.

竡ｯ竡ｯ竡ｯ竡ｯ Unhandled Rejection 竡ｯ竡ｯ竡ｯ竡ｯ竡ｯ
TypeError: Goblin.assets.geometries.facePlane.translate is not a function
 笶ｯ Function.initAssets src/Goblin.ts:116:44
    114|         // Faces
    115|         Goblin.assets.geometries.facePlane = new THREE.PlaneGeometry(0窶ｦ
    116|         Goblin.assets.geometries.facePlane.translate(0, 0, 0.102); // 窶ｦ
       |                                            ^
    117| 
    118|         Goblin.assets.textures.face = Goblin.createFaceTexture();

This error originated in "src/tests/StressTest.test.js" test file. It doesn't mean the error was thrown inside the file itself, but while it was running.

竡ｯ竡ｯ竡ｯ竡ｯ Unhandled Rejection 竡ｯ竡ｯ竡ｯ竡ｯ竡ｯ
TypeError: Goblin.assets.geometries.facePlane.translate is not a function
 笶ｯ Function.initAssets src/Goblin.ts:116:44
    114|         // Faces
    115|         Goblin.assets.geometries.facePlane = new THREE.PlaneGeometry(0窶ｦ
    116|         Goblin.assets.geometries.facePlane.translate(0, 0, 0.102); // 窶ｦ
       |                                            ^
    117| 
    118|         Goblin.assets.textures.face = Goblin.createFaceTexture();

This error originated in "src/tests/StressTest.test.js" test file. It doesn't mean the error was thrown inside the file itself, but while it was running.

竡ｯ竡ｯ竡ｯ竡ｯ Unhandled Rejection 竡ｯ竡ｯ竡ｯ竡ｯ竡ｯ
TypeError: Goblin.assets.geometries.facePlane.translate is not a function
 笶ｯ Function.initAssets src/Goblin.ts:116:44
    114|         // Faces
    115|         Goblin.assets.geometries.facePlane = new THREE.PlaneGeometry(0窶ｦ
    116|         Goblin.assets.geometries.facePlane.translate(0, 0, 0.102); // 窶ｦ
       |                                            ^
    117| 
    118|         Goblin.assets.textures.face = Goblin.createFaceTexture();

This error originated in "src/tests/StressTest.test.js" test file. It doesn't mean the error was thrown inside the file itself, but while it was running.

竡ｯ竡ｯ竡ｯ竡ｯ Unhandled Rejection 竡ｯ竡ｯ竡ｯ竡ｯ竡ｯ
TypeError: Goblin.assets.geometries.facePlane.translate is not a function
 笶ｯ Function.initAssets src/Goblin.ts:116:44
    114|         // Faces
    115|         Goblin.assets.geometries.facePlane = new THREE.PlaneGeometry(0窶ｦ
    116|         Goblin.assets.geometries.facePlane.translate(0, 0, 0.102); // 窶ｦ
       |                                            ^
    117| 
    118|         Goblin.assets.textures.face = Goblin.createFaceTexture();

This error originated in "src/tests/StressTest.test.js" test file. It doesn't mean the error was thrown inside the file itself, but while it was running.

竡ｯ竡ｯ竡ｯ竡ｯ Unhandled Rejection 竡ｯ竡ｯ竡ｯ竡ｯ竡ｯ
TypeError: Goblin.assets.geometries.facePlane.translate is not a function
 笶ｯ Function.initAssets src/Goblin.ts:116:44
    114|         // Faces
    115|         Goblin.assets.geometries.facePlane = new THREE.PlaneGeometry(0窶ｦ
    116|         Goblin.assets.geometries.facePlane.translate(0, 0, 0.102); // 窶ｦ
       |                                            ^
    117| 
    118|         Goblin.assets.textures.face = Goblin.createFaceTexture();

This error originated in "src/tests/StressTest.test.js" test file. It doesn't mean the error was thrown inside the file itself, but while it was running.

竡ｯ竡ｯ竡ｯ竡ｯ Unhandled Rejection 竡ｯ竡ｯ竡ｯ竡ｯ竡ｯ
TypeError: Goblin.assets.geometries.facePlane.translate is not a function
 笶ｯ Function.initAssets src/Goblin.ts:116:44
    114|         // Faces
    115|         Goblin.assets.geometries.facePlane = new THREE.PlaneGeometry(0窶ｦ
    116|         Goblin.assets.geometries.facePlane.translate(0, 0, 0.102); // 窶ｦ
       |                                            ^
    117| 
    118|         Goblin.assets.textures.face = Goblin.createFaceTexture();

This error originated in "src/tests/StressTest.test.js" test file. It doesn't mean the error was thrown inside the file itself, but while it was running.

竡ｯ竡ｯ竡ｯ竡ｯ Unhandled Rejection 竡ｯ竡ｯ竡ｯ竡ｯ竡ｯ
TypeError: Goblin.assets.geometries.facePlane.translate is not a function
 笶ｯ Function.initAssets src/Goblin.ts:116:44
    114|         // Faces
    115|         Goblin.assets.geometries.facePlane = new THREE.PlaneGeometry(0窶ｦ
    116|         Goblin.assets.geometries.facePlane.translate(0, 0, 0.102); // 窶ｦ
       |                                            ^
    117| 
    118|         Goblin.assets.textures.face = Goblin.createFaceTexture();

This error originated in "src/tests/StressTest.test.js" test file. It doesn't mean the error was thrown inside the file itself, but while it was running.

竡ｯ竡ｯ竡ｯ竡ｯ Unhandled Rejection 竡ｯ竡ｯ竡ｯ竡ｯ竡ｯ
TypeError: Goblin.assets.geometries.facePlane.translate is not a function
 笶ｯ Function.initAssets src/Goblin.ts:116:44
    114|         // Faces
    115|         Goblin.assets.geometries.facePlane = new THREE.PlaneGeometry(0窶ｦ
    116|         Goblin.assets.geometries.facePlane.translate(0, 0, 0.102); // 窶ｦ
       |                                            ^
    117| 
    118|         Goblin.assets.textures.face = Goblin.createFaceTexture();

This error originated in "src/tests/StressTest.test.js" test file. It doesn't mean the error was thrown inside the file itself, but while it was running.

竡ｯ竡ｯ竡ｯ竡ｯ Unhandled Rejection 竡ｯ竡ｯ竡ｯ竡ｯ竡ｯ
TypeError: Goblin.assets.geometries.facePlane.translate is not a function
 笶ｯ Function.initAssets src/Goblin.ts:116:44
    114|         // Faces
    115|         Goblin.assets.geometries.facePlane = new THREE.PlaneGeometry(0窶ｦ
    116|         Goblin.assets.geometries.facePlane.translate(0, 0, 0.102); // 窶ｦ
       |                                            ^
    117| 
    118|         Goblin.assets.textures.face = Goblin.createFaceTexture();

This error originated in "src/tests/StressTest.test.js" test file. It doesn't mean the error was thrown inside the file itself, but while it was running.

竡ｯ竡ｯ竡ｯ竡ｯ Unhandled Rejection 竡ｯ竡ｯ竡ｯ竡ｯ竡ｯ
TypeError: Goblin.assets.geometries.facePlane.translate is not a function
 笶ｯ Function.initAssets src/Goblin.ts:116:44
    114|         // Faces
    115|         Goblin.assets.geometries.facePlane = new THREE.PlaneGeometry(0窶ｦ
    116|         Goblin.assets.geometries.facePlane.translate(0, 0, 0.102); // 窶ｦ
       |                                            ^
    117| 
    118|         Goblin.assets.textures.face = Goblin.createFaceTexture();

This error originated in "src/tests/StressTest.test.js" test file. It doesn't mean the error was thrown inside the file itself, but while it was running.

竡ｯ竡ｯ竡ｯ竡ｯ Unhandled Rejection 竡ｯ竡ｯ竡ｯ竡ｯ竡ｯ
TypeError: Goblin.assets.geometries.facePlane.translate is not a function
 笶ｯ Function.initAssets src/Goblin.ts:116:44
    114|         // Faces
    115|         Goblin.assets.geometries.facePlane = new THREE.PlaneGeometry(0窶ｦ
    116|         Goblin.assets.geometries.facePlane.translate(0, 0, 0.102); // 窶ｦ
       |                                            ^
    117| 
    118|         Goblin.assets.textures.face = Goblin.createFaceTexture();

This error originated in "src/tests/StressTest.test.js" test file. It doesn't mean the error was thrown inside the file itself, but while it was running.

竡ｯ竡ｯ竡ｯ竡ｯ Unhandled Rejection 竡ｯ竡ｯ竡ｯ竡ｯ竡ｯ
TypeError: Goblin.assets.geometries.facePlane.translate is not a function
 笶ｯ Function.initAssets src/Goblin.ts:116:44
    114|         // Faces
    115|         Goblin.assets.geometries.facePlane = new THREE.PlaneGeometry(0窶ｦ
    116|         Goblin.assets.geometries.facePlane.translate(0, 0, 0.102); // 窶ｦ
       |                                            ^
    117| 
    118|         Goblin.assets.textures.face = Goblin.createFaceTexture();

This error originated in "src/tests/StressTest.test.js" test file. It doesn't mean the error was thrown inside the file itself, but while it was running.

竡ｯ竡ｯ竡ｯ竡ｯ Unhandled Rejection 竡ｯ竡ｯ竡ｯ竡ｯ竡ｯ
TypeError: Goblin.assets.geometries.facePlane.translate is not a function
 笶ｯ Function.initAssets src/Goblin.ts:116:44
    114|         // Faces
    115|         Goblin.assets.geometries.facePlane = new THREE.PlaneGeometry(0窶ｦ
    116|         Goblin.assets.geometries.facePlane.translate(0, 0, 0.102); // 窶ｦ
       |                                            ^
    117| 
    118|         Goblin.assets.textures.face = Goblin.createFaceTexture();

This error originated in "src/tests/StressTest.test.js" test file. It doesn't mean the error was thrown inside the file itself, but while it was running.

竡ｯ竡ｯ竡ｯ竡ｯ Unhandled Rejection 竡ｯ竡ｯ竡ｯ竡ｯ竡ｯ
TypeError: Goblin.assets.geometries.facePlane.translate is not a function
 笶ｯ Function.initAssets src/Goblin.ts:116:44
    114|         // Faces
    115|         Goblin.assets.geometries.facePlane = new THREE.PlaneGeometry(0窶ｦ
    116|         Goblin.assets.geometries.facePlane.translate(0, 0, 0.102); // 窶ｦ
       |                                            ^
    117| 
    118|         Goblin.assets.textures.face = Goblin.createFaceTexture();

This error originated in "src/tests/StressTest.test.js" test file. It doesn't mean the error was thrown inside the file itself, but while it was running.

竡ｯ竡ｯ竡ｯ竡ｯ Unhandled Rejection 竡ｯ竡ｯ竡ｯ竡ｯ竡ｯ
TypeError: Goblin.assets.geometries.facePlane.translate is not a function
 笶ｯ Function.initAssets src/Goblin.ts:116:44
    114|         // Faces
    115|         Goblin.assets.geometries.facePlane = new THREE.PlaneGeometry(0窶ｦ
    116|         Goblin.assets.geometries.facePlane.translate(0, 0, 0.102); // 窶ｦ
       |                                            ^
    117| 
    118|         Goblin.assets.textures.face = Goblin.createFaceTexture();

This error originated in "src/tests/StressTest.test.js" test file. It doesn't mean the error was thrown inside the file itself, but while it was running.

竡ｯ竡ｯ竡ｯ竡ｯ Unhandled Rejection 竡ｯ竡ｯ竡ｯ竡ｯ竡ｯ
TypeError: Goblin.assets.geometries.facePlane.translate is not a function
 笶ｯ Function.initAssets src/Goblin.ts:116:44
    114|         // Faces
    115|         Goblin.assets.geometries.facePlane = new THREE.PlaneGeometry(0窶ｦ
    116|         Goblin.assets.geometries.facePlane.translate(0, 0, 0.102); // 窶ｦ
       |                                            ^
    117| 
    118|         Goblin.assets.textures.face = Goblin.createFaceTexture();

This error originated in "src/tests/StressTest.test.js" test file. It doesn't mean the error was thrown inside the file itself, but while it was running.

竡ｯ竡ｯ竡ｯ竡ｯ Unhandled Rejection 竡ｯ竡ｯ竡ｯ竡ｯ竡ｯ
TypeError: Goblin.assets.geometries.facePlane.translate is not a function
 笶ｯ Function.initAssets src/Goblin.ts:116:44
    114|         // Faces
    115|         Goblin.assets.geometries.facePlane = new THREE.PlaneGeometry(0窶ｦ
    116|         Goblin.assets.geometries.facePlane.translate(0, 0, 0.102); // 窶ｦ
       |                                            ^
    117| 
    118|         Goblin.assets.textures.face = Goblin.createFaceTexture();

This error originated in "src/tests/StressTest.test.js" test file. It doesn't mean the error was thrown inside the file itself, but while it was running.

竡ｯ竡ｯ竡ｯ竡ｯ Unhandled Rejection 竡ｯ竡ｯ竡ｯ竡ｯ竡ｯ
TypeError: Goblin.assets.geometries.facePlane.translate is not a function
 笶ｯ Function.initAssets src/Goblin.ts:116:44
    114|         // Faces
    115|         Goblin.assets.geometries.facePlane = new THREE.PlaneGeometry(0窶ｦ
    116|         Goblin.assets.geometries.facePlane.translate(0, 0, 0.102); // 窶ｦ
       |                                            ^
    117| 
    118|         Goblin.assets.textures.face = Goblin.createFaceTexture();

This error originated in "src/tests/StressTest.test.js" test file. It doesn't mean the error was thrown inside the file itself, but while it was running.

竡ｯ竡ｯ竡ｯ竡ｯ Unhandled Rejection 竡ｯ竡ｯ竡ｯ竡ｯ竡ｯ
TypeError: Goblin.assets.geometries.facePlane.translate is not a function
 笶ｯ Function.initAssets src/Goblin.ts:116:44
    114|         // Faces
    115|         Goblin.assets.geometries.facePlane = new THREE.PlaneGeometry(0窶ｦ
    116|         Goblin.assets.geometries.facePlane.translate(0, 0, 0.102); // 窶ｦ
       |                                            ^
    117| 
    118|         Goblin.assets.textures.face = Goblin.createFaceTexture();

This error originated in "src/tests/StressTest.test.js" test file. It doesn't mean the error was thrown inside the file itself, but while it was running.

竡ｯ竡ｯ竡ｯ竡ｯ Unhandled Rejection 竡ｯ竡ｯ竡ｯ竡ｯ竡ｯ
TypeError: Goblin.assets.geometries.facePlane.translate is not a function
 笶ｯ Function.initAssets src/Goblin.ts:116:44
    114|         // Faces
    115|         Goblin.assets.geometries.facePlane = new THREE.PlaneGeometry(0窶ｦ
    116|         Goblin.assets.geometries.facePlane.translate(0, 0, 0.102); // 窶ｦ
       |                                            ^
    117| 
    118|         Goblin.assets.textures.face = Goblin.createFaceTexture();

This error originated in "src/tests/StressTest.test.js" test file. It doesn't mean the error was thrown inside the file itself, but while it was running.

竡ｯ竡ｯ竡ｯ竡ｯ Unhandled Rejection 竡ｯ竡ｯ竡ｯ竡ｯ竡ｯ
TypeError: Goblin.assets.geometries.facePlane.translate is not a function
 笶ｯ Function.initAssets src/Goblin.ts:116:44
    114|         // Faces
    115|         Goblin.assets.geometries.facePlane = new THREE.PlaneGeometry(0窶ｦ
    116|         Goblin.assets.geometries.facePlane.translate(0, 0, 0.102); // 窶ｦ
       |                                            ^
    117| 
    118|         Goblin.assets.textures.face = Goblin.createFaceTexture();

This error originated in "src/tests/StressTest.test.js" test file. It doesn't mean the error was thrown inside the file itself, but while it was running.

竡ｯ竡ｯ竡ｯ竡ｯ Unhandled Rejection 竡ｯ竡ｯ竡ｯ竡ｯ竡ｯ
TypeError: Goblin.assets.geometries.facePlane.translate is not a function
 笶ｯ Function.initAssets src/Goblin.ts:116:44
    114|         // Faces
    115|         Goblin.assets.geometries.facePlane = new THREE.PlaneGeometry(0窶ｦ
    116|         Goblin.assets.geometries.facePlane.translate(0, 0, 0.102); // 窶ｦ
       |                                            ^
    117| 
    118|         Goblin.assets.textures.face = Goblin.createFaceTexture();

This error originated in "src/tests/StressTest.test.js" test file. It doesn't mean the error was thrown inside the file itself, but while it was running.

竡ｯ竡ｯ竡ｯ竡ｯ Unhandled Rejection 竡ｯ竡ｯ竡ｯ竡ｯ竡ｯ
TypeError: Goblin.assets.geometries.facePlane.translate is not a function
 笶ｯ Function.initAssets src/Goblin.ts:116:44
    114|         // Faces
    115|         Goblin.assets.geometries.facePlane = new THREE.PlaneGeometry(0窶ｦ
    116|         Goblin.assets.geometries.facePlane.translate(0, 0, 0.102); // 窶ｦ
       |                                            ^
    117| 
    118|         Goblin.assets.textures.face = Goblin.createFaceTexture();

This error originated in "src/tests/StressTest.test.js" test file. It doesn't mean the error was thrown inside the file itself, but while it was running.

竡ｯ竡ｯ竡ｯ竡ｯ Unhandled Rejection 竡ｯ竡ｯ竡ｯ竡ｯ竡ｯ
TypeError: Goblin.assets.geometries.facePlane.translate is not a function
 笶ｯ Function.initAssets src/Goblin.ts:116:44
    114|         // Faces
    115|         Goblin.assets.geometries.facePlane = new THREE.PlaneGeometry(0窶ｦ
    116|         Goblin.assets.geometries.facePlane.translate(0, 0, 0.102); // 窶ｦ
       |                                            ^
    117| 
    118|         Goblin.assets.textures.face = Goblin.createFaceTexture();

This error originated in "src/tests/StressTest.test.js" test file. It doesn't mean the error was thrown inside the file itself, but while it was running.

竡ｯ竡ｯ竡ｯ竡ｯ Unhandled Rejection 竡ｯ竡ｯ竡ｯ竡ｯ竡ｯ
TypeError: Goblin.assets.geometries.facePlane.translate is not a function
 笶ｯ Function.initAssets src/Goblin.ts:116:44
    114|         // Faces
    115|         Goblin.assets.geometries.facePlane = new THREE.PlaneGeometry(0窶ｦ
    116|         Goblin.assets.geometries.facePlane.translate(0, 0, 0.102); // 窶ｦ
       |                                            ^
    117| 
    118|         Goblin.assets.textures.face = Goblin.createFaceTexture();

This error originated in "src/tests/StressTest.test.js" test file. It doesn't mean the error was thrown inside the file itself, but while it was running.

竡ｯ竡ｯ竡ｯ竡ｯ Unhandled Rejection 竡ｯ竡ｯ竡ｯ竡ｯ竡ｯ
TypeError: Goblin.assets.geometries.facePlane.translate is not a function
 笶ｯ Function.initAssets src/Goblin.ts:116:44
    114|         // Faces
    115|         Goblin.assets.geometries.facePlane = new THREE.PlaneGeometry(0窶ｦ
    116|         Goblin.assets.geometries.facePlane.translate(0, 0, 0.102); // 窶ｦ
       |                                            ^
    117| 
    118|         Goblin.assets.textures.face = Goblin.createFaceTexture();

This error originated in "src/tests/StressTest.test.js" test file. It doesn't mean the error was thrown inside the file itself, but while it was running.

竡ｯ竡ｯ竡ｯ竡ｯ Unhandled Rejection 竡ｯ竡ｯ竡ｯ竡ｯ竡ｯ
TypeError: Goblin.assets.geometries.facePlane.translate is not a function
 笶ｯ Function.initAssets src/Goblin.ts:116:44
    114|         // Faces
    115|         Goblin.assets.geometries.facePlane = new THREE.PlaneGeometry(0窶ｦ
    116|         Goblin.assets.geometries.facePlane.translate(0, 0, 0.102); // 窶ｦ
       |                                            ^
    117| 
    118|         Goblin.assets.textures.face = Goblin.createFaceTexture();

This error originated in "src/tests/StressTest.test.js" test file. It doesn't mean the error was thrown inside the file itself, but while it was running.

竡ｯ竡ｯ竡ｯ竡ｯ Unhandled Rejection 竡ｯ竡ｯ竡ｯ竡ｯ竡ｯ
TypeError: Goblin.assets.geometries.facePlane.translate is not a function
 笶ｯ Function.initAssets src/Goblin.ts:116:44
    114|         // Faces
    115|         Goblin.assets.geometries.facePlane = new THREE.PlaneGeometry(0窶ｦ
    116|         Goblin.assets.geometries.facePlane.translate(0, 0, 0.102); // 窶ｦ
       |                                            ^
    117| 
    118|         Goblin.assets.textures.face = Goblin.createFaceTexture();

This error originated in "src/tests/StressTest.test.js" test file. It doesn't mean the error was thrown inside the file itself, but while it was running.

竡ｯ竡ｯ竡ｯ竡ｯ Unhandled Rejection 竡ｯ竡ｯ竡ｯ竡ｯ竡ｯ
TypeError: Goblin.assets.geometries.facePlane.translate is not a function
 笶ｯ Function.initAssets src/Goblin.ts:116:44
    114|         // Faces
    115|         Goblin.assets.geometries.facePlane = new THREE.PlaneGeometry(0窶ｦ
    116|         Goblin.assets.geometries.facePlane.translate(0, 0, 0.102); // 窶ｦ
       |                                            ^
    117| 
    118|         Goblin.assets.textures.face = Goblin.createFaceTexture();

This error originated in "src/tests/StressTest.test.js" test file. It doesn't mean the error was thrown inside the file itself, but while it was running.

竡ｯ竡ｯ竡ｯ竡ｯ Unhandled Rejection 竡ｯ竡ｯ竡ｯ竡ｯ竡ｯ
TypeError: Goblin.assets.geometries.facePlane.translate is not a function
 笶ｯ Function.initAssets src/Goblin.ts:116:44
    114|         // Faces
    115|         Goblin.assets.geometries.facePlane = new THREE.PlaneGeometry(0窶ｦ
    116|         Goblin.assets.geometries.facePlane.translate(0, 0, 0.102); // 窶ｦ
       |                                            ^
    117| 
    118|         Goblin.assets.textures.face = Goblin.createFaceTexture();

This error originated in "src/tests/StressTest.test.js" test file. It doesn't mean the error was thrown inside the file itself, but while it was running.

竡ｯ竡ｯ竡ｯ竡ｯ Unhandled Rejection 竡ｯ竡ｯ竡ｯ竡ｯ竡ｯ
TypeError: Goblin.assets.geometries.facePlane.translate is not a function
 笶ｯ Function.initAssets src/Goblin.ts:116:44
    114|         // Faces
    115|         Goblin.assets.geometries.facePlane = new THREE.PlaneGeometry(0窶ｦ
    116|         Goblin.assets.geometries.facePlane.translate(0, 0, 0.102); // 窶ｦ
       |                                            ^
    117| 
    118|         Goblin.assets.textures.face = Goblin.createFaceTexture();

This error originated in "src/tests/StressTest.test.js" test file. It doesn't mean the error was thrown inside the file itself, but while it was running.

竡ｯ竡ｯ竡ｯ竡ｯ Unhandled Rejection 竡ｯ竡ｯ竡ｯ竡ｯ竡ｯ
TypeError: Goblin.assets.geometries.facePlane.translate is not a function
 笶ｯ Function.initAssets src/Goblin.ts:116:44
    114|         // Faces
    115|         Goblin.assets.geometries.facePlane = new THREE.PlaneGeometry(0窶ｦ
    116|         Goblin.assets.geometries.facePlane.translate(0, 0, 0.102); // 窶ｦ
       |                                            ^
    117| 
    118|         Goblin.assets.textures.face = Goblin.createFaceTexture();

This error originated in "src/tests/StressTest.test.js" test file. It doesn't mean the error was thrown inside the file itself, but while it was running.

竡ｯ竡ｯ竡ｯ竡ｯ Unhandled Rejection 竡ｯ竡ｯ竡ｯ竡ｯ竡ｯ
TypeError: Goblin.assets.geometries.facePlane.translate is not a function
 笶ｯ Function.initAssets src/Goblin.ts:116:44
    114|         // Faces
    115|         Goblin.assets.geometries.facePlane = new THREE.PlaneGeometry(0窶ｦ
    116|         Goblin.assets.geometries.facePlane.translate(0, 0, 0.102); // 窶ｦ
       |                                            ^
    117| 
    118|         Goblin.assets.textures.face = Goblin.createFaceTexture();

This error originated in "src/tests/StressTest.test.js" test file. It doesn't mean the error was thrown inside the file itself, but while it was running.

竡ｯ竡ｯ竡ｯ竡ｯ Unhandled Rejection 竡ｯ竡ｯ竡ｯ竡ｯ竡ｯ
TypeError: Goblin.assets.geometries.facePlane.translate is not a function
 笶ｯ Function.initAssets src/Goblin.ts:116:44
    114|         // Faces
    115|         Goblin.assets.geometries.facePlane = new THREE.PlaneGeometry(0窶ｦ
    116|         Goblin.assets.geometries.facePlane.translate(0, 0, 0.102); // 窶ｦ
       |                                            ^
    117| 
    118|         Goblin.assets.textures.face = Goblin.createFaceTexture();

This error originated in "src/tests/StressTest.test.js" test file. It doesn't mean the error was thrown inside the file itself, but while it was running.

竡ｯ竡ｯ竡ｯ竡ｯ Unhandled Rejection 竡ｯ竡ｯ竡ｯ竡ｯ竡ｯ
TypeError: Goblin.assets.geometries.facePlane.translate is not a function
 笶ｯ Function.initAssets src/Goblin.ts:116:44
    114|         // Faces
    115|         Goblin.assets.geometries.facePlane = new THREE.PlaneGeometry(0窶ｦ
    116|         Goblin.assets.geometries.facePlane.translate(0, 0, 0.102); // 窶ｦ
       |                                            ^
    117| 
    118|         Goblin.assets.textures.face = Goblin.createFaceTexture();

This error originated in "src/tests/StressTest.test.js" test file. It doesn't mean the error was thrown inside the file itself, but while it was running.

竡ｯ竡ｯ竡ｯ竡ｯ Unhandled Rejection 竡ｯ竡ｯ竡ｯ竡ｯ竡ｯ
TypeError: Goblin.assets.geometries.facePlane.translate is not a function
 笶ｯ Function.initAssets src/Goblin.ts:116:44
    114|         // Faces
    115|         Goblin.assets.geometries.facePlane = new THREE.PlaneGeometry(0窶ｦ
    116|         Goblin.assets.geometries.facePlane.translate(0, 0, 0.102); // 窶ｦ
       |                                            ^
    117| 
    118|         Goblin.assets.textures.face = Goblin.createFaceTexture();

This error originated in "src/tests/StressTest.test.js" test file. It doesn't mean the error was thrown inside the file itself, but while it was running.

竡ｯ竡ｯ竡ｯ竡ｯ Unhandled Rejection 竡ｯ竡ｯ竡ｯ竡ｯ竡ｯ
TypeError: Goblin.assets.geometries.facePlane.translate is not a function
 笶ｯ Function.initAssets src/Goblin.ts:116:44
    114|         // Faces
    115|         Goblin.assets.geometries.facePlane = new THREE.PlaneGeometry(0窶ｦ
    116|         Goblin.assets.geometries.facePlane.translate(0, 0, 0.102); // 窶ｦ
       |                                            ^
    117| 
    118|         Goblin.assets.textures.face = Goblin.createFaceTexture();

This error originated in "src/tests/UnitStress.test.js" test file. It doesn't mean the error was thrown inside the file itself, but while it was running.
The latest test that might've caused the error is "should eventually reach target even with extreme congestion (low budget)". It might mean one of the following:
- The error was thrown, while Vitest was running this test.
- If the error occurred after the test had been completed, this was the last documented test before it was thrown.

竡ｯ竡ｯ竡ｯ竡ｯ Unhandled Rejection 竡ｯ竡ｯ竡ｯ竡ｯ竡ｯ
TypeError: Goblin.assets.geometries.facePlane.translate is not a function
 笶ｯ Function.initAssets src/Goblin.ts:116:44
    114|         // Faces
    115|         Goblin.assets.geometries.facePlane = new THREE.PlaneGeometry(0窶ｦ
    116|         Goblin.assets.geometries.facePlane.translate(0, 0, 0.102); // 窶ｦ
       |                                            ^
    117| 
    118|         Goblin.assets.textures.face = Goblin.createFaceTexture();

This error originated in "src/tests/UnitStress.test.js" test file. It doesn't mean the error was thrown inside the file itself, but while it was running.
The latest test that might've caused the error is "should eventually reach target even with extreme congestion (low budget)". It might mean one of the following:
- The error was thrown, while Vitest was running this test.
- If the error occurred after the test had been completed, this was the last documented test before it was thrown.

竡ｯ竡ｯ竡ｯ竡ｯ Unhandled Rejection 竡ｯ竡ｯ竡ｯ竡ｯ竡ｯ
TypeError: Goblin.assets.geometries.facePlane.translate is not a function
 笶ｯ Function.initAssets src/Goblin.ts:116:44
    114|         // Faces
    115|         Goblin.assets.geometries.facePlane = new THREE.PlaneGeometry(0窶ｦ
    116|         Goblin.assets.geometries.facePlane.translate(0, 0, 0.102); // 窶ｦ
       |                                            ^
    117| 
    118|         Goblin.assets.textures.face = Goblin.createFaceTexture();

This error originated in "src/tests/CombatBalance.test.js" test file. It doesn't mean the error was thrown inside the file itself, but while it was running.

竡ｯ竡ｯ竡ｯ竡ｯ Unhandled Rejection 竡ｯ竡ｯ竡ｯ竡ｯ竡ｯ
TypeError: Goblin.assets.geometries.facePlane.translate is not a function
 笶ｯ Function.initAssets src/Goblin.ts:116:44
    114|         // Faces
    115|         Goblin.assets.geometries.facePlane = new THREE.PlaneGeometry(0窶ｦ
    116|         Goblin.assets.geometries.facePlane.translate(0, 0, 0.102); // 窶ｦ
       |                                            ^
    117| 
    118|         Goblin.assets.textures.face = Goblin.createFaceTexture();

This error originated in "src/tests/CombatBalance.test.js" test file. It doesn't mean the error was thrown inside the file itself, but while it was running.

竡ｯ竡ｯ竡ｯ竡ｯ Unhandled Rejection 竡ｯ竡ｯ竡ｯ竡ｯ竡ｯ
TypeError: Goblin.assets.geometries.facePlane.translate is not a function
 笶ｯ Function.initAssets src/Goblin.ts:116:44
    114|         // Faces
    115|         Goblin.assets.geometries.facePlane = new THREE.PlaneGeometry(0窶ｦ
    116|         Goblin.assets.geometries.facePlane.translate(0, 0, 0.102); // 窶ｦ
       |                                            ^
    117| 
    118|         Goblin.assets.textures.face = Goblin.createFaceTexture();

This error originated in "src/tests/CombatBalance.test.js" test file. It doesn't mean the error was thrown inside the file itself, but while it was running.

竡ｯ竡ｯ竡ｯ竡ｯ Unhandled Rejection 竡ｯ竡ｯ竡ｯ竡ｯ竡ｯ
TypeError: Goblin.assets.geometries.facePlane.translate is not a function
 笶ｯ Function.initAssets src/Goblin.ts:116:44
    114|         // Faces
    115|         Goblin.assets.geometries.facePlane = new THREE.PlaneGeometry(0窶ｦ
    116|         Goblin.assets.geometries.facePlane.translate(0, 0, 0.102); // 窶ｦ
       |                                            ^
    117| 
    118|         Goblin.assets.textures.face = Goblin.createFaceTexture();

This error originated in "src/tests/CombatBalance.test.js" test file. It doesn't mean the error was thrown inside the file itself, but while it was running.

竡ｯ竡ｯ竡ｯ竡ｯ Unhandled Rejection 竡ｯ竡ｯ竡ｯ竡ｯ竡ｯ
TypeError: Goblin.assets.geometries.facePlane.translate is not a function
 笶ｯ Function.initAssets src/Goblin.ts:116:44
    114|         // Faces
    115|         Goblin.assets.geometries.facePlane = new THREE.PlaneGeometry(0窶ｦ
    116|         Goblin.assets.geometries.facePlane.translate(0, 0, 0.102); // 窶ｦ
       |                                            ^
    117| 
    118|         Goblin.assets.textures.face = Goblin.createFaceTexture();

This error originated in "src/tests/CombatBalance.test.js" test file. It doesn't mean the error was thrown inside the file itself, but while it was running.

竡ｯ竡ｯ竡ｯ竡ｯ Unhandled Rejection 竡ｯ竡ｯ竡ｯ竡ｯ竡ｯ
TypeError: Goblin.assets.geometries.facePlane.translate is not a function
 笶ｯ Function.initAssets src/Goblin.ts:116:44
    114|         // Faces
    115|         Goblin.assets.geometries.facePlane = new THREE.PlaneGeometry(0窶ｦ
    116|         Goblin.assets.geometries.facePlane.translate(0, 0, 0.102); // 窶ｦ
       |                                            ^
    117| 
    118|         Goblin.assets.textures.face = Goblin.createFaceTexture();

This error originated in "src/tests/CombatBalance.test.js" test file. It doesn't mean the error was thrown inside the file itself, but while it was running.

竡ｯ竡ｯ竡ｯ竡ｯ Unhandled Rejection 竡ｯ竡ｯ竡ｯ竡ｯ竡ｯ
TypeError: Goblin.assets.geometries.facePlane.translate is not a function
 笶ｯ Function.initAssets src/Goblin.ts:116:44
    114|         // Faces
    115|         Goblin.assets.geometries.facePlane = new THREE.PlaneGeometry(0窶ｦ
    116|         Goblin.assets.geometries.facePlane.translate(0, 0, 0.102); // 窶ｦ
       |                                            ^
    117| 
    118|         Goblin.assets.textures.face = Goblin.createFaceTexture();

This error originated in "src/tests/CombatBalance.test.js" test file. It doesn't mean the error was thrown inside the file itself, but while it was running.

竡ｯ竡ｯ竡ｯ竡ｯ Unhandled Rejection 竡ｯ竡ｯ竡ｯ竡ｯ竡ｯ
TypeError: Goblin.assets.geometries.facePlane.translate is not a function
 笶ｯ Function.initAssets src/Goblin.ts:116:44
    114|         // Faces
    115|         Goblin.assets.geometries.facePlane = new THREE.PlaneGeometry(0窶ｦ
    116|         Goblin.assets.geometries.facePlane.translate(0, 0, 0.102); // 窶ｦ
       |                                            ^
    117| 
    118|         Goblin.assets.textures.face = Goblin.createFaceTexture();

This error originated in "src/tests/CombatBalance.test.js" test file. It doesn't mean the error was thrown inside the file itself, but while it was running.

竡ｯ竡ｯ竡ｯ竡ｯ Unhandled Rejection 竡ｯ竡ｯ竡ｯ竡ｯ竡ｯ
TypeError: Goblin.assets.geometries.facePlane.translate is not a function
 笶ｯ Function.initAssets src/Goblin.ts:116:44
    114|         // Faces
    115|         Goblin.assets.geometries.facePlane = new THREE.PlaneGeometry(0窶ｦ
    116|         Goblin.assets.geometries.facePlane.translate(0, 0, 0.102); // 窶ｦ
       |                                            ^
    117| 
    118|         Goblin.assets.textures.face = Goblin.createFaceTexture();

This error originated in "src/tests/CombatBalance.test.js" test file. It doesn't mean the error was thrown inside the file itself, but while it was running.

竡ｯ竡ｯ竡ｯ竡ｯ Unhandled Rejection 竡ｯ竡ｯ竡ｯ竡ｯ竡ｯ
TypeError: Goblin.assets.geometries.facePlane.translate is not a function
 笶ｯ Function.initAssets src/Goblin.ts:116:44
    114|         // Faces
    115|         Goblin.assets.geometries.facePlane = new THREE.PlaneGeometry(0窶ｦ
    116|         Goblin.assets.geometries.facePlane.translate(0, 0, 0.102); // 窶ｦ
       |                                            ^
    117| 
    118|         Goblin.assets.textures.face = Goblin.createFaceTexture();

This error originated in "src/tests/CombatBalance.test.js" test file. It doesn't mean the error was thrown inside the file itself, but while it was running.

竡ｯ竡ｯ竡ｯ竡ｯ Unhandled Rejection 竡ｯ竡ｯ竡ｯ竡ｯ竡ｯ
TypeError: Goblin.assets.geometries.facePlane.translate is not a function
 笶ｯ Function.initAssets src/Goblin.ts:116:44
    114|         // Faces
    115|         Goblin.assets.geometries.facePlane = new THREE.PlaneGeometry(0窶ｦ
    116|         Goblin.assets.geometries.facePlane.translate(0, 0, 0.102); // 窶ｦ
       |                                            ^
    117| 
    118|         Goblin.assets.textures.face = Goblin.createFaceTexture();

This error originated in "src/tests/CombatBalance.test.js" test file. It doesn't mean the error was thrown inside the file itself, but while it was running.

竡ｯ竡ｯ竡ｯ竡ｯ Unhandled Rejection 竡ｯ竡ｯ竡ｯ竡ｯ竡ｯ
TypeError: Goblin.assets.geometries.facePlane.translate is not a function
 笶ｯ Function.initAssets src/Goblin.ts:116:44
    114|         // Faces
    115|         Goblin.assets.geometries.facePlane = new THREE.PlaneGeometry(0窶ｦ
    116|         Goblin.assets.geometries.facePlane.translate(0, 0, 0.102); // 窶ｦ
       |                                            ^
    117| 
    118|         Goblin.assets.textures.face = Goblin.createFaceTexture();

This error originated in "src/tests/CombatBalance.test.js" test file. It doesn't mean the error was thrown inside the file itself, but while it was running.

竡ｯ竡ｯ竡ｯ竡ｯ Unhandled Rejection 竡ｯ竡ｯ竡ｯ竡ｯ竡ｯ
TypeError: Goblin.assets.geometries.facePlane.translate is not a function
 笶ｯ Function.initAssets src/Goblin.ts:116:44
    114|         // Faces
    115|         Goblin.assets.geometries.facePlane = new THREE.PlaneGeometry(0窶ｦ
    116|         Goblin.assets.geometries.facePlane.translate(0, 0, 0.102); // 窶ｦ
       |                                            ^
    117| 
    118|         Goblin.assets.textures.face = Goblin.createFaceTexture();

This error originated in "src/tests/CombatBalance.test.js" test file. It doesn't mean the error was thrown inside the file itself, but while it was running.

竡ｯ竡ｯ竡ｯ竡ｯ Unhandled Rejection 竡ｯ竡ｯ竡ｯ竡ｯ竡ｯ
TypeError: Goblin.assets.geometries.facePlane.translate is not a function
 笶ｯ Function.initAssets src/Goblin.ts:116:44
    114|         // Faces
    115|         Goblin.assets.geometries.facePlane = new THREE.PlaneGeometry(0窶ｦ
    116|         Goblin.assets.geometries.facePlane.translate(0, 0, 0.102); // 窶ｦ
       |                                            ^
    117| 
    118|         Goblin.assets.textures.face = Goblin.createFaceTexture();

This error originated in "src/tests/CombatBalance.test.js" test file. It doesn't mean the error was thrown inside the file itself, but while it was running.

竡ｯ竡ｯ竡ｯ竡ｯ Unhandled Rejection 竡ｯ竡ｯ竡ｯ竡ｯ竡ｯ
TypeError: Goblin.assets.geometries.facePlane.translate is not a function
 笶ｯ Function.initAssets src/Goblin.ts:116:44
    114|         // Faces
    115|         Goblin.assets.geometries.facePlane = new THREE.PlaneGeometry(0窶ｦ
    116|         Goblin.assets.geometries.facePlane.translate(0, 0, 0.102); // 窶ｦ
       |                                            ^
    117| 
    118|         Goblin.assets.textures.face = Goblin.createFaceTexture();

This error originated in "src/tests/CombatBalance.test.js" test file. It doesn't mean the error was thrown inside the file itself, but while it was running.

竡ｯ竡ｯ竡ｯ竡ｯ Unhandled Rejection 竡ｯ竡ｯ竡ｯ竡ｯ竡ｯ
TypeError: Goblin.assets.geometries.facePlane.translate is not a function
 笶ｯ Function.initAssets src/Goblin.ts:116:44
    114|         // Faces
    115|         Goblin.assets.geometries.facePlane = new THREE.PlaneGeometry(0窶ｦ
    116|         Goblin.assets.geometries.facePlane.translate(0, 0, 0.102); // 窶ｦ
       |                                            ^
    117| 
    118|         Goblin.assets.textures.face = Goblin.createFaceTexture();

This error originated in "src/tests/CombatBalance.test.js" test file. It doesn't mean the error was thrown inside the file itself, but while it was running.

竡ｯ竡ｯ竡ｯ竡ｯ Unhandled Rejection 竡ｯ竡ｯ竡ｯ竡ｯ竡ｯ
TypeError: Goblin.assets.geometries.facePlane.translate is not a function
 笶ｯ Function.initAssets src/Goblin.ts:116:44
    114|         // Faces
    115|         Goblin.assets.geometries.facePlane = new THREE.PlaneGeometry(0窶ｦ
    116|         Goblin.assets.geometries.facePlane.translate(0, 0, 0.102); // 窶ｦ
       |                                            ^
    117| 
    118|         Goblin.assets.textures.face = Goblin.createFaceTexture();

This error originated in "src/tests/CombatBalance.test.js" test file. It doesn't mean the error was thrown inside the file itself, but while it was running.

竡ｯ竡ｯ竡ｯ竡ｯ Unhandled Rejection 竡ｯ竡ｯ竡ｯ竡ｯ竡ｯ
TypeError: Goblin.assets.geometries.facePlane.translate is not a function
 笶ｯ Function.initAssets src/Goblin.ts:116:44
    114|         // Faces
    115|         Goblin.assets.geometries.facePlane = new THREE.PlaneGeometry(0窶ｦ
    116|         Goblin.assets.geometries.facePlane.translate(0, 0, 0.102); // 窶ｦ
       |                                            ^
    117| 
    118|         Goblin.assets.textures.face = Goblin.createFaceTexture();

This error originated in "src/tests/CombatBalance.test.js" test file. It doesn't mean the error was thrown inside the file itself, but while it was running.

竡ｯ竡ｯ竡ｯ竡ｯ Unhandled Rejection 竡ｯ竡ｯ竡ｯ竡ｯ竡ｯ
TypeError: Goblin.assets.geometries.facePlane.translate is not a function
 笶ｯ Function.initAssets src/Goblin.ts:116:44
    114|         // Faces
    115|         Goblin.assets.geometries.facePlane = new THREE.PlaneGeometry(0窶ｦ
    116|         Goblin.assets.geometries.facePlane.translate(0, 0, 0.102); // 窶ｦ
       |                                            ^
    117| 
    118|         Goblin.assets.textures.face = Goblin.createFaceTexture();

This error originated in "src/tests/ComplexInteraction.test.js" test file. It doesn't mean the error was thrown inside the file itself, but while it was running.

竡ｯ竡ｯ竡ｯ竡ｯ Unhandled Rejection 竡ｯ竡ｯ竡ｯ竡ｯ竡ｯ
TypeError: Goblin.assets.geometries.facePlane.translate is not a function
 笶ｯ Function.initAssets src/Goblin.ts:116:44
    114|         // Faces
    115|         Goblin.assets.geometries.facePlane = new THREE.PlaneGeometry(0窶ｦ
    116|         Goblin.assets.geometries.facePlane.translate(0, 0, 0.102); // 窶ｦ
       |                                            ^
    117| 
    118|         Goblin.assets.textures.face = Goblin.createFaceTexture();

This error originated in "src/tests/ComplexInteraction.test.js" test file. It doesn't mean the error was thrown inside the file itself, but while it was running.

竡ｯ竡ｯ竡ｯ竡ｯ Unhandled Rejection 竡ｯ竡ｯ竡ｯ竡ｯ竡ｯ
TypeError: Goblin.assets.geometries.facePlane.translate is not a function
 笶ｯ Function.initAssets src/Goblin.ts:116:44
    114|         // Faces
    115|         Goblin.assets.geometries.facePlane = new THREE.PlaneGeometry(0窶ｦ
    116|         Goblin.assets.geometries.facePlane.translate(0, 0, 0.102); // 窶ｦ
       |                                            ^
    117| 
    118|         Goblin.assets.textures.face = Goblin.createFaceTexture();

This error originated in "src/tests/ComplexInteraction.test.js" test file. It doesn't mean the error was thrown inside the file itself, but while it was running.

竡ｯ竡ｯ竡ｯ竡ｯ Unhandled Rejection 竡ｯ竡ｯ竡ｯ竡ｯ竡ｯ
TypeError: Goblin.assets.geometries.facePlane.translate is not a function
 笶ｯ Function.initAssets src/Goblin.ts:116:44
    114|         // Faces
    115|         Goblin.assets.geometries.facePlane = new THREE.PlaneGeometry(0窶ｦ
    116|         Goblin.assets.geometries.facePlane.translate(0, 0, 0.102); // 窶ｦ
       |                                            ^
    117| 
    118|         Goblin.assets.textures.face = Goblin.createFaceTexture();

This error originated in "src/tests/SheepHuntingFix.test.js" test file. It doesn't mean the error was thrown inside the file itself, but while it was running.

竡ｯ竡ｯ竡ｯ竡ｯ Unhandled Rejection 竡ｯ竡ｯ竡ｯ竡ｯ竡ｯ
TypeError: Goblin.assets.geometries.facePlane.translate is not a function
 笶ｯ Function.initAssets src/Goblin.ts:116:44
    114|         // Faces
    115|         Goblin.assets.geometries.facePlane = new THREE.PlaneGeometry(0窶ｦ
    116|         Goblin.assets.geometries.facePlane.translate(0, 0, 0.102); // 窶ｦ
       |                                            ^
    117| 
    118|         Goblin.assets.textures.face = Goblin.createFaceTexture();

This error originated in "src/tests/SheepHuntingFix.test.js" test file. It doesn't mean the error was thrown inside the file itself, but while it was running.

竡ｯ竡ｯ竡ｯ竡ｯ Unhandled Rejection 竡ｯ竡ｯ竡ｯ竡ｯ竡ｯ
TypeError: Goblin.assets.geometries.facePlane.translate is not a function
 笶ｯ Function.initAssets src/Goblin.ts:116:44
    114|         // Faces
    115|         Goblin.assets.geometries.facePlane = new THREE.PlaneGeometry(0窶ｦ
    116|         Goblin.assets.geometries.facePlane.translate(0, 0, 0.102); // 窶ｦ
       |                                            ^
    117| 
    118|         Goblin.assets.textures.face = Goblin.createFaceTexture();

This error originated in "src/tests/SheepHuntingFix.test.js" test file. It doesn't mean the error was thrown inside the file itself, but while it was running.

竡ｯ竡ｯ竡ｯ竡ｯ Unhandled Rejection 竡ｯ竡ｯ竡ｯ竡ｯ竡ｯ
TypeError: Goblin.assets.geometries.facePlane.translate is not a function
 笶ｯ Function.initAssets src/Goblin.ts:116:44
    114|         // Faces
    115|         Goblin.assets.geometries.facePlane = new THREE.PlaneGeometry(0窶ｦ
    116|         Goblin.assets.geometries.facePlane.translate(0, 0, 0.102); // 窶ｦ
       |                                            ^
    117| 
    118|         Goblin.assets.textures.face = Goblin.createFaceTexture();

This error originated in "src/tests/LevelResourceReset.test.js" test file. It doesn't mean the error was thrown inside the file itself, but while it was running.

竡ｯ竡ｯ竡ｯ竡ｯ Unhandled Rejection 竡ｯ竡ｯ竡ｯ竡ｯ竡ｯ
TypeError: Goblin.assets.geometries.facePlane.translate is not a function
 笶ｯ Function.initAssets src/Goblin.ts:116:44
    114|         // Faces
    115|         Goblin.assets.geometries.facePlane = new THREE.PlaneGeometry(0窶ｦ
    116|         Goblin.assets.geometries.facePlane.translate(0, 0, 0.102); // 窶ｦ
       |                                            ^
    117| 
    118|         Goblin.assets.textures.face = Goblin.createFaceTexture();

This error originated in "src/tests/LevelResourceReset.test.js" test file. It doesn't mean the error was thrown inside the file itself, but while it was running.

竡ｯ竡ｯ竡ｯ竡ｯ Unhandled Rejection 竡ｯ竡ｯ竡ｯ竡ｯ竡ｯ
TypeError: Goblin.assets.geometries.facePlane.translate is not a function
 笶ｯ Function.initAssets src/Goblin.ts:116:44
    114|         // Faces
    115|         Goblin.assets.geometries.facePlane = new THREE.PlaneGeometry(0窶ｦ
    116|         Goblin.assets.geometries.facePlane.translate(0, 0, 0.102); // 窶ｦ
       |                                            ^
    117| 
    118|         Goblin.assets.textures.face = Goblin.createFaceTexture();

This error originated in "src/tests/GroupCombat.test.js" test file. It doesn't mean the error was thrown inside the file itself, but while it was running.

竡ｯ竡ｯ竡ｯ竡ｯ Unhandled Rejection 竡ｯ竡ｯ竡ｯ竡ｯ竡ｯ
TypeError: Goblin.assets.geometries.facePlane.translate is not a function
 笶ｯ Function.initAssets src/Goblin.ts:116:44
    114|         // Faces
    115|         Goblin.assets.geometries.facePlane = new THREE.PlaneGeometry(0窶ｦ
    116|         Goblin.assets.geometries.facePlane.translate(0, 0, 0.102); // 窶ｦ
       |                                            ^
    117| 
    118|         Goblin.assets.textures.face = Goblin.createFaceTexture();

This error originated in "src/tests/GroupCombat.test.js" test file. It doesn't mean the error was thrown inside the file itself, but while it was running.

竡ｯ竡ｯ竡ｯ竡ｯ Unhandled Rejection 竡ｯ竡ｯ竡ｯ竡ｯ竡ｯ
TypeError: Goblin.assets.geometries.facePlane.translate is not a function
 笶ｯ Function.initAssets src/Goblin.ts:116:44
    114|         // Faces
    115|         Goblin.assets.geometries.facePlane = new THREE.PlaneGeometry(0窶ｦ
    116|         Goblin.assets.geometries.facePlane.translate(0, 0, 0.102); // 窶ｦ
       |                                            ^
    117| 
    118|         Goblin.assets.textures.face = Goblin.createFaceTexture();

This error originated in "src/tests/GroupCombat.test.js" test file. It doesn't mean the error was thrown inside the file itself, but while it was running.

竡ｯ竡ｯ竡ｯ竡ｯ Unhandled Rejection 竡ｯ竡ｯ竡ｯ竡ｯ竡ｯ
TypeError: Goblin.assets.geometries.facePlane.translate is not a function
 笶ｯ Function.initAssets src/Goblin.ts:116:44
    114|         // Faces
    115|         Goblin.assets.geometries.facePlane = new THREE.PlaneGeometry(0窶ｦ
    116|         Goblin.assets.geometries.facePlane.translate(0, 0, 0.102); // 窶ｦ
       |                                            ^
    117| 
    118|         Goblin.assets.textures.face = Goblin.createFaceTexture();

This error originated in "src/tests/GroupCombat.test.js" test file. It doesn't mean the error was thrown inside the file itself, but while it was running.

竡ｯ竡ｯ竡ｯ竡ｯ Unhandled Rejection 竡ｯ竡ｯ竡ｯ竡ｯ竡ｯ
TypeError: Goblin.assets.geometries.facePlane.translate is not a function
 笶ｯ Function.initAssets src/Goblin.ts:116:44
    114|         // Faces
    115|         Goblin.assets.geometries.facePlane = new THREE.PlaneGeometry(0窶ｦ
    116|         Goblin.assets.geometries.facePlane.translate(0, 0, 0.102); // 窶ｦ
       |                                            ^
    117| 
    118|         Goblin.assets.textures.face = Goblin.createFaceTexture();

This error originated in "src/tests/GroupCombat.test.js" test file. It doesn't mean the error was thrown inside the file itself, but while it was running.

竡ｯ竡ｯ竡ｯ竡ｯ Unhandled Rejection 竡ｯ竡ｯ竡ｯ竡ｯ竡ｯ
TypeError: Goblin.assets.geometries.facePlane.translate is not a function
 笶ｯ Function.initAssets src/Goblin.ts:116:44
    114|         // Faces
    115|         Goblin.assets.geometries.facePlane = new THREE.PlaneGeometry(0窶ｦ
    116|         Goblin.assets.geometries.facePlane.translate(0, 0, 0.102); // 窶ｦ
       |                                            ^
    117| 
    118|         Goblin.assets.textures.face = Goblin.createFaceTexture();

This error originated in "src/tests/GroupCombat.test.js" test file. It doesn't mean the error was thrown inside the file itself, but while it was running.

竡ｯ竡ｯ竡ｯ竡ｯ Unhandled Rejection 竡ｯ竡ｯ竡ｯ竡ｯ竡ｯ
TypeError: Goblin.assets.geometries.facePlane.translate is not a function
 笶ｯ Function.initAssets src/Goblin.ts:116:44
    114|         // Faces
    115|         Goblin.assets.geometries.facePlane = new THREE.PlaneGeometry(0窶ｦ
    116|         Goblin.assets.geometries.facePlane.translate(0, 0, 0.102); // 窶ｦ
       |                                            ^
    117| 
    118|         Goblin.assets.textures.face = Goblin.createFaceTexture();

This error originated in "src/tests/GroupCombat.test.js" test file. It doesn't mean the error was thrown inside the file itself, but while it was running.

竡ｯ竡ｯ竡ｯ竡ｯ Unhandled Rejection 竡ｯ竡ｯ竡ｯ竡ｯ竡ｯ
TypeError: Goblin.assets.geometries.facePlane.translate is not a function
 笶ｯ Function.initAssets src/Goblin.ts:116:44
    114|         // Faces
    115|         Goblin.assets.geometries.facePlane = new THREE.PlaneGeometry(0窶ｦ
    116|         Goblin.assets.geometries.facePlane.translate(0, 0, 0.102); // 窶ｦ
       |                                            ^
    117| 
    118|         Goblin.assets.textures.face = Goblin.createFaceTexture();

This error originated in "src/tests/GroupCombat.test.js" test file. It doesn't mean the error was thrown inside the file itself, but while it was running.

竡ｯ竡ｯ竡ｯ竡ｯ Unhandled Rejection 竡ｯ竡ｯ竡ｯ竡ｯ竡ｯ
TypeError: Goblin.assets.geometries.facePlane.translate is not a function
 笶ｯ Function.initAssets src/Goblin.ts:116:44
    114|         // Faces
    115|         Goblin.assets.geometries.facePlane = new THREE.PlaneGeometry(0窶ｦ
    116|         Goblin.assets.geometries.facePlane.translate(0, 0, 0.102); // 窶ｦ
       |                                            ^
    117| 
    118|         Goblin.assets.textures.face = Goblin.createFaceTexture();

This error originated in "src/tests/GroupCombat.test.js" test file. It doesn't mean the error was thrown inside the file itself, but while it was running.

竡ｯ竡ｯ竡ｯ竡ｯ Unhandled Rejection 竡ｯ竡ｯ竡ｯ竡ｯ竡ｯ
TypeError: Goblin.assets.geometries.facePlane.translate is not a function
 笶ｯ Function.initAssets src/Goblin.ts:116:44
    114|         // Faces
    115|         Goblin.assets.geometries.facePlane = new THREE.PlaneGeometry(0窶ｦ
    116|         Goblin.assets.geometries.facePlane.translate(0, 0, 0.102); // 窶ｦ
       |                                            ^
    117| 
    118|         Goblin.assets.textures.face = Goblin.createFaceTexture();

This error originated in "src/tests/GroupCombat.test.js" test file. It doesn't mean the error was thrown inside the file itself, but while it was running.

竡ｯ竡ｯ竡ｯ竡ｯ Unhandled Rejection 竡ｯ竡ｯ竡ｯ竡ｯ竡ｯ
TypeError: Goblin.assets.geometries.facePlane.translate is not a function
 笶ｯ Function.initAssets src/Goblin.ts:116:44
    114|         // Faces
    115|         Goblin.assets.geometries.facePlane = new THREE.PlaneGeometry(0窶ｦ
    116|         Goblin.assets.geometries.facePlane.translate(0, 0, 0.102); // 窶ｦ
       |                                            ^
    117| 
    118|         Goblin.assets.textures.face = Goblin.createFaceTexture();

This error originated in "src/tests/GroupCombat.test.js" test file. It doesn't mean the error was thrown inside the file itself, but while it was running.

竡ｯ竡ｯ竡ｯ竡ｯ Unhandled Rejection 竡ｯ竡ｯ竡ｯ竡ｯ竡ｯ
TypeError: Goblin.assets.geometries.facePlane.translate is not a function
 笶ｯ Function.initAssets src/Goblin.ts:116:44
    114|         // Faces
    115|         Goblin.assets.geometries.facePlane = new THREE.PlaneGeometry(0窶ｦ
    116|         Goblin.assets.geometries.facePlane.translate(0, 0, 0.102); // 窶ｦ
       |                                            ^
    117| 
    118|         Goblin.assets.textures.face = Goblin.createFaceTexture();

This error originated in "src/tests/GroupCombat.test.js" test file. It doesn't mean the error was thrown inside the file itself, but while it was running.

竡ｯ竡ｯ竡ｯ竡ｯ Unhandled Rejection 竡ｯ竡ｯ竡ｯ竡ｯ竡ｯ
TypeError: Goblin.assets.geometries.facePlane.translate is not a function
 笶ｯ Function.initAssets src/Goblin.ts:116:44
    114|         // Faces
    115|         Goblin.assets.geometries.facePlane = new THREE.PlaneGeometry(0窶ｦ
    116|         Goblin.assets.geometries.facePlane.translate(0, 0, 0.102); // 窶ｦ
       |                                            ^
    117| 
    118|         Goblin.assets.textures.face = Goblin.createFaceTexture();

This error originated in "src/tests/GroupCombat.test.js" test file. It doesn't mean the error was thrown inside the file itself, but while it was running.

竡ｯ竡ｯ竡ｯ竡ｯ Unhandled Rejection 竡ｯ竡ｯ竡ｯ竡ｯ竡ｯ
TypeError: Goblin.assets.geometries.facePlane.translate is not a function
 笶ｯ Function.initAssets src/Goblin.ts:116:44
    114|         // Faces
    115|         Goblin.assets.geometries.facePlane = new THREE.PlaneGeometry(0窶ｦ
    116|         Goblin.assets.geometries.facePlane.translate(0, 0, 0.102); // 窶ｦ
       |                                            ^
    117| 
    118|         Goblin.assets.textures.face = Goblin.createFaceTexture();

This error originated in "src/tests/GroupCombat.test.js" test file. It doesn't mean the error was thrown inside the file itself, but while it was running.

竡ｯ竡ｯ竡ｯ竡ｯ Unhandled Rejection 竡ｯ竡ｯ竡ｯ竡ｯ竡ｯ
TypeError: Goblin.assets.geometries.facePlane.translate is not a function
 笶ｯ Function.initAssets src/Goblin.ts:116:44
    114|         // Faces
    115|         Goblin.assets.geometries.facePlane = new THREE.PlaneGeometry(0窶ｦ
    116|         Goblin.assets.geometries.facePlane.translate(0, 0, 0.102); // 窶ｦ
       |                                            ^
    117| 
    118|         Goblin.assets.textures.face = Goblin.createFaceTexture();

This error originated in "src/tests/GroupCombat.test.js" test file. It doesn't mean the error was thrown inside the file itself, but while it was running.

竡ｯ竡ｯ竡ｯ竡ｯ Unhandled Rejection 竡ｯ竡ｯ竡ｯ竡ｯ竡ｯ
TypeError: Goblin.assets.geometries.facePlane.translate is not a function
 笶ｯ Function.initAssets src/Goblin.ts:116:44
    114|         // Faces
    115|         Goblin.assets.geometries.facePlane = new THREE.PlaneGeometry(0窶ｦ
    116|         Goblin.assets.geometries.facePlane.translate(0, 0, 0.102); // 窶ｦ
       |                                            ^
    117| 
    118|         Goblin.assets.textures.face = Goblin.createFaceTexture();

This error originated in "src/tests/GroupCombat.test.js" test file. It doesn't mean the error was thrown inside the file itself, but while it was running.

竡ｯ竡ｯ竡ｯ竡ｯ Unhandled Rejection 竡ｯ竡ｯ竡ｯ竡ｯ竡ｯ
TypeError: Goblin.assets.geometries.facePlane.translate is not a function
 笶ｯ Function.initAssets src/Goblin.ts:116:44
    114|         // Faces
    115|         Goblin.assets.geometries.facePlane = new THREE.PlaneGeometry(0窶ｦ
    116|         Goblin.assets.geometries.facePlane.translate(0, 0, 0.102); // 窶ｦ
       |                                            ^
    117| 
    118|         Goblin.assets.textures.face = Goblin.createFaceTexture();

This error originated in "src/tests/GroupCombat.test.js" test file. It doesn't mean the error was thrown inside the file itself, but while it was running.

竡ｯ竡ｯ竡ｯ竡ｯ Unhandled Rejection 竡ｯ竡ｯ竡ｯ竡ｯ竡ｯ
TypeError: Goblin.assets.geometries.facePlane.translate is not a function
 笶ｯ Function.initAssets src/Goblin.ts:116:44
    114|         // Faces
    115|         Goblin.assets.geometries.facePlane = new THREE.PlaneGeometry(0窶ｦ
    116|         Goblin.assets.geometries.facePlane.translate(0, 0, 0.102); // 窶ｦ
       |                                            ^
    117| 
    118|         Goblin.assets.textures.face = Goblin.createFaceTexture();

This error originated in "src/tests/GroupCombat.test.js" test file. It doesn't mean the error was thrown inside the file itself, but while it was running.

竡ｯ竡ｯ竡ｯ竡ｯ Unhandled Rejection 竡ｯ竡ｯ竡ｯ竡ｯ竡ｯ
TypeError: Goblin.assets.geometries.facePlane.translate is not a function
 笶ｯ Function.initAssets src/Goblin.ts:116:44
    114|         // Faces
    115|         Goblin.assets.geometries.facePlane = new THREE.PlaneGeometry(0窶ｦ
    116|         Goblin.assets.geometries.facePlane.translate(0, 0, 0.102); // 窶ｦ
       |                                            ^
    117| 
    118|         Goblin.assets.textures.face = Goblin.createFaceTexture();

This error originated in "src/tests/GroupCombat.test.js" test file. It doesn't mean the error was thrown inside the file itself, but while it was running.

竡ｯ竡ｯ竡ｯ竡ｯ Unhandled Rejection 竡ｯ竡ｯ竡ｯ竡ｯ竡ｯ
TypeError: Goblin.assets.geometries.facePlane.translate is not a function
 笶ｯ Function.initAssets src/Goblin.ts:116:44
    114|         // Faces
    115|         Goblin.assets.geometries.facePlane = new THREE.PlaneGeometry(0窶ｦ
    116|         Goblin.assets.geometries.facePlane.translate(0, 0, 0.102); // 窶ｦ
       |                                            ^
    117| 
    118|         Goblin.assets.textures.face = Goblin.createFaceTexture();

This error originated in "src/tests/GroupCombat.test.js" test file. It doesn't mean the error was thrown inside the file itself, but while it was running.

竡ｯ竡ｯ竡ｯ竡ｯ Unhandled Rejection 竡ｯ竡ｯ竡ｯ竡ｯ竡ｯ
TypeError: Goblin.assets.geometries.facePlane.translate is not a function
 笶ｯ Function.initAssets src/Goblin.ts:116:44
    114|         // Faces
    115|         Goblin.assets.geometries.facePlane = new THREE.PlaneGeometry(0窶ｦ
    116|         Goblin.assets.geometries.facePlane.translate(0, 0, 0.102); // 窶ｦ
       |                                            ^
    117| 
    118|         Goblin.assets.textures.face = Goblin.createFaceTexture();

This error originated in "src/tests/GroupCombat.test.js" test file. It doesn't mean the error was thrown inside the file itself, but while it was running.

竡ｯ竡ｯ竡ｯ竡ｯ Unhandled Rejection 竡ｯ竡ｯ竡ｯ竡ｯ竡ｯ
TypeError: Goblin.assets.geometries.facePlane.translate is not a function
 笶ｯ Function.initAssets src/Goblin.ts:116:44
    114|         // Faces
    115|         Goblin.assets.geometries.facePlane = new THREE.PlaneGeometry(0窶ｦ
    116|         Goblin.assets.geometries.facePlane.translate(0, 0, 0.102); // 窶ｦ
       |                                            ^
    117| 
    118|         Goblin.assets.textures.face = Goblin.createFaceTexture();

This error originated in "src/tests/GroupCombat.test.js" test file. It doesn't mean the error was thrown inside the file itself, but while it was running.

竡ｯ竡ｯ竡ｯ竡ｯ Unhandled Rejection 竡ｯ竡ｯ竡ｯ竡ｯ竡ｯ
TypeError: Goblin.assets.geometries.facePlane.translate is not a function
 笶ｯ Function.initAssets src/Goblin.ts:116:44
    114|         // Faces
    115|         Goblin.assets.geometries.facePlane = new THREE.PlaneGeometry(0窶ｦ
    116|         Goblin.assets.geometries.facePlane.translate(0, 0, 0.102); // 窶ｦ
       |                                            ^
    117| 
    118|         Goblin.assets.textures.face = Goblin.createFaceTexture();

This error originated in "src/tests/GroupCombat.test.js" test file. It doesn't mean the error was thrown inside the file itself, but while it was running.

竡ｯ竡ｯ竡ｯ竡ｯ Unhandled Rejection 竡ｯ竡ｯ竡ｯ竡ｯ竡ｯ
TypeError: Goblin.assets.geometries.facePlane.translate is not a function
 笶ｯ Function.initAssets src/Goblin.ts:116:44
    114|         // Faces
    115|         Goblin.assets.geometries.facePlane = new THREE.PlaneGeometry(0窶ｦ
    116|         Goblin.assets.geometries.facePlane.translate(0, 0, 0.102); // 窶ｦ
       |                                            ^
    117| 
    118|         Goblin.assets.textures.face = Goblin.createFaceTexture();

This error originated in "src/tests/GroupCombat.test.js" test file. It doesn't mean the error was thrown inside the file itself, but while it was running.

竡ｯ竡ｯ竡ｯ竡ｯ Unhandled Rejection 竡ｯ竡ｯ竡ｯ竡ｯ竡ｯ
TypeError: Goblin.assets.geometries.facePlane.translate is not a function
 笶ｯ Function.initAssets src/Goblin.ts:116:44
    114|         // Faces
    115|         Goblin.assets.geometries.facePlane = new THREE.PlaneGeometry(0窶ｦ
    116|         Goblin.assets.geometries.facePlane.translate(0, 0, 0.102); // 窶ｦ
       |                                            ^
    117| 
    118|         Goblin.assets.textures.face = Goblin.createFaceTexture();

This error originated in "src/tests/GroupCombat.test.js" test file. It doesn't mean the error was thrown inside the file itself, but while it was running.

竡ｯ竡ｯ竡ｯ竡ｯ Unhandled Rejection 竡ｯ竡ｯ竡ｯ竡ｯ竡ｯ
TypeError: Goblin.assets.geometries.facePlane.translate is not a function
 笶ｯ Function.initAssets src/Goblin.ts:116:44
    114|         // Faces
    115|         Goblin.assets.geometries.facePlane = new THREE.PlaneGeometry(0窶ｦ
    116|         Goblin.assets.geometries.facePlane.translate(0, 0, 0.102); // 窶ｦ
       |                                            ^
    117| 
    118|         Goblin.assets.textures.face = Goblin.createFaceTexture();

This error originated in "src/tests/GroupCombat.test.js" test file. It doesn't mean the error was thrown inside the file itself, but while it was running.

竡ｯ竡ｯ竡ｯ竡ｯ Unhandled Rejection 竡ｯ竡ｯ竡ｯ竡ｯ竡ｯ
TypeError: Goblin.assets.geometries.facePlane.translate is not a function
 笶ｯ Function.initAssets src/Goblin.ts:116:44
    114|         // Faces
    115|         Goblin.assets.geometries.facePlane = new THREE.PlaneGeometry(0窶ｦ
    116|         Goblin.assets.geometries.facePlane.translate(0, 0, 0.102); // 窶ｦ
       |                                            ^
    117| 
    118|         Goblin.assets.textures.face = Goblin.createFaceTexture();

This error originated in "src/tests/GroupCombat.test.js" test file. It doesn't mean the error was thrown inside the file itself, but while it was running.

竡ｯ竡ｯ竡ｯ竡ｯ Unhandled Rejection 竡ｯ竡ｯ竡ｯ竡ｯ竡ｯ
TypeError: Goblin.assets.geometries.facePlane.translate is not a function
 笶ｯ Function.initAssets src/Goblin.ts:116:44
    114|         // Faces
    115|         Goblin.assets.geometries.facePlane = new THREE.PlaneGeometry(0窶ｦ
    116|         Goblin.assets.geometries.facePlane.translate(0, 0, 0.102); // 窶ｦ
       |                                            ^
    117| 
    118|         Goblin.assets.textures.face = Goblin.createFaceTexture();

This error originated in "src/tests/GroupCombat.test.js" test file. It doesn't mean the error was thrown inside the file itself, but while it was running.

竡ｯ竡ｯ竡ｯ竡ｯ Unhandled Rejection 竡ｯ竡ｯ竡ｯ竡ｯ竡ｯ
TypeError: Goblin.assets.geometries.facePlane.translate is not a function
 笶ｯ Function.initAssets src/Goblin.ts:116:44
    114|         // Faces
    115|         Goblin.assets.geometries.facePlane = new THREE.PlaneGeometry(0窶ｦ
    116|         Goblin.assets.geometries.facePlane.translate(0, 0, 0.102); // 窶ｦ
       |                                            ^
    117| 
    118|         Goblin.assets.textures.face = Goblin.createFaceTexture();

This error originated in "src/tests/GroupCombat.test.js" test file. It doesn't mean the error was thrown inside the file itself, but while it was running.

竡ｯ竡ｯ竡ｯ竡ｯ Unhandled Rejection 竡ｯ竡ｯ竡ｯ竡ｯ竡ｯ
TypeError: Goblin.assets.geometries.facePlane.translate is not a function
 笶ｯ Function.initAssets src/Goblin.ts:116:44
    114|         // Faces
    115|         Goblin.assets.geometries.facePlane = new THREE.PlaneGeometry(0窶ｦ
    116|         Goblin.assets.geometries.facePlane.translate(0, 0, 0.102); // 窶ｦ
       |                                            ^
    117| 
    118|         Goblin.assets.textures.face = Goblin.createFaceTexture();

This error originated in "src/tests/GroupCombat.test.js" test file. It doesn't mean the error was thrown inside the file itself, but while it was running.

竡ｯ竡ｯ竡ｯ竡ｯ Unhandled Rejection 竡ｯ竡ｯ竡ｯ竡ｯ竡ｯ
TypeError: Goblin.assets.geometries.facePlane.translate is not a function
 笶ｯ Function.initAssets src/Goblin.ts:116:44
    114|         // Faces
    115|         Goblin.assets.geometries.facePlane = new THREE.PlaneGeometry(0窶ｦ
    116|         Goblin.assets.geometries.facePlane.translate(0, 0, 0.102); // 窶ｦ
       |                                            ^
    117| 
    118|         Goblin.assets.textures.face = Goblin.createFaceTexture();

This error originated in "src/tests/CombatStuck.test.js" test file. It doesn't mean the error was thrown inside the file itself, but while it was running.
The latest test that might've caused the error is "should Handle Async Pathfinding Errors gracefully (prevent stuck state)". It might mean one of the following:
- The error was thrown, while Vitest was running this test.
- If the error occurred after the test had been completed, this was the last documented test before it was thrown.

竡ｯ竡ｯ竡ｯ竡ｯ Unhandled Rejection 竡ｯ竡ｯ竡ｯ竡ｯ竡ｯ
TypeError: Goblin.assets.geometries.facePlane.translate is not a function
 笶ｯ Function.initAssets src/Goblin.ts:116:44
    114|         // Faces
    115|         Goblin.assets.geometries.facePlane = new THREE.PlaneGeometry(0窶ｦ
    116|         Goblin.assets.geometries.facePlane.translate(0, 0, 0.102); // 窶ｦ
       |                                            ^
    117| 
    118|         Goblin.assets.textures.face = Goblin.createFaceTexture();

This error originated in "src/tests/CombatStuck.test.js" test file. It doesn't mean the error was thrown inside the file itself, but while it was running.
The latest test that might've caused the error is "should Handle Async Pathfinding Errors gracefully (prevent stuck state)". It might mean one of the following:
- The error was thrown, while Vitest was running this test.
- If the error occurred after the test had been completed, this was the last documented test before it was thrown.

竡ｯ竡ｯ竡ｯ竡ｯ Unhandled Rejection 竡ｯ竡ｯ竡ｯ竡ｯ竡ｯ
TypeError: Goblin.assets.geometries.facePlane.translate is not a function
 笶ｯ Function.initAssets src/Goblin.ts:116:44
    114|         // Faces
    115|         Goblin.assets.geometries.facePlane = new THREE.PlaneGeometry(0窶ｦ
    116|         Goblin.assets.geometries.facePlane.translate(0, 0, 0.102); // 窶ｦ
       |                                            ^
    117| 
    118|         Goblin.assets.textures.face = Goblin.createFaceTexture();

This error originated in "src/tests/CombatStuck.test.js" test file. It doesn't mean the error was thrown inside the file itself, but while it was running.
The latest test that might've caused the error is "should Handle Async Pathfinding Errors gracefully (prevent stuck state)". It might mean one of the following:
- The error was thrown, while Vitest was running this test.
- If the error occurred after the test had been completed, this was the last documented test before it was thrown.

竡ｯ竡ｯ竡ｯ竡ｯ Unhandled Rejection 竡ｯ竡ｯ竡ｯ竡ｯ竡ｯ
TypeError: Goblin.assets.geometries.facePlane.translate is not a function
 笶ｯ Function.initAssets src/Goblin.ts:116:44
    114|         // Faces
    115|         Goblin.assets.geometries.facePlane = new THREE.PlaneGeometry(0窶ｦ
    116|         Goblin.assets.geometries.facePlane.translate(0, 0, 0.102); // 窶ｦ
       |                                            ^
    117| 
    118|         Goblin.assets.textures.face = Goblin.createFaceTexture();

This error originated in "src/tests/CombatStuck.test.js" test file. It doesn't mean the error was thrown inside the file itself, but while it was running.
The latest test that might've caused the error is "should Handle Async Pathfinding Errors gracefully (prevent stuck state)". It might mean one of the following:
- The error was thrown, while Vitest was running this test.
- If the error occurred after the test had been completed, this was the last documented test before it was thrown.

竡ｯ竡ｯ竡ｯ竡ｯ Unhandled Rejection 竡ｯ竡ｯ竡ｯ竡ｯ竡ｯ
TypeError: Goblin.assets.geometries.facePlane.translate is not a function
 笶ｯ Function.initAssets src/Goblin.ts:116:44
    114|         // Faces
    115|         Goblin.assets.geometries.facePlane = new THREE.PlaneGeometry(0窶ｦ
    116|         Goblin.assets.geometries.facePlane.translate(0, 0, 0.102); // 窶ｦ
       |                                            ^
    117| 
    118|         Goblin.assets.textures.face = Goblin.createFaceTexture();

This error originated in "src/tests/RequestLifecycle.test.js" test file. It doesn't mean the error was thrown inside the file itself, but while it was running.

竡ｯ竡ｯ竡ｯ竡ｯ Unhandled Rejection 竡ｯ竡ｯ竡ｯ竡ｯ竡ｯ
TypeError: Goblin.assets.geometries.facePlane.translate is not a function
 笶ｯ Function.initAssets src/Goblin.ts:116:44
    114|         // Faces
    115|         Goblin.assets.geometries.facePlane = new THREE.PlaneGeometry(0窶ｦ
    116|         Goblin.assets.geometries.facePlane.translate(0, 0, 0.102); // 窶ｦ
       |                                            ^
    117| 
    118|         Goblin.assets.textures.face = Goblin.createFaceTexture();

This error originated in "src/tests/RequestLifecycle.test.js" test file. It doesn't mean the error was thrown inside the file itself, but while it was running.

竡ｯ竡ｯ竡ｯ竡ｯ Unhandled Rejection 竡ｯ竡ｯ竡ｯ竡ｯ竡ｯ
TypeError: Goblin.assets.geometries.facePlane.translate is not a function
 笶ｯ Function.initAssets src/Goblin.ts:116:44
    114|         // Faces
    115|         Goblin.assets.geometries.facePlane = new THREE.PlaneGeometry(0窶ｦ
    116|         Goblin.assets.geometries.facePlane.translate(0, 0, 0.102); // 窶ｦ
       |                                            ^
    117| 
    118|         Goblin.assets.textures.face = Goblin.createFaceTexture();

This error originated in "src/tests/RequestLifecycle.test.js" test file. It doesn't mean the error was thrown inside the file itself, but while it was running.

竡ｯ竡ｯ竡ｯ竡ｯ Unhandled Rejection 竡ｯ竡ｯ竡ｯ竡ｯ竡ｯ
TypeError: Goblin.assets.geometries.facePlane.translate is not a function
 笶ｯ Function.initAssets src/Goblin.ts:116:44
    114|         // Faces
    115|         Goblin.assets.geometries.facePlane = new THREE.PlaneGeometry(0窶ｦ
    116|         Goblin.assets.geometries.facePlane.translate(0, 0, 0.102); // 窶ｦ
       |                                            ^
    117| 
    118|         Goblin.assets.textures.face = Goblin.createFaceTexture();

This error originated in "src/tests/RequestLifecycle.test.js" test file. It doesn't mean the error was thrown inside the file itself, but while it was running.

竡ｯ竡ｯ竡ｯ竡ｯ Unhandled Rejection 竡ｯ竡ｯ竡ｯ竡ｯ竡ｯ
TypeError: Goblin.assets.geometries.facePlane.translate is not a function
 笶ｯ Function.initAssets src/Goblin.ts:116:44
    114|         // Faces
    115|         Goblin.assets.geometries.facePlane = new THREE.PlaneGeometry(0窶ｦ
    116|         Goblin.assets.geometries.facePlane.translate(0, 0, 0.102); // 窶ｦ
       |                                            ^
    117| 
    118|         Goblin.assets.textures.face = Goblin.createFaceTexture();

This error originated in "src/tests/RequestLifecycle.test.js" test file. It doesn't mean the error was thrown inside the file itself, but while it was running.

竡ｯ竡ｯ竡ｯ竡ｯ Unhandled Rejection 竡ｯ竡ｯ竡ｯ竡ｯ竡ｯ
TypeError: Goblin.assets.geometries.facePlane.translate is not a function
 笶ｯ Function.initAssets src/Goblin.ts:116:44
    114|         // Faces
    115|         Goblin.assets.geometries.facePlane = new THREE.PlaneGeometry(0窶ｦ
    116|         Goblin.assets.geometries.facePlane.translate(0, 0, 0.102); // 窶ｦ
       |                                            ^
    117| 
    118|         Goblin.assets.textures.face = Goblin.createFaceTexture();

This error originated in "src/tests/GoblinRaidThreshold.test.js" test file. It doesn't mean the error was thrown inside the file itself, but while it was running.

竡ｯ竡ｯ竡ｯ竡ｯ Unhandled Rejection 竡ｯ竡ｯ竡ｯ竡ｯ竡ｯ
TypeError: Goblin.assets.geometries.facePlane.translate is not a function
 笶ｯ Function.initAssets src/Goblin.ts:116:44
    114|         // Faces
    115|         Goblin.assets.geometries.facePlane = new THREE.PlaneGeometry(0窶ｦ
    116|         Goblin.assets.geometries.facePlane.translate(0, 0, 0.102); // 窶ｦ
       |                                            ^
    117| 
    118|         Goblin.assets.textures.face = Goblin.createFaceTexture();

This error originated in "src/tests/GoblinRaidThreshold.test.js" test file. It doesn't mean the error was thrown inside the file itself, but while it was running.

竡ｯ竡ｯ竡ｯ竡ｯ Unhandled Rejection 竡ｯ竡ｯ竡ｯ竡ｯ竡ｯ
TypeError: Goblin.assets.geometries.facePlane.translate is not a function
 笶ｯ Function.initAssets src/Goblin.ts:116:44
    114|         // Faces
    115|         Goblin.assets.geometries.facePlane = new THREE.PlaneGeometry(0窶ｦ
    116|         Goblin.assets.geometries.facePlane.translate(0, 0, 0.102); // 窶ｦ
       |                                            ^
    117| 
    118|         Goblin.assets.textures.face = Goblin.createFaceTexture();

This error originated in "src/tests/GoblinRaidThreshold.test.js" test file. It doesn't mean the error was thrown inside the file itself, but while it was running.

竡ｯ竡ｯ竡ｯ竡ｯ Unhandled Rejection 竡ｯ竡ｯ竡ｯ竡ｯ竡ｯ
TypeError: Goblin.assets.geometries.facePlane.translate is not a function
 笶ｯ Function.initAssets src/Goblin.ts:116:44
    114|         // Faces
    115|         Goblin.assets.geometries.facePlane = new THREE.PlaneGeometry(0窶ｦ
    116|         Goblin.assets.geometries.facePlane.translate(0, 0, 0.102); // 窶ｦ
       |                                            ^
    117| 
    118|         Goblin.assets.textures.face = Goblin.createFaceTexture();

This error originated in "src/tests/GoblinRaidThreshold.test.js" test file. It doesn't mean the error was thrown inside the file itself, but while it was running.

竡ｯ竡ｯ竡ｯ竡ｯ Unhandled Rejection 竡ｯ竡ｯ竡ｯ竡ｯ竡ｯ
TypeError: Goblin.assets.geometries.facePlane.translate is not a function
 笶ｯ Function.initAssets src/Goblin.ts:116:44
    114|         // Faces
    115|         Goblin.assets.geometries.facePlane = new THREE.PlaneGeometry(0窶ｦ
    116|         Goblin.assets.geometries.facePlane.translate(0, 0, 0.102); // 窶ｦ
       |                                            ^
    117| 
    118|         Goblin.assets.textures.face = Goblin.createFaceTexture();

This error originated in "src/tests/GoblinRaidThreshold.test.js" test file. It doesn't mean the error was thrown inside the file itself, but while it was running.

竡ｯ竡ｯ竡ｯ竡ｯ Unhandled Rejection 竡ｯ竡ｯ竡ｯ竡ｯ竡ｯ
TypeError: Goblin.assets.geometries.facePlane.translate is not a function
 笶ｯ Function.initAssets src/Goblin.ts:116:44
    114|         // Faces
    115|         Goblin.assets.geometries.facePlane = new THREE.PlaneGeometry(0窶ｦ
    116|         Goblin.assets.geometries.facePlane.translate(0, 0, 0.102); // 窶ｦ
       |                                            ^
    117| 
    118|         Goblin.assets.textures.face = Goblin.createFaceTexture();

This error originated in "src/tests/CounterBalance.test.js" test file. It doesn't mean the error was thrown inside the file itself, but while it was running.

竡ｯ竡ｯ竡ｯ竡ｯ Unhandled Rejection 竡ｯ竡ｯ竡ｯ竡ｯ竡ｯ
TypeError: Goblin.assets.geometries.facePlane.translate is not a function
 笶ｯ Function.initAssets src/Goblin.ts:116:44
    114|         // Faces
    115|         Goblin.assets.geometries.facePlane = new THREE.PlaneGeometry(0窶ｦ
    116|         Goblin.assets.geometries.facePlane.translate(0, 0, 0.102); // 窶ｦ
       |                                            ^
    117| 
    118|         Goblin.assets.textures.face = Goblin.createFaceTexture();

This error originated in "src/tests/CounterBalance.test.js" test file. It doesn't mean the error was thrown inside the file itself, but while it was running.

竡ｯ竡ｯ竡ｯ竡ｯ Unhandled Rejection 竡ｯ竡ｯ竡ｯ竡ｯ竡ｯ
TypeError: Goblin.assets.geometries.facePlane.translate is not a function
 笶ｯ Function.initAssets src/Goblin.ts:116:44
    114|         // Faces
    115|         Goblin.assets.geometries.facePlane = new THREE.PlaneGeometry(0窶ｦ
    116|         Goblin.assets.geometries.facePlane.translate(0, 0, 0.102); // 窶ｦ
       |                                            ^
    117| 
    118|         Goblin.assets.textures.face = Goblin.createFaceTexture();

This error originated in "src/tests/CounterBalance.test.js" test file. It doesn't mean the error was thrown inside the file itself, but while it was running.

竡ｯ竡ｯ竡ｯ竡ｯ Unhandled Rejection 竡ｯ竡ｯ竡ｯ竡ｯ竡ｯ
TypeError: Goblin.assets.geometries.facePlane.translate is not a function
 笶ｯ Function.initAssets src/Goblin.ts:116:44
    114|         // Faces
    115|         Goblin.assets.geometries.facePlane = new THREE.PlaneGeometry(0窶ｦ
    116|         Goblin.assets.geometries.facePlane.translate(0, 0, 0.102); // 窶ｦ
       |                                            ^
    117| 
    118|         Goblin.assets.textures.face = Goblin.createFaceTexture();

This error originated in "src/tests/CounterBalance.test.js" test file. It doesn't mean the error was thrown inside the file itself, but while it was running.

竡ｯ竡ｯ竡ｯ竡ｯ Unhandled Rejection 竡ｯ竡ｯ竡ｯ竡ｯ竡ｯ
TypeError: Goblin.assets.geometries.facePlane.translate is not a function
 笶ｯ Function.initAssets src/Goblin.ts:116:44
    114|         // Faces
    115|         Goblin.assets.geometries.facePlane = new THREE.PlaneGeometry(0窶ｦ
    116|         Goblin.assets.geometries.facePlane.translate(0, 0, 0.102); // 窶ｦ
       |                                            ^
    117| 
    118|         Goblin.assets.textures.face = Goblin.createFaceTexture();

This error originated in "src/tests/CounterBalance.test.js" test file. It doesn't mean the error was thrown inside the file itself, but while it was running.

竡ｯ竡ｯ竡ｯ竡ｯ Unhandled Rejection 竡ｯ竡ｯ竡ｯ竡ｯ竡ｯ
TypeError: Goblin.assets.geometries.facePlane.translate is not a function
 笶ｯ Function.initAssets src/Goblin.ts:116:44
    114|         // Faces
    115|         Goblin.assets.geometries.facePlane = new THREE.PlaneGeometry(0窶ｦ
    116|         Goblin.assets.geometries.facePlane.translate(0, 0, 0.102); // 窶ｦ
       |                                            ^
    117| 
    118|         Goblin.assets.textures.face = Goblin.createFaceTexture();

This error originated in "src/tests/CounterBalance.test.js" test file. It doesn't mean the error was thrown inside the file itself, but while it was running.

竡ｯ竡ｯ竡ｯ竡ｯ Unhandled Rejection 竡ｯ竡ｯ竡ｯ竡ｯ竡ｯ
TypeError: Goblin.assets.geometries.facePlane.translate is not a function
 笶ｯ Function.initAssets src/Goblin.ts:116:44
    114|         // Faces
    115|         Goblin.assets.geometries.facePlane = new THREE.PlaneGeometry(0窶ｦ
    116|         Goblin.assets.geometries.facePlane.translate(0, 0, 0.102); // 窶ｦ
       |                                            ^
    117| 
    118|         Goblin.assets.textures.face = Goblin.createFaceTexture();

This error originated in "src/tests/CounterBalance.test.js" test file. It doesn't mean the error was thrown inside the file itself, but while it was running.

竡ｯ竡ｯ竡ｯ竡ｯ Unhandled Rejection 竡ｯ竡ｯ竡ｯ竡ｯ竡ｯ
TypeError: Goblin.assets.geometries.facePlane.translate is not a function
 笶ｯ Function.initAssets src/Goblin.ts:116:44
    114|         // Faces
    115|         Goblin.assets.geometries.facePlane = new THREE.PlaneGeometry(0窶ｦ
    116|         Goblin.assets.geometries.facePlane.translate(0, 0, 0.102); // 窶ｦ
       |                                            ^
    117| 
    118|         Goblin.assets.textures.face = Goblin.createFaceTexture();

This error originated in "src/tests/CounterBalance.test.js" test file. It doesn't mean the error was thrown inside the file itself, but while it was running.

竡ｯ竡ｯ竡ｯ竡ｯ Unhandled Rejection 竡ｯ竡ｯ竡ｯ竡ｯ竡ｯ
TypeError: Goblin.assets.geometries.facePlane.translate is not a function
 笶ｯ Function.initAssets src/Goblin.ts:116:44
    114|         // Faces
    115|         Goblin.assets.geometries.facePlane = new THREE.PlaneGeometry(0窶ｦ
    116|         Goblin.assets.geometries.facePlane.translate(0, 0, 0.102); // 窶ｦ
       |                                            ^
    117| 
    118|         Goblin.assets.textures.face = Goblin.createFaceTexture();

This error originated in "src/tests/RefuseDistraction.test.js" test file. It doesn't mean the error was thrown inside the file itself, but while it was running.

竡ｯ竡ｯ竡ｯ竡ｯ Unhandled Rejection 竡ｯ竡ｯ竡ｯ竡ｯ竡ｯ
TypeError: Goblin.assets.geometries.facePlane.translate is not a function
 笶ｯ Function.initAssets src/Goblin.ts:116:44
    114|         // Faces
    115|         Goblin.assets.geometries.facePlane = new THREE.PlaneGeometry(0窶ｦ
    116|         Goblin.assets.geometries.facePlane.translate(0, 0, 0.102); // 窶ｦ
       |                                            ^
    117| 
    118|         Goblin.assets.textures.face = Goblin.createFaceTexture();

This error originated in "src/tests/RefuseDistraction.test.js" test file. It doesn't mean the error was thrown inside the file itself, but while it was running.

竡ｯ竡ｯ竡ｯ竡ｯ Unhandled Rejection 竡ｯ竡ｯ竡ｯ竡ｯ竡ｯ
TypeError: Goblin.assets.geometries.facePlane.translate is not a function
 笶ｯ Function.initAssets src/Goblin.ts:116:44
    114|         // Faces
    115|         Goblin.assets.geometries.facePlane = new THREE.PlaneGeometry(0窶ｦ
    116|         Goblin.assets.geometries.facePlane.translate(0, 0, 0.102); // 窶ｦ
       |                                            ^
    117| 
    118|         Goblin.assets.textures.face = Goblin.createFaceTexture();

This error originated in "src/tests/RefuseDistraction.test.js" test file. It doesn't mean the error was thrown inside the file itself, but while it was running.

竡ｯ竡ｯ竡ｯ竡ｯ Unhandled Rejection 竡ｯ竡ｯ竡ｯ竡ｯ竡ｯ
TypeError: Goblin.assets.geometries.facePlane.translate is not a function
 笶ｯ Function.initAssets src/Goblin.ts:116:44
    114|         // Faces
    115|         Goblin.assets.geometries.facePlane = new THREE.PlaneGeometry(0窶ｦ
    116|         Goblin.assets.geometries.facePlane.translate(0, 0, 0.102); // 窶ｦ
       |                                            ^
    117| 
    118|         Goblin.assets.textures.face = Goblin.createFaceTexture();

This error originated in "src/tests/GoblinRaidExpiry.test.js" test file. It doesn't mean the error was thrown inside the file itself, but while it was running.

竡ｯ竡ｯ竡ｯ竡ｯ Unhandled Rejection 竡ｯ竡ｯ竡ｯ竡ｯ竡ｯ
TypeError: Goblin.assets.geometries.facePlane.translate is not a function
 笶ｯ Function.initAssets src/Goblin.ts:116:44
    114|         // Faces
    115|         Goblin.assets.geometries.facePlane = new THREE.PlaneGeometry(0窶ｦ
    116|         Goblin.assets.geometries.facePlane.translate(0, 0, 0.102); // 窶ｦ
       |                                            ^
    117| 
    118|         Goblin.assets.textures.face = Goblin.createFaceTexture();

This error originated in "src/tests/GoblinRaidExpiry.test.js" test file. It doesn't mean the error was thrown inside the file itself, but while it was running.

竡ｯ竡ｯ竡ｯ竡ｯ Unhandled Rejection 竡ｯ竡ｯ竡ｯ竡ｯ竡ｯ
TypeError: Goblin.assets.geometries.facePlane.translate is not a function
 笶ｯ Function.initAssets src/Goblin.ts:116:44
    114|         // Faces
    115|         Goblin.assets.geometries.facePlane = new THREE.PlaneGeometry(0窶ｦ
    116|         Goblin.assets.geometries.facePlane.translate(0, 0, 0.102); // 窶ｦ
       |                                            ^
    117| 
    118|         Goblin.assets.textures.face = Goblin.createFaceTexture();

This error originated in "src/tests/GoblinRaidExpiry.test.js" test file. It doesn't mean the error was thrown inside the file itself, but while it was running.

竡ｯ竡ｯ竡ｯ竡ｯ Unhandled Rejection 竡ｯ竡ｯ竡ｯ竡ｯ竡ｯ
TypeError: Goblin.assets.geometries.facePlane.translate is not a function
 笶ｯ Function.initAssets src/Goblin.ts:116:44
    114|         // Faces
    115|         Goblin.assets.geometries.facePlane = new THREE.PlaneGeometry(0窶ｦ
    116|         Goblin.assets.geometries.facePlane.translate(0, 0, 0.102); // 窶ｦ
       |                                            ^
    117| 
    118|         Goblin.assets.textures.face = Goblin.createFaceTexture();

This error originated in "src/tests/GoblinRaidExpiry.test.js" test file. It doesn't mean the error was thrown inside the file itself, but while it was running.

竡ｯ竡ｯ竡ｯ竡ｯ Unhandled Rejection 竡ｯ竡ｯ竡ｯ竡ｯ竡ｯ
TypeError: Goblin.assets.geometries.facePlane.translate is not a function
 笶ｯ Function.initAssets src/Goblin.ts:116:44
    114|         // Faces
    115|         Goblin.assets.geometries.facePlane = new THREE.PlaneGeometry(0窶ｦ
    116|         Goblin.assets.geometries.facePlane.translate(0, 0, 0.102); // 窶ｦ
       |                                            ^
    117| 
    118|         Goblin.assets.textures.face = Goblin.createFaceTexture();

This error originated in "src/tests/GoblinRaidExpiry.test.js" test file. It doesn't mean the error was thrown inside the file itself, but while it was running.

竡ｯ竡ｯ竡ｯ竡ｯ Unhandled Rejection 竡ｯ竡ｯ竡ｯ竡ｯ竡ｯ
TypeError: Goblin.assets.geometries.facePlane.translate is not a function
 笶ｯ Function.initAssets src/Goblin.ts:116:44
    114|         // Faces
    115|         Goblin.assets.geometries.facePlane = new THREE.PlaneGeometry(0窶ｦ
    116|         Goblin.assets.geometries.facePlane.translate(0, 0, 0.102); // 窶ｦ
       |                                            ^
    117| 
    118|         Goblin.assets.textures.face = Goblin.createFaceTexture();

This error originated in "src/tests/GoblinRaidExpiry.test.js" test file. It doesn't mean the error was thrown inside the file itself, but while it was running.

竡ｯ竡ｯ竡ｯ竡ｯ Unhandled Rejection 竡ｯ竡ｯ竡ｯ竡ｯ竡ｯ
TypeError: Goblin.assets.geometries.facePlane.translate is not a function
 笶ｯ Function.initAssets src/Goblin.ts:116:44
    114|         // Faces
    115|         Goblin.assets.geometries.facePlane = new THREE.PlaneGeometry(0窶ｦ
    116|         Goblin.assets.geometries.facePlane.translate(0, 0, 0.102); // 窶ｦ
       |                                            ^
    117| 
    118|         Goblin.assets.textures.face = Goblin.createFaceTexture();

This error originated in "src/tests/AIUnification.test.js" test file. It doesn't mean the error was thrown inside the file itself, but while it was running.

竡ｯ竡ｯ竡ｯ竡ｯ Unhandled Rejection 竡ｯ竡ｯ竡ｯ竡ｯ竡ｯ
TypeError: Goblin.assets.geometries.facePlane.translate is not a function
 笶ｯ Function.initAssets src/Goblin.ts:116:44
    114|         // Faces
    115|         Goblin.assets.geometries.facePlane = new THREE.PlaneGeometry(0窶ｦ
    116|         Goblin.assets.geometries.facePlane.translate(0, 0, 0.102); // 窶ｦ
       |                                            ^
    117| 
    118|         Goblin.assets.textures.face = Goblin.createFaceTexture();

This error originated in "src/tests/AIUnification.test.js" test file. It doesn't mean the error was thrown inside the file itself, but while it was running.

竡ｯ竡ｯ竡ｯ竡ｯ Unhandled Rejection 竡ｯ竡ｯ竡ｯ竡ｯ竡ｯ
TypeError: Goblin.assets.geometries.facePlane.translate is not a function
 笶ｯ Function.initAssets src/Goblin.ts:116:44
    114|         // Faces
    115|         Goblin.assets.geometries.facePlane = new THREE.PlaneGeometry(0窶ｦ
    116|         Goblin.assets.geometries.facePlane.translate(0, 0, 0.102); // 窶ｦ
       |                                            ^
    117| 
    118|         Goblin.assets.textures.face = Goblin.createFaceTexture();

This error originated in "src/tests/EncounterCombat.test.js" test file. It doesn't mean the error was thrown inside the file itself, but while it was running.

竡ｯ竡ｯ竡ｯ竡ｯ Unhandled Rejection 竡ｯ竡ｯ竡ｯ竡ｯ竡ｯ
TypeError: Goblin.assets.geometries.facePlane.translate is not a function
 笶ｯ Function.initAssets src/Goblin.ts:116:44
    114|         // Faces
    115|         Goblin.assets.geometries.facePlane = new THREE.PlaneGeometry(0窶ｦ
    116|         Goblin.assets.geometries.facePlane.translate(0, 0, 0.102); // 窶ｦ
       |                                            ^
    117| 
    118|         Goblin.assets.textures.face = Goblin.createFaceTexture();

This error originated in "src/tests/EncounterCombat.test.js" test file. It doesn't mean the error was thrown inside the file itself, but while it was running.

竡ｯ竡ｯ竡ｯ竡ｯ Unhandled Rejection 竡ｯ竡ｯ竡ｯ竡ｯ竡ｯ
TypeError: Goblin.assets.geometries.facePlane.translate is not a function
 笶ｯ Function.initAssets src/Goblin.ts:116:44
    114|         // Faces
    115|         Goblin.assets.geometries.facePlane = new THREE.PlaneGeometry(0窶ｦ
    116|         Goblin.assets.geometries.facePlane.translate(0, 0, 0.102); // 窶ｦ
       |                                            ^
    117| 
    118|         Goblin.assets.textures.face = Goblin.createFaceTexture();

This error originated in "src/tests/CombatRetaliation.test.js" test file. It doesn't mean the error was thrown inside the file itself, but while it was running.

竡ｯ竡ｯ竡ｯ竡ｯ Unhandled Rejection 竡ｯ竡ｯ竡ｯ竡ｯ竡ｯ
TypeError: Goblin.assets.geometries.facePlane.translate is not a function
 笶ｯ Function.initAssets src/Goblin.ts:116:44
    114|         // Faces
    115|         Goblin.assets.geometries.facePlane = new THREE.PlaneGeometry(0窶ｦ
    116|         Goblin.assets.geometries.facePlane.translate(0, 0, 0.102); // 窶ｦ
       |                                            ^
    117| 
    118|         Goblin.assets.textures.face = Goblin.createFaceTexture();

This error originated in "src/tests/CombatRetaliation.test.js" test file. It doesn't mean the error was thrown inside the file itself, but while it was running.

竡ｯ竡ｯ竡ｯ竡ｯ Unhandled Rejection 竡ｯ竡ｯ竡ｯ竡ｯ竡ｯ
TypeError: Goblin.assets.geometries.facePlane.translate is not a function
 笶ｯ Function.initAssets src/Goblin.ts:116:44
    114|         // Faces
    115|         Goblin.assets.geometries.facePlane = new THREE.PlaneGeometry(0窶ｦ
    116|         Goblin.assets.geometries.facePlane.translate(0, 0, 0.102); // 窶ｦ
       |                                            ^
    117| 
    118|         Goblin.assets.textures.face = Goblin.createFaceTexture();

This error originated in "src/tests/GoblinAggression.test.js" test file. It doesn't mean the error was thrown inside the file itself, but while it was running.
The latest test that might've caused the error is "should find target, chase, and attack". It might mean one of the following:
- The error was thrown, while Vitest was running this test.
- If the error occurred after the test had been completed, this was the last documented test before it was thrown.

竡ｯ竡ｯ竡ｯ竡ｯ Unhandled Rejection 竡ｯ竡ｯ竡ｯ竡ｯ竡ｯ
TypeError: Goblin.assets.geometries.facePlane.translate is not a function
 笶ｯ Function.initAssets src/Goblin.ts:116:44
    114|         // Faces
    115|         Goblin.assets.geometries.facePlane = new THREE.PlaneGeometry(0窶ｦ
    116|         Goblin.assets.geometries.facePlane.translate(0, 0, 0.102); // 窶ｦ
       |                                            ^
    117| 
    118|         Goblin.assets.textures.face = Goblin.createFaceTexture();

This error originated in "src/tests/GoblinStuckness.test.js" test file. It doesn't mean the error was thrown inside the file itself, but while it was running.

竡ｯ竡ｯ竡ｯ竡ｯ Unhandled Rejection 竡ｯ竡ｯ竡ｯ竡ｯ竡ｯ
TypeError: Goblin.assets.geometries.facePlane.translate is not a function
 笶ｯ Function.initAssets src/Goblin.ts:116:44
    114|         // Faces
    115|         Goblin.assets.geometries.facePlane = new THREE.PlaneGeometry(0窶ｦ
    116|         Goblin.assets.geometries.facePlane.translate(0, 0, 0.102); // 窶ｦ
       |                                            ^
    117| 
    118|         Goblin.assets.textures.face = Goblin.createFaceTexture();

This error originated in "src/tests/GoblinStuckness.test.js" test file. It doesn't mean the error was thrown inside the file itself, but while it was running.

竡ｯ竡ｯ竡ｯ竡ｯ Unhandled Rejection 竡ｯ竡ｯ竡ｯ竡ｯ竡ｯ
TypeError: Goblin.assets.geometries.facePlane.translate is not a function
 笶ｯ Function.initAssets src/Goblin.ts:116:44
    114|         // Faces
    115|         Goblin.assets.geometries.facePlane = new THREE.PlaneGeometry(0窶ｦ
    116|         Goblin.assets.geometries.facePlane.translate(0, 0, 0.102); // 窶ｦ
       |                                            ^
    117| 
    118|         Goblin.assets.textures.face = Goblin.createFaceTexture();

This error originated in "src/tests/GoblinStuckness.test.js" test file. It doesn't mean the error was thrown inside the file itself, but while it was running.

竡ｯ竡ｯ竡ｯ竡ｯ Unhandled Rejection 竡ｯ竡ｯ竡ｯ竡ｯ竡ｯ
TypeError: Goblin.assets.geometries.facePlane.translate is not a function
 笶ｯ Function.initAssets src/Goblin.ts:116:44
    114|         // Faces
    115|         Goblin.assets.geometries.facePlane = new THREE.PlaneGeometry(0窶ｦ
    116|         Goblin.assets.geometries.facePlane.translate(0, 0, 0.102); // 窶ｦ
       |                                            ^
    117| 
    118|         Goblin.assets.textures.face = Goblin.createFaceTexture();

This error originated in "src/tests/CombatStability.test.js" test file. It doesn't mean the error was thrown inside the file itself, but while it was running.

竡ｯ竡ｯ竡ｯ竡ｯ Unhandled Rejection 竡ｯ竡ｯ竡ｯ竡ｯ竡ｯ
TypeError: Goblin.assets.geometries.facePlane.translate is not a function
 笶ｯ Function.initAssets src/Goblin.ts:116:44
    114|         // Faces
    115|         Goblin.assets.geometries.facePlane = new THREE.PlaneGeometry(0窶ｦ
    116|         Goblin.assets.geometries.facePlane.translate(0, 0, 0.102); // 窶ｦ
       |                                            ^
    117| 
    118|         Goblin.assets.textures.face = Goblin.createFaceTexture();

This error originated in "src/tests/CombatStability.test.js" test file. It doesn't mean the error was thrown inside the file itself, but while it was running.

竡ｯ竡ｯ竡ｯ竡ｯ Unhandled Rejection 竡ｯ竡ｯ竡ｯ竡ｯ竡ｯ
TypeError: Goblin.assets.geometries.facePlane.translate is not a function
 笶ｯ Function.initAssets src/Goblin.ts:116:44
    114|         // Faces
    115|         Goblin.assets.geometries.facePlane = new THREE.PlaneGeometry(0窶ｦ
    116|         Goblin.assets.geometries.facePlane.translate(0, 0, 0.102); // 窶ｦ
       |                                            ^
    117| 
    118|         Goblin.assets.textures.face = Goblin.createFaceTexture();

This error originated in "src/tests/CombatStability.test.js" test file. It doesn't mean the error was thrown inside the file itself, but while it was running.

竡ｯ竡ｯ竡ｯ竡ｯ Unhandled Rejection 竡ｯ竡ｯ竡ｯ竡ｯ竡ｯ
TypeError: Goblin.assets.geometries.facePlane.translate is not a function
 笶ｯ Function.initAssets src/Goblin.ts:116:44
    114|         // Faces
    115|         Goblin.assets.geometries.facePlane = new THREE.PlaneGeometry(0窶ｦ
    116|         Goblin.assets.geometries.facePlane.translate(0, 0, 0.102); // 窶ｦ
       |                                            ^
    117| 
    118|         Goblin.assets.textures.face = Goblin.createFaceTexture();

This error originated in "src/tests/CombatStability.test.js" test file. It doesn't mean the error was thrown inside the file itself, but while it was running.

竡ｯ竡ｯ竡ｯ竡ｯ Unhandled Rejection 竡ｯ竡ｯ竡ｯ竡ｯ竡ｯ
TypeError: Goblin.assets.geometries.facePlane.translate is not a function
 笶ｯ Function.initAssets src/Goblin.ts:116:44
    114|         // Faces
    115|         Goblin.assets.geometries.facePlane = new THREE.PlaneGeometry(0窶ｦ
    116|         Goblin.assets.geometries.facePlane.translate(0, 0, 0.102); // 窶ｦ
       |                                            ^
    117| 
    118|         Goblin.assets.textures.face = Goblin.createFaceTexture();

This error originated in "src/tests/CombatStability.test.js" test file. It doesn't mean the error was thrown inside the file itself, but while it was running.

竡ｯ竡ｯ竡ｯ竡ｯ Unhandled Rejection 竡ｯ竡ｯ竡ｯ竡ｯ竡ｯ
TypeError: Goblin.assets.geometries.facePlane.translate is not a function
 笶ｯ Function.initAssets src/Goblin.ts:116:44
    114|         // Faces
    115|         Goblin.assets.geometries.facePlane = new THREE.PlaneGeometry(0窶ｦ
    116|         Goblin.assets.geometries.facePlane.translate(0, 0, 0.102); // 窶ｦ
       |                                            ^
    117| 
    118|         Goblin.assets.textures.face = Goblin.createFaceTexture();

This error originated in "src/tests/CombatStability.test.js" test file. It doesn't mean the error was thrown inside the file itself, but while it was running.

竡ｯ竡ｯ竡ｯ竡ｯ Unhandled Rejection 竡ｯ竡ｯ竡ｯ竡ｯ竡ｯ
TypeError: Goblin.assets.geometries.facePlane.translate is not a function
 笶ｯ Function.initAssets src/Goblin.ts:116:44
    114|         // Faces
    115|         Goblin.assets.geometries.facePlane = new THREE.PlaneGeometry(0窶ｦ
    116|         Goblin.assets.geometries.facePlane.translate(0, 0, 0.102); // 窶ｦ
       |                                            ^
    117| 
    118|         Goblin.assets.textures.face = Goblin.createFaceTexture();

This error originated in "src/tests/CombatStability.test.js" test file. It doesn't mean the error was thrown inside the file itself, but while it was running.

竡ｯ竡ｯ竡ｯ竡ｯ Unhandled Rejection 竡ｯ竡ｯ竡ｯ竡ｯ竡ｯ
TypeError: Goblin.assets.geometries.facePlane.translate is not a function
 笶ｯ Function.initAssets src/Goblin.ts:116:44
    114|         // Faces
    115|         Goblin.assets.geometries.facePlane = new THREE.PlaneGeometry(0窶ｦ
    116|         Goblin.assets.geometries.facePlane.translate(0, 0, 0.102); // 窶ｦ
       |                                            ^
    117| 
    118|         Goblin.assets.textures.face = Goblin.createFaceTexture();

This error originated in "src/tests/TerrainSpeed.test.js" test file. It doesn't mean the error was thrown inside the file itself, but while it was running.

竡ｯ竡ｯ竡ｯ竡ｯ Unhandled Rejection 竡ｯ竡ｯ竡ｯ竡ｯ竡ｯ
TypeError: Goblin.assets.geometries.facePlane.translate is not a function
 笶ｯ Function.initAssets src/Goblin.ts:116:44
    114|         // Faces
    115|         Goblin.assets.geometries.facePlane = new THREE.PlaneGeometry(0窶ｦ
    116|         Goblin.assets.geometries.facePlane.translate(0, 0, 0.102); // 窶ｦ
       |                                            ^
    117| 
    118|         Goblin.assets.textures.face = Goblin.createFaceTexture();

This error originated in "src/tests/TerrainSpeed.test.js" test file. It doesn't mean the error was thrown inside the file itself, but while it was running.

竡ｯ竡ｯ竡ｯ竡ｯ Unhandled Rejection 竡ｯ竡ｯ竡ｯ竡ｯ竡ｯ
TypeError: Goblin.assets.geometries.facePlane.translate is not a function
 笶ｯ Function.initAssets src/Goblin.ts:116:44
    114|         // Faces
    115|         Goblin.assets.geometries.facePlane = new THREE.PlaneGeometry(0窶ｦ
    116|         Goblin.assets.geometries.facePlane.translate(0, 0, 0.102); // 窶ｦ
       |                                            ^
    117| 
    118|         Goblin.assets.textures.face = Goblin.createFaceTexture();

This error originated in "src/tests/TerrainSpeed.test.js" test file. It doesn't mean the error was thrown inside the file itself, but while it was running.

竡ｯ竡ｯ竡ｯ竡ｯ Unhandled Rejection 竡ｯ竡ｯ竡ｯ竡ｯ竡ｯ
TypeError: Goblin.assets.geometries.facePlane.translate is not a function
 笶ｯ Function.initAssets src/Goblin.ts:116:44
    114|         // Faces
    115|         Goblin.assets.geometries.facePlane = new THREE.PlaneGeometry(0窶ｦ
    116|         Goblin.assets.geometries.facePlane.translate(0, 0, 0.102); // 窶ｦ
       |                                            ^
    117| 
    118|         Goblin.assets.textures.face = Goblin.createFaceTexture();

This error originated in "src/tests/TerrainSpeed.test.js" test file. It doesn't mean the error was thrown inside the file itself, but while it was running.

竡ｯ竡ｯ竡ｯ竡ｯ Unhandled Rejection 竡ｯ竡ｯ竡ｯ竡ｯ竡ｯ
TypeError: Goblin.assets.geometries.facePlane.translate is not a function
 笶ｯ Function.initAssets src/Goblin.ts:116:44
    114|         // Faces
    115|         Goblin.assets.geometries.facePlane = new THREE.PlaneGeometry(0窶ｦ
    116|         Goblin.assets.geometries.facePlane.translate(0, 0, 0.102); // 窶ｦ
       |                                            ^
    117| 
    118|         Goblin.assets.textures.face = Goblin.createFaceTexture();

This error originated in "src/tests/SlopeSpeed.test.js" test file. It doesn't mean the error was thrown inside the file itself, but while it was running.

竡ｯ竡ｯ竡ｯ竡ｯ Unhandled Rejection 竡ｯ竡ｯ竡ｯ竡ｯ竡ｯ
TypeError: Goblin.assets.geometries.facePlane.translate is not a function
 笶ｯ Function.initAssets src/Goblin.ts:116:44
    114|         // Faces
    115|         Goblin.assets.geometries.facePlane = new THREE.PlaneGeometry(0窶ｦ
    116|         Goblin.assets.geometries.facePlane.translate(0, 0, 0.102); // 窶ｦ
       |                                            ^
    117| 
    118|         Goblin.assets.textures.face = Goblin.createFaceTexture();

This error originated in "src/tests/GoblinDestruction.test.js" test file. It doesn't mean the error was thrown inside the file itself, but while it was running.

竡ｯ竡ｯ竡ｯ竡ｯ Unhandled Rejection 竡ｯ竡ｯ竡ｯ竡ｯ竡ｯ
TypeError: Goblin.assets.geometries.facePlane.translate is not a function
 笶ｯ Function.initAssets src/Goblin.ts:116:44
    114|         // Faces
    115|         Goblin.assets.geometries.facePlane = new THREE.PlaneGeometry(0窶ｦ
    116|         Goblin.assets.geometries.facePlane.translate(0, 0, 0.102); // 窶ｦ
       |                                            ^
    117| 
    118|         Goblin.assets.textures.face = Goblin.createFaceTexture();

This error originated in "src/tests/GoblinDestruction.test.js" test file. It doesn't mean the error was thrown inside the file itself, but while it was running.

竡ｯ竡ｯ竡ｯ竡ｯ Unhandled Rejection 竡ｯ竡ｯ竡ｯ竡ｯ竡ｯ
TypeError: Goblin.assets.geometries.facePlane.translate is not a function
 笶ｯ Function.initAssets src/Goblin.ts:116:44
    114|         // Faces
    115|         Goblin.assets.geometries.facePlane = new THREE.PlaneGeometry(0窶ｦ
    116|         Goblin.assets.geometries.facePlane.translate(0, 0, 0.102); // 窶ｦ
       |                                            ^
    117| 
    118|         Goblin.assets.textures.face = Goblin.createFaceTexture();

This error originated in "src/tests/GoblinDestruction.test.js" test file. It doesn't mean the error was thrown inside the file itself, but while it was running.

竡ｯ竡ｯ竡ｯ竡ｯ Unhandled Rejection 竡ｯ竡ｯ竡ｯ竡ｯ竡ｯ
TypeError: Goblin.assets.geometries.facePlane.translate is not a function
 笶ｯ Function.initAssets src/Goblin.ts:116:44
    114|         // Faces
    115|         Goblin.assets.geometries.facePlane = new THREE.PlaneGeometry(0窶ｦ
    116|         Goblin.assets.geometries.facePlane.translate(0, 0, 0.102); // 窶ｦ
       |                                            ^
    117| 
    118|         Goblin.assets.textures.face = Goblin.createFaceTexture();

This error originated in "src/tests/ManualJobFlicker.test.js" test file. It doesn't mean the error was thrown inside the file itself, but while it was running.
竡ｯ竡ｯ竡ｯ竡ｯ竡ｯ竡ｯ竡ｯ竡ｯ竡ｯ竡ｯ竡ｯ竡ｯ竡ｯ竡ｯ竡ｯ竡ｯ竡ｯ竡ｯ竡ｯ竡ｯ竡ｯ竡ｯ竡ｯ竡ｯ竡ｯ竡ｯ竡ｯ竡ｯ竡ｯ竡ｯ


[2m Test Files [22m [1m[31m38 failed[39m[22m[2m | [22m[1m[32m145 passed[39m[22m[90m (183)[39m
[2m      Tests [22m [1m[31m38 failed[39m[22m[2m | [22m[1m[32m446 passed[39m[22m[90m (484)[39m
[2m     Errors [22m [1m[31m262 errors[39m[22m
[2m   Start at [22m 11:49:43
[2m   Duration [22m 28.92s[2m (transform 11.08s, setup 12.42s, import 60.47s, tests 44.56s, environment 200.54s)[22m

